 OPOSCheckScanner

 Timestamp is 5defa8b5 (Tue Dec 10 23:16:21 2019)

 Preferred load address is 10000000

 Start         Length     Name                   Class
 0001:00000000 00000080H .text$di                CODE
 0001:00000080 0001dee3H .text$mn                CODE
 0001:0001df63 00000036H .text$x                 CODE
 0001:0001df99 00000042H .text$yd                CODE
 0002:00000000 000002fcH .idata$5                DATA
 0002:000002fc 00000004H .00cfg                  DATA
 0002:00000300 00000004H .CRT$XCA                DATA
 0002:00000304 00000004H .CRT$XCL                DATA
 0002:00000308 00000010H .CRT$XCU                DATA
 0002:00000318 00000004H .CRT$XCZ                DATA
 0002:0000031c 00000004H .CRT$XIA                DATA
 0002:00000320 00000010H .CRT$XIC                DATA
 0002:00000330 00000004H .CRT$XIZ                DATA
 0002:00000334 00000004H .CRT$XLA                DATA
 0002:00000338 00000004H .CRT$XLZ                DATA
 0002:0000033c 00000004H .CRT$XPA                DATA
 0002:00000340 00000008H .CRT$XPX                DATA
 0002:00000348 00000004H .CRT$XPXA               DATA
 0002:0000034c 00000004H .CRT$XPZ                DATA
 0002:00000350 00000004H .CRT$XTA                DATA
 0002:00000354 0000000cH .CRT$XTZ                DATA
 0002:00000358 00000000H .gfids$y                DATA
 0002:00000360 0000709cH .rdata                  DATA
 0002:000073fc 00000018H .rdata$T                DATA
 0002:00007414 0000017cH .rdata$r                DATA
 0002:00007590 0000001cH .rdata$sxdata           DATA
 0002:000075ac 000003e0H .rdata$zzzdbg           DATA
 0002:0000798c 00000004H .rtc$IAA                DATA
 0002:00007990 00000004H .rtc$IZZ                DATA
 0002:00007994 00000004H .rtc$TAA                DATA
 0002:00007998 00000004H .rtc$TZZ                DATA
 0002:0000799c 00000004H .tls                    DATA
 0002:000079a0 00000004H .tls$                   DATA
 0002:000079a4 00000004H .tls$ZZZ                DATA
 0002:000079a8 0000060cH .xdata$x                DATA
 0002:00007fb4 00000004H ATL$__a                 DATA
 0002:00007fb8 00000008H ATL$__z                 DATA
 0002:00007fc0 000000b0H .edata                  DATA
 0002:00008070 00000078H .idata$2                DATA
 0002:000080e8 00000014H .idata$3                DATA
 0002:000080fc 000002fcH .idata$4                DATA
 0002:000083f8 00000bc8H .idata$6                DATA
 0003:00000000 00000ac0H .data                   DATA
 0003:00000ac0 00000098H .data$r                 DATA
 0003:00000b58 00000b80H .bss                    DATA
 0004:00000000 00000220H .rsrc$01                DATA
 0004:00000220 00005110H .rsrc$02                DATA

  Address         Publics by Value              Rva+Base       Lib:Object

 0000:00000000       ___guard_fids_count        00000000     <absolute>
 0000:00000000       ___guard_iat_count         00000000     <absolute>
 0000:00000000       ___hybrid_code_map_count   00000000     <absolute>
 0000:00000000       ___dynamic_value_reloc_table 00000000     <absolute>
 0000:00000000       ___guard_longjmp_count     00000000     <absolute>
 0000:00000000       __except_list              00000000     <absolute>
 0000:00000000       ___guard_fids_table        00000000     <absolute>
 0000:00000000       ___guard_longjmp_table     00000000     <absolute>
 0000:00000000       ___hybrid_auxiliary_iat    00000000     <absolute>
 0000:00000000       ___guard_iat_table         00000000     <absolute>
 0000:00000000       ___volatile_metadata       00000000     <absolute>
 0000:00000000       ___enclave_config          00000000     <absolute>
 0000:00000000       ___AbsoluteZero            00000000     <absolute>
 0000:00000000       ___hybrid_code_map         00000000     <absolute>
 0000:00000007       ___safe_se_handler_count   00000007     <absolute>
 0000:0000002c       __tls_array                0000002c     <absolute>
 0000:00000100       ___guard_flags             00000100     <absolute>
 0000:00000000       ___ImageBase               10000000     <linker-defined>
 0001:00000080       ?DupWide@_CW@@AAEXXZ       10001080 f   CWString.obj
 0001:0000009c       ?cw_dup@@YGXPBDAAHAAPA_W1@Z 1000109c f   CWString.obj
 0001:00000124       ?cw_memcpy@@YGHPA_WPBDH@Z  10001124 f   CWString.obj
 0001:00000150       ?cw_strcpy@@YAHPA_WPBD@Z   10001150 f   CWString.obj
 0001:00000163       ?cw_strlen@@YAHPBD@Z       10001163 f   CWString.obj
 0001:0000017c       ??0CAtlComModule@ATL@@QAE@XZ 1000117c f i OposVariant.obj
 0001:000001c1       ??0CAtlWinModule@ATL@@QAE@XZ 100011c1 f i OposVariant.obj
 0001:000001f8       ??0OposDispParms@@QAE@PAVOposVariant@@H@Z 100011f8 f   OposVariant.obj
 0001:00000269       ??1OposDispParms@@QAE@XZ   10001269 f   OposVariant.obj
 0001:00000277       ??A?$CSimpleArray@GV?$CSimpleArrayEqualHelper@G@ATL@@@ATL@@QAEAAGH@Z 10001277 f i OposVariant.obj
 0001:0000029c       ??_Estringdispid@CComTypeInfoHolder@ATL@@QAEPAXI@Z 1000129c f i OposVariant.obj
 0001:00000308       ?AtlWinModuleInit@ATL@@YGJPAU_ATL_WIN_MODULE70@1@@Z 10001308 f i OposVariant.obj
 0001:0000032e       ?AtlWinModuleTerm@ATL@@YGJPAU_ATL_WIN_MODULE70@1@PAUHINSTANCE__@@@Z 1000132e f i OposVariant.obj
 0001:00000391       ?ChangeBSTR@OposVariant@@QAEXPAPA_WAAJ@Z 10001391 f   OposVariant.obj
 0001:000003d2       ?ChangeLONG@OposVariant@@QAEXPAJAAJ@Z 100013d2 f   OposVariant.obj
 0001:00000413       ?GetLONG@OposVariant@@QAEJXZ 10001413 f   OposVariant.obj
 0001:0000042e       ?Init@CComCriticalSection@ATL@@QAEJXZ 1000142e f i OposVariant.obj
 0001:00000456       ?RemoveAll@?$CSimpleArray@GV?$CSimpleArrayEqualHelper@G@ATL@@@ATL@@QAEXXZ 10001456 f i OposVariant.obj
 0001:00000456       ?RemoveAll@?$CSimpleArray@PAUHINSTANCE__@@V?$CSimpleArrayEqualHelper@PAUHINSTANCE__@@@ATL@@@ATL@@QAEXXZ 10001456 f i atls:atlbase.obj
 0001:00000473       ?SetBSTR@OposVariant@@QAEXPA_WAAJ@Z 10001473 f   OposVariant.obj
 0001:000004a7       ?SetBSTR_Copy@OposVariant@@QAEXPA_WAAJ@Z 100014a7 f   OposVariant.obj
 0001:000004f7       ?SetBSTR_InOutPtr@OposVariant@@QAE_NPAPA_WAAJ@Z 100014f7 f   OposVariant.obj
 0001:0000052e       ?SetDispatch_Ptr@OposVariant@@QAEXPAUIDispatch@@AAJ@Z 1000152e f   OposVariant.obj
 0001:00000569       ?SetLONG@OposVariant@@QAEXJ@Z 10001569 f   OposVariant.obj
 0001:0000058b       ?SetLONG_Ptr@OposVariant@@QAEXPAJAAJ@Z 1000158b f   OposVariant.obj
 0001:000005be       ?SetString@OposVariant@@QAEXPB_WAAJ@Z 100015be f   OposVariant.obj
 0001:00000604       ?SetVARIANT_BOOL@OposVariant@@QAEXF@Z 10001604 f   OposVariant.obj
 0001:0000062e       ?Term@CAtlComModule@ATL@@QAEXXZ 1000162e f i OposVariant.obj
 0001:00000678       ?_AtlRaiseException@ATL@@YAXKK@Z 10001678 f i OposVariant.obj
 0001:0000068d       ?AddRef@?$CComContainedObject@VCOPOSCheckScanner@@@ATL@@WKA@AGKXZ 1000168d f i CheckScanner.obj
 0001:0000069a       ?Release@?$CComContainedObject@VCOPOSCheckScanner@@@ATL@@WKA@AGKXZ 1000169a f i CheckScanner.obj
 0001:000006a7       ?AddRef@?$CComContainedObject@VCOPOSCheckScanner@@@ATL@@WKI@AGKXZ 100016a7 f i CheckScanner.obj
 0001:000006b4       ?Release@?$CComContainedObject@VCOPOSCheckScanner@@@ATL@@WKI@AGKXZ 100016b4 f i CheckScanner.obj
 0001:000006c1       ?CreateInstance@CComClassFactory@ATL@@UAGJPAUIUnknown@@ABU_GUID@@PAPAX@Z 100016c1 f i CheckScanner.obj
 0001:000006ff       ?AddRef@?$CComContainedObject@VCOPOSCheckScanner@@@ATL@@WLE@AGKXZ 100016ff f i CheckScanner.obj
 0001:0000070c       ?Release@?$CComContainedObject@VCOPOSCheckScanner@@@ATL@@WLE@AGKXZ 1000170c f i CheckScanner.obj
 0001:00000719       ?LockServer@CComClassFactory@ATL@@UAGJH@Z 10001719 f i CheckScanner.obj
 0001:00000738       ??_ECComClassFactory@ATL@@UAEPAXI@Z 10001738 f i CheckScanner.obj
 0001:00000738       ??_GCComClassFactory@ATL@@UAEPAXI@Z 10001738 f i CheckScanner.obj
 0001:00000763       ?GetWindowProc@?$CWindowImplBaseT@VCWindow@ATL@@V?$CWinTraits@$0FGAAAAAA@$0A@@2@@ATL@@UAEP6GJPAUHWND__@@IIJ@ZXZ 10001763 f i CheckScanner.obj
 0001:00000769       ?StartWindowProc@?$CWindowImplBaseT@VCWindow@ATL@@V?$CWinTraits@$0FGAAAAAA@$0A@@2@@ATL@@SGJPAUHWND__@@IIJ@Z 10001769 f i CheckScanner.obj
 0001:000007bd       ?OnFinalMessage@?$CWindowImplBaseT@VCWindow@ATL@@V?$CWinTraits@$0FGAAAAAA@$0A@@2@@ATL@@UAEXPAUHWND__@@@Z 100017bd f i CheckScanner.obj
 0001:000007bd       ?ObjectMain@CComObjectRootBase@ATL@@SGX_N@Z 100017bd f i CheckScanner.obj
 0001:000007c0       ?GetTypeInfoCount@?$IDispatchImpl@UIOPOSCheckScanner@@$1?IID_IOPOSCheckScanner@@3U_GUID@@B$1?LIBID_OposCheckScanner_CCO@@3U3@B$00$0A@VCComTypeInfoHolder@ATL@@@ATL@@UAGJPAI@Z 100017c0 f i CheckScanner.obj
 0001:000007dd       ?GetTypeInfo@?$IDispatchImpl@UIOPOSCheckScanner@@$1?IID_IOPOSCheckScanner@@3U_GUID@@B$1?LIBID_OposCheckScanner_CCO@@3U3@B$00$0A@VCComTypeInfoHolder@ATL@@@ATL@@UAGJIKPAPAUITypeInfo@@@Z 100017dd f i CheckScanner.obj
 0001:00000801       ?GetIDsOfNames@?$IDispatchImpl@UIOPOSCheckScanner@@$1?IID_IOPOSCheckScanner@@3U_GUID@@B$1?LIBID_OposCheckScanner_CCO@@3U3@B$00$0A@VCComTypeInfoHolder@ATL@@@ATL@@UAGJABU_GUID@@PAPA_WIKPAJ@Z 10001801 f i CheckScanner.obj
 0001:00000821       ?Invoke@?$IDispatchImpl@UIOPOSCheckScanner@@$1?IID_IOPOSCheckScanner@@3U_GUID@@B$1?LIBID_OposCheckScanner_CCO@@3U3@B$00$0A@VCComTypeInfoHolder@ATL@@@ATL@@UAGJJABU_GUID@@KGPAUtagDISPPARAMS@@PAUtagVARIANT@@PAUtagEXCEPINFO@@PAI@Z 10001821 f i CheckScanner.obj
 0001:0000082f       ?CreateControlWindow@?$CComControl@VCOPOSCheckScanner@@V?$CWindowImpl@VCOPOSCheckScanner@@VCWindow@ATL@@V?$CWinTraits@$0FGAAAAAA@$0A@@3@@ATL@@@ATL@@UAEPAUHWND__@@PAU3@AAUtagRECT@@@Z 1000182f f i CheckScanner.obj
 0001:0000085e       ?ControlQueryInterface@?$CComControl@VCOPOSCheckScanner@@V?$CWindowImpl@VCOPOSCheckScanner@@VCWindow@ATL@@V?$CWinTraits@$0FGAAAAAA@$0A@@3@@ATL@@@ATL@@UAEJABU_GUID@@PAPAX@Z 1000185e f i CheckScanner.obj
 0001:00000879       ?GetClassID@?$IPersistStorageImpl@VCOPOSCheckScanner@@@ATL@@UAGJPAU_GUID@@@Z 10001879 f i CheckScanner.obj
 0001:00000879       ?GetClassID@?$IPersistStreamInitImpl@VCOPOSCheckScanner@@@ATL@@UAGJPAU_GUID@@@Z 10001879 f i CheckScanner.obj
 0001:00000879       ?GetUserClassID@?$IOleObjectImpl@VCOPOSCheckScanner@@@ATL@@UAGJPAU_GUID@@@Z 10001879 f i CheckScanner.obj
 0001:0000089d       ?IsDirty@?$IPersistStreamInitImpl@VCOPOSCheckScanner@@@ATL@@UAGJXZ 1000189d f i CheckScanner.obj
 0001:000008bc       ?Load@?$IPersistStreamInitImpl@VCOPOSCheckScanner@@@ATL@@UAGJPAUIStream@@@Z 100018bc f i CheckScanner.obj
 0001:000008db       ?Save@?$IPersistStreamInitImpl@VCOPOSCheckScanner@@@ATL@@UAGJPAUIStream@@H@Z 100018db f i CheckScanner.obj
 0001:000008fd       ?GetSizeMax@?$IPersistStreamInitImpl@VCOPOSCheckScanner@@@ATL@@UAGJPAT_ULARGE_INTEGER@@@Z 100018fd f i CheckScanner.obj
 0001:00000adc       ?InitNew@?$IPersistStreamInitImpl@VCOPOSCheckScanner@@@ATL@@UAGJXZ 10001adc f i CheckScanner.obj
 0001:00000af9       ?GetControlInfo@?$IOleControlImpl@VCOPOSCheckScanner@@@ATL@@UAGJPAUtagCONTROLINFO@@@Z 10001af9 f i CheckScanner.obj
 0001:00000af9       ?OnMnemonic@?$IOleControlImpl@VCOPOSCheckScanner@@@ATL@@UAGJPAUtagMSG@@@Z 10001af9 f i CheckScanner.obj
 0001:00000af9       ?Unfreeze@?$IViewObjectExImpl@VCOPOSCheckScanner@@@ATL@@UAGJK@Z 10001af9 f i CheckScanner.obj
 0001:00000af9       ?GetDropTarget@?$IOleInPlaceObjectWindowlessImpl@VCOPOSCheckScanner@@@ATL@@UAGJPAPAUIDropTarget@@@Z 10001af9 f i CheckScanner.obj
 0001:00000af9       ?ContextSensitiveHelp@?$IOleInPlaceActiveObjectImpl@VCOPOSCheckScanner@@@ATL@@UAGJH@Z 10001af9 f i CheckScanner.obj
 0001:00000af9       ?QueryGetData@?$IDataObjectImpl@VCOPOSCheckScanner@@@ATL@@UAGJPAUtagFORMATETC@@@Z 10001af9 f i CheckScanner.obj
 0001:00000af9       ?ContextSensitiveHelp@?$IOleInPlaceObjectWindowlessImpl@VCOPOSCheckScanner@@@ATL@@UAGJH@Z 10001af9 f i CheckScanner.obj
 0001:00000af9       ?SetColorScheme@?$IOleObjectImpl@VCOPOSCheckScanner@@@ATL@@UAGJPAUtagLOGPALETTE@@@Z 10001af9 f i CheckScanner.obj
 0001:00000af9       ?SOOutputCompleteDummy@COPOSCheckScanner@@MAGJJ@Z 10001af9 f i CheckScanner.obj
 0001:00000b01       ?OnFrameWindowActivate@?$IOleInPlaceActiveObjectImpl@VCOPOSCheckScanner@@@ATL@@UAGJH@Z 10001b01 f i CheckScanner.obj
 0001:00000b01       ?EnableModeless@?$IOleInPlaceActiveObjectImpl@VCOPOSCheckScanner@@@ATL@@UAGJH@Z 10001b01 f i CheckScanner.obj
 0001:00000b01       ?OnAmbientPropertyChange@?$IOleControlImpl@VCOPOSCheckScanner@@@ATL@@UAGJJ@Z 10001b01 f i CheckScanner.obj
 0001:00000b01       ?SaveCompleted@?$IPersistStorageImpl@VCOPOSCheckScanner@@@ATL@@UAGJPAUIStorage@@@Z 10001b01 f i CheckScanner.obj
 0001:00000b06       ?SetClientSite@?$IOleObjectImpl@VCOPOSCheckScanner@@@ATL@@UAGJPAUIOleClientSite@@@Z 10001b06 f i CheckScanner.obj
 0001:00000b23       ?GetClientSite@?$IOleObjectImpl@VCOPOSCheckScanner@@@ATL@@UAGJPAPAUIOleClientSite@@@Z 10001b23 f i CheckScanner.obj
 0001:00000b40       ?SetHostNames@?$IOleObjectImpl@VCOPOSCheckScanner@@@ATL@@UAGJPB_W0@Z 10001b40 f i CheckScanner.obj
 0001:00000b45       ?Close@?$IOleObjectImpl@VCOPOSCheckScanner@@@ATL@@UAGJK@Z 10001b45 f i CheckScanner.obj
 0001:00000b62       ?GetRect@?$IViewObjectExImpl@VCOPOSCheckScanner@@@ATL@@UAGJKPAU_RECTL@@@Z 10001b62 f i CheckScanner.obj
 0001:00000b62       ?QueryInterface@CRegObject@ATL@@UAGJABU_GUID@@PAPAX@Z 10001b62 f i CheckScanner.obj
 0001:00000b62       ?GetClipboardData@?$IOleObjectImpl@VCOPOSCheckScanner@@@ATL@@UAGJKPAPAUIDataObject@@@Z 10001b62 f i CheckScanner.obj
 0001:00000b62       ?SetMoniker@?$IOleObjectImpl@VCOPOSCheckScanner@@@ATL@@UAGJKPAUIMoniker@@@Z 10001b62 f i CheckScanner.obj
 0001:00000b62       ?EnumFormatEtc@?$IDataObjectImpl@VCOPOSCheckScanner@@@ATL@@UAGJKPAPAUIEnumFORMATETC@@@Z 10001b62 f i CheckScanner.obj
 0001:00000b62       ?GetCanonicalFormatEtc@?$IDataObjectImpl@VCOPOSCheckScanner@@@ATL@@UAGJPAUtagFORMATETC@@0@Z 10001b62 f i CheckScanner.obj
 0001:00000b62       ?GetDataHere@?$IDataObjectImpl@VCOPOSCheckScanner@@@ATL@@UAGJPAUtagFORMATETC@@PAUtagSTGMEDIUM@@@Z 10001b62 f i CheckScanner.obj
 0001:00000b6a       ?InitFromData@?$IOleObjectImpl@VCOPOSCheckScanner@@@ATL@@UAGJPAUIDataObject@@HK@Z 10001b6a f i CheckScanner.obj
 0001:00000b6a       ?SetData@?$IDataObjectImpl@VCOPOSCheckScanner@@@ATL@@UAGJPAUtagFORMATETC@@PAUtagSTGMEDIUM@@H@Z 10001b6a f i CheckScanner.obj
 0001:00000b6a       ?GetMoniker@?$IOleObjectImpl@VCOPOSCheckScanner@@@ATL@@UAGJKKPAPAUIMoniker@@@Z 10001b6a f i CheckScanner.obj
 0001:00000b72       ?DoVerb@?$IOleObjectImpl@VCOPOSCheckScanner@@@ATL@@UAGJJPAUtagMSG@@PAUIOleClientSite@@JPAUHWND__@@PBUtagRECT@@@Z 10001b72 f i CheckScanner.obj
 0001:00000c66       ?EnumVerbs@?$IOleObjectImpl@VCOPOSCheckScanner@@@ATL@@UAGJPAPAUIEnumOLEVERB@@@Z 10001c66 f i CheckScanner.obj
 0001:00000c88       ?HandsOffStorage@?$IPersistStorageImpl@VCOPOSCheckScanner@@@ATL@@UAGJXZ 10001c88 f i CheckScanner.obj
 0001:00000c88       ?IsUpToDate@?$IOleObjectImpl@VCOPOSCheckScanner@@@ATL@@UAGJXZ 10001c88 f i CheckScanner.obj
 0001:00000c88       ?Update@?$IOleObjectImpl@VCOPOSCheckScanner@@@ATL@@UAGJXZ 10001c88 f i CheckScanner.obj
 0001:00000c88       ?Release@CRegObject@ATL@@UAGKXZ 10001c88 f i CheckScanner.obj
 0001:00000c8d       ?GetUserType@?$IOleObjectImpl@VCOPOSCheckScanner@@@ATL@@UAGJKPAPA_W@Z 10001c8d f i CheckScanner.obj
 0001:00000ca5       ?SetExtent@?$IOleObjectImpl@VCOPOSCheckScanner@@@ATL@@UAGJKPAUtagSIZE@@@Z 10001ca5 f i CheckScanner.obj
 0001:00000cc5       ?GetExtent@?$IOleObjectImpl@VCOPOSCheckScanner@@@ATL@@UAGJKPAUtagSIZE@@@Z 10001cc5 f i CheckScanner.obj
 0001:00000d03       ?Advise@?$IOleObjectImpl@VCOPOSCheckScanner@@@ATL@@UAGJPAUIAdviseSink@@PAK@Z 10001d03 f i CheckScanner.obj
 0001:00000d23       ?Unadvise@?$IOleObjectImpl@VCOPOSCheckScanner@@@ATL@@UAGJK@Z 10001d23 f i CheckScanner.obj
 0001:00000d52       ?EnumAdvise@?$IOleObjectImpl@VCOPOSCheckScanner@@@ATL@@UAGJPAPAUIEnumSTATDATA@@@Z 10001d52 f i CheckScanner.obj
 0001:00000d92       ?GetMiscStatus@?$IOleObjectImpl@VCOPOSCheckScanner@@@ATL@@UAGJKPAK@Z 10001d92 f i CheckScanner.obj
 0001:00000daa       ?GetWindow@?$IOleInPlaceActiveObjectImpl@VCOPOSCheckScanner@@@ATL@@UAGJPAPAUHWND__@@@Z 10001daa f i CheckScanner.obj
 0001:00000df7       ?TranslateAcceleratorW@?$IOleInPlaceActiveObjectImpl@VCOPOSCheckScanner@@@ATL@@UAGJPAUtagMSG@@@Z 10001df7 f i CheckScanner.obj
 0001:00000ea5       ?OnDocWindowActivate@?$IOleInPlaceActiveObjectImpl@VCOPOSCheckScanner@@@ATL@@UAGJH@Z 10001ea5 f i CheckScanner.obj
 0001:00000ec7       ?ResizeBorder@?$IOleInPlaceActiveObjectImpl@VCOPOSCheckScanner@@@ATL@@UAGJPBUtagRECT@@PAUIOleInPlaceUIWindow@@H@Z 10001ec7 f i CheckScanner.obj
 0001:00000ecc       ?Draw@?$IViewObjectExImpl@VCOPOSCheckScanner@@@ATL@@UAGJKJPAXPAUtagDVTARGETDEVICE@@PAUHDC__@@2PBU_RECTL@@3P6GHK@ZK@Z 10001ecc f i CheckScanner.obj
 0001:00000efe       ?GetColorSet@?$IViewObjectExImpl@VCOPOSCheckScanner@@@ATL@@UAGJKJPAXPAUtagDVTARGETDEVICE@@PAUHDC__@@PAPAUtagLOGPALETTE@@@Z 10001efe f i CheckScanner.obj
 0001:00000f06       ?Freeze@?$IViewObjectExImpl@VCOPOSCheckScanner@@@ATL@@UAGJKJPAXPAK@Z 10001f06 f i CheckScanner.obj
 0001:00000f0e       ?SetAdvise@?$IViewObjectExImpl@VCOPOSCheckScanner@@@ATL@@UAGJKKPAUIAdviseSink@@@Z 10001f0e f i CheckScanner.obj
 0001:00000f2d       ?GetAdvise@?$IViewObjectExImpl@VCOPOSCheckScanner@@@ATL@@UAGJPAK0PAPAUIAdviseSink@@@Z 10001f2d f i CheckScanner.obj
 0001:00000f62       ?GetExtent@?$IViewObjectExImpl@VCOPOSCheckScanner@@@ATL@@UAGJKJPAUtagDVTARGETDEVICE@@PAUtagSIZE@@@Z 10001f62 f i CheckScanner.obj
 0001:00000f93       ?GetViewStatus@?$IViewObjectExImpl@VCOPOSCheckScanner@@@ATL@@UAGJPAK@Z 10001f93 f i CheckScanner.obj
 0001:00000fb0       ?QueryHitPoint@?$IViewObjectExImpl@VCOPOSCheckScanner@@@ATL@@UAGJKPBUtagRECT@@UtagPOINT@@JPAK@Z 10001fb0 f i CheckScanner.obj
 0001:00000ff1       ?QueryHitRect@?$IViewObjectExImpl@VCOPOSCheckScanner@@@ATL@@UAGJKPBUtagRECT@@0JPAK@Z 10001ff1 f i CheckScanner.obj
 0001:0000104c       ?GetNaturalExtent@?$IViewObjectExImpl@VCOPOSCheckScanner@@@ATL@@UAGJKJPAUtagDVTARGETDEVICE@@PAUHDC__@@PAUtagExtentInfo@@PAUtagSIZE@@@Z 1000204c f i CheckScanner.obj
 0001:00001097       ?GetWindow@?$IOleInPlaceObjectWindowlessImpl@VCOPOSCheckScanner@@@ATL@@UAGJPAPAUHWND__@@@Z 10002097 f i CheckScanner.obj
 0001:000010e4       ?InPlaceDeactivate@?$IOleInPlaceObjectWindowlessImpl@VCOPOSCheckScanner@@@ATL@@UAGJXZ 100020e4 f i CheckScanner.obj
 0001:000010fe       ?UIDeactivate@?$IOleInPlaceObjectWindowlessImpl@VCOPOSCheckScanner@@@ATL@@UAGJXZ 100020fe f i CheckScanner.obj
 0001:00001118       ?SetObjectRects@?$IOleInPlaceObjectWindowlessImpl@VCOPOSCheckScanner@@@ATL@@UAGJPBUtagRECT@@0@Z 10002118 f i CheckScanner.obj
 0001:00001138       ?ReactivateAndUndo@?$IOleInPlaceObjectWindowlessImpl@VCOPOSCheckScanner@@@ATL@@UAGJXZ 10002138 f i CheckScanner.obj
 0001:00001140       ?OnWindowMessage@?$IOleInPlaceObjectWindowlessImpl@VCOPOSCheckScanner@@@ATL@@UAGJIIJPAJ@Z 10002140 f i CheckScanner.obj
 0001:000011b0       ?EnumConnectionPoints@?$IConnectionPointContainerImpl@VCOPOSCheckScanner@@@ATL@@UAGJPAPAUIEnumConnectionPoints@@@Z 100021b0 f i CheckScanner.obj
 0001:0000132a       ?FindConnectionPoint@?$IConnectionPointContainerImpl@VCOPOSCheckScanner@@@ATL@@UAGJABU_GUID@@PAPAUIConnectionPoint@@@Z 1000232a f i CheckScanner.obj
 0001:000013cd       ?IsDirty@?$IPersistStorageImpl@VCOPOSCheckScanner@@@ATL@@UAGJXZ 100023cd f i CheckScanner.obj
 0001:00001401       ?InitNew@?$IPersistStorageImpl@VCOPOSCheckScanner@@@ATL@@UAGJPAUIStorage@@@Z 10002401 f i CheckScanner.obj
 0001:00001435       ?Load@?$IPersistStorageImpl@VCOPOSCheckScanner@@@ATL@@UAGJPAUIStorage@@@Z 10002435 f i CheckScanner.obj
 0001:000014a1       ?Save@?$IPersistStorageImpl@VCOPOSCheckScanner@@@ATL@@UAGJPAUIStorage@@H@Z 100024a1 f i CheckScanner.obj
 0001:00001514       ?GetPages@?$ISpecifyPropertyPagesImpl@VCOPOSCheckScanner@@@ATL@@UAGJPAUtagCAUUID@@@Z 10002514 f i CheckScanner.obj
 0001:0000152b       ?QuickActivate@?$IQuickActivateImpl@VCOPOSCheckScanner@@@ATL@@UAGJPAUtagQACONTAINER@@PAUtagQACONTROL@@@Z 1000252b f i CheckScanner.obj
 0001:0000154e       ?SetContentExtent@?$IQuickActivateImpl@VCOPOSCheckScanner@@@ATL@@UAGJPAUtagSIZE@@@Z 1000254e f i CheckScanner.obj
 0001:0000157a       ?GetContentExtent@?$IQuickActivateImpl@VCOPOSCheckScanner@@@ATL@@UAGJPAUtagSIZE@@@Z 1000257a f i CheckScanner.obj
 0001:000015b4       ?GetData@?$IDataObjectImpl@VCOPOSCheckScanner@@@ATL@@UAGJPAUtagFORMATETC@@PAUtagSTGMEDIUM@@@Z 100025b4 f i CheckScanner.obj
 0001:000015d7       ?DAdvise@?$IDataObjectImpl@VCOPOSCheckScanner@@@ATL@@UAGJPAUtagFORMATETC@@KPAUIAdviseSink@@PAK@Z 100025d7 f i CheckScanner.obj
 0001:00001618       ?DUnadvise@?$IDataObjectImpl@VCOPOSCheckScanner@@@ATL@@UAGJK@Z 10002618 f i CheckScanner.obj
 0001:00001646       ?EnumDAdvise@?$IDataObjectImpl@VCOPOSCheckScanner@@@ATL@@UAGJPAPAUIEnumSTATDATA@@@Z 10002646 f i CheckScanner.obj
 0001:00001685       ?GetClassInfoW@?$IProvideClassInfo2Impl@$1?CLSID_OPOSCheckScanner@@3U_GUID@@B$1?DIID__IOPOSCheckScannerEvents@@3U2@B$1?LIBID_OposCheckScanner_CCO@@3U2@B$00$0A@VCComTypeInfoHolder@ATL@@@ATL@@UAGJPAPAUITypeInfo@@@Z 10002685 f i CheckScanner.obj
 0001:0000169b       ?GetGUID@?$IProvideClassInfo2Impl@$1?CLSID_OPOSCheckScanner@@3U_GUID@@B$1?DIID__IOPOSCheckScannerEvents@@3U2@B$1?LIBID_OposCheckScanner_CCO@@3U2@B$00$0A@VCComTypeInfoHolder@ATL@@@ATL@@UAGJKPAU_GUID@@@Z 1000269b f i CheckScanner.obj
 0001:000016d9       __get_startup_argv_mode    100026d9 f i LIBCMT:argv_mode.obj
 0001:000016d9       ?FAccessAllowed@?$IObjectSafetyImpl@VCOPOSCheckScanner@@$02@ATL@@MAEHXZ 100026d9 f i CheckScanner.obj
 0001:000016dd       ?GetInterfaceSafetyOptions@?$IObjectSafetyImpl@VCOPOSCheckScanner@@$02@ATL@@UAGJABU_GUID@@PAK1@Z 100026dd f i CheckScanner.obj
 0001:00001751       ?SetInterfaceSafetyOptions@?$IObjectSafetyImpl@VCOPOSCheckScanner@@$02@ATL@@UAGJABU_GUID@@KK@Z 10002751 f i CheckScanner.obj
 0001:000017cb       ?_LocCPQueryInterface@?$IConnectionPointImpl@VCOPOSCheckScanner@@$1?DIID__IOPOSCheckScannerEvents@@3U_GUID@@BVCComDynamicUnkArray@ATL@@@ATL@@UAGJABU_GUID@@PAPAX@Z 100027cb f i CheckScanner.obj
 0001:000017cb       ?_LocCPQueryInterface@?$IConnectionPointImpl@VCOPOSCheckScanner@@$1?IID_IPropertyNotifySink@@3U_GUID@@BVCComDynamicUnkArray@ATL@@@ATL@@UAGJABU_GUID@@PAPAX@Z 100027cb f i CheckScanner.obj
 0001:00001818       ?GetConnectionInterface@?$IConnectionPointImpl@VCOPOSCheckScanner@@$1?IID_IPropertyNotifySink@@3U_GUID@@BVCComDynamicUnkArray@ATL@@@ATL@@UAGJPAU_GUID@@@Z 10002818 f i CheckScanner.obj
 0001:0000183c       ?GetConnectionPointContainer@?$IConnectionPointImpl@VCOPOSCheckScanner@@$1?IID_IPropertyNotifySink@@3U_GUID@@BVCComDynamicUnkArray@ATL@@@ATL@@UAGJPAPAUIConnectionPointContainer@@@Z 1000283c f i CheckScanner.obj
 0001:0000185f       ?Advise@?$IConnectionPointImpl@VCOPOSCheckScanner@@$1?DIID__IOPOSCheckScannerEvents@@3U_GUID@@BVCComDynamicUnkArray@ATL@@@ATL@@UAGJPAUIUnknown@@PAK@Z 1000285f f i CheckScanner.obj
 0001:0000185f       ?Advise@?$IConnectionPointImpl@VCOPOSCheckScanner@@$1?IID_IPropertyNotifySink@@3U_GUID@@BVCComDynamicUnkArray@ATL@@@ATL@@UAGJPAUIUnknown@@PAK@Z 1000285f f i CheckScanner.obj
 0001:00001900       ?Unadvise@?$IConnectionPointImpl@VCOPOSCheckScanner@@$1?IID_IPropertyNotifySink@@3U_GUID@@BVCComDynamicUnkArray@ATL@@@ATL@@UAGJK@Z 10002900 f i CheckScanner.obj
 0001:00001900       ?Unadvise@?$IConnectionPointImpl@VCOPOSCheckScanner@@$1?DIID__IOPOSCheckScannerEvents@@3U_GUID@@BVCComDynamicUnkArray@ATL@@@ATL@@UAGJK@Z 10002900 f i CheckScanner.obj
 0001:00001940       ?EnumConnections@?$IConnectionPointImpl@VCOPOSCheckScanner@@$1?IID_IPropertyNotifySink@@3U_GUID@@BVCComDynamicUnkArray@ATL@@@ATL@@UAGJPAPAUIEnumConnections@@@Z 10002940 f i CheckScanner.obj
 0001:00001940       ?EnumConnections@?$IConnectionPointImpl@VCOPOSCheckScanner@@$1?DIID__IOPOSCheckScannerEvents@@3U_GUID@@BVCComDynamicUnkArray@ATL@@@ATL@@UAGJPAPAUIEnumConnections@@@Z 10002940 f i CheckScanner.obj
 0001:00001a46       ?GetObjectDescription@?$CComCoClass@VCOPOSCheckScanner@@$1?CLSID_OPOSCheckScanner@@3U_GUID@@B@ATL@@SGPB_WXZ 10002a46 f i CheckScanner.obj
 0001:00001a46       ?GetCategoryMap@CComObjectRootBase@ATL@@SAPBU_ATL_CATMAP_ENTRY@2@XZ 10002a46 f i CheckScanner.obj
 0001:00001a49       ?GetConnectionInterface@?$IConnectionPointImpl@VCOPOSCheckScanner@@$1?DIID__IOPOSCheckScannerEvents@@3U_GUID@@BVCComDynamicUnkArray@ATL@@@ATL@@UAGJPAU_GUID@@@Z 10002a49 f i CheckScanner.obj
 0001:00001a6d       ?GetConnectionPointContainer@?$IConnectionPointImpl@VCOPOSCheckScanner@@$1?DIID__IOPOSCheckScannerEvents@@3U_GUID@@BVCComDynamicUnkArray@ATL@@@ATL@@UAGJPAPAUIConnectionPointContainer@@@Z 10002a6d f i CheckScanner.obj
 0001:00001a90       ?UpdateRegistry@COPOSCheckScanner@@SGJH@Z 10002a90 f i CheckScanner.obj
 0001:00001aa8       ?ProcessWindowMessage@COPOSCheckScanner@@UAEHPAUHWND__@@IIJAAJK@Z 10002aa8 f i CheckScanner.obj
 0001:00001af1       ?Lock@CAtlModule@ATL@@UAEJXZ 10002af1 f i CheckScanner.obj
 0001:00001afb       ?Unlock@CAtlModule@ATL@@UAEJXZ 10002afb f i CheckScanner.obj
 0001:00001b05       ?GetLockCount@CAtlModule@ATL@@UAEJXZ 10002b05 f i CheckScanner.obj
 0001:00001b09       ?SOData@COPOSCheckScanner@@MAGJJ@Z 10002b09 f i CheckScanner.obj
 0001:00001b42       ?GetGITPtr@CAtlModule@ATL@@UAEJPAPAUIGlobalInterfaceTable@@@Z 10002b42 f i CheckScanner.obj
 0001:00001b8e       ?SODirectIO@COPOSCheckScanner@@MAGJJPAJPAPA_W@Z 10002b8e f i CheckScanner.obj
 0001:00001bd7       ?SOError@COPOSCheckScanner@@MAGJJJJPAJ@Z 10002bd7 f i CheckScanner.obj
 0001:00001c2c       ?SOStatusUpdate@COPOSCheckScanner@@MAGJJ@Z 10002c2c f i CheckScanner.obj
 0001:00001c65       ?AddCommonRGSReplacements@?$CAtlModuleT@VCComModule@ATL@@@ATL@@UAEJPAUIRegistrarBase@@@Z 10002c65 f i CheckScanner.obj
 0001:00001c7f       ?UpdateRegistryFromResourceD@CComModule@ATL@@UAGJIHPAU_ATL_REGMAP_ENTRY@2@@Z 10002c7f f i CheckScanner.obj
 0001:00001c7f       ?UpdateRegistryFromResourceD@CComModule@ATL@@UAGJPB_WHPAU_ATL_REGMAP_ENTRY@2@@Z 10002c7f f i CheckScanner.obj
 0001:00001c87       ?UpdateRegistryFromResource@CComModule@ATL@@UAGJPB_WHPAU_ATL_REGMAP_ENTRY@2@@Z 10002c87 f i CheckScanner.obj
 0001:00001c90       ?UpdateRegistryFromResource@CComModule@ATL@@UAGJIHPAU_ATL_REGMAP_ENTRY@2@@Z 10002c90 f i CheckScanner.obj
 0001:00001c99       ??_GCComModule@ATL@@UAEPAXI@Z 10002c99 f i CheckScanner.obj
 0001:00001c99       ??_ECComModule@ATL@@UAEPAXI@Z 10002c99 f i CheckScanner.obj
 0001:00001cc1       ?CreateInstance@?$CComCreator@V?$CComObjectCached@VCComClassFactory@ATL@@@ATL@@@ATL@@SGJPAXABU_GUID@@PAPAX@Z 10002cc1 f i CheckScanner.obj
 0001:00001d6d       ?CreateInstance@?$CComCreator2@V?$CComCreator@V?$CComObject@VCOPOSCheckScanner@@@ATL@@@ATL@@V?$CComCreator@V?$CComAggObject@VCOPOSCheckScanner@@@ATL@@@2@@ATL@@SGJPAXABU_GUID@@PAPAX@Z 10002d6d f i CheckScanner.obj
 0001:00001d8d       ?AddRef@?$CComObjectCached@VCComClassFactory@ATL@@@ATL@@UAGKXZ 10002d8d f i CheckScanner.obj
 0001:00001db4       ?Release@?$CComObjectCached@VCComClassFactory@ATL@@@ATL@@UAGKXZ 10002db4 f i CheckScanner.obj
 0001:00001dea       ?QueryInterface@?$CComObjectCached@VCComClassFactory@ATL@@@ATL@@UAGJABU_GUID@@PAPAX@Z 10002dea f i CheckScanner.obj
 0001:00001e04       ??_E?$CComObjectCached@VCComClassFactory@ATL@@@ATL@@UAEPAXI@Z 10002e04 f i CheckScanner.obj
 0001:00001e04       ??_G?$CComObjectCached@VCComClassFactory@ATL@@@ATL@@UAEPAXI@Z 10002e04 f i CheckScanner.obj
 0001:00001e26       ?Next@?$CComEnumImpl@UIEnumConnectionPoints@@$1?_GUID_b196b285_bab4_101a_b69c_00aa00341d07@@3U__s_GUID@@BPAUIConnectionPoint@@V?$_CopyInterface@UIConnectionPoint@@@ATL@@@ATL@@UAGJKPAPAUIConnectionPoint@@PAK@Z 10002e26 f i CheckScanner.obj
 0001:00001efd       ?Skip@?$CComEnumImpl@UIEnumConnectionPoints@@$1?_GUID_b196b285_bab4_101a_b69c_00aa00341d07@@3U__s_GUID@@BPAUIConnectionPoint@@V?$_CopyInterface@UIConnectionPoint@@@ATL@@@ATL@@UAGJK@Z 10002efd f i CheckScanner.obj
 0001:00001f2a       ?Reset@?$CComEnumImpl@UIEnumConnections@@$1?_GUID_b196b287_bab4_101a_b69c_00aa00341d07@@3U__s_GUID@@BUtagCONNECTDATA@@V?$_Copy@UtagCONNECTDATA@@@ATL@@@ATL@@UAGJXZ 10002f2a f i CheckScanner.obj
 0001:00001f2a       ?Reset@?$CComEnumImpl@UIEnumConnectionPoints@@$1?_GUID_b196b285_bab4_101a_b69c_00aa00341d07@@3U__s_GUID@@BPAUIConnectionPoint@@V?$_CopyInterface@UIConnectionPoint@@@ATL@@@ATL@@UAGJXZ 10002f2a f i CheckScanner.obj
 0001:00001f3c       ?Clone@?$CComEnumImpl@UIEnumConnectionPoints@@$1?_GUID_b196b285_bab4_101a_b69c_00aa00341d07@@3U__s_GUID@@BPAUIConnectionPoint@@V?$_CopyInterface@UIConnectionPoint@@@ATL@@@ATL@@UAGJPAPAUIEnumConnectionPoints@@@Z 10002f3c f i CheckScanner.obj
 0001:0000201d       ?AddRef@?$CComObject@V?$CComEnum@UIEnumConnections@@$1?_GUID_b196b287_bab4_101a_b69c_00aa00341d07@@3U__s_GUID@@BUtagCONNECTDATA@@V?$_Copy@UtagCONNECTDATA@@@ATL@@VCComSingleThreadModel@6@@ATL@@@ATL@@UAGKXZ 1000301d f i CheckScanner.obj
 0001:0000201d       ?AddRef@?$CComObject@V?$CComEnum@UIEnumConnectionPoints@@$1?_GUID_b196b285_bab4_101a_b69c_00aa00341d07@@3U__s_GUID@@BPAUIConnectionPoint@@V?$_CopyInterface@UIConnectionPoint@@@ATL@@VCComSingleThreadModel@6@@ATL@@@ATL@@UAGKXZ 1000301d f i CheckScanner.obj
 0001:0000202e       ?Release@?$CComObject@V?$CComEnum@UIEnumConnections@@$1?_GUID_b196b287_bab4_101a_b69c_00aa00341d07@@3U__s_GUID@@BUtagCONNECTDATA@@V?$_Copy@UtagCONNECTDATA@@@ATL@@VCComSingleThreadModel@6@@ATL@@@ATL@@UAGKXZ 1000302e f i CheckScanner.obj
 0001:0000202e       ?Release@?$CComObject@V?$CComEnum@UIEnumConnectionPoints@@$1?_GUID_b196b285_bab4_101a_b69c_00aa00341d07@@3U__s_GUID@@BPAUIConnectionPoint@@V?$_CopyInterface@UIConnectionPoint@@@ATL@@VCComSingleThreadModel@6@@ATL@@@ATL@@UAGKXZ 1000302e f i CheckScanner.obj
 0001:0000206a       ?QueryInterface@?$CComObject@V?$CComEnum@UIEnumConnectionPoints@@$1?_GUID_b196b285_bab4_101a_b69c_00aa00341d07@@3U__s_GUID@@BPAUIConnectionPoint@@V?$_CopyInterface@UIConnectionPoint@@@ATL@@VCComSingleThreadModel@6@@ATL@@@ATL@@UAGJABU_GUID@@PAPAX@Z 1000306a f i CheckScanner.obj
 0001:00002084       ??_E?$CComObject@V?$CComEnum@UIEnumConnectionPoints@@$1?_GUID_b196b285_bab4_101a_b69c_00aa00341d07@@3U__s_GUID@@BPAUIConnectionPoint@@V?$_CopyInterface@UIConnectionPoint@@@ATL@@VCComSingleThreadModel@6@@ATL@@@ATL@@UAEPAXI@Z 10003084 f i CheckScanner.obj
 0001:00002084       ??_G?$CComObject@V?$CComEnum@UIEnumConnectionPoints@@$1?_GUID_b196b285_bab4_101a_b69c_00aa00341d07@@3U__s_GUID@@BPAUIConnectionPoint@@V?$_CopyInterface@UIConnectionPoint@@@ATL@@VCComSingleThreadModel@6@@ATL@@@ATL@@UAEPAXI@Z 10003084 f i CheckScanner.obj
 0001:000020a6       ?AddRef@CRegObject@ATL@@UAGKXZ 100030a6 f i CheckScanner.obj
 0001:000020ac       ?AddReplacement@CRegObject@ATL@@UAGJPB_W0@Z 100030ac f i CheckScanner.obj
 0001:000020e5       ?ClearReplacements@CRegObject@ATL@@UAGJXZ 100030e5 f i CheckScanner.obj
 0001:000020f7       ??_GCRegObject@ATL@@UAEPAXI@Z 100030f7 f i CheckScanner.obj
 0001:000020f7       ??_ECRegObject@ATL@@UAEPAXI@Z 100030f7 f i CheckScanner.obj
 0001:00002119       ?AddRef@?$CComAggObject@VCOPOSCheckScanner@@@ATL@@UAGKXZ 10003119 f i CheckScanner.obj
 0001:0000212a       ?Release@?$CComAggObject@VCOPOSCheckScanner@@@ATL@@UAGKXZ 1000312a f i CheckScanner.obj
 0001:00002166       ?QueryInterface@?$CComAggObject@VCOPOSCheckScanner@@@ATL@@UAGJABU_GUID@@PAPAX@Z 10003166 f i CheckScanner.obj
 0001:000021b5       ?AddRef@?$CComContainedObject@VCOPOSCheckScanner@@@ATL@@UAGKXZ 100031b5 f i CheckScanner.obj
 0001:000021cb       ?Release@?$CComContainedObject@VCOPOSCheckScanner@@@ATL@@UAGKXZ 100031cb f i CheckScanner.obj
 0001:000021e1       ?QueryInterface@?$CComContainedObject@VCOPOSCheckScanner@@@ATL@@UAGJABU_GUID@@PAPAX@Z 100031e1 f i CheckScanner.obj
 0001:000021fc       ??_G?$CComAggObject@VCOPOSCheckScanner@@@ATL@@UAEPAXI@Z 100031fc f i CheckScanner.obj
 0001:000021fc       ??_E?$CComAggObject@VCOPOSCheckScanner@@@ATL@@UAEPAXI@Z 100031fc f i CheckScanner.obj
 0001:00002221       ?AddRef@?$CComObject@VCOPOSCheckScanner@@@ATL@@UAGKXZ 10003221 f i CheckScanner.obj
 0001:00002238       ?Release@?$CComObject@VCOPOSCheckScanner@@@ATL@@UAGKXZ 10003238 f i CheckScanner.obj
 0001:0000227a       ?QueryInterface@?$CComObject@VCOPOSCheckScanner@@@ATL@@UAGJABU_GUID@@PAPAX@Z 1000327a f i CheckScanner.obj
 0001:00002294       ?OnDrawAdvanced@CComControlBase@ATL@@UAEJAAUATL_DRAWINFO@@@Z 10003294 f i CheckScanner.obj
 0001:00002387       ?Next@?$CComEnumImpl@UIEnumConnections@@$1?_GUID_b196b287_bab4_101a_b69c_00aa00341d07@@3U__s_GUID@@BUtagCONNECTDATA@@V?$_Copy@UtagCONNECTDATA@@@ATL@@@ATL@@UAGJKPAUtagCONNECTDATA@@PAK@Z 10003387 f i CheckScanner.obj
 0001:0000245e       ?Skip@?$CComEnumImpl@UIEnumConnections@@$1?_GUID_b196b287_bab4_101a_b69c_00aa00341d07@@3U__s_GUID@@BUtagCONNECTDATA@@V?$_Copy@UtagCONNECTDATA@@@ATL@@@ATL@@UAGJK@Z 1000345e f i CheckScanner.obj
 0001:0000248b       ?Clone@?$CComEnumImpl@UIEnumConnections@@$1?_GUID_b196b287_bab4_101a_b69c_00aa00341d07@@3U__s_GUID@@BUtagCONNECTDATA@@V?$_Copy@UtagCONNECTDATA@@@ATL@@@ATL@@UAGJPAPAUIEnumConnections@@@Z 1000348b f i CheckScanner.obj
 0001:0000256c       ?QueryInterface@?$CComObject@V?$CComEnum@UIEnumConnections@@$1?_GUID_b196b287_bab4_101a_b69c_00aa00341d07@@3U__s_GUID@@BUtagCONNECTDATA@@V?$_Copy@UtagCONNECTDATA@@@ATL@@VCComSingleThreadModel@6@@ATL@@@ATL@@UAGJABU_GUID@@PAPAX@Z 1000356c f i CheckScanner.obj
 0001:00002586       ??_G?$CComObject@V?$CComEnum@UIEnumConnections@@$1?_GUID_b196b287_bab4_101a_b69c_00aa00341d07@@3U__s_GUID@@BUtagCONNECTDATA@@V?$_Copy@UtagCONNECTDATA@@@ATL@@VCComSingleThreadModel@6@@ATL@@@ATL@@UAEPAXI@Z 10003586 f i CheckScanner.obj
 0001:00002586       ??_E?$CComObject@V?$CComEnum@UIEnumConnections@@$1?_GUID_b196b287_bab4_101a_b69c_00aa00341d07@@3U__s_GUID@@BUtagCONNECTDATA@@V?$_Copy@UtagCONNECTDATA@@@ATL@@VCComSingleThreadModel@6@@ATL@@@ATL@@UAEPAXI@Z 10003586 f i CheckScanner.obj
 0001:000025a8       ??_E?$CComObject@VCOPOSCheckScanner@@@ATL@@W3AEPAXI@Z 100035a8 f i CheckScanner.obj
 0001:000025b0       ??_E?$CComObject@VCOPOSCheckScanner@@@ATL@@WEM@AEPAXI@Z 100035b0 f i CheckScanner.obj
 0001:000025b8       ?QueryInterface@?$CComObject@VCOPOSCheckScanner@@@ATL@@WHA@AGJABU_GUID@@PAPAX@Z 100035b8 f i CheckScanner.obj
 0001:000025c2       ?AddRef@?$CComObject@VCOPOSCheckScanner@@@ATL@@WHA@AGKXZ 100035c2 f i CheckScanner.obj
 0001:000025cc       ?Release@?$CComObject@VCOPOSCheckScanner@@@ATL@@WHA@AGKXZ 100035cc f i CheckScanner.obj
 0001:000025d6       ?QueryInterface@?$CComObject@VCOPOSCheckScanner@@@ATL@@WHE@AGJABU_GUID@@PAPAX@Z 100035d6 f i CheckScanner.obj
 0001:000025e0       ?AddRef@?$CComObject@VCOPOSCheckScanner@@@ATL@@WHE@AGKXZ 100035e0 f i CheckScanner.obj
 0001:000025ea       ?Release@?$CComObject@VCOPOSCheckScanner@@@ATL@@WHE@AGKXZ 100035ea f i CheckScanner.obj
 0001:000025f4       ?QueryInterface@?$CComObject@VCOPOSCheckScanner@@@ATL@@WHI@AGJABU_GUID@@PAPAX@Z 100035f4 f i CheckScanner.obj
 0001:000025fe       ?AddRef@?$CComObject@VCOPOSCheckScanner@@@ATL@@WHI@AGKXZ 100035fe f i CheckScanner.obj
 0001:00002608       ?Release@?$CComObject@VCOPOSCheckScanner@@@ATL@@WHI@AGKXZ 10003608 f i CheckScanner.obj
 0001:00002612       ?QueryInterface@?$CComObject@VCOPOSCheckScanner@@@ATL@@WHM@AGJABU_GUID@@PAPAX@Z 10003612 f i CheckScanner.obj
 0001:0000261c       ?AddRef@?$CComObject@VCOPOSCheckScanner@@@ATL@@WHM@AGKXZ 1000361c f i CheckScanner.obj
 0001:00002626       ?Release@?$CComObject@VCOPOSCheckScanner@@@ATL@@WHM@AGKXZ 10003626 f i CheckScanner.obj
 0001:00002630       ?QueryInterface@?$CComObject@VCOPOSCheckScanner@@@ATL@@WIA@AGJABU_GUID@@PAPAX@Z 10003630 f i CheckScanner.obj
 0001:0000263d       ?AddRef@?$CComObject@VCOPOSCheckScanner@@@ATL@@WIA@AGKXZ 1000363d f i CheckScanner.obj
 0001:0000264a       ?Release@?$CComObject@VCOPOSCheckScanner@@@ATL@@WIA@AGKXZ 1000364a f i CheckScanner.obj
 0001:00002657       ?QueryInterface@?$CComObject@VCOPOSCheckScanner@@@ATL@@WIE@AGJABU_GUID@@PAPAX@Z 10003657 f i CheckScanner.obj
 0001:00002664       ?AddRef@?$CComObject@VCOPOSCheckScanner@@@ATL@@WIE@AGKXZ 10003664 f i CheckScanner.obj
 0001:00002671       ?Release@?$CComObject@VCOPOSCheckScanner@@@ATL@@WIE@AGKXZ 10003671 f i CheckScanner.obj
 0001:0000267e       ?QueryInterface@?$CComObject@VCOPOSCheckScanner@@@ATL@@WII@AGJABU_GUID@@PAPAX@Z 1000367e f i CheckScanner.obj
 0001:0000268b       ?AddRef@?$CComObject@VCOPOSCheckScanner@@@ATL@@WII@AGKXZ 1000368b f i CheckScanner.obj
 0001:00002698       ?Release@?$CComObject@VCOPOSCheckScanner@@@ATL@@WII@AGKXZ 10003698 f i CheckScanner.obj
 0001:000026a5       ?QueryInterface@?$CComObject@VCOPOSCheckScanner@@@ATL@@WIM@AGJABU_GUID@@PAPAX@Z 100036a5 f i CheckScanner.obj
 0001:000026b2       ?AddRef@?$CComObject@VCOPOSCheckScanner@@@ATL@@WIM@AGKXZ 100036b2 f i CheckScanner.obj
 0001:000026bf       ?Release@?$CComObject@VCOPOSCheckScanner@@@ATL@@WIM@AGKXZ 100036bf f i CheckScanner.obj
 0001:000026cc       ?QueryInterface@?$CComObject@VCOPOSCheckScanner@@@ATL@@WJA@AGJABU_GUID@@PAPAX@Z 100036cc f i CheckScanner.obj
 0001:000026d9       ?AddRef@?$CComObject@VCOPOSCheckScanner@@@ATL@@WJA@AGKXZ 100036d9 f i CheckScanner.obj
 0001:000026e6       ?Release@?$CComObject@VCOPOSCheckScanner@@@ATL@@WJA@AGKXZ 100036e6 f i CheckScanner.obj
 0001:000026f3       ?QueryInterface@?$CComObject@VCOPOSCheckScanner@@@ATL@@WJE@AGJABU_GUID@@PAPAX@Z 100036f3 f i CheckScanner.obj
 0001:00002700       ?AddRef@?$CComObject@VCOPOSCheckScanner@@@ATL@@WJE@AGKXZ 10003700 f i CheckScanner.obj
 0001:0000270d       ?Release@?$CComObject@VCOPOSCheckScanner@@@ATL@@WJE@AGKXZ 1000370d f i CheckScanner.obj
 0001:0000271a       ?QueryInterface@?$CComObject@VCOPOSCheckScanner@@@ATL@@WJI@AGJABU_GUID@@PAPAX@Z 1000371a f i CheckScanner.obj
 0001:00002727       ?AddRef@?$CComObject@VCOPOSCheckScanner@@@ATL@@WJI@AGKXZ 10003727 f i CheckScanner.obj
 0001:00002734       ?Release@?$CComObject@VCOPOSCheckScanner@@@ATL@@WJI@AGKXZ 10003734 f i CheckScanner.obj
 0001:00002741       ?QueryInterface@?$CComObject@VCOPOSCheckScanner@@@ATL@@WJM@AGJABU_GUID@@PAPAX@Z 10003741 f i CheckScanner.obj
 0001:0000274e       ?AddRef@?$CComObject@VCOPOSCheckScanner@@@ATL@@WJM@AGKXZ 1000374e f i CheckScanner.obj
 0001:0000275b       ?Release@?$CComObject@VCOPOSCheckScanner@@@ATL@@WJM@AGKXZ 1000375b f i CheckScanner.obj
 0001:00002768       ?QueryInterface@?$CComObject@VCOPOSCheckScanner@@@ATL@@WKA@AGJABU_GUID@@PAPAX@Z 10003768 f i CheckScanner.obj
 0001:00002775       ?AddRef@?$CComObject@VCOPOSCheckScanner@@@ATL@@WKA@AGKXZ 10003775 f i CheckScanner.obj
 0001:00002782       ?Release@?$CComObject@VCOPOSCheckScanner@@@ATL@@WKA@AGKXZ 10003782 f i CheckScanner.obj
 0001:0000278f       ?AddRef@?$CComObject@VCOPOSCheckScanner@@@ATL@@WKI@AGKXZ 1000378f f i CheckScanner.obj
 0001:0000279c       ?Release@?$CComObject@VCOPOSCheckScanner@@@ATL@@WKI@AGKXZ 1000379c f i CheckScanner.obj
 0001:000027a9       ?AddRef@?$CComObject@VCOPOSCheckScanner@@@ATL@@WLE@AGKXZ 100037a9 f i CheckScanner.obj
 0001:000027b6       ?Release@?$CComObject@VCOPOSCheckScanner@@@ATL@@WLE@AGKXZ 100037b6 f i CheckScanner.obj
 0001:000027c3       ??_E?$CComContainedObject@VCOPOSCheckScanner@@@ATL@@W3AEPAXI@Z 100037c3 f i CheckScanner.obj
 0001:000027cb       ??_E?$CComContainedObject@VCOPOSCheckScanner@@@ATL@@WEM@AEPAXI@Z 100037cb f i CheckScanner.obj
 0001:000027d3       ?QueryInterface@?$CComContainedObject@VCOPOSCheckScanner@@@ATL@@WHA@AGJABU_GUID@@PAPAX@Z 100037d3 f i CheckScanner.obj
 0001:000027dd       ?AddRef@?$CComContainedObject@VCOPOSCheckScanner@@@ATL@@WHA@AGKXZ 100037dd f i CheckScanner.obj
 0001:000027e7       ?Release@?$CComContainedObject@VCOPOSCheckScanner@@@ATL@@WHA@AGKXZ 100037e7 f i CheckScanner.obj
 0001:000027f1       ?QueryInterface@?$CComContainedObject@VCOPOSCheckScanner@@@ATL@@WHE@AGJABU_GUID@@PAPAX@Z 100037f1 f i CheckScanner.obj
 0001:000027fb       ?AddRef@?$CComContainedObject@VCOPOSCheckScanner@@@ATL@@WHE@AGKXZ 100037fb f i CheckScanner.obj
 0001:00002805       ?Release@?$CComContainedObject@VCOPOSCheckScanner@@@ATL@@WHE@AGKXZ 10003805 f i CheckScanner.obj
 0001:0000280f       ?QueryInterface@?$CComContainedObject@VCOPOSCheckScanner@@@ATL@@WHI@AGJABU_GUID@@PAPAX@Z 1000380f f i CheckScanner.obj
 0001:00002819       ?AddRef@?$CComContainedObject@VCOPOSCheckScanner@@@ATL@@WHI@AGKXZ 10003819 f i CheckScanner.obj
 0001:00002823       ?Release@?$CComContainedObject@VCOPOSCheckScanner@@@ATL@@WHI@AGKXZ 10003823 f i CheckScanner.obj
 0001:0000282d       ?QueryInterface@?$CComContainedObject@VCOPOSCheckScanner@@@ATL@@WHM@AGJABU_GUID@@PAPAX@Z 1000382d f i CheckScanner.obj
 0001:00002837       ?AddRef@?$CComContainedObject@VCOPOSCheckScanner@@@ATL@@WHM@AGKXZ 10003837 f i CheckScanner.obj
 0001:00002841       ?Release@?$CComContainedObject@VCOPOSCheckScanner@@@ATL@@WHM@AGKXZ 10003841 f i CheckScanner.obj
 0001:0000284b       ?QueryInterface@?$CComContainedObject@VCOPOSCheckScanner@@@ATL@@WIA@AGJABU_GUID@@PAPAX@Z 1000384b f i CheckScanner.obj
 0001:00002858       ?AddRef@?$CComContainedObject@VCOPOSCheckScanner@@@ATL@@WIA@AGKXZ 10003858 f i CheckScanner.obj
 0001:00002865       ?Release@?$CComContainedObject@VCOPOSCheckScanner@@@ATL@@WIA@AGKXZ 10003865 f i CheckScanner.obj
 0001:00002872       ?QueryInterface@?$CComContainedObject@VCOPOSCheckScanner@@@ATL@@WIE@AGJABU_GUID@@PAPAX@Z 10003872 f i CheckScanner.obj
 0001:0000287f       ?AddRef@?$CComContainedObject@VCOPOSCheckScanner@@@ATL@@WIE@AGKXZ 1000387f f i CheckScanner.obj
 0001:0000288c       ?Release@?$CComContainedObject@VCOPOSCheckScanner@@@ATL@@WIE@AGKXZ 1000388c f i CheckScanner.obj
 0001:00002899       ?QueryInterface@?$CComContainedObject@VCOPOSCheckScanner@@@ATL@@WII@AGJABU_GUID@@PAPAX@Z 10003899 f i CheckScanner.obj
 0001:000028a6       ?AddRef@?$CComContainedObject@VCOPOSCheckScanner@@@ATL@@WII@AGKXZ 100038a6 f i CheckScanner.obj
 0001:000028b3       ?Release@?$CComContainedObject@VCOPOSCheckScanner@@@ATL@@WII@AGKXZ 100038b3 f i CheckScanner.obj
 0001:000028c0       ?QueryInterface@?$CComContainedObject@VCOPOSCheckScanner@@@ATL@@WIM@AGJABU_GUID@@PAPAX@Z 100038c0 f i CheckScanner.obj
 0001:000028cd       ?AddRef@?$CComContainedObject@VCOPOSCheckScanner@@@ATL@@WIM@AGKXZ 100038cd f i CheckScanner.obj
 0001:000028da       ?Release@?$CComContainedObject@VCOPOSCheckScanner@@@ATL@@WIM@AGKXZ 100038da f i CheckScanner.obj
 0001:000028e7       ?QueryInterface@?$CComContainedObject@VCOPOSCheckScanner@@@ATL@@WJA@AGJABU_GUID@@PAPAX@Z 100038e7 f i CheckScanner.obj
 0001:000028f4       ?AddRef@?$CComContainedObject@VCOPOSCheckScanner@@@ATL@@WJA@AGKXZ 100038f4 f i CheckScanner.obj
 0001:00002901       ?Release@?$CComContainedObject@VCOPOSCheckScanner@@@ATL@@WJA@AGKXZ 10003901 f i CheckScanner.obj
 0001:0000290e       ?QueryInterface@?$CComContainedObject@VCOPOSCheckScanner@@@ATL@@WJE@AGJABU_GUID@@PAPAX@Z 1000390e f i CheckScanner.obj
 0001:0000291b       ?AddRef@?$CComContainedObject@VCOPOSCheckScanner@@@ATL@@WJE@AGKXZ 1000391b f i CheckScanner.obj
 0001:00002928       ?Release@?$CComContainedObject@VCOPOSCheckScanner@@@ATL@@WJE@AGKXZ 10003928 f i CheckScanner.obj
 0001:00002935       ?QueryInterface@?$CComContainedObject@VCOPOSCheckScanner@@@ATL@@WJI@AGJABU_GUID@@PAPAX@Z 10003935 f i CheckScanner.obj
 0001:00002942       ?AddRef@?$CComContainedObject@VCOPOSCheckScanner@@@ATL@@WJI@AGKXZ 10003942 f i CheckScanner.obj
 0001:0000294f       ?Release@?$CComContainedObject@VCOPOSCheckScanner@@@ATL@@WJI@AGKXZ 1000394f f i CheckScanner.obj
 0001:0000295c       ?QueryInterface@?$CComContainedObject@VCOPOSCheckScanner@@@ATL@@WJM@AGJABU_GUID@@PAPAX@Z 1000395c f i CheckScanner.obj
 0001:00002969       ?AddRef@?$CComContainedObject@VCOPOSCheckScanner@@@ATL@@WJM@AGKXZ 10003969 f i CheckScanner.obj
 0001:00002976       ?Release@?$CComContainedObject@VCOPOSCheckScanner@@@ATL@@WJM@AGKXZ 10003976 f i CheckScanner.obj
 0001:00002983       ?QueryInterface@?$CComContainedObject@VCOPOSCheckScanner@@@ATL@@WKA@AGJABU_GUID@@PAPAX@Z 10003983 f i CheckScanner.obj
 0001:00002990       ??$?4UITypeInfo2@@@?$CComPtr@UITypeInfo@@@ATL@@QAEPAUITypeInfo@@ABV?$CComPtr@UITypeInfo2@@@1@@Z 10003990 f i CheckScanner.obj
 0001:000029bd       ??$AtlAdd@K@ATL@@YAJPAKKK@Z 100039bd f i CheckScanner.obj
 0001:000029e0       ??$AtlAdd@_K@ATL@@YAJPA_K_K1@Z 100039e0 f i CheckScanner.obj
 0001:00002a18       ??$AtlAddThrow@K@ATL@@YAKKK@Z 10003a18 f i CheckScanner.obj
 0001:00002a3e       ??$AtlModuleRegisterWndClassInfoT@VAtlModuleRegisterWndClassInfoParamW@ATL@@@ATL@@YAGPAU_ATL_BASE_MODULE70@0@PAU_ATL_WIN_MODULE70@0@PAU_ATL_WNDCLASSINFOW@0@PAP6GJPAUHWND__@@IIJ@ZVAtlModuleRegisterWndClassInfoParamW@0@@Z 10003a3e f i CheckScanner.obj
 0001:00002b8c       ??$AtlMultiply@H@ATL@@YAJPAHHH@Z 10003b8c f i CheckScanner.obj
 0001:00002bc4       ??$AtlMultiply@I@ATL@@YAJPAIII@Z 10003bc4 f i CheckScanner.obj
 0001:00002bc4       ??$AtlMultiply@K@ATL@@YAJPAKKK@Z 10003bc4 f i CheckScanner.obj
 0001:00002be6       ??$AtlMultiplyThrow@I@ATL@@YAIII@Z 10003be6 f i CheckScanner.obj
 0001:00002c0c       ??0?$CComAggObject@VCOPOSCheckScanner@@@ATL@@QAE@PAX@Z 10003c0c f i CheckScanner.obj
 0001:00002c39       ??0?$CComContainedObject@VCOPOSCheckScanner@@@ATL@@QAE@PAX@Z 10003c39 f i CheckScanner.obj
 0001:00002cf2       ??0?$CComObject@V?$CComEnum@UIEnumConnectionPoints@@$1?_GUID_b196b285_bab4_101a_b69c_00aa00341d07@@3U__s_GUID@@BPAUIConnectionPoint@@V?$_CopyInterface@UIConnectionPoint@@@ATL@@VCComSingleThreadModel@6@@ATL@@@ATL@@QAE@PAX@Z 10003cf2 f i CheckScanner.obj
 0001:00002d20       ??0?$CComObject@V?$CComEnum@UIEnumConnections@@$1?_GUID_b196b287_bab4_101a_b69c_00aa00341d07@@3U__s_GUID@@BUtagCONNECTDATA@@V?$_Copy@UtagCONNECTDATA@@@ATL@@VCComSingleThreadModel@6@@ATL@@@ATL@@QAE@PAX@Z 10003d20 f i CheckScanner.obj
 0001:00002d4e       ??0?$CComObject@VCOPOSCheckScanner@@@ATL@@QAE@PAX@Z 10003d4e f i CheckScanner.obj
 0001:00002e05       ??0?$CComQIPtr@UIOleControlSite@@$1?_GUID_b196b289_bab4_101a_b69c_00aa00341d07@@3U__s_GUID@@B@ATL@@QAE@PAUIUnknown@@@Z 10003e05 f i CheckScanner.obj
 0001:00002e2e       ??0CAtlModule@ATL@@QAE@XZ  10003e2e f i CheckScanner.obj
 0001:00002e6f       ??0CParseBuffer@CRegParser@ATL@@QAE@H@Z 10003e6f f i CheckScanner.obj
 0001:00002ea5       ??0_ATL_MSG@ATL@@QAE@PAUHWND__@@IIJH@Z 10003ea5 f i CheckScanner.obj
 0001:00002edd       ??1?$CComAggObject@VCOPOSCheckScanner@@@ATL@@UAE@XZ 10003edd f i CheckScanner.obj
 0001:00002f01       ??1?$CComEnumImpl@UIEnumConnectionPoints@@$1?_GUID_b196b285_bab4_101a_b69c_00aa00341d07@@3U__s_GUID@@BPAUIConnectionPoint@@V?$_CopyInterface@UIConnectionPoint@@@ATL@@@ATL@@UAE@XZ 10003f01 f i CheckScanner.obj
 0001:00002f41       ??1?$CComEnumImpl@UIEnumConnections@@$1?_GUID_b196b287_bab4_101a_b69c_00aa00341d07@@3U__s_GUID@@BUtagCONNECTDATA@@V?$_Copy@UtagCONNECTDATA@@@ATL@@@ATL@@UAE@XZ 10003f41 f i CheckScanner.obj
 0001:00002f81       ??1?$CComObject@V?$CComEnum@UIEnumConnectionPoints@@$1?_GUID_b196b285_bab4_101a_b69c_00aa00341d07@@3U__s_GUID@@BPAUIConnectionPoint@@V?$_CopyInterface@UIConnectionPoint@@@ATL@@VCComSingleThreadModel@6@@ATL@@@ATL@@UAE@XZ 10003f81 f i CheckScanner.obj
 0001:00002fa4       ??1?$CComObject@V?$CComEnum@UIEnumConnections@@$1?_GUID_b196b287_bab4_101a_b69c_00aa00341d07@@3U__s_GUID@@BUtagCONNECTDATA@@V?$_Copy@UtagCONNECTDATA@@@ATL@@VCComSingleThreadModel@6@@ATL@@@ATL@@UAE@XZ 10003fa4 f i CheckScanner.obj
 0001:00002fc7       ??1?$CComObject@VCOPOSCheckScanner@@@ATL@@UAE@XZ 10003fc7 f i CheckScanner.obj
 0001:00003085       ??1?$CComObjectCached@VCComClassFactory@ATL@@@ATL@@UAE@XZ 10004085 f i CheckScanner.obj
 0001:0000309b       ??1?$CComObjectRootEx@VCComMultiThreadModel@ATL@@@ATL@@QAE@XZ 1000409b f i CheckScanner.obj
 0001:000030b0       ??1CRegObject@ATL@@UAE@XZ  100040b0 f i CheckScanner.obj
 0001:000030d0       ??4?$CComPtr@UIOleClientSite@@@ATL@@QAEPAUIOleClientSite@@PAU2@@Z 100040d0 f i CheckScanner.obj
 0001:000030d0       ??4?$CComPtr@UIAdviseSink@@@ATL@@QAEPAUIAdviseSink@@PAU2@@Z 100040d0 f i CheckScanner.obj
 0001:000030d0       ??4?$CComPtr@UIUnknown@@@ATL@@QAEPAUIUnknown@@PAU2@@Z 100040d0 f i CheckScanner.obj
 0001:00003104       ??_G?$CComContainedObject@VCOPOSCheckScanner@@@ATL@@UAEPAXI@Z 10004104 f i CheckScanner.obj
 0001:00003104       ??_E?$CComContainedObject@VCOPOSCheckScanner@@@ATL@@UAEPAXI@Z 10004104 f i CheckScanner.obj
 0001:00003129       ??_G?$CComObject@VCOPOSCheckScanner@@@ATL@@UAEPAXI@Z 10004129 f i CheckScanner.obj
 0001:00003129       ??_E?$CComObject@VCOPOSCheckScanner@@@ATL@@UAEPAXI@Z 10004129 f i CheckScanner.obj
 0001:0000314e       ?Add@?$CSimpleArray@GV?$CSimpleArrayEqualHelper@G@ATL@@@ATL@@QAEHABG@Z 1000414e f i CheckScanner.obj
 0001:000031d2       ?Add@?$CSimpleMap@PA_WPA_WVCExpansionVectorEqualHelper@ATL@@@ATL@@QAEHABQA_W0@Z 100041d2 f i CheckScanner.obj
 0001:00003227       ?Add@CComDynamicUnkArray@ATL@@QAEKPAUIUnknown@@@Z 10004227 f i CheckScanner.obj
 0001:000032dd       ?Add@CExpansionVector@ATL@@QAEHPB_W0@Z 100042dd f i CheckScanner.obj
 0001:000033e6       ?AddString@CParseBuffer@CRegParser@ATL@@QAEHPB_W@Z 100043e6 f i CheckScanner.obj
 0001:0000341b       ?AddTermFunc@CAtlModule@ATL@@QAEJP6GXK@ZK@Z 1000441b f i CheckScanner.obj
 0001:0000347e       ?AddValue@CRegParser@ATL@@IAEJAAVCRegKey@2@PB_WPA_W@Z 1000447e f i CheckScanner.obj
 0001:00003798       ?Allocate@?$CAtlSafeAllocBufferManager@VCCRTAllocator@ATL@@@_ATL_SAFE_ALLOCA_IMPL@ATL@@QAEPAXK@Z 10004798 f i CheckScanner.obj
 0001:000037c5       ?Allocate@?$CTempBuffer@E$0BAA@VCCRTAllocator@ATL@@@ATL@@QAEPAEI@Z 100047c5 f i CheckScanner.obj
 0001:000037f4       ?Allocate@?$CTempBuffer@_W$0BAA@VCCRTAllocator@ATL@@@ATL@@QAEPA_WI@Z 100047f4 f i CheckScanner.obj
 0001:00003823       ?Allocate@?$CTempBuffer@_W$0EAA@VCCRTAllocator@ATL@@@ATL@@QAEPA_WI@Z 10004823 f i CheckScanner.obj
 0001:00003852       ?AllocateHeap@?$CTempBuffer@_W$0EAA@VCCRTAllocator@ATL@@@ATL@@AAEXI@Z 10004852 f i CheckScanner.obj
 0001:00003852       ?AllocateHeap@?$CTempBuffer@_W$0BAA@VCCRTAllocator@ATL@@@ATL@@AAEXI@Z 10004852 f i CheckScanner.obj
 0001:00003852       ?AllocateHeap@?$CTempBuffer@E$0BAA@VCCRTAllocator@ATL@@@ATL@@AAEXI@Z 10004852 f i CheckScanner.obj
 0001:00003877       ?Append@CParseBuffer@CRegParser@ATL@@QAEHPB_WH@Z 10004877 f i CheckScanner.obj
 0001:00003905       ?AtlCoTaskMemCAlloc@ATL@@YAPAXKK@Z 10004905 f i CheckScanner.obj
 0001:00003932       ?AtlCoTaskMemRecalloc@ATL@@YAPAXPAXKK@Z 10004932 f i CheckScanner.obj
 0001:00003962       ?AtlComModuleGetClassObject@ATL@@YGJPAU_ATL_COM_MODULE70@1@ABU_GUID@@1PAPAX@Z 10004962 f i CheckScanner.obj
 0001:00003a55       ?AtlComModuleRegisterServer@ATL@@YGJPAU_ATL_COM_MODULE70@1@HPBU_GUID@@@Z 10004a55 f i CheckScanner.obj
 0001:00003add       ?AtlComModuleUnregisterServer@ATL@@YGJPAU_ATL_COM_MODULE70@1@HPBU_GUID@@@Z 10004add f i CheckScanner.obj
 0001:00003b65       ?AtlComQIPtrAssign2@ATL@@YAXPAPAUIUnknown@@PAU2@ABU_GUID@@@Z 10004b65 f i CheckScanner.obj
 0001:00003b94       ?AtlCreateTargetDC@ATL@@YGPAUHDC__@@PAU2@PAUtagDVTARGETDEVICE@@@Z 10004b94 f i CheckScanner.obj
 0001:00003bfd       ?AtlCrtErrorCheck@ATL@@YAHH@Z 10004bfd f i CheckScanner.obj
 0001:00003c38       ?AtlHiMetricToPixel@ATL@@YGXPBUtagSIZE@@PAU2@@Z 10004c38 f i CheckScanner.obj
 0001:00003cad       ?AtlHresultFromLastError@ATL@@YAJXZ 10004cad f i CheckScanner.obj
 0001:00003cc4       ?AtlHresultFromWin32@ATL@@YAJK@Z 10004cc4 f i CheckScanner.obj
 0001:00003cd9       ?AtlInternalOleLoadFromStream@ATL@@YAJPAUIStream@@ABU_GUID@@PAPAXTClassesAllowedInStream@1@K@Z 10004cd9 f i CheckScanner.obj
 0001:00003dff       ?AtlInternalQueryInterface@ATL@@YGJPAXPBU_ATL_INTMAP_ENTRY@1@ABU_GUID@@PAPAX@Z 10004dff f i CheckScanner.obj
 0001:00003ea2       ?AtlLoadTypeLib@ATL@@YGJPAUHINSTANCE__@@PB_WPAPA_WPAPAUITypeLib@@@Z 10004ea2 f i CheckScanner.obj
 0001:00004080       ?AtlRegisterClassCategoriesHelper@ATL@@YGJABU_GUID@@PBU_ATL_CATMAP_ENTRY@1@H@Z 10005080 f i CheckScanner.obj
 0001:0000437c       ?AtlRegisterTypeLib@ATL@@YGJPAUHINSTANCE__@@PB_W@Z 1000537c f i CheckScanner.obj
 0001:00004504       ?AtlThrowImpl@ATL@@YGXJ@Z  10005504 f i CheckScanner.obj
 0001:00004522       ?AtlUnRegisterTypeLib@ATL@@YGJPAUHINSTANCE__@@PB_W@Z 10005522 f i CheckScanner.obj
 0001:000045cd       ?AtlWinModuleAddCreateWndData@ATL@@YGXPAU_ATL_WIN_MODULE70@1@PAU_AtlCreateWndData@1@PAX@Z 100055cd f i CheckScanner.obj
 0001:00004621       ?AtlWinModuleExtractCreateWndData@ATL@@YGPAXPAU_ATL_WIN_MODULE70@1@@Z 10005621 f i CheckScanner.obj
 0001:00004684       ?AtlWinModuleRegisterClassExW@ATL@@YGGPAU_ATL_WIN_MODULE70@1@PBUtagWNDCLASSEXW@@@Z 10005684 f i CheckScanner.obj
 0001:000046c3       ?CanForceRemoveKey@CRegParser@ATL@@IAEHPB_W@Z 100056c3 f i CheckScanner.obj
 0001:000046f2       ?ChToByte@CRegParser@ATL@@KAE_W@Z 100056f2 f i CheckScanner.obj
 0001:00004725       ?Cleanup@CComTypeInfoHolder@ATL@@SGXK@Z 10005725 f i CheckScanner.obj
 0001:00004758       ?ClearReplacements@CExpansionVector@ATL@@QAEJXZ 10005758 f i CheckScanner.obj
 0001:00004795       ?Close@CRegKey@ATL@@QAEJXZ 10005795 f i CheckScanner.obj
 0001:000047af       ?CreateInstance@?$CComCreator@V?$CComAggObject@VCOPOSCheckScanner@@@ATL@@@ATL@@SGJPAXABU_GUID@@PAPAX@Z 100057af f i CheckScanner.obj
 0001:00004825       ?CreateInstance@?$CComCreator@V?$CComObject@VCOPOSCheckScanner@@@ATL@@@ATL@@SGJPAXABU_GUID@@PAPAX@Z 10005825 f i CheckScanner.obj
 0001:000048a6       ?CreateInstance@?$CComObject@V?$CComEnum@UIEnumConnectionPoints@@$1?_GUID_b196b285_bab4_101a_b69c_00aa00341d07@@3U__s_GUID@@BPAUIConnectionPoint@@V?$_CopyInterface@UIConnectionPoint@@@ATL@@VCComSingleThreadModel@6@@ATL@@@ATL@@SGJPAPAV12@@Z 100058a6 f i CheckScanner.obj
 0001:000048ed       ?CreateInstance@?$CComObject@V?$CComEnum@UIEnumConnections@@$1?_GUID_b196b287_bab4_101a_b69c_00aa00341d07@@3U__s_GUID@@BUtagCONNECTDATA@@V?$_Copy@UtagCONNECTDATA@@@ATL@@VCComSingleThreadModel@6@@ATL@@@ATL@@SGJPAPAV12@@Z 100058ed f i CheckScanner.obj
 0001:00004934       ?DefaultReflectionHandler@?$CWindowImplRoot@VCWindow@ATL@@@ATL@@SAHPAUHWND__@@IIJAAJ@Z 10005934 f i CheckScanner.obj
 0001:000049a7       ?DeleteSubKey@CRegKey@ATL@@QAEJPB_W@Z 100059a7 f i CheckScanner.obj
 0001:00004a20       ?DoEvent@COPOSCheckScanner@@IAEXIIJ@Z 10005a20 f i CheckScanner.obj
 0001:00004aa0       ?DoVerbHide@?$IOleObjectImpl@VCOPOSCheckScanner@@@ATL@@QAEJPBUtagRECT@@PAUHWND__@@@Z 10005aa0 f i CheckScanner.obj
 0001:00004ad6       ?DoVerbInPlaceActivate@?$IOleObjectImpl@VCOPOSCheckScanner@@@ATL@@QAEJPBUtagRECT@@PAUHWND__@@@Z 10005ad6 f i CheckScanner.obj
 0001:00004b09       ?DoVerbPrimary@?$IOleObjectImpl@VCOPOSCheckScanner@@@ATL@@QAEJPBUtagRECT@@PAUHWND__@@@Z 10005b09 f i CheckScanner.obj
 0001:00004b95       ?DoVerbProperties@CComControlBase@ATL@@QAEJPBUtagRECT@@PAUHWND__@@@Z 10005b95 f i CheckScanner.obj
 0001:00004d14       ?DoVerbUIActivate@?$IOleObjectImpl@VCOPOSCheckScanner@@@ATL@@QAEJPBUtagRECT@@PAUHWND__@@@Z 10005d14 f i CheckScanner.obj
 0001:00004d51       ?DoesVerbActivate@CComControlBase@ATL@@QAEHJ@Z 10005d51 f i CheckScanner.obj
 0001:00004d72       ?DoesVerbUIActivate@CComControlBase@ATL@@QAEHJ@Z 10005d72 f i CheckScanner.obj
 0001:00004da7       ?EndOfVar@CRegParser@ATL@@IAEHXZ 10005da7 f i CheckScanner.obj
 0001:00004dc7       ?EscapeSingleQuote@CAtlModule@ATL@@SAXPA_WIPB_W@Z 10005dc7 f i CheckScanner.obj
 0001:00004e16       ?FindKey@?$CSimpleMap@PA_WPA_WVCExpansionVectorEqualHelper@ATL@@@ATL@@QBEHABQA_W@Z 10005e16 f i CheckScanner.obj
 0001:00004e4d       ?FireTheEvent@?$CProxy_IOPOSEvents@VCOPOSCheckScanner@@@@IAEXPAVOposVariant@@IAAJPB_WJ@Z 10005e4d f i CheckScanner.obj
 0001:00004edf       ?FireViewChange@CComControlBase@ATL@@QAEJXZ 10005edf f i CheckScanner.obj
 0001:00004f28       ?Fire_DataEvent@?$CProxy_IOPOSEvents@VCOPOSCheckScanner@@@@QAEXJ@Z 10005f28 f i CheckScanner.obj
 0001:00004fbb       ?Fire_DirectIOEvent@?$CProxy_IOPOSEvents@VCOPOSCheckScanner@@@@QAEXJPAJPAPA_W@Z 10005fbb f i CheckScanner.obj
 0001:000050a4       ?Fire_ErrorEvent@?$CProxy_IOPOSEvents@VCOPOSCheckScanner@@@@QAEXJJJPAJ@Z 100060a4 f i CheckScanner.obj
 0001:0000518e       ?Fire_StatusUpdateEvent@?$CProxy_IOPOSEvents@VCOPOSCheckScanner@@@@QAEXJ@Z 1000618e f i CheckScanner.obj
 0001:00005221       ?FreeHeap@?$CTempBuffer@E$0BAA@VCCRTAllocator@ATL@@@ATL@@AAEXXZ 10006221 f i CheckScanner.obj
 0001:00005221       ?FreeHeap@?$CTempBuffer@_W$0BAA@VCCRTAllocator@ATL@@@ATL@@AAEXXZ 10006221 f i CheckScanner.obj
 0001:00005221       ?FreeHeap@?$CTempBuffer@_W$0EAA@VCCRTAllocator@ATL@@@ATL@@AAEXXZ 10006221 f i CheckScanner.obj
 0001:0000522a       ?GetAmbientLocaleID@CComControlBase@ATL@@QAEJAAK@Z 1000622a f i CheckScanner.obj
 0001:00005286       ?GetAmbientUserMode@CComControlBase@ATL@@QAEJAAH@Z 10006286 f i CheckScanner.obj
 0001:000052f6       ?GetAt@CComDynamicUnkArray@ATL@@QAEPAUIUnknown@@H@Z 100062f6 f i CheckScanner.obj
 0001:00005312       ?GetClassObject@CComModule@ATL@@QAEJABU_GUID@@0PAPAX@Z 10006312 f i CheckScanner.obj
 0001:000053b4       ?GetConnMap@COPOSCheckScanner@@SAPBU_ATL_CONNMAP_ENTRY@ATL@@PAH@Z 100063b4 f i CheckScanner.obj
 0001:00005424       ?GetCookie@CComDynamicUnkArray@ATL@@QAGKPAPAUIUnknown@@@Z 10006424 f i CheckScanner.obj
 0001:0000545c       ?GetIDsOfNames@CComTypeInfoHolder@ATL@@QAEJABU_GUID@@PAPA_WIKPAJ@Z 1000645c f i CheckScanner.obj
 0001:00005583       ?GetKeyAt@?$CSimpleMap@PA_WPA_WVCExpansionVectorEqualHelper@ATL@@@ATL@@QBEAAPA_WH@Z 10006583 f i CheckScanner.obj
 0001:000055a8       ?GetPagesHelper@?$ISpecifyPropertyPagesImpl@VCOPOSCheckScanner@@@ATL@@IAEJPAUtagCAUUID@@PBUATL_PROPMAP_ENTRY@2@@Z 100065a8 f i CheckScanner.obj
 0001:000056cf       ?GetProperty@?$CComPtr@UIDispatch@@@ATL@@SAJPAUIDispatch@@JPAUtagVARIANT@@@Z 100066cf f i CheckScanner.obj
 0001:0000571e       ?GetSizeMax@CComVariant@ATL@@QBEJPAT_ULARGE_INTEGER@@@Z 1000671e f i CheckScanner.obj
 0001:000058e4       ?GetTI@CComTypeInfoHolder@ATL@@QAEJK@Z 100068e4 f i CheckScanner.obj
 0001:00005ac3       ?GetTI@CComTypeInfoHolder@ATL@@QAEJKPAPAUITypeInfo@@@Z 10006ac3 f i CheckScanner.obj
 0001:00005b05       ?GetUnknown@CComDynamicUnkArray@ATL@@QAGPAUIUnknown@@K@Z 10006b05 f i CheckScanner.obj
 0001:00005b26       ?GetValueAt@?$CSimpleMap@PA_WPA_WVCExpansionVectorEqualHelper@ATL@@@ATL@@QBEAAPA_WH@Z 10006b26 f i CheckScanner.obj
 0001:00005b4c       ?GetZoomInfo@CComControlBase@ATL@@QAEXAAUATL_DRAWINFO@@@Z 10006b4c f i CheckScanner.obj
 0001:00005bdf       ?HKeyFromString@CRegParser@ATL@@KAPAUHKEY__@@PA_W@Z 10006bdf f i CheckScanner.obj
 0001:00005c0d       ?HasSubKeys@CRegParser@ATL@@IAEHPAUHKEY__@@@Z 10006c0d f i CheckScanner.obj
 0001:00005c42       ?IDataObject_GetData@CComControlBase@ATL@@QAEJPAUtagFORMATETC@@PAUtagSTGMEDIUM@@@Z 10006c42 f i CheckScanner.obj
 0001:00005de8       ?IOleInPlaceObject_InPlaceDeactivate@CComControlBase@ATL@@QAEJXZ 10006de8 f i CheckScanner.obj
 0001:00005e6f       ?IOleInPlaceObject_SetObjectRects@CComControlBase@ATL@@QAEJPBUtagRECT@@0@Z 10006e6f f i CheckScanner.obj
 0001:00005f3c       ?IOleInPlaceObject_UIDeactivate@CComControlBase@ATL@@QAEJXZ 10006f3c f i CheckScanner.obj
 0001:00005ffe       ?IOleObject_Advise@CComControlBase@ATL@@QAEJPAUIAdviseSink@@PAK@Z 10006ffe f i CheckScanner.obj
 0001:00006028       ?IOleObject_Close@CComControlBase@ATL@@QAEJK@Z 10007028 f i CheckScanner.obj
 0001:0000610c       ?IOleObject_GetClientSite@CComControlBase@ATL@@QAEJPAPAUIOleClientSite@@@Z 1000710c f i CheckScanner.obj
 0001:00006135       ?IOleObject_SetClientSite@CComControlBase@ATL@@QAEJPAUIOleClientSite@@@Z 10007135 f i CheckScanner.obj
 0001:00006174       ?IOleObject_SetExtent@CComControlBase@ATL@@QAEJKPAUtagSIZE@@@Z 10007174 f i CheckScanner.obj
 0001:00006228       ?IPSI_GetIPersistStreamInit@?$IPersistStorageImpl@VCOPOSCheckScanner@@@ATL@@AAEPAUIPersistStreamInit@@XZ 10007228 f i CheckScanner.obj
 0001:000062d0       ?IPersistStreamInit_Load@?$IPersistStreamInitImpl@VCOPOSCheckScanner@@@ATL@@QAEJPAUIStream@@PBUATL_PROPMAP_ENTRY@2@@Z 100072d0 f i CheckScanner.obj
 0001:0000654c       ?IPersistStreamInit_Save@?$IPersistStreamInitImpl@VCOPOSCheckScanner@@@ATL@@QAEJPAUIStream@@HPBUATL_PROPMAP_ENTRY@2@@Z 1000754c f i CheckScanner.obj
 0001:0000673a       ?IQuickActivate_QuickActivate@CComControlBase@ATL@@QAEJPAUtagQACONTAINER@@PAUtagQACONTROL@@@Z 1000773a f i CheckScanner.obj
 0001:0000697c       ?IViewObject_Draw@CComControlBase@ATL@@QAEJKJPAXPAUtagDVTARGETDEVICE@@PAUHDC__@@2PBU_RECTL@@3@Z 1000797c f i CheckScanner.obj
 0001:00006a24       ?InPlaceActivate@CComControlBase@ATL@@QAEJJPBUtagRECT@@@Z 10007a24 f i CheckScanner.obj
 0001:00006c95       ?Init@?$CComEnumImpl@UIEnumConnectionPoints@@$1?_GUID_b196b285_bab4_101a_b69c_00aa00341d07@@3U__s_GUID@@BPAUIConnectionPoint@@V?$_CopyInterface@UIConnectionPoint@@@ATL@@@ATL@@QAEJPAPAUIConnectionPoint@@0PAUIUnknown@@W4CComEnumFlags@2@@Z 10007c95 f i CheckScanner.obj
 0001:00006d74       ?Init@?$CComEnumImpl@UIEnumConnections@@$1?_GUID_b196b287_bab4_101a_b69c_00aa00341d07@@3U__s_GUID@@BUtagCONNECTDATA@@V?$_Copy@UtagCONNECTDATA@@@ATL@@@ATL@@QAEJPAUtagCONNECTDATA@@0PAUIUnknown@@W4CComEnumFlags@2@@Z 10007d74 f i CheckScanner.obj
 0001:00006e53       ?Init@CComModule@ATL@@QAEJPAU_ATL_OBJMAP_ENTRY30@2@PAUHINSTANCE__@@PBU_GUID@@@Z 10007e53 f i CheckScanner.obj
 0001:00006eb2       ?Init@CDynamicStdCallThunk2@ATL@@QAEHKPAX@Z 10007eb2 f i CheckScanner.obj
 0001:00006edd       ?InlineIsEqualUnknown@ATL@@YGHABU_GUID@@@Z 10007edd f i CheckScanner.obj
 0001:00006f05       ?InternalSetAtIndex@?$CSimpleMap@PA_WPA_WVCExpansionVectorEqualHelper@ATL@@@ATL@@QAEXHABQA_W0@Z 10007f05 f i CheckScanner.obj
 0001:00006f2f       ?Invoke@CComTypeInfoHolder@ATL@@QAEJPAUIDispatch@@JABU_GUID@@KGPAUtagDISPPARAMS@@PAUtagVARIANT@@PAUtagEXCEPINFO@@PAI@Z 10007f2f f i CheckScanner.obj
 0001:00006f72       ?IsEqualObject@?$CComPtrBase@UITypeInfo@@@ATL@@QAE_NPAUIUnknown@@@Z 10007f72 f i CheckScanner.obj
 0001:00006f72       ?IsEqualObject@?$CComPtrBase@UIOleClientSite@@@ATL@@QAE_NPAUIUnknown@@@Z 10007f72 f i CheckScanner.obj
 0001:00006fdf       ?IsSpace@CRegParser@ATL@@IAEH_W@Z 10007fdf f i CheckScanner.obj
 0001:00007009       ?LoadNameCache@CComTypeInfoHolder@ATL@@QAEJPAUITypeInfo@@@Z 10008009 f i CheckScanner.obj
 0001:00007155       ?Lookup@?$CSimpleMap@PA_WPA_WVCExpansionVectorEqualHelper@ATL@@@ATL@@QBEPA_WABQA_W@Z 10008155 f i CheckScanner.obj
 0001:0000717b       ?NextToken@CRegParser@ATL@@IAEJPA_W@Z 1000817b f i CheckScanner.obj
 0001:000072b3       ?OnKillFocus@CComControlBase@ATL@@QAEJIIJAAH@Z 100082b3 f i CheckScanner.obj
 0001:0000730e       ?OnMouseActivate@CComControlBase@ATL@@QAEJIIJAAH@Z 1000830e f i CheckScanner.obj
 0001:0000737c       ?OnPaint@CComControlBase@ATL@@QAEJIIJAAH@Z 1000837c f i CheckScanner.obj
 0001:0000742e       ?OnSetFocus@CComControlBase@ATL@@QAEJIIJAAH@Z 1000842e f i CheckScanner.obj
 0001:000074b7       ?Open@CRegKey@ATL@@QAEJPAUHKEY__@@PB_WK@Z 100084b7 f i CheckScanner.obj
 0001:0000750c       ?PreProcessBuffer@CRegParser@ATL@@QAEJPA_WPAPA_W@Z 1000850c f i CheckScanner.obj
 0001:00007776       ?ProcessWindowMessage@?$CComControl@VCOPOSCheckScanner@@V?$CWindowImpl@VCOPOSCheckScanner@@VCWindow@ATL@@V?$CWinTraits@$0FGAAAAAA@$0A@@3@@ATL@@@ATL@@UAEHPAUHWND__@@IIJAAJK@Z 10008776 f i CheckScanner.obj
 0001:00007815       ?ReadFromStream@CComBSTR@ATL@@QAEJPAUIStream@@@Z 10008815 f i CheckScanner.obj
 0001:00007943       ?ReadFromStream@CComVariant@ATL@@QAEJPAUIStream@@GTClassesAllowedInStream@2@K@Z 10008943 f i CheckScanner.obj
 0001:00007ac9       ?RecurseDeleteKey@CRegKey@ATL@@QAEJPB_W@Z 10008ac9 f i CheckScanner.obj
 0001:00007bb7       ?RegCreateKeyExW@CAtlTransactionManager@ATL@@QAEJPAUHKEY__@@PB_WKPA_WKKQAU_SECURITY_ATTRIBUTES@@PAPAU3@PAK@Z 10008bb7 f i CheckScanner.obj
 0001:00007c1a       ?RegDeleteKeyW@CAtlTransactionManager@ATL@@QAEJPAUHKEY__@@PB_W@Z 10008c1a f i CheckScanner.obj
 0001:00007c6c       ?RegOpenKeyExW@CAtlTransactionManager@ATL@@QAEJPAUHKEY__@@PB_WKKPAPAU3@@Z 10008c6c f i CheckScanner.obj
 0001:00007cc3       ?Register@_ATL_WNDCLASSINFOW@ATL@@QAEGPAP6GJPAUHWND__@@IIJ@Z@Z 10008cc3 f i CheckScanner.obj
 0001:00007ce3       ?RegisterBuffer@CRegParser@ATL@@QAEJPA_WH@Z 10008ce3 f i CheckScanner.obj
 0001:00007e1c       ?RegisterFromResource@CRegObject@ATL@@IAEJPB_W00H@Z 10008e1c f i CheckScanner.obj
 0001:00007f52       ?RegisterServer@?$CAtlModuleT@VCComModule@ATL@@@ATL@@QAEJHPBU_GUID@@@Z 10008f52 f i CheckScanner.obj
 0001:00007f80       ?RegisterServer@CComModule@ATL@@QAEJHPBU_GUID@@@Z 10008f80 f i CheckScanner.obj
 0001:00007ff6       ?RegisterSubkeys@CRegParser@ATL@@IAEJPA_WPAUHKEY__@@HH@Z 10008ff6 f i CheckScanner.obj
 0001:0000869d       ?Remove@CComDynamicUnkArray@ATL@@QAEHK@Z 1000969d f i CheckScanner.obj
 0001:000086c6       ?RemoveAll@?$CSimpleMap@PA_WPA_WVCExpansionVectorEqualHelper@ATL@@@ATL@@QAEXXZ 100096c6 f i CheckScanner.obj
 0001:000086f2       ?ResourceRegisterSz@CRegObject@ATL@@QAGJPB_W00@Z 100096f2 f i CheckScanner.obj
 0001:0000871f       ?ResourceUnregisterSz@CRegObject@ATL@@QAGJPB_W00@Z 1000971f f i CheckScanner.obj
 0001:0000874c       ?SendOnDataChange@CComControlBase@ATL@@QAEJK@Z 1000974c f i CheckScanner.obj
 0001:00008799       ?SetControlFocus@CComControlBase@ATL@@QAEHH@Z 10009799 f i CheckScanner.obj
 0001:00008836       ?SetMultiStringValue@CRegKey@ATL@@QAEJPB_W0@Z 10009836 f i CheckScanner.obj
 0001:00008892       ?SetStringValue@CRegKey@ATL@@QAEJPB_W0K@Z 10009892 f i CheckScanner.obj
 0001:000088db       ?SkipAssignment@CRegParser@ATL@@IAEJPA_W@Z 100098db f i CheckScanner.obj
 0001:00008940       ?SkipWhiteSpace@CRegParser@ATL@@IAEXXZ 10009940 f i CheckScanner.obj
 0001:00008962       ?StrChrW@CRegParser@ATL@@KAPA_WPA_W_W@Z 10009962 f i CheckScanner.obj
 0001:0000899f       ?Term@CAtlModule@ATL@@QAEXXZ 1000999f f i CheckScanner.obj
 0001:000089f2       ?Term@CComModule@ATL@@QAEXXZ 100099f2 f i CheckScanner.obj
 0001:00008a4a       ?UnregisterServer@?$CAtlModuleT@VCComModule@ATL@@@ATL@@QAEJHPBU_GUID@@@Z 10009a4a f i CheckScanner.obj
 0001:00008a70       ?UnregisterServer@CComModule@ATL@@QAEJHPBU_GUID@@@Z 10009a70 f i CheckScanner.obj
 0001:00008ae6       ?UpdateRegistryFromResource@CAtlModule@ATL@@QAGJIHPAU_ATL_REGMAP_ENTRY@2@@Z 10009ae6 f i CheckScanner.obj
 0001:00008cb1       ?UpdateRegistryFromResource@CAtlModule@ATL@@QAGJPB_WHPAU_ATL_REGMAP_ENTRY@2@@Z 10009cb1 f i CheckScanner.obj
 0001:00008e82       ?VTFromRegType@CRegParser@ATL@@KAHPB_WAAG@Z 10009e82 f i CheckScanner.obj
 0001:00008eef       ?WindowProc@?$CWindowImplBaseT@VCWindow@ATL@@V?$CWinTraits@$0FGAAAAAA@$0A@@2@@ATL@@SGJPAUHWND__@@IIJ@Z 10009eef f i CheckScanner.obj
 0001:00008fe1       ?WriteToStream@CComBSTR@ATL@@QAEJPAUIStream@@@Z 10009fe1 f i CheckScanner.obj
 0001:00009043       ?WriteToStream@CComVariant@ATL@@QAEJPAUIStream@@@Z 1000a043 f i CheckScanner.obj
 0001:000091bd       ?WriteToStream@CComVariant@ATL@@QAEJPAUIStream@@G@Z 1000a1bd f i CheckScanner.obj
 0001:00009226       ?_AtlInitialConstruct@?$CComObjectRootEx@VCComMultiThreadModel@ATL@@@ATL@@QAEJXZ 1000a226 f i CheckScanner.obj
 0001:0000923b       ?_AtlVerifyStackAvailable@_ATL_SAFE_ALLOCA_IMPL@ATL@@YA_NK@Z 1000a23b f i CheckScanner.obj
 0001:000092b9       ?atlCreate@?$CWindowImpl@VCOPOSCheckScanner@@VCWindow@ATL@@V?$CWinTraits@$0FGAAAAAA@$0A@@3@@ATL@@QAEPAUHWND__@@PAU3@V_U_RECT@2@PB_WKKV_U_MENUorID@2@PAX@Z 1000a2b9 f i CheckScanner.obj
 0001:000092fd       ?atlCreate@?$CWindowImplBaseT@VCWindow@ATL@@V?$CWinTraits@$0FGAAAAAA@$0A@@2@@ATL@@QAEPAUHWND__@@PAU3@V_U_RECT@2@PB_WKKV_U_MENUorID@2@GPAX@Z 1000a2fd f i CheckScanner.obj
 0001:00009399       ?copy@?$_Copy@UtagCONNECTDATA@@@ATL@@SAJPAUtagCONNECTDATA@@PBU3@@Z 1000a399 f i CheckScanner.obj
 0001:000093cf       ?copy@?$_CopyInterface@UIConnectionPoint@@@ATL@@SAJPAPAUIConnectionPoint@@PBQAU3@@Z 1000a3cf f i CheckScanner.obj
 0001:000093fd       ?memcpy_s@Checked@ATL@@YAXPAXIPBXI@Z 1000a3fd f i CheckScanner.obj
 0001:0000941c       ?ocscpy_s@@YA_NPA_WIPB_W@Z 1000a41c f i CheckScanner.obj
 0001:00009466       ?wcscpy_s@Checked@ATL@@YAXPA_WIPB_W@Z 1000a466 f i CheckScanner.obj
 0001:00009482       _DllCanUnloadNow@0         1000a482 f   CheckScanner.obj
 0001:0000948e       _DllGetClassObject@12      1000a48e f   CheckScanner.obj
 0001:0000949c       _DllMain@12                1000a49c f   CheckScanner.obj
 0001:000094de       _DllRegisterServer@0       1000a4de f   CheckScanner.obj
 0001:000094ed       _DllUnregisterServer@0     1000a4ed f   CheckScanner.obj
 0001:000094fc       _InlineIsEqualGUID         1000a4fc f i CheckScanner.obj
 0001:0000952c       ___local_stdio_printf_options 1000a52c f i CheckScanner.obj
 0001:00009532       __vswprintf_s_l            1000a532 f i CheckScanner.obj
 0001:000095df       _swprintf_s                1000a5df f i CheckScanner.obj
 0001:000095fb       ??0?$CComControl@VCOPOSCheckScanner@@V?$CWindowImpl@VCOPOSCheckScanner@@VCWindow@ATL@@V?$CWinTraits@$0FGAAAAAA@$0A@@3@@ATL@@@ATL@@QAE@XZ 1000a5fb f i CheckScannerImpl.obj
 0001:00009622       ??0?$CProxy_IOPOSEvents@VCOPOSCheckScanner@@@@QAE@XZ 1000a622 f i CheckScannerImpl.obj
 0001:00009642       ??0CComControlBase@ATL@@QAE@AAPAUHWND__@@@Z 1000a642 f i CheckScannerImpl.obj
 0001:0000968c       ??0COPOSCheckScanner@@QAE@XZ 1000a68c f   CheckScannerImpl.obj
 0001:000096c2       ??1?$CComControl@VCOPOSCheckScanner@@V?$CWindowImpl@VCOPOSCheckScanner@@VCWindow@ATL@@V?$CWinTraits@$0FGAAAAAA@$0A@@3@@ATL@@@ATL@@UAE@XZ 1000a6c2 f i CheckScannerImpl.obj
 0001:000096db       ??1?$IConnectionPointImpl@VCOPOSCheckScanner@@$1?IID_IPropertyNotifySink@@3U_GUID@@BVCComDynamicUnkArray@ATL@@@ATL@@QAE@XZ 1000a6db f i CheckScannerImpl.obj
 0001:000096db       ??1?$IConnectionPointImpl@VCOPOSCheckScanner@@$1?DIID__IOPOSCheckScannerEvents@@3U_GUID@@BVCComDynamicUnkArray@ATL@@@ATL@@QAE@XZ 1000a6db f i CheckScannerImpl.obj
 0001:00009718       ??1CComControlBase@ATL@@UAE@XZ 1000a718 f i CheckScannerImpl.obj
 0001:0000977b       ??1COPOSCheckScanner@@UAE@XZ 1000a77b f   CheckScannerImpl.obj
 0001:000097c3       ?BeginInsertion@COPOSCheckScanner@@UAGJJPAJ@Z 1000a7c3 f   CheckScannerImpl.obj
 0001:00009812       ?BeginRemoval@COPOSCheckScanner@@UAGJJPAJ@Z 1000a812 f   CheckScannerImpl.obj
 0001:00009861       ?CheckHealth@COPOSCheckScanner@@UAGJJPAJ@Z 1000a861 f   CheckScannerImpl.obj
 0001:000098b0       ?ClaimDevice@COPOSCheckScanner@@UAGJJPAJ@Z 1000a8b0 f   CheckScannerImpl.obj
 0001:00009925       ?ClearImage@COPOSCheckScanner@@UAGJJPAJ@Z 1000a925 f   CheckScannerImpl.obj
 0001:00009974       ?ClearInput@COPOSCheckScanner@@UAGJPAJ@Z 1000a974 f   CheckScannerImpl.obj
 0001:0000998f       ?ClearInputProperties@COPOSCheckScanner@@UAGJPAJ@Z 1000a98f f   CheckScannerImpl.obj
 0001:000099aa       ?Close@COPOSCheckScanner@@UAGJPAJ@Z 1000a9aa f   CheckScannerImpl.obj
 0001:00009a18       ?CompareFirmwareVersion@COPOSCheckScanner@@UAGJPA_WPAJ1@Z 1000aa18 f   CheckScannerImpl.obj
 0001:00009a98       ?DefineCropArea@COPOSCheckScanner@@UAGJJJJJJPAJ@Z 1000aa98 f   CheckScannerImpl.obj
 0001:00009b44       ?DirectIO@COPOSCheckScanner@@UAGJJPAJPAPA_W0@Z 1000ab44 f   CheckScannerImpl.obj
 0001:00009bf2       ?DoInvoke@COPOSCheckScanner@@IAEJJPAVOposVariant@@IHPAJ_N@Z 1000abf2 f   CheckScannerImpl.obj
 0001:00009cce       ?EndInsertion@COPOSCheckScanner@@UAGJPAJ@Z 1000acce f   CheckScannerImpl.obj
 0001:00009ce9       ?EndRemoval@COPOSCheckScanner@@UAGJPAJ@Z 1000ace9 f   CheckScannerImpl.obj
 0001:00009d04       ?EventClose@COPOSCheckScanner@@IAEXXZ 1000ad04 f i CheckScannerImpl.obj
 0001:00009d37       ?EventInit@COPOSCheckScanner@@IAEJXZ 1000ad37 f i CheckScannerImpl.obj
 0001:00009e03       ?EventUninit@COPOSCheckScanner@@IAEXXZ 1000ae03 f i CheckScannerImpl.obj
 0001:00009e55       ?EventWindowProc@COPOSCheckScanner@@IAGJIIJ@Z 1000ae55 f i CheckScannerImpl.obj
 0001:00009f29       ?FinalConstruct@COPOSCheckScanner@@QAEJXZ 1000af29 f   CheckScannerImpl.obj
 0001:00009f62       ?FireEventCleanup@COPOSCheckScanner@@IAEXXZ 1000af62 f i CheckScannerImpl.obj
 0001:00009f78       ?FireEventSetup@COPOSCheckScanner@@IAE_NXZ 1000af78 f i CheckScannerImpl.obj
 0001:00009fac       ?FreezeEvents@COPOSCheckScanner@@MAGJH@Z 1000afac f   CheckScannerImpl.obj
 0001:0000a00c       ?GetOposProp@COPOSCheckScanner@@IAEJJPAFJ@Z 1000b00c f   CheckScannerImpl.obj
 0001:0000a02f       ?GetOposProp@COPOSCheckScanner@@IAEJJPAJJ@Z 1000b02f f   CheckScannerImpl.obj
 0001:0000a0fe       ?GetOposProp@COPOSCheckScanner@@IAEJJPAPA_WJ@Z 1000b0fe f   CheckScannerImpl.obj
 0001:0000a1da       ?OnDraw@COPOSCheckScanner@@MAEJAAUATL_DRAWINFO@@@Z 1000b1da f   CheckScannerImpl.obj
 0001:0000a27a       ?Open@COPOSCheckScanner@@UAGJPA_WPAJ@Z 1000b27a f   CheckScannerImpl.obj
 0001:0000aac0       ?ReleaseDevice@COPOSCheckScanner@@UAGJPAJ@Z 1000bac0 f   CheckScannerImpl.obj
 0001:0000ab0f       ?ResetStatistics@COPOSCheckScanner@@UAGJPA_WPAJ@Z 1000bb0f f   CheckScannerImpl.obj
 0001:0000ab66       ?RetrieveImage@COPOSCheckScanner@@UAGJJPAJ@Z 1000bb66 f   CheckScannerImpl.obj
 0001:0000abb5       ?RetrieveMemory@COPOSCheckScanner@@UAGJJPAJ@Z 1000bbb5 f   CheckScannerImpl.obj
 0001:0000ac04       ?RetrieveStatistics@COPOSCheckScanner@@UAGJPAPA_WPAJ@Z 1000bc04 f   CheckScannerImpl.obj
 0001:0000ac5b       ?SOProcessID@COPOSCheckScanner@@UAGJPAJ@Z 1000bc5b f   CheckScannerImpl.obj
 0001:0000ac6f       ?SetCOFreezeEvents@COPOSCheckScanner@@IAEXF@Z 1000bc6f f   CheckScannerImpl.obj
 0001:0000ad0f       ?SetOposProp@COPOSCheckScanner@@IAEJJJJ@Z 1000bd0f f   CheckScannerImpl.obj
 0001:0000ae06       ?SetOposProp@COPOSCheckScanner@@IAEJJPA_WJ@Z 1000be06 f   CheckScannerImpl.obj
 0001:0000af07       ?StoreImage@COPOSCheckScanner@@UAGJJPAJ@Z 1000bf07 f   CheckScannerImpl.obj
 0001:0000af56       ?UpdateFirmware@COPOSCheckScanner@@UAGJPA_WPAJ@Z 1000bf56 f   CheckScannerImpl.obj
 0001:0000afad       ?UpdateStatistics@COPOSCheckScanner@@UAGJPA_WPAJ@Z 1000bfad f   CheckScannerImpl.obj
 0001:0000b004       ?get_AutoDisable@COPOSCheckScanner@@UAGJPAF@Z 1000c004 f   CheckScannerImpl.obj
 0001:0000b01a       ?get_BinaryConversion@COPOSCheckScanner@@UAGJPAJ@Z 1000c01a f   CheckScannerImpl.obj
 0001:0000b030       ?get_CapAutoContrast@COPOSCheckScanner@@UAGJPAF@Z 1000c030 f   CheckScannerImpl.obj
 0001:0000b049       ?get_CapAutoGenerateFileID@COPOSCheckScanner@@UAGJPAF@Z 1000c049 f   CheckScannerImpl.obj
 0001:0000b062       ?get_CapAutoGenerateImageTagData@COPOSCheckScanner@@UAGJPAF@Z 1000c062 f   CheckScannerImpl.obj
 0001:0000b07b       ?get_CapAutoSize@COPOSCheckScanner@@UAGJPAF@Z 1000c07b f   CheckScannerImpl.obj
 0001:0000b094       ?get_CapColor@COPOSCheckScanner@@UAGJPAJ@Z 1000c094 f   CheckScannerImpl.obj
 0001:0000b0ad       ?get_CapCompareFirmwareVersion@COPOSCheckScanner@@UAGJPAF@Z 1000c0ad f   CheckScannerImpl.obj
 0001:0000b0c6       ?get_CapConcurrentMICR@COPOSCheckScanner@@UAGJPAF@Z 1000c0c6 f   CheckScannerImpl.obj
 0001:0000b0df       ?get_CapContrast@COPOSCheckScanner@@UAGJPAF@Z 1000c0df f   CheckScannerImpl.obj
 0001:0000b0f8       ?get_CapDefineCropArea@COPOSCheckScanner@@UAGJPAF@Z 1000c0f8 f   CheckScannerImpl.obj
 0001:0000b111       ?get_CapImageFormat@COPOSCheckScanner@@UAGJPAJ@Z 1000c111 f   CheckScannerImpl.obj
 0001:0000b12a       ?get_CapImageTagData@COPOSCheckScanner@@UAGJPAF@Z 1000c12a f   CheckScannerImpl.obj
 0001:0000b143       ?get_CapMICRDevice@COPOSCheckScanner@@UAGJPAF@Z 1000c143 f   CheckScannerImpl.obj
 0001:0000b15c       ?get_CapPowerReporting@COPOSCheckScanner@@UAGJPAJ@Z 1000c15c f   CheckScannerImpl.obj
 0001:0000b175       ?get_CapStatisticsReporting@COPOSCheckScanner@@UAGJPAF@Z 1000c175 f   CheckScannerImpl.obj
 0001:0000b18e       ?get_CapStoreImageFiles@COPOSCheckScanner@@UAGJPAF@Z 1000c18e f   CheckScannerImpl.obj
 0001:0000b1a7       ?get_CapUpdateFirmware@COPOSCheckScanner@@UAGJPAF@Z 1000c1a7 f   CheckScannerImpl.obj
 0001:0000b1c0       ?get_CapUpdateStatistics@COPOSCheckScanner@@UAGJPAF@Z 1000c1c0 f   CheckScannerImpl.obj
 0001:0000b1d9       ?get_CapValidationDevice@COPOSCheckScanner@@UAGJPAF@Z 1000c1d9 f   CheckScannerImpl.obj
 0001:0000b1f2       ?get_CheckHealthText@COPOSCheckScanner@@UAGJPAPA_W@Z 1000c1f2 f   CheckScannerImpl.obj
 0001:0000b20b       ?get_Claimed@COPOSCheckScanner@@UAGJPAF@Z 1000c20b f   CheckScannerImpl.obj
 0001:0000b221       ?get_Color@COPOSCheckScanner@@UAGJPAJ@Z 1000c221 f   CheckScannerImpl.obj
 0001:0000b23a       ?get_ConcurrentMICR@COPOSCheckScanner@@UAGJPAF@Z 1000c23a f   CheckScannerImpl.obj
 0001:0000b253       ?get_Contrast@COPOSCheckScanner@@UAGJPAJ@Z 1000c253 f   CheckScannerImpl.obj
 0001:0000b26c       ?get_ControlObjectDescription@COPOSCheckScanner@@UAGJPAPA_W@Z 1000c26c f   CheckScannerImpl.obj
 0001:0000b2ba       ?get_ControlObjectVersion@COPOSCheckScanner@@UAGJPAJ@Z 1000c2ba f   CheckScannerImpl.obj
 0001:0000b2cd       ?get_CropAreaCount@COPOSCheckScanner@@UAGJPAJ@Z 1000c2cd f   CheckScannerImpl.obj
 0001:0000b2e6       ?get_DataCount@COPOSCheckScanner@@UAGJPAJ@Z 1000c2e6 f   CheckScannerImpl.obj
 0001:0000b2fc       ?get_DataEventEnabled@COPOSCheckScanner@@UAGJPAF@Z 1000c2fc f   CheckScannerImpl.obj
 0001:0000b312       ?get_DeviceDescription@COPOSCheckScanner@@UAGJPAPA_W@Z 1000c312 f   CheckScannerImpl.obj
 0001:0000b32b       ?get_DeviceEnabled@COPOSCheckScanner@@UAGJPAF@Z 1000c32b f   CheckScannerImpl.obj
 0001:0000b341       ?get_DeviceName@COPOSCheckScanner@@UAGJPAPA_W@Z 1000c341 f   CheckScannerImpl.obj
 0001:0000b35a       ?get_DocumentHeight@COPOSCheckScanner@@UAGJPAJ@Z 1000c35a f   CheckScannerImpl.obj
 0001:0000b373       ?get_DocumentWidth@COPOSCheckScanner@@UAGJPAJ@Z 1000c373 f   CheckScannerImpl.obj
 0001:0000b38c       ?get_FileID@COPOSCheckScanner@@UAGJPAPA_W@Z 1000c38c f   CheckScannerImpl.obj
 0001:0000b3a5       ?get_FileIndex@COPOSCheckScanner@@UAGJPAJ@Z 1000c3a5 f   CheckScannerImpl.obj
 0001:0000b3be       ?get_FreezeEvents@COPOSCheckScanner@@UAGJPAF@Z 1000c3be f   CheckScannerImpl.obj
 0001:0000b3d4       ?get_ImageData@COPOSCheckScanner@@UAGJPAPA_W@Z 1000c3d4 f   CheckScannerImpl.obj
 0001:0000b3ed       ?get_ImageFormat@COPOSCheckScanner@@UAGJPAJ@Z 1000c3ed f   CheckScannerImpl.obj
 0001:0000b406       ?get_ImageMemoryStatus@COPOSCheckScanner@@UAGJPAJ@Z 1000c406 f   CheckScannerImpl.obj
 0001:0000b41f       ?get_ImageTagData@COPOSCheckScanner@@UAGJPAPA_W@Z 1000c41f f   CheckScannerImpl.obj
 0001:0000b438       ?get_MapMode@COPOSCheckScanner@@UAGJPAJ@Z 1000c438 f   CheckScannerImpl.obj
 0001:0000b451       ?get_MaxCropAreas@COPOSCheckScanner@@UAGJPAJ@Z 1000c451 f   CheckScannerImpl.obj
 0001:0000b46a       ?get_OpenResult@COPOSCheckScanner@@UAGJPAJ@Z 1000c46a f   CheckScannerImpl.obj
 0001:0000b481       ?get_PowerNotify@COPOSCheckScanner@@UAGJPAJ@Z 1000c481 f   CheckScannerImpl.obj
 0001:0000b497       ?get_PowerState@COPOSCheckScanner@@UAGJPAJ@Z 1000c497 f   CheckScannerImpl.obj
 0001:0000b4ad       ?get_Quality@COPOSCheckScanner@@UAGJPAJ@Z 1000c4ad f   CheckScannerImpl.obj
 0001:0000b4c6       ?get_QualityList@COPOSCheckScanner@@UAGJPAPA_W@Z 1000c4c6 f   CheckScannerImpl.obj
 0001:0000b4df       ?get_RemainingImagesEstimate@COPOSCheckScanner@@UAGJPAJ@Z 1000c4df f   CheckScannerImpl.obj
 0001:0000b4f8       ?get_ResultCode@COPOSCheckScanner@@UAGJPAJ@Z 1000c4f8 f   CheckScannerImpl.obj
 0001:0000b536       ?get_ResultCodeExtended@COPOSCheckScanner@@UAGJPAJ@Z 1000c536 f   CheckScannerImpl.obj
 0001:0000b54c       ?get_ServiceObjectDescription@COPOSCheckScanner@@UAGJPAPA_W@Z 1000c54c f   CheckScannerImpl.obj
 0001:0000b565       ?get_ServiceObjectVersion@COPOSCheckScanner@@UAGJPAJ@Z 1000c565 f   CheckScannerImpl.obj
 0001:0000b57b       ?get_State@COPOSCheckScanner@@UAGJPAJ@Z 1000c57b f   CheckScannerImpl.obj
 0001:0000b5a7       ?put_AutoDisable@COPOSCheckScanner@@UAGJF@Z 1000c5a7 f   CheckScannerImpl.obj
 0001:0000b5c4       ?put_BinaryConversion@COPOSCheckScanner@@UAGJJ@Z 1000c5c4 f   CheckScannerImpl.obj
 0001:0000b5da       ?put_Color@COPOSCheckScanner@@UAGJJ@Z 1000c5da f   CheckScannerImpl.obj
 0001:0000b5f3       ?put_ConcurrentMICR@COPOSCheckScanner@@UAGJF@Z 1000c5f3 f   CheckScannerImpl.obj
 0001:0000b613       ?put_Contrast@COPOSCheckScanner@@UAGJJ@Z 1000c613 f   CheckScannerImpl.obj
 0001:0000b62c       ?put_DataEventEnabled@COPOSCheckScanner@@UAGJF@Z 1000c62c f   CheckScannerImpl.obj
[...]
 0002:000033d8       ?_mb_locale_names@@3QBQB_WB 100223d8     libucrt:mbctype.obj
 0002:00003c20       ?LcidToLocaleNameTable@?A0x881e4c05@@3QBULcidToLocaleName@1@B 10022c20     libucrt:lcidtoname_downlevel.obj
 0002:00004d48       ?LocaleNameToIndexTable@?A0x881e4c05@@3QBULocaleNameIndex@1@B 10023d48     libucrt:lcidtoname_downlevel.obj
 0002:000065a0       ?large_power_indices@?1??multiply_by_power_of_ten@__crt_strtox@@YA_NAAUbig_integer@2@I@Z@4QBUunpack_index@?1??12@YA_N0I@Z@B 100255a0     libucrt:cfout.obj
 0002:00006680       LOG_name                   10025680     libucrt:log10_impl.obj
 0002:00006690       _One                       10025690     libucrt:ceil_pentium4.obj
 0002:000066a0       _Bns                       100256a0     libucrt:ceil_pentium4.obj
 0002:000066b0       _Zero                      100256b0     libucrt:ceil_pentium4.obj
 0002:000066c0       _S                         100256c0     libucrt:ceil_pentium4.obj
 0002:000066d0       _NegZero                   100256d0     libucrt:ceil_pentium4.obj
 0002:000066e0       emask                      100256e0     libucrt:log10_pentium4.obj
 0002:000066f0       CC                         100256f0     libucrt:log10_pentium4.obj
 0002:00006700       Magic                      10025700     libucrt:log10_pentium4.obj
 0002:00006710       hi_mask                    10025710     libucrt:log10_pentium4.obj
 0002:00006720       LOG10_2                    10025720     libucrt:log10_pentium4.obj
 0002:00006730       place_L                    10025730     libucrt:log10_pentium4.obj
 0002:00006750       One                        10025750     libucrt:log10_pentium4.obj
 0002:00006760       Zero                       10025760     libucrt:log10_pentium4.obj
 0002:00006770       Two52                      10025770     libucrt:log10_pentium4.obj
 0002:00006780       Infs                       10025780     libucrt:log10_pentium4.obj
 0002:00006790       NaN                        10025790     libucrt:log10_pentium4.obj
 0002:000067a0       coeff                      100257a0     libucrt:log10_pentium4.obj
 0002:000067fe       _log2max                   100257fe     libucrt:87tran.obj
 0002:00006808       _smallarg                  10025808     libucrt:87tran.obj
 0002:00006812       _half                      10025812     libucrt:87tran.obj
 0002:0000685e       One                        1002585e     libucrt:87disp.obj
 0002:00006866       Three                      10025866     libucrt:87disp.obj
 0002:0000686e       XAMtoTagTab                1002586e     libucrt:87disp.obj
 0002:00006880       One                        10025880     libucrt:common.obj
 0002:00006894       DblMax                     10025894     libucrt:common.obj
 0002:0000689c       DblMin                     1002589c     libucrt:common.obj
 0002:000068a4       IeeeAdjO                   100258a4     libucrt:common.obj
 0002:000068ac       IeeeAdjU                   100258ac     libucrt:common.obj
 0002:000068b4       _infinity                  100258b4     libucrt:common.obj
 0002:000068bc       _zero                      100258bc     libucrt:common.obj
 0002:00006908       _over                      10025908     libucrt:fpctrl.obj
 0002:00006914       _under                     10025914     libucrt:fpctrl.obj
 0002:00007148       ?_names@?1??_get_fname@@9@9 10026148     libucrt:fpexcept.obj
 0002:000072f0       two32                      100262f0     LIBCMT:ftol2.obj
 0002:000072f4       two63                      100262f4     LIBCMT:ftol2.obj
 0002:000072f8       _NaN                       100262f8     LIBCMT:ftol2.obj
 0002:000079a8       __sehtable$?_AtlVerifyStackAvailable@_ATL_SAFE_ALLOCA_IMPL@ATL@@YA_NK@Z 100269a8     CheckScanner.obj
 0002:000079c8       __sehtable$___scrt_is_nonwritable_in_current_image 100269c8     LIBCMT:utility.obj
 0002:000079e4       __catchsym$??2@YAPAXIABUnothrow_t@std@@@Z$2 100269e4     LIBCMT:new_scalar_nothrow.obj
 0002:000079f4       __unwindtable$??2@YAPAXIABUnothrow_t@std@@@Z 100269f4     LIBCMT:new_scalar_nothrow.obj
 0002:00007a04       __tryblocktable$??2@YAPAXIABUnothrow_t@std@@@Z 10026a04     LIBCMT:new_scalar_nothrow.obj
 0002:00007a18       __ehfuncinfo$??2@YAPAXIABUnothrow_t@std@@@Z 10026a18     LIBCMT:new_scalar_nothrow.obj
 0002:00007a40       __sehtable$?dllmain_crt_process_attach@@YAHQAUHINSTANCE__@@QAX@Z 10026a40     LIBCMT:dll_dllmain.obj
 0002:00007a60       __sehtable$?dllmain_crt_process_detach@@YAH_N@Z 10026a60     LIBCMT:dll_dllmain.obj
 0002:00007a88       __sehtable$?dllmain_dispatch@@YAHQAUHINSTANCE__@@KQAX@Z 10026a88     LIBCMT:dll_dllmain.obj
 0002:00007b38       __sehtable$___DestructExceptionObject 10026b38     libvcruntime:ehhelpers.obj
 0002:00007b58       __sehtable$?FrameUnwindToState@__FrameHandler3@@SAXPAUEHRegistrationNode@@PAXPBU_s_FuncInfo@@H@Z 10026b58     libvcruntime:frame.obj
 0002:00007b80       __sehtable$?CallCatchBlock@@YAPAXPAUEHExceptionRecord@@PAUEHRegistrationNode@@PAU_CONTEXT@@PBU_s_FuncInfo@@PAXHK@Z 10026b80     libvcruntime:frame.obj
 0002:00007ba8       __catchsym$?CallUnexpected@@YAXPBU_s_ESTypeList@@@Z$2 10026ba8     libvcruntime:frame.obj
 0002:00007bb8       __unwindtable$?CallUnexpected@@YAXPBU_s_ESTypeList@@@Z 10026bb8     libvcruntime:frame.obj
 0002:00007bc8       __tryblocktable$?CallUnexpected@@YAXPBU_s_ESTypeList@@@Z 10026bc8     libvcruntime:frame.obj
 0002:00007bdc       __ehfuncinfo$?CallUnexpected@@YAXPBU_s_ESTypeList@@@Z 10026bdc     libvcruntime:frame.obj
 0002:00007c00       __sehtable$??$BuildCatchObjectHelperInternal@V__FrameHandler3@@@@YAHPAUEHExceptionRecord@@PAXPBU_s_HandlerType@@PBU_s_CatchableType@@@Z 10026c00     libvcruntime:frame.obj
 0002:00007c20       __sehtable$??$BuildCatchObjectInternal@V__FrameHandler3@@@@YAXPAUEHExceptionRecord@@PAXPBU_s_HandlerType@@PBU_s_CatchableType@@@Z 10026c20     libvcruntime:frame.obj
 0002:00007c78       __sehtable$??R<lambda_6e4b09c48022b2350581041d5f6b0c4c>@@QBE@XZ 10026c78     libucrt:exit.obj
 0002:00007c98       __sehtable$??$?RV<lambda_03b1d95aef87969028cfba75ccab2455>@@AAV<lambda_6e4b09c48022b2350581041d5f6b0c4c>@@V<lambda_22bdf7517842c4b3e53723af5aa32b9e>@@@?$__crt_seh_guarded_call@X@@QAEX$$QAV<lambda_03b1d95aef87969028cfba75ccab2455>@@AAV<lambda_6e4b09c48022b2350581041d5f6b0c4c>@@$$QAV<lambda_22bdf7517842c4b3e53723af5aa32b9e>@@@Z 10026c98     libucrt:exit.obj
 0002:00007cb8       __sehtable$??$?RV<lambda_8e746cf0007f6ed984d6f78af1fec997>@@AAV<lambda_22ebabd17bc4fa466a2aca6d8deb888d>@@V<lambda_18ed0c0b38a6dc0daf1e7ac6d6adf05e>@@@?$__crt_seh_guarded_call@H@@QAEH$$QAV<lambda_8e746cf0007f6ed984d6f78af1fec997>@@AAV<lambda_22ebabd17bc4fa466a2aca6d8deb888d>@@$$QAV<lambda_18ed0c0b38a6dc0daf1e7ac6d6adf05e>@@@Z 10026cb8     libucrt:onexit.obj
 0002:00007cd8       __sehtable$??$?RV<lambda_69a2805e680e0e292e8ba93315fe43a8>@@AAV<lambda_f03950bc5685219e0bcd2087efbe011e>@@V<lambda_03fcd07e894ec930e3f35da366ca99d6>@@@?$__crt_seh_guarded_call@H@@QAEH$$QAV<lambda_69a2805e680e0e292e8ba93315fe43a8>@@AAV<lambda_f03950bc5685219e0bcd2087efbe011e>@@$$QAV<lambda_03fcd07e894ec930e3f35da366ca99d6>@@@Z 10026cd8     libucrt:onexit.obj
 0002:00007cf8       __sehtable$__query_new_handler 10026cf8     libucrt:new_handler.obj
 0002:00007d18       __sehtable$_terminate      10026d18     libucrt:terminate.obj
 0002:00007d38       __sehtable$??$?RV<lambda_15ade71b0218206bbe3333a0c9b79046>@@AAV<lambda_da44e0f8b0f19ba52fefafb335991732>@@V<lambda_207f2d024fc103971653565357d6cd41>@@@?$__crt_seh_guarded_call@X@@QAEX$$QAV<lambda_15ade71b0218206bbe3333a0c9b79046>@@AAV<lambda_da44e0f8b0f19ba52fefafb335991732>@@$$QAV<lambda_207f2d024fc103971653565357d6cd41>@@@Z 10026d38     libucrt:per_thread_data.obj
 0002:00007d58       __sehtable$??$?RV<lambda_a7e850c220f1c8d1e6efeecdedd162c6>@@AAV<lambda_46720907175c18b6c9d2717bc0d2d362>@@V<lambda_9048902d66e8d99359bc9897bbb930a8>@@@?$__crt_seh_guarded_call@X@@QAEX$$QAV<lambda_a7e850c220f1c8d1e6efeecdedd162c6>@@AAV<lambda_46720907175c18b6c9d2717bc0d2d362>@@$$QAV<lambda_9048902d66e8d99359bc9897bbb930a8>@@@Z 10026d58     libucrt:per_thread_data.obj
 0002:00007d78       __sehtable$??$?RV<lambda_38edbb1296d33220d7e4dd0ed76b244a>@@AAV<lambda_5ce1d447e08cb34b2473517608e21441>@@V<lambda_fb385d3da700c9147fc39e65dd577a8c>@@@?$__crt_seh_guarded_call@X@@QAEX$$QAV<lambda_38edbb1296d33220d7e4dd0ed76b244a>@@AAV<lambda_5ce1d447e08cb34b2473517608e21441>@@$$QAV<lambda_fb385d3da700c9147fc39e65dd577a8c>@@@Z 10026d78     libucrt:per_thread_data.obj
 0002:00007d98       __sehtable$??$?RV<lambda_6affb1475c98b40b75cdec977db92e3c>@@AAV<lambda_b8d4b9c228a6ecc3f80208dbb4b4a104>@@V<lambda_608742c3c92a14382c1684fc64f96c88>@@@?$__crt_seh_guarded_call@X@@QAEX$$QAV<lambda_6affb1475c98b40b75cdec977db92e3c>@@AAV<lambda_b8d4b9c228a6ecc3f80208dbb4b4a104>@@$$QAV<lambda_608742c3c92a14382c1684fc64f96c88>@@@Z 10026d98     libucrt:per_thread_data.obj
 0002:00007db8       __sehtable$??$?RV<lambda_e5124f882df8998aaf41531e079ba474>@@AAV<lambda_3e16ef9562a7dcce91392c22ab16ea36>@@V<lambda_e25ca0880e6ef98be67edffd8c599615>@@@?$__crt_seh_guarded_call@X@@QAEX$$QAV<lambda_e5124f882df8998aaf41531e079ba474>@@AAV<lambda_3e16ef9562a7dcce91392c22ab16ea36>@@$$QAV<lambda_e25ca0880e6ef98be67edffd8c599615>@@@Z 10026db8     libucrt:wsetlocale.obj
 0002:00007dd8       __sehtable$___acrt_initialize_lowio 10026dd8     libucrt:ioinit.obj
 0002:00007df8       __sehtable$?update_thread_multibyte_data_internal@@YAPAU__crt_multibyte_data@@QAU__acrt_ptd@@QAPAU1@@Z 10026df8     libucrt:mbctype.obj
 0002:00007e18       __sehtable$??$?RV<lambda_ceb1ee4838e85a9d631eb091e2fbe199>@@AAV<lambda_ae742caa10f662c28703da3d2ea5e57e>@@V<lambda_cd08b5d6af4937fe54fc07d0c9bf6b37>@@@?$__crt_seh_guarded_call@X@@QAEX$$QAV<lambda_ceb1ee4838e85a9d631eb091e2fbe199>@@AAV<lambda_ae742caa10f662c28703da3d2ea5e57e>@@$$QAV<lambda_cd08b5d6af4937fe54fc07d0c9bf6b37>@@@Z 10026e18     libucrt:mbctype.obj
 0002:00007e38       __sehtable$_raise          10026e38     libucrt:signal.obj
 0002:00007e58       __sehtable$??$?RV<lambda_cbab9ec6f41b0180b23cc171c22676b0>@@AAV<lambda_44731a7d0e6d81c3e6aa82d741081786>@@V<lambda_4b292cb8dd18144e164572427af410ab>@@@?$__crt_seh_guarded_call@P6AXH@Z@@QAEP6AXH@Z$$QAV<lambda_cbab9ec6f41b0180b23cc171c22676b0>@@AAV<lambda_44731a7d0e6d81c3e6aa82d741081786>@@$$QAV<lambda_4b292cb8dd18144e164572427af410ab>@@@Z 10026e58     libucrt:signal.obj
 0002:00007e78       __sehtable$??$?RV<lambda_2866be3712abc81a800a822484c830d8>@@AAV<lambda_39ca0ed439415581b5b15c265174cece>@@V<lambda_2b24c74d71094a6cd0cb82e44167d71b>@@@?$__crt_seh_guarded_call@X@@QAEX$$QAV<lambda_2866be3712abc81a800a822484c830d8>@@AAV<lambda_39ca0ed439415581b5b15c265174cece>@@$$QAV<lambda_2b24c74d71094a6cd0cb82e44167d71b>@@@Z 10026e78     libucrt:fflush.obj
 0002:00007e98       __sehtable$??$?RV<lambda_2cc53f568c5a2bb6f192f930a45d44ea>@@AAV<lambda_ab61a845afdef5b7c387490eaf3616ee>@@V<lambda_c2ffc0b7726aa6be21d5f0026187e748>@@@?$__crt_seh_guarded_call@X@@QAEX$$QAV<lambda_2cc53f568c5a2bb6f192f930a45d44ea>@@AAV<lambda_ab61a845afdef5b7c387490eaf3616ee>@@$$QAV<lambda_c2ffc0b7726aa6be21d5f0026187e748>@@@Z 10026e98     libucrt:fflush.obj
 0002:00007eb8       __sehtable$___acrt_update_thread_locale_data 10026eb8     libucrt:locale_refcounting.obj
 0002:00007ed8       __sehtable$__fcloseall     10026ed8     libucrt:closeall.obj
 0002:00007ef8       __sehtable$___acrt_lowio_ensure_fh_exists 10026ef8     libucrt:osfinfo.obj
 0002:00007f18       __sehtable$??$?RV<lambda_9e9de3de5fa147e2223d7db92bc10aa6>@@AAV<lambda_38ce7e780aa69e748d6df282ebc68efe>@@V<lambda_8ca6da459f0f6780f1cff60fdc3d00e5>@@@?$__crt_seh_guarded_call@H@@QAEH$$QAV<lambda_9e9de3de5fa147e2223d7db92bc10aa6>@@AAV<lambda_38ce7e780aa69e748d6df282ebc68efe>@@$$QAV<lambda_8ca6da459f0f6780f1cff60fdc3d00e5>@@@Z 10026f18     libucrt:commit.obj
 0002:00007f38       __sehtable$__write         10026f38     libucrt:write.obj
 0002:00007f58       __sehtable$_fclose         10026f58     libucrt:fclose.obj
 0002:00007f78       __sehtable$??$?RV<lambda_218ce3db14220d0be481dae8ef3383b6>@@AAV<lambda_628dfdc04ba53c8bfc02c9951375f3f5>@@V<lambda_57dc472bd5c9d5f3b2cbca59b8a843ae>@@@?$__crt_seh_guarded_call@H@@QAEH$$QAV<lambda_218ce3db14220d0be481dae8ef3383b6>@@AAV<lambda_628dfdc04ba53c8bfc02c9951375f3f5>@@$$QAV<lambda_57dc472bd5c9d5f3b2cbca59b8a843ae>@@@Z 10026f78     libucrt:close.obj
 0002:00007f98       __sehtable$__IsNonwritableInCurrentImage 10026f98     LIBCMT:pesect.obj
 0002:00007fc0       .edata                     10026fc0     OPOSCheckScanner.exp
 0002:00007fe8       rgpv                       10026fe8     OPOSCheckScanner.exp
 0002:00007ff8       rgszName                   10026ff8     OPOSCheckScanner.exp
 0002:00008008       rgwOrd                     10027008     OPOSCheckScanner.exp
 0002:00008010       szName                     10027010     OPOSCheckScanner.exp
 0002:00008025       $N00001                    10027025     OPOSCheckScanner.exp
 0002:00008035       $N00002                    10027035     OPOSCheckScanner.exp
 0002:00008047       $N00003                    10027047     OPOSCheckScanner.exp
 0002:00008059       $N00004                    10027059     OPOSCheckScanner.exp
 0002:0000866a       .idata$6                   1002766a     kernel32:KERNEL32.dll
 0002:0000887e       .idata$6                   1002787e     user32:USER32.dll
 0002:000089b2       .idata$6                   100279b2     gdi32:GDI32.dll
 0002:00008a58       .idata$6                   10027a58     advapi32:ADVAPI32.dll
 0002:00008b74       .idata$6                   10027b74     ole32:ole32.dll
 0002:00008b7e       .idata$6                   10027b7e     oleaut32:OLEAUT32.dll
 0003:00000110       ?ObjectMap@@3PAU_ATL_OBJMAP_ENTRY30@ATL@@A 10028110     CheckScanner.obj
 0003:000001d0       ?s_SOMethodNames@@3PAPADA  100281d0     CheckScannerImpl.obj
 0003:00000240       ?s_RequiredMethodsPerRelease@@3PAHA 10028240     CheckScannerImpl.obj
 0003:00000270       ?__vcrt_flsindex@@3KA      10028270     libvcruntime:per_thread_data.obj
 0003:00000290       ?errno_no_memory@@3HA      10028290     libucrt:errno.obj
 0003:00000294       ?doserrno_no_memory@@3KA   10028294     libucrt:errno.obj
 0003:000002a0       ?__acrt_flsindex@@3KA      100282a0     libucrt:per_thread_data.obj
 0003:00000638       __mbctypes                 10028638     libucrt:mbctype.obj
 0003:00000740       __mbcasemaps               10028740     libucrt:mbctype.obj
 0003:00000840       ?__rgctypeflag@@3PADA      10028840     libucrt:mbctype.obj
 0003:00000848       ?__rgcode_page_info@@3PAUcode_page_info@@A 10028848     libucrt:mbctype.obj
 0003:00000aa0       ?__dcrt_lowio_console_output_handle@@3PAXA 10028aa0     libucrt:initcon.obj
 0003:00000c38       ?is_initialized_as_dll@@3_NA 10028c38     LIBCMT:utility.obj
 0003:00000c39       ?module_local_atexit_table_initialized@@3_NA 10028c39     LIBCMT:utility.obj
 0003:00000c3c       ?module_local_atexit_table@@3U_onexit_table_t@@A 10028c3c     LIBCMT:utility.obj
 0003:00000c48       ?module_local_at_quick_exit_table@@3U_onexit_table_t@@A 10028c48     LIBCMT:utility.obj
 0003:00000c54       ?g_tss_cv@@3U_RTL_CONDITION_VARIABLE@@A 10028c54     LIBCMT:thread_safe_statics.obj
 0003:00000c58       ?g_tss_event@@3PAXA        10028c58     LIBCMT:thread_safe_statics.obj
 0003:00000c5c       ?g_tss_mutex@@3U_RTL_CRITICAL_SECTION@@A 10028c5c     LIBCMT:thread_safe_statics.obj
 0003:00000c74       ?g_sleep_condition_variable_cs@@3P6GHPAU_RTL_CONDITION_VARIABLE@@PAU_RTL_CRITICAL_SECTION@@K@ZA 10028c74     LIBCMT:thread_safe_statics.obj
 0003:00000c78       ?g_wake_all_condition_variable@@3P6GXPAU_RTL_CONDITION_VARIABLE@@@ZA 10028c78     LIBCMT:thread_safe_statics.obj
 0003:00000c80       _GS_ExceptionRecord        10028c80     LIBCMT:gs_report.obj
 0003:00000cd0       _GS_ContextRecord          10028cd0     LIBCMT:gs_report.obj
 0003:00000fa0       ?__proc_attached@@3HA      10028fa0     LIBCMT:dll_dllmain.obj
 0003:00000ffc       ?AllocateData@@3P6GPAUAtlThunkData_t@@XZA 10028ffc     atls:atlthunk.obj
 0003:00001000       ?InitData@@3P6GXPAUAtlThunkData_t@@PAXI@ZA 10029000     atls:atlthunk.obj
 0003:00001004       ?DataToCode@@3P6GP6GJPAUHWND__@@IIJ@ZPAUAtlThunkData_t@@@ZA 10029004     atls:atlthunk.obj
 0003:00001008       ?FreeData@@3P6GXPAUAtlThunkData_t@@@ZA 10029008     atls:atlthunk.obj
 0003:0000100c       ?Initialized@@3_NA         1002900c     atls:atlthunk.obj
 0003:0000101c       ?__vcrt_startup_thread_ptd@@3U__vcrt_ptd@@A 1002901c     libvcruntime:per_thread_data.obj
 0003:00001044       ___vcrt_lock_table         10029044     libvcruntime:locks.obj
 0003:0000105c       ___vcrt_locks_initialized  1002905c     libvcruntime:locks.obj
 0003:00001088       ?heap@@3V_HeapManager@@A   10029088     libvcruntime:undname.obj
 0003:0000109c       ?module_handles@@3PAPAUHINSTANCE__@@A 1002909c     libvcruntime:winapi_downlevel.obj
 0003:000010a8       ?function_pointers@@3PAPAXA 100290a8     libvcruntime:winapi_downlevel.obj
 0003:000010bc       ?__acrt_invalid_parameter_handler@@3V?$dual_state_global@P6AXPB_W00II@Z@__crt_state_management@@A 100290bc     libucrt:invalid_parameter.obj
 0003:000010c0       ?c_termination_complete@@3JA 100290c0     libucrt:exit.obj
 0003:000010c4       ?thread_local_exit_callback_func@@3P6GXPAXK0@ZA 100290c4     libucrt:exit.obj
 0003:000010d0       ?program_name@?1???$common_configure_argv@D@@YAHW4_crt_argv_mode@@@Z@4PADA 100290d0     libucrt:argv_parsing.obj
 0003:00001200       ?__acrt_new_handler@@3V?$dual_state_global@P6AHI@Z@__crt_state_management@@A 10029200     libucrt:new_handler.obj
 0003:00001208       ?module_handles@@3PAPAUHINSTANCE__@@A 10029208     libucrt:winapi_thunks.obj
 0003:00001258       ?encoded_function_pointers@@3PAPAXA 10029258     libucrt:winapi_thunks.obj
 0003:000012e0       ?internal_state@?1??_mbtowc_l@@9@4U_Mbstatet@@A 100292e0     libucrt:mbtowc.obj
 0003:000012f0       ?enable_percent_n@@3IA     100292f0     libucrt:printf_count_output.obj
 0003:00001510       ?__acrt_lock_table@@3PAU_RTL_CRITICAL_SECTION@@A 10029510     libucrt:locks.obj
 0003:00001660       ?__acrt_locks_initialized@@3IA 10029660     libucrt:locks.obj
 0003:00001670       ?fSystemSet@@3HA           10029670     libucrt:mbctype.obj
 0003:00001674       ?initialized@?1??__acrt_initialize_multibyte@@9@4_NA 10029674     libucrt:mbctype.obj
 0003:00001694       ?ctrlc_action@@3V?$dual_state_global@P6AXH@Z@__crt_state_management@@A 10029694     libucrt:signal.obj
 0003:00001698       ?ctrlbreak_action@@3V?$dual_state_global@P6AXH@Z@__crt_state_management@@A 10029698     libucrt:signal.obj
 0003:0000169c       ?abort_action@@3V?$dual_state_global@P6AXH@Z@__crt_state_management@@A 1002969c     libucrt:signal.obj
 0003:000016a0       ?term_action@@3V?$dual_state_global@P6AXH@Z@__crt_state_management@@A 100296a0     libucrt:signal.obj
 0003:000016a4       ?user_matherr@@3V?$dual_state_global@P6AHPAU_exception@@@Z@__crt_state_management@@A 100296a4     libucrt:matherr.obj
 0003:000016a8       ?__acrt_global_new_mode@@3V?$dual_state_global@J@__crt_state_management@@A 100296a8     libucrt:new_mode.obj
 0003:000016b4       ?internal_pst@?1??__mbrtoc32_utf8@__crt_mbstring@@YAIPA_UPBDIPAU_Mbstatet@@@Z@4U3@A 100296b4     libucrt:mbrtoc32.obj
 0003:000016bc       ?__acrt_app_type@@3W4_crt_app_type@@A 100296bc     libucrt:report_runtime_error.obj
 0003:000016c4       __pmatherr_set             100296c4     libucrt:libm_error.obj
 0004:00000220       $R000000                   1002a220     CheckScanner.res
 0004:00000bc8       $R0009A8                   1002abc8     CheckScanner.res
 0004:00000cb0       $R000A90                   1002acb0     CheckScanner.res
 0004:00000f18       $R000CF8                   1002af18     CheckScanner.res
 0004:00001430       $R001210                   1002b430     CheckScanner.res
 0004:00005178       $R004F58                   1002f178     CheckScanner.res
 0004:000051b0       $R004F90                   1002f1b0     CheckScanner.res
