 OPOSCheckScanner

 Timestamp is 600f77da (Tue Jan 26 11:00:58 2021)

 Preferred load address is 10000000

 Start         Length     Name                   Class
 0001:00000000 00000080H .text$di                CODE
 0001:00000080 0001e7c3H .text$mn                CODE
 0001:0001e843 0000003aH .text$x                 CODE
 0001:0001e87d 00000042H .text$yd                CODE
 0002:00000000 000002fcH .idata$5                DATA
 0002:000002fc 00000004H .00cfg                  DATA
 0002:00000300 00000004H .CRT$XCA                DATA
 0002:00000304 00000004H .CRT$XCL                DATA
 0002:00000308 00000010H .CRT$XCU                DATA
 0002:00000318 00000004H .CRT$XCZ                DATA
 0002:0000031c 00000004H .CRT$XIA                DATA
 0002:00000320 00000010H .CRT$XIC                DATA
 0002:00000330 00000004H .CRT$XIZ                DATA
 0002:00000334 00000004H .CRT$XLA                DATA
 0002:00000338 00000004H .CRT$XLZ                DATA
 0002:0000033c 00000004H .CRT$XPA                DATA
 0002:00000340 00000008H .CRT$XPX                DATA
 0002:00000348 00000004H .CRT$XPXA               DATA
 0002:0000034c 00000004H .CRT$XPZ                DATA
 0002:00000350 00000004H .CRT$XTA                DATA
 0002:00000354 0000000cH .CRT$XTZ                DATA
 0002:00000358 00000000H .gfids$y                DATA
 0002:00000360 00007460H .rdata                  DATA
 0002:000077c0 00000000H .rdata$CastGuardVftablesA DATA
 0002:000077c0 00000000H .rdata$CastGuardVftablesC DATA
 0002:000077c0 00000018H .rdata$T                DATA
 0002:000077d8 00000178H .rdata$r                DATA
 0002:00007950 0000001cH .rdata$sxdata           DATA
 0002:0000796c 000003e0H .rdata$zzzdbg           DATA
 0002:00007d4c 00000004H .rtc$IAA                DATA
 0002:00007d50 00000004H .rtc$IZZ                DATA
 0002:00007d54 00000004H .rtc$TAA                DATA
 0002:00007d58 00000004H .rtc$TZZ                DATA
 0002:00007d5c 00000004H .tls                    DATA
 0002:00007d60 00000004H .tls$                   DATA
 0002:00007d64 00000004H .tls$ZZZ                DATA
 0002:00007d68 0000062cH .xdata$x                DATA
 0002:00008394 00000004H ATL$__a                 DATA
 0002:00008398 00000008H ATL$__z                 DATA
 0002:000083a0 000000b0H .edata                  DATA
 0002:00008450 00000078H .idata$2                DATA
 0002:000084c8 00000014H .idata$3                DATA
 0002:000084dc 000002fcH .idata$4                DATA
 0002:000087d8 00000bceH .idata$6                DATA
 0003:00000000 00000ac0H .data                   DATA
 0003:00000ac0 00000098H .data$r                 DATA
 0003:00000b58 00000b88H .bss                    DATA
 0004:00000000 00000220H .rsrc$01                DATA
 0004:00000220 00005110H .rsrc$02                DATA

  Address         Publics by Value              Rva+Base       Lib:Object

 0000:00000000       ___guard_fids_count        00000000     <absolute>
 0000:00000000       ___guard_longjmp_table     00000000     <absolute>
 0000:00000000       ___volatile_metadata       00000000     <absolute>
 0000:00000000       ___arm64x_extra_rfe_table  00000000     <absolute>
 0000:00000000       ___arm64x_redirection_metadata 00000000     <absolute>
 0000:00000000       ___guard_eh_cont_table     00000000     <absolute>
 0000:00000000       ___guard_eh_cont_count     00000000     <absolute>
 0000:00000000       ___guard_iat_count         00000000     <absolute>
 0000:00000000       __except_list              00000000     <absolute>
 0000:00000000       ___hybrid_code_map_count   00000000     <absolute>
 0000:00000000       ___x64_code_ranges_to_entry_points_count 00000000     <absolute>
 0000:00000000       ___x64_code_ranges_to_entry_points 00000000     <absolute>
 0000:00000000       ___guard_iat_table         00000000     <absolute>
 0000:00000000       ___arm64x_native_entrypoint 00000000     <absolute>
 0000:00000000       ___hybrid_code_map         00000000     <absolute>
 0000:00000000       ___arm64x_extra_rfe_table_size 00000000     <absolute>
 0000:00000000       ___guard_longjmp_count     00000000     <absolute>
 0000:00000000       ___arm64x_redirection_metadata_count 00000000     <absolute>
 0000:00000000       ___hybrid_auxiliary_iat    00000000     <absolute>
 0000:00000000       ___dynamic_value_reloc_table 00000000     <absolute>
 0000:00000000       ___AbsoluteZero            00000000     <absolute>
 0000:00000000       ___enclave_config          00000000     <absolute>
 0000:00000000       ___guard_fids_table        00000000     <absolute>
 0000:00000007       ___safe_se_handler_count   00000007     <absolute>
 0000:0000002c       __tls_array                0000002c     <absolute>
 0000:00000100       ___guard_flags             00000100     <absolute>
 0000:00000000       ___ImageBase               10000000     <linker-defined>
 0001:00000080       ?DupWide@_CW@@AAEXXZ       10001080 f   CWString.obj
 0001:0000009c       ?cw_dup@@YGXPBDAAHAAPA_W1@Z 1000109c f   CWString.obj
 0001:00000124       ?cw_memcpy@@YGHPA_WPBDH@Z  10001124 f   CWString.obj
 0001:00000150       ?cw_strcpy@@YAHPA_WPBD@Z   10001150 f   CWString.obj
 0001:00000163       ?cw_strlen@@YAHPBD@Z       10001163 f   CWString.obj
 0001:0000017c       ??0CAtlComModule@ATL@@QAE@XZ 1000117c f i OposVariant.obj
 0001:000001c1       ??0CAtlWinModule@ATL@@QAE@XZ 100011c1 f i OposVariant.obj
 0001:000001f8       ??0OposDispParms@@QAE@PAVOposVariant@@H@Z 100011f8 f   OposVariant.obj
 0001:00000269       ??1OposDispParms@@QAE@XZ   10001269 f   OposVariant.obj
 0001:00000277       ??A?$CSimpleArray@GV?$CSimpleArrayEqualHelper@G@ATL@@@ATL@@QAEAAGH@Z 10001277 f i OposVariant.obj
 0001:0000029c       ??_Estringdispid@CComTypeInfoHolder@ATL@@QAEPAXI@Z 1000129c f i OposVariant.obj
 0001:00000308       ?AtlWinModuleInit@ATL@@YGJPAU_ATL_WIN_MODULE70@1@@Z 10001308 f i OposVariant.obj
 0001:0000032e       ?AtlWinModuleTerm@ATL@@YGJPAU_ATL_WIN_MODULE70@1@PAUHINSTANCE__@@@Z 1000132e f i OposVariant.obj
 0001:00000391       ?ChangeBSTR@OposVariant@@QAEXPAPA_WAAJ@Z 10001391 f   OposVariant.obj
 0001:000003d2       ?ChangeLONG@OposVariant@@QAEXPAJAAJ@Z 100013d2 f   OposVariant.obj
 0001:00000413       ?GetLONG@OposVariant@@QAEJXZ 10001413 f   OposVariant.obj
 0001:0000042e       ?Init@CComCriticalSection@ATL@@QAEJXZ 1000142e f i OposVariant.obj
 0001:00000456       ?RemoveAll@?$CSimpleArray@GV?$CSimpleArrayEqualHelper@G@ATL@@@ATL@@QAEXXZ 10001456 f i OposVariant.obj
 0001:00000456       ?RemoveAll@?$CSimpleArray@PAUHINSTANCE__@@V?$CSimpleArrayEqualHelper@PAUHINSTANCE__@@@ATL@@@ATL@@QAEXXZ 10001456 f i atls:atlbase.obj
 0001:00000473       ?SetBSTR@OposVariant@@QAEXPA_WAAJ@Z 10001473 f   OposVariant.obj
 0001:000004a7       ?SetBSTR_Copy@OposVariant@@QAEXPA_WAAJ@Z 100014a7 f   OposVariant.obj
 0001:000004f7       ?SetBSTR_InOutPtr@OposVariant@@QAE_NPAPA_WAAJ@Z 100014f7 f   OposVariant.obj
 0001:0000052e       ?SetDispatch_Ptr@OposVariant@@QAEXPAUIDispatch@@AAJ@Z 1000152e f   OposVariant.obj
 0001:00000569       ?SetLONG@OposVariant@@QAEXJ@Z 10001569 f   OposVariant.obj
 0001:0000058b       ?SetLONG_Ptr@OposVariant@@QAEXPAJAAJ@Z 1000158b f   OposVariant.obj
 0001:000005be       ?SetString@OposVariant@@QAEXPB_WAAJ@Z 100015be f   OposVariant.obj
 0001:00000604       ?SetVARIANT_BOOL@OposVariant@@QAEXF@Z 10001604 f   OposVariant.obj
 0001:0000062e       ?Term@CAtlComModule@ATL@@QAEXXZ 1000162e f i OposVariant.obj
 0001:00000678       ?_AtlRaiseException@ATL@@YAXKK@Z 10001678 f i OposVariant.obj
 0001:0000068d       ??_E?$CComObject@VCOPOSCheckScanner@@@ATL@@W3AEPAXI@Z 1000168d f i CheckScanner.obj
 0001:00000695       ??_E?$CComObject@VCOPOSCheckScanner@@@ATL@@WEM@AEPAXI@Z 10001695 f i CheckScanner.obj
 0001:0000069d       ?QueryInterface@?$CComObject@VCOPOSCheckScanner@@@ATL@@WHA@AGJABU_GUID@@PAPAX@Z 1000169d f i CheckScanner.obj
 0001:000006a7       ?AddRef@?$CComObject@VCOPOSCheckScanner@@@ATL@@WHA@AGKXZ 100016a7 f i CheckScanner.obj
 0001:000006b1       ?Release@?$CComObject@VCOPOSCheckScanner@@@ATL@@WHA@AGKXZ 100016b1 f i CheckScanner.obj
 0001:000006bb       ?QueryInterface@?$CComObject@VCOPOSCheckScanner@@@ATL@@WHE@AGJABU_GUID@@PAPAX@Z 100016bb f i CheckScanner.obj
 0001:000006c5       ?AddRef@?$CComObject@VCOPOSCheckScanner@@@ATL@@WHE@AGKXZ 100016c5 f i CheckScanner.obj
 0001:000006cf       ?Release@?$CComObject@VCOPOSCheckScanner@@@ATL@@WHE@AGKXZ 100016cf f i CheckScanner.obj
 0001:000006d9       ?QueryInterface@?$CComObject@VCOPOSCheckScanner@@@ATL@@WHI@AGJABU_GUID@@PAPAX@Z 100016d9 f i CheckScanner.obj
 0001:000006e3       ?AddRef@?$CComObject@VCOPOSCheckScanner@@@ATL@@WHI@AGKXZ 100016e3 f i CheckScanner.obj
 0001:000006ed       ?Release@?$CComObject@VCOPOSCheckScanner@@@ATL@@WHI@AGKXZ 100016ed f i CheckScanner.obj
 0001:000006f7       ?QueryInterface@?$CComObject@VCOPOSCheckScanner@@@ATL@@WHM@AGJABU_GUID@@PAPAX@Z 100016f7 f i CheckScanner.obj
 0001:00000701       ?AddRef@?$CComObject@VCOPOSCheckScanner@@@ATL@@WHM@AGKXZ 10001701 f i CheckScanner.obj
 0001:0000070b       ?Release@?$CComObject@VCOPOSCheckScanner@@@ATL@@WHM@AGKXZ 1000170b f i CheckScanner.obj
 0001:00000715       ?QueryInterface@?$CComObject@VCOPOSCheckScanner@@@ATL@@WIA@AGJABU_GUID@@PAPAX@Z 10001715 f i CheckScanner.obj
 0001:00000722       ?AddRef@?$CComObject@VCOPOSCheckScanner@@@ATL@@WIA@AGKXZ 10001722 f i CheckScanner.obj
 0001:0000072f       ?Release@?$CComObject@VCOPOSCheckScanner@@@ATL@@WIA@AGKXZ 1000172f f i CheckScanner.obj
 0001:0000073c       ?QueryInterface@?$CComObject@VCOPOSCheckScanner@@@ATL@@WIE@AGJABU_GUID@@PAPAX@Z 1000173c f i CheckScanner.obj
 0001:00000749       ?AddRef@?$CComObject@VCOPOSCheckScanner@@@ATL@@WIE@AGKXZ 10001749 f i CheckScanner.obj
 0001:00000756       ?Release@?$CComObject@VCOPOSCheckScanner@@@ATL@@WIE@AGKXZ 10001756 f i CheckScanner.obj
 0001:00000763       ?QueryInterface@?$CComObject@VCOPOSCheckScanner@@@ATL@@WII@AGJABU_GUID@@PAPAX@Z 10001763 f i CheckScanner.obj
 0001:00000770       ?AddRef@?$CComObject@VCOPOSCheckScanner@@@ATL@@WII@AGKXZ 10001770 f i CheckScanner.obj
 0001:0000077d       ?Release@?$CComObject@VCOPOSCheckScanner@@@ATL@@WII@AGKXZ 1000177d f i CheckScanner.obj
 0001:0000078a       ?QueryInterface@?$CComObject@VCOPOSCheckScanner@@@ATL@@WIM@AGJABU_GUID@@PAPAX@Z 1000178a f i CheckScanner.obj
 0001:00000797       ?AddRef@?$CComObject@VCOPOSCheckScanner@@@ATL@@WIM@AGKXZ 10001797 f i CheckScanner.obj
 0001:000007a4       ?Release@?$CComObject@VCOPOSCheckScanner@@@ATL@@WIM@AGKXZ 100017a4 f i CheckScanner.obj
 0001:000007b1       ?QueryInterface@?$CComObject@VCOPOSCheckScanner@@@ATL@@WJA@AGJABU_GUID@@PAPAX@Z 100017b1 f i CheckScanner.obj
 0001:000007be       ?AddRef@?$CComObject@VCOPOSCheckScanner@@@ATL@@WJA@AGKXZ 100017be f i CheckScanner.obj
 0001:000007cb       ?Release@?$CComObject@VCOPOSCheckScanner@@@ATL@@WJA@AGKXZ 100017cb f i CheckScanner.obj
 0001:000007d8       ?QueryInterface@?$CComObject@VCOPOSCheckScanner@@@ATL@@WJE@AGJABU_GUID@@PAPAX@Z 100017d8 f i CheckScanner.obj
 0001:000007e5       ?AddRef@?$CComObject@VCOPOSCheckScanner@@@ATL@@WJE@AGKXZ 100017e5 f i CheckScanner.obj
 0001:000007f2       ?Release@?$CComObject@VCOPOSCheckScanner@@@ATL@@WJE@AGKXZ 100017f2 f i CheckScanner.obj
 0001:000007ff       ?QueryInterface@?$CComObject@VCOPOSCheckScanner@@@ATL@@WJI@AGJABU_GUID@@PAPAX@Z 100017ff f i CheckScanner.obj
 0001:0000080c       ?AddRef@?$CComObject@VCOPOSCheckScanner@@@ATL@@WJI@AGKXZ 1000180c f i CheckScanner.obj
 0001:00000819       ?Release@?$CComObject@VCOPOSCheckScanner@@@ATL@@WJI@AGKXZ 10001819 f i CheckScanner.obj
 0001:00000826       ?QueryInterface@?$CComObject@VCOPOSCheckScanner@@@ATL@@WJM@AGJABU_GUID@@PAPAX@Z 10001826 f i CheckScanner.obj
 0001:00000833       ?CreateInstance@CComClassFactory@ATL@@UAGJPAUIUnknown@@ABU_GUID@@PAPAX@Z 10001833 f i CheckScanner.obj
 0001:00000871       ?AddRef@?$CComObject@VCOPOSCheckScanner@@@ATL@@WJM@AGKXZ 10001871 f i CheckScanner.obj
 0001:0000087e       ?Release@?$CComObject@VCOPOSCheckScanner@@@ATL@@WJM@AGKXZ 1000187e f i CheckScanner.obj
 0001:0000088b       ?LockServer@CComClassFactory@ATL@@UAGJH@Z 1000188b f i CheckScanner.obj
 0001:000008aa       ?QueryInterface@?$CComObject@VCOPOSCheckScanner@@@ATL@@WKA@AGJABU_GUID@@PAPAX@Z 100018aa f i CheckScanner.obj
 0001:000008b7       ?AddRef@?$CComObject@VCOPOSCheckScanner@@@ATL@@WKA@AGKXZ 100018b7 f i CheckScanner.obj
 0001:000008c4       ?Release@?$CComObject@VCOPOSCheckScanner@@@ATL@@WKA@AGKXZ 100018c4 f i CheckScanner.obj
 0001:000008d1       ?AddRef@?$CComObject@VCOPOSCheckScanner@@@ATL@@WKI@AGKXZ 100018d1 f i CheckScanner.obj
 0001:000008de       ?Release@?$CComObject@VCOPOSCheckScanner@@@ATL@@WKI@AGKXZ 100018de f i CheckScanner.obj
 0001:000008eb       ?AddRef@?$CComObject@VCOPOSCheckScanner@@@ATL@@WLE@AGKXZ 100018eb f i CheckScanner.obj
 0001:000008f8       ?Release@?$CComObject@VCOPOSCheckScanner@@@ATL@@WLE@AGKXZ 100018f8 f i CheckScanner.obj
 0001:00000905       ??_ECComClassFactory@ATL@@UAEPAXI@Z 10001905 f i CheckScanner.obj
 0001:00000905       ??_GCComClassFactory@ATL@@UAEPAXI@Z 10001905 f i CheckScanner.obj
 0001:00000930       ??_E?$CComContainedObject@VCOPOSCheckScanner@@@ATL@@W3AEPAXI@Z 10001930 f i CheckScanner.obj
 0001:00000938       ??_E?$CComContainedObject@VCOPOSCheckScanner@@@ATL@@WEM@AEPAXI@Z 10001938 f i CheckScanner.obj
 0001:00000940       ?QueryInterface@?$CComContainedObject@VCOPOSCheckScanner@@@ATL@@WHA@AGJABU_GUID@@PAPAX@Z 10001940 f i CheckScanner.obj
 0001:0000094a       ?AddRef@?$CComContainedObject@VCOPOSCheckScanner@@@ATL@@WHA@AGKXZ 1000194a f i CheckScanner.obj
 0001:00000954       ?Release@?$CComContainedObject@VCOPOSCheckScanner@@@ATL@@WHA@AGKXZ 10001954 f i CheckScanner.obj
 0001:0000095e       ?QueryInterface@?$CComContainedObject@VCOPOSCheckScanner@@@ATL@@WHE@AGJABU_GUID@@PAPAX@Z 1000195e f i CheckScanner.obj
 0001:00000968       ?AddRef@?$CComContainedObject@VCOPOSCheckScanner@@@ATL@@WHE@AGKXZ 10001968 f i CheckScanner.obj
 0001:00000972       ?Release@?$CComContainedObject@VCOPOSCheckScanner@@@ATL@@WHE@AGKXZ 10001972 f i CheckScanner.obj
 0001:0000097c       ?QueryInterface@?$CComContainedObject@VCOPOSCheckScanner@@@ATL@@WHI@AGJABU_GUID@@PAPAX@Z 1000197c f i CheckScanner.obj
 0001:00000986       ?AddRef@?$CComContainedObject@VCOPOSCheckScanner@@@ATL@@WHI@AGKXZ 10001986 f i CheckScanner.obj
 0001:00000990       ?Release@?$CComContainedObject@VCOPOSCheckScanner@@@ATL@@WHI@AGKXZ 10001990 f i CheckScanner.obj
 0001:0000099a       ?QueryInterface@?$CComContainedObject@VCOPOSCheckScanner@@@ATL@@WHM@AGJABU_GUID@@PAPAX@Z 1000199a f i CheckScanner.obj
 0001:000009a4       ?AddRef@?$CComContainedObject@VCOPOSCheckScanner@@@ATL@@WHM@AGKXZ 100019a4 f i CheckScanner.obj
 0001:000009ae       ?Release@?$CComContainedObject@VCOPOSCheckScanner@@@ATL@@WHM@AGKXZ 100019ae f i CheckScanner.obj
 0001:000009b8       ?QueryInterface@?$CComContainedObject@VCOPOSCheckScanner@@@ATL@@WIA@AGJABU_GUID@@PAPAX@Z 100019b8 f i CheckScanner.obj
 0001:000009c5       ?AddRef@?$CComContainedObject@VCOPOSCheckScanner@@@ATL@@WIA@AGKXZ 100019c5 f i CheckScanner.obj
 0001:000009d2       ?Release@?$CComContainedObject@VCOPOSCheckScanner@@@ATL@@WIA@AGKXZ 100019d2 f i CheckScanner.obj
 0001:000009df       ?QueryInterface@?$CComContainedObject@VCOPOSCheckScanner@@@ATL@@WIE@AGJABU_GUID@@PAPAX@Z 100019df f i CheckScanner.obj
 0001:000009ec       ?AddRef@?$CComContainedObject@VCOPOSCheckScanner@@@ATL@@WIE@AGKXZ 100019ec f i CheckScanner.obj
 0001:000009f9       ?Release@?$CComContainedObject@VCOPOSCheckScanner@@@ATL@@WIE@AGKXZ 100019f9 f i CheckScanner.obj
 0001:00000a06       ?QueryInterface@?$CComContainedObject@VCOPOSCheckScanner@@@ATL@@WII@AGJABU_GUID@@PAPAX@Z 10001a06 f i CheckScanner.obj
 0001:00000a13       ?AddRef@?$CComContainedObject@VCOPOSCheckScanner@@@ATL@@WII@AGKXZ 10001a13 f i CheckScanner.obj
 0001:00000a20       ?Release@?$CComContainedObject@VCOPOSCheckScanner@@@ATL@@WII@AGKXZ 10001a20 f i CheckScanner.obj
 0001:00000a2d       ?QueryInterface@?$CComContainedObject@VCOPOSCheckScanner@@@ATL@@WIM@AGJABU_GUID@@PAPAX@Z 10001a2d f i CheckScanner.obj
 0001:00000a3a       ?AddRef@?$CComContainedObject@VCOPOSCheckScanner@@@ATL@@WIM@AGKXZ 10001a3a f i CheckScanner.obj
 0001:00000a47       ?Release@?$CComContainedObject@VCOPOSCheckScanner@@@ATL@@WIM@AGKXZ 10001a47 f i CheckScanner.obj
 0001:00000a54       ?QueryInterface@?$CComContainedObject@VCOPOSCheckScanner@@@ATL@@WJA@AGJABU_GUID@@PAPAX@Z 10001a54 f i CheckScanner.obj
 0001:00000a61       ?AddRef@?$CComContainedObject@VCOPOSCheckScanner@@@ATL@@WJA@AGKXZ 10001a61 f i CheckScanner.obj
 0001:00000a6e       ?Release@?$CComContainedObject@VCOPOSCheckScanner@@@ATL@@WJA@AGKXZ 10001a6e f i CheckScanner.obj
 0001:00000a7b       ?QueryInterface@?$CComContainedObject@VCOPOSCheckScanner@@@ATL@@WJE@AGJABU_GUID@@PAPAX@Z 10001a7b f i CheckScanner.obj
 0001:00000a88       ?AddRef@?$CComContainedObject@VCOPOSCheckScanner@@@ATL@@WJE@AGKXZ 10001a88 f i CheckScanner.obj
 0001:00000a95       ?Release@?$CComContainedObject@VCOPOSCheckScanner@@@ATL@@WJE@AGKXZ 10001a95 f i CheckScanner.obj
 0001:00000aa2       ?QueryInterface@?$CComContainedObject@VCOPOSCheckScanner@@@ATL@@WJI@AGJABU_GUID@@PAPAX@Z 10001aa2 f i CheckScanner.obj
 0001:00000aaf       ?AddRef@?$CComContainedObject@VCOPOSCheckScanner@@@ATL@@WJI@AGKXZ 10001aaf f i CheckScanner.obj
 0001:00000abc       ?Release@?$CComContainedObject@VCOPOSCheckScanner@@@ATL@@WJI@AGKXZ 10001abc f i CheckScanner.obj
 0001:00000ac9       ?QueryInterface@?$CComContainedObject@VCOPOSCheckScanner@@@ATL@@WJM@AGJABU_GUID@@PAPAX@Z 10001ac9 f i CheckScanner.obj
 0001:00000ad6       ?AddRef@?$CComContainedObject@VCOPOSCheckScanner@@@ATL@@WJM@AGKXZ 10001ad6 f i CheckScanner.obj
 0001:00000ae3       ?Release@?$CComContainedObject@VCOPOSCheckScanner@@@ATL@@WJM@AGKXZ 10001ae3 f i CheckScanner.obj
 0001:00000af0       ?QueryInterface@?$CComContainedObject@VCOPOSCheckScanner@@@ATL@@WKA@AGJABU_GUID@@PAPAX@Z 10001af0 f i CheckScanner.obj
 0001:00000afd       ?AddRef@?$CComContainedObject@VCOPOSCheckScanner@@@ATL@@WKA@AGKXZ 10001afd f i CheckScanner.obj
 0001:00000b0a       ?Release@?$CComContainedObject@VCOPOSCheckScanner@@@ATL@@WKA@AGKXZ 10001b0a f i CheckScanner.obj
 0001:00000b17       ?AddRef@?$CComContainedObject@VCOPOSCheckScanner@@@ATL@@WKI@AGKXZ 10001b17 f i CheckScanner.obj
 0001:00000b24       ?Release@?$CComContainedObject@VCOPOSCheckScanner@@@ATL@@WKI@AGKXZ 10001b24 f i CheckScanner.obj
 0001:00000b31       ?AddRef@?$CComContainedObject@VCOPOSCheckScanner@@@ATL@@WLE@AGKXZ 10001b31 f i CheckScanner.obj
 0001:00000b3e       ?Release@?$CComContainedObject@VCOPOSCheckScanner@@@ATL@@WLE@AGKXZ 10001b3e f i CheckScanner.obj
 0001:00000b4b       ?GetWindowProc@?$CWindowImplBaseT@VCWindow@ATL@@V?$CWinTraits@$0FGAAAAAA@$0A@@2@@ATL@@UAEP6GJPAUHWND__@@IIJ@ZXZ 10001b4b f i CheckScanner.obj
 0001:00000b51       ?StartWindowProc@?$CWindowImplBaseT@VCWindow@ATL@@V?$CWinTraits@$0FGAAAAAA@$0A@@2@@ATL@@SGJPAUHWND__@@IIJ@Z 10001b51 f i CheckScanner.obj
 0001:00000ba5       ?ObjectMain@CComObjectRootBase@ATL@@SGX_N@Z 10001ba5 f i CheckScanner.obj
 0001:00000ba5       ?OnFinalMessage@?$CWindowImplBaseT@VCWindow@ATL@@V?$CWinTraits@$0FGAAAAAA@$0A@@2@@ATL@@UAEXPAUHWND__@@@Z 10001ba5 f i CheckScanner.obj
 0001:00000ba8       ?GetTypeInfoCount@?$IDispatchImpl@UIOPOSCheckScanner@@$1?IID_IOPOSCheckScanner@@3U_GUID@@B$1?LIBID_OposCheckScanner_CCO@@3U3@B$00$0A@VCComTypeInfoHolder@ATL@@@ATL@@UAGJPAI@Z 10001ba8 f i CheckScanner.obj
 0001:00000bc5       ?GetTypeInfo@?$IDispatchImpl@UIOPOSCheckScanner@@$1?IID_IOPOSCheckScanner@@3U_GUID@@B$1?LIBID_OposCheckScanner_CCO@@3U3@B$00$0A@VCComTypeInfoHolder@ATL@@@ATL@@UAGJIKPAPAUITypeInfo@@@Z 10001bc5 f i CheckScanner.obj
 0001:00000be9       ?GetIDsOfNames@?$IDispatchImpl@UIOPOSCheckScanner@@$1?IID_IOPOSCheckScanner@@3U_GUID@@B$1?LIBID_OposCheckScanner_CCO@@3U3@B$00$0A@VCComTypeInfoHolder@ATL@@@ATL@@UAGJABU_GUID@@PAPA_WIKPAJ@Z 10001be9 f i CheckScanner.obj
 0001:00000c09       ?Invoke@?$IDispatchImpl@UIOPOSCheckScanner@@$1?IID_IOPOSCheckScanner@@3U_GUID@@B$1?LIBID_OposCheckScanner_CCO@@3U3@B$00$0A@VCComTypeInfoHolder@ATL@@@ATL@@UAGJJABU_GUID@@KGPAUtagDISPPARAMS@@PAUtagVARIANT@@PAUtagEXCEPINFO@@PAI@Z 10001c09 f i CheckScanner.obj
 0001:00000c17       ?CreateControlWindow@?$CComControl@VCOPOSCheckScanner@@V?$CWindowImpl@VCOPOSCheckScanner@@VCWindow@ATL@@V?$CWinTraits@$0FGAAAAAA@$0A@@3@@ATL@@@ATL@@UAEPAUHWND__@@PAU3@AAUtagRECT@@@Z 10001c17 f i CheckScanner.obj
 0001:00000c46       ?ControlQueryInterface@?$CComControl@VCOPOSCheckScanner@@V?$CWindowImpl@VCOPOSCheckScanner@@VCWindow@ATL@@V?$CWinTraits@$0FGAAAAAA@$0A@@3@@ATL@@@ATL@@UAEJABU_GUID@@PAPAX@Z 10001c46 f i CheckScanner.obj
 0001:00000c61       ?GetClassID@?$IPersistStorageImpl@VCOPOSCheckScanner@@@ATL@@UAGJPAU_GUID@@@Z 10001c61 f i CheckScanner.obj
 0001:00000c61       ?GetClassID@?$IPersistStreamInitImpl@VCOPOSCheckScanner@@@ATL@@UAGJPAU_GUID@@@Z 10001c61 f i CheckScanner.obj
 0001:00000c61       ?GetUserClassID@?$IOleObjectImpl@VCOPOSCheckScanner@@@ATL@@UAGJPAU_GUID@@@Z 10001c61 f i CheckScanner.obj
 0001:00000c85       ?IsDirty@?$IPersistStreamInitImpl@VCOPOSCheckScanner@@@ATL@@UAGJXZ 10001c85 f i CheckScanner.obj
 0001:00000ca4       ?Load@?$IPersistStreamInitImpl@VCOPOSCheckScanner@@@ATL@@UAGJPAUIStream@@@Z 10001ca4 f i CheckScanner.obj
 0001:00000cc3       ?Save@?$IPersistStreamInitImpl@VCOPOSCheckScanner@@@ATL@@UAGJPAUIStream@@H@Z 10001cc3 f i CheckScanner.obj
 0001:00000ce5       ?GetSizeMax@?$IPersistStreamInitImpl@VCOPOSCheckScanner@@@ATL@@UAGJPAT_ULARGE_INTEGER@@@Z 10001ce5 f i CheckScanner.obj
 0001:00000ec4       ?InitNew@?$IPersistStreamInitImpl@VCOPOSCheckScanner@@@ATL@@UAGJXZ 10001ec4 f i CheckScanner.obj
 0001:00000ee1       ?QueryGetData@?$IDataObjectImpl@VCOPOSCheckScanner@@@ATL@@UAGJPAUtagFORMATETC@@@Z 10001ee1 f i CheckScanner.obj
 0001:00000ee1       ?GetControlInfo@?$IOleControlImpl@VCOPOSCheckScanner@@@ATL@@UAGJPAUtagCONTROLINFO@@@Z 10001ee1 f i CheckScanner.obj
 0001:00000ee1       ?SOOutputCompleteDummy@COPOSCheckScanner@@MAGJJ@Z 10001ee1 f i CheckScanner.obj
 0001:00000ee1       ?GetDropTarget@?$IOleInPlaceObjectWindowlessImpl@VCOPOSCheckScanner@@@ATL@@UAGJPAPAUIDropTarget@@@Z 10001ee1 f i CheckScanner.obj
 0001:00000ee1       ?ContextSensitiveHelp@?$IOleInPlaceObjectWindowlessImpl@VCOPOSCheckScanner@@@ATL@@UAGJH@Z 10001ee1 f i CheckScanner.obj
 0001:00000ee1       ?SetColorScheme@?$IOleObjectImpl@VCOPOSCheckScanner@@@ATL@@UAGJPAUtagLOGPALETTE@@@Z 10001ee1 f i CheckScanner.obj
 0001:00000ee1       ?ContextSensitiveHelp@?$IOleInPlaceActiveObjectImpl@VCOPOSCheckScanner@@@ATL@@UAGJH@Z 10001ee1 f i CheckScanner.obj
 0001:00000ee1       ?Unfreeze@?$IViewObjectExImpl@VCOPOSCheckScanner@@@ATL@@UAGJK@Z 10001ee1 f i CheckScanner.obj
 0001:00000ee1       ?OnMnemonic@?$IOleControlImpl@VCOPOSCheckScanner@@@ATL@@UAGJPAUtagMSG@@@Z 10001ee1 f i CheckScanner.obj
 0001:00000ee9       ?EnableModeless@?$IOleInPlaceActiveObjectImpl@VCOPOSCheckScanner@@@ATL@@UAGJH@Z 10001ee9 f i CheckScanner.obj
 0001:00000ee9       ?SaveCompleted@?$IPersistStorageImpl@VCOPOSCheckScanner@@@ATL@@UAGJPAUIStorage@@@Z 10001ee9 f i CheckScanner.obj
 0001:00000ee9       ?OnFrameWindowActivate@?$IOleInPlaceActiveObjectImpl@VCOPOSCheckScanner@@@ATL@@UAGJH@Z 10001ee9 f i CheckScanner.obj
 0001:00000ee9       ?OnAmbientPropertyChange@?$IOleControlImpl@VCOPOSCheckScanner@@@ATL@@UAGJJ@Z 10001ee9 f i CheckScanner.obj
 0001:00000eee       ?SetClientSite@?$IOleObjectImpl@VCOPOSCheckScanner@@@ATL@@UAGJPAUIOleClientSite@@@Z 10001eee f i CheckScanner.obj
 0001:00000f0b       ?GetClientSite@?$IOleObjectImpl@VCOPOSCheckScanner@@@ATL@@UAGJPAPAUIOleClientSite@@@Z 10001f0b f i CheckScanner.obj
 0001:00000f28       ?SetHostNames@?$IOleObjectImpl@VCOPOSCheckScanner@@@ATL@@UAGJPB_W0@Z 10001f28 f i CheckScanner.obj
 0001:00000f2d       ?Close@?$IOleObjectImpl@VCOPOSCheckScanner@@@ATL@@UAGJK@Z 10001f2d f i CheckScanner.obj
 0001:00000f4a       ?GetCanonicalFormatEtc@?$IDataObjectImpl@VCOPOSCheckScanner@@@ATL@@UAGJPAUtagFORMATETC@@0@Z 10001f4a f i CheckScanner.obj
 0001:00000f4a       ?QueryInterface@CRegObject@ATL@@UAGJABU_GUID@@PAPAX@Z 10001f4a f i CheckScanner.obj
 0001:00000f4a       ?GetRect@?$IViewObjectExImpl@VCOPOSCheckScanner@@@ATL@@UAGJKPAU_RECTL@@@Z 10001f4a f i CheckScanner.obj
 0001:00000f4a       ?EnumFormatEtc@?$IDataObjectImpl@VCOPOSCheckScanner@@@ATL@@UAGJKPAPAUIEnumFORMATETC@@@Z 10001f4a f i CheckScanner.obj
 0001:00000f4a       ?GetClipboardData@?$IOleObjectImpl@VCOPOSCheckScanner@@@ATL@@UAGJKPAPAUIDataObject@@@Z 10001f4a f i CheckScanner.obj
 0001:00000f4a       ?SetMoniker@?$IOleObjectImpl@VCOPOSCheckScanner@@@ATL@@UAGJKPAUIMoniker@@@Z 10001f4a f i CheckScanner.obj
 0001:00000f4a       ?GetDataHere@?$IDataObjectImpl@VCOPOSCheckScanner@@@ATL@@UAGJPAUtagFORMATETC@@PAUtagSTGMEDIUM@@@Z 10001f4a f i CheckScanner.obj
 0001:00000f52       ?InitFromData@?$IOleObjectImpl@VCOPOSCheckScanner@@@ATL@@UAGJPAUIDataObject@@HK@Z 10001f52 f i CheckScanner.obj
 0001:00000f52       ?SetData@?$IDataObjectImpl@VCOPOSCheckScanner@@@ATL@@UAGJPAUtagFORMATETC@@PAUtagSTGMEDIUM@@H@Z 10001f52 f i CheckScanner.obj
 0001:00000f52       ?GetMoniker@?$IOleObjectImpl@VCOPOSCheckScanner@@@ATL@@UAGJKKPAPAUIMoniker@@@Z 10001f52 f i CheckScanner.obj
 0001:00000f5a       ?DoVerb@?$IOleObjectImpl@VCOPOSCheckScanner@@@ATL@@UAGJJPAUtagMSG@@PAUIOleClientSite@@JPAUHWND__@@PBUtagRECT@@@Z 10001f5a f i CheckScanner.obj
 0001:0000104e       ?EnumVerbs@?$IOleObjectImpl@VCOPOSCheckScanner@@@ATL@@UAGJPAPAUIEnumOLEVERB@@@Z 1000204e f i CheckScanner.obj
 0001:00001070       ?Release@CRegObject@ATL@@UAGKXZ 10002070 f i CheckScanner.obj
 0001:00001070       ?IsUpToDate@?$IOleObjectImpl@VCOPOSCheckScanner@@@ATL@@UAGJXZ 10002070 f i CheckScanner.obj
 0001:00001070       ?HandsOffStorage@?$IPersistStorageImpl@VCOPOSCheckScanner@@@ATL@@UAGJXZ 10002070 f i CheckScanner.obj
 0001:00001070       ?Update@?$IOleObjectImpl@VCOPOSCheckScanner@@@ATL@@UAGJXZ 10002070 f i CheckScanner.obj
 0001:00001075       ?GetUserType@?$IOleObjectImpl@VCOPOSCheckScanner@@@ATL@@UAGJKPAPA_W@Z 10002075 f i CheckScanner.obj
 0001:0000108d       ?SetExtent@?$IOleObjectImpl@VCOPOSCheckScanner@@@ATL@@UAGJKPAUtagSIZE@@@Z 1000208d f i CheckScanner.obj
 0001:000010ad       ?GetExtent@?$IOleObjectImpl@VCOPOSCheckScanner@@@ATL@@UAGJKPAUtagSIZE@@@Z 100020ad f i CheckScanner.obj
 0001:000010eb       ?Advise@?$IOleObjectImpl@VCOPOSCheckScanner@@@ATL@@UAGJPAUIAdviseSink@@PAK@Z 100020eb f i CheckScanner.obj
 0001:0000110b       ?Unadvise@?$IOleObjectImpl@VCOPOSCheckScanner@@@ATL@@UAGJK@Z 1000210b f i CheckScanner.obj
 0001:0000113a       ?EnumAdvise@?$IOleObjectImpl@VCOPOSCheckScanner@@@ATL@@UAGJPAPAUIEnumSTATDATA@@@Z 1000213a f i CheckScanner.obj
 0001:0000117a       ?GetMiscStatus@?$IOleObjectImpl@VCOPOSCheckScanner@@@ATL@@UAGJKPAK@Z 1000217a f i CheckScanner.obj
 0001:00001192       ?GetWindow@?$IOleInPlaceActiveObjectImpl@VCOPOSCheckScanner@@@ATL@@UAGJPAPAUHWND__@@@Z 10002192 f i CheckScanner.obj
 0001:000011df       ?TranslateAcceleratorW@?$IOleInPlaceActiveObjectImpl@VCOPOSCheckScanner@@@ATL@@UAGJPAUtagMSG@@@Z 100021df f i CheckScanner.obj
 0001:0000128d       ?OnDocWindowActivate@?$IOleInPlaceActiveObjectImpl@VCOPOSCheckScanner@@@ATL@@UAGJH@Z 1000228d f i CheckScanner.obj
 0001:000012af       ?ResizeBorder@?$IOleInPlaceActiveObjectImpl@VCOPOSCheckScanner@@@ATL@@UAGJPBUtagRECT@@PAUIOleInPlaceUIWindow@@H@Z 100022af f i CheckScanner.obj
 0001:000012b4       ?Draw@?$IViewObjectExImpl@VCOPOSCheckScanner@@@ATL@@UAGJKJPAXPAUtagDVTARGETDEVICE@@PAUHDC__@@2PBU_RECTL@@3P6GHK@ZK@Z 100022b4 f i CheckScanner.obj
 0001:000012e6       ?GetColorSet@?$IViewObjectExImpl@VCOPOSCheckScanner@@@ATL@@UAGJKJPAXPAUtagDVTARGETDEVICE@@PAUHDC__@@PAPAUtagLOGPALETTE@@@Z 100022e6 f i CheckScanner.obj
 0001:000012ee       ?Freeze@?$IViewObjectExImpl@VCOPOSCheckScanner@@@ATL@@UAGJKJPAXPAK@Z 100022ee f i CheckScanner.obj
 0001:000012f6       ?SetAdvise@?$IViewObjectExImpl@VCOPOSCheckScanner@@@ATL@@UAGJKKPAUIAdviseSink@@@Z 100022f6 f i CheckScanner.obj
 0001:00001315       ?GetAdvise@?$IViewObjectExImpl@VCOPOSCheckScanner@@@ATL@@UAGJPAK0PAPAUIAdviseSink@@@Z 10002315 f i CheckScanner.obj
 0001:0000134a       ?GetExtent@?$IViewObjectExImpl@VCOPOSCheckScanner@@@ATL@@UAGJKJPAUtagDVTARGETDEVICE@@PAUtagSIZE@@@Z 1000234a f i CheckScanner.obj
 0001:0000137b       ?GetViewStatus@?$IViewObjectExImpl@VCOPOSCheckScanner@@@ATL@@UAGJPAK@Z 1000237b f i CheckScanner.obj
 0001:00001398       ?QueryHitPoint@?$IViewObjectExImpl@VCOPOSCheckScanner@@@ATL@@UAGJKPBUtagRECT@@UtagPOINT@@JPAK@Z 10002398 f i CheckScanner.obj
 0001:000013d9       ?QueryHitRect@?$IViewObjectExImpl@VCOPOSCheckScanner@@@ATL@@UAGJKPBUtagRECT@@0JPAK@Z 100023d9 f i CheckScanner.obj
 0001:00001434       ?GetNaturalExtent@?$IViewObjectExImpl@VCOPOSCheckScanner@@@ATL@@UAGJKJPAUtagDVTARGETDEVICE@@PAUHDC__@@PAUtagExtentInfo@@PAUtagSIZE@@@Z 10002434 f i CheckScanner.obj
 0001:0000147f       ?GetWindow@?$IOleInPlaceObjectWindowlessImpl@VCOPOSCheckScanner@@@ATL@@UAGJPAPAUHWND__@@@Z 1000247f f i CheckScanner.obj
 0001:000014cc       ?InPlaceDeactivate@?$IOleInPlaceObjectWindowlessImpl@VCOPOSCheckScanner@@@ATL@@UAGJXZ 100024cc f i CheckScanner.obj
 0001:000014e6       ?UIDeactivate@?$IOleInPlaceObjectWindowlessImpl@VCOPOSCheckScanner@@@ATL@@UAGJXZ 100024e6 f i CheckScanner.obj
 0001:00001500       ?SetObjectRects@?$IOleInPlaceObjectWindowlessImpl@VCOPOSCheckScanner@@@ATL@@UAGJPBUtagRECT@@0@Z 10002500 f i CheckScanner.obj
 0001:00001520       ?ReactivateAndUndo@?$IOleInPlaceObjectWindowlessImpl@VCOPOSCheckScanner@@@ATL@@UAGJXZ 10002520 f i CheckScanner.obj
 0001:00001528       ?OnWindowMessage@?$IOleInPlaceObjectWindowlessImpl@VCOPOSCheckScanner@@@ATL@@UAGJIIJPAJ@Z 10002528 f i CheckScanner.obj
 0001:00001598       ?EnumConnectionPoints@?$IConnectionPointContainerImpl@VCOPOSCheckScanner@@@ATL@@UAGJPAPAUIEnumConnectionPoints@@@Z 10002598 f i CheckScanner.obj
 0001:00001724       ?FindConnectionPoint@?$IConnectionPointContainerImpl@VCOPOSCheckScanner@@@ATL@@UAGJABU_GUID@@PAPAUIConnectionPoint@@@Z 10002724 f i CheckScanner.obj
 0001:000017c7       ?IsDirty@?$IPersistStorageImpl@VCOPOSCheckScanner@@@ATL@@UAGJXZ 100027c7 f i CheckScanner.obj
 0001:000017f7       ?InitNew@?$IPersistStorageImpl@VCOPOSCheckScanner@@@ATL@@UAGJPAUIStorage@@@Z 100027f7 f i CheckScanner.obj
 0001:00001827       ?Load@?$IPersistStorageImpl@VCOPOSCheckScanner@@@ATL@@UAGJPAUIStorage@@@Z 10002827 f i CheckScanner.obj
 0001:00001893       ?Save@?$IPersistStorageImpl@VCOPOSCheckScanner@@@ATL@@UAGJPAUIStorage@@H@Z 10002893 f i CheckScanner.obj
 0001:00001906       ?GetPages@?$ISpecifyPropertyPagesImpl@VCOPOSCheckScanner@@@ATL@@UAGJPAUtagCAUUID@@@Z 10002906 f i CheckScanner.obj
 0001:0000191d       ?QuickActivate@?$IQuickActivateImpl@VCOPOSCheckScanner@@@ATL@@UAGJPAUtagQACONTAINER@@PAUtagQACONTROL@@@Z 1000291d f i CheckScanner.obj
 0001:00001940       ?SetContentExtent@?$IQuickActivateImpl@VCOPOSCheckScanner@@@ATL@@UAGJPAUtagSIZE@@@Z 10002940 f i CheckScanner.obj
 0001:0000196c       ?GetContentExtent@?$IQuickActivateImpl@VCOPOSCheckScanner@@@ATL@@UAGJPAUtagSIZE@@@Z 1000296c f i CheckScanner.obj
 0001:000019a8       ?GetData@?$IDataObjectImpl@VCOPOSCheckScanner@@@ATL@@UAGJPAUtagFORMATETC@@PAUtagSTGMEDIUM@@@Z 100029a8 f i CheckScanner.obj
 0001:000019cb       ?DAdvise@?$IDataObjectImpl@VCOPOSCheckScanner@@@ATL@@UAGJPAUtagFORMATETC@@KPAUIAdviseSink@@PAK@Z 100029cb f i CheckScanner.obj
 0001:00001a0c       ?DUnadvise@?$IDataObjectImpl@VCOPOSCheckScanner@@@ATL@@UAGJK@Z 10002a0c f i CheckScanner.obj
 0001:00001a3a       ?EnumDAdvise@?$IDataObjectImpl@VCOPOSCheckScanner@@@ATL@@UAGJPAPAUIEnumSTATDATA@@@Z 10002a3a f i CheckScanner.obj
 0001:00001a79       ?GetClassInfoW@?$IProvideClassInfo2Impl@$1?CLSID_OPOSCheckScanner@@3U_GUID@@B$1?DIID__IOPOSCheckScannerEvents@@3U2@B$1?LIBID_OposCheckScanner_CCO@@3U2@B$00$0A@VCComTypeInfoHolder@ATL@@@ATL@@UAGJPAPAUITypeInfo@@@Z 10002a79 f i CheckScanner.obj
 0001:00001a8f       ?GetGUID@?$IProvideClassInfo2Impl@$1?CLSID_OPOSCheckScanner@@3U_GUID@@B$1?DIID__IOPOSCheckScannerEvents@@3U2@B$1?LIBID_OposCheckScanner_CCO@@3U2@B$00$0A@VCComTypeInfoHolder@ATL@@@ATL@@UAGJKPAU_GUID@@@Z 10002a8f f i CheckScanner.obj
 0001:00001acd       ?FAccessAllowed@?$IObjectSafetyImpl@VCOPOSCheckScanner@@$02@ATL@@MAEHXZ 10002acd f i CheckScanner.obj
 0001:00001acd       __get_startup_argv_mode    10002acd f i LIBCMT:argv_mode.obj
 0001:00001ad1       ?GetInterfaceSafetyOptions@?$IObjectSafetyImpl@VCOPOSCheckScanner@@$02@ATL@@UAGJABU_GUID@@PAK1@Z 10002ad1 f i CheckScanner.obj
 0001:00001b45       ?SetInterfaceSafetyOptions@?$IObjectSafetyImpl@VCOPOSCheckScanner@@$02@ATL@@UAGJABU_GUID@@KK@Z 10002b45 f i CheckScanner.obj
 0001:00001bbf       ?_LocCPQueryInterface@?$IConnectionPointImpl@VCOPOSCheckScanner@@$1?DIID__IOPOSCheckScannerEvents@@3U_GUID@@BVCComDynamicUnkArray@ATL@@@ATL@@UAGJABU_GUID@@PAPAX@Z 10002bbf f i CheckScanner.obj
 0001:00001bbf       ?_LocCPQueryInterface@?$IConnectionPointImpl@VCOPOSCheckScanner@@$1?IID_IPropertyNotifySink@@3U_GUID@@BVCComDynamicUnkArray@ATL@@@ATL@@UAGJABU_GUID@@PAPAX@Z 10002bbf f i CheckScanner.obj
 0001:00001c0c       ?GetConnectionInterface@?$IConnectionPointImpl@VCOPOSCheckScanner@@$1?IID_IPropertyNotifySink@@3U_GUID@@BVCComDynamicUnkArray@ATL@@@ATL@@UAGJPAU_GUID@@@Z 10002c0c f i CheckScanner.obj
 0001:00001c30       ?GetConnectionPointContainer@?$IConnectionPointImpl@VCOPOSCheckScanner@@$1?IID_IPropertyNotifySink@@3U_GUID@@BVCComDynamicUnkArray@ATL@@@ATL@@UAGJPAPAUIConnectionPointContainer@@@Z 10002c30 f i CheckScanner.obj
 0001:00001c53       ?Advise@?$IConnectionPointImpl@VCOPOSCheckScanner@@$1?DIID__IOPOSCheckScannerEvents@@3U_GUID@@BVCComDynamicUnkArray@ATL@@@ATL@@UAGJPAUIUnknown@@PAK@Z 10002c53 f i CheckScanner.obj
 0001:00001c53       ?Advise@?$IConnectionPointImpl@VCOPOSCheckScanner@@$1?IID_IPropertyNotifySink@@3U_GUID@@BVCComDynamicUnkArray@ATL@@@ATL@@UAGJPAUIUnknown@@PAK@Z 10002c53 f i CheckScanner.obj
 0001:00001cf3       ?Unadvise@?$IConnectionPointImpl@VCOPOSCheckScanner@@$1?IID_IPropertyNotifySink@@3U_GUID@@BVCComDynamicUnkArray@ATL@@@ATL@@UAGJK@Z 10002cf3 f i CheckScanner.obj
 0001:00001cf3       ?Unadvise@?$IConnectionPointImpl@VCOPOSCheckScanner@@$1?DIID__IOPOSCheckScannerEvents@@3U_GUID@@BVCComDynamicUnkArray@ATL@@@ATL@@UAGJK@Z 10002cf3 f i CheckScanner.obj
 0001:00001d33       ?EnumConnections@?$IConnectionPointImpl@VCOPOSCheckScanner@@$1?IID_IPropertyNotifySink@@3U_GUID@@BVCComDynamicUnkArray@ATL@@@ATL@@UAGJPAPAUIEnumConnections@@@Z 10002d33 f i CheckScanner.obj
 0001:00001d33       ?EnumConnections@?$IConnectionPointImpl@VCOPOSCheckScanner@@$1?DIID__IOPOSCheckScannerEvents@@3U_GUID@@BVCComDynamicUnkArray@ATL@@@ATL@@UAGJPAPAUIEnumConnections@@@Z 10002d33 f i CheckScanner.obj
 0001:00001e2e       ?GetObjectDescription@?$CComCoClass@VCOPOSCheckScanner@@$1?CLSID_OPOSCheckScanner@@3U_GUID@@B@ATL@@SGPB_WXZ 10002e2e f i CheckScanner.obj
 0001:00001e2e       ?GetCategoryMap@CComObjectRootBase@ATL@@SAPBU_ATL_CATMAP_ENTRY@2@XZ 10002e2e f i CheckScanner.obj
 0001:00001e31       ?GetConnectionInterface@?$IConnectionPointImpl@VCOPOSCheckScanner@@$1?DIID__IOPOSCheckScannerEvents@@3U_GUID@@BVCComDynamicUnkArray@ATL@@@ATL@@UAGJPAU_GUID@@@Z 10002e31 f i CheckScanner.obj
 0001:00001e55       ?GetConnectionPointContainer@?$IConnectionPointImpl@VCOPOSCheckScanner@@$1?DIID__IOPOSCheckScannerEvents@@3U_GUID@@BVCComDynamicUnkArray@ATL@@@ATL@@UAGJPAPAUIConnectionPointContainer@@@Z 10002e55 f i CheckScanner.obj
 0001:00001e78       ?Lock@CAtlModule@ATL@@UAEJXZ 10002e78 f i CheckScanner.obj
 0001:00001e82       ?Unlock@CAtlModule@ATL@@UAEJXZ 10002e82 f i CheckScanner.obj
 0001:00001e8c       ?GetLockCount@CAtlModule@ATL@@UAEJXZ 10002e8c f i CheckScanner.obj
 0001:00001e90       ?GetGITPtr@CAtlModule@ATL@@UAEJPAPAUIGlobalInterfaceTable@@@Z 10002e90 f i CheckScanner.obj
 0001:00001edc       ?UpdateRegistry@COPOSCheckScanner@@SGJH@Z 10002edc f i CheckScanner.obj
 0001:00001ef4       ?ProcessWindowMessage@COPOSCheckScanner@@UAEHPAUHWND__@@IIJAAJK@Z 10002ef4 f i CheckScanner.obj
 0001:00001f3d       ?SOData@COPOSCheckScanner@@MAGJJ@Z 10002f3d f i CheckScanner.obj
 0001:00001f76       ?SODirectIO@COPOSCheckScanner@@MAGJJPAJPAPA_W@Z 10002f76 f i CheckScanner.obj
 0001:00001fbf       ?SOError@COPOSCheckScanner@@MAGJJJJPAJ@Z 10002fbf f i CheckScanner.obj
 0001:00002014       ?SOStatusUpdate@COPOSCheckScanner@@MAGJJ@Z 10003014 f i CheckScanner.obj
 0001:0000204d       ?AddCommonRGSReplacements@?$CAtlModuleT@VCComModule@ATL@@@ATL@@UAEJPAUIRegistrarBase@@@Z 1000304d f i CheckScanner.obj
 0001:00002067       ?UpdateRegistryFromResourceD@CComModule@ATL@@UAGJPB_WHPAU_ATL_REGMAP_ENTRY@2@@Z 10003067 f i CheckScanner.obj
 0001:00002067       ?UpdateRegistryFromResourceD@CComModule@ATL@@UAGJIHPAU_ATL_REGMAP_ENTRY@2@@Z 10003067 f i CheckScanner.obj
 0001:0000206f       ?UpdateRegistryFromResource@CComModule@ATL@@UAGJPB_WHPAU_ATL_REGMAP_ENTRY@2@@Z 1000306f f i CheckScanner.obj
 0001:00002078       ?UpdateRegistryFromResource@CComModule@ATL@@UAGJIHPAU_ATL_REGMAP_ENTRY@2@@Z 10003078 f i CheckScanner.obj
 0001:00002081       ??_ECComModule@ATL@@UAEPAXI@Z 10003081 f i CheckScanner.obj
 0001:00002081       ??_GCComModule@ATL@@UAEPAXI@Z 10003081 f i CheckScanner.obj
 0001:000020a9       ?CreateInstance@?$CComCreator@V?$CComObjectCached@VCComClassFactory@ATL@@@ATL@@@ATL@@SGJPAXABU_GUID@@PAPAX@Z 100030a9 f i CheckScanner.obj
 0001:00002149       ?CreateInstance@?$CComCreator2@V?$CComCreator@V?$CComObject@VCOPOSCheckScanner@@@ATL@@@ATL@@V?$CComCreator@V?$CComAggObject@VCOPOSCheckScanner@@@ATL@@@2@@ATL@@SGJPAXABU_GUID@@PAPAX@Z 10003149 f i CheckScanner.obj
 0001:00002169       ?AddRef@?$CComObjectCached@VCComClassFactory@ATL@@@ATL@@UAGKXZ 10003169 f i CheckScanner.obj
 0001:00002190       ?Release@?$CComObjectCached@VCComClassFactory@ATL@@@ATL@@UAGKXZ 10003190 f i CheckScanner.obj
 0001:000021c6       ?QueryInterface@?$CComObjectCached@VCComClassFactory@ATL@@@ATL@@UAGJABU_GUID@@PAPAX@Z 100031c6 f i CheckScanner.obj
 0001:000021e0       ??_G?$CComObjectCached@VCComClassFactory@ATL@@@ATL@@UAEPAXI@Z 100031e0 f i CheckScanner.obj
 0001:000021e0       ??_E?$CComObjectCached@VCComClassFactory@ATL@@@ATL@@UAEPAXI@Z 100031e0 f i CheckScanner.obj
 0001:00002202       ?Next@?$CComEnumImpl@UIEnumConnectionPoints@@$1?_GUID_b196b285_bab4_101a_b69c_00aa00341d07@@3U__s_GUID@@BPAUIConnectionPoint@@V?$_CopyInterface@UIConnectionPoint@@@ATL@@@ATL@@UAGJKPAPAUIConnectionPoint@@PAK@Z 10003202 f i CheckScanner.obj
 0001:000022d9       ?Skip@?$CComEnumImpl@UIEnumConnectionPoints@@$1?_GUID_b196b285_bab4_101a_b69c_00aa00341d07@@3U__s_GUID@@BPAUIConnectionPoint@@V?$_CopyInterface@UIConnectionPoint@@@ATL@@@ATL@@UAGJK@Z 100032d9 f i CheckScanner.obj
 0001:00002306       ?Reset@?$CComEnumImpl@UIEnumConnections@@$1?_GUID_b196b287_bab4_101a_b69c_00aa00341d07@@3U__s_GUID@@BUtagCONNECTDATA@@V?$_Copy@UtagCONNECTDATA@@@ATL@@@ATL@@UAGJXZ 10003306 f i CheckScanner.obj
 0001:00002306       ?Reset@?$CComEnumImpl@UIEnumConnectionPoints@@$1?_GUID_b196b285_bab4_101a_b69c_00aa00341d07@@3U__s_GUID@@BPAUIConnectionPoint@@V?$_CopyInterface@UIConnectionPoint@@@ATL@@@ATL@@UAGJXZ 10003306 f i CheckScanner.obj
 0001:00002318       ?Clone@?$CComEnumImpl@UIEnumConnectionPoints@@$1?_GUID_b196b285_bab4_101a_b69c_00aa00341d07@@3U__s_GUID@@BPAUIConnectionPoint@@V?$_CopyInterface@UIConnectionPoint@@@ATL@@@ATL@@UAGJPAPAUIEnumConnectionPoints@@@Z 10003318 f i CheckScanner.obj
 0001:000023f9       ?AddRef@?$CComObject@V?$CComEnum@UIEnumConnections@@$1?_GUID_b196b287_bab4_101a_b69c_00aa00341d07@@3U__s_GUID@@BUtagCONNECTDATA@@V?$_Copy@UtagCONNECTDATA@@@ATL@@VCComSingleThreadModel@6@@ATL@@@ATL@@UAGKXZ 100033f9 f i CheckScanner.obj
 0001:000023f9       ?AddRef@?$CComObject@V?$CComEnum@UIEnumConnectionPoints@@$1?_GUID_b196b285_bab4_101a_b69c_00aa00341d07@@3U__s_GUID@@BPAUIConnectionPoint@@V?$_CopyInterface@UIConnectionPoint@@@ATL@@VCComSingleThreadModel@6@@ATL@@@ATL@@UAGKXZ 100033f9 f i CheckScanner.obj
 0001:0000240a       ?Release@?$CComObject@V?$CComEnum@UIEnumConnectionPoints@@$1?_GUID_b196b285_bab4_101a_b69c_00aa00341d07@@3U__s_GUID@@BPAUIConnectionPoint@@V?$_CopyInterface@UIConnectionPoint@@@ATL@@VCComSingleThreadModel@6@@ATL@@@ATL@@UAGKXZ 1000340a f i CheckScanner.obj
 0001:0000240a       ?Release@?$CComObject@V?$CComEnum@UIEnumConnections@@$1?_GUID_b196b287_bab4_101a_b69c_00aa00341d07@@3U__s_GUID@@BUtagCONNECTDATA@@V?$_Copy@UtagCONNECTDATA@@@ATL@@VCComSingleThreadModel@6@@ATL@@@ATL@@UAGKXZ 1000340a f i CheckScanner.obj
 0001:00002446       ?QueryInterface@?$CComObject@V?$CComEnum@UIEnumConnectionPoints@@$1?_GUID_b196b285_bab4_101a_b69c_00aa00341d07@@3U__s_GUID@@BPAUIConnectionPoint@@V?$_CopyInterface@UIConnectionPoint@@@ATL@@VCComSingleThreadModel@6@@ATL@@@ATL@@UAGJABU_GUID@@PAPAX@Z 10003446 f i CheckScanner.obj
 0001:00002460       ??_E?$CComObject@V?$CComEnum@UIEnumConnectionPoints@@$1?_GUID_b196b285_bab4_101a_b69c_00aa00341d07@@3U__s_GUID@@BPAUIConnectionPoint@@V?$_CopyInterface@UIConnectionPoint@@@ATL@@VCComSingleThreadModel@6@@ATL@@@ATL@@UAEPAXI@Z 10003460 f i CheckScanner.obj
 0001:00002460       ??_G?$CComObject@V?$CComEnum@UIEnumConnectionPoints@@$1?_GUID_b196b285_bab4_101a_b69c_00aa00341d07@@3U__s_GUID@@BPAUIConnectionPoint@@V?$_CopyInterface@UIConnectionPoint@@@ATL@@VCComSingleThreadModel@6@@ATL@@@ATL@@UAEPAXI@Z 10003460 f i CheckScanner.obj
 0001:00002482       ?AddRef@CRegObject@ATL@@UAGKXZ 10003482 f i CheckScanner.obj
 0001:00002488       ?AddReplacement@CRegObject@ATL@@UAGJPB_W0@Z 10003488 f i CheckScanner.obj
 0001:000024c1       ?ClearReplacements@CRegObject@ATL@@UAGJXZ 100034c1 f i CheckScanner.obj
 0001:000024d3       ??_ECRegObject@ATL@@UAEPAXI@Z 100034d3 f i CheckScanner.obj
 0001:000024d3       ??_GCRegObject@ATL@@UAEPAXI@Z 100034d3 f i CheckScanner.obj
 0001:000024f5       ?AddRef@?$CComAggObject@VCOPOSCheckScanner@@@ATL@@UAGKXZ 100034f5 f i CheckScanner.obj
 0001:00002506       ?Release@?$CComAggObject@VCOPOSCheckScanner@@@ATL@@UAGKXZ 10003506 f i CheckScanner.obj
 0001:00002542       ?QueryInterface@?$CComAggObject@VCOPOSCheckScanner@@@ATL@@UAGJABU_GUID@@PAPAX@Z 10003542 f i CheckScanner.obj
 0001:00002591       ?AddRef@?$CComContainedObject@VCOPOSCheckScanner@@@ATL@@UAGKXZ 10003591 f i CheckScanner.obj
 0001:000025a7       ?Release@?$CComContainedObject@VCOPOSCheckScanner@@@ATL@@UAGKXZ 100035a7 f i CheckScanner.obj
 0001:000025bd       ?QueryInterface@?$CComContainedObject@VCOPOSCheckScanner@@@ATL@@UAGJABU_GUID@@PAPAX@Z 100035bd f i CheckScanner.obj
 0001:000025d8       ??_G?$CComAggObject@VCOPOSCheckScanner@@@ATL@@UAEPAXI@Z 100035d8 f i CheckScanner.obj
 0001:000025d8       ??_E?$CComAggObject@VCOPOSCheckScanner@@@ATL@@UAEPAXI@Z 100035d8 f i CheckScanner.obj
 0001:000025fd       ?AddRef@?$CComObject@VCOPOSCheckScanner@@@ATL@@UAGKXZ 100035fd f i CheckScanner.obj
 0001:00002614       ?Release@?$CComObject@VCOPOSCheckScanner@@@ATL@@UAGKXZ 10003614 f i CheckScanner.obj
 0001:00002656       ?QueryInterface@?$CComObject@VCOPOSCheckScanner@@@ATL@@UAGJABU_GUID@@PAPAX@Z 10003656 f i CheckScanner.obj
 0001:00002670       ?OnDrawAdvanced@CComControlBase@ATL@@UAEJAAUATL_DRAWINFO@@@Z 10003670 f i CheckScanner.obj
 0001:00002763       ?Next@?$CComEnumImpl@UIEnumConnections@@$1?_GUID_b196b287_bab4_101a_b69c_00aa00341d07@@3U__s_GUID@@BUtagCONNECTDATA@@V?$_Copy@UtagCONNECTDATA@@@ATL@@@ATL@@UAGJKPAUtagCONNECTDATA@@PAK@Z 10003763 f i CheckScanner.obj
 0001:0000283a       ?Skip@?$CComEnumImpl@UIEnumConnections@@$1?_GUID_b196b287_bab4_101a_b69c_00aa00341d07@@3U__s_GUID@@BUtagCONNECTDATA@@V?$_Copy@UtagCONNECTDATA@@@ATL@@@ATL@@UAGJK@Z 1000383a f i CheckScanner.obj
 0001:00002867       ?Clone@?$CComEnumImpl@UIEnumConnections@@$1?_GUID_b196b287_bab4_101a_b69c_00aa00341d07@@3U__s_GUID@@BUtagCONNECTDATA@@V?$_Copy@UtagCONNECTDATA@@@ATL@@@ATL@@UAGJPAPAUIEnumConnections@@@Z 10003867 f i CheckScanner.obj
 0001:00002948       ?QueryInterface@?$CComObject@V?$CComEnum@UIEnumConnections@@$1?_GUID_b196b287_bab4_101a_b69c_00aa00341d07@@3U__s_GUID@@BUtagCONNECTDATA@@V?$_Copy@UtagCONNECTDATA@@@ATL@@VCComSingleThreadModel@6@@ATL@@@ATL@@UAGJABU_GUID@@PAPAX@Z 10003948 f i CheckScanner.obj
 0001:00002962       ??_G?$CComObject@V?$CComEnum@UIEnumConnections@@$1?_GUID_b196b287_bab4_101a_b69c_00aa00341d07@@3U__s_GUID@@BUtagCONNECTDATA@@V?$_Copy@UtagCONNECTDATA@@@ATL@@VCComSingleThreadModel@6@@ATL@@@ATL@@UAEPAXI@Z 10003962 f i CheckScanner.obj
 0001:00002962       ??_E?$CComObject@V?$CComEnum@UIEnumConnections@@$1?_GUID_b196b287_bab4_101a_b69c_00aa00341d07@@3U__s_GUID@@BUtagCONNECTDATA@@V?$_Copy@UtagCONNECTDATA@@@ATL@@VCComSingleThreadModel@6@@ATL@@@ATL@@UAEPAXI@Z 10003962 f i CheckScanner.obj
 0001:00002984       ??$?4UITypeInfo2@@@?$CComPtr@UITypeInfo@@@ATL@@QAEPAUITypeInfo@@ABV?$CComPtr@UITypeInfo2@@@1@@Z 10003984 f i CheckScanner.obj
 0001:000029b1       ??$AtlAdd@K@ATL@@YAJPAKKK@Z 100039b1 f i CheckScanner.obj
 0001:000029d4       ??$AtlAdd@_K@ATL@@YAJPA_K_K1@Z 100039d4 f i CheckScanner.obj
 0001:00002a0c       ??$AtlAddThrow@K@ATL@@YAKKK@Z 10003a0c f i CheckScanner.obj
 0001:00002a32       ??$AtlModuleRegisterWndClassInfoT@VAtlModuleRegisterWndClassInfoParamW@ATL@@@ATL@@YAGPAU_ATL_BASE_MODULE70@0@PAU_ATL_WIN_MODULE70@0@PAU_ATL_WNDCLASSINFOW@0@PAP6GJPAUHWND__@@IIJ@ZVAtlModuleRegisterWndClassInfoParamW@0@@Z 10003a32 f i CheckScanner.obj
 0001:00002b80       ??$AtlMultiply@H@ATL@@YAJPAHHH@Z 10003b80 f i CheckScanner.obj
 0001:00002bb8       ??$AtlMultiply@I@ATL@@YAJPAIII@Z 10003bb8 f i CheckScanner.obj
 0001:00002bb8       ??$AtlMultiply@K@ATL@@YAJPAKKK@Z 10003bb8 f i CheckScanner.obj
 0001:00002bda       ??$AtlMultiplyThrow@I@ATL@@YAIII@Z 10003bda f i CheckScanner.obj
 0001:00002c00       ??0?$CComAggObject@VCOPOSCheckScanner@@@ATL@@QAE@PAX@Z 10003c00 f i CheckScanner.obj
 0001:00002c2d       ??0?$CComContainedObject@VCOPOSCheckScanner@@@ATL@@QAE@PAX@Z 10003c2d f i CheckScanner.obj
 0001:00002ce6       ??0?$CComObject@V?$CComEnum@UIEnumConnectionPoints@@$1?_GUID_b196b285_bab4_101a_b69c_00aa00341d07@@3U__s_GUID@@BPAUIConnectionPoint@@V?$_CopyInterface@UIConnectionPoint@@@ATL@@VCComSingleThreadModel@6@@ATL@@@ATL@@QAE@PAX@Z 10003ce6 f i CheckScanner.obj
 0001:00002d14       ??0?$CComObject@V?$CComEnum@UIEnumConnections@@$1?_GUID_b196b287_bab4_101a_b69c_00aa00341d07@@3U__s_GUID@@BUtagCONNECTDATA@@V?$_Copy@UtagCONNECTDATA@@@ATL@@VCComSingleThreadModel@6@@ATL@@@ATL@@QAE@PAX@Z 10003d14 f i CheckScanner.obj
 0001:00002d42       ??0?$CComObject@VCOPOSCheckScanner@@@ATL@@QAE@PAX@Z 10003d42 f i CheckScanner.obj
 0001:00002df9       ??0?$CComQIPtr@UIOleControlSite@@$1?_GUID_b196b289_bab4_101a_b69c_00aa00341d07@@3U__s_GUID@@B@ATL@@QAE@PAUIUnknown@@@Z 10003df9 f i CheckScanner.obj
 0001:00002e22       ??0CAtlModule@ATL@@QAE@XZ  10003e22 f i CheckScanner.obj
 0001:00002e63       ??0CParseBuffer@CRegParser@ATL@@QAE@H@Z 10003e63 f i CheckScanner.obj
 0001:00002e99       ??0_ATL_MSG@ATL@@QAE@PAUHWND__@@IIJH@Z 10003e99 f i CheckScanner.obj
 0001:00002ed1       ??1?$CComAggObject@VCOPOSCheckScanner@@@ATL@@UAE@XZ 10003ed1 f i CheckScanner.obj
 0001:00002ef5       ??1?$CComEnumImpl@UIEnumConnectionPoints@@$1?_GUID_b196b285_bab4_101a_b69c_00aa00341d07@@3U__s_GUID@@BPAUIConnectionPoint@@V?$_CopyInterface@UIConnectionPoint@@@ATL@@@ATL@@UAE@XZ 10003ef5 f i CheckScanner.obj
 0001:00002f35       ??1?$CComEnumImpl@UIEnumConnections@@$1?_GUID_b196b287_bab4_101a_b69c_00aa00341d07@@3U__s_GUID@@BUtagCONNECTDATA@@V?$_Copy@UtagCONNECTDATA@@@ATL@@@ATL@@UAE@XZ 10003f35 f i CheckScanner.obj
 0001:00002f75       ??1?$CComObject@V?$CComEnum@UIEnumConnectionPoints@@$1?_GUID_b196b285_bab4_101a_b69c_00aa00341d07@@3U__s_GUID@@BPAUIConnectionPoint@@V?$_CopyInterface@UIConnectionPoint@@@ATL@@VCComSingleThreadModel@6@@ATL@@@ATL@@UAE@XZ 10003f75 f i CheckScanner.obj
 0001:00002f98       ??1?$CComObject@V?$CComEnum@UIEnumConnections@@$1?_GUID_b196b287_bab4_101a_b69c_00aa00341d07@@3U__s_GUID@@BUtagCONNECTDATA@@V?$_Copy@UtagCONNECTDATA@@@ATL@@VCComSingleThreadModel@6@@ATL@@@ATL@@UAE@XZ 10003f98 f i CheckScanner.obj
 0001:00002fbb       ??1?$CComObject@VCOPOSCheckScanner@@@ATL@@UAE@XZ 10003fbb f i CheckScanner.obj
 0001:00003079       ??1?$CComObjectCached@VCComClassFactory@ATL@@@ATL@@UAE@XZ 10004079 f i CheckScanner.obj
 0001:0000308f       ??1?$CComObjectRootEx@VCComMultiThreadModel@ATL@@@ATL@@QAE@XZ 1000408f f i CheckScanner.obj
 0001:000030a4       ??1CRegObject@ATL@@UAE@XZ  100040a4 f i CheckScanner.obj
 0001:000030c4       ??4?$CComPtr@UIOleClientSite@@@ATL@@QAEPAUIOleClientSite@@PAU2@@Z 100040c4 f i CheckScanner.obj
 0001:000030c4       ??4?$CComPtr@UIUnknown@@@ATL@@QAEPAUIUnknown@@PAU2@@Z 100040c4 f i CheckScanner.obj
 0001:000030c4       ??4?$CComPtr@UIAdviseSink@@@ATL@@QAEPAUIAdviseSink@@PAU2@@Z 100040c4 f i CheckScanner.obj
 0001:000030f8       ??_G?$CComContainedObject@VCOPOSCheckScanner@@@ATL@@UAEPAXI@Z 100040f8 f i CheckScanner.obj
 0001:000030f8       ??_E?$CComContainedObject@VCOPOSCheckScanner@@@ATL@@UAEPAXI@Z 100040f8 f i CheckScanner.obj
 0001:0000311d       ??_E?$CComObject@VCOPOSCheckScanner@@@ATL@@UAEPAXI@Z 1000411d f i CheckScanner.obj
 0001:0000311d       ??_G?$CComObject@VCOPOSCheckScanner@@@ATL@@UAEPAXI@Z 1000411d f i CheckScanner.obj
 0001:00003142       ?Add@?$CSimpleArray@GV?$CSimpleArrayEqualHelper@G@ATL@@@ATL@@QAEHABG@Z 10004142 f i CheckScanner.obj
 0001:000031c6       ?Add@?$CSimpleMap@PA_WPA_WVCExpansionVectorEqualHelper@ATL@@@ATL@@QAEHABQA_W0@Z 100041c6 f i CheckScanner.obj
 0001:0000321b       ?Add@CComDynamicUnkArray@ATL@@QAEKPAUIUnknown@@@Z 1000421b f i CheckScanner.obj
 0001:000032d1       ?Add@CExpansionVector@ATL@@QAEHPB_W0@Z 100042d1 f i CheckScanner.obj
 0001:000033da       ?AddString@CParseBuffer@CRegParser@ATL@@QAEHPB_W@Z 100043da f i CheckScanner.obj
 0001:0000340f       ?AddTermFunc@CAtlModule@ATL@@QAEJP6GXK@ZK@Z 1000440f f i CheckScanner.obj
 0001:00003472       ?AddValue@CRegParser@ATL@@IAEJAAVCRegKey@2@PB_WPA_W@Z 10004472 f i CheckScanner.obj
 0001:0000378c       ?Allocate@?$CAtlSafeAllocBufferManager@VCCRTAllocator@ATL@@@_ATL_SAFE_ALLOCA_IMPL@ATL@@QAEPAXK@Z 1000478c f i CheckScanner.obj
 0001:000037b9       ?Allocate@?$CTempBuffer@E$0BAA@VCCRTAllocator@ATL@@@ATL@@QAEPAEI@Z 100047b9 f i CheckScanner.obj
 0001:000037e8       ?Allocate@?$CTempBuffer@_W$0BAA@VCCRTAllocator@ATL@@@ATL@@QAEPA_WI@Z 100047e8 f i CheckScanner.obj
 0001:00003817       ?Allocate@?$CTempBuffer@_W$0EAA@VCCRTAllocator@ATL@@@ATL@@QAEPA_WI@Z 10004817 f i CheckScanner.obj
 0001:00003846       ?AllocateHeap@?$CTempBuffer@E$0BAA@VCCRTAllocator@ATL@@@ATL@@AAEXI@Z 10004846 f i CheckScanner.obj
 0001:00003846       ?AllocateHeap@?$CTempBuffer@_W$0EAA@VCCRTAllocator@ATL@@@ATL@@AAEXI@Z 10004846 f i CheckScanner.obj
 0001:00003846       ?AllocateHeap@?$CTempBuffer@_W$0BAA@VCCRTAllocator@ATL@@@ATL@@AAEXI@Z 10004846 f i CheckScanner.obj
 0001:0000386b       ?Append@CParseBuffer@CRegParser@ATL@@QAEHPB_WH@Z 1000486b f i CheckScanner.obj
 0001:000038f9       ?AtlCoTaskMemCAlloc@ATL@@YAPAXKK@Z 100048f9 f i CheckScanner.obj
 0001:00003926       ?AtlCoTaskMemRecalloc@ATL@@YAPAXPAXKK@Z 10004926 f i CheckScanner.obj
 0001:00003956       ?AtlComModuleGetClassObject@ATL@@YGJPAU_ATL_COM_MODULE70@1@ABU_GUID@@1PAPAX@Z 10004956 f i CheckScanner.obj
 0001:00003a49       ?AtlComModuleRegisterServer@ATL@@YGJPAU_ATL_COM_MODULE70@1@HPBU_GUID@@@Z 10004a49 f i CheckScanner.obj
 0001:00003ad1       ?AtlComModuleUnregisterServer@ATL@@YGJPAU_ATL_COM_MODULE70@1@HPBU_GUID@@@Z 10004ad1 f i CheckScanner.obj
 0001:00003b59       ?AtlComQIPtrAssign2@ATL@@YAXPAPAUIUnknown@@PAU2@ABU_GUID@@@Z 10004b59 f i CheckScanner.obj
 0001:00003b88       ?AtlCreateTargetDC@ATL@@YGPAUHDC__@@PAU2@PAUtagDVTARGETDEVICE@@@Z 10004b88 f i CheckScanner.obj
 0001:00003bf1       ?AtlCrtErrorCheck@ATL@@YAHH@Z 10004bf1 f i CheckScanner.obj
 0001:00003c2c       ?AtlHiMetricToPixel@ATL@@YGXPBUtagSIZE@@PAU2@@Z 10004c2c f i CheckScanner.obj
 0001:00003ca1       ?AtlHresultFromLastError@ATL@@YAJXZ 10004ca1 f i CheckScanner.obj
 0001:00003cb8       ?AtlHresultFromWin32@ATL@@YAJK@Z 10004cb8 f i CheckScanner.obj
 0001:00003ccd       ?AtlInternalOleLoadFromStream@ATL@@YAJPAUIStream@@ABU_GUID@@PAPAXTClassesAllowedInStream@1@K@Z 10004ccd f i CheckScanner.obj
 0001:00003deb       ?AtlInternalQueryInterface@ATL@@YGJPAXPBU_ATL_INTMAP_ENTRY@1@ABU_GUID@@PAPAX@Z 10004deb f i CheckScanner.obj
 0001:00003e8e       ?AtlLoadTypeLib@ATL@@YGJPAUHINSTANCE__@@PB_WPAPA_WPAPAUITypeLib@@@Z 10004e8e f i CheckScanner.obj
 0001:0000406c       ?AtlRegisterClassCategoriesHelper@ATL@@YGJABU_GUID@@PBU_ATL_CATMAP_ENTRY@1@H@Z 1000506c f i CheckScanner.obj
 0001:00004368       ?AtlRegisterTypeLib@ATL@@YGJPAUHINSTANCE__@@PB_W@Z 10005368 f i CheckScanner.obj
 0001:000044f0       ?AtlThrowImpl@ATL@@YGXJ@Z  100054f0 f i CheckScanner.obj
 0001:0000450e       ?AtlUnRegisterTypeLib@ATL@@YGJPAUHINSTANCE__@@PB_W@Z 1000550e f i CheckScanner.obj
 0001:000045b9       ?AtlWinModuleAddCreateWndData@ATL@@YGXPAU_ATL_WIN_MODULE70@1@PAU_AtlCreateWndData@1@PAX@Z 100055b9 f i CheckScanner.obj
 0001:0000460d       ?AtlWinModuleExtractCreateWndData@ATL@@YGPAXPAU_ATL_WIN_MODULE70@1@@Z 1000560d f i CheckScanner.obj
 0001:00004670       ?AtlWinModuleRegisterClassExW@ATL@@YGGPAU_ATL_WIN_MODULE70@1@PBUtagWNDCLASSEXW@@@Z 10005670 f i CheckScanner.obj
 0001:000046af       ?CanForceRemoveKey@CRegParser@ATL@@IAEHPB_W@Z 100056af f i CheckScanner.obj
 0001:000046de       ?ChToByte@CRegParser@ATL@@KAE_W@Z 100056de f i CheckScanner.obj
 0001:00004711       ?Cleanup@CComTypeInfoHolder@ATL@@SGXK@Z 10005711 f i CheckScanner.obj
 0001:00004744       ?ClearReplacements@CExpansionVector@ATL@@QAEJXZ 10005744 f i CheckScanner.obj
 0001:00004781       ?Close@CRegKey@ATL@@QAEJXZ 10005781 f i CheckScanner.obj
 0001:0000479b       ?CreateInstance@?$CComCreator@V?$CComAggObject@VCOPOSCheckScanner@@@ATL@@@ATL@@SGJPAXABU_GUID@@PAPAX@Z 1000579b f i CheckScanner.obj
 0001:00004810       ?CreateInstance@?$CComCreator@V?$CComObject@VCOPOSCheckScanner@@@ATL@@@ATL@@SGJPAXABU_GUID@@PAPAX@Z 10005810 f i CheckScanner.obj
 0001:00004890       ?CreateInstance@?$CComObject@V?$CComEnum@UIEnumConnectionPoints@@$1?_GUID_b196b285_bab4_101a_b69c_00aa00341d07@@3U__s_GUID@@BPAUIConnectionPoint@@V?$_CopyInterface@UIConnectionPoint@@@ATL@@VCComSingleThreadModel@6@@ATL@@@ATL@@SGJPAPAV12@@Z 10005890 f i CheckScanner.obj
 0001:000048da       ?CreateInstance@?$CComObject@V?$CComEnum@UIEnumConnections@@$1?_GUID_b196b287_bab4_101a_b69c_00aa00341d07@@3U__s_GUID@@BUtagCONNECTDATA@@V?$_Copy@UtagCONNECTDATA@@@ATL@@VCComSingleThreadModel@6@@ATL@@@ATL@@SGJPAPAV12@@Z 100058da f i CheckScanner.obj
 0001:00004924       ?DefaultReflectionHandler@?$CWindowImplRoot@VCWindow@ATL@@@ATL@@SAHPAUHWND__@@IIJAAJ@Z 10005924 f i CheckScanner.obj
 0001:00004997       ?DeleteSubKey@CRegKey@ATL@@QAEJPB_W@Z 10005997 f i CheckScanner.obj
 0001:00004a10       ?DoEvent@COPOSCheckScanner@@IAEXIIJ@Z 10005a10 f i CheckScanner.obj
 0001:00004a90       ?DoVerbHide@?$IOleObjectImpl@VCOPOSCheckScanner@@@ATL@@QAEJPBUtagRECT@@PAUHWND__@@@Z 10005a90 f i CheckScanner.obj
 0001:00004ac6       ?DoVerbInPlaceActivate@?$IOleObjectImpl@VCOPOSCheckScanner@@@ATL@@QAEJPBUtagRECT@@PAUHWND__@@@Z 10005ac6 f i CheckScanner.obj
 0001:00004af9       ?DoVerbPrimary@?$IOleObjectImpl@VCOPOSCheckScanner@@@ATL@@QAEJPBUtagRECT@@PAUHWND__@@@Z 10005af9 f i CheckScanner.obj
 0001:00004b85       ?DoVerbProperties@CComControlBase@ATL@@QAEJPBUtagRECT@@PAUHWND__@@@Z 10005b85 f i CheckScanner.obj
 0001:00004d04       ?DoVerbUIActivate@?$IOleObjectImpl@VCOPOSCheckScanner@@@ATL@@QAEJPBUtagRECT@@PAUHWND__@@@Z 10005d04 f i CheckScanner.obj
 0001:00004d41       ?DoesVerbActivate@CComControlBase@ATL@@QAEHJ@Z 10005d41 f i CheckScanner.obj
 0001:00004d62       ?DoesVerbUIActivate@CComControlBase@ATL@@QAEHJ@Z 10005d62 f i CheckScanner.obj
 0001:00004d97       ?EndOfVar@CRegParser@ATL@@IAEHXZ 10005d97 f i CheckScanner.obj
 0001:00004db7       ?EscapeSingleQuote@CAtlModule@ATL@@SAXPA_WIPB_W@Z 10005db7 f i CheckScanner.obj
 0001:00004e06       ?FindKey@?$CSimpleMap@PA_WPA_WVCExpansionVectorEqualHelper@ATL@@@ATL@@QBEHABQA_W@Z 10005e06 f i CheckScanner.obj
 0001:00004e3d       ?FireTheEvent@?$CProxy_IOPOSEvents@VCOPOSCheckScanner@@@@IAEXPAVOposVariant@@IAAJPB_WJ@Z 10005e3d f i CheckScanner.obj
 0001:00004ecf       ?FireViewChange@CComControlBase@ATL@@QAEJXZ 10005ecf f i CheckScanner.obj
 0001:00004f18       ?Fire_DataEvent@?$CProxy_IOPOSEvents@VCOPOSCheckScanner@@@@QAEXJ@Z 10005f18 f i CheckScanner.obj
 0001:00004fae       ?Fire_DirectIOEvent@?$CProxy_IOPOSEvents@VCOPOSCheckScanner@@@@QAEXJPAJPAPA_W@Z 10005fae f i CheckScanner.obj
 0001:0000509a       ?Fire_ErrorEvent@?$CProxy_IOPOSEvents@VCOPOSCheckScanner@@@@QAEXJJJPAJ@Z 1000609a f i CheckScanner.obj
 0001:0000518b       ?Fire_StatusUpdateEvent@?$CProxy_IOPOSEvents@VCOPOSCheckScanner@@@@QAEXJ@Z 1000618b f i CheckScanner.obj
 0001:00005221       ?FreeHeap@?$CTempBuffer@_W$0BAA@VCCRTAllocator@ATL@@@ATL@@AAEXXZ 10006221 f i CheckScanner.obj
 0001:00005221       ?FreeHeap@?$CTempBuffer@E$0BAA@VCCRTAllocator@ATL@@@ATL@@AAEXXZ 10006221 f i CheckScanner.obj
 0001:00005221       ?FreeHeap@?$CTempBuffer@_W$0EAA@VCCRTAllocator@ATL@@@ATL@@AAEXXZ 10006221 f i CheckScanner.obj
 0001:0000522a       ?GetAmbientLocaleID@CComControlBase@ATL@@QAEJAAK@Z 1000622a f i CheckScanner.obj
 0001:00005286       ?GetAmbientUserMode@CComControlBase@ATL@@QAEJAAH@Z 10006286 f i CheckScanner.obj
 0001:000052f6       ?GetAt@CComDynamicUnkArray@ATL@@QAEPAUIUnknown@@H@Z 100062f6 f i CheckScanner.obj
 0001:00005312       ?GetClassObject@CComModule@ATL@@QAEJABU_GUID@@0PAPAX@Z 10006312 f i CheckScanner.obj
 0001:000053b4       ?GetConnMap@COPOSCheckScanner@@SAPBU_ATL_CONNMAP_ENTRY@ATL@@PAH@Z 100063b4 f i CheckScanner.obj
 0001:00005424       ?GetCookie@CComDynamicUnkArray@ATL@@QAGKPAPAUIUnknown@@@Z 10006424 f i CheckScanner.obj
 0001:0000545c       ?GetIDsOfNames@CComTypeInfoHolder@ATL@@QAEJABU_GUID@@PAPA_WIKPAJ@Z 1000645c f i CheckScanner.obj
 0001:00005583       ?GetKeyAt@?$CSimpleMap@PA_WPA_WVCExpansionVectorEqualHelper@ATL@@@ATL@@QBEAAPA_WH@Z 10006583 f i CheckScanner.obj
 0001:000055a8       ?GetPagesHelper@?$ISpecifyPropertyPagesImpl@VCOPOSCheckScanner@@@ATL@@IAEJPAUtagCAUUID@@PBUATL_PROPMAP_ENTRY@2@@Z 100065a8 f i CheckScanner.obj
 0001:000056cf       ?GetProperty@?$CComPtr@UIDispatch@@@ATL@@SAJPAUIDispatch@@JPAUtagVARIANT@@@Z 100066cf f i CheckScanner.obj
 0001:0000571e       ?GetSizeMax@CComVariant@ATL@@QBEJPAT_ULARGE_INTEGER@@@Z 1000671e f i CheckScanner.obj
 0001:000058e0       ?GetTI@CComTypeInfoHolder@ATL@@QAEJK@Z 100068e0 f i CheckScanner.obj
 0001:00005abf       ?GetTI@CComTypeInfoHolder@ATL@@QAEJKPAPAUITypeInfo@@@Z 10006abf f i CheckScanner.obj
 0001:00005b01       ?GetUnknown@CComDynamicUnkArray@ATL@@QAGPAUIUnknown@@K@Z 10006b01 f i CheckScanner.obj
 0001:00005b22       ?GetValueAt@?$CSimpleMap@PA_WPA_WVCExpansionVectorEqualHelper@ATL@@@ATL@@QBEAAPA_WH@Z 10006b22 f i CheckScanner.obj
 0001:00005b48       ?GetZoomInfo@CComControlBase@ATL@@QAEXAAUATL_DRAWINFO@@@Z 10006b48 f i CheckScanner.obj
 0001:00005bdb       ?HKeyFromString@CRegParser@ATL@@KAPAUHKEY__@@PA_W@Z 10006bdb f i CheckScanner.obj
 0001:00005c09       ?HasSubKeys@CRegParser@ATL@@IAEHPAUHKEY__@@@Z 10006c09 f i CheckScanner.obj
 0001:00005c3e       ?IDataObject_GetData@CComControlBase@ATL@@QAEJPAUtagFORMATETC@@PAUtagSTGMEDIUM@@@Z 10006c3e f i CheckScanner.obj
 0001:00005de4       ?IOleInPlaceObject_InPlaceDeactivate@CComControlBase@ATL@@QAEJXZ 10006de4 f i CheckScanner.obj
 0001:00005e6b       ?IOleInPlaceObject_SetObjectRects@CComControlBase@ATL@@QAEJPBUtagRECT@@0@Z 10006e6b f i CheckScanner.obj
 0001:00005f38       ?IOleInPlaceObject_UIDeactivate@CComControlBase@ATL@@QAEJXZ 10006f38 f i CheckScanner.obj
 0001:00005ffa       ?IOleObject_Advise@CComControlBase@ATL@@QAEJPAUIAdviseSink@@PAK@Z 10006ffa f i CheckScanner.obj
 0001:00006024       ?IOleObject_Close@CComControlBase@ATL@@QAEJK@Z 10007024 f i CheckScanner.obj
 0001:00006108       ?IOleObject_GetClientSite@CComControlBase@ATL@@QAEJPAPAUIOleClientSite@@@Z 10007108 f i CheckScanner.obj
 0001:00006131       ?IOleObject_SetClientSite@CComControlBase@ATL@@QAEJPAUIOleClientSite@@@Z 10007131 f i CheckScanner.obj
 0001:00006170       ?IOleObject_SetExtent@CComControlBase@ATL@@QAEJKPAUtagSIZE@@@Z 10007170 f i CheckScanner.obj
 0001:00006222       ?IPSI_GetIPersistStreamInit@?$IPersistStorageImpl@VCOPOSCheckScanner@@@ATL@@AAEPAUIPersistStreamInit@@XZ 10007222 f i CheckScanner.obj
 0001:000062ca       ?IPersistStreamInit_Load@?$IPersistStreamInitImpl@VCOPOSCheckScanner@@@ATL@@QAEJPAUIStream@@PBUATL_PROPMAP_ENTRY@2@@Z 100072ca f i CheckScanner.obj
 0001:0000653f       ?IPersistStreamInit_Save@?$IPersistStreamInitImpl@VCOPOSCheckScanner@@@ATL@@QAEJPAUIStream@@HPBUATL_PROPMAP_ENTRY@2@@Z 1000753f f i CheckScanner.obj
 0001:0000672d       ?IQuickActivate_QuickActivate@CComControlBase@ATL@@QAEJPAUtagQACONTAINER@@PAUtagQACONTROL@@@Z 1000772d f i CheckScanner.obj
 0001:0000696f       ?IViewObject_Draw@CComControlBase@ATL@@QAEJKJPAXPAUtagDVTARGETDEVICE@@PAUHDC__@@2PBU_RECTL@@3@Z 1000796f f i CheckScanner.obj
 0001:00006a17       ?InPlaceActivate@CComControlBase@ATL@@QAEJJPBUtagRECT@@@Z 10007a17 f i CheckScanner.obj
 0001:00006c88       ?Init@?$CComEnumImpl@UIEnumConnectionPoints@@$1?_GUID_b196b285_bab4_101a_b69c_00aa00341d07@@3U__s_GUID@@BPAUIConnectionPoint@@V?$_CopyInterface@UIConnectionPoint@@@ATL@@@ATL@@QAEJPAPAUIConnectionPoint@@0PAUIUnknown@@W4CComEnumFlags@2@@Z 10007c88 f i CheckScanner.obj
 0001:00006d67       ?Init@?$CComEnumImpl@UIEnumConnections@@$1?_GUID_b196b287_bab4_101a_b69c_00aa00341d07@@3U__s_GUID@@BUtagCONNECTDATA@@V?$_Copy@UtagCONNECTDATA@@@ATL@@@ATL@@QAEJPAUtagCONNECTDATA@@0PAUIUnknown@@W4CComEnumFlags@2@@Z 10007d67 f i CheckScanner.obj
 0001:00006e46       ?Init@CComModule@ATL@@QAEJPAU_ATL_OBJMAP_ENTRY30@2@PAUHINSTANCE__@@PBU_GUID@@@Z 10007e46 f i CheckScanner.obj
 0001:00006ea5       ?Init@CDynamicStdCallThunk2@ATL@@QAEHKPAX@Z 10007ea5 f i CheckScanner.obj
 0001:00006ed0       ?InlineIsEqualUnknown@ATL@@YGHABU_GUID@@@Z 10007ed0 f i CheckScanner.obj
 0001:00006ef8       ?InternalSetAtIndex@?$CSimpleMap@PA_WPA_WVCExpansionVectorEqualHelper@ATL@@@ATL@@QAEXHABQA_W0@Z 10007ef8 f i CheckScanner.obj
 0001:00006f22       ?Invoke@CComTypeInfoHolder@ATL@@QAEJPAUIDispatch@@JABU_GUID@@KGPAUtagDISPPARAMS@@PAUtagVARIANT@@PAUtagEXCEPINFO@@PAI@Z 10007f22 f i CheckScanner.obj
 0001:00006f65       ?IsEqualObject@?$CComPtrBase@UITypeInfo@@@ATL@@QAE_NPAUIUnknown@@@Z 10007f65 f i CheckScanner.obj
 0001:00006f65       ?IsEqualObject@?$CComPtrBase@UIOleClientSite@@@ATL@@QAE_NPAUIUnknown@@@Z 10007f65 f i CheckScanner.obj
 0001:00006fd2       ?IsSpace@CRegParser@ATL@@IAEH_W@Z 10007fd2 f i CheckScanner.obj
 0001:00006ffc       ?LoadNameCache@CComTypeInfoHolder@ATL@@QAEJPAUITypeInfo@@@Z 10007ffc f i CheckScanner.obj
 0001:00007131       ?Lookup@?$CSimpleMap@PA_WPA_WVCExpansionVectorEqualHelper@ATL@@@ATL@@QBEPA_WABQA_W@Z 10008131 f i CheckScanner.obj
 0001:00007157       ?NextToken@CRegParser@ATL@@IAEJPA_W@Z 10008157 f i CheckScanner.obj
 0001:0000728f       ?OnKillFocus@CComControlBase@ATL@@QAEJIIJAAH@Z 1000828f f i CheckScanner.obj
 0001:000072ea       ?OnMouseActivate@CComControlBase@ATL@@QAEJIIJAAH@Z 100082ea f i CheckScanner.obj
 0001:00007358       ?OnPaint@CComControlBase@ATL@@QAEJIIJAAH@Z 10008358 f i CheckScanner.obj
 0001:0000740a       ?OnSetFocus@CComControlBase@ATL@@QAEJIIJAAH@Z 1000840a f i CheckScanner.obj
 0001:00007493       ?Open@CRegKey@ATL@@QAEJPAUHKEY__@@PB_WK@Z 10008493 f i CheckScanner.obj
 0001:000074e8       ?PreProcessBuffer@CRegParser@ATL@@QAEJPA_WPAPA_W@Z 100084e8 f i CheckScanner.obj
 0001:00007757       ?ProcessWindowMessage@?$CComControl@VCOPOSCheckScanner@@V?$CWindowImpl@VCOPOSCheckScanner@@VCWindow@ATL@@V?$CWinTraits@$0FGAAAAAA@$0A@@3@@ATL@@@ATL@@UAEHPAUHWND__@@IIJAAJK@Z 10008757 f i CheckScanner.obj
 0001:000077f6       ?ReadFromStream@CComBSTR@ATL@@QAEJPAUIStream@@@Z 100087f6 f i CheckScanner.obj
 0001:00007919       ?ReadFromStream@CComVariant@ATL@@QAEJPAUIStream@@GTClassesAllowedInStream@2@K@Z 10008919 f i CheckScanner.obj
 0001:00007aa3       ?RecurseDeleteKey@CRegKey@ATL@@QAEJPB_W@Z 10008aa3 f i CheckScanner.obj
 0001:00007b91       ?RegCreateKeyExW@CAtlTransactionManager@ATL@@QAEJPAUHKEY__@@PB_WKPA_WKKQAU_SECURITY_ATTRIBUTES@@PAPAU3@PAK@Z 10008b91 f i CheckScanner.obj
 0001:00007bf4       ?RegDeleteKeyW@CAtlTransactionManager@ATL@@QAEJPAUHKEY__@@PB_W@Z 10008bf4 f i CheckScanner.obj
 0001:00007c46       ?RegOpenKeyExW@CAtlTransactionManager@ATL@@QAEJPAUHKEY__@@PB_WKKPAPAU3@@Z 10008c46 f i CheckScanner.obj
 0001:00007c9d       ?Register@_ATL_WNDCLASSINFOW@ATL@@QAEGPAP6GJPAUHWND__@@IIJ@Z@Z 10008c9d f i CheckScanner.obj
 0001:00007cbd       ?RegisterBuffer@CRegParser@ATL@@QAEJPA_WH@Z 10008cbd f i CheckScanner.obj
 0001:00007e04       ?RegisterFromResource@CRegObject@ATL@@IAEJPB_W00H@Z 10008e04 f i CheckScanner.obj
 0001:00007f3a       ?RegisterServer@?$CAtlModuleT@VCComModule@ATL@@@ATL@@QAEJHPBU_GUID@@@Z 10008f3a f i CheckScanner.obj
 0001:00007f68       ?RegisterServer@CComModule@ATL@@QAEJHPBU_GUID@@@Z 10008f68 f i CheckScanner.obj
 0001:00007fde       ?RegisterSubkeys@CRegParser@ATL@@IAEJPA_WPAUHKEY__@@HH@Z 10008fde f i CheckScanner.obj
 0001:0000868b       ?Remove@CComDynamicUnkArray@ATL@@QAEHK@Z 1000968b f i CheckScanner.obj
 0001:000086b4       ?RemoveAll@?$CSimpleMap@PA_WPA_WVCExpansionVectorEqualHelper@ATL@@@ATL@@QAEXXZ 100096b4 f i CheckScanner.obj
 0001:000086e0       ?ResourceRegisterSz@CRegObject@ATL@@QAGJPB_W00@Z 100096e0 f i CheckScanner.obj
 0001:0000870d       ?ResourceUnregisterSz@CRegObject@ATL@@QAGJPB_W00@Z 1000970d f i CheckScanner.obj
 0001:0000873a       ?SendOnDataChange@CComControlBase@ATL@@QAEJK@Z 1000973a f i CheckScanner.obj
 0001:00008787       ?SetControlFocus@CComControlBase@ATL@@QAEHH@Z 10009787 f i CheckScanner.obj
 0001:00008824       ?SetMultiStringValue@CRegKey@ATL@@QAEJPB_W0@Z 10009824 f i CheckScanner.obj
 0001:00008880       ?SetStringValue@CRegKey@ATL@@QAEJPB_W0K@Z 10009880 f i CheckScanner.obj
 0001:000088c9       ?SkipAssignment@CRegParser@ATL@@IAEJPA_W@Z 100098c9 f i CheckScanner.obj
 0001:0000892e       ?SkipWhiteSpace@CRegParser@ATL@@IAEXXZ 1000992e f i CheckScanner.obj
 0001:00008950       ?StrChrW@CRegParser@ATL@@KAPA_WPA_W_W@Z 10009950 f i CheckScanner.obj
 0001:0000898d       ?Term@CAtlModule@ATL@@QAEXXZ 1000998d f i CheckScanner.obj
 0001:000089e0       ?Term@CComModule@ATL@@QAEXXZ 100099e0 f i CheckScanner.obj
 0001:00008a38       ?UnregisterServer@?$CAtlModuleT@VCComModule@ATL@@@ATL@@QAEJHPBU_GUID@@@Z 10009a38 f i CheckScanner.obj
 0001:00008a5e       ?UnregisterServer@CComModule@ATL@@QAEJHPBU_GUID@@@Z 10009a5e f i CheckScanner.obj
 0001:00008ad4       ?UpdateRegistryFromResource@CAtlModule@ATL@@QAGJIHPAU_ATL_REGMAP_ENTRY@2@@Z 10009ad4 f i CheckScanner.obj
 0001:00008c9f       ?UpdateRegistryFromResource@CAtlModule@ATL@@QAGJPB_WHPAU_ATL_REGMAP_ENTRY@2@@Z 10009c9f f i CheckScanner.obj
 0001:00008e70       ?VTFromRegType@CRegParser@ATL@@KAHPB_WAAG@Z 10009e70 f i CheckScanner.obj
 0001:00008edd       ?WindowProc@?$CWindowImplBaseT@VCWindow@ATL@@V?$CWinTraits@$0FGAAAAAA@$0A@@2@@ATL@@SGJPAUHWND__@@IIJ@Z 10009edd f i CheckScanner.obj
 0001:00008fcf       ?WriteToStream@CComBSTR@ATL@@QAEJPAUIStream@@@Z 10009fcf f i CheckScanner.obj
 0001:00009031       ?WriteToStream@CComVariant@ATL@@QAEJPAUIStream@@@Z 1000a031 f i CheckScanner.obj
 0001:000091ab       ?WriteToStream@CComVariant@ATL@@QAEJPAUIStream@@G@Z 1000a1ab f i CheckScanner.obj
 0001:00009214       ?_AtlInitialConstruct@?$CComObjectRootEx@VCComMultiThreadModel@ATL@@@ATL@@QAEJXZ 1000a214 f i CheckScanner.obj
 0001:00009229       ?_AtlVerifyStackAvailable@_ATL_SAFE_ALLOCA_IMPL@ATL@@YA_NK@Z 1000a229 f i CheckScanner.obj
 0001:000092a7       ?atlCreate@?$CWindowImpl@VCOPOSCheckScanner@@VCWindow@ATL@@V?$CWinTraits@$0FGAAAAAA@$0A@@3@@ATL@@QAEPAUHWND__@@PAU3@V_U_RECT@2@PB_WKKV_U_MENUorID@2@PAX@Z 1000a2a7 f i CheckScanner.obj
 0001:000092eb       ?atlCreate@?$CWindowImplBaseT@VCWindow@ATL@@V?$CWinTraits@$0FGAAAAAA@$0A@@2@@ATL@@QAEPAUHWND__@@PAU3@V_U_RECT@2@PB_WKKV_U_MENUorID@2@GPAX@Z 1000a2eb f i CheckScanner.obj
 0001:00009387       ?copy@?$_Copy@UtagCONNECTDATA@@@ATL@@SAJPAUtagCONNECTDATA@@PBU3@@Z 1000a387 f i CheckScanner.obj
 0001:000093bd       ?copy@?$_CopyInterface@UIConnectionPoint@@@ATL@@SAJPAPAUIConnectionPoint@@PBQAU3@@Z 1000a3bd f i CheckScanner.obj
 0001:000093eb       ?memcpy_s@Checked@ATL@@YAXPAXIPBXI@Z 1000a3eb f i CheckScanner.obj
 0001:0000940a       ?ocscpy_s@@YA_NPA_WIPB_W@Z 1000a40a f i CheckScanner.obj
 0001:00009454       ?wcscpy_s@Checked@ATL@@YAXPA_WIPB_W@Z 1000a454 f i CheckScanner.obj
 0001:00009470       _DllCanUnloadNow@0         1000a470 f   CheckScanner.obj
 0001:0000947c       _DllGetClassObject@12      1000a47c f   CheckScanner.obj
 0001:0000948a       _DllMain@12                1000a48a f   CheckScanner.obj
 0001:000094cc       _DllRegisterServer@0       1000a4cc f   CheckScanner.obj
 0001:000094db       _DllUnregisterServer@0     1000a4db f   CheckScanner.obj
 0001:000094ea       _InlineIsEqualGUID         1000a4ea f i CheckScanner.obj
 0001:0000951a       ___local_stdio_printf_options 1000a51a f i CheckScanner.obj
 0001:00009520       __vswprintf_s_l            1000a520 f i CheckScanner.obj
 0001:000095cd       _swprintf_s                1000a5cd f i CheckScanner.obj
 0001:000095e9       ??0?$CComControl@VCOPOSCheckScanner@@V?$CWindowImpl@VCOPOSCheckScanner@@VCWindow@ATL@@V?$CWinTraits@$0FGAAAAAA@$0A@@3@@ATL@@@ATL@@QAE@XZ 1000a5e9 f i CheckScannerImpl.obj
 0001:00009610       ??0?$CProxy_IOPOSEvents@VCOPOSCheckScanner@@@@QAE@XZ 1000a610 f i CheckScannerImpl.obj
 0001:00009630       ??0CComControlBase@ATL@@QAE@AAPAUHWND__@@@Z 1000a630 f i CheckScannerImpl.obj
 0001:00009680       ??0COPOSCheckScanner@@QAE@XZ 1000a680 f   CheckScannerImpl.obj
 0001:000096b6       ??1?$CComControl@VCOPOSCheckScanner@@V?$CWindowImpl@VCOPOSCheckScanner@@VCWindow@ATL@@V?$CWinTraits@$0FGAAAAAA@$0A@@3@@ATL@@@ATL@@UAE@XZ 1000a6b6 f i CheckScannerImpl.obj
 0001:000096cf       ??1?$IConnectionPointImpl@VCOPOSCheckScanner@@$1?DIID__IOPOSCheckScannerEvents@@3U_GUID@@BVCComDynamicUnkArray@ATL@@@ATL@@QAE@XZ 1000a6cf f i CheckScannerImpl.obj
 0001:000096cf       ??1?$IConnectionPointImpl@VCOPOSCheckScanner@@$1?IID_IPropertyNotifySink@@3U_GUID@@BVCComDynamicUnkArray@ATL@@@ATL@@QAE@XZ 1000a6cf f i CheckScannerImpl.obj
 0001:0000970c       ??1CComControlBase@ATL@@UAE@XZ 1000a70c f i CheckScannerImpl.obj
 0001:0000976f       ??1COPOSCheckScanner@@UAE@XZ 1000a76f f   CheckScannerImpl.obj
 0001:000097b7       ?BeginInsertion@COPOSCheckScanner@@UAGJJPAJ@Z 1000a7b7 f   CheckScannerImpl.obj
 0001:00009806       ?BeginRemoval@COPOSCheckScanner@@UAGJJPAJ@Z 1000a806 f   CheckScannerImpl.obj
 0001:00009855       ?CheckHealth@COPOSCheckScanner@@UAGJJPAJ@Z 1000a855 f   CheckScannerImpl.obj
 0001:000098a4       ?ClaimDevice@COPOSCheckScanner@@UAGJJPAJ@Z 1000a8a4 f   CheckScannerImpl.obj
 0001:00009919       ?ClearImage@COPOSCheckScanner@@UAGJJPAJ@Z 1000a919 f   CheckScannerImpl.obj
 0001:00009968       ?ClearInput@COPOSCheckScanner@@UAGJPAJ@Z 1000a968 f   CheckScannerImpl.obj
 0001:00009983       ?ClearInputProperties@COPOSCheckScanner@@UAGJPAJ@Z 1000a983 f   CheckScannerImpl.obj
 0001:0000999e       ?Close@COPOSCheckScanner@@UAGJPAJ@Z 1000a99e f   CheckScannerImpl.obj
 0001:00009a0c       ?CompareFirmwareVersion@COPOSCheckScanner@@UAGJPA_WPAJ1@Z 1000aa0c f   CheckScannerImpl.obj
 0001:00009a8c       ?DefineCropArea@COPOSCheckScanner@@UAGJJJJJJPAJ@Z 1000aa8c f   CheckScannerImpl.obj
 0001:00009b38       ?DirectIO@COPOSCheckScanner@@UAGJJPAJPAPA_W0@Z 1000ab38 f   CheckScannerImpl.obj
 0001:00009be6       ?DoInvoke@COPOSCheckScanner@@IAEJJPAVOposVariant@@IHPAJ_N@Z 1000abe6 f   CheckScannerImpl.obj
 0001:00009cc2       ?EndInsertion@COPOSCheckScanner@@UAGJPAJ@Z 1000acc2 f   CheckScannerImpl.obj
 0001:00009cdd       ?EndRemoval@COPOSCheckScanner@@UAGJPAJ@Z 1000acdd f   CheckScannerImpl.obj
 0001:00009cf8       ?EventClose@COPOSCheckScanner@@IAEXXZ 1000acf8 f i CheckScannerImpl.obj
 0001:00009d2b       ?EventInit@COPOSCheckScanner@@IAEJXZ 1000ad2b f i CheckScannerImpl.obj
 0001:00009df7       ?EventUninit@COPOSCheckScanner@@IAEXXZ 1000adf7 f i CheckScannerImpl.obj
 0001:00009e49       ?EventWindowProc@COPOSCheckScanner@@IAGJIIJ@Z 1000ae49 f i CheckScannerImpl.obj
 0001:00009f1d       ?FinalConstruct@COPOSCheckScanner@@QAEJXZ 1000af1d f   CheckScannerImpl.obj
 0001:00009f56       ?FireEventCleanup@COPOSCheckScanner@@IAEXXZ 1000af56 f i CheckScannerImpl.obj
 0001:00009f6c       ?FireEventSetup@COPOSCheckScanner@@IAE_NXZ 1000af6c f i CheckScannerImpl.obj
 0001:00009fa0       ?FreezeEvents@COPOSCheckScanner@@MAGJH@Z 1000afa0 f   CheckScannerImpl.obj
 0001:0000a000       ?GetOposProp@COPOSCheckScanner@@IAEJJPAFJ@Z 1000b000 f   CheckScannerImpl.obj
 0001:0000a023       ?GetOposProp@COPOSCheckScanner@@IAEJJPAJJ@Z 1000b023 f   CheckScannerImpl.obj
 0001:0000a0f2       ?GetOposProp@COPOSCheckScanner@@IAEJJPAPA_WJ@Z 1000b0f2 f   CheckScannerImpl.obj
 0001:0000a1ce       ?OnDraw@COPOSCheckScanner@@MAEJAAUATL_DRAWINFO@@@Z 1000b1ce f   CheckScannerImpl.obj
 0001:0000a26e       ?Open@COPOSCheckScanner@@UAGJPA_WPAJ@Z 1000b26e f   CheckScannerImpl.obj
 0001:0000aab4       ?ReleaseDevice@COPOSCheckScanner@@UAGJPAJ@Z 1000bab4 f   CheckScannerImpl.obj
 0001:0000ab03       ?ResetStatistics@COPOSCheckScanner@@UAGJPA_WPAJ@Z 1000bb03 f   CheckScannerImpl.obj
 0001:0000ab5a       ?RetrieveImage@COPOSCheckScanner@@UAGJJPAJ@Z 1000bb5a f   CheckScannerImpl.obj
 0001:0000aba9       ?RetrieveMemory@COPOSCheckScanner@@UAGJJPAJ@Z 1000bba9 f   CheckScannerImpl.obj
 0001:0000abf8       ?RetrieveStatistics@COPOSCheckScanner@@UAGJPAPA_WPAJ@Z 1000bbf8 f   CheckScannerImpl.obj
 0001:0000ac4f       ?SOProcessID@COPOSCheckScanner@@UAGJPAJ@Z 1000bc4f f   CheckScannerImpl.obj
 0001:0000ac63       ?SetCOFreezeEvents@COPOSCheckScanner@@IAEXF@Z 1000bc63 f   CheckScannerImpl.obj
 0001:0000ad03       ?SetOposProp@COPOSCheckScanner@@IAEJJJJ@Z 1000bd03 f   CheckScannerImpl.obj
 0001:0000adfa       ?SetOposProp@COPOSCheckScanner@@IAEJJPA_WJ@Z 1000bdfa f   CheckScannerImpl.obj
 0001:0000aefb       ?StoreImage@COPOSCheckScanner@@UAGJJPAJ@Z 1000befb f   CheckScannerImpl.obj
 0001:0000af4a       ?UpdateFirmware@COPOSCheckScanner@@UAGJPA_WPAJ@Z 1000bf4a f   CheckScannerImpl.obj
 0001:0000afa1       ?UpdateStatistics@COPOSCheckScanner@@UAGJPA_WPAJ@Z 1000bfa1 f   CheckScannerImpl.obj
 0001:0000aff8       ?get_AutoDisable@COPOSCheckScanner@@UAGJPAF@Z 1000bff8 f   CheckScannerImpl.obj
 0001:0000b00e       ?get_BinaryConversion@COPOSCheckScanner@@UAGJPAJ@Z 1000c00e f   CheckScannerImpl.obj
 0001:0000b024       ?get_CapAutoContrast@COPOSCheckScanner@@UAGJPAF@Z 1000c024 f   CheckScannerImpl.obj
 0001:0000b03d       ?get_CapAutoGenerateFileID@COPOSCheckScanner@@UAGJPAF@Z 1000c03d f   CheckScannerImpl.obj
 0001:0000b056       ?get_CapAutoGenerateImageTagData@COPOSCheckScanner@@UAGJPAF@Z 1000c056 f   CheckScannerImpl.obj
 0001:0000b06f       ?get_CapAutoSize@COPOSCheckScanner@@UAGJPAF@Z 1000c06f f   CheckScannerImpl.obj
 0001:0000b088       ?get_CapColor@COPOSCheckScanner@@UAGJPAJ@Z 1000c088 f   CheckScannerImpl.obj
 0001:0000b0a1       ?get_CapCompareFirmwareVersion@COPOSCheckScanner@@UAGJPAF@Z 1000c0a1 f   CheckScannerImpl.obj
 0001:0000b0ba       ?get_CapConcurrentMICR@COPOSCheckScanner@@UAGJPAF@Z 1000c0ba f   CheckScannerImpl.obj
 0001:0000b0d3       ?get_CapContrast@COPOSCheckScanner@@UAGJPAF@Z 1000c0d3 f   CheckScannerImpl.obj
 0001:0000b0ec       ?get_CapDefineCropArea@COPOSCheckScanner@@UAGJPAF@Z 1000c0ec f   CheckScannerImpl.obj
 0001:0000b105       ?get_CapImageFormat@COPOSCheckScanner@@UAGJPAJ@Z 1000c105 f   CheckScannerImpl.obj
 0001:0000b11e       ?get_CapImageTagData@COPOSCheckScanner@@UAGJPAF@Z 1000c11e f   CheckScannerImpl.obj
 0001:0000b137       ?get_CapMICRDevice@COPOSCheckScanner@@UAGJPAF@Z 1000c137 f   CheckScannerImpl.obj
 0001:0000b150       ?get_CapPowerReporting@COPOSCheckScanner@@UAGJPAJ@Z 1000c150 f   CheckScannerImpl.obj
 0001:0000b169       ?get_CapStatisticsReporting@COPOSCheckScanner@@UAGJPAF@Z 1000c169 f   CheckScannerImpl.obj
 0001:0000b182       ?get_CapStoreImageFiles@COPOSCheckScanner@@UAGJPAF@Z 1000c182 f   CheckScannerImpl.obj
 0001:0000b19b       ?get_CapUpdateFirmware@COPOSCheckScanner@@UAGJPAF@Z 1000c19b f   CheckScannerImpl.obj
 0001:0000b1b4       ?get_CapUpdateStatistics@COPOSCheckScanner@@UAGJPAF@Z 1000c1b4 f   CheckScannerImpl.obj
 0001:0000b1cd       ?get_CapValidationDevice@COPOSCheckScanner@@UAGJPAF@Z 1000c1cd f   CheckScannerImpl.obj
 0001:0000b1e6       ?get_CheckHealthText@COPOSCheckScanner@@UAGJPAPA_W@Z 1000c1e6 f   CheckScannerImpl.obj
 0001:0000b1ff       ?get_Claimed@COPOSCheckScanner@@UAGJPAF@Z 1000c1ff f   CheckScannerImpl.obj
 0001:0000b215       ?get_Color@COPOSCheckScanner@@UAGJPAJ@Z 1000c215 f   CheckScannerImpl.obj
 0001:0000b22e       ?get_ConcurrentMICR@COPOSCheckScanner@@UAGJPAF@Z 1000c22e f   CheckScannerImpl.obj
 0001:0000b247       ?get_Contrast@COPOSCheckScanner@@UAGJPAJ@Z 1000c247 f   CheckScannerImpl.obj
 0001:0000b260       ?get_ControlObjectDescription@COPOSCheckScanner@@UAGJPAPA_W@Z 1000c260 f   CheckScannerImpl.obj
 0001:0000b2ae       ?get_ControlObjectVersion@COPOSCheckScanner@@UAGJPAJ@Z 1000c2ae f   CheckScannerImpl.obj
 0001:0000b2c1       ?get_CropAreaCount@COPOSCheckScanner@@UAGJPAJ@Z 1000c2c1 f   CheckScannerImpl.obj
 0001:0000b2da       ?get_DataCount@COPOSCheckScanner@@UAGJPAJ@Z 1000c2da f   CheckScannerImpl.obj
 0001:0000b2f0       ?get_DataEventEnabled@COPOSCheckScanner@@UAGJPAF@Z 1000c2f0 f   CheckScannerImpl.obj
 0001:0000b306       ?get_DeviceDescription@COPOSCheckScanner@@UAGJPAPA_W@Z 1000c306 f   CheckScannerImpl.obj
 0001:0000b31f       ?get_DeviceEnabled@COPOSCheckScanner@@UAGJPAF@Z 1000c31f f   CheckScannerImpl.obj
 0001:0000b335       ?get_DeviceName@COPOSCheckScanner@@UAGJPAPA_W@Z 1000c335 f   CheckScannerImpl.obj
 0001:0000b34e       ?get_DocumentHeight@COPOSCheckScanner@@UAGJPAJ@Z 1000c34e f   CheckScannerImpl.obj
 0001:0000b367       ?get_DocumentWidth@COPOSCheckScanner@@UAGJPAJ@Z 1000c367 f   CheckScannerImpl.obj
 0001:0000b380       ?get_FileID@COPOSCheckScanner@@UAGJPAPA_W@Z 1000c380 f   CheckScannerImpl.obj
 0001:0000b399       ?get_FileIndex@COPOSCheckScanner@@UAGJPAJ@Z 1000c399 f   CheckScannerImpl.obj
 0001:0000b3b2       ?get_FreezeEvents@COPOSCheckScanner@@UAGJPAF@Z 1000c3b2 f   CheckScannerImpl.obj
 0001:0000b3c8       ?get_ImageData@COPOSCheckScanner@@UAGJPAPA_W@Z 1000c3c8 f   CheckScannerImpl.obj
 0001:0000b3e1       ?get_ImageFormat@COPOSCheckScanner@@UAGJPAJ@Z 1000c3e1 f   CheckScannerImpl.obj
 0001:0000b3fa       ?get_ImageMemoryStatus@COPOSCheckScanner@@UAGJPAJ@Z 1000c3fa f   CheckScannerImpl.obj
 0001:0000b413       ?get_ImageTagData@COPOSCheckScanner@@UAGJPAPA_W@Z 1000c413 f   CheckScannerImpl.obj
 0001:0000b42c       ?get_MapMode@COPOSCheckScanner@@UAGJPAJ@Z 1000c42c f   CheckScannerImpl.obj
 0001:0000b445       ?get_MaxCropAreas@COPOSCheckScanner@@UAGJPAJ@Z 1000c445 f   CheckScannerImpl.obj
 0001:0000b45e       ?get_OpenResult@COPOSCheckScanner@@UAGJPAJ@Z 1000c45e f   CheckScannerImpl.obj
 0001:0000b475       ?get_PowerNotify@COPOSCheckScanner@@UAGJPAJ@Z 1000c475 f   CheckScannerImpl.obj
 0001:0000b48b       ?get_PowerState@COPOSCheckScanner@@UAGJPAJ@Z 1000c48b f   CheckScannerImpl.obj
 0001:0000b4a1       ?get_Quality@COPOSCheckScanner@@UAGJPAJ@Z 1000c4a1 f   CheckScannerImpl.obj
 0001:0000b4ba       ?get_QualityList@COPOSCheckScanner@@UAGJPAPA_W@Z 1000c4ba f   CheckScannerImpl.obj
 0001:0000b4d3       ?get_RemainingImagesEstimate@COPOSCheckScanner@@UAGJPAJ@Z 1000c4d3 f   CheckScannerImpl.obj
 0001:0000b4ec       ?get_ResultCode@COPOSCheckScanner@@UAGJPAJ@Z 1000c4ec f   CheckScannerImpl.obj
 0001:0000b52a       ?get_ResultCodeExtended@COPOSCheckScanner@@UAGJPAJ@Z 1000c52a f   CheckScannerImpl.obj
 0001:0000b540       ?get_ServiceObjectDescription@COPOSCheckScanner@@UAGJPAPA_W@Z 1000c540 f   CheckScannerImpl.obj
[...]
 0002:00003778       ?_mb_locale_names@@3QBQB_WB 10023778     libucrt:mbctype.obj
 0002:00003fc0       ?LcidToLocaleNameTable@?A0x881e4c05@@3QBULcidToLocaleName@1@B 10023fc0     libucrt:lcidtoname_downlevel.obj
 0002:000050e8       ?LocaleNameToIndexTable@?A0x881e4c05@@3QBULocaleNameIndex@1@B 100250e8     libucrt:lcidtoname_downlevel.obj
 0002:00006a20       LOG_name                   10026a20     libucrt:log10_impl.obj
 0002:00006a30       _One                       10026a30     libucrt:ceil_pentium4.obj
 0002:00006a40       _Bns                       10026a40     libucrt:ceil_pentium4.obj
 0002:00006a50       _Zero                      10026a50     libucrt:ceil_pentium4.obj
 0002:00006a60       _S                         10026a60     libucrt:ceil_pentium4.obj
 0002:00006a70       _NegZero                   10026a70     libucrt:ceil_pentium4.obj
 0002:00006a80       emask                      10026a80     libucrt:log10_pentium4.obj
 0002:00006a90       CC                         10026a90     libucrt:log10_pentium4.obj
 0002:00006aa0       Magic                      10026aa0     libucrt:log10_pentium4.obj
 0002:00006ab0       hi_mask                    10026ab0     libucrt:log10_pentium4.obj
 0002:00006ac0       LOG10_2                    10026ac0     libucrt:log10_pentium4.obj
 0002:00006ad0       place_L                    10026ad0     libucrt:log10_pentium4.obj
 0002:00006af0       One                        10026af0     libucrt:log10_pentium4.obj
 0002:00006b00       Zero                       10026b00     libucrt:log10_pentium4.obj
 0002:00006b10       Two52                      10026b10     libucrt:log10_pentium4.obj
 0002:00006b20       Infs                       10026b20     libucrt:log10_pentium4.obj
 0002:00006b30       NaN                        10026b30     libucrt:log10_pentium4.obj
 0002:00006b40       coeff                      10026b40     libucrt:log10_pentium4.obj
 0002:00006b9e       _log2max                   10026b9e     libucrt:87tran.obj
 0002:00006ba8       _smallarg                  10026ba8     libucrt:87tran.obj
 0002:00006bb2       _half                      10026bb2     libucrt:87tran.obj
 0002:00006bfe       One                        10026bfe     libucrt:87disp.obj
 0002:00006c06       Three                      10026c06     libucrt:87disp.obj
 0002:00006c0e       XAMtoTagTab                10026c0e     libucrt:87disp.obj
 0002:00006c20       One                        10026c20     libucrt:common.obj
 0002:00006c34       DblMax                     10026c34     libucrt:common.obj
 0002:00006c3c       DblMin                     10026c3c     libucrt:common.obj
 0002:00006c44       IeeeAdjO                   10026c44     libucrt:common.obj
 0002:00006c4c       IeeeAdjU                   10026c4c     libucrt:common.obj
 0002:00006c54       _infinity                  10026c54     libucrt:common.obj
 0002:00006c5c       _zero                      10026c5c     libucrt:common.obj
 0002:00006ca8       _over                      10026ca8     libucrt:fpctrl.obj
 0002:00006cb4       _under                     10026cb4     libucrt:fpctrl.obj
 0002:000074e8       ?_names@?1??_get_fname@@9@9 100274e8     libucrt:fpexcept.obj
 0002:00007690       two32                      10027690     LIBCMT:ftol2.obj
 0002:00007694       two63                      10027694     LIBCMT:ftol2.obj
 0002:00007698       _NaN                       10027698     LIBCMT:ftol2.obj
 0002:00007d68       __sehtable$?_AtlVerifyStackAvailable@_ATL_SAFE_ALLOCA_IMPL@ATL@@YA_NK@Z 10027d68     CheckScanner.obj
 0002:00007d88       __sehtable$___scrt_is_nonwritable_in_current_image 10027d88     LIBCMT:utility.obj
 0002:00007da4       __catchsym$??2@YAPAXIABUnothrow_t@std@@@Z$2 10027da4     LIBCMT:new_scalar_nothrow.obj
 0002:00007db4       __unwindtable$??2@YAPAXIABUnothrow_t@std@@@Z 10027db4     LIBCMT:new_scalar_nothrow.obj
 0002:00007dc4       __tryblocktable$??2@YAPAXIABUnothrow_t@std@@@Z 10027dc4     LIBCMT:new_scalar_nothrow.obj
 0002:00007dd8       __ehfuncinfo$??2@YAPAXIABUnothrow_t@std@@@Z 10027dd8     LIBCMT:new_scalar_nothrow.obj
 0002:00007e00       __sehtable$?dllmain_crt_process_attach@@YAHQAUHINSTANCE__@@QAX@Z 10027e00     LIBCMT:dll_dllmain.obj
 0002:00007e20       __sehtable$?dllmain_crt_process_detach@@YAH_N@Z 10027e20     LIBCMT:dll_dllmain.obj
 0002:00007e48       __sehtable$?dllmain_dispatch@@YAHQAUHINSTANCE__@@KQAX@Z 10027e48     LIBCMT:dll_dllmain.obj
 0002:00007ef8       __sehtable$___DestructExceptionObject 10027ef8     libvcruntime:ehhelpers.obj
 0002:00007f18       __sehtable$?FrameUnwindToState@__FrameHandler3@@SAXPAUEHRegistrationNode@@PAXPBU_s_FuncInfo@@H@Z 10027f18     libvcruntime:frame.obj
 0002:00007f40       __sehtable$?CallCatchBlock@@YAPAXPAUEHExceptionRecord@@PAUEHRegistrationNode@@PAU_CONTEXT@@PBU_s_FuncInfo@@PAXHK@Z 10027f40     libvcruntime:frame.obj
 0002:00007f68       __catchsym$?CallUnexpected@@YAXPBU_s_ESTypeList@@@Z$2 10027f68     libvcruntime:frame.obj
 0002:00007f78       __unwindtable$?CallUnexpected@@YAXPBU_s_ESTypeList@@@Z 10027f78     libvcruntime:frame.obj
 0002:00007f88       __tryblocktable$?CallUnexpected@@YAXPBU_s_ESTypeList@@@Z 10027f88     libvcruntime:frame.obj
 0002:00007f9c       __ehfuncinfo$?CallUnexpected@@YAXPBU_s_ESTypeList@@@Z 10027f9c     libvcruntime:frame.obj
 0002:00007fc0       __sehtable$??$BuildCatchObjectHelperInternal@V__FrameHandler3@@@@YAHPAUEHExceptionRecord@@PAXPBU_s_HandlerType@@PBU_s_CatchableType@@@Z 10027fc0     libvcruntime:frame.obj
 0002:00007fe0       __sehtable$??$BuildCatchObjectInternal@V__FrameHandler3@@@@YAXPAUEHExceptionRecord@@PAXPBU_s_HandlerType@@PBU_s_CatchableType@@@Z 10027fe0     libvcruntime:frame.obj
 0002:00008038       __sehtable$??R<lambda_6e4b09c48022b2350581041d5f6b0c4c>@@QBE@XZ 10028038     libucrt:exit.obj
 0002:00008058       __sehtable$??$?RV<lambda_03b1d95aef87969028cfba75ccab2455>@@AAV<lambda_6e4b09c48022b2350581041d5f6b0c4c>@@V<lambda_22bdf7517842c4b3e53723af5aa32b9e>@@@?$__crt_seh_guarded_call@X@@QAEX$$QAV<lambda_03b1d95aef87969028cfba75ccab2455>@@AAV<lambda_6e4b09c48022b2350581041d5f6b0c4c>@@$$QAV<lambda_22bdf7517842c4b3e53723af5aa32b9e>@@@Z 10028058     libucrt:exit.obj
 0002:00008078       __sehtable$??$?RV<lambda_8e746cf0007f6ed984d6f78af1fec997>@@AAV<lambda_22ebabd17bc4fa466a2aca6d8deb888d>@@V<lambda_18ed0c0b38a6dc0daf1e7ac6d6adf05e>@@@?$__crt_seh_guarded_call@H@@QAEH$$QAV<lambda_8e746cf0007f6ed984d6f78af1fec997>@@AAV<lambda_22ebabd17bc4fa466a2aca6d8deb888d>@@$$QAV<lambda_18ed0c0b38a6dc0daf1e7ac6d6adf05e>@@@Z 10028078     libucrt:onexit.obj
 0002:00008098       __sehtable$??$?RV<lambda_69a2805e680e0e292e8ba93315fe43a8>@@AAV<lambda_f03950bc5685219e0bcd2087efbe011e>@@V<lambda_03fcd07e894ec930e3f35da366ca99d6>@@@?$__crt_seh_guarded_call@H@@QAEH$$QAV<lambda_69a2805e680e0e292e8ba93315fe43a8>@@AAV<lambda_f03950bc5685219e0bcd2087efbe011e>@@$$QAV<lambda_03fcd07e894ec930e3f35da366ca99d6>@@@Z 10028098     libucrt:onexit.obj
 0002:000080b8       __sehtable$__query_new_handler 100280b8     libucrt:new_handler.obj
 0002:000080d8       __sehtable$_terminate      100280d8     libucrt:terminate.obj
 0002:000080f8       __sehtable$??$?RV<lambda_15ade71b0218206bbe3333a0c9b79046>@@AAV<lambda_da44e0f8b0f19ba52fefafb335991732>@@V<lambda_207f2d024fc103971653565357d6cd41>@@@?$__crt_seh_guarded_call@X@@QAEX$$QAV<lambda_15ade71b0218206bbe3333a0c9b79046>@@AAV<lambda_da44e0f8b0f19ba52fefafb335991732>@@$$QAV<lambda_207f2d024fc103971653565357d6cd41>@@@Z 100280f8     libucrt:per_thread_data.obj
 0002:00008118       __sehtable$??$?RV<lambda_a7e850c220f1c8d1e6efeecdedd162c6>@@AAV<lambda_46720907175c18b6c9d2717bc0d2d362>@@V<lambda_9048902d66e8d99359bc9897bbb930a8>@@@?$__crt_seh_guarded_call@X@@QAEX$$QAV<lambda_a7e850c220f1c8d1e6efeecdedd162c6>@@AAV<lambda_46720907175c18b6c9d2717bc0d2d362>@@$$QAV<lambda_9048902d66e8d99359bc9897bbb930a8>@@@Z 10028118     libucrt:per_thread_data.obj
 0002:00008138       __sehtable$??$?RV<lambda_38edbb1296d33220d7e4dd0ed76b244a>@@AAV<lambda_5ce1d447e08cb34b2473517608e21441>@@V<lambda_fb385d3da700c9147fc39e65dd577a8c>@@@?$__crt_seh_guarded_call@X@@QAEX$$QAV<lambda_38edbb1296d33220d7e4dd0ed76b244a>@@AAV<lambda_5ce1d447e08cb34b2473517608e21441>@@$$QAV<lambda_fb385d3da700c9147fc39e65dd577a8c>@@@Z 10028138     libucrt:per_thread_data.obj
 0002:00008158       __sehtable$??$?RV<lambda_6affb1475c98b40b75cdec977db92e3c>@@AAV<lambda_b8d4b9c228a6ecc3f80208dbb4b4a104>@@V<lambda_608742c3c92a14382c1684fc64f96c88>@@@?$__crt_seh_guarded_call@X@@QAEX$$QAV<lambda_6affb1475c98b40b75cdec977db92e3c>@@AAV<lambda_b8d4b9c228a6ecc3f80208dbb4b4a104>@@$$QAV<lambda_608742c3c92a14382c1684fc64f96c88>@@@Z 10028158     libucrt:per_thread_data.obj
 0002:00008178       __sehtable$??$?RV<lambda_e5124f882df8998aaf41531e079ba474>@@AAV<lambda_3e16ef9562a7dcce91392c22ab16ea36>@@V<lambda_e25ca0880e6ef98be67edffd8c599615>@@@?$__crt_seh_guarded_call@X@@QAEX$$QAV<lambda_e5124f882df8998aaf41531e079ba474>@@AAV<lambda_3e16ef9562a7dcce91392c22ab16ea36>@@$$QAV<lambda_e25ca0880e6ef98be67edffd8c599615>@@@Z 10028178     libucrt:wsetlocale.obj
 0002:00008198       __sehtable$___acrt_initialize_lowio 10028198     libucrt:ioinit.obj
 0002:000081b8       __sehtable$?update_thread_multibyte_data_internal@@YAPAU__crt_multibyte_data@@QAU__acrt_ptd@@QAPAU1@@Z 100281b8     libucrt:mbctype.obj
 0002:000081d8       __sehtable$??$?RV<lambda_ceb1ee4838e85a9d631eb091e2fbe199>@@AAV<lambda_ae742caa10f662c28703da3d2ea5e57e>@@V<lambda_cd08b5d6af4937fe54fc07d0c9bf6b37>@@@?$__crt_seh_guarded_call@X@@QAEX$$QAV<lambda_ceb1ee4838e85a9d631eb091e2fbe199>@@AAV<lambda_ae742caa10f662c28703da3d2ea5e57e>@@$$QAV<lambda_cd08b5d6af4937fe54fc07d0c9bf6b37>@@@Z 100281d8     libucrt:mbctype.obj
 0002:000081f8       __sehtable$_raise          100281f8     libucrt:signal.obj
 0002:00008218       __sehtable$??$?RV<lambda_cbab9ec6f41b0180b23cc171c22676b0>@@AAV<lambda_44731a7d0e6d81c3e6aa82d741081786>@@V<lambda_4b292cb8dd18144e164572427af410ab>@@@?$__crt_seh_guarded_call@P6AXH@Z@@QAEP6AXH@Z$$QAV<lambda_cbab9ec6f41b0180b23cc171c22676b0>@@AAV<lambda_44731a7d0e6d81c3e6aa82d741081786>@@$$QAV<lambda_4b292cb8dd18144e164572427af410ab>@@@Z 10028218     libucrt:signal.obj
 0002:00008238       __sehtable$??$?RV<lambda_2866be3712abc81a800a822484c830d8>@@AAV<lambda_39ca0ed439415581b5b15c265174cece>@@V<lambda_2b24c74d71094a6cd0cb82e44167d71b>@@@?$__crt_seh_guarded_call@X@@QAEX$$QAV<lambda_2866be3712abc81a800a822484c830d8>@@AAV<lambda_39ca0ed439415581b5b15c265174cece>@@$$QAV<lambda_2b24c74d71094a6cd0cb82e44167d71b>@@@Z 10028238     libucrt:fflush.obj
 0002:00008258       __sehtable$??$?RV<lambda_2cc53f568c5a2bb6f192f930a45d44ea>@@AAV<lambda_ab61a845afdef5b7c387490eaf3616ee>@@V<lambda_c2ffc0b7726aa6be21d5f0026187e748>@@@?$__crt_seh_guarded_call@X@@QAEX$$QAV<lambda_2cc53f568c5a2bb6f192f930a45d44ea>@@AAV<lambda_ab61a845afdef5b7c387490eaf3616ee>@@$$QAV<lambda_c2ffc0b7726aa6be21d5f0026187e748>@@@Z 10028258     libucrt:fflush.obj
 0002:00008278       __sehtable$___acrt_update_thread_locale_data 10028278     libucrt:locale_refcounting.obj
 0002:00008298       __sehtable$__fcloseall     10028298     libucrt:closeall.obj
 0002:000082b8       __sehtable$___acrt_lowio_ensure_fh_exists 100282b8     libucrt:osfinfo.obj
 0002:000082d8       __sehtable$??$?RV<lambda_9e9de3de5fa147e2223d7db92bc10aa6>@@AAV<lambda_38ce7e780aa69e748d6df282ebc68efe>@@V<lambda_8ca6da459f0f6780f1cff60fdc3d00e5>@@@?$__crt_seh_guarded_call@H@@QAEH$$QAV<lambda_9e9de3de5fa147e2223d7db92bc10aa6>@@AAV<lambda_38ce7e780aa69e748d6df282ebc68efe>@@$$QAV<lambda_8ca6da459f0f6780f1cff60fdc3d00e5>@@@Z 100282d8     libucrt:commit.obj
 0002:000082f8       __sehtable$__write         100282f8     libucrt:write.obj
 0002:00008318       __sehtable$_fclose         10028318     libucrt:fclose.obj
 0002:00008338       __sehtable$??$?RV<lambda_218ce3db14220d0be481dae8ef3383b6>@@AAV<lambda_628dfdc04ba53c8bfc02c9951375f3f5>@@V<lambda_57dc472bd5c9d5f3b2cbca59b8a843ae>@@@?$__crt_seh_guarded_call@H@@QAEH$$QAV<lambda_218ce3db14220d0be481dae8ef3383b6>@@AAV<lambda_628dfdc04ba53c8bfc02c9951375f3f5>@@$$QAV<lambda_57dc472bd5c9d5f3b2cbca59b8a843ae>@@@Z 10028338     libucrt:close.obj
 0002:00008358       __sehtable$___set_fpsr_sse2 10028358     libucrt:fpctrl.obj
 0002:00008378       __sehtable$__IsNonwritableInCurrentImage 10028378     LIBCMT:pesect.obj
 0002:000083a0       .edata                     100283a0     OPOSCheckScanner.exp
 0002:000083c8       rgpv                       100283c8     OPOSCheckScanner.exp
 0002:000083d8       rgszName                   100283d8     OPOSCheckScanner.exp
 0002:000083e8       rgwOrd                     100283e8     OPOSCheckScanner.exp
 0002:000083f0       szName                     100283f0     OPOSCheckScanner.exp
 0002:00008405       $N00001                    10028405     OPOSCheckScanner.exp
 0002:00008415       $N00002                    10028415     OPOSCheckScanner.exp
 0002:00008427       $N00003                    10028427     OPOSCheckScanner.exp
 0002:00008439       $N00004                    10028439     OPOSCheckScanner.exp
 0002:00008a4a       .idata$6                   10028a4a     kernel32:KERNEL32.dll
 0002:00008c5e       .idata$6                   10028c5e     user32:USER32.dll
 0002:00008d92       .idata$6                   10028d92     gdi32:GDI32.dll
 0002:00008e38       .idata$6                   10028e38     advapi32:ADVAPI32.dll
 0002:00008f54       .idata$6                   10028f54     ole32:ole32.dll
 0002:00008f5e       .idata$6                   10028f5e     oleaut32:OLEAUT32.dll
 0003:00000110       ?ObjectMap@@3PAU_ATL_OBJMAP_ENTRY30@ATL@@A 1002a110     CheckScanner.obj
 0003:000001d0       ?s_SOMethodNames@@3PAPADA  1002a1d0     CheckScannerImpl.obj
 0003:00000240       ?s_RequiredMethodsPerRelease@@3PAHA 1002a240     CheckScannerImpl.obj
 0003:00000270       ?__vcrt_flsindex@@3KA      1002a270     libvcruntime:per_thread_data.obj
 0003:00000290       ?errno_no_memory@@3HA      1002a290     libucrt:errno.obj
 0003:00000294       ?doserrno_no_memory@@3KA   1002a294     libucrt:errno.obj
 0003:000002a0       ?__acrt_flsindex@@3KA      1002a2a0     libucrt:per_thread_data.obj
 0003:00000638       __mbctypes                 1002a638     libucrt:mbctype.obj
 0003:00000740       __mbcasemaps               1002a740     libucrt:mbctype.obj
 0003:00000840       ?__rgctypeflag@@3PADA      1002a840     libucrt:mbctype.obj
 0003:00000848       ?__rgcode_page_info@@3PAUcode_page_info@@A 1002a848     libucrt:mbctype.obj
 0003:00000aa0       ?__dcrt_lowio_console_output_handle@@3PAXA 1002aaa0     libucrt:initcon.obj
 0003:00000aa4       ?__DAZ_ENABLED@?1??__set_fpsr_sse2@@9@9 1002aaa4     libucrt:fpctrl.obj
 0003:00000c38       ?is_initialized_as_dll@@3_NA 1002ac38     LIBCMT:utility.obj
 0003:00000c39       ?module_local_atexit_table_initialized@@3_NA 1002ac39     LIBCMT:utility.obj
 0003:00000c3c       ?module_local_atexit_table@@3U_onexit_table_t@@A 1002ac3c     LIBCMT:utility.obj
 0003:00000c48       ?module_local_at_quick_exit_table@@3U_onexit_table_t@@A 1002ac48     LIBCMT:utility.obj
 0003:00000c54       ?g_tss_cv@@3U_RTL_CONDITION_VARIABLE@@A 1002ac54     LIBCMT:thread_safe_statics.obj
 0003:00000c58       ?g_tss_event@@3PAXA        1002ac58     LIBCMT:thread_safe_statics.obj
 0003:00000c5c       ?g_tss_mutex@@3U_RTL_CRITICAL_SECTION@@A 1002ac5c     LIBCMT:thread_safe_statics.obj
 0003:00000c74       ?g_sleep_condition_variable_cs@@3P6GHPAU_RTL_CONDITION_VARIABLE@@PAU_RTL_CRITICAL_SECTION@@K@ZA 1002ac74     LIBCMT:thread_safe_statics.obj
 0003:00000c78       ?g_wake_all_condition_variable@@3P6GXPAU_RTL_CONDITION_VARIABLE@@@ZA 1002ac78     LIBCMT:thread_safe_statics.obj
 0003:00000c80       _GS_ExceptionRecord        1002ac80     LIBCMT:gs_report.obj
 0003:00000cd0       _GS_ContextRecord          1002acd0     LIBCMT:gs_report.obj
 0003:00000fa0       ?__proc_attached@@3HA      1002afa0     LIBCMT:dll_dllmain.obj
 0003:00001004       ?AllocateData@@3P6GPAUAtlThunkData_t@@XZA 1002b004     atls:atlthunk.obj
 0003:00001008       ?InitData@@3P6GXPAUAtlThunkData_t@@PAXI@ZA 1002b008     atls:atlthunk.obj
 0003:0000100c       ?DataToCode@@3P6GP6GJPAUHWND__@@IIJ@ZPAUAtlThunkData_t@@@ZA 1002b00c     atls:atlthunk.obj
 0003:00001010       ?FreeData@@3P6GXPAUAtlThunkData_t@@@ZA 1002b010     atls:atlthunk.obj
 0003:00001014       ?Initialized@@3_NA         1002b014     atls:atlthunk.obj
 0003:00001024       ?__vcrt_startup_thread_ptd@@3U__vcrt_ptd@@A 1002b024     libvcruntime:per_thread_data.obj
 0003:0000104c       ___vcrt_lock_table         1002b04c     libvcruntime:locks.obj
 0003:00001064       ___vcrt_locks_initialized  1002b064     libvcruntime:locks.obj
 0003:00001090       ?heap@@3V_HeapManager@@A   1002b090     libvcruntime:undname.obj
 0003:000010a4       ?module_handles@@3PAPAUHINSTANCE__@@A 1002b0a4     libvcruntime:winapi_downlevel.obj
 0003:000010b0       ?function_pointers@@3PAPAXA 1002b0b0     libvcruntime:winapi_downlevel.obj
 0003:000010c4       ?__acrt_invalid_parameter_handler@@3V?$dual_state_global@P6AXPB_W00II@Z@__crt_state_management@@A 1002b0c4     libucrt:invalid_parameter.obj
 0003:000010c8       ?c_termination_complete@@3JA 1002b0c8     libucrt:exit.obj
 0003:000010cc       ?thread_local_exit_callback_func@@3P6GXPAXK0@ZA 1002b0cc     libucrt:exit.obj
 0003:000010d8       ?program_name@?1???$common_configure_argv@D@@YAHW4_crt_argv_mode@@@Z@4PADA 1002b0d8     libucrt:argv_parsing.obj
 0003:00001208       ?__acrt_new_handler@@3V?$dual_state_global@P6AHI@Z@__crt_state_management@@A 1002b208     libucrt:new_handler.obj
 0003:00001210       ?module_handles@@3PAPAUHINSTANCE__@@A 1002b210     libucrt:winapi_thunks.obj
 0003:00001260       ?encoded_function_pointers@@3PAPAXA 1002b260     libucrt:winapi_thunks.obj
 0003:000012e8       ?internal_state@?1??_mbtowc_l@@9@4U_Mbstatet@@A 1002b2e8     libucrt:mbtowc.obj
 0003:000012f8       ?enable_percent_n@@3IA     1002b2f8     libucrt:printf_count_output.obj
 0003:00001518       ?__acrt_lock_table@@3PAU_RTL_CRITICAL_SECTION@@A 1002b518     libucrt:locks.obj
 0003:00001668       ?__acrt_locks_initialized@@3IA 1002b668     libucrt:locks.obj
 0003:00001678       ?fSystemSet@@3HA           1002b678     libucrt:mbctype.obj
 0003:0000167c       ?initialized@?1??__acrt_initialize_multibyte@@9@4_NA 1002b67c     libucrt:mbctype.obj
 0003:0000169c       ?ctrlc_action@@3V?$dual_state_global@P6AXH@Z@__crt_state_management@@A 1002b69c     libucrt:signal.obj
 0003:000016a0       ?ctrlbreak_action@@3V?$dual_state_global@P6AXH@Z@__crt_state_management@@A 1002b6a0     libucrt:signal.obj
 0003:000016a4       ?abort_action@@3V?$dual_state_global@P6AXH@Z@__crt_state_management@@A 1002b6a4     libucrt:signal.obj
 0003:000016a8       ?term_action@@3V?$dual_state_global@P6AXH@Z@__crt_state_management@@A 1002b6a8     libucrt:signal.obj
 0003:000016ac       ?user_matherr@@3V?$dual_state_global@P6AHPAU_exception@@@Z@__crt_state_management@@A 1002b6ac     libucrt:matherr.obj
 0003:000016b0       ?__acrt_global_new_mode@@3V?$dual_state_global@J@__crt_state_management@@A 1002b6b0     libucrt:new_mode.obj
 0003:000016bc       ?internal_pst@?1??__mbrtoc32_utf8@__crt_mbstring@@YAIPA_UPBDIPAU_Mbstatet@@@Z@4U3@A 1002b6bc     libucrt:mbrtoc32.obj
 0003:000016c4       ?__acrt_app_type@@3W4_crt_app_type@@A 1002b6c4     libucrt:report_runtime_error.obj
 0003:000016cc       __pmatherr_set             1002b6cc     libucrt:libm_error.obj
 0004:00000220       $R000000                   1002c220     CheckScanner.res
 0004:00000bc8       $R0009A8                   1002cbc8     CheckScanner.res
 0004:00000cb0       $R000A90                   1002ccb0     CheckScanner.res
 0004:00000f18       $R000CF8                   1002cf18     CheckScanner.res
 0004:00001430       $R001210                   1002d430     CheckScanner.res
 0004:00005178       $R004F58                   10031178     CheckScanner.res
 0004:000051b0       $R004F90                   100311b0     CheckScanner.res
