 OPOSTotals

 Timestamp is 5ed45a32 (Mon Jun  1 10:30:26 2020)

 Preferred load address is 10000000

 Start         Length     Name                   Class
 0001:00000000 00000080H .text$di                CODE
 0001:00000080 0001e3a3H .text$mn                CODE
 0001:0001e423 00000036H .text$x                 CODE
 0001:0001e459 00000042H .text$yd                CODE
 0002:00000000 000002fcH .idata$5                DATA
 0002:000002fc 00000004H .00cfg                  DATA
 0002:00000300 00000004H .CRT$XCA                DATA
 0002:00000304 00000004H .CRT$XCL                DATA
 0002:00000308 00000010H .CRT$XCU                DATA
 0002:00000318 00000004H .CRT$XCZ                DATA
 0002:0000031c 00000004H .CRT$XIA                DATA
 0002:00000320 00000010H .CRT$XIC                DATA
 0002:00000330 00000004H .CRT$XIZ                DATA
 0002:00000334 00000004H .CRT$XLA                DATA
 0002:00000338 00000004H .CRT$XLZ                DATA
 0002:0000033c 00000004H .CRT$XPA                DATA
 0002:00000340 00000008H .CRT$XPX                DATA
 0002:00000348 00000004H .CRT$XPXA               DATA
 0002:0000034c 00000004H .CRT$XPZ                DATA
 0002:00000350 00000004H .CRT$XTA                DATA
 0002:00000354 0000000cH .CRT$XTZ                DATA
 0002:00000358 00000000H .gfids$y                DATA
 0002:00000360 000072e8H .rdata                  DATA
 0002:00007648 00000018H .rdata$T                DATA
 0002:00007660 00000178H .rdata$r                DATA
 0002:000077d8 0000001cH .rdata$sxdata           DATA
 0002:000077f4 000003dcH .rdata$zzzdbg           DATA
 0002:00007bd0 00000004H .rtc$IAA                DATA
 0002:00007bd4 00000004H .rtc$IZZ                DATA
 0002:00007bd8 00000004H .rtc$TAA                DATA
 0002:00007bdc 00000004H .rtc$TZZ                DATA
 0002:00007be0 00000004H .tls                    DATA
 0002:00007be4 00000004H .tls$                   DATA
 0002:00007be8 00000008H .tls$ZZZ                DATA
 0002:00007bf0 0000062cH .xdata$x                DATA
 0002:0000821c 00000004H ATL$__a                 DATA
 0002:00008220 00000010H ATL$__z                 DATA
 0002:00008230 000000a8H .edata                  DATA
 0002:000082d8 00000078H .idata$2                DATA
 0002:00008350 00000014H .idata$3                DATA
 0002:00008364 000002fcH .idata$4                DATA
 0002:00008660 00000bceH .idata$6                DATA
 0003:00000000 00000ad0H .data                   DATA
 0003:00000ad0 00000098H .data$r                 DATA
 0003:00000b68 00000b80H .bss                    DATA
 0004:00000000 00000220H .rsrc$01                DATA
 0004:00000220 000040f0H .rsrc$02                DATA

  Address         Publics by Value              Rva+Base       Lib:Object

 0000:00000000       ___arm64x_redirection_metadata 00000000     <absolute>
 0000:00000000       ___x64_code_ranges_to_entry_points 00000000     <absolute>
 0000:00000000       ___guard_iat_count         00000000     <absolute>
 0000:00000000       ___guard_fids_count        00000000     <absolute>
 0000:00000000       ___guard_longjmp_table     00000000     <absolute>
 0000:00000000       ___hybrid_code_map_count   00000000     <absolute>
 0000:00000000       ___dynamic_value_reloc_table 00000000     <absolute>
 0000:00000000       ___guard_longjmp_count     00000000     <absolute>
 0000:00000000       __except_list              00000000     <absolute>
 0000:00000000       ___arm64x_native_entrypoint 00000000     <absolute>
 0000:00000000       ___guard_fids_table        00000000     <absolute>
 0000:00000000       ___guard_eh_cont_count     00000000     <absolute>
 0000:00000000       ___hybrid_auxiliary_iat    00000000     <absolute>
 0000:00000000       ___guard_iat_table         00000000     <absolute>
 0000:00000000       ___volatile_metadata       00000000     <absolute>
 0000:00000000       ___enclave_config          00000000     <absolute>
 0000:00000000       ___AbsoluteZero            00000000     <absolute>
 0000:00000000       ___guard_eh_cont_table     00000000     <absolute>
 0000:00000000       ___hybrid_code_map         00000000     <absolute>
 0000:00000007       ___safe_se_handler_count   00000007     <absolute>
 0000:0000002c       __tls_array                0000002c     <absolute>
 0000:00000100       ___guard_flags             00000100     <absolute>
 0000:00000000       ___ImageBase               10000000     <linker-defined>
 0001:00000080       ?DupWide@_CW@@AAEXXZ       10001080 f   CWString.obj
 0001:0000009c       ?cw_dup@@YGXPBDAAHAAPA_W1@Z 1000109c f   CWString.obj
 0001:00000124       ?cw_memcpy@@YGHPA_WPBDH@Z  10001124 f   CWString.obj
 0001:00000150       ?cw_strcpy@@YAHPA_WPBD@Z   10001150 f   CWString.obj
 0001:00000163       ?cw_strlen@@YAHPBD@Z       10001163 f   CWString.obj
 0001:0000017c       ??0CAtlComModule@ATL@@QAE@XZ 1000117c f i OposVariant.obj
 0001:000001c1       ??0CAtlWinModule@ATL@@QAE@XZ 100011c1 f i OposVariant.obj
 0001:000001f8       ??0OposDispParms@@QAE@PAVOposVariant@@H@Z 100011f8 f   OposVariant.obj
 0001:00000269       ??1OposDispParms@@QAE@XZ   10001269 f   OposVariant.obj
 0001:00000277       ??A?$CSimpleArray@GV?$CSimpleArrayEqualHelper@G@ATL@@@ATL@@QAEAAGH@Z 10001277 f i OposVariant.obj
 0001:0000029c       ??_Estringdispid@CComTypeInfoHolder@ATL@@QAEPAXI@Z 1000129c f i OposVariant.obj
 0001:00000308       ?AtlWinModuleInit@ATL@@YGJPAU_ATL_WIN_MODULE70@1@@Z 10001308 f i OposVariant.obj
 0001:0000032e       ?AtlWinModuleTerm@ATL@@YGJPAU_ATL_WIN_MODULE70@1@PAUHINSTANCE__@@@Z 1000132e f i OposVariant.obj
 0001:00000391       ?ChangeBSTR@OposVariant@@QAEXPAPA_WAAJ@Z 10001391 f   OposVariant.obj
 0001:000003d2       ?ChangeLONG@OposVariant@@QAEXPAJAAJ@Z 100013d2 f   OposVariant.obj
 0001:00000413       ?GetLONG@OposVariant@@QAEJXZ 10001413 f   OposVariant.obj
 0001:0000042e       ?Init@CComCriticalSection@ATL@@QAEJXZ 1000142e f i OposVariant.obj
 0001:00000456       ?RemoveAll@?$CSimpleArray@PAUHINSTANCE__@@V?$CSimpleArrayEqualHelper@PAUHINSTANCE__@@@ATL@@@ATL@@QAEXXZ 10001456 f i atls:atlbase.obj
 0001:00000456       ?RemoveAll@?$CSimpleArray@GV?$CSimpleArrayEqualHelper@G@ATL@@@ATL@@QAEXXZ 10001456 f i OposVariant.obj
 0001:00000473       ?SetBSTR@OposVariant@@QAEXPA_WAAJ@Z 10001473 f   OposVariant.obj
 0001:000004a7       ?SetBSTR_Copy@OposVariant@@QAEXPA_WAAJ@Z 100014a7 f   OposVariant.obj
 0001:000004f7       ?SetBSTR_InOutPtr@OposVariant@@QAE_NPAPA_WAAJ@Z 100014f7 f   OposVariant.obj
 0001:0000052e       ?SetBSTR_OutPtr@OposVariant@@QAE_NPAPA_WAAJ@Z 1000152e f   OposVariant.obj
 0001:0000054a       ?SetDispatch_Ptr@OposVariant@@QAEXPAUIDispatch@@AAJ@Z 1000154a f   OposVariant.obj
 0001:00000585       ?SetLONG@OposVariant@@QAEXJ@Z 10001585 f   OposVariant.obj
 0001:000005a7       ?SetLONG_Ptr@OposVariant@@QAEXPAJAAJ@Z 100015a7 f   OposVariant.obj
 0001:000005da       ?SetString@OposVariant@@QAEXPB_WAAJ@Z 100015da f   OposVariant.obj
 0001:00000620       ?SetVARIANT_BOOL@OposVariant@@QAEXF@Z 10001620 f   OposVariant.obj
 0001:0000064a       ?Term@CAtlComModule@ATL@@QAEXXZ 1000164a f i OposVariant.obj
 0001:00000694       ?_AtlRaiseException@ATL@@YAXKK@Z 10001694 f i OposVariant.obj
 0001:000006a9       ??_E?$CComContainedObject@VCOPOSTotals@@@ATL@@W3AEPAXI@Z 100016a9 f i Totals.obj
 0001:000006b1       ??_E?$CComContainedObject@VCOPOSTotals@@@ATL@@WEM@AEPAXI@Z 100016b1 f i Totals.obj
 0001:000006b9       ?QueryInterface@?$CComContainedObject@VCOPOSTotals@@@ATL@@WHA@AGJABU_GUID@@PAPAX@Z 100016b9 f i Totals.obj
 0001:000006c3       ?AddRef@?$CComContainedObject@VCOPOSTotals@@@ATL@@WHA@AGKXZ 100016c3 f i Totals.obj
 0001:000006cd       ?Release@?$CComContainedObject@VCOPOSTotals@@@ATL@@WHA@AGKXZ 100016cd f i Totals.obj
 0001:000006d7       ?QueryInterface@?$CComContainedObject@VCOPOSTotals@@@ATL@@WHE@AGJABU_GUID@@PAPAX@Z 100016d7 f i Totals.obj
 0001:000006e1       ?AddRef@?$CComContainedObject@VCOPOSTotals@@@ATL@@WHE@AGKXZ 100016e1 f i Totals.obj
 0001:000006eb       ?Release@?$CComContainedObject@VCOPOSTotals@@@ATL@@WHE@AGKXZ 100016eb f i Totals.obj
 0001:000006f5       ?QueryInterface@?$CComContainedObject@VCOPOSTotals@@@ATL@@WHI@AGJABU_GUID@@PAPAX@Z 100016f5 f i Totals.obj
 0001:000006ff       ?AddRef@?$CComContainedObject@VCOPOSTotals@@@ATL@@WHI@AGKXZ 100016ff f i Totals.obj
 0001:00000709       ?Release@?$CComContainedObject@VCOPOSTotals@@@ATL@@WHI@AGKXZ 10001709 f i Totals.obj
 0001:00000713       ?QueryInterface@?$CComContainedObject@VCOPOSTotals@@@ATL@@WHM@AGJABU_GUID@@PAPAX@Z 10001713 f i Totals.obj
 0001:0000071d       ?AddRef@?$CComContainedObject@VCOPOSTotals@@@ATL@@WHM@AGKXZ 1000171d f i Totals.obj
 0001:00000727       ?Release@?$CComContainedObject@VCOPOSTotals@@@ATL@@WHM@AGKXZ 10001727 f i Totals.obj
 0001:00000731       ?QueryInterface@?$CComContainedObject@VCOPOSTotals@@@ATL@@WIA@AGJABU_GUID@@PAPAX@Z 10001731 f i Totals.obj
 0001:0000073e       ?AddRef@?$CComContainedObject@VCOPOSTotals@@@ATL@@WIA@AGKXZ 1000173e f i Totals.obj
 0001:0000074b       ?Release@?$CComContainedObject@VCOPOSTotals@@@ATL@@WIA@AGKXZ 1000174b f i Totals.obj
 0001:00000758       ?QueryInterface@?$CComContainedObject@VCOPOSTotals@@@ATL@@WIE@AGJABU_GUID@@PAPAX@Z 10001758 f i Totals.obj
 0001:00000765       ?AddRef@?$CComContainedObject@VCOPOSTotals@@@ATL@@WIE@AGKXZ 10001765 f i Totals.obj
 0001:00000772       ?Release@?$CComContainedObject@VCOPOSTotals@@@ATL@@WIE@AGKXZ 10001772 f i Totals.obj
 0001:0000077f       ?QueryInterface@?$CComContainedObject@VCOPOSTotals@@@ATL@@WII@AGJABU_GUID@@PAPAX@Z 1000177f f i Totals.obj
 0001:0000078c       ?AddRef@?$CComContainedObject@VCOPOSTotals@@@ATL@@WII@AGKXZ 1000178c f i Totals.obj
 0001:00000799       ?Release@?$CComContainedObject@VCOPOSTotals@@@ATL@@WII@AGKXZ 10001799 f i Totals.obj
 0001:000007a6       ?QueryInterface@?$CComContainedObject@VCOPOSTotals@@@ATL@@WIM@AGJABU_GUID@@PAPAX@Z 100017a6 f i Totals.obj
 0001:000007b3       ?AddRef@?$CComContainedObject@VCOPOSTotals@@@ATL@@WIM@AGKXZ 100017b3 f i Totals.obj
 0001:000007c0       ?Release@?$CComContainedObject@VCOPOSTotals@@@ATL@@WIM@AGKXZ 100017c0 f i Totals.obj
 0001:000007cd       ?QueryInterface@?$CComContainedObject@VCOPOSTotals@@@ATL@@WJA@AGJABU_GUID@@PAPAX@Z 100017cd f i Totals.obj
 0001:000007da       ?AddRef@?$CComContainedObject@VCOPOSTotals@@@ATL@@WJA@AGKXZ 100017da f i Totals.obj
 0001:000007e7       ?Release@?$CComContainedObject@VCOPOSTotals@@@ATL@@WJA@AGKXZ 100017e7 f i Totals.obj
 0001:000007f4       ?QueryInterface@?$CComContainedObject@VCOPOSTotals@@@ATL@@WJE@AGJABU_GUID@@PAPAX@Z 100017f4 f i Totals.obj
 0001:00000801       ?AddRef@?$CComContainedObject@VCOPOSTotals@@@ATL@@WJE@AGKXZ 10001801 f i Totals.obj
 0001:0000080e       ?Release@?$CComContainedObject@VCOPOSTotals@@@ATL@@WJE@AGKXZ 1000180e f i Totals.obj
 0001:0000081b       ?QueryInterface@?$CComContainedObject@VCOPOSTotals@@@ATL@@WJI@AGJABU_GUID@@PAPAX@Z 1000181b f i Totals.obj
 0001:00000828       ?AddRef@?$CComContainedObject@VCOPOSTotals@@@ATL@@WJI@AGKXZ 10001828 f i Totals.obj
 0001:00000835       ?Release@?$CComContainedObject@VCOPOSTotals@@@ATL@@WJI@AGKXZ 10001835 f i Totals.obj
 0001:00000842       ?QueryInterface@?$CComContainedObject@VCOPOSTotals@@@ATL@@WJM@AGJABU_GUID@@PAPAX@Z 10001842 f i Totals.obj
 0001:0000084f       ?AddRef@?$CComContainedObject@VCOPOSTotals@@@ATL@@WJM@AGKXZ 1000184f f i Totals.obj
 0001:0000085c       ?Release@?$CComContainedObject@VCOPOSTotals@@@ATL@@WJM@AGKXZ 1000185c f i Totals.obj
 0001:00000869       ?QueryInterface@?$CComContainedObject@VCOPOSTotals@@@ATL@@WKA@AGJABU_GUID@@PAPAX@Z 10001869 f i Totals.obj
 0001:00000876       ?AddRef@?$CComContainedObject@VCOPOSTotals@@@ATL@@WKA@AGKXZ 10001876 f i Totals.obj
 0001:00000883       ?Release@?$CComContainedObject@VCOPOSTotals@@@ATL@@WKA@AGKXZ 10001883 f i Totals.obj
 0001:00000890       ?AddRef@?$CComContainedObject@VCOPOSTotals@@@ATL@@WKI@AGKXZ 10001890 f i Totals.obj
 0001:0000089d       ?Release@?$CComContainedObject@VCOPOSTotals@@@ATL@@WKI@AGKXZ 1000189d f i Totals.obj
 0001:000008aa       ?AddRef@?$CComContainedObject@VCOPOSTotals@@@ATL@@WLE@AGKXZ 100018aa f i Totals.obj
 0001:000008b7       ?Release@?$CComContainedObject@VCOPOSTotals@@@ATL@@WLE@AGKXZ 100018b7 f i Totals.obj
 0001:000008c4       ?CreateInstance@CComClassFactory@ATL@@UAGJPAUIUnknown@@ABU_GUID@@PAPAX@Z 100018c4 f i Totals.obj
 0001:00000902       ?LockServer@CComClassFactory@ATL@@UAGJH@Z 10001902 f i Totals.obj
 0001:00000921       ??_ECComClassFactory@ATL@@UAEPAXI@Z 10001921 f i Totals.obj
 0001:00000921       ??_GCComClassFactory@ATL@@UAEPAXI@Z 10001921 f i Totals.obj
 0001:0000094c       ?GetWindowProc@?$CWindowImplBaseT@VCWindow@ATL@@V?$CWinTraits@$0FGAAAAAA@$0A@@2@@ATL@@UAEP6GJPAUHWND__@@IIJ@ZXZ 1000194c f i Totals.obj
 0001:00000952       ?StartWindowProc@?$CWindowImplBaseT@VCWindow@ATL@@V?$CWinTraits@$0FGAAAAAA@$0A@@2@@ATL@@SGJPAUHWND__@@IIJ@Z 10001952 f i Totals.obj
 0001:000009a6       ?ObjectMain@CComObjectRootBase@ATL@@SGX_N@Z 100019a6 f i Totals.obj
 0001:000009a6       ?OnFinalMessage@?$CWindowImplBaseT@VCWindow@ATL@@V?$CWinTraits@$0FGAAAAAA@$0A@@2@@ATL@@UAEXPAUHWND__@@@Z 100019a6 f i Totals.obj
 0001:000009a9       ?GetTypeInfoCount@?$IDispatchImpl@UIOPOSTotals@@$1?IID_IOPOSTotals@@3U_GUID@@B$1?LIBID_OposTotals_CCO@@3U3@B$00$0A@VCComTypeInfoHolder@ATL@@@ATL@@UAGJPAI@Z 100019a9 f i Totals.obj
 0001:000009c6       ?GetTypeInfo@?$IDispatchImpl@UIOPOSTotals@@$1?IID_IOPOSTotals@@3U_GUID@@B$1?LIBID_OposTotals_CCO@@3U3@B$00$0A@VCComTypeInfoHolder@ATL@@@ATL@@UAGJIKPAPAUITypeInfo@@@Z 100019c6 f i Totals.obj
 0001:000009ea       ?GetIDsOfNames@?$IDispatchImpl@UIOPOSTotals@@$1?IID_IOPOSTotals@@3U_GUID@@B$1?LIBID_OposTotals_CCO@@3U3@B$00$0A@VCComTypeInfoHolder@ATL@@@ATL@@UAGJABU_GUID@@PAPA_WIKPAJ@Z 100019ea f i Totals.obj
 0001:00000a0a       ?Invoke@?$IDispatchImpl@UIOPOSTotals@@$1?IID_IOPOSTotals@@3U_GUID@@B$1?LIBID_OposTotals_CCO@@3U3@B$00$0A@VCComTypeInfoHolder@ATL@@@ATL@@UAGJJABU_GUID@@KGPAUtagDISPPARAMS@@PAUtagVARIANT@@PAUtagEXCEPINFO@@PAI@Z 10001a0a f i Totals.obj
 0001:00000a18       ?CreateControlWindow@?$CComControl@VCOPOSTotals@@V?$CWindowImpl@VCOPOSTotals@@VCWindow@ATL@@V?$CWinTraits@$0FGAAAAAA@$0A@@3@@ATL@@@ATL@@UAEPAUHWND__@@PAU3@AAUtagRECT@@@Z 10001a18 f i Totals.obj
 0001:00000a47       ?ControlQueryInterface@?$CComControl@VCOPOSTotals@@V?$CWindowImpl@VCOPOSTotals@@VCWindow@ATL@@V?$CWinTraits@$0FGAAAAAA@$0A@@3@@ATL@@@ATL@@UAEJABU_GUID@@PAPAX@Z 10001a47 f i Totals.obj
 0001:00000a62       ?GetClassID@?$IPersistStreamInitImpl@VCOPOSTotals@@@ATL@@UAGJPAU_GUID@@@Z 10001a62 f i Totals.obj
 0001:00000a62       ?GetUserClassID@?$IOleObjectImpl@VCOPOSTotals@@@ATL@@UAGJPAU_GUID@@@Z 10001a62 f i Totals.obj
 0001:00000a62       ?GetClassID@?$IPersistStorageImpl@VCOPOSTotals@@@ATL@@UAGJPAU_GUID@@@Z 10001a62 f i Totals.obj
 0001:00000a86       ?IsDirty@?$IPersistStreamInitImpl@VCOPOSTotals@@@ATL@@UAGJXZ 10001a86 f i Totals.obj
 0001:00000aa5       ?Load@?$IPersistStreamInitImpl@VCOPOSTotals@@@ATL@@UAGJPAUIStream@@@Z 10001aa5 f i Totals.obj
 0001:00000ac4       ?Save@?$IPersistStreamInitImpl@VCOPOSTotals@@@ATL@@UAGJPAUIStream@@H@Z 10001ac4 f i Totals.obj
 0001:00000ae6       ?GetSizeMax@?$IPersistStreamInitImpl@VCOPOSTotals@@@ATL@@UAGJPAT_ULARGE_INTEGER@@@Z 10001ae6 f i Totals.obj
 0001:00000cc5       ?InitNew@?$IPersistStreamInitImpl@VCOPOSTotals@@@ATL@@UAGJXZ 10001cc5 f i Totals.obj
 0001:00000ce2       ?SOOutputCompleteDummy@COPOSTotals@@MAGJJ@Z 10001ce2 f i Totals.obj
 0001:00000ce2       ?SetColorScheme@?$IOleObjectImpl@VCOPOSTotals@@@ATL@@UAGJPAUtagLOGPALETTE@@@Z 10001ce2 f i Totals.obj
 0001:00000ce2       ?ContextSensitiveHelp@?$IOleInPlaceActiveObjectImpl@VCOPOSTotals@@@ATL@@UAGJH@Z 10001ce2 f i Totals.obj
 0001:00000ce2       ?QueryGetData@?$IDataObjectImpl@VCOPOSTotals@@@ATL@@UAGJPAUtagFORMATETC@@@Z 10001ce2 f i Totals.obj
 0001:00000ce2       ?Unfreeze@?$IViewObjectExImpl@VCOPOSTotals@@@ATL@@UAGJK@Z 10001ce2 f i Totals.obj
 0001:00000ce2       ?OnMnemonic@?$IOleControlImpl@VCOPOSTotals@@@ATL@@UAGJPAUtagMSG@@@Z 10001ce2 f i Totals.obj
 0001:00000ce2       ?GetControlInfo@?$IOleControlImpl@VCOPOSTotals@@@ATL@@UAGJPAUtagCONTROLINFO@@@Z 10001ce2 f i Totals.obj
 0001:00000ce2       ?ContextSensitiveHelp@?$IOleInPlaceObjectWindowlessImpl@VCOPOSTotals@@@ATL@@UAGJH@Z 10001ce2 f i Totals.obj
 0001:00000ce2       ?SODataDummy@COPOSTotals@@MAGJJ@Z 10001ce2 f i Totals.obj
 0001:00000ce2       ?GetDropTarget@?$IOleInPlaceObjectWindowlessImpl@VCOPOSTotals@@@ATL@@UAGJPAPAUIDropTarget@@@Z 10001ce2 f i Totals.obj
 0001:00000cea       ?EnableModeless@?$IOleInPlaceActiveObjectImpl@VCOPOSTotals@@@ATL@@UAGJH@Z 10001cea f i Totals.obj
 0001:00000cea       ?SaveCompleted@?$IPersistStorageImpl@VCOPOSTotals@@@ATL@@UAGJPAUIStorage@@@Z 10001cea f i Totals.obj
 0001:00000cea       ?OnFrameWindowActivate@?$IOleInPlaceActiveObjectImpl@VCOPOSTotals@@@ATL@@UAGJH@Z 10001cea f i Totals.obj
 0001:00000cea       ?OnAmbientPropertyChange@?$IOleControlImpl@VCOPOSTotals@@@ATL@@UAGJJ@Z 10001cea f i Totals.obj
 0001:00000cef       ?SetClientSite@?$IOleObjectImpl@VCOPOSTotals@@@ATL@@UAGJPAUIOleClientSite@@@Z 10001cef f i Totals.obj
 0001:00000d0c       ?GetClientSite@?$IOleObjectImpl@VCOPOSTotals@@@ATL@@UAGJPAPAUIOleClientSite@@@Z 10001d0c f i Totals.obj
 0001:00000d29       ?SetHostNames@?$IOleObjectImpl@VCOPOSTotals@@@ATL@@UAGJPB_W0@Z 10001d29 f i Totals.obj
 0001:00000d2e       ?Close@?$IOleObjectImpl@VCOPOSTotals@@@ATL@@UAGJK@Z 10001d2e f i Totals.obj
 0001:00000d4b       ?GetCanonicalFormatEtc@?$IDataObjectImpl@VCOPOSTotals@@@ATL@@UAGJPAUtagFORMATETC@@0@Z 10001d4b f i Totals.obj
 0001:00000d4b       ?EnumFormatEtc@?$IDataObjectImpl@VCOPOSTotals@@@ATL@@UAGJKPAPAUIEnumFORMATETC@@@Z 10001d4b f i Totals.obj
 0001:00000d4b       ?GetRect@?$IViewObjectExImpl@VCOPOSTotals@@@ATL@@UAGJKPAU_RECTL@@@Z 10001d4b f i Totals.obj
 0001:00000d4b       ?QueryInterface@CRegObject@ATL@@UAGJABU_GUID@@PAPAX@Z 10001d4b f i Totals.obj
 0001:00000d4b       ?GetDataHere@?$IDataObjectImpl@VCOPOSTotals@@@ATL@@UAGJPAUtagFORMATETC@@PAUtagSTGMEDIUM@@@Z 10001d4b f i Totals.obj
 0001:00000d4b       ?GetClipboardData@?$IOleObjectImpl@VCOPOSTotals@@@ATL@@UAGJKPAPAUIDataObject@@@Z 10001d4b f i Totals.obj
 0001:00000d4b       ?SetMoniker@?$IOleObjectImpl@VCOPOSTotals@@@ATL@@UAGJKPAUIMoniker@@@Z 10001d4b f i Totals.obj
 0001:00000d53       ?GetMoniker@?$IOleObjectImpl@VCOPOSTotals@@@ATL@@UAGJKKPAPAUIMoniker@@@Z 10001d53 f i Totals.obj
 0001:00000d53       ?InitFromData@?$IOleObjectImpl@VCOPOSTotals@@@ATL@@UAGJPAUIDataObject@@HK@Z 10001d53 f i Totals.obj
 0001:00000d53       ?SetData@?$IDataObjectImpl@VCOPOSTotals@@@ATL@@UAGJPAUtagFORMATETC@@PAUtagSTGMEDIUM@@H@Z 10001d53 f i Totals.obj
 0001:00000d5b       ?DoVerb@?$IOleObjectImpl@VCOPOSTotals@@@ATL@@UAGJJPAUtagMSG@@PAUIOleClientSite@@JPAUHWND__@@PBUtagRECT@@@Z 10001d5b f i Totals.obj
 0001:00000e4f       ?EnumVerbs@?$IOleObjectImpl@VCOPOSTotals@@@ATL@@UAGJPAPAUIEnumOLEVERB@@@Z 10001e4f f i Totals.obj
 0001:00000e71       ?Update@?$IOleObjectImpl@VCOPOSTotals@@@ATL@@UAGJXZ 10001e71 f i Totals.obj
 0001:00000e71       ?IsUpToDate@?$IOleObjectImpl@VCOPOSTotals@@@ATL@@UAGJXZ 10001e71 f i Totals.obj
 0001:00000e71       ?HandsOffStorage@?$IPersistStorageImpl@VCOPOSTotals@@@ATL@@UAGJXZ 10001e71 f i Totals.obj
 0001:00000e71       ?Release@CRegObject@ATL@@UAGKXZ 10001e71 f i Totals.obj
 0001:00000e76       ?GetUserType@?$IOleObjectImpl@VCOPOSTotals@@@ATL@@UAGJKPAPA_W@Z 10001e76 f i Totals.obj
 0001:00000e8e       ?SetExtent@?$IOleObjectImpl@VCOPOSTotals@@@ATL@@UAGJKPAUtagSIZE@@@Z 10001e8e f i Totals.obj
 0001:00000eae       ?GetExtent@?$IOleObjectImpl@VCOPOSTotals@@@ATL@@UAGJKPAUtagSIZE@@@Z 10001eae f i Totals.obj
 0001:00000eec       ?Advise@?$IOleObjectImpl@VCOPOSTotals@@@ATL@@UAGJPAUIAdviseSink@@PAK@Z 10001eec f i Totals.obj
 0001:00000f0c       ?Unadvise@?$IOleObjectImpl@VCOPOSTotals@@@ATL@@UAGJK@Z 10001f0c f i Totals.obj
 0001:00000f3b       ?EnumAdvise@?$IOleObjectImpl@VCOPOSTotals@@@ATL@@UAGJPAPAUIEnumSTATDATA@@@Z 10001f3b f i Totals.obj
 0001:00000f7b       ?GetMiscStatus@?$IOleObjectImpl@VCOPOSTotals@@@ATL@@UAGJKPAK@Z 10001f7b f i Totals.obj
 0001:00000f93       ?GetWindow@?$IOleInPlaceActiveObjectImpl@VCOPOSTotals@@@ATL@@UAGJPAPAUHWND__@@@Z 10001f93 f i Totals.obj
 0001:00000fe0       ?TranslateAcceleratorW@?$IOleInPlaceActiveObjectImpl@VCOPOSTotals@@@ATL@@UAGJPAUtagMSG@@@Z 10001fe0 f i Totals.obj
 0001:0000108e       ?OnDocWindowActivate@?$IOleInPlaceActiveObjectImpl@VCOPOSTotals@@@ATL@@UAGJH@Z 1000208e f i Totals.obj
 0001:000010b0       ?ResizeBorder@?$IOleInPlaceActiveObjectImpl@VCOPOSTotals@@@ATL@@UAGJPBUtagRECT@@PAUIOleInPlaceUIWindow@@H@Z 100020b0 f i Totals.obj
 0001:000010b5       ?Draw@?$IViewObjectExImpl@VCOPOSTotals@@@ATL@@UAGJKJPAXPAUtagDVTARGETDEVICE@@PAUHDC__@@2PBU_RECTL@@3P6GHK@ZK@Z 100020b5 f i Totals.obj
 0001:000010e7       ?GetColorSet@?$IViewObjectExImpl@VCOPOSTotals@@@ATL@@UAGJKJPAXPAUtagDVTARGETDEVICE@@PAUHDC__@@PAPAUtagLOGPALETTE@@@Z 100020e7 f i Totals.obj
 0001:000010ef       ?Freeze@?$IViewObjectExImpl@VCOPOSTotals@@@ATL@@UAGJKJPAXPAK@Z 100020ef f i Totals.obj
 0001:000010ef       ?SOErrorDummy@COPOSTotals@@MAGJJJJPAJ@Z 100020ef f i Totals.obj
 0001:000010f7       ?SetAdvise@?$IViewObjectExImpl@VCOPOSTotals@@@ATL@@UAGJKKPAUIAdviseSink@@@Z 100020f7 f i Totals.obj
 0001:00001116       ?GetAdvise@?$IViewObjectExImpl@VCOPOSTotals@@@ATL@@UAGJPAK0PAPAUIAdviseSink@@@Z 10002116 f i Totals.obj
 0001:0000114b       ?GetExtent@?$IViewObjectExImpl@VCOPOSTotals@@@ATL@@UAGJKJPAUtagDVTARGETDEVICE@@PAUtagSIZE@@@Z 1000214b f i Totals.obj
 0001:0000117c       ?GetViewStatus@?$IViewObjectExImpl@VCOPOSTotals@@@ATL@@UAGJPAK@Z 1000217c f i Totals.obj
 0001:00001199       ?QueryHitPoint@?$IViewObjectExImpl@VCOPOSTotals@@@ATL@@UAGJKPBUtagRECT@@UtagPOINT@@JPAK@Z 10002199 f i Totals.obj
 0001:000011da       ?QueryHitRect@?$IViewObjectExImpl@VCOPOSTotals@@@ATL@@UAGJKPBUtagRECT@@0JPAK@Z 100021da f i Totals.obj
 0001:00001235       ?GetNaturalExtent@?$IViewObjectExImpl@VCOPOSTotals@@@ATL@@UAGJKJPAUtagDVTARGETDEVICE@@PAUHDC__@@PAUtagExtentInfo@@PAUtagSIZE@@@Z 10002235 f i Totals.obj
 0001:00001280       ?GetWindow@?$IOleInPlaceObjectWindowlessImpl@VCOPOSTotals@@@ATL@@UAGJPAPAUHWND__@@@Z 10002280 f i Totals.obj
 0001:000012cd       ?InPlaceDeactivate@?$IOleInPlaceObjectWindowlessImpl@VCOPOSTotals@@@ATL@@UAGJXZ 100022cd f i Totals.obj
 0001:000012e7       ?UIDeactivate@?$IOleInPlaceObjectWindowlessImpl@VCOPOSTotals@@@ATL@@UAGJXZ 100022e7 f i Totals.obj
 0001:00001301       ?SetObjectRects@?$IOleInPlaceObjectWindowlessImpl@VCOPOSTotals@@@ATL@@UAGJPBUtagRECT@@0@Z 10002301 f i Totals.obj
 0001:00001321       ?ReactivateAndUndo@?$IOleInPlaceObjectWindowlessImpl@VCOPOSTotals@@@ATL@@UAGJXZ 10002321 f i Totals.obj
 0001:00001329       ?OnWindowMessage@?$IOleInPlaceObjectWindowlessImpl@VCOPOSTotals@@@ATL@@UAGJIIJPAJ@Z 10002329 f i Totals.obj
 0001:00001399       ?EnumConnectionPoints@?$IConnectionPointContainerImpl@VCOPOSTotals@@@ATL@@UAGJPAPAUIEnumConnectionPoints@@@Z 10002399 f i Totals.obj
 0001:00001525       ?FindConnectionPoint@?$IConnectionPointContainerImpl@VCOPOSTotals@@@ATL@@UAGJABU_GUID@@PAPAUIConnectionPoint@@@Z 10002525 f i Totals.obj
 0001:000015c8       ?IsDirty@?$IPersistStorageImpl@VCOPOSTotals@@@ATL@@UAGJXZ 100025c8 f i Totals.obj
 0001:000015f8       ?InitNew@?$IPersistStorageImpl@VCOPOSTotals@@@ATL@@UAGJPAUIStorage@@@Z 100025f8 f i Totals.obj
 0001:00001628       ?Load@?$IPersistStorageImpl@VCOPOSTotals@@@ATL@@UAGJPAUIStorage@@@Z 10002628 f i Totals.obj
 0001:00001694       ?Save@?$IPersistStorageImpl@VCOPOSTotals@@@ATL@@UAGJPAUIStorage@@H@Z 10002694 f i Totals.obj
 0001:00001707       ?GetPages@?$ISpecifyPropertyPagesImpl@VCOPOSTotals@@@ATL@@UAGJPAUtagCAUUID@@@Z 10002707 f i Totals.obj
 0001:0000171e       ?QuickActivate@?$IQuickActivateImpl@VCOPOSTotals@@@ATL@@UAGJPAUtagQACONTAINER@@PAUtagQACONTROL@@@Z 1000271e f i Totals.obj
 0001:00001741       ?SetContentExtent@?$IQuickActivateImpl@VCOPOSTotals@@@ATL@@UAGJPAUtagSIZE@@@Z 10002741 f i Totals.obj
 0001:0000176d       ?GetContentExtent@?$IQuickActivateImpl@VCOPOSTotals@@@ATL@@UAGJPAUtagSIZE@@@Z 1000276d f i Totals.obj
 0001:000017a7       ?GetData@?$IDataObjectImpl@VCOPOSTotals@@@ATL@@UAGJPAUtagFORMATETC@@PAUtagSTGMEDIUM@@@Z 100027a7 f i Totals.obj
 0001:000017ca       ?DAdvise@?$IDataObjectImpl@VCOPOSTotals@@@ATL@@UAGJPAUtagFORMATETC@@KPAUIAdviseSink@@PAK@Z 100027ca f i Totals.obj
 0001:0000180b       ?DUnadvise@?$IDataObjectImpl@VCOPOSTotals@@@ATL@@UAGJK@Z 1000280b f i Totals.obj
 0001:00001839       ?EnumDAdvise@?$IDataObjectImpl@VCOPOSTotals@@@ATL@@UAGJPAPAUIEnumSTATDATA@@@Z 10002839 f i Totals.obj
 0001:00001878       ?GetClassInfoW@?$IProvideClassInfo2Impl@$1?CLSID_OPOSTotals@@3U_GUID@@B$1?DIID__IOPOSTotalsEvents@@3U2@B$1?LIBID_OposTotals_CCO@@3U2@B$00$0A@VCComTypeInfoHolder@ATL@@@ATL@@UAGJPAPAUITypeInfo@@@Z 10002878 f i Totals.obj
 0001:0000188e       ?GetGUID@?$IProvideClassInfo2Impl@$1?CLSID_OPOSTotals@@3U_GUID@@B$1?DIID__IOPOSTotalsEvents@@3U2@B$1?LIBID_OposTotals_CCO@@3U2@B$00$0A@VCComTypeInfoHolder@ATL@@@ATL@@UAGJKPAU_GUID@@@Z 1000288e f i Totals.obj
 0001:000018cc       ?FAccessAllowed@?$IObjectSafetyImpl@VCOPOSTotals@@$02@ATL@@MAEHXZ 100028cc f i Totals.obj
 0001:000018cc       __get_startup_argv_mode    100028cc f i LIBCMT:argv_mode.obj
 0001:000018d0       ?GetInterfaceSafetyOptions@?$IObjectSafetyImpl@VCOPOSTotals@@$02@ATL@@UAGJABU_GUID@@PAK1@Z 100028d0 f i Totals.obj
 0001:00001944       ?SetInterfaceSafetyOptions@?$IObjectSafetyImpl@VCOPOSTotals@@$02@ATL@@UAGJABU_GUID@@KK@Z 10002944 f i Totals.obj
 0001:000019be       ?_LocCPQueryInterface@?$IConnectionPointImpl@VCOPOSTotals@@$1?IID_IPropertyNotifySink@@3U_GUID@@BVCComDynamicUnkArray@ATL@@@ATL@@UAGJABU_GUID@@PAPAX@Z 100029be f i Totals.obj
 0001:000019be       ?_LocCPQueryInterface@?$IConnectionPointImpl@VCOPOSTotals@@$1?DIID__IOPOSTotalsEvents@@3U_GUID@@BVCComDynamicUnkArray@ATL@@@ATL@@UAGJABU_GUID@@PAPAX@Z 100029be f i Totals.obj
 0001:00001a0b       ?GetConnectionInterface@?$IConnectionPointImpl@VCOPOSTotals@@$1?IID_IPropertyNotifySink@@3U_GUID@@BVCComDynamicUnkArray@ATL@@@ATL@@UAGJPAU_GUID@@@Z 10002a0b f i Totals.obj
 0001:00001a2f       ?GetConnectionPointContainer@?$IConnectionPointImpl@VCOPOSTotals@@$1?IID_IPropertyNotifySink@@3U_GUID@@BVCComDynamicUnkArray@ATL@@@ATL@@UAGJPAPAUIConnectionPointContainer@@@Z 10002a2f f i Totals.obj
 0001:00001a52       ?Advise@?$IConnectionPointImpl@VCOPOSTotals@@$1?DIID__IOPOSTotalsEvents@@3U_GUID@@BVCComDynamicUnkArray@ATL@@@ATL@@UAGJPAUIUnknown@@PAK@Z 10002a52 f i Totals.obj
 0001:00001a52       ?Advise@?$IConnectionPointImpl@VCOPOSTotals@@$1?IID_IPropertyNotifySink@@3U_GUID@@BVCComDynamicUnkArray@ATL@@@ATL@@UAGJPAUIUnknown@@PAK@Z 10002a52 f i Totals.obj
 0001:00001af2       ?Unadvise@?$IConnectionPointImpl@VCOPOSTotals@@$1?DIID__IOPOSTotalsEvents@@3U_GUID@@BVCComDynamicUnkArray@ATL@@@ATL@@UAGJK@Z 10002af2 f i Totals.obj
 0001:00001af2       ?Unadvise@?$IConnectionPointImpl@VCOPOSTotals@@$1?IID_IPropertyNotifySink@@3U_GUID@@BVCComDynamicUnkArray@ATL@@@ATL@@UAGJK@Z 10002af2 f i Totals.obj
 0001:00001b32       ?EnumConnections@?$IConnectionPointImpl@VCOPOSTotals@@$1?DIID__IOPOSTotalsEvents@@3U_GUID@@BVCComDynamicUnkArray@ATL@@@ATL@@UAGJPAPAUIEnumConnections@@@Z 10002b32 f i Totals.obj
 0001:00001b32       ?EnumConnections@?$IConnectionPointImpl@VCOPOSTotals@@$1?IID_IPropertyNotifySink@@3U_GUID@@BVCComDynamicUnkArray@ATL@@@ATL@@UAGJPAPAUIEnumConnections@@@Z 10002b32 f i Totals.obj
 0001:00001c2d       ?GetObjectDescription@?$CComCoClass@VCOPOSTotals@@$1?CLSID_OPOSTotals@@3U_GUID@@B@ATL@@SGPB_WXZ 10002c2d f i Totals.obj
 0001:00001c2d       ?GetCategoryMap@CComObjectRootBase@ATL@@SAPBU_ATL_CATMAP_ENTRY@2@XZ 10002c2d f i Totals.obj
 0001:00001c30       ?GetConnectionInterface@?$IConnectionPointImpl@VCOPOSTotals@@$1?DIID__IOPOSTotalsEvents@@3U_GUID@@BVCComDynamicUnkArray@ATL@@@ATL@@UAGJPAU_GUID@@@Z 10002c30 f i Totals.obj
 0001:00001c54       ?GetConnectionPointContainer@?$IConnectionPointImpl@VCOPOSTotals@@$1?DIID__IOPOSTotalsEvents@@3U_GUID@@BVCComDynamicUnkArray@ATL@@@ATL@@UAGJPAPAUIConnectionPointContainer@@@Z 10002c54 f i Totals.obj
 0001:00001c77       ?UpdateRegistry@COPOSTotals@@SGJH@Z 10002c77 f i Totals.obj
 0001:00001c8f       ?ProcessWindowMessage@COPOSTotals@@UAEHPAUHWND__@@IIJAAJK@Z 10002c8f f i Totals.obj
 0001:00001cd8       ?SODirectIO@COPOSTotals@@MAGJJPAJPAPA_W@Z 10002cd8 f i Totals.obj
 0001:00001d21       ?SOStatusUpdate@COPOSTotals@@MAGJJ@Z 10002d21 f i Totals.obj
 0001:00001d5a       ?Lock@CAtlModule@ATL@@UAEJXZ 10002d5a f i Totals.obj
 0001:00001d64       ?Unlock@CAtlModule@ATL@@UAEJXZ 10002d64 f i Totals.obj
 0001:00001d6e       ?GetLockCount@CAtlModule@ATL@@UAEJXZ 10002d6e f i Totals.obj
 0001:00001d72       ?GetGITPtr@CAtlModule@ATL@@UAEJPAPAUIGlobalInterfaceTable@@@Z 10002d72 f i Totals.obj
 0001:00001dbe       ?AddCommonRGSReplacements@?$CAtlModuleT@VCComModule@ATL@@@ATL@@UAEJPAUIRegistrarBase@@@Z 10002dbe f i Totals.obj
 0001:00001dd8       ?UpdateRegistryFromResourceD@CComModule@ATL@@UAGJPB_WHPAU_ATL_REGMAP_ENTRY@2@@Z 10002dd8 f i Totals.obj
 0001:00001dd8       ?UpdateRegistryFromResourceD@CComModule@ATL@@UAGJIHPAU_ATL_REGMAP_ENTRY@2@@Z 10002dd8 f i Totals.obj
 0001:00001de0       ?UpdateRegistryFromResource@CComModule@ATL@@UAGJPB_WHPAU_ATL_REGMAP_ENTRY@2@@Z 10002de0 f i Totals.obj
 0001:00001de9       ?UpdateRegistryFromResource@CComModule@ATL@@UAGJIHPAU_ATL_REGMAP_ENTRY@2@@Z 10002de9 f i Totals.obj
 0001:00001df2       ??_GCComModule@ATL@@UAEPAXI@Z 10002df2 f i Totals.obj
 0001:00001df2       ??_ECComModule@ATL@@UAEPAXI@Z 10002df2 f i Totals.obj
 0001:00001e1a       ?CreateInstance@?$CComCreator@V?$CComObjectCached@VCComClassFactory@ATL@@@ATL@@@ATL@@SGJPAXABU_GUID@@PAPAX@Z 10002e1a f i Totals.obj
 0001:00001eba       ?CreateInstance@?$CComCreator2@V?$CComCreator@V?$CComObject@VCOPOSTotals@@@ATL@@@ATL@@V?$CComCreator@V?$CComAggObject@VCOPOSTotals@@@ATL@@@2@@ATL@@SGJPAXABU_GUID@@PAPAX@Z 10002eba f i Totals.obj
 0001:00001eda       ?AddRef@?$CComObjectCached@VCComClassFactory@ATL@@@ATL@@UAGKXZ 10002eda f i Totals.obj
 0001:00001f01       ?Release@?$CComObjectCached@VCComClassFactory@ATL@@@ATL@@UAGKXZ 10002f01 f i Totals.obj
 0001:00001f37       ?QueryInterface@?$CComObjectCached@VCComClassFactory@ATL@@@ATL@@UAGJABU_GUID@@PAPAX@Z 10002f37 f i Totals.obj
 0001:00001f51       ??_G?$CComObjectCached@VCComClassFactory@ATL@@@ATL@@UAEPAXI@Z 10002f51 f i Totals.obj
 0001:00001f51       ??_E?$CComObjectCached@VCComClassFactory@ATL@@@ATL@@UAEPAXI@Z 10002f51 f i Totals.obj
 0001:00001f73       ?Next@?$CComEnumImpl@UIEnumConnectionPoints@@$1?_GUID_b196b285_bab4_101a_b69c_00aa00341d07@@3U__s_GUID@@BPAUIConnectionPoint@@V?$_CopyInterface@UIConnectionPoint@@@ATL@@@ATL@@UAGJKPAPAUIConnectionPoint@@PAK@Z 10002f73 f i Totals.obj
 0001:0000204a       ?Skip@?$CComEnumImpl@UIEnumConnectionPoints@@$1?_GUID_b196b285_bab4_101a_b69c_00aa00341d07@@3U__s_GUID@@BPAUIConnectionPoint@@V?$_CopyInterface@UIConnectionPoint@@@ATL@@@ATL@@UAGJK@Z 1000304a f i Totals.obj
 0001:00002077       ?Reset@?$CComEnumImpl@UIEnumConnections@@$1?_GUID_b196b287_bab4_101a_b69c_00aa00341d07@@3U__s_GUID@@BUtagCONNECTDATA@@V?$_Copy@UtagCONNECTDATA@@@ATL@@@ATL@@UAGJXZ 10003077 f i Totals.obj
 0001:00002077       ?Reset@?$CComEnumImpl@UIEnumConnectionPoints@@$1?_GUID_b196b285_bab4_101a_b69c_00aa00341d07@@3U__s_GUID@@BPAUIConnectionPoint@@V?$_CopyInterface@UIConnectionPoint@@@ATL@@@ATL@@UAGJXZ 10003077 f i Totals.obj
 0001:00002089       ?Clone@?$CComEnumImpl@UIEnumConnectionPoints@@$1?_GUID_b196b285_bab4_101a_b69c_00aa00341d07@@3U__s_GUID@@BPAUIConnectionPoint@@V?$_CopyInterface@UIConnectionPoint@@@ATL@@@ATL@@UAGJPAPAUIEnumConnectionPoints@@@Z 10003089 f i Totals.obj
 0001:0000216a       ?AddRef@?$CComObject@V?$CComEnum@UIEnumConnectionPoints@@$1?_GUID_b196b285_bab4_101a_b69c_00aa00341d07@@3U__s_GUID@@BPAUIConnectionPoint@@V?$_CopyInterface@UIConnectionPoint@@@ATL@@VCComSingleThreadModel@6@@ATL@@@ATL@@UAGKXZ 1000316a f i Totals.obj
 0001:0000216a       ?AddRef@?$CComObject@V?$CComEnum@UIEnumConnections@@$1?_GUID_b196b287_bab4_101a_b69c_00aa00341d07@@3U__s_GUID@@BUtagCONNECTDATA@@V?$_Copy@UtagCONNECTDATA@@@ATL@@VCComSingleThreadModel@6@@ATL@@@ATL@@UAGKXZ 1000316a f i Totals.obj
 0001:0000217b       ?Release@?$CComObject@V?$CComEnum@UIEnumConnections@@$1?_GUID_b196b287_bab4_101a_b69c_00aa00341d07@@3U__s_GUID@@BUtagCONNECTDATA@@V?$_Copy@UtagCONNECTDATA@@@ATL@@VCComSingleThreadModel@6@@ATL@@@ATL@@UAGKXZ 1000317b f i Totals.obj
 0001:0000217b       ?Release@?$CComObject@V?$CComEnum@UIEnumConnectionPoints@@$1?_GUID_b196b285_bab4_101a_b69c_00aa00341d07@@3U__s_GUID@@BPAUIConnectionPoint@@V?$_CopyInterface@UIConnectionPoint@@@ATL@@VCComSingleThreadModel@6@@ATL@@@ATL@@UAGKXZ 1000317b f i Totals.obj
 0001:000021b7       ?QueryInterface@?$CComObject@V?$CComEnum@UIEnumConnectionPoints@@$1?_GUID_b196b285_bab4_101a_b69c_00aa00341d07@@3U__s_GUID@@BPAUIConnectionPoint@@V?$_CopyInterface@UIConnectionPoint@@@ATL@@VCComSingleThreadModel@6@@ATL@@@ATL@@UAGJABU_GUID@@PAPAX@Z 100031b7 f i Totals.obj
 0001:000021d1       ??_G?$CComObject@V?$CComEnum@UIEnumConnectionPoints@@$1?_GUID_b196b285_bab4_101a_b69c_00aa00341d07@@3U__s_GUID@@BPAUIConnectionPoint@@V?$_CopyInterface@UIConnectionPoint@@@ATL@@VCComSingleThreadModel@6@@ATL@@@ATL@@UAEPAXI@Z 100031d1 f i Totals.obj
 0001:000021d1       ??_E?$CComObject@V?$CComEnum@UIEnumConnectionPoints@@$1?_GUID_b196b285_bab4_101a_b69c_00aa00341d07@@3U__s_GUID@@BPAUIConnectionPoint@@V?$_CopyInterface@UIConnectionPoint@@@ATL@@VCComSingleThreadModel@6@@ATL@@@ATL@@UAEPAXI@Z 100031d1 f i Totals.obj
 0001:000021f3       ?AddRef@CRegObject@ATL@@UAGKXZ 100031f3 f i Totals.obj
 0001:000021f9       ?AddReplacement@CRegObject@ATL@@UAGJPB_W0@Z 100031f9 f i Totals.obj
 0001:00002232       ?ClearReplacements@CRegObject@ATL@@UAGJXZ 10003232 f i Totals.obj
 0001:00002244       ??_ECRegObject@ATL@@UAEPAXI@Z 10003244 f i Totals.obj
 0001:00002244       ??_GCRegObject@ATL@@UAEPAXI@Z 10003244 f i Totals.obj
 0001:00002266       ?AddRef@?$CComAggObject@VCOPOSTotals@@@ATL@@UAGKXZ 10003266 f i Totals.obj
 0001:00002277       ?Release@?$CComAggObject@VCOPOSTotals@@@ATL@@UAGKXZ 10003277 f i Totals.obj
 0001:000022b3       ?QueryInterface@?$CComAggObject@VCOPOSTotals@@@ATL@@UAGJABU_GUID@@PAPAX@Z 100032b3 f i Totals.obj
 0001:00002302       ?AddRef@?$CComContainedObject@VCOPOSTotals@@@ATL@@UAGKXZ 10003302 f i Totals.obj
 0001:00002318       ?Release@?$CComContainedObject@VCOPOSTotals@@@ATL@@UAGKXZ 10003318 f i Totals.obj
 0001:0000232e       ?QueryInterface@?$CComContainedObject@VCOPOSTotals@@@ATL@@UAGJABU_GUID@@PAPAX@Z 1000332e f i Totals.obj
 0001:00002349       ??_E?$CComAggObject@VCOPOSTotals@@@ATL@@UAEPAXI@Z 10003349 f i Totals.obj
 0001:00002349       ??_G?$CComAggObject@VCOPOSTotals@@@ATL@@UAEPAXI@Z 10003349 f i Totals.obj
 0001:0000236e       ?AddRef@?$CComObject@VCOPOSTotals@@@ATL@@UAGKXZ 1000336e f i Totals.obj
 0001:00002385       ?Release@?$CComObject@VCOPOSTotals@@@ATL@@UAGKXZ 10003385 f i Totals.obj
 0001:000023c7       ?QueryInterface@?$CComObject@VCOPOSTotals@@@ATL@@UAGJABU_GUID@@PAPAX@Z 100033c7 f i Totals.obj
 0001:000023e1       ?OnDrawAdvanced@CComControlBase@ATL@@UAEJAAUATL_DRAWINFO@@@Z 100033e1 f i Totals.obj
 0001:000024d4       ?Next@?$CComEnumImpl@UIEnumConnections@@$1?_GUID_b196b287_bab4_101a_b69c_00aa00341d07@@3U__s_GUID@@BUtagCONNECTDATA@@V?$_Copy@UtagCONNECTDATA@@@ATL@@@ATL@@UAGJKPAUtagCONNECTDATA@@PAK@Z 100034d4 f i Totals.obj
 0001:000025ab       ?Skip@?$CComEnumImpl@UIEnumConnections@@$1?_GUID_b196b287_bab4_101a_b69c_00aa00341d07@@3U__s_GUID@@BUtagCONNECTDATA@@V?$_Copy@UtagCONNECTDATA@@@ATL@@@ATL@@UAGJK@Z 100035ab f i Totals.obj
 0001:000025d8       ?Clone@?$CComEnumImpl@UIEnumConnections@@$1?_GUID_b196b287_bab4_101a_b69c_00aa00341d07@@3U__s_GUID@@BUtagCONNECTDATA@@V?$_Copy@UtagCONNECTDATA@@@ATL@@@ATL@@UAGJPAPAUIEnumConnections@@@Z 100035d8 f i Totals.obj
 0001:000026b9       ?QueryInterface@?$CComObject@V?$CComEnum@UIEnumConnections@@$1?_GUID_b196b287_bab4_101a_b69c_00aa00341d07@@3U__s_GUID@@BUtagCONNECTDATA@@V?$_Copy@UtagCONNECTDATA@@@ATL@@VCComSingleThreadModel@6@@ATL@@@ATL@@UAGJABU_GUID@@PAPAX@Z 100036b9 f i Totals.obj
 0001:000026d3       ??_E?$CComObject@V?$CComEnum@UIEnumConnections@@$1?_GUID_b196b287_bab4_101a_b69c_00aa00341d07@@3U__s_GUID@@BUtagCONNECTDATA@@V?$_Copy@UtagCONNECTDATA@@@ATL@@VCComSingleThreadModel@6@@ATL@@@ATL@@UAEPAXI@Z 100036d3 f i Totals.obj
 0001:000026d3       ??_G?$CComObject@V?$CComEnum@UIEnumConnections@@$1?_GUID_b196b287_bab4_101a_b69c_00aa00341d07@@3U__s_GUID@@BUtagCONNECTDATA@@V?$_Copy@UtagCONNECTDATA@@@ATL@@VCComSingleThreadModel@6@@ATL@@@ATL@@UAEPAXI@Z 100036d3 f i Totals.obj
 0001:000026f5       ??_E?$CComObject@VCOPOSTotals@@@ATL@@W3AEPAXI@Z 100036f5 f i Totals.obj
 0001:000026fd       ??_E?$CComObject@VCOPOSTotals@@@ATL@@WEM@AEPAXI@Z 100036fd f i Totals.obj
 0001:00002705       ?QueryInterface@?$CComObject@VCOPOSTotals@@@ATL@@WHA@AGJABU_GUID@@PAPAX@Z 10003705 f i Totals.obj
 0001:0000270f       ?AddRef@?$CComObject@VCOPOSTotals@@@ATL@@WHA@AGKXZ 1000370f f i Totals.obj
 0001:00002719       ?Release@?$CComObject@VCOPOSTotals@@@ATL@@WHA@AGKXZ 10003719 f i Totals.obj
 0001:00002723       ?QueryInterface@?$CComObject@VCOPOSTotals@@@ATL@@WHE@AGJABU_GUID@@PAPAX@Z 10003723 f i Totals.obj
 0001:0000272d       ?AddRef@?$CComObject@VCOPOSTotals@@@ATL@@WHE@AGKXZ 1000372d f i Totals.obj
 0001:00002737       ?Release@?$CComObject@VCOPOSTotals@@@ATL@@WHE@AGKXZ 10003737 f i Totals.obj
 0001:00002741       ?QueryInterface@?$CComObject@VCOPOSTotals@@@ATL@@WHI@AGJABU_GUID@@PAPAX@Z 10003741 f i Totals.obj
 0001:0000274b       ?AddRef@?$CComObject@VCOPOSTotals@@@ATL@@WHI@AGKXZ 1000374b f i Totals.obj
 0001:00002755       ?Release@?$CComObject@VCOPOSTotals@@@ATL@@WHI@AGKXZ 10003755 f i Totals.obj
 0001:0000275f       ?QueryInterface@?$CComObject@VCOPOSTotals@@@ATL@@WHM@AGJABU_GUID@@PAPAX@Z 1000375f f i Totals.obj
 0001:00002769       ?AddRef@?$CComObject@VCOPOSTotals@@@ATL@@WHM@AGKXZ 10003769 f i Totals.obj
 0001:00002773       ?Release@?$CComObject@VCOPOSTotals@@@ATL@@WHM@AGKXZ 10003773 f i Totals.obj
 0001:0000277d       ?QueryInterface@?$CComObject@VCOPOSTotals@@@ATL@@WIA@AGJABU_GUID@@PAPAX@Z 1000377d f i Totals.obj
 0001:0000278a       ?AddRef@?$CComObject@VCOPOSTotals@@@ATL@@WIA@AGKXZ 1000378a f i Totals.obj
 0001:00002797       ?Release@?$CComObject@VCOPOSTotals@@@ATL@@WIA@AGKXZ 10003797 f i Totals.obj
 0001:000027a4       ?QueryInterface@?$CComObject@VCOPOSTotals@@@ATL@@WIE@AGJABU_GUID@@PAPAX@Z 100037a4 f i Totals.obj
 0001:000027b1       ?AddRef@?$CComObject@VCOPOSTotals@@@ATL@@WIE@AGKXZ 100037b1 f i Totals.obj
 0001:000027be       ?Release@?$CComObject@VCOPOSTotals@@@ATL@@WIE@AGKXZ 100037be f i Totals.obj
 0001:000027cb       ?QueryInterface@?$CComObject@VCOPOSTotals@@@ATL@@WII@AGJABU_GUID@@PAPAX@Z 100037cb f i Totals.obj
 0001:000027d8       ?AddRef@?$CComObject@VCOPOSTotals@@@ATL@@WII@AGKXZ 100037d8 f i Totals.obj
 0001:000027e5       ?Release@?$CComObject@VCOPOSTotals@@@ATL@@WII@AGKXZ 100037e5 f i Totals.obj
 0001:000027f2       ?QueryInterface@?$CComObject@VCOPOSTotals@@@ATL@@WIM@AGJABU_GUID@@PAPAX@Z 100037f2 f i Totals.obj
 0001:000027ff       ?AddRef@?$CComObject@VCOPOSTotals@@@ATL@@WIM@AGKXZ 100037ff f i Totals.obj
 0001:0000280c       ?Release@?$CComObject@VCOPOSTotals@@@ATL@@WIM@AGKXZ 1000380c f i Totals.obj
 0001:00002819       ?QueryInterface@?$CComObject@VCOPOSTotals@@@ATL@@WJA@AGJABU_GUID@@PAPAX@Z 10003819 f i Totals.obj
 0001:00002826       ?AddRef@?$CComObject@VCOPOSTotals@@@ATL@@WJA@AGKXZ 10003826 f i Totals.obj
 0001:00002833       ?Release@?$CComObject@VCOPOSTotals@@@ATL@@WJA@AGKXZ 10003833 f i Totals.obj
 0001:00002840       ?QueryInterface@?$CComObject@VCOPOSTotals@@@ATL@@WJE@AGJABU_GUID@@PAPAX@Z 10003840 f i Totals.obj
 0001:0000284d       ?AddRef@?$CComObject@VCOPOSTotals@@@ATL@@WJE@AGKXZ 1000384d f i Totals.obj
 0001:0000285a       ?Release@?$CComObject@VCOPOSTotals@@@ATL@@WJE@AGKXZ 1000385a f i Totals.obj
 0001:00002867       ?QueryInterface@?$CComObject@VCOPOSTotals@@@ATL@@WJI@AGJABU_GUID@@PAPAX@Z 10003867 f i Totals.obj
 0001:00002874       ?AddRef@?$CComObject@VCOPOSTotals@@@ATL@@WJI@AGKXZ 10003874 f i Totals.obj
 0001:00002881       ?Release@?$CComObject@VCOPOSTotals@@@ATL@@WJI@AGKXZ 10003881 f i Totals.obj
 0001:0000288e       ?QueryInterface@?$CComObject@VCOPOSTotals@@@ATL@@WJM@AGJABU_GUID@@PAPAX@Z 1000388e f i Totals.obj
 0001:0000289b       ?AddRef@?$CComObject@VCOPOSTotals@@@ATL@@WJM@AGKXZ 1000389b f i Totals.obj
 0001:000028a8       ?Release@?$CComObject@VCOPOSTotals@@@ATL@@WJM@AGKXZ 100038a8 f i Totals.obj
 0001:000028b5       ?QueryInterface@?$CComObject@VCOPOSTotals@@@ATL@@WKA@AGJABU_GUID@@PAPAX@Z 100038b5 f i Totals.obj
 0001:000028c2       ?AddRef@?$CComObject@VCOPOSTotals@@@ATL@@WKA@AGKXZ 100038c2 f i Totals.obj
 0001:000028cf       ?Release@?$CComObject@VCOPOSTotals@@@ATL@@WKA@AGKXZ 100038cf f i Totals.obj
 0001:000028dc       ?AddRef@?$CComObject@VCOPOSTotals@@@ATL@@WKI@AGKXZ 100038dc f i Totals.obj
 0001:000028e9       ?Release@?$CComObject@VCOPOSTotals@@@ATL@@WKI@AGKXZ 100038e9 f i Totals.obj
 0001:000028f6       ?AddRef@?$CComObject@VCOPOSTotals@@@ATL@@WLE@AGKXZ 100038f6 f i Totals.obj
 0001:00002903       ?Release@?$CComObject@VCOPOSTotals@@@ATL@@WLE@AGKXZ 10003903 f i Totals.obj
 0001:00002910       ??$?4UITypeInfo2@@@?$CComPtr@UITypeInfo@@@ATL@@QAEPAUITypeInfo@@ABV?$CComPtr@UITypeInfo2@@@1@@Z 10003910 f i Totals.obj
 0001:0000293d       ??$AtlAdd@K@ATL@@YAJPAKKK@Z 1000393d f i Totals.obj
 0001:00002960       ??$AtlAdd@_K@ATL@@YAJPA_K_K1@Z 10003960 f i Totals.obj
 0001:00002998       ??$AtlAddThrow@K@ATL@@YAKKK@Z 10003998 f i Totals.obj
 0001:000029be       ??$AtlModuleRegisterWndClassInfoT@VAtlModuleRegisterWndClassInfoParamW@ATL@@@ATL@@YAGPAU_ATL_BASE_MODULE70@0@PAU_ATL_WIN_MODULE70@0@PAU_ATL_WNDCLASSINFOW@0@PAP6GJPAUHWND__@@IIJ@ZVAtlModuleRegisterWndClassInfoParamW@0@@Z 100039be f i Totals.obj
 0001:00002b0c       ??$AtlMultiply@H@ATL@@YAJPAHHH@Z 10003b0c f i Totals.obj
 0001:00002b44       ??$AtlMultiply@K@ATL@@YAJPAKKK@Z 10003b44 f i Totals.obj
 0001:00002b44       ??$AtlMultiply@I@ATL@@YAJPAIII@Z 10003b44 f i Totals.obj
 0001:00002b66       ??$AtlMultiplyThrow@I@ATL@@YAIII@Z 10003b66 f i Totals.obj
 0001:00002b8c       ??0?$CComAggObject@VCOPOSTotals@@@ATL@@QAE@PAX@Z 10003b8c f i Totals.obj
 0001:00002bb9       ??0?$CComContainedObject@VCOPOSTotals@@@ATL@@QAE@PAX@Z 10003bb9 f i Totals.obj
 0001:00002c72       ??0?$CComObject@V?$CComEnum@UIEnumConnectionPoints@@$1?_GUID_b196b285_bab4_101a_b69c_00aa00341d07@@3U__s_GUID@@BPAUIConnectionPoint@@V?$_CopyInterface@UIConnectionPoint@@@ATL@@VCComSingleThreadModel@6@@ATL@@@ATL@@QAE@PAX@Z 10003c72 f i Totals.obj
 0001:00002ca0       ??0?$CComObject@V?$CComEnum@UIEnumConnections@@$1?_GUID_b196b287_bab4_101a_b69c_00aa00341d07@@3U__s_GUID@@BUtagCONNECTDATA@@V?$_Copy@UtagCONNECTDATA@@@ATL@@VCComSingleThreadModel@6@@ATL@@@ATL@@QAE@PAX@Z 10003ca0 f i Totals.obj
 0001:00002cce       ??0?$CComObject@VCOPOSTotals@@@ATL@@QAE@PAX@Z 10003cce f i Totals.obj
 0001:00002d85       ??0?$CComQIPtr@UIOleControlSite@@$1?_GUID_b196b289_bab4_101a_b69c_00aa00341d07@@3U__s_GUID@@B@ATL@@QAE@PAUIUnknown@@@Z 10003d85 f i Totals.obj
 0001:00002dae       ??0CAtlModule@ATL@@QAE@XZ  10003dae f i Totals.obj
 0001:00002def       ??0CParseBuffer@CRegParser@ATL@@QAE@H@Z 10003def f i Totals.obj
 0001:00002e25       ??0_ATL_MSG@ATL@@QAE@PAUHWND__@@IIJH@Z 10003e25 f i Totals.obj
 0001:00002e5d       ??1?$CComAggObject@VCOPOSTotals@@@ATL@@UAE@XZ 10003e5d f i Totals.obj
 0001:00002e81       ??1?$CComEnumImpl@UIEnumConnectionPoints@@$1?_GUID_b196b285_bab4_101a_b69c_00aa00341d07@@3U__s_GUID@@BPAUIConnectionPoint@@V?$_CopyInterface@UIConnectionPoint@@@ATL@@@ATL@@UAE@XZ 10003e81 f i Totals.obj
 0001:00002ec1       ??1?$CComEnumImpl@UIEnumConnections@@$1?_GUID_b196b287_bab4_101a_b69c_00aa00341d07@@3U__s_GUID@@BUtagCONNECTDATA@@V?$_Copy@UtagCONNECTDATA@@@ATL@@@ATL@@UAE@XZ 10003ec1 f i Totals.obj
 0001:00002f01       ??1?$CComObject@V?$CComEnum@UIEnumConnectionPoints@@$1?_GUID_b196b285_bab4_101a_b69c_00aa00341d07@@3U__s_GUID@@BPAUIConnectionPoint@@V?$_CopyInterface@UIConnectionPoint@@@ATL@@VCComSingleThreadModel@6@@ATL@@@ATL@@UAE@XZ 10003f01 f i Totals.obj
 0001:00002f24       ??1?$CComObject@V?$CComEnum@UIEnumConnections@@$1?_GUID_b196b287_bab4_101a_b69c_00aa00341d07@@3U__s_GUID@@BUtagCONNECTDATA@@V?$_Copy@UtagCONNECTDATA@@@ATL@@VCComSingleThreadModel@6@@ATL@@@ATL@@UAE@XZ 10003f24 f i Totals.obj
 0001:00002f47       ??1?$CComObject@VCOPOSTotals@@@ATL@@UAE@XZ 10003f47 f i Totals.obj
 0001:00003005       ??1?$CComObjectCached@VCComClassFactory@ATL@@@ATL@@UAE@XZ 10004005 f i Totals.obj
 0001:0000301b       ??1?$CComObjectRootEx@VCComMultiThreadModel@ATL@@@ATL@@QAE@XZ 1000401b f i Totals.obj
 0001:00003030       ??1CRegObject@ATL@@UAE@XZ  10004030 f i Totals.obj
 0001:00003050       ??4?$CComPtr@UIAdviseSink@@@ATL@@QAEPAUIAdviseSink@@PAU2@@Z 10004050 f i Totals.obj
 0001:00003050       ??4?$CComPtr@UIUnknown@@@ATL@@QAEPAUIUnknown@@PAU2@@Z 10004050 f i Totals.obj
 0001:00003050       ??4?$CComPtr@UIOleClientSite@@@ATL@@QAEPAUIOleClientSite@@PAU2@@Z 10004050 f i Totals.obj
 0001:00003084       ??_E?$CComContainedObject@VCOPOSTotals@@@ATL@@UAEPAXI@Z 10004084 f i Totals.obj
 0001:00003084       ??_G?$CComContainedObject@VCOPOSTotals@@@ATL@@UAEPAXI@Z 10004084 f i Totals.obj
 0001:000030a9       ??_G?$CComObject@VCOPOSTotals@@@ATL@@UAEPAXI@Z 100040a9 f i Totals.obj
 0001:000030a9       ??_E?$CComObject@VCOPOSTotals@@@ATL@@UAEPAXI@Z 100040a9 f i Totals.obj
 0001:000030ce       ?Add@?$CSimpleArray@GV?$CSimpleArrayEqualHelper@G@ATL@@@ATL@@QAEHABG@Z 100040ce f i Totals.obj
 0001:00003152       ?Add@?$CSimpleMap@PA_WPA_WVCExpansionVectorEqualHelper@ATL@@@ATL@@QAEHABQA_W0@Z 10004152 f i Totals.obj
 0001:000031a7       ?Add@CComDynamicUnkArray@ATL@@QAEKPAUIUnknown@@@Z 100041a7 f i Totals.obj
 0001:0000325d       ?Add@CExpansionVector@ATL@@QAEHPB_W0@Z 1000425d f i Totals.obj
 0001:00003366       ?AddString@CParseBuffer@CRegParser@ATL@@QAEHPB_W@Z 10004366 f i Totals.obj
 0001:0000339b       ?AddTermFunc@CAtlModule@ATL@@QAEJP6GXK@ZK@Z 1000439b f i Totals.obj
 0001:000033fe       ?AddValue@CRegParser@ATL@@IAEJAAVCRegKey@2@PB_WPA_W@Z 100043fe f i Totals.obj
 0001:00003718       ?Allocate@?$CAtlSafeAllocBufferManager@VCCRTAllocator@ATL@@@_ATL_SAFE_ALLOCA_IMPL@ATL@@QAEPAXK@Z 10004718 f i Totals.obj
 0001:00003745       ?Allocate@?$CTempBuffer@E$0BAA@VCCRTAllocator@ATL@@@ATL@@QAEPAEI@Z 10004745 f i Totals.obj
 0001:00003774       ?Allocate@?$CTempBuffer@_W$0BAA@VCCRTAllocator@ATL@@@ATL@@QAEPA_WI@Z 10004774 f i Totals.obj
 0001:000037a3       ?Allocate@?$CTempBuffer@_W$0EAA@VCCRTAllocator@ATL@@@ATL@@QAEPA_WI@Z 100047a3 f i Totals.obj
 0001:000037d2       ?AllocateHeap@?$CTempBuffer@_W$0BAA@VCCRTAllocator@ATL@@@ATL@@AAEXI@Z 100047d2 f i Totals.obj
 0001:000037d2       ?AllocateHeap@?$CTempBuffer@E$0BAA@VCCRTAllocator@ATL@@@ATL@@AAEXI@Z 100047d2 f i Totals.obj
 0001:000037d2       ?AllocateHeap@?$CTempBuffer@_W$0EAA@VCCRTAllocator@ATL@@@ATL@@AAEXI@Z 100047d2 f i Totals.obj
 0001:000037f7       ?Append@CParseBuffer@CRegParser@ATL@@QAEHPB_WH@Z 100047f7 f i Totals.obj
 0001:00003885       ?AtlCoTaskMemCAlloc@ATL@@YAPAXKK@Z 10004885 f i Totals.obj
 0001:000038b2       ?AtlCoTaskMemRecalloc@ATL@@YAPAXPAXKK@Z 100048b2 f i Totals.obj
 0001:000038e2       ?AtlComModuleGetClassObject@ATL@@YGJPAU_ATL_COM_MODULE70@1@ABU_GUID@@1PAPAX@Z 100048e2 f i Totals.obj
 0001:000039d5       ?AtlComModuleRegisterServer@ATL@@YGJPAU_ATL_COM_MODULE70@1@HPBU_GUID@@@Z 100049d5 f i Totals.obj
 0001:00003a5d       ?AtlComModuleUnregisterServer@ATL@@YGJPAU_ATL_COM_MODULE70@1@HPBU_GUID@@@Z 10004a5d f i Totals.obj
 0001:00003ae5       ?AtlComQIPtrAssign2@ATL@@YAXPAPAUIUnknown@@PAU2@ABU_GUID@@@Z 10004ae5 f i Totals.obj
 0001:00003b14       ?AtlCreateTargetDC@ATL@@YGPAUHDC__@@PAU2@PAUtagDVTARGETDEVICE@@@Z 10004b14 f i Totals.obj
 0001:00003b7d       ?AtlCrtErrorCheck@ATL@@YAHH@Z 10004b7d f i Totals.obj
 0001:00003bb8       ?AtlHiMetricToPixel@ATL@@YGXPBUtagSIZE@@PAU2@@Z 10004bb8 f i Totals.obj
 0001:00003c2d       ?AtlHresultFromLastError@ATL@@YAJXZ 10004c2d f i Totals.obj
 0001:00003c44       ?AtlHresultFromWin32@ATL@@YAJK@Z 10004c44 f i Totals.obj
 0001:00003c59       ?AtlInternalOleLoadFromStream@ATL@@YAJPAUIStream@@ABU_GUID@@PAPAXTClassesAllowedInStream@1@K@Z 10004c59 f i Totals.obj
 0001:00003d77       ?AtlInternalQueryInterface@ATL@@YGJPAXPBU_ATL_INTMAP_ENTRY@1@ABU_GUID@@PAPAX@Z 10004d77 f i Totals.obj
 0001:00003e1a       ?AtlLoadTypeLib@ATL@@YGJPAUHINSTANCE__@@PB_WPAPA_WPAPAUITypeLib@@@Z 10004e1a f i Totals.obj
 0001:00003ff8       ?AtlRegisterClassCategoriesHelper@ATL@@YGJABU_GUID@@PBU_ATL_CATMAP_ENTRY@1@H@Z 10004ff8 f i Totals.obj
 0001:000042f4       ?AtlRegisterTypeLib@ATL@@YGJPAUHINSTANCE__@@PB_W@Z 100052f4 f i Totals.obj
 0001:0000447c       ?AtlThrowImpl@ATL@@YGXJ@Z  1000547c f i Totals.obj
 0001:0000449a       ?AtlUnRegisterTypeLib@ATL@@YGJPAUHINSTANCE__@@PB_W@Z 1000549a f i Totals.obj
 0001:00004545       ?AtlWinModuleAddCreateWndData@ATL@@YGXPAU_ATL_WIN_MODULE70@1@PAU_AtlCreateWndData@1@PAX@Z 10005545 f i Totals.obj
 0001:00004599       ?AtlWinModuleExtractCreateWndData@ATL@@YGPAXPAU_ATL_WIN_MODULE70@1@@Z 10005599 f i Totals.obj
 0001:000045fc       ?AtlWinModuleRegisterClassExW@ATL@@YGGPAU_ATL_WIN_MODULE70@1@PBUtagWNDCLASSEXW@@@Z 100055fc f i Totals.obj
 0001:0000463b       ?CanForceRemoveKey@CRegParser@ATL@@IAEHPB_W@Z 1000563b f i Totals.obj
 0001:0000466a       ?ChToByte@CRegParser@ATL@@KAE_W@Z 1000566a f i Totals.obj
 0001:0000469d       ?Cleanup@CComTypeInfoHolder@ATL@@SGXK@Z 1000569d f i Totals.obj
 0001:000046d0       ?ClearReplacements@CExpansionVector@ATL@@QAEJXZ 100056d0 f i Totals.obj
 0001:0000470d       ?Close@CRegKey@ATL@@QAEJXZ 1000570d f i Totals.obj
 0001:00004727       ?CreateInstance@?$CComCreator@V?$CComAggObject@VCOPOSTotals@@@ATL@@@ATL@@SGJPAXABU_GUID@@PAPAX@Z 10005727 f i Totals.obj
 0001:0000479c       ?CreateInstance@?$CComCreator@V?$CComObject@VCOPOSTotals@@@ATL@@@ATL@@SGJPAXABU_GUID@@PAPAX@Z 1000579c f i Totals.obj
 0001:0000481c       ?CreateInstance@?$CComObject@V?$CComEnum@UIEnumConnectionPoints@@$1?_GUID_b196b285_bab4_101a_b69c_00aa00341d07@@3U__s_GUID@@BPAUIConnectionPoint@@V?$_CopyInterface@UIConnectionPoint@@@ATL@@VCComSingleThreadModel@6@@ATL@@@ATL@@SGJPAPAV12@@Z 1000581c f i Totals.obj
 0001:00004866       ?CreateInstance@?$CComObject@V?$CComEnum@UIEnumConnections@@$1?_GUID_b196b287_bab4_101a_b69c_00aa00341d07@@3U__s_GUID@@BUtagCONNECTDATA@@V?$_Copy@UtagCONNECTDATA@@@ATL@@VCComSingleThreadModel@6@@ATL@@@ATL@@SGJPAPAV12@@Z 10005866 f i Totals.obj
 0001:000048b0       ?DefaultReflectionHandler@?$CWindowImplRoot@VCWindow@ATL@@@ATL@@SAHPAUHWND__@@IIJAAJ@Z 100058b0 f i Totals.obj
 0001:00004923       ?DeleteSubKey@CRegKey@ATL@@QAEJPB_W@Z 10005923 f i Totals.obj
 0001:0000499c       ?DoEvent@COPOSTotals@@IAEXIIJ@Z 1000599c f i Totals.obj
 0001:00004a1c       ?DoVerbHide@?$IOleObjectImpl@VCOPOSTotals@@@ATL@@QAEJPBUtagRECT@@PAUHWND__@@@Z 10005a1c f i Totals.obj
 0001:00004a52       ?DoVerbInPlaceActivate@?$IOleObjectImpl@VCOPOSTotals@@@ATL@@QAEJPBUtagRECT@@PAUHWND__@@@Z 10005a52 f i Totals.obj
 0001:00004a85       ?DoVerbPrimary@?$IOleObjectImpl@VCOPOSTotals@@@ATL@@QAEJPBUtagRECT@@PAUHWND__@@@Z 10005a85 f i Totals.obj
 0001:00004b11       ?DoVerbProperties@CComControlBase@ATL@@QAEJPBUtagRECT@@PAUHWND__@@@Z 10005b11 f i Totals.obj
 0001:00004c90       ?DoVerbUIActivate@?$IOleObjectImpl@VCOPOSTotals@@@ATL@@QAEJPBUtagRECT@@PAUHWND__@@@Z 10005c90 f i Totals.obj
 0001:00004ccd       ?DoesVerbActivate@CComControlBase@ATL@@QAEHJ@Z 10005ccd f i Totals.obj
 0001:00004cee       ?DoesVerbUIActivate@CComControlBase@ATL@@QAEHJ@Z 10005cee f i Totals.obj
 0001:00004d23       ?EndOfVar@CRegParser@ATL@@IAEHXZ 10005d23 f i Totals.obj
 0001:00004d43       ?EscapeSingleQuote@CAtlModule@ATL@@SAXPA_WIPB_W@Z 10005d43 f i Totals.obj
 0001:00004d92       ?FindKey@?$CSimpleMap@PA_WPA_WVCExpansionVectorEqualHelper@ATL@@@ATL@@QBEHABQA_W@Z 10005d92 f i Totals.obj
 0001:00004dc9       ?FireTheEvent@?$CProxy_IOPOSEvents@VCOPOSTotals@@@@IAEXPAVOposVariant@@IAAJPB_WJ@Z 10005dc9 f i Totals.obj
 0001:00004e5b       ?FireViewChange@CComControlBase@ATL@@QAEJXZ 10005e5b f i Totals.obj
 0001:00004ea4       ?Fire_DirectIOEvent@?$CProxy_IOPOSEvents@VCOPOSTotals@@@@QAEXJPAJPAPA_W@Z 10005ea4 f i Totals.obj
 0001:00004f90       ?Fire_StatusUpdateEvent@?$CProxy_IOPOSEvents@VCOPOSTotals@@@@QAEXJ@Z 10005f90 f i Totals.obj
 0001:00005026       ?FreeHeap@?$CTempBuffer@_W$0EAA@VCCRTAllocator@ATL@@@ATL@@AAEXXZ 10006026 f i Totals.obj
 0001:00005026       ?FreeHeap@?$CTempBuffer@E$0BAA@VCCRTAllocator@ATL@@@ATL@@AAEXXZ 10006026 f i Totals.obj
 0001:00005026       ?FreeHeap@?$CTempBuffer@_W$0BAA@VCCRTAllocator@ATL@@@ATL@@AAEXXZ 10006026 f i Totals.obj
 0001:0000502f       ?GetAmbientLocaleID@CComControlBase@ATL@@QAEJAAK@Z 1000602f f i Totals.obj
 0001:0000508b       ?GetAmbientUserMode@CComControlBase@ATL@@QAEJAAH@Z 1000608b f i Totals.obj
 0001:000050fb       ?GetAt@CComDynamicUnkArray@ATL@@QAEPAUIUnknown@@H@Z 100060fb f i Totals.obj
 0001:00005117       ?GetClassObject@CComModule@ATL@@QAEJABU_GUID@@0PAPAX@Z 10006117 f i Totals.obj
 0001:000051b9       ?GetConnMap@COPOSTotals@@SAPBU_ATL_CONNMAP_ENTRY@ATL@@PAH@Z 100061b9 f i Totals.obj
 0001:00005229       ?GetCookie@CComDynamicUnkArray@ATL@@QAGKPAPAUIUnknown@@@Z 10006229 f i Totals.obj
 0001:00005261       ?GetIDsOfNames@CComTypeInfoHolder@ATL@@QAEJABU_GUID@@PAPA_WIKPAJ@Z 10006261 f i Totals.obj
 0001:00005388       ?GetKeyAt@?$CSimpleMap@PA_WPA_WVCExpansionVectorEqualHelper@ATL@@@ATL@@QBEAAPA_WH@Z 10006388 f i Totals.obj
 0001:000053ad       ?GetPagesHelper@?$ISpecifyPropertyPagesImpl@VCOPOSTotals@@@ATL@@IAEJPAUtagCAUUID@@PBUATL_PROPMAP_ENTRY@2@@Z 100063ad f i Totals.obj
 0001:000054d4       ?GetProperty@?$CComPtr@UIDispatch@@@ATL@@SAJPAUIDispatch@@JPAUtagVARIANT@@@Z 100064d4 f i Totals.obj
 0001:00005523       ?GetSizeMax@CComVariant@ATL@@QBEJPAT_ULARGE_INTEGER@@@Z 10006523 f i Totals.obj
 0001:000056e5       ?GetTI@CComTypeInfoHolder@ATL@@QAEJK@Z 100066e5 f i Totals.obj
 0001:000058c4       ?GetTI@CComTypeInfoHolder@ATL@@QAEJKPAPAUITypeInfo@@@Z 100068c4 f i Totals.obj
 0001:00005906       ?GetUnknown@CComDynamicUnkArray@ATL@@QAGPAUIUnknown@@K@Z 10006906 f i Totals.obj
 0001:00005927       ?GetValueAt@?$CSimpleMap@PA_WPA_WVCExpansionVectorEqualHelper@ATL@@@ATL@@QBEAAPA_WH@Z 10006927 f i Totals.obj
 0001:0000594d       ?GetZoomInfo@CComControlBase@ATL@@QAEXAAUATL_DRAWINFO@@@Z 1000694d f i Totals.obj
 0001:000059e0       ?HKeyFromString@CRegParser@ATL@@KAPAUHKEY__@@PA_W@Z 100069e0 f i Totals.obj
 0001:00005a0e       ?HasSubKeys@CRegParser@ATL@@IAEHPAUHKEY__@@@Z 10006a0e f i Totals.obj
 0001:00005a43       ?IDataObject_GetData@CComControlBase@ATL@@QAEJPAUtagFORMATETC@@PAUtagSTGMEDIUM@@@Z 10006a43 f i Totals.obj
 0001:00005be9       ?IOleInPlaceObject_InPlaceDeactivate@CComControlBase@ATL@@QAEJXZ 10006be9 f i Totals.obj
 0001:00005c70       ?IOleInPlaceObject_SetObjectRects@CComControlBase@ATL@@QAEJPBUtagRECT@@0@Z 10006c70 f i Totals.obj
 0001:00005d3d       ?IOleInPlaceObject_UIDeactivate@CComControlBase@ATL@@QAEJXZ 10006d3d f i Totals.obj
 0001:00005dff       ?IOleObject_Advise@CComControlBase@ATL@@QAEJPAUIAdviseSink@@PAK@Z 10006dff f i Totals.obj
 0001:00005e29       ?IOleObject_Close@CComControlBase@ATL@@QAEJK@Z 10006e29 f i Totals.obj
 0001:00005f0d       ?IOleObject_GetClientSite@CComControlBase@ATL@@QAEJPAPAUIOleClientSite@@@Z 10006f0d f i Totals.obj
 0001:00005f36       ?IOleObject_SetClientSite@CComControlBase@ATL@@QAEJPAUIOleClientSite@@@Z 10006f36 f i Totals.obj
 0001:00005f75       ?IOleObject_SetExtent@CComControlBase@ATL@@QAEJKPAUtagSIZE@@@Z 10006f75 f i Totals.obj
 0001:00006029       ?IPSI_GetIPersistStreamInit@?$IPersistStorageImpl@VCOPOSTotals@@@ATL@@AAEPAUIPersistStreamInit@@XZ 10007029 f i Totals.obj
 0001:000060d1       ?IPersistStreamInit_Load@?$IPersistStreamInitImpl@VCOPOSTotals@@@ATL@@QAEJPAUIStream@@PBUATL_PROPMAP_ENTRY@2@@Z 100070d1 f i Totals.obj
 0001:00006346       ?IPersistStreamInit_Save@?$IPersistStreamInitImpl@VCOPOSTotals@@@ATL@@QAEJPAUIStream@@HPBUATL_PROPMAP_ENTRY@2@@Z 10007346 f i Totals.obj
 0001:00006534       ?IQuickActivate_QuickActivate@CComControlBase@ATL@@QAEJPAUtagQACONTAINER@@PAUtagQACONTROL@@@Z 10007534 f i Totals.obj
 0001:00006776       ?IViewObject_Draw@CComControlBase@ATL@@QAEJKJPAXPAUtagDVTARGETDEVICE@@PAUHDC__@@2PBU_RECTL@@3@Z 10007776 f i Totals.obj
 0001:0000681e       ?InPlaceActivate@CComControlBase@ATL@@QAEJJPBUtagRECT@@@Z 1000781e f i Totals.obj
 0001:00006a8f       ?Init@?$CComEnumImpl@UIEnumConnectionPoints@@$1?_GUID_b196b285_bab4_101a_b69c_00aa00341d07@@3U__s_GUID@@BPAUIConnectionPoint@@V?$_CopyInterface@UIConnectionPoint@@@ATL@@@ATL@@QAEJPAPAUIConnectionPoint@@0PAUIUnknown@@W4CComEnumFlags@2@@Z 10007a8f f i Totals.obj
 0001:00006b6e       ?Init@?$CComEnumImpl@UIEnumConnections@@$1?_GUID_b196b287_bab4_101a_b69c_00aa00341d07@@3U__s_GUID@@BUtagCONNECTDATA@@V?$_Copy@UtagCONNECTDATA@@@ATL@@@ATL@@QAEJPAUtagCONNECTDATA@@0PAUIUnknown@@W4CComEnumFlags@2@@Z 10007b6e f i Totals.obj
 0001:00006c4d       ?Init@CComModule@ATL@@QAEJPAU_ATL_OBJMAP_ENTRY30@2@PAUHINSTANCE__@@PBU_GUID@@@Z 10007c4d f i Totals.obj
 0001:00006cac       ?Init@CDynamicStdCallThunk2@ATL@@QAEHKPAX@Z 10007cac f i Totals.obj
 0001:00006cd7       ?InlineIsEqualUnknown@ATL@@YGHABU_GUID@@@Z 10007cd7 f i Totals.obj
 0001:00006cff       ?InternalSetAtIndex@?$CSimpleMap@PA_WPA_WVCExpansionVectorEqualHelper@ATL@@@ATL@@QAEXHABQA_W0@Z 10007cff f i Totals.obj
 0001:00006d29       ?Invoke@CComTypeInfoHolder@ATL@@QAEJPAUIDispatch@@JABU_GUID@@KGPAUtagDISPPARAMS@@PAUtagVARIANT@@PAUtagEXCEPINFO@@PAI@Z 10007d29 f i Totals.obj
 0001:00006d6c       ?IsEqualObject@?$CComPtrBase@UITypeInfo@@@ATL@@QAE_NPAUIUnknown@@@Z 10007d6c f i Totals.obj
 0001:00006d6c       ?IsEqualObject@?$CComPtrBase@UIOleClientSite@@@ATL@@QAE_NPAUIUnknown@@@Z 10007d6c f i Totals.obj
 0001:00006dd9       ?IsSpace@CRegParser@ATL@@IAEH_W@Z 10007dd9 f i Totals.obj
 0001:00006e03       ?LoadNameCache@CComTypeInfoHolder@ATL@@QAEJPAUITypeInfo@@@Z 10007e03 f i Totals.obj
 0001:00006f38       ?Lookup@?$CSimpleMap@PA_WPA_WVCExpansionVectorEqualHelper@ATL@@@ATL@@QBEPA_WABQA_W@Z 10007f38 f i Totals.obj
 0001:00006f5e       ?NextToken@CRegParser@ATL@@IAEJPA_W@Z 10007f5e f i Totals.obj
 0001:00007096       ?OnKillFocus@CComControlBase@ATL@@QAEJIIJAAH@Z 10008096 f i Totals.obj
 0001:000070f1       ?OnMouseActivate@CComControlBase@ATL@@QAEJIIJAAH@Z 100080f1 f i Totals.obj
 0001:0000715f       ?OnPaint@CComControlBase@ATL@@QAEJIIJAAH@Z 1000815f f i Totals.obj
 0001:00007211       ?OnSetFocus@CComControlBase@ATL@@QAEJIIJAAH@Z 10008211 f i Totals.obj
 0001:0000729a       ?Open@CRegKey@ATL@@QAEJPAUHKEY__@@PB_WK@Z 1000829a f i Totals.obj
 0001:000072ef       ?PreProcessBuffer@CRegParser@ATL@@QAEJPA_WPAPA_W@Z 100082ef f i Totals.obj
 0001:0000755e       ?ProcessWindowMessage@?$CComControl@VCOPOSTotals@@V?$CWindowImpl@VCOPOSTotals@@VCWindow@ATL@@V?$CWinTraits@$0FGAAAAAA@$0A@@3@@ATL@@@ATL@@UAEHPAUHWND__@@IIJAAJK@Z 1000855e f i Totals.obj
 0001:000075fd       ?ReadFromStream@CComBSTR@ATL@@QAEJPAUIStream@@@Z 100085fd f i Totals.obj
 0001:00007720       ?ReadFromStream@CComVariant@ATL@@QAEJPAUIStream@@GTClassesAllowedInStream@2@K@Z 10008720 f i Totals.obj
 0001:000078aa       ?RecurseDeleteKey@CRegKey@ATL@@QAEJPB_W@Z 100088aa f i Totals.obj
 0001:00007998       ?RegCreateKeyExW@CAtlTransactionManager@ATL@@QAEJPAUHKEY__@@PB_WKPA_WKKQAU_SECURITY_ATTRIBUTES@@PAPAU3@PAK@Z 10008998 f i Totals.obj
 0001:000079fb       ?RegDeleteKeyW@CAtlTransactionManager@ATL@@QAEJPAUHKEY__@@PB_W@Z 100089fb f i Totals.obj
 0001:00007a4d       ?RegOpenKeyExW@CAtlTransactionManager@ATL@@QAEJPAUHKEY__@@PB_WKKPAPAU3@@Z 10008a4d f i Totals.obj
 0001:00007aa4       ?Register@_ATL_WNDCLASSINFOW@ATL@@QAEGPAP6GJPAUHWND__@@IIJ@Z@Z 10008aa4 f i Totals.obj
 0001:00007ac4       ?RegisterBuffer@CRegParser@ATL@@QAEJPA_WH@Z 10008ac4 f i Totals.obj
 0001:00007c0b       ?RegisterFromResource@CRegObject@ATL@@IAEJPB_W00H@Z 10008c0b f i Totals.obj
 0001:00007d41       ?RegisterServer@?$CAtlModuleT@VCComModule@ATL@@@ATL@@QAEJHPBU_GUID@@@Z 10008d41 f i Totals.obj
 0001:00007d6f       ?RegisterServer@CComModule@ATL@@QAEJHPBU_GUID@@@Z 10008d6f f i Totals.obj
 0001:00007de5       ?RegisterSubkeys@CRegParser@ATL@@IAEJPA_WPAUHKEY__@@HH@Z 10008de5 f i Totals.obj
 0001:00008492       ?Remove@CComDynamicUnkArray@ATL@@QAEHK@Z 10009492 f i Totals.obj
 0001:000084bb       ?RemoveAll@?$CSimpleMap@PA_WPA_WVCExpansionVectorEqualHelper@ATL@@@ATL@@QAEXXZ 100094bb f i Totals.obj
 0001:000084e7       ?ResourceRegisterSz@CRegObject@ATL@@QAGJPB_W00@Z 100094e7 f i Totals.obj
 0001:00008514       ?ResourceUnregisterSz@CRegObject@ATL@@QAGJPB_W00@Z 10009514 f i Totals.obj
 0001:00008541       ?SendOnDataChange@CComControlBase@ATL@@QAEJK@Z 10009541 f i Totals.obj
 0001:0000858e       ?SetControlFocus@CComControlBase@ATL@@QAEHH@Z 1000958e f i Totals.obj
 0001:0000862b       ?SetMultiStringValue@CRegKey@ATL@@QAEJPB_W0@Z 1000962b f i Totals.obj
 0001:00008687       ?SetStringValue@CRegKey@ATL@@QAEJPB_W0K@Z 10009687 f i Totals.obj
 0001:000086d0       ?SkipAssignment@CRegParser@ATL@@IAEJPA_W@Z 100096d0 f i Totals.obj
 0001:00008735       ?SkipWhiteSpace@CRegParser@ATL@@IAEXXZ 10009735 f i Totals.obj
 0001:00008757       ?StrChrW@CRegParser@ATL@@KAPA_WPA_W_W@Z 10009757 f i Totals.obj
 0001:00008794       ?Term@CAtlModule@ATL@@QAEXXZ 10009794 f i Totals.obj
 0001:000087e7       ?Term@CComModule@ATL@@QAEXXZ 100097e7 f i Totals.obj
 0001:0000883f       ?UnregisterServer@?$CAtlModuleT@VCComModule@ATL@@@ATL@@QAEJHPBU_GUID@@@Z 1000983f f i Totals.obj
 0001:00008865       ?UnregisterServer@CComModule@ATL@@QAEJHPBU_GUID@@@Z 10009865 f i Totals.obj
 0001:000088db       ?UpdateRegistryFromResource@CAtlModule@ATL@@QAGJIHPAU_ATL_REGMAP_ENTRY@2@@Z 100098db f i Totals.obj
 0001:00008aa6       ?UpdateRegistryFromResource@CAtlModule@ATL@@QAGJPB_WHPAU_ATL_REGMAP_ENTRY@2@@Z 10009aa6 f i Totals.obj
 0001:00008c77       ?VTFromRegType@CRegParser@ATL@@KAHPB_WAAG@Z 10009c77 f i Totals.obj
 0001:00008ce4       ?WindowProc@?$CWindowImplBaseT@VCWindow@ATL@@V?$CWinTraits@$0FGAAAAAA@$0A@@2@@ATL@@SGJPAUHWND__@@IIJ@Z 10009ce4 f i Totals.obj
 0001:00008dd6       ?WriteToStream@CComBSTR@ATL@@QAEJPAUIStream@@@Z 10009dd6 f i Totals.obj
 0001:00008e38       ?WriteToStream@CComVariant@ATL@@QAEJPAUIStream@@@Z 10009e38 f i Totals.obj
 0001:00008fb2       ?WriteToStream@CComVariant@ATL@@QAEJPAUIStream@@G@Z 10009fb2 f i Totals.obj
 0001:0000901b       ?_AtlInitialConstruct@?$CComObjectRootEx@VCComMultiThreadModel@ATL@@@ATL@@QAEJXZ 1000a01b f i Totals.obj
 0001:00009030       ?_AtlVerifyStackAvailable@_ATL_SAFE_ALLOCA_IMPL@ATL@@YA_NK@Z 1000a030 f i Totals.obj
 0001:000090ae       ?atlCreate@?$CWindowImpl@VCOPOSTotals@@VCWindow@ATL@@V?$CWinTraits@$0FGAAAAAA@$0A@@3@@ATL@@QAEPAUHWND__@@PAU3@V_U_RECT@2@PB_WKKV_U_MENUorID@2@PAX@Z 1000a0ae f i Totals.obj
 0001:000090f2       ?atlCreate@?$CWindowImplBaseT@VCWindow@ATL@@V?$CWinTraits@$0FGAAAAAA@$0A@@2@@ATL@@QAEPAUHWND__@@PAU3@V_U_RECT@2@PB_WKKV_U_MENUorID@2@GPAX@Z 1000a0f2 f i Totals.obj
 0001:0000918e       ?copy@?$_Copy@UtagCONNECTDATA@@@ATL@@SAJPAUtagCONNECTDATA@@PBU3@@Z 1000a18e f i Totals.obj
 0001:000091c4       ?copy@?$_CopyInterface@UIConnectionPoint@@@ATL@@SAJPAPAUIConnectionPoint@@PBQAU3@@Z 1000a1c4 f i Totals.obj
 0001:000091f2       ?memcpy_s@Checked@ATL@@YAXPAXIPBXI@Z 1000a1f2 f i Totals.obj
 0001:00009211       ?ocscpy_s@@YA_NPA_WIPB_W@Z 1000a211 f i Totals.obj
 0001:0000925b       ?wcscpy_s@Checked@ATL@@YAXPA_WIPB_W@Z 1000a25b f i Totals.obj
 0001:00009277       _DllCanUnloadNow@0         1000a277 f   Totals.obj
 0001:00009283       _DllGetClassObject@12      1000a283 f   Totals.obj
 0001:00009291       _DllMain@12                1000a291 f   Totals.obj
 0001:000092d3       _DllRegisterServer@0       1000a2d3 f   Totals.obj
 0001:000092e2       _DllUnregisterServer@0     1000a2e2 f   Totals.obj
 0001:000092f1       _InlineIsEqualGUID         1000a2f1 f i Totals.obj
 0001:00009321       ___local_stdio_printf_options 1000a321 f i Totals.obj
 0001:00009327       __vswprintf_s_l            1000a327 f i Totals.obj
 0001:000093d4       _swprintf_s                1000a3d4 f i Totals.obj
 0001:000093f0       ??0?$CComControl@VCOPOSTotals@@V?$CWindowImpl@VCOPOSTotals@@VCWindow@ATL@@V?$CWinTraits@$0FGAAAAAA@$0A@@3@@ATL@@@ATL@@QAE@XZ 1000a3f0 f i TotalsImpl.obj
 0001:00009417       ??0CComControlBase@ATL@@QAE@AAPAUHWND__@@@Z 1000a417 f i TotalsImpl.obj
 0001:00009461       ??0COPOSTotals@@QAE@XZ     1000a461 f   TotalsImpl.obj
 0001:000094b0       ??1?$CComControl@VCOPOSTotals@@V?$CWindowImpl@VCOPOSTotals@@VCWindow@ATL@@V?$CWinTraits@$0FGAAAAAA@$0A@@3@@ATL@@@ATL@@UAE@XZ 1000a4b0 f i TotalsImpl.obj
 0001:000094c9       ??1?$IConnectionPointImpl@VCOPOSTotals@@$1?DIID__IOPOSTotalsEvents@@3U_GUID@@BVCComDynamicUnkArray@ATL@@@ATL@@QAE@XZ 1000a4c9 f i TotalsImpl.obj
 0001:000094c9       ??1?$IConnectionPointImpl@VCOPOSTotals@@$1?IID_IPropertyNotifySink@@3U_GUID@@BVCComDynamicUnkArray@ATL@@@ATL@@QAE@XZ 1000a4c9 f i TotalsImpl.obj
 0001:00009506       ??1CComControlBase@ATL@@UAE@XZ 1000a506 f i TotalsImpl.obj
 0001:00009569       ??1COPOSTotals@@UAE@XZ     1000a569 f   TotalsImpl.obj
 0001:000095b1       ?BeginTrans@COPOSTotals@@UAGJPAJ@Z 1000a5b1 f   TotalsImpl.obj
 0001:000095cc       ?CheckHealth@COPOSTotals@@UAGJJPAJ@Z 1000a5cc f   TotalsImpl.obj
 0001:0000961b       ?ClaimDevice@COPOSTotals@@UAGJJPAJ@Z 1000a61b f   TotalsImpl.obj
 0001:00009689       ?ClaimFile@COPOSTotals@@UAGJJJPAJ@Z 1000a689 f   TotalsImpl.obj
 0001:000096fd       ?Close@COPOSTotals@@UAGJPAJ@Z 1000a6fd f   TotalsImpl.obj
 0001:0000976b       ?CommitTrans@COPOSTotals@@UAGJPAJ@Z 1000a76b f   TotalsImpl.obj
 0001:00009786       ?CompareFirmwareVersion@COPOSTotals@@UAGJPA_WPAJ1@Z 1000a786 f   TotalsImpl.obj
 0001:00009806       ?Create@COPOSTotals@@UAGJPA_WPAJJF1@Z 1000a806 f   TotalsImpl.obj
 0001:000098bf       ?Delete@COPOSTotals@@UAGJPA_WPAJ@Z 1000a8bf f   TotalsImpl.obj
 0001:00009916       ?DirectIO@COPOSTotals@@UAGJJPAJPAPA_W0@Z 1000a916 f   TotalsImpl.obj
 0001:000099c4       ?DoInvoke@COPOSTotals@@IAEJJPAVOposVariant@@IHPAJ_N@Z 1000a9c4 f   TotalsImpl.obj
 0001:00009aa0       ?EventClose@COPOSTotals@@IAEXXZ 1000aaa0 f i TotalsImpl.obj
 0001:00009ad3       ?EventInit@COPOSTotals@@IAEJXZ 1000aad3 f i TotalsImpl.obj
 0001:00009b9f       ?EventUninit@COPOSTotals@@IAEXXZ 1000ab9f f i TotalsImpl.obj
 0001:00009bf1       ?EventWindowProc@COPOSTotals@@IAGJIIJ@Z 1000abf1 f i TotalsImpl.obj
 0001:00009c68       ?FinalConstruct@COPOSTotals@@QAEJXZ 1000ac68 f   TotalsImpl.obj
 0001:00009ca1       ?Find@COPOSTotals@@UAGJPA_WPAJ11@Z 1000aca1 f   TotalsImpl.obj
 0001:00009d59       ?FindByIndex@COPOSTotals@@UAGJJPAPA_WPAJ@Z 1000ad59 f   TotalsImpl.obj
 0001:00009dd5       ?FireEventCleanup@COPOSTotals@@IAEXXZ 1000add5 f i TotalsImpl.obj
 0001:00009deb       ?FireEventSetup@COPOSTotals@@IAE_NXZ 1000adeb f i TotalsImpl.obj
 0001:00009e1f       ?FreezeEvents@COPOSTotals@@MAGJH@Z 1000ae1f f   TotalsImpl.obj
 0001:00009e70       ?GetOposProp@COPOSTotals@@IAEJJPAFJ@Z 1000ae70 f   TotalsImpl.obj
 0001:00009e93       ?GetOposProp@COPOSTotals@@IAEJJPAJJ@Z 1000ae93 f   TotalsImpl.obj
 0001:00009f62       ?GetOposProp@COPOSTotals@@IAEJJPAPA_WJ@Z 1000af62 f   TotalsImpl.obj
 0001:0000a03e       ?OnDraw@COPOSTotals@@MAEJAAUATL_DRAWINFO@@@Z 1000b03e f   TotalsImpl.obj
 0001:0000a0de       ?Open@COPOSTotals@@UAGJPA_WPAJ@Z 1000b0de f   TotalsImpl.obj
 0001:0000a91e       ?Read@COPOSTotals@@UAGJJPAPA_WJJPAJ@Z 1000b91e f   TotalsImpl.obj
 0001:0000a9cd       ?RecalculateValidationData@COPOSTotals@@UAGJJPAJ@Z 1000b9cd f   TotalsImpl.obj
 0001:0000aa1c       ?ReleaseDevice@COPOSTotals@@UAGJPAJ@Z 1000ba1c f   TotalsImpl.obj
 0001:0000aa53       ?ReleaseFile@COPOSTotals@@UAGJJPAJ@Z 1000ba53 f   TotalsImpl.obj
 0001:0000aaa2       ?Rename@COPOSTotals@@UAGJJPA_WPAJ@Z 1000baa2 f   TotalsImpl.obj
 0001:0000ab1e       ?ResetStatistics@COPOSTotals@@UAGJPA_WPAJ@Z 1000bb1e f   TotalsImpl.obj
 0001:0000ab75       ?RetrieveStatistics@COPOSTotals@@UAGJPAPA_WPAJ@Z 1000bb75 f   TotalsImpl.obj
 0001:0000abcc       ?Rollback@COPOSTotals@@UAGJPAJ@Z 1000bbcc f   TotalsImpl.obj
 0001:0000abe7       ?SOProcessID@COPOSTotals@@UAGJPAJ@Z 1000bbe7 f   TotalsImpl.obj
 0001:0000abfb       ?SetAll@COPOSTotals@@UAGJJJPAJ@Z 1000bbfb f   TotalsImpl.obj
 0001:0000ac6f       ?SetCOFreezeEvents@COPOSTotals@@IAEXF@Z 1000bc6f f   TotalsImpl.obj
 0001:0000ad0f       ?SetOposProp@COPOSTotals@@IAEJJJJ@Z 1000bd0f f   TotalsImpl.obj
 0001:0000ae06       ?UpdateFirmware@COPOSTotals@@UAGJPA_WPAJ@Z 1000be06 f   TotalsImpl.obj
 0001:0000ae5d       ?UpdateStatistics@COPOSTotals@@UAGJPA_WPAJ@Z 1000be5d f   TotalsImpl.obj
 0001:0000aeb4       ?ValidateData@COPOSTotals@@UAGJJPAJ@Z 1000beb4 f   TotalsImpl.obj
 0001:0000af03       ?Write@COPOSTotals@@UAGJJPA_WJJPAJ@Z 1000bf03 f   TotalsImpl.obj
 0001:0000afb2       ?get_BinaryConversion@COPOSTotals@@UAGJPAJ@Z 1000bfb2 f   TotalsImpl.obj
 0001:0000afc8       ?get_CapCompareFirmwareVersion@COPOSTotals@@UAGJPAF@Z 1000bfc8 f   TotalsImpl.obj
 0001:0000afe1       ?get_CapErrorDetection@COPOSTotals@@UAGJPAF@Z 1000bfe1 f   TotalsImpl.obj
 0001:0000affa       ?get_CapPowerReporting@COPOSTotals@@UAGJPAJ@Z 1000bffa f   TotalsImpl.obj
 0001:0000b013       ?get_CapSingleFile@COPOSTotals@@UAGJPAF@Z 1000c013 f   TotalsImpl.obj
 0001:0000b02c       ?get_CapStatisticsReporting@COPOSTotals@@UAGJPAF@Z 1000c02c f   TotalsImpl.obj
 0001:0000b045       ?get_CapTransactions@COPOSTotals@@UAGJPAF@Z 1000c045 f   TotalsImpl.obj
 0001:0000b05e       ?get_CapUpdateFirmware@COPOSTotals@@UAGJPAF@Z 1000c05e f   TotalsImpl.obj
 0001:0000b077       ?get_CapUpdateStatistics@COPOSTotals@@UAGJPAF@Z 1000c077 f   TotalsImpl.obj
 0001:0000b090       ?get_CheckHealthText@COPOSTotals@@UAGJPAPA_W@Z 1000c090 f   TotalsImpl.obj
 0001:0000b0a9       ?get_Claimed@COPOSTotals@@UAGJPAF@Z 1000c0a9 f   TotalsImpl.obj
 0001:0000b0bf       ?get_ControlObjectDescription@COPOSTotals@@UAGJPAPA_W@Z 1000c0bf f   TotalsImpl.obj
 0001:0000b10d       ?get_ControlObjectVersion@COPOSTotals@@UAGJPAJ@Z 1000c10d f   TotalsImpl.obj
 0001:0000b120       ?get_DeviceDescription@COPOSTotals@@UAGJPAPA_W@Z 1000c120 f   TotalsImpl.obj
 0001:0000b139       ?get_DeviceEnabled@COPOSTotals@@UAGJPAF@Z 1000c139 f   TotalsImpl.obj
 0001:0000b14f       ?get_DeviceName@COPOSTotals@@UAGJPAPA_W@Z 1000c14f f   TotalsImpl.obj
 0001:0000b168       ?get_FreeData@COPOSTotals@@UAGJPAJ@Z 1000c168 f   TotalsImpl.obj
 0001:0000b181       ?get_FreezeEvents@COPOSTotals@@UAGJPAF@Z 1000c181 f   TotalsImpl.obj
 0001:0000b197       ?get_NumberOfFiles@COPOSTotals@@UAGJPAJ@Z 1000c197 f   TotalsImpl.obj
 0001:0000b1b0       ?get_OpenResult@COPOSTotals@@UAGJPAJ@Z 1000c1b0 f   TotalsImpl.obj
 0001:0000b1c7       ?get_PowerNotify@COPOSTotals@@UAGJPAJ@Z 1000c1c7 f   TotalsImpl.obj
 0001:0000b1dd       ?get_PowerState@COPOSTotals@@UAGJPAJ@Z 1000c1dd f   TotalsImpl.obj
 0001:0000b1f3       ?get_ResultCode@COPOSTotals@@UAGJPAJ@Z 1000c1f3 f   TotalsImpl.obj
 0001:0000b231       ?get_ResultCodeExtended@COPOSTotals@@UAGJPAJ@Z 1000c231 f   TotalsImpl.obj
 0001:0000b247       ?get_ServiceObjectDescription@COPOSTotals@@UAGJPAPA_W@Z 1000c247 f   TotalsImpl.obj
 0001:0000b260       ?get_ServiceObjectVersion@COPOSTotals@@UAGJPAJ@Z 1000c260 f   TotalsImpl.obj
 0001:0000b276       ?get_State@COPOSTotals@@UAGJPAJ@Z 1000c276 f   TotalsImpl.obj
 0001:0000b2a2       ?get_TotalsSize@COPOSTotals@@UAGJPAJ@Z 1000c2a2 f   TotalsImpl.obj
 0001:0000b2bb       ?get_TransactionInProgress@COPOSTotals@@UAGJPAF@Z 1000c2bb f   TotalsImpl.obj
 0001:0000b2d4       ?put_BinaryConversion@COPOSTotals@@UAGJJ@Z 1000c2d4 f   TotalsImpl.obj
 0001:0000b2ea       ?put_DeviceEnabled@COPOSTotals@@UAGJF@Z 1000c2ea f   TotalsImpl.obj
 0001:0000b307       ?put_FreezeEvents@COPOSTotals@@UAGJF@Z 1000c307 f   TotalsImpl.obj
 0001:0000b353       ?put_PowerNotify@COPOSTotals@@UAGJJ@Z 1000c353 f   TotalsImpl.obj
 0001:0000b369       ?s_EventWindowProc@COPOSTotals@@KGJPAUHWND__@@IIJ@Z 1000c369 f i TotalsImpl.obj
 0001:0000b3bb       ??_U@YAPAXI@Z              1000c3bb f   LIBCMT:new_array.obj
 0001:0000b3c4       ??3@YAXPAXI@Z              1000c3c4 f   LIBCMT:delete_scalar_size.obj
 0001:0000b3d2       ??_V@YAXPAX@Z              1000c3d2 f   LIBCMT:delete_array.obj
 0001:0000b3d7       ??_V@YAXPAXI@Z             1000c3d7 f   LIBCMT:delete_array_size.obj
 0001:0000b429       ___scrt_acquire_startup_lock 1000c429 f   LIBCMT:utility.obj
 0001:0000b45b       ___scrt_dllmain_after_initialize_c 1000c45b f   LIBCMT:utility.obj
 0001:0000b486       ___scrt_dllmain_before_initialize_c 1000c486 f   LIBCMT:utility.obj
 0001:0000b494       ___scrt_dllmain_crt_thread_attach 1000c494 f   LIBCMT:utility.obj
 0001:0000b4b3       ___scrt_dllmain_crt_thread_detach 1000c4b3 f   LIBCMT:utility.obj
 0001:0000b4c0       ___scrt_dllmain_exception_filter 1000c4c0 f   LIBCMT:utility.obj
 0001:0000b4f4       ___scrt_dllmain_uninitialize_c 1000c4f4 f   LIBCMT:utility.obj
 0001:0000b517       ___scrt_dllmain_uninitialize_critical 1000c517 f   LIBCMT:utility.obj
 0001:0000b524       ___scrt_initialize_crt     1000c524 f   LIBCMT:utility.obj
 0001:0000b55d       ___scrt_initialize_onexit_tables 1000c55d f   LIBCMT:utility.obj
 0001:0000b5e4       ___scrt_is_nonwritable_in_current_image 1000c5e4 f   LIBCMT:utility.obj
 0001:0000b678       ___scrt_release_startup_lock 1000c678 f   LIBCMT:utility.obj
 0001:0000b695       ___scrt_uninitialize_crt   1000c695 f   LIBCMT:utility.obj
 0001:0000b6bd       __onexit                   1000c6bd f   LIBCMT:utility.obj
 0001:0000b6ea       _atexit                    1000c6ea f   LIBCMT:utility.obj
 0001:0000b6ff       ??3@YAXPAX@Z               1000c6ff f   LIBCMT:delete_scalar.obj
 0001:0000b7c9       __Init_thread_footer       1000c7c9 f   LIBCMT:thread_safe_statics.obj
 0001:0000b813       __Init_thread_header       1000c813 f   LIBCMT:thread_safe_statics.obj
 0001:0000b865       __Init_thread_notify       1000c865 f   LIBCMT:thread_safe_statics.obj
 0001:0000b89b       __Init_thread_wait         1000c89b f   LIBCMT:thread_safe_statics.obj
 0001:0000b8e9       ___raise_securityfailure   1000c8e9 f   LIBCMT:gs_report.obj
 0001:0000b911       ___report_gsfailure        1000c911 f   LIBCMT:gs_report.obj
 0001:0000ba0a       ___report_rangecheckfailure 1000ca0a f   LIBCMT:gs_report.obj
 0001:0000ba16       ___report_securityfailure  1000ca16 f   LIBCMT:gs_report.obj
 0001:0000bae4       ??2@YAPAXIABUnothrow_t@std@@@Z 1000cae4 f   LIBCMT:new_scalar_nothrow.obj
 0001:0000bb34       ??_U@YAPAXIABUnothrow_t@std@@@Z 1000cb34 f   LIBCMT:new_array_nothrow.obj
 0001:0000bb3d       @__security_check_cookie@4 1000cb3d f   LIBCMT:secchk.obj
 0001:0000bb50       __SEH_prolog4_GS           1000cb50 f   LIBCMT:sehprolg4gs.obj
 0001:0000bb99       __SEH_epilog4_GS           1000cb99 f   LIBCMT:sehprolg4gs.obj
 0001:0000bbb0       __alloca_probe_16          1000cbb0 f   LIBCMT:alloca16.obj
 0001:0000bbc6       __alloca_probe_8           1000cbc6     LIBCMT:alloca16.obj
 0001:0000bbe0       __alloca_probe             1000cbe0 f   LIBCMT:chkstk.obj
 0001:0000bbe0       __chkstk                   1000cbe0 f   LIBCMT:chkstk.obj
 0001:0000bf4d       __DllMainCRTStartup@12     1000cf4d f   LIBCMT:dll_dllmain.obj
 0001:0000bf70       ??2@YAPAXI@Z               1000cf70 f   LIBCMT:new_scalar.obj
 0001:0000bfa0       ___isa_available_init      1000cfa0 f   LIBCMT:cpu_disp.obj
 0001:0000c170       ___scrt_is_ucrt_dll_in_use 1000d170 f   LIBCMT:ucrt_detection.obj
 0001:0000c17c       ___scrt_fastfail           1000d17c f   LIBCMT:utility_desktop.obj
 0001:0000c296       __crt_debugger_hook        1000d296 f   LIBCMT:utility_desktop.obj
 0001:0000c2a0       __SEH_prolog4              1000d2a0 f   LIBCMT:sehprolg4.obj
 0001:0000c2e6       __SEH_epilog4              1000d2e6 f   LIBCMT:sehprolg4.obj
 0001:0000c2fb       @_guard_check_icall_nop@4  1000d2fb f i LIBCMT:guard_support.obj
 0001:0000c349       ___security_init_cookie    1000d349 f   LIBCMT:gs_support.obj
 0001:0000c394       ?__scrt_initialize_type_info@@YAXXZ 1000d394 f   LIBCMT:tncleanup.obj
 0001:0000c3a0       ?__scrt_uninitialize_type_info@@YAXXZ 1000d3a0 f   LIBCMT:tncleanup.obj
 0001:0000c3ac       ___local_stdio_scanf_options 1000d3ac f i LIBCMT:default_local_stdio_options.obj
 0001:0000c3b2       ___scrt_initialize_default_local_stdio_options 1000d3b2 f   LIBCMT:default_local_stdio_options.obj
 0001:0000c3cf       ___scrt_get_dyn_tls_init_callback 1000d3cf f   LIBCMT:dyn_tls_init.obj
 0001:0000c3d5       __RTC_Initialize           1000d3d5 f   LIBCMT:initsect.obj
 0001:0000c401       __RTC_Terminate            1000d401 f   LIBCMT:initsect.obj
 0001:0000c42d       ??0bad_alloc@std@@QAE@ABV01@@Z 1000d42d f i LIBCMT:throw_bad_alloc.obj
 0001:0000c448       ??0bad_alloc@std@@QAE@XZ   1000d448 f i LIBCMT:throw_bad_alloc.obj
 0001:0000c460       ??0bad_array_new_length@std@@QAE@ABV01@@Z 1000d460 f i LIBCMT:throw_bad_alloc.obj
 0001:0000c47b       ??0bad_array_new_length@std@@QAE@XZ 1000d47b f i LIBCMT:throw_bad_alloc.obj
 0001:0000c493       ??0exception@std@@QAE@ABV01@@Z 1000d493 f i LIBCMT:throw_bad_alloc.obj
 0001:0000c4bf       ??1bad_array_new_length@std@@UAE@XZ 1000d4bf f i LIBCMT:throw_bad_alloc.obj
 0001:0000c4bf       ??1bad_exception@std@@UAE@XZ 1000d4bf f i libvcruntime:frame.obj
 0001:0000c4bf       ??1bad_alloc@std@@UAE@XZ   1000d4bf f i LIBCMT:throw_bad_alloc.obj
 0001:0000c4d0       ??_Ebad_alloc@std@@UAEPAXI@Z 1000d4d0 f i LIBCMT:throw_bad_alloc.obj
 0001:0000c4d0       ??_Eexception@std@@UAEPAXI@Z 1000d4d0 f i LIBCMT:throw_bad_alloc.obj
 0001:0000c4d0       ??_Ebad_array_new_length@std@@UAEPAXI@Z 1000d4d0 f i LIBCMT:throw_bad_alloc.obj
 0001:0000c4d0       ??_Gbad_alloc@std@@UAEPAXI@Z 1000d4d0 f i LIBCMT:throw_bad_alloc.obj
 0001:0000c4d0       ??_Gbad_exception@std@@UAEPAXI@Z 1000d4d0 f i libvcruntime:frame.obj
 0001:0000c4d0       ??_Ebad_exception@std@@UAEPAXI@Z 1000d4d0 f i libvcruntime:frame.obj
 0001:0000c4d0       ??_Gbad_array_new_length@std@@UAEPAXI@Z 1000d4d0 f i LIBCMT:throw_bad_alloc.obj
 0001:0000c4d0       ??_Gexception@std@@UAEPAXI@Z 1000d4d0 f i LIBCMT:throw_bad_alloc.obj
 0001:0000c4fd       ?__scrt_throw_std_bad_alloc@@YAXXZ 1000d4fd f   LIBCMT:throw_bad_alloc.obj
 0001:0000c51a       ?__scrt_throw_std_bad_array_new_length@@YAXXZ 1000d51a f   LIBCMT:throw_bad_alloc.obj
 0001:0000c537       ?what@exception@std@@UBEPBDXZ 1000d537 f i LIBCMT:throw_bad_alloc.obj
 0001:0000c544       ??_Gtype_info@@UAEPAXI@Z   1000d544 f i LIBCMT:std_type_info_static.obj
 0001:0000c544       ??_Etype_info@@UAEPAXI@Z   1000d544 f i LIBCMT:std_type_info_static.obj
 0001:0000c567       ??0CAtlBaseModule@ATL@@QAE@XZ 1000d567 f   atls:atlbase.obj
 0001:0000c5ba       ??0_ATL_BASE_MODULE70@ATL@@QAE@XZ 1000d5ba f i atls:atlbase.obj
 0001:0000c5dd       ??1CAtlBaseModule@ATL@@QAE@XZ 1000d5dd f   atls:atlbase.obj
 0001:0000c6ca       ?Init@_stdcallthunk@ATL@@QAEHKPAX@Z 1000d6ca f i atls:atlthunk.obj
 0001:0000c6ff       ?__AllocStdCallThunk_cmn@@YAPAXXZ 1000d6ff f   atls:atlthunk.obj
 0001:0000c7c5       ?__FreeStdCallThunk_cmn@@YAXPAX@Z 1000d7c5 f   atls:atlthunk.obj
 0001:0000c860       _AtlThunk_AllocateData@0   1000d860 f   atls:atlthunk.obj
 0001:0000c8c5       _AtlThunk_DataToCode@4     1000d8c5 f   atls:atlthunk.obj
 0001:0000c90c       _AtlThunk_FreeData@4       1000d90c f   atls:atlthunk.obj
 0001:0000c962       _AtlThunk_InitData@12      1000d962 f   atls:atlthunk.obj
 0001:0000c9b1       __get_purecall_handler     1000d9b1 f   libvcruntime:purevirt.obj
 0001:0000c9b7       __purecall                 1000d9b7 f   libvcruntime:purevirt.obj
 0001:0000c9d3       _wcsstr                    1000d9d3 f   libvcruntime:wcsstr.obj
 0001:0000cc80       __except_handler4          1000dc80 f   libvcruntime:chandler4.obj
[...]
 0002:000030d0       ?strings@?1??fp_format_nan_or_infinity@@YAHW4__acrt_fp_class@@_NPADI1@Z@4QAY03QBDA 100230d0     libucrt:cvt.obj
 0002:00003618       ?_mb_locale_names@@3QBQB_WB 10023618     libucrt:mbctype.obj
 0002:00003e60       ?LcidToLocaleNameTable@?A0x881e4c05@@3QBULcidToLocaleName@1@B 10023e60     libucrt:lcidtoname_downlevel.obj
 0002:00004f88       ?LocaleNameToIndexTable@?A0x881e4c05@@3QBULocaleNameIndex@1@B 10024f88     libucrt:lcidtoname_downlevel.obj
 0002:000068c0       LOG_name                   100268c0     libucrt:log10_impl.obj
 0002:000068d0       _One                       100268d0     libucrt:ceil_pentium4.obj
 0002:000068e0       _Bns                       100268e0     libucrt:ceil_pentium4.obj
 0002:000068f0       _Zero                      100268f0     libucrt:ceil_pentium4.obj
 0002:00006900       _S                         10026900     libucrt:ceil_pentium4.obj
 0002:00006910       _NegZero                   10026910     libucrt:ceil_pentium4.obj
 0002:00006920       emask                      10026920     libucrt:log10_pentium4.obj
 0002:00006930       CC                         10026930     libucrt:log10_pentium4.obj
 0002:00006940       Magic                      10026940     libucrt:log10_pentium4.obj
 0002:00006950       hi_mask                    10026950     libucrt:log10_pentium4.obj
 0002:00006960       LOG10_2                    10026960     libucrt:log10_pentium4.obj
 0002:00006970       place_L                    10026970     libucrt:log10_pentium4.obj
 0002:00006990       One                        10026990     libucrt:log10_pentium4.obj
 0002:000069a0       Zero                       100269a0     libucrt:log10_pentium4.obj
 0002:000069b0       Two52                      100269b0     libucrt:log10_pentium4.obj
 0002:000069c0       Infs                       100269c0     libucrt:log10_pentium4.obj
 0002:000069d0       NaN                        100269d0     libucrt:log10_pentium4.obj
 0002:000069e0       coeff                      100269e0     libucrt:log10_pentium4.obj
 0002:00006a3e       _log2max                   10026a3e     libucrt:87tran.obj
 0002:00006a48       _smallarg                  10026a48     libucrt:87tran.obj
 0002:00006a52       _half                      10026a52     libucrt:87tran.obj
 0002:00006a9e       One                        10026a9e     libucrt:87disp.obj
 0002:00006aa6       Three                      10026aa6     libucrt:87disp.obj
 0002:00006aae       XAMtoTagTab                10026aae     libucrt:87disp.obj
 0002:00006ac0       One                        10026ac0     libucrt:common.obj
 0002:00006ad4       DblMax                     10026ad4     libucrt:common.obj
 0002:00006adc       DblMin                     10026adc     libucrt:common.obj
 0002:00006ae4       IeeeAdjO                   10026ae4     libucrt:common.obj
 0002:00006aec       IeeeAdjU                   10026aec     libucrt:common.obj
 0002:00006af4       _infinity                  10026af4     libucrt:common.obj
 0002:00006afc       _zero                      10026afc     libucrt:common.obj
 0002:00006b48       _over                      10026b48     libucrt:fpctrl.obj
 0002:00006b54       _under                     10026b54     libucrt:fpctrl.obj
 0002:00007388       ?_names@?1??_get_fname@@9@9 10027388     libucrt:fpexcept.obj
 0002:00007530       two32                      10027530     LIBCMT:ftol2.obj
 0002:00007534       two63                      10027534     LIBCMT:ftol2.obj
 0002:00007538       _NaN                       10027538     LIBCMT:ftol2.obj
 0002:00007bf0       __sehtable$?_AtlVerifyStackAvailable@_ATL_SAFE_ALLOCA_IMPL@ATL@@YA_NK@Z 10027bf0     Totals.obj
 0002:00007c10       __sehtable$___scrt_is_nonwritable_in_current_image 10027c10     LIBCMT:utility.obj
 0002:00007c2c       __catchsym$??2@YAPAXIABUnothrow_t@std@@@Z$2 10027c2c     LIBCMT:new_scalar_nothrow.obj
 0002:00007c3c       __unwindtable$??2@YAPAXIABUnothrow_t@std@@@Z 10027c3c     LIBCMT:new_scalar_nothrow.obj
 0002:00007c4c       __tryblocktable$??2@YAPAXIABUnothrow_t@std@@@Z 10027c4c     LIBCMT:new_scalar_nothrow.obj
 0002:00007c60       __ehfuncinfo$??2@YAPAXIABUnothrow_t@std@@@Z 10027c60     LIBCMT:new_scalar_nothrow.obj
 0002:00007c88       __sehtable$?dllmain_crt_process_attach@@YAHQAUHINSTANCE__@@QAX@Z 10027c88     LIBCMT:dll_dllmain.obj
 0002:00007ca8       __sehtable$?dllmain_crt_process_detach@@YAH_N@Z 10027ca8     LIBCMT:dll_dllmain.obj
 0002:00007cd0       __sehtable$?dllmain_dispatch@@YAHQAUHINSTANCE__@@KQAX@Z 10027cd0     LIBCMT:dll_dllmain.obj
 0002:00007d80       __sehtable$___DestructExceptionObject 10027d80     libvcruntime:ehhelpers.obj
 0002:00007da0       __sehtable$?FrameUnwindToState@__FrameHandler3@@SAXPAUEHRegistrationNode@@PAXPBU_s_FuncInfo@@H@Z 10027da0     libvcruntime:frame.obj
 0002:00007dc8       __sehtable$?CallCatchBlock@@YAPAXPAUEHExceptionRecord@@PAUEHRegistrationNode@@PAU_CONTEXT@@PBU_s_FuncInfo@@PAXHK@Z 10027dc8     libvcruntime:frame.obj
 0002:00007df0       __catchsym$?CallUnexpected@@YAXPBU_s_ESTypeList@@@Z$2 10027df0     libvcruntime:frame.obj
 0002:00007e00       __unwindtable$?CallUnexpected@@YAXPBU_s_ESTypeList@@@Z 10027e00     libvcruntime:frame.obj
 0002:00007e10       __tryblocktable$?CallUnexpected@@YAXPBU_s_ESTypeList@@@Z 10027e10     libvcruntime:frame.obj
 0002:00007e24       __ehfuncinfo$?CallUnexpected@@YAXPBU_s_ESTypeList@@@Z 10027e24     libvcruntime:frame.obj
 0002:00007e48       __sehtable$??$BuildCatchObjectHelperInternal@V__FrameHandler3@@@@YAHPAUEHExceptionRecord@@PAXPBU_s_HandlerType@@PBU_s_CatchableType@@@Z 10027e48     libvcruntime:frame.obj
 0002:00007e68       __sehtable$??$BuildCatchObjectInternal@V__FrameHandler3@@@@YAXPAUEHExceptionRecord@@PAXPBU_s_HandlerType@@PBU_s_CatchableType@@@Z 10027e68     libvcruntime:frame.obj
 0002:00007ec0       __sehtable$??R<lambda_6e4b09c48022b2350581041d5f6b0c4c>@@QBE@XZ 10027ec0     libucrt:exit.obj
 0002:00007ee0       __sehtable$??$?RV<lambda_03b1d95aef87969028cfba75ccab2455>@@AAV<lambda_6e4b09c48022b2350581041d5f6b0c4c>@@V<lambda_22bdf7517842c4b3e53723af5aa32b9e>@@@?$__crt_seh_guarded_call@X@@QAEX$$QAV<lambda_03b1d95aef87969028cfba75ccab2455>@@AAV<lambda_6e4b09c48022b2350581041d5f6b0c4c>@@$$QAV<lambda_22bdf7517842c4b3e53723af5aa32b9e>@@@Z 10027ee0     libucrt:exit.obj
 0002:00007f00       __sehtable$??$?RV<lambda_8e746cf0007f6ed984d6f78af1fec997>@@AAV<lambda_22ebabd17bc4fa466a2aca6d8deb888d>@@V<lambda_18ed0c0b38a6dc0daf1e7ac6d6adf05e>@@@?$__crt_seh_guarded_call@H@@QAEH$$QAV<lambda_8e746cf0007f6ed984d6f78af1fec997>@@AAV<lambda_22ebabd17bc4fa466a2aca6d8deb888d>@@$$QAV<lambda_18ed0c0b38a6dc0daf1e7ac6d6adf05e>@@@Z 10027f00     libucrt:onexit.obj
 0002:00007f20       __sehtable$??$?RV<lambda_69a2805e680e0e292e8ba93315fe43a8>@@AAV<lambda_f03950bc5685219e0bcd2087efbe011e>@@V<lambda_03fcd07e894ec930e3f35da366ca99d6>@@@?$__crt_seh_guarded_call@H@@QAEH$$QAV<lambda_69a2805e680e0e292e8ba93315fe43a8>@@AAV<lambda_f03950bc5685219e0bcd2087efbe011e>@@$$QAV<lambda_03fcd07e894ec930e3f35da366ca99d6>@@@Z 10027f20     libucrt:onexit.obj
 0002:00007f40       __sehtable$__query_new_handler 10027f40     libucrt:new_handler.obj
 0002:00007f60       __sehtable$_terminate      10027f60     libucrt:terminate.obj
 0002:00007f80       __sehtable$??$?RV<lambda_15ade71b0218206bbe3333a0c9b79046>@@AAV<lambda_da44e0f8b0f19ba52fefafb335991732>@@V<lambda_207f2d024fc103971653565357d6cd41>@@@?$__crt_seh_guarded_call@X@@QAEX$$QAV<lambda_15ade71b0218206bbe3333a0c9b79046>@@AAV<lambda_da44e0f8b0f19ba52fefafb335991732>@@$$QAV<lambda_207f2d024fc103971653565357d6cd41>@@@Z 10027f80     libucrt:per_thread_data.obj
 0002:00007fa0       __sehtable$??$?RV<lambda_a7e850c220f1c8d1e6efeecdedd162c6>@@AAV<lambda_46720907175c18b6c9d2717bc0d2d362>@@V<lambda_9048902d66e8d99359bc9897bbb930a8>@@@?$__crt_seh_guarded_call@X@@QAEX$$QAV<lambda_a7e850c220f1c8d1e6efeecdedd162c6>@@AAV<lambda_46720907175c18b6c9d2717bc0d2d362>@@$$QAV<lambda_9048902d66e8d99359bc9897bbb930a8>@@@Z 10027fa0     libucrt:per_thread_data.obj
 0002:00007fc0       __sehtable$??$?RV<lambda_38edbb1296d33220d7e4dd0ed76b244a>@@AAV<lambda_5ce1d447e08cb34b2473517608e21441>@@V<lambda_fb385d3da700c9147fc39e65dd577a8c>@@@?$__crt_seh_guarded_call@X@@QAEX$$QAV<lambda_38edbb1296d33220d7e4dd0ed76b244a>@@AAV<lambda_5ce1d447e08cb34b2473517608e21441>@@$$QAV<lambda_fb385d3da700c9147fc39e65dd577a8c>@@@Z 10027fc0     libucrt:per_thread_data.obj
 0002:00007fe0       __sehtable$??$?RV<lambda_6affb1475c98b40b75cdec977db92e3c>@@AAV<lambda_b8d4b9c228a6ecc3f80208dbb4b4a104>@@V<lambda_608742c3c92a14382c1684fc64f96c88>@@@?$__crt_seh_guarded_call@X@@QAEX$$QAV<lambda_6affb1475c98b40b75cdec977db92e3c>@@AAV<lambda_b8d4b9c228a6ecc3f80208dbb4b4a104>@@$$QAV<lambda_608742c3c92a14382c1684fc64f96c88>@@@Z 10027fe0     libucrt:per_thread_data.obj
 0002:00008000       __sehtable$??$?RV<lambda_e5124f882df8998aaf41531e079ba474>@@AAV<lambda_3e16ef9562a7dcce91392c22ab16ea36>@@V<lambda_e25ca0880e6ef98be67edffd8c599615>@@@?$__crt_seh_guarded_call@X@@QAEX$$QAV<lambda_e5124f882df8998aaf41531e079ba474>@@AAV<lambda_3e16ef9562a7dcce91392c22ab16ea36>@@$$QAV<lambda_e25ca0880e6ef98be67edffd8c599615>@@@Z 10028000     libucrt:wsetlocale.obj
 0002:00008020       __sehtable$___acrt_initialize_lowio 10028020     libucrt:ioinit.obj
 0002:00008040       __sehtable$?update_thread_multibyte_data_internal@@YAPAU__crt_multibyte_data@@QAU__acrt_ptd@@QAPAU1@@Z 10028040     libucrt:mbctype.obj
 0002:00008060       __sehtable$??$?RV<lambda_ceb1ee4838e85a9d631eb091e2fbe199>@@AAV<lambda_ae742caa10f662c28703da3d2ea5e57e>@@V<lambda_cd08b5d6af4937fe54fc07d0c9bf6b37>@@@?$__crt_seh_guarded_call@X@@QAEX$$QAV<lambda_ceb1ee4838e85a9d631eb091e2fbe199>@@AAV<lambda_ae742caa10f662c28703da3d2ea5e57e>@@$$QAV<lambda_cd08b5d6af4937fe54fc07d0c9bf6b37>@@@Z 10028060     libucrt:mbctype.obj
 0002:00008080       __sehtable$_raise          10028080     libucrt:signal.obj
 0002:000080a0       __sehtable$??$?RV<lambda_cbab9ec6f41b0180b23cc171c22676b0>@@AAV<lambda_44731a7d0e6d81c3e6aa82d741081786>@@V<lambda_4b292cb8dd18144e164572427af410ab>@@@?$__crt_seh_guarded_call@P6AXH@Z@@QAEP6AXH@Z$$QAV<lambda_cbab9ec6f41b0180b23cc171c22676b0>@@AAV<lambda_44731a7d0e6d81c3e6aa82d741081786>@@$$QAV<lambda_4b292cb8dd18144e164572427af410ab>@@@Z 100280a0     libucrt:signal.obj
 0002:000080c0       __sehtable$??$?RV<lambda_2866be3712abc81a800a822484c830d8>@@AAV<lambda_39ca0ed439415581b5b15c265174cece>@@V<lambda_2b24c74d71094a6cd0cb82e44167d71b>@@@?$__crt_seh_guarded_call@X@@QAEX$$QAV<lambda_2866be3712abc81a800a822484c830d8>@@AAV<lambda_39ca0ed439415581b5b15c265174cece>@@$$QAV<lambda_2b24c74d71094a6cd0cb82e44167d71b>@@@Z 100280c0     libucrt:fflush.obj
 0002:000080e0       __sehtable$??$?RV<lambda_2cc53f568c5a2bb6f192f930a45d44ea>@@AAV<lambda_ab61a845afdef5b7c387490eaf3616ee>@@V<lambda_c2ffc0b7726aa6be21d5f0026187e748>@@@?$__crt_seh_guarded_call@X@@QAEX$$QAV<lambda_2cc53f568c5a2bb6f192f930a45d44ea>@@AAV<lambda_ab61a845afdef5b7c387490eaf3616ee>@@$$QAV<lambda_c2ffc0b7726aa6be21d5f0026187e748>@@@Z 100280e0     libucrt:fflush.obj
 0002:00008100       __sehtable$___acrt_update_thread_locale_data 10028100     libucrt:locale_refcounting.obj
 0002:00008120       __sehtable$__fcloseall     10028120     libucrt:closeall.obj
 0002:00008140       __sehtable$___acrt_lowio_ensure_fh_exists 10028140     libucrt:osfinfo.obj
 0002:00008160       __sehtable$??$?RV<lambda_9e9de3de5fa147e2223d7db92bc10aa6>@@AAV<lambda_38ce7e780aa69e748d6df282ebc68efe>@@V<lambda_8ca6da459f0f6780f1cff60fdc3d00e5>@@@?$__crt_seh_guarded_call@H@@QAEH$$QAV<lambda_9e9de3de5fa147e2223d7db92bc10aa6>@@AAV<lambda_38ce7e780aa69e748d6df282ebc68efe>@@$$QAV<lambda_8ca6da459f0f6780f1cff60fdc3d00e5>@@@Z 10028160     libucrt:commit.obj
 0002:00008180       __sehtable$__write         10028180     libucrt:write.obj
 0002:000081a0       __sehtable$_fclose         100281a0     libucrt:fclose.obj
 0002:000081c0       __sehtable$??$?RV<lambda_218ce3db14220d0be481dae8ef3383b6>@@AAV<lambda_628dfdc04ba53c8bfc02c9951375f3f5>@@V<lambda_57dc472bd5c9d5f3b2cbca59b8a843ae>@@@?$__crt_seh_guarded_call@H@@QAEH$$QAV<lambda_218ce3db14220d0be481dae8ef3383b6>@@AAV<lambda_628dfdc04ba53c8bfc02c9951375f3f5>@@$$QAV<lambda_57dc472bd5c9d5f3b2cbca59b8a843ae>@@@Z 100281c0     libucrt:close.obj
 0002:000081e0       __sehtable$___set_fpsr_sse2 100281e0     libucrt:fpctrl.obj
 0002:00008200       __sehtable$__IsNonwritableInCurrentImage 10028200     LIBCMT:pesect.obj
 0002:00008230       .edata                     10028230     OPOSTotals.exp
 0002:00008258       rgpv                       10028258     OPOSTotals.exp
 0002:00008268       rgszName                   10028268     OPOSTotals.exp
 0002:00008278       rgwOrd                     10028278     OPOSTotals.exp
 0002:00008280       szName                     10028280     OPOSTotals.exp
 0002:0000828f       $N00001                    1002828f     OPOSTotals.exp
 0002:0000829f       $N00002                    1002829f     OPOSTotals.exp
 0002:000082b1       $N00003                    100282b1     OPOSTotals.exp
 0002:000082c3       $N00004                    100282c3     OPOSTotals.exp
 0002:000088d2       .idata$6                   100288d2     kernel32:KERNEL32.dll
 0002:00008ae6       .idata$6                   10028ae6     user32:USER32.dll
 0002:00008c1a       .idata$6                   10028c1a     gdi32:GDI32.dll
 0002:00008cc0       .idata$6                   10028cc0     advapi32:ADVAPI32.dll
 0002:00008ddc       .idata$6                   10028ddc     ole32:ole32.dll
 0002:00008de6       .idata$6                   10028de6     oleaut32:OLEAUT32.dll
 0003:00000110       ?ObjectMap@@3PAU_ATL_OBJMAP_ENTRY30@ATL@@A 1002a110     Totals.obj
 0003:000001c0       ?s_SOMethodNames@@3PAPADA  1002a1c0     TotalsImpl.obj
 0003:00000240       ?s_RequiredMethodsPerRelease@@3PAHA 1002a240     TotalsImpl.obj
 0003:00000280       ?__vcrt_flsindex@@3KA      1002a280     libvcruntime:per_thread_data.obj
 0003:000002a0       ?errno_no_memory@@3HA      1002a2a0     libucrt:errno.obj
 0003:000002a4       ?doserrno_no_memory@@3KA   1002a2a4     libucrt:errno.obj
 0003:000002b0       ?__acrt_flsindex@@3KA      1002a2b0     libucrt:per_thread_data.obj
 0003:00000648       __mbctypes                 1002a648     libucrt:mbctype.obj
 0003:00000750       __mbcasemaps               1002a750     libucrt:mbctype.obj
 0003:00000850       ?__rgctypeflag@@3PADA      1002a850     libucrt:mbctype.obj
 0003:00000858       ?__rgcode_page_info@@3PAUcode_page_info@@A 1002a858     libucrt:mbctype.obj
 0003:00000ab0       ?__dcrt_lowio_console_output_handle@@3PAXA 1002aab0     libucrt:initcon.obj
 0003:00000ab4       ?__DAZ_ENABLED@?1??__set_fpsr_sse2@@9@9 1002aab4     libucrt:fpctrl.obj
 0003:00000c48       ?is_initialized_as_dll@@3_NA 1002ac48     LIBCMT:utility.obj
 0003:00000c49       ?module_local_atexit_table_initialized@@3_NA 1002ac49     LIBCMT:utility.obj
 0003:00000c4c       ?module_local_atexit_table@@3U_onexit_table_t@@A 1002ac4c     LIBCMT:utility.obj
 0003:00000c58       ?module_local_at_quick_exit_table@@3U_onexit_table_t@@A 1002ac58     LIBCMT:utility.obj
 0003:00000c64       ?g_tss_cv@@3U_RTL_CONDITION_VARIABLE@@A 1002ac64     LIBCMT:thread_safe_statics.obj
 0003:00000c68       ?g_tss_event@@3PAXA        1002ac68     LIBCMT:thread_safe_statics.obj
 0003:00000c6c       ?g_tss_mutex@@3U_RTL_CRITICAL_SECTION@@A 1002ac6c     LIBCMT:thread_safe_statics.obj
 0003:00000c84       ?g_sleep_condition_variable_cs@@3P6GHPAU_RTL_CONDITION_VARIABLE@@PAU_RTL_CRITICAL_SECTION@@K@ZA 1002ac84     LIBCMT:thread_safe_statics.obj
 0003:00000c88       ?g_wake_all_condition_variable@@3P6GXPAU_RTL_CONDITION_VARIABLE@@@ZA 1002ac88     LIBCMT:thread_safe_statics.obj
 0003:00000c90       _GS_ExceptionRecord        1002ac90     LIBCMT:gs_report.obj
 0003:00000ce0       _GS_ContextRecord          1002ace0     LIBCMT:gs_report.obj
 0003:00000fb0       ?__proc_attached@@3HA      1002afb0     LIBCMT:dll_dllmain.obj
 0003:0000100c       ?AllocateData@@3P6GPAUAtlThunkData_t@@XZA 1002b00c     atls:atlthunk.obj
 0003:00001010       ?InitData@@3P6GXPAUAtlThunkData_t@@PAXI@ZA 1002b010     atls:atlthunk.obj
 0003:00001014       ?DataToCode@@3P6GP6GJPAUHWND__@@IIJ@ZPAUAtlThunkData_t@@@ZA 1002b014     atls:atlthunk.obj
 0003:00001018       ?FreeData@@3P6GXPAUAtlThunkData_t@@@ZA 1002b018     atls:atlthunk.obj
 0003:0000101c       ?Initialized@@3_NA         1002b01c     atls:atlthunk.obj
 0003:0000102c       ?__vcrt_startup_thread_ptd@@3U__vcrt_ptd@@A 1002b02c     libvcruntime:per_thread_data.obj
 0003:00001054       ___vcrt_lock_table         1002b054     libvcruntime:locks.obj
 0003:0000106c       ___vcrt_locks_initialized  1002b06c     libvcruntime:locks.obj
 0003:00001098       ?heap@@3V_HeapManager@@A   1002b098     libvcruntime:undname.obj
 0003:000010ac       ?module_handles@@3PAPAUHINSTANCE__@@A 1002b0ac     libvcruntime:winapi_downlevel.obj
 0003:000010b8       ?function_pointers@@3PAPAXA 1002b0b8     libvcruntime:winapi_downlevel.obj
 0003:000010cc       ?__acrt_invalid_parameter_handler@@3V?$dual_state_global@P6AXPB_W00II@Z@__crt_state_management@@A 1002b0cc     libucrt:invalid_parameter.obj
 0003:000010d0       ?c_termination_complete@@3JA 1002b0d0     libucrt:exit.obj
 0003:000010d4       ?thread_local_exit_callback_func@@3P6GXPAXK0@ZA 1002b0d4     libucrt:exit.obj
 0003:000010e0       ?program_name@?1???$common_configure_argv@D@@YAHW4_crt_argv_mode@@@Z@4PADA 1002b0e0     libucrt:argv_parsing.obj
 0003:00001210       ?__acrt_new_handler@@3V?$dual_state_global@P6AHI@Z@__crt_state_management@@A 1002b210     libucrt:new_handler.obj
 0003:00001218       ?module_handles@@3PAPAUHINSTANCE__@@A 1002b218     libucrt:winapi_thunks.obj
 0003:00001268       ?encoded_function_pointers@@3PAPAXA 1002b268     libucrt:winapi_thunks.obj
 0003:000012f0       ?internal_state@?1??_mbtowc_l@@9@4U_Mbstatet@@A 1002b2f0     libucrt:mbtowc.obj
 0003:00001300       ?enable_percent_n@@3IA     1002b300     libucrt:printf_count_output.obj
 0003:00001520       ?__acrt_lock_table@@3PAU_RTL_CRITICAL_SECTION@@A 1002b520     libucrt:locks.obj
 0003:00001670       ?__acrt_locks_initialized@@3IA 1002b670     libucrt:locks.obj
 0003:00001680       ?fSystemSet@@3HA           1002b680     libucrt:mbctype.obj
 0003:00001684       ?initialized@?1??__acrt_initialize_multibyte@@9@4_NA 1002b684     libucrt:mbctype.obj
 0003:000016a4       ?ctrlc_action@@3V?$dual_state_global@P6AXH@Z@__crt_state_management@@A 1002b6a4     libucrt:signal.obj
 0003:000016a8       ?ctrlbreak_action@@3V?$dual_state_global@P6AXH@Z@__crt_state_management@@A 1002b6a8     libucrt:signal.obj
 0003:000016ac       ?abort_action@@3V?$dual_state_global@P6AXH@Z@__crt_state_management@@A 1002b6ac     libucrt:signal.obj
 0003:000016b0       ?term_action@@3V?$dual_state_global@P6AXH@Z@__crt_state_management@@A 1002b6b0     libucrt:signal.obj
 0003:000016b4       ?user_matherr@@3V?$dual_state_global@P6AHPAU_exception@@@Z@__crt_state_management@@A 1002b6b4     libucrt:matherr.obj
 0003:000016b8       ?__acrt_global_new_mode@@3V?$dual_state_global@J@__crt_state_management@@A 1002b6b8     libucrt:new_mode.obj
 0003:000016c4       ?internal_pst@?1??__mbrtoc32_utf8@__crt_mbstring@@YAIPA_UPBDIPAU_Mbstatet@@@Z@4U3@A 1002b6c4     libucrt:mbrtoc32.obj
 0003:000016cc       ?__acrt_app_type@@3W4_crt_app_type@@A 1002b6cc     libucrt:report_runtime_error.obj
 0003:000016d4       __pmatherr_set             1002b6d4     libucrt:libm_error.obj
 0004:00000220       $R000000                   1002c220     Totals.res
 0004:00000ba0       $R000980                   1002cba0     Totals.res
 0004:00000c88       $R000A68                   1002cc88     Totals.res
 0004:00000ef0       $R000CD0                   1002cef0     Totals.res
 0004:00001438       $R001218                   1002d438     Totals.res
 0004:00004160       $R003F40                   10030160     Totals.res
 0004:00004190       $R003F70                   10030190     Totals.res
