 OPOSCAT

 Timestamp is 600f77bc (Tue Jan 26 11:00:28 2021)

 Preferred load address is 10000000

 Start         Length     Name                   Class
 0001:00000000 00000080H .text$di                CODE
 0001:00000080 0001ebc3H .text$mn                CODE
 0001:0001ec43 0000003aH .text$x                 CODE
 0001:0001ec7d 00000042H .text$yd                CODE
 0002:00000000 000002fcH .idata$5                DATA
 0002:000002fc 00000004H .00cfg                  DATA
 0002:00000300 00000004H .CRT$XCA                DATA
 0002:00000304 00000004H .CRT$XCL                DATA
 0002:00000308 00000010H .CRT$XCU                DATA
 0002:00000318 00000004H .CRT$XCZ                DATA
 0002:0000031c 00000004H .CRT$XIA                DATA
 0002:00000320 00000010H .CRT$XIC                DATA
 0002:00000330 00000004H .CRT$XIZ                DATA
 0002:00000334 00000004H .CRT$XLA                DATA
 0002:00000338 00000004H .CRT$XLZ                DATA
 0002:0000033c 00000004H .CRT$XPA                DATA
 0002:00000340 00000008H .CRT$XPX                DATA
 0002:00000348 00000004H .CRT$XPXA               DATA
 0002:0000034c 00000004H .CRT$XPZ                DATA
 0002:00000350 00000004H .CRT$XTA                DATA
 0002:00000354 0000000cH .CRT$XTZ                DATA
 0002:00000358 00000000H .gfids$y                DATA
 0002:00000360 00007460H .rdata                  DATA
 0002:000077c0 00000000H .rdata$CastGuardVftablesA DATA
 0002:000077c0 00000000H .rdata$CastGuardVftablesC DATA
 0002:000077c0 00000018H .rdata$T                DATA
 0002:000077d8 00000178H .rdata$r                DATA
 0002:00007950 0000001cH .rdata$sxdata           DATA
 0002:0000796c 000003d8H .rdata$zzzdbg           DATA
 0002:00007d44 00000004H .rtc$IAA                DATA
 0002:00007d48 00000004H .rtc$IZZ                DATA
 0002:00007d4c 00000004H .rtc$TAA                DATA
 0002:00007d50 00000004H .rtc$TZZ                DATA
 0002:00007d54 00000004H .tls                    DATA
 0002:00007d58 00000004H .tls$                   DATA
 0002:00007d5c 00000004H .tls$ZZZ                DATA
 0002:00007d60 0000062cH .xdata$x                DATA
 0002:0000838c 00000004H ATL$__a                 DATA
 0002:00008390 00000010H ATL$__z                 DATA
 0002:000083a0 000000a4H .edata                  DATA
 0002:00008444 00000078H .idata$2                DATA
 0002:000084bc 00000014H .idata$3                DATA
 0002:000084d0 000002fcH .idata$4                DATA
 0002:000087cc 00000bceH .idata$6                DATA
 0003:00000000 00000ac0H .data                   DATA
 0003:00000ac0 00000098H .data$r                 DATA
 0003:00000b58 00000b88H .bss                    DATA
 0004:00000000 00000220H .rsrc$01                DATA
 0004:00000220 000051d0H .rsrc$02                DATA

  Address         Publics by Value              Rva+Base       Lib:Object

 0000:00000000       ___guard_fids_count        00000000     <absolute>
 0000:00000000       ___guard_longjmp_table     00000000     <absolute>
 0000:00000000       ___volatile_metadata       00000000     <absolute>
 0000:00000000       ___arm64x_extra_rfe_table  00000000     <absolute>
 0000:00000000       ___guard_eh_cont_table     00000000     <absolute>
 0000:00000000       ___arm64x_redirection_metadata 00000000     <absolute>
 0000:00000000       ___guard_eh_cont_count     00000000     <absolute>
 0000:00000000       ___guard_iat_count         00000000     <absolute>
 0000:00000000       __except_list              00000000     <absolute>
 0000:00000000       ___hybrid_code_map_count   00000000     <absolute>
 0000:00000000       ___x64_code_ranges_to_entry_points_count 00000000     <absolute>
 0000:00000000       ___x64_code_ranges_to_entry_points 00000000     <absolute>
 0000:00000000       ___guard_iat_table         00000000     <absolute>
 0000:00000000       ___arm64x_native_entrypoint 00000000     <absolute>
 0000:00000000       ___hybrid_code_map         00000000     <absolute>
 0000:00000000       ___arm64x_extra_rfe_table_size 00000000     <absolute>
 0000:00000000       ___guard_longjmp_count     00000000     <absolute>
 0000:00000000       ___arm64x_redirection_metadata_count 00000000     <absolute>
 0000:00000000       ___hybrid_auxiliary_iat    00000000     <absolute>
 0000:00000000       ___dynamic_value_reloc_table 00000000     <absolute>
 0000:00000000       ___AbsoluteZero            00000000     <absolute>
 0000:00000000       ___enclave_config          00000000     <absolute>
 0000:00000000       ___guard_fids_table        00000000     <absolute>
 0000:00000007       ___safe_se_handler_count   00000007     <absolute>
 0000:0000002c       __tls_array                0000002c     <absolute>
 0000:00000100       ___guard_flags             00000100     <absolute>
 0000:00000000       ___ImageBase               10000000     <linker-defined>
 0001:00000080       ?DupWide@_CW@@AAEXXZ       10001080 f   CWString.obj
 0001:0000009c       ?cw_dup@@YGXPBDAAHAAPA_W1@Z 1000109c f   CWString.obj
 0001:00000124       ?cw_memcpy@@YGHPA_WPBDH@Z  10001124 f   CWString.obj
 0001:00000150       ?cw_strcpy@@YAHPA_WPBD@Z   10001150 f   CWString.obj
 0001:00000163       ?cw_strlen@@YAHPBD@Z       10001163 f   CWString.obj
 0001:0000017c       ??0CAtlComModule@ATL@@QAE@XZ 1000117c f i OposVariant.obj
 0001:000001c1       ??0CAtlWinModule@ATL@@QAE@XZ 100011c1 f i OposVariant.obj
 0001:000001f8       ??0OposDispParms@@QAE@PAVOposVariant@@H@Z 100011f8 f   OposVariant.obj
 0001:00000269       ??1OposDispParms@@QAE@XZ   10001269 f   OposVariant.obj
 0001:00000277       ??A?$CSimpleArray@GV?$CSimpleArrayEqualHelper@G@ATL@@@ATL@@QAEAAGH@Z 10001277 f i OposVariant.obj
 0001:0000029c       ??_Estringdispid@CComTypeInfoHolder@ATL@@QAEPAXI@Z 1000129c f i OposVariant.obj
 0001:00000308       ?AtlWinModuleInit@ATL@@YGJPAU_ATL_WIN_MODULE70@1@@Z 10001308 f i OposVariant.obj
 0001:0000032e       ?AtlWinModuleTerm@ATL@@YGJPAU_ATL_WIN_MODULE70@1@PAUHINSTANCE__@@@Z 1000132e f i OposVariant.obj
 0001:00000391       ?ChangeBSTR@OposVariant@@QAEXPAPA_WAAJ@Z 10001391 f   OposVariant.obj
 0001:000003d2       ?ChangeCURRENCY@OposVariant@@QAEXPATtagCY@@AAJ@Z 100013d2 f   OposVariant.obj
 0001:00000421       ?ChangeLONG@OposVariant@@QAEXPAJAAJ@Z 10001421 f   OposVariant.obj
 0001:00000462       ?GetLONG@OposVariant@@QAEJXZ 10001462 f   OposVariant.obj
 0001:0000047d       ?Init@CComCriticalSection@ATL@@QAEJXZ 1000147d f i OposVariant.obj
 0001:000004a5       ?RemoveAll@?$CSimpleArray@PAUHINSTANCE__@@V?$CSimpleArrayEqualHelper@PAUHINSTANCE__@@@ATL@@@ATL@@QAEXXZ 100014a5 f i atls:atlbase.obj
 0001:000004a5       ?RemoveAll@?$CSimpleArray@GV?$CSimpleArrayEqualHelper@G@ATL@@@ATL@@QAEXXZ 100014a5 f i OposVariant.obj
 0001:000004c2       ?SetBSTR@OposVariant@@QAEXPA_WAAJ@Z 100014c2 f   OposVariant.obj
 0001:000004f6       ?SetBSTR_Copy@OposVariant@@QAEXPA_WAAJ@Z 100014f6 f   OposVariant.obj
 0001:00000546       ?SetBSTR_InOutPtr@OposVariant@@QAE_NPAPA_WAAJ@Z 10001546 f   OposVariant.obj
 0001:0000057d       ?SetCURRENCY@OposVariant@@QAEXTtagCY@@@Z 1000157d f   OposVariant.obj
 0001:000005a5       ?SetDispatch_Ptr@OposVariant@@QAEXPAUIDispatch@@AAJ@Z 100015a5 f   OposVariant.obj
 0001:000005e0       ?SetLONG@OposVariant@@QAEXJ@Z 100015e0 f   OposVariant.obj
 0001:00000602       ?SetLONG_Ptr@OposVariant@@QAEXPAJAAJ@Z 10001602 f   OposVariant.obj
 0001:00000635       ?SetString@OposVariant@@QAEXPB_WAAJ@Z 10001635 f   OposVariant.obj
 0001:0000067b       ?SetVARIANT_BOOL@OposVariant@@QAEXF@Z 1000167b f   OposVariant.obj
 0001:000006a5       ?Term@CAtlComModule@ATL@@QAEXXZ 100016a5 f i OposVariant.obj
 0001:000006ef       ?_AtlRaiseException@ATL@@YAXKK@Z 100016ef f i OposVariant.obj
 0001:00000704       ??_E?$CComObject@VCOPOSCAT@@@ATL@@W3AEPAXI@Z 10001704 f i CAT.obj
 0001:0000070c       ??_E?$CComObject@VCOPOSCAT@@@ATL@@WEM@AEPAXI@Z 1000170c f i CAT.obj
 0001:00000714       ?QueryInterface@?$CComObject@VCOPOSCAT@@@ATL@@WHA@AGJABU_GUID@@PAPAX@Z 10001714 f i CAT.obj
 0001:0000071e       ?AddRef@?$CComObject@VCOPOSCAT@@@ATL@@WHA@AGKXZ 1000171e f i CAT.obj
 0001:00000728       ?Release@?$CComObject@VCOPOSCAT@@@ATL@@WHA@AGKXZ 10001728 f i CAT.obj
 0001:00000732       ?QueryInterface@?$CComObject@VCOPOSCAT@@@ATL@@WHE@AGJABU_GUID@@PAPAX@Z 10001732 f i CAT.obj
 0001:0000073c       ?AddRef@?$CComObject@VCOPOSCAT@@@ATL@@WHE@AGKXZ 1000173c f i CAT.obj
 0001:00000746       ?Release@?$CComObject@VCOPOSCAT@@@ATL@@WHE@AGKXZ 10001746 f i CAT.obj
 0001:00000750       ?QueryInterface@?$CComObject@VCOPOSCAT@@@ATL@@WHI@AGJABU_GUID@@PAPAX@Z 10001750 f i CAT.obj
 0001:0000075a       ?AddRef@?$CComObject@VCOPOSCAT@@@ATL@@WHI@AGKXZ 1000175a f i CAT.obj
 0001:00000764       ?Release@?$CComObject@VCOPOSCAT@@@ATL@@WHI@AGKXZ 10001764 f i CAT.obj
 0001:0000076e       ?QueryInterface@?$CComObject@VCOPOSCAT@@@ATL@@WHM@AGJABU_GUID@@PAPAX@Z 1000176e f i CAT.obj
 0001:00000778       ?AddRef@?$CComObject@VCOPOSCAT@@@ATL@@WHM@AGKXZ 10001778 f i CAT.obj
 0001:00000782       ?Release@?$CComObject@VCOPOSCAT@@@ATL@@WHM@AGKXZ 10001782 f i CAT.obj
 0001:0000078c       ?QueryInterface@?$CComObject@VCOPOSCAT@@@ATL@@WIA@AGJABU_GUID@@PAPAX@Z 1000178c f i CAT.obj
 0001:00000799       ?AddRef@?$CComObject@VCOPOSCAT@@@ATL@@WIA@AGKXZ 10001799 f i CAT.obj
 0001:000007a6       ?Release@?$CComObject@VCOPOSCAT@@@ATL@@WIA@AGKXZ 100017a6 f i CAT.obj
 0001:000007b3       ?QueryInterface@?$CComObject@VCOPOSCAT@@@ATL@@WIE@AGJABU_GUID@@PAPAX@Z 100017b3 f i CAT.obj
 0001:000007c0       ?AddRef@?$CComObject@VCOPOSCAT@@@ATL@@WIE@AGKXZ 100017c0 f i CAT.obj
 0001:000007cd       ?Release@?$CComObject@VCOPOSCAT@@@ATL@@WIE@AGKXZ 100017cd f i CAT.obj
 0001:000007da       ?QueryInterface@?$CComObject@VCOPOSCAT@@@ATL@@WII@AGJABU_GUID@@PAPAX@Z 100017da f i CAT.obj
 0001:000007e7       ?AddRef@?$CComObject@VCOPOSCAT@@@ATL@@WII@AGKXZ 100017e7 f i CAT.obj
 0001:000007f4       ?Release@?$CComObject@VCOPOSCAT@@@ATL@@WII@AGKXZ 100017f4 f i CAT.obj
 0001:00000801       ?QueryInterface@?$CComObject@VCOPOSCAT@@@ATL@@WIM@AGJABU_GUID@@PAPAX@Z 10001801 f i CAT.obj
 0001:0000080e       ?AddRef@?$CComObject@VCOPOSCAT@@@ATL@@WIM@AGKXZ 1000180e f i CAT.obj
 0001:0000081b       ?Release@?$CComObject@VCOPOSCAT@@@ATL@@WIM@AGKXZ 1000181b f i CAT.obj
 0001:00000828       ?QueryInterface@?$CComObject@VCOPOSCAT@@@ATL@@WJA@AGJABU_GUID@@PAPAX@Z 10001828 f i CAT.obj
 0001:00000835       ?AddRef@?$CComObject@VCOPOSCAT@@@ATL@@WJA@AGKXZ 10001835 f i CAT.obj
 0001:00000842       ?CreateInstance@CComClassFactory@ATL@@UAGJPAUIUnknown@@ABU_GUID@@PAPAX@Z 10001842 f i CAT.obj
 0001:00000880       ?Release@?$CComObject@VCOPOSCAT@@@ATL@@WJA@AGKXZ 10001880 f i CAT.obj
 0001:0000088d       ?QueryInterface@?$CComObject@VCOPOSCAT@@@ATL@@WJE@AGJABU_GUID@@PAPAX@Z 1000188d f i CAT.obj
 0001:0000089a       ?LockServer@CComClassFactory@ATL@@UAGJH@Z 1000189a f i CAT.obj
 0001:000008b9       ?AddRef@?$CComObject@VCOPOSCAT@@@ATL@@WJE@AGKXZ 100018b9 f i CAT.obj
 0001:000008c6       ?Release@?$CComObject@VCOPOSCAT@@@ATL@@WJE@AGKXZ 100018c6 f i CAT.obj
 0001:000008d3       ?QueryInterface@?$CComObject@VCOPOSCAT@@@ATL@@WJI@AGJABU_GUID@@PAPAX@Z 100018d3 f i CAT.obj
 0001:000008e0       ?AddRef@?$CComObject@VCOPOSCAT@@@ATL@@WJI@AGKXZ 100018e0 f i CAT.obj
 0001:000008ed       ?Release@?$CComObject@VCOPOSCAT@@@ATL@@WJI@AGKXZ 100018ed f i CAT.obj
 0001:000008fa       ?QueryInterface@?$CComObject@VCOPOSCAT@@@ATL@@WJM@AGJABU_GUID@@PAPAX@Z 100018fa f i CAT.obj
 0001:00000907       ?AddRef@?$CComObject@VCOPOSCAT@@@ATL@@WJM@AGKXZ 10001907 f i CAT.obj
 0001:00000914       ?Release@?$CComObject@VCOPOSCAT@@@ATL@@WJM@AGKXZ 10001914 f i CAT.obj
 0001:00000921       ?QueryInterface@?$CComObject@VCOPOSCAT@@@ATL@@WKA@AGJABU_GUID@@PAPAX@Z 10001921 f i CAT.obj
 0001:0000092e       ?AddRef@?$CComObject@VCOPOSCAT@@@ATL@@WKA@AGKXZ 1000192e f i CAT.obj
 0001:0000093b       ?Release@?$CComObject@VCOPOSCAT@@@ATL@@WKA@AGKXZ 1000193b f i CAT.obj
 0001:00000948       ?AddRef@?$CComObject@VCOPOSCAT@@@ATL@@WKI@AGKXZ 10001948 f i CAT.obj
 0001:00000955       ?Release@?$CComObject@VCOPOSCAT@@@ATL@@WKI@AGKXZ 10001955 f i CAT.obj
 0001:00000962       ??_ECComClassFactory@ATL@@UAEPAXI@Z 10001962 f i CAT.obj
 0001:00000962       ??_GCComClassFactory@ATL@@UAEPAXI@Z 10001962 f i CAT.obj
 0001:0000098d       ?AddRef@?$CComObject@VCOPOSCAT@@@ATL@@WLE@AGKXZ 1000198d f i CAT.obj
 0001:0000099a       ?Release@?$CComObject@VCOPOSCAT@@@ATL@@WLE@AGKXZ 1000199a f i CAT.obj
 0001:000009a7       ??_E?$CComContainedObject@VCOPOSCAT@@@ATL@@W3AEPAXI@Z 100019a7 f i CAT.obj
 0001:000009af       ??_E?$CComContainedObject@VCOPOSCAT@@@ATL@@WEM@AEPAXI@Z 100019af f i CAT.obj
 0001:000009b7       ?QueryInterface@?$CComContainedObject@VCOPOSCAT@@@ATL@@WHA@AGJABU_GUID@@PAPAX@Z 100019b7 f i CAT.obj
 0001:000009c1       ?AddRef@?$CComContainedObject@VCOPOSCAT@@@ATL@@WHA@AGKXZ 100019c1 f i CAT.obj
 0001:000009cb       ?Release@?$CComContainedObject@VCOPOSCAT@@@ATL@@WHA@AGKXZ 100019cb f i CAT.obj
 0001:000009d5       ?QueryInterface@?$CComContainedObject@VCOPOSCAT@@@ATL@@WHE@AGJABU_GUID@@PAPAX@Z 100019d5 f i CAT.obj
 0001:000009df       ?AddRef@?$CComContainedObject@VCOPOSCAT@@@ATL@@WHE@AGKXZ 100019df f i CAT.obj
 0001:000009e9       ?Release@?$CComContainedObject@VCOPOSCAT@@@ATL@@WHE@AGKXZ 100019e9 f i CAT.obj
 0001:000009f3       ?QueryInterface@?$CComContainedObject@VCOPOSCAT@@@ATL@@WHI@AGJABU_GUID@@PAPAX@Z 100019f3 f i CAT.obj
 0001:000009fd       ?AddRef@?$CComContainedObject@VCOPOSCAT@@@ATL@@WHI@AGKXZ 100019fd f i CAT.obj
 0001:00000a07       ?Release@?$CComContainedObject@VCOPOSCAT@@@ATL@@WHI@AGKXZ 10001a07 f i CAT.obj
 0001:00000a11       ?QueryInterface@?$CComContainedObject@VCOPOSCAT@@@ATL@@WHM@AGJABU_GUID@@PAPAX@Z 10001a11 f i CAT.obj
 0001:00000a1b       ?AddRef@?$CComContainedObject@VCOPOSCAT@@@ATL@@WHM@AGKXZ 10001a1b f i CAT.obj
 0001:00000a25       ?Release@?$CComContainedObject@VCOPOSCAT@@@ATL@@WHM@AGKXZ 10001a25 f i CAT.obj
 0001:00000a2f       ?QueryInterface@?$CComContainedObject@VCOPOSCAT@@@ATL@@WIA@AGJABU_GUID@@PAPAX@Z 10001a2f f i CAT.obj
 0001:00000a3c       ?AddRef@?$CComContainedObject@VCOPOSCAT@@@ATL@@WIA@AGKXZ 10001a3c f i CAT.obj
 0001:00000a49       ?Release@?$CComContainedObject@VCOPOSCAT@@@ATL@@WIA@AGKXZ 10001a49 f i CAT.obj
 0001:00000a56       ?QueryInterface@?$CComContainedObject@VCOPOSCAT@@@ATL@@WIE@AGJABU_GUID@@PAPAX@Z 10001a56 f i CAT.obj
 0001:00000a63       ?AddRef@?$CComContainedObject@VCOPOSCAT@@@ATL@@WIE@AGKXZ 10001a63 f i CAT.obj
 0001:00000a70       ?Release@?$CComContainedObject@VCOPOSCAT@@@ATL@@WIE@AGKXZ 10001a70 f i CAT.obj
 0001:00000a7d       ?QueryInterface@?$CComContainedObject@VCOPOSCAT@@@ATL@@WII@AGJABU_GUID@@PAPAX@Z 10001a7d f i CAT.obj
 0001:00000a8a       ?AddRef@?$CComContainedObject@VCOPOSCAT@@@ATL@@WII@AGKXZ 10001a8a f i CAT.obj
 0001:00000a97       ?Release@?$CComContainedObject@VCOPOSCAT@@@ATL@@WII@AGKXZ 10001a97 f i CAT.obj
 0001:00000aa4       ?QueryInterface@?$CComContainedObject@VCOPOSCAT@@@ATL@@WIM@AGJABU_GUID@@PAPAX@Z 10001aa4 f i CAT.obj
 0001:00000ab1       ?AddRef@?$CComContainedObject@VCOPOSCAT@@@ATL@@WIM@AGKXZ 10001ab1 f i CAT.obj
 0001:00000abe       ?Release@?$CComContainedObject@VCOPOSCAT@@@ATL@@WIM@AGKXZ 10001abe f i CAT.obj
 0001:00000acb       ?QueryInterface@?$CComContainedObject@VCOPOSCAT@@@ATL@@WJA@AGJABU_GUID@@PAPAX@Z 10001acb f i CAT.obj
 0001:00000ad8       ?AddRef@?$CComContainedObject@VCOPOSCAT@@@ATL@@WJA@AGKXZ 10001ad8 f i CAT.obj
 0001:00000ae5       ?Release@?$CComContainedObject@VCOPOSCAT@@@ATL@@WJA@AGKXZ 10001ae5 f i CAT.obj
 0001:00000af2       ?QueryInterface@?$CComContainedObject@VCOPOSCAT@@@ATL@@WJE@AGJABU_GUID@@PAPAX@Z 10001af2 f i CAT.obj
 0001:00000aff       ?AddRef@?$CComContainedObject@VCOPOSCAT@@@ATL@@WJE@AGKXZ 10001aff f i CAT.obj
 0001:00000b0c       ?Release@?$CComContainedObject@VCOPOSCAT@@@ATL@@WJE@AGKXZ 10001b0c f i CAT.obj
 0001:00000b19       ?QueryInterface@?$CComContainedObject@VCOPOSCAT@@@ATL@@WJI@AGJABU_GUID@@PAPAX@Z 10001b19 f i CAT.obj
 0001:00000b26       ?AddRef@?$CComContainedObject@VCOPOSCAT@@@ATL@@WJI@AGKXZ 10001b26 f i CAT.obj
 0001:00000b33       ?Release@?$CComContainedObject@VCOPOSCAT@@@ATL@@WJI@AGKXZ 10001b33 f i CAT.obj
 0001:00000b40       ?QueryInterface@?$CComContainedObject@VCOPOSCAT@@@ATL@@WJM@AGJABU_GUID@@PAPAX@Z 10001b40 f i CAT.obj
 0001:00000b4d       ?AddRef@?$CComContainedObject@VCOPOSCAT@@@ATL@@WJM@AGKXZ 10001b4d f i CAT.obj
 0001:00000b5a       ?Release@?$CComContainedObject@VCOPOSCAT@@@ATL@@WJM@AGKXZ 10001b5a f i CAT.obj
 0001:00000b67       ?QueryInterface@?$CComContainedObject@VCOPOSCAT@@@ATL@@WKA@AGJABU_GUID@@PAPAX@Z 10001b67 f i CAT.obj
 0001:00000b74       ?AddRef@?$CComContainedObject@VCOPOSCAT@@@ATL@@WKA@AGKXZ 10001b74 f i CAT.obj
 0001:00000b81       ?Release@?$CComContainedObject@VCOPOSCAT@@@ATL@@WKA@AGKXZ 10001b81 f i CAT.obj
 0001:00000b8e       ?AddRef@?$CComContainedObject@VCOPOSCAT@@@ATL@@WKI@AGKXZ 10001b8e f i CAT.obj
 0001:00000b9b       ?Release@?$CComContainedObject@VCOPOSCAT@@@ATL@@WKI@AGKXZ 10001b9b f i CAT.obj
 0001:00000ba8       ?AddRef@?$CComContainedObject@VCOPOSCAT@@@ATL@@WLE@AGKXZ 10001ba8 f i CAT.obj
 0001:00000bb5       ?Release@?$CComContainedObject@VCOPOSCAT@@@ATL@@WLE@AGKXZ 10001bb5 f i CAT.obj
 0001:00000bc2       ?GetWindowProc@?$CWindowImplBaseT@VCWindow@ATL@@V?$CWinTraits@$0FGAAAAAA@$0A@@2@@ATL@@UAEP6GJPAUHWND__@@IIJ@ZXZ 10001bc2 f i CAT.obj
 0001:00000bc8       ?StartWindowProc@?$CWindowImplBaseT@VCWindow@ATL@@V?$CWinTraits@$0FGAAAAAA@$0A@@2@@ATL@@SGJPAUHWND__@@IIJ@Z 10001bc8 f i CAT.obj
 0001:00000c1c       ?ObjectMain@CComObjectRootBase@ATL@@SGX_N@Z 10001c1c f i CAT.obj
 0001:00000c1c       ?OnFinalMessage@?$CWindowImplBaseT@VCWindow@ATL@@V?$CWinTraits@$0FGAAAAAA@$0A@@2@@ATL@@UAEXPAUHWND__@@@Z 10001c1c f i CAT.obj
 0001:00000c1f       ?GetTypeInfoCount@?$IDispatchImpl@UIOPOSCAT@@$1?IID_IOPOSCAT@@3U_GUID@@B$1?LIBID_OposCAT_CCO@@3U3@B$00$0A@VCComTypeInfoHolder@ATL@@@ATL@@UAGJPAI@Z 10001c1f f i CAT.obj
 0001:00000c3c       ?GetTypeInfo@?$IDispatchImpl@UIOPOSCAT@@$1?IID_IOPOSCAT@@3U_GUID@@B$1?LIBID_OposCAT_CCO@@3U3@B$00$0A@VCComTypeInfoHolder@ATL@@@ATL@@UAGJIKPAPAUITypeInfo@@@Z 10001c3c f i CAT.obj
 0001:00000c60       ?GetIDsOfNames@?$IDispatchImpl@UIOPOSCAT@@$1?IID_IOPOSCAT@@3U_GUID@@B$1?LIBID_OposCAT_CCO@@3U3@B$00$0A@VCComTypeInfoHolder@ATL@@@ATL@@UAGJABU_GUID@@PAPA_WIKPAJ@Z 10001c60 f i CAT.obj
 0001:00000c80       ?Invoke@?$IDispatchImpl@UIOPOSCAT@@$1?IID_IOPOSCAT@@3U_GUID@@B$1?LIBID_OposCAT_CCO@@3U3@B$00$0A@VCComTypeInfoHolder@ATL@@@ATL@@UAGJJABU_GUID@@KGPAUtagDISPPARAMS@@PAUtagVARIANT@@PAUtagEXCEPINFO@@PAI@Z 10001c80 f i CAT.obj
 0001:00000c8e       ?CreateControlWindow@?$CComControl@VCOPOSCAT@@V?$CWindowImpl@VCOPOSCAT@@VCWindow@ATL@@V?$CWinTraits@$0FGAAAAAA@$0A@@3@@ATL@@@ATL@@UAEPAUHWND__@@PAU3@AAUtagRECT@@@Z 10001c8e f i CAT.obj
 0001:00000cbd       ?ControlQueryInterface@?$CComControl@VCOPOSCAT@@V?$CWindowImpl@VCOPOSCAT@@VCWindow@ATL@@V?$CWinTraits@$0FGAAAAAA@$0A@@3@@ATL@@@ATL@@UAEJABU_GUID@@PAPAX@Z 10001cbd f i CAT.obj
 0001:00000cd8       ?GetClassID@?$IPersistStorageImpl@VCOPOSCAT@@@ATL@@UAGJPAU_GUID@@@Z 10001cd8 f i CAT.obj
 0001:00000cd8       ?GetClassID@?$IPersistStreamInitImpl@VCOPOSCAT@@@ATL@@UAGJPAU_GUID@@@Z 10001cd8 f i CAT.obj
 0001:00000cd8       ?GetUserClassID@?$IOleObjectImpl@VCOPOSCAT@@@ATL@@UAGJPAU_GUID@@@Z 10001cd8 f i CAT.obj
 0001:00000cfc       ?IsDirty@?$IPersistStreamInitImpl@VCOPOSCAT@@@ATL@@UAGJXZ 10001cfc f i CAT.obj
 0001:00000d1b       ?Load@?$IPersistStreamInitImpl@VCOPOSCAT@@@ATL@@UAGJPAUIStream@@@Z 10001d1b f i CAT.obj
 0001:00000d3a       ?Save@?$IPersistStreamInitImpl@VCOPOSCAT@@@ATL@@UAGJPAUIStream@@H@Z 10001d3a f i CAT.obj
 0001:00000d5c       ?GetSizeMax@?$IPersistStreamInitImpl@VCOPOSCAT@@@ATL@@UAGJPAT_ULARGE_INTEGER@@@Z 10001d5c f i CAT.obj
 0001:00000f3b       ?InitNew@?$IPersistStreamInitImpl@VCOPOSCAT@@@ATL@@UAGJXZ 10001f3b f i CAT.obj
 0001:00000f58       ?QueryGetData@?$IDataObjectImpl@VCOPOSCAT@@@ATL@@UAGJPAUtagFORMATETC@@@Z 10001f58 f i CAT.obj
 0001:00000f58       ?SODataDummy@COPOSCAT@@MAGJJ@Z 10001f58 f i CAT.obj
 0001:00000f58       ?OnMnemonic@?$IOleControlImpl@VCOPOSCAT@@@ATL@@UAGJPAUtagMSG@@@Z 10001f58 f i CAT.obj
 0001:00000f58       ?ContextSensitiveHelp@?$IOleInPlaceObjectWindowlessImpl@VCOPOSCAT@@@ATL@@UAGJH@Z 10001f58 f i CAT.obj
 0001:00000f58       ?GetControlInfo@?$IOleControlImpl@VCOPOSCAT@@@ATL@@UAGJPAUtagCONTROLINFO@@@Z 10001f58 f i CAT.obj
 0001:00000f58       ?GetDropTarget@?$IOleInPlaceObjectWindowlessImpl@VCOPOSCAT@@@ATL@@UAGJPAPAUIDropTarget@@@Z 10001f58 f i CAT.obj
 0001:00000f58       ?Unfreeze@?$IViewObjectExImpl@VCOPOSCAT@@@ATL@@UAGJK@Z 10001f58 f i CAT.obj
 0001:00000f58       ?ContextSensitiveHelp@?$IOleInPlaceActiveObjectImpl@VCOPOSCAT@@@ATL@@UAGJH@Z 10001f58 f i CAT.obj
 0001:00000f58       ?SetColorScheme@?$IOleObjectImpl@VCOPOSCAT@@@ATL@@UAGJPAUtagLOGPALETTE@@@Z 10001f58 f i CAT.obj
 0001:00000f60       ?OnAmbientPropertyChange@?$IOleControlImpl@VCOPOSCAT@@@ATL@@UAGJJ@Z 10001f60 f i CAT.obj
 0001:00000f60       ?SaveCompleted@?$IPersistStorageImpl@VCOPOSCAT@@@ATL@@UAGJPAUIStorage@@@Z 10001f60 f i CAT.obj
 0001:00000f60       ?EnableModeless@?$IOleInPlaceActiveObjectImpl@VCOPOSCAT@@@ATL@@UAGJH@Z 10001f60 f i CAT.obj
 0001:00000f60       ?OnFrameWindowActivate@?$IOleInPlaceActiveObjectImpl@VCOPOSCAT@@@ATL@@UAGJH@Z 10001f60 f i CAT.obj
 0001:00000f65       ?SetClientSite@?$IOleObjectImpl@VCOPOSCAT@@@ATL@@UAGJPAUIOleClientSite@@@Z 10001f65 f i CAT.obj
 0001:00000f82       ?GetClientSite@?$IOleObjectImpl@VCOPOSCAT@@@ATL@@UAGJPAPAUIOleClientSite@@@Z 10001f82 f i CAT.obj
 0001:00000f9f       ?SetHostNames@?$IOleObjectImpl@VCOPOSCAT@@@ATL@@UAGJPB_W0@Z 10001f9f f i CAT.obj
 0001:00000fa4       ?Close@?$IOleObjectImpl@VCOPOSCAT@@@ATL@@UAGJK@Z 10001fa4 f i CAT.obj
 0001:00000fc1       ?SetMoniker@?$IOleObjectImpl@VCOPOSCAT@@@ATL@@UAGJKPAUIMoniker@@@Z 10001fc1 f i CAT.obj
 0001:00000fc1       ?GetDataHere@?$IDataObjectImpl@VCOPOSCAT@@@ATL@@UAGJPAUtagFORMATETC@@PAUtagSTGMEDIUM@@@Z 10001fc1 f i CAT.obj
 0001:00000fc1       ?GetClipboardData@?$IOleObjectImpl@VCOPOSCAT@@@ATL@@UAGJKPAPAUIDataObject@@@Z 10001fc1 f i CAT.obj
 0001:00000fc1       ?QueryInterface@CRegObject@ATL@@UAGJABU_GUID@@PAPAX@Z 10001fc1 f i CAT.obj
 0001:00000fc1       ?GetCanonicalFormatEtc@?$IDataObjectImpl@VCOPOSCAT@@@ATL@@UAGJPAUtagFORMATETC@@0@Z 10001fc1 f i CAT.obj
 0001:00000fc1       ?GetRect@?$IViewObjectExImpl@VCOPOSCAT@@@ATL@@UAGJKPAU_RECTL@@@Z 10001fc1 f i CAT.obj
 0001:00000fc1       ?EnumFormatEtc@?$IDataObjectImpl@VCOPOSCAT@@@ATL@@UAGJKPAPAUIEnumFORMATETC@@@Z 10001fc1 f i CAT.obj
 0001:00000fc9       ?SetData@?$IDataObjectImpl@VCOPOSCAT@@@ATL@@UAGJPAUtagFORMATETC@@PAUtagSTGMEDIUM@@H@Z 10001fc9 f i CAT.obj
 0001:00000fc9       ?GetMoniker@?$IOleObjectImpl@VCOPOSCAT@@@ATL@@UAGJKKPAPAUIMoniker@@@Z 10001fc9 f i CAT.obj
 0001:00000fc9       ?InitFromData@?$IOleObjectImpl@VCOPOSCAT@@@ATL@@UAGJPAUIDataObject@@HK@Z 10001fc9 f i CAT.obj
 0001:00000fd1       ?DoVerb@?$IOleObjectImpl@VCOPOSCAT@@@ATL@@UAGJJPAUtagMSG@@PAUIOleClientSite@@JPAUHWND__@@PBUtagRECT@@@Z 10001fd1 f i CAT.obj
 0001:000010c5       ?EnumVerbs@?$IOleObjectImpl@VCOPOSCAT@@@ATL@@UAGJPAPAUIEnumOLEVERB@@@Z 100020c5 f i CAT.obj
 0001:000010e7       ?Release@CRegObject@ATL@@UAGKXZ 100020e7 f i CAT.obj
 0001:000010e7       ?HandsOffStorage@?$IPersistStorageImpl@VCOPOSCAT@@@ATL@@UAGJXZ 100020e7 f i CAT.obj
 0001:000010e7       ?Update@?$IOleObjectImpl@VCOPOSCAT@@@ATL@@UAGJXZ 100020e7 f i CAT.obj
 0001:000010e7       ?IsUpToDate@?$IOleObjectImpl@VCOPOSCAT@@@ATL@@UAGJXZ 100020e7 f i CAT.obj
 0001:000010ec       ?GetUserType@?$IOleObjectImpl@VCOPOSCAT@@@ATL@@UAGJKPAPA_W@Z 100020ec f i CAT.obj
 0001:00001104       ?SetExtent@?$IOleObjectImpl@VCOPOSCAT@@@ATL@@UAGJKPAUtagSIZE@@@Z 10002104 f i CAT.obj
 0001:00001124       ?GetExtent@?$IOleObjectImpl@VCOPOSCAT@@@ATL@@UAGJKPAUtagSIZE@@@Z 10002124 f i CAT.obj
 0001:00001162       ?Advise@?$IOleObjectImpl@VCOPOSCAT@@@ATL@@UAGJPAUIAdviseSink@@PAK@Z 10002162 f i CAT.obj
 0001:00001182       ?Unadvise@?$IOleObjectImpl@VCOPOSCAT@@@ATL@@UAGJK@Z 10002182 f i CAT.obj
 0001:000011b1       ?EnumAdvise@?$IOleObjectImpl@VCOPOSCAT@@@ATL@@UAGJPAPAUIEnumSTATDATA@@@Z 100021b1 f i CAT.obj
 0001:000011f1       ?GetMiscStatus@?$IOleObjectImpl@VCOPOSCAT@@@ATL@@UAGJKPAK@Z 100021f1 f i CAT.obj
 0001:00001209       ?GetWindow@?$IOleInPlaceActiveObjectImpl@VCOPOSCAT@@@ATL@@UAGJPAPAUHWND__@@@Z 10002209 f i CAT.obj
 0001:00001256       ?TranslateAcceleratorW@?$IOleInPlaceActiveObjectImpl@VCOPOSCAT@@@ATL@@UAGJPAUtagMSG@@@Z 10002256 f i CAT.obj
 0001:00001304       ?OnDocWindowActivate@?$IOleInPlaceActiveObjectImpl@VCOPOSCAT@@@ATL@@UAGJH@Z 10002304 f i CAT.obj
 0001:00001326       ?ResizeBorder@?$IOleInPlaceActiveObjectImpl@VCOPOSCAT@@@ATL@@UAGJPBUtagRECT@@PAUIOleInPlaceUIWindow@@H@Z 10002326 f i CAT.obj
 0001:0000132b       ?Draw@?$IViewObjectExImpl@VCOPOSCAT@@@ATL@@UAGJKJPAXPAUtagDVTARGETDEVICE@@PAUHDC__@@2PBU_RECTL@@3P6GHK@ZK@Z 1000232b f i CAT.obj
 0001:0000135d       ?GetColorSet@?$IViewObjectExImpl@VCOPOSCAT@@@ATL@@UAGJKJPAXPAUtagDVTARGETDEVICE@@PAUHDC__@@PAPAUtagLOGPALETTE@@@Z 1000235d f i CAT.obj
 0001:00001365       ?Freeze@?$IViewObjectExImpl@VCOPOSCAT@@@ATL@@UAGJKJPAXPAK@Z 10002365 f i CAT.obj
 0001:0000136d       ?SetAdvise@?$IViewObjectExImpl@VCOPOSCAT@@@ATL@@UAGJKKPAUIAdviseSink@@@Z 1000236d f i CAT.obj
 0001:0000138c       ?GetAdvise@?$IViewObjectExImpl@VCOPOSCAT@@@ATL@@UAGJPAK0PAPAUIAdviseSink@@@Z 1000238c f i CAT.obj
 0001:000013c1       ?GetExtent@?$IViewObjectExImpl@VCOPOSCAT@@@ATL@@UAGJKJPAUtagDVTARGETDEVICE@@PAUtagSIZE@@@Z 100023c1 f i CAT.obj
 0001:000013f2       ?GetViewStatus@?$IViewObjectExImpl@VCOPOSCAT@@@ATL@@UAGJPAK@Z 100023f2 f i CAT.obj
 0001:0000140f       ?QueryHitPoint@?$IViewObjectExImpl@VCOPOSCAT@@@ATL@@UAGJKPBUtagRECT@@UtagPOINT@@JPAK@Z 1000240f f i CAT.obj
 0001:00001450       ?QueryHitRect@?$IViewObjectExImpl@VCOPOSCAT@@@ATL@@UAGJKPBUtagRECT@@0JPAK@Z 10002450 f i CAT.obj
 0001:000014ab       ?GetNaturalExtent@?$IViewObjectExImpl@VCOPOSCAT@@@ATL@@UAGJKJPAUtagDVTARGETDEVICE@@PAUHDC__@@PAUtagExtentInfo@@PAUtagSIZE@@@Z 100024ab f i CAT.obj
 0001:000014f6       ?GetWindow@?$IOleInPlaceObjectWindowlessImpl@VCOPOSCAT@@@ATL@@UAGJPAPAUHWND__@@@Z 100024f6 f i CAT.obj
 0001:00001543       ?InPlaceDeactivate@?$IOleInPlaceObjectWindowlessImpl@VCOPOSCAT@@@ATL@@UAGJXZ 10002543 f i CAT.obj
 0001:0000155d       ?UIDeactivate@?$IOleInPlaceObjectWindowlessImpl@VCOPOSCAT@@@ATL@@UAGJXZ 1000255d f i CAT.obj
 0001:00001577       ?SetObjectRects@?$IOleInPlaceObjectWindowlessImpl@VCOPOSCAT@@@ATL@@UAGJPBUtagRECT@@0@Z 10002577 f i CAT.obj
 0001:00001597       ?ReactivateAndUndo@?$IOleInPlaceObjectWindowlessImpl@VCOPOSCAT@@@ATL@@UAGJXZ 10002597 f i CAT.obj
 0001:0000159f       ?OnWindowMessage@?$IOleInPlaceObjectWindowlessImpl@VCOPOSCAT@@@ATL@@UAGJIIJPAJ@Z 1000259f f i CAT.obj
 0001:0000160f       ?EnumConnectionPoints@?$IConnectionPointContainerImpl@VCOPOSCAT@@@ATL@@UAGJPAPAUIEnumConnectionPoints@@@Z 1000260f f i CAT.obj
 0001:0000179b       ?FindConnectionPoint@?$IConnectionPointContainerImpl@VCOPOSCAT@@@ATL@@UAGJABU_GUID@@PAPAUIConnectionPoint@@@Z 1000279b f i CAT.obj
 0001:0000183e       ?IsDirty@?$IPersistStorageImpl@VCOPOSCAT@@@ATL@@UAGJXZ 1000283e f i CAT.obj
 0001:0000186e       ?InitNew@?$IPersistStorageImpl@VCOPOSCAT@@@ATL@@UAGJPAUIStorage@@@Z 1000286e f i CAT.obj
 0001:0000189e       ?Load@?$IPersistStorageImpl@VCOPOSCAT@@@ATL@@UAGJPAUIStorage@@@Z 1000289e f i CAT.obj
 0001:0000190a       ?Save@?$IPersistStorageImpl@VCOPOSCAT@@@ATL@@UAGJPAUIStorage@@H@Z 1000290a f i CAT.obj
 0001:0000197d       ?GetPages@?$ISpecifyPropertyPagesImpl@VCOPOSCAT@@@ATL@@UAGJPAUtagCAUUID@@@Z 1000297d f i CAT.obj
 0001:00001994       ?QuickActivate@?$IQuickActivateImpl@VCOPOSCAT@@@ATL@@UAGJPAUtagQACONTAINER@@PAUtagQACONTROL@@@Z 10002994 f i CAT.obj
 0001:000019b7       ?SetContentExtent@?$IQuickActivateImpl@VCOPOSCAT@@@ATL@@UAGJPAUtagSIZE@@@Z 100029b7 f i CAT.obj
 0001:000019e3       ?GetContentExtent@?$IQuickActivateImpl@VCOPOSCAT@@@ATL@@UAGJPAUtagSIZE@@@Z 100029e3 f i CAT.obj
 0001:00001a1f       ?GetData@?$IDataObjectImpl@VCOPOSCAT@@@ATL@@UAGJPAUtagFORMATETC@@PAUtagSTGMEDIUM@@@Z 10002a1f f i CAT.obj
 0001:00001a42       ?DAdvise@?$IDataObjectImpl@VCOPOSCAT@@@ATL@@UAGJPAUtagFORMATETC@@KPAUIAdviseSink@@PAK@Z 10002a42 f i CAT.obj
 0001:00001a83       ?DUnadvise@?$IDataObjectImpl@VCOPOSCAT@@@ATL@@UAGJK@Z 10002a83 f i CAT.obj
 0001:00001ab1       ?EnumDAdvise@?$IDataObjectImpl@VCOPOSCAT@@@ATL@@UAGJPAPAUIEnumSTATDATA@@@Z 10002ab1 f i CAT.obj
 0001:00001af0       ?GetClassInfoW@?$IProvideClassInfo2Impl@$1?CLSID_OPOSCAT@@3U_GUID@@B$1?DIID__IOPOSCATEvents@@3U2@B$1?LIBID_OposCAT_CCO@@3U2@B$00$0A@VCComTypeInfoHolder@ATL@@@ATL@@UAGJPAPAUITypeInfo@@@Z 10002af0 f i CAT.obj
 0001:00001b06       ?GetGUID@?$IProvideClassInfo2Impl@$1?CLSID_OPOSCAT@@3U_GUID@@B$1?DIID__IOPOSCATEvents@@3U2@B$1?LIBID_OposCAT_CCO@@3U2@B$00$0A@VCComTypeInfoHolder@ATL@@@ATL@@UAGJKPAU_GUID@@@Z 10002b06 f i CAT.obj
 0001:00001b44       ?FAccessAllowed@?$IObjectSafetyImpl@VCOPOSCAT@@$02@ATL@@MAEHXZ 10002b44 f i CAT.obj
 0001:00001b44       __get_startup_argv_mode    10002b44 f i LIBCMT:argv_mode.obj
 0001:00001b48       ?GetInterfaceSafetyOptions@?$IObjectSafetyImpl@VCOPOSCAT@@$02@ATL@@UAGJABU_GUID@@PAK1@Z 10002b48 f i CAT.obj
 0001:00001bbc       ?SetInterfaceSafetyOptions@?$IObjectSafetyImpl@VCOPOSCAT@@$02@ATL@@UAGJABU_GUID@@KK@Z 10002bbc f i CAT.obj
 0001:00001c36       ?_LocCPQueryInterface@?$IConnectionPointImpl@VCOPOSCAT@@$1?IID_IPropertyNotifySink@@3U_GUID@@BVCComDynamicUnkArray@ATL@@@ATL@@UAGJABU_GUID@@PAPAX@Z 10002c36 f i CAT.obj
 0001:00001c36       ?_LocCPQueryInterface@?$IConnectionPointImpl@VCOPOSCAT@@$1?DIID__IOPOSCATEvents@@3U_GUID@@BVCComDynamicUnkArray@ATL@@@ATL@@UAGJABU_GUID@@PAPAX@Z 10002c36 f i CAT.obj
 0001:00001c83       ?GetConnectionInterface@?$IConnectionPointImpl@VCOPOSCAT@@$1?IID_IPropertyNotifySink@@3U_GUID@@BVCComDynamicUnkArray@ATL@@@ATL@@UAGJPAU_GUID@@@Z 10002c83 f i CAT.obj
 0001:00001ca7       ?GetConnectionPointContainer@?$IConnectionPointImpl@VCOPOSCAT@@$1?IID_IPropertyNotifySink@@3U_GUID@@BVCComDynamicUnkArray@ATL@@@ATL@@UAGJPAPAUIConnectionPointContainer@@@Z 10002ca7 f i CAT.obj
 0001:00001cca       ?Advise@?$IConnectionPointImpl@VCOPOSCAT@@$1?DIID__IOPOSCATEvents@@3U_GUID@@BVCComDynamicUnkArray@ATL@@@ATL@@UAGJPAUIUnknown@@PAK@Z 10002cca f i CAT.obj
 0001:00001cca       ?Advise@?$IConnectionPointImpl@VCOPOSCAT@@$1?IID_IPropertyNotifySink@@3U_GUID@@BVCComDynamicUnkArray@ATL@@@ATL@@UAGJPAUIUnknown@@PAK@Z 10002cca f i CAT.obj
 0001:00001d6a       ?Unadvise@?$IConnectionPointImpl@VCOPOSCAT@@$1?DIID__IOPOSCATEvents@@3U_GUID@@BVCComDynamicUnkArray@ATL@@@ATL@@UAGJK@Z 10002d6a f i CAT.obj
 0001:00001d6a       ?Unadvise@?$IConnectionPointImpl@VCOPOSCAT@@$1?IID_IPropertyNotifySink@@3U_GUID@@BVCComDynamicUnkArray@ATL@@@ATL@@UAGJK@Z 10002d6a f i CAT.obj
 0001:00001daa       ?EnumConnections@?$IConnectionPointImpl@VCOPOSCAT@@$1?DIID__IOPOSCATEvents@@3U_GUID@@BVCComDynamicUnkArray@ATL@@@ATL@@UAGJPAPAUIEnumConnections@@@Z 10002daa f i CAT.obj
 0001:00001daa       ?EnumConnections@?$IConnectionPointImpl@VCOPOSCAT@@$1?IID_IPropertyNotifySink@@3U_GUID@@BVCComDynamicUnkArray@ATL@@@ATL@@UAGJPAPAUIEnumConnections@@@Z 10002daa f i CAT.obj
 0001:00001ea5       ?GetObjectDescription@?$CComCoClass@VCOPOSCAT@@$1?CLSID_OPOSCAT@@3U_GUID@@B@ATL@@SGPB_WXZ 10002ea5 f i CAT.obj
 0001:00001ea5       ?GetCategoryMap@CComObjectRootBase@ATL@@SAPBU_ATL_CATMAP_ENTRY@2@XZ 10002ea5 f i CAT.obj
 0001:00001ea8       ?GetConnectionInterface@?$IConnectionPointImpl@VCOPOSCAT@@$1?DIID__IOPOSCATEvents@@3U_GUID@@BVCComDynamicUnkArray@ATL@@@ATL@@UAGJPAU_GUID@@@Z 10002ea8 f i CAT.obj
 0001:00001ecc       ?GetConnectionPointContainer@?$IConnectionPointImpl@VCOPOSCAT@@$1?DIID__IOPOSCATEvents@@3U_GUID@@BVCComDynamicUnkArray@ATL@@@ATL@@UAGJPAPAUIConnectionPointContainer@@@Z 10002ecc f i CAT.obj
 0001:00001eef       ?Lock@CAtlModule@ATL@@UAEJXZ 10002eef f i CAT.obj
 0001:00001ef9       ?Unlock@CAtlModule@ATL@@UAEJXZ 10002ef9 f i CAT.obj
 0001:00001f03       ?GetLockCount@CAtlModule@ATL@@UAEJXZ 10002f03 f i CAT.obj
 0001:00001f07       ?GetGITPtr@CAtlModule@ATL@@UAEJPAPAUIGlobalInterfaceTable@@@Z 10002f07 f i CAT.obj
 0001:00001f53       ?UpdateRegistry@COPOSCAT@@SGJH@Z 10002f53 f i CAT.obj
 0001:00001f6b       ?ProcessWindowMessage@COPOSCAT@@UAEHPAUHWND__@@IIJAAJK@Z 10002f6b f i CAT.obj
 0001:00001fb4       ?SODirectIO@COPOSCAT@@MAGJJPAJPAPA_W@Z 10002fb4 f i CAT.obj
 0001:00001ffd       ?SOError@COPOSCAT@@MAGJJJJPAJ@Z 10002ffd f i CAT.obj
 0001:00002052       ?SOOutputComplete@COPOSCAT@@MAGJJ@Z 10003052 f i CAT.obj
 0001:0000208b       ?SOStatusUpdate@COPOSCAT@@MAGJJ@Z 1000308b f i CAT.obj
 0001:000020c4       ?AddCommonRGSReplacements@?$CAtlModuleT@VCComModule@ATL@@@ATL@@UAEJPAUIRegistrarBase@@@Z 100030c4 f i CAT.obj
 0001:000020de       ?UpdateRegistryFromResourceD@CComModule@ATL@@UAGJIHPAU_ATL_REGMAP_ENTRY@2@@Z 100030de f i CAT.obj
 0001:000020de       ?UpdateRegistryFromResourceD@CComModule@ATL@@UAGJPB_WHPAU_ATL_REGMAP_ENTRY@2@@Z 100030de f i CAT.obj
 0001:000020e6       ?UpdateRegistryFromResource@CComModule@ATL@@UAGJPB_WHPAU_ATL_REGMAP_ENTRY@2@@Z 100030e6 f i CAT.obj
 0001:000020ef       ?UpdateRegistryFromResource@CComModule@ATL@@UAGJIHPAU_ATL_REGMAP_ENTRY@2@@Z 100030ef f i CAT.obj
 0001:000020f8       ??_GCComModule@ATL@@UAEPAXI@Z 100030f8 f i CAT.obj
 0001:000020f8       ??_ECComModule@ATL@@UAEPAXI@Z 100030f8 f i CAT.obj
 0001:00002120       ?CreateInstance@?$CComCreator@V?$CComObjectCached@VCComClassFactory@ATL@@@ATL@@@ATL@@SGJPAXABU_GUID@@PAPAX@Z 10003120 f i CAT.obj
 0001:000021c0       ?CreateInstance@?$CComCreator2@V?$CComCreator@V?$CComObject@VCOPOSCAT@@@ATL@@@ATL@@V?$CComCreator@V?$CComAggObject@VCOPOSCAT@@@ATL@@@2@@ATL@@SGJPAXABU_GUID@@PAPAX@Z 100031c0 f i CAT.obj
 0001:000021e0       ?AddRef@?$CComObjectCached@VCComClassFactory@ATL@@@ATL@@UAGKXZ 100031e0 f i CAT.obj
 0001:00002207       ?Release@?$CComObjectCached@VCComClassFactory@ATL@@@ATL@@UAGKXZ 10003207 f i CAT.obj
 0001:0000223d       ?QueryInterface@?$CComObjectCached@VCComClassFactory@ATL@@@ATL@@UAGJABU_GUID@@PAPAX@Z 1000323d f i CAT.obj
 0001:00002257       ??_G?$CComObjectCached@VCComClassFactory@ATL@@@ATL@@UAEPAXI@Z 10003257 f i CAT.obj
 0001:00002257       ??_E?$CComObjectCached@VCComClassFactory@ATL@@@ATL@@UAEPAXI@Z 10003257 f i CAT.obj
 0001:00002279       ?Next@?$CComEnumImpl@UIEnumConnectionPoints@@$1?_GUID_b196b285_bab4_101a_b69c_00aa00341d07@@3U__s_GUID@@BPAUIConnectionPoint@@V?$_CopyInterface@UIConnectionPoint@@@ATL@@@ATL@@UAGJKPAPAUIConnectionPoint@@PAK@Z 10003279 f i CAT.obj
 0001:00002350       ?Skip@?$CComEnumImpl@UIEnumConnectionPoints@@$1?_GUID_b196b285_bab4_101a_b69c_00aa00341d07@@3U__s_GUID@@BPAUIConnectionPoint@@V?$_CopyInterface@UIConnectionPoint@@@ATL@@@ATL@@UAGJK@Z 10003350 f i CAT.obj
 0001:0000237d       ?Reset@?$CComEnumImpl@UIEnumConnectionPoints@@$1?_GUID_b196b285_bab4_101a_b69c_00aa00341d07@@3U__s_GUID@@BPAUIConnectionPoint@@V?$_CopyInterface@UIConnectionPoint@@@ATL@@@ATL@@UAGJXZ 1000337d f i CAT.obj
 0001:0000237d       ?Reset@?$CComEnumImpl@UIEnumConnections@@$1?_GUID_b196b287_bab4_101a_b69c_00aa00341d07@@3U__s_GUID@@BUtagCONNECTDATA@@V?$_Copy@UtagCONNECTDATA@@@ATL@@@ATL@@UAGJXZ 1000337d f i CAT.obj
 0001:0000238f       ?Clone@?$CComEnumImpl@UIEnumConnectionPoints@@$1?_GUID_b196b285_bab4_101a_b69c_00aa00341d07@@3U__s_GUID@@BPAUIConnectionPoint@@V?$_CopyInterface@UIConnectionPoint@@@ATL@@@ATL@@UAGJPAPAUIEnumConnectionPoints@@@Z 1000338f f i CAT.obj
 0001:00002470       ?AddRef@?$CComObject@V?$CComEnum@UIEnumConnections@@$1?_GUID_b196b287_bab4_101a_b69c_00aa00341d07@@3U__s_GUID@@BUtagCONNECTDATA@@V?$_Copy@UtagCONNECTDATA@@@ATL@@VCComSingleThreadModel@6@@ATL@@@ATL@@UAGKXZ 10003470 f i CAT.obj
 0001:00002470       ?AddRef@?$CComObject@V?$CComEnum@UIEnumConnectionPoints@@$1?_GUID_b196b285_bab4_101a_b69c_00aa00341d07@@3U__s_GUID@@BPAUIConnectionPoint@@V?$_CopyInterface@UIConnectionPoint@@@ATL@@VCComSingleThreadModel@6@@ATL@@@ATL@@UAGKXZ 10003470 f i CAT.obj
 0001:00002481       ?Release@?$CComObject@V?$CComEnum@UIEnumConnectionPoints@@$1?_GUID_b196b285_bab4_101a_b69c_00aa00341d07@@3U__s_GUID@@BPAUIConnectionPoint@@V?$_CopyInterface@UIConnectionPoint@@@ATL@@VCComSingleThreadModel@6@@ATL@@@ATL@@UAGKXZ 10003481 f i CAT.obj
 0001:00002481       ?Release@?$CComObject@V?$CComEnum@UIEnumConnections@@$1?_GUID_b196b287_bab4_101a_b69c_00aa00341d07@@3U__s_GUID@@BUtagCONNECTDATA@@V?$_Copy@UtagCONNECTDATA@@@ATL@@VCComSingleThreadModel@6@@ATL@@@ATL@@UAGKXZ 10003481 f i CAT.obj
 0001:000024bd       ?QueryInterface@?$CComObject@V?$CComEnum@UIEnumConnectionPoints@@$1?_GUID_b196b285_bab4_101a_b69c_00aa00341d07@@3U__s_GUID@@BPAUIConnectionPoint@@V?$_CopyInterface@UIConnectionPoint@@@ATL@@VCComSingleThreadModel@6@@ATL@@@ATL@@UAGJABU_GUID@@PAPAX@Z 100034bd f i CAT.obj
 0001:000024d7       ??_E?$CComObject@V?$CComEnum@UIEnumConnectionPoints@@$1?_GUID_b196b285_bab4_101a_b69c_00aa00341d07@@3U__s_GUID@@BPAUIConnectionPoint@@V?$_CopyInterface@UIConnectionPoint@@@ATL@@VCComSingleThreadModel@6@@ATL@@@ATL@@UAEPAXI@Z 100034d7 f i CAT.obj
 0001:000024d7       ??_G?$CComObject@V?$CComEnum@UIEnumConnectionPoints@@$1?_GUID_b196b285_bab4_101a_b69c_00aa00341d07@@3U__s_GUID@@BPAUIConnectionPoint@@V?$_CopyInterface@UIConnectionPoint@@@ATL@@VCComSingleThreadModel@6@@ATL@@@ATL@@UAEPAXI@Z 100034d7 f i CAT.obj
 0001:000024f9       ?AddRef@CRegObject@ATL@@UAGKXZ 100034f9 f i CAT.obj
 0001:000024ff       ?AddReplacement@CRegObject@ATL@@UAGJPB_W0@Z 100034ff f i CAT.obj
 0001:00002538       ?ClearReplacements@CRegObject@ATL@@UAGJXZ 10003538 f i CAT.obj
 0001:0000254a       ??_ECRegObject@ATL@@UAEPAXI@Z 1000354a f i CAT.obj
 0001:0000254a       ??_GCRegObject@ATL@@UAEPAXI@Z 1000354a f i CAT.obj
 0001:0000256c       ?AddRef@?$CComAggObject@VCOPOSCAT@@@ATL@@UAGKXZ 1000356c f i CAT.obj
 0001:0000257d       ?Release@?$CComAggObject@VCOPOSCAT@@@ATL@@UAGKXZ 1000357d f i CAT.obj
 0001:000025b9       ?QueryInterface@?$CComAggObject@VCOPOSCAT@@@ATL@@UAGJABU_GUID@@PAPAX@Z 100035b9 f i CAT.obj
 0001:00002608       ?AddRef@?$CComContainedObject@VCOPOSCAT@@@ATL@@UAGKXZ 10003608 f i CAT.obj
 0001:0000261e       ?Release@?$CComContainedObject@VCOPOSCAT@@@ATL@@UAGKXZ 1000361e f i CAT.obj
 0001:00002634       ?QueryInterface@?$CComContainedObject@VCOPOSCAT@@@ATL@@UAGJABU_GUID@@PAPAX@Z 10003634 f i CAT.obj
 0001:0000264f       ??_E?$CComAggObject@VCOPOSCAT@@@ATL@@UAEPAXI@Z 1000364f f i CAT.obj
 0001:0000264f       ??_G?$CComAggObject@VCOPOSCAT@@@ATL@@UAEPAXI@Z 1000364f f i CAT.obj
 0001:00002674       ?AddRef@?$CComObject@VCOPOSCAT@@@ATL@@UAGKXZ 10003674 f i CAT.obj
 0001:0000268b       ?Release@?$CComObject@VCOPOSCAT@@@ATL@@UAGKXZ 1000368b f i CAT.obj
 0001:000026cd       ?QueryInterface@?$CComObject@VCOPOSCAT@@@ATL@@UAGJABU_GUID@@PAPAX@Z 100036cd f i CAT.obj
 0001:000026e7       ?OnDrawAdvanced@CComControlBase@ATL@@UAEJAAUATL_DRAWINFO@@@Z 100036e7 f i CAT.obj
 0001:000027da       ?Next@?$CComEnumImpl@UIEnumConnections@@$1?_GUID_b196b287_bab4_101a_b69c_00aa00341d07@@3U__s_GUID@@BUtagCONNECTDATA@@V?$_Copy@UtagCONNECTDATA@@@ATL@@@ATL@@UAGJKPAUtagCONNECTDATA@@PAK@Z 100037da f i CAT.obj
 0001:000028b1       ?Skip@?$CComEnumImpl@UIEnumConnections@@$1?_GUID_b196b287_bab4_101a_b69c_00aa00341d07@@3U__s_GUID@@BUtagCONNECTDATA@@V?$_Copy@UtagCONNECTDATA@@@ATL@@@ATL@@UAGJK@Z 100038b1 f i CAT.obj
 0001:000028de       ?Clone@?$CComEnumImpl@UIEnumConnections@@$1?_GUID_b196b287_bab4_101a_b69c_00aa00341d07@@3U__s_GUID@@BUtagCONNECTDATA@@V?$_Copy@UtagCONNECTDATA@@@ATL@@@ATL@@UAGJPAPAUIEnumConnections@@@Z 100038de f i CAT.obj
 0001:000029bf       ?QueryInterface@?$CComObject@V?$CComEnum@UIEnumConnections@@$1?_GUID_b196b287_bab4_101a_b69c_00aa00341d07@@3U__s_GUID@@BUtagCONNECTDATA@@V?$_Copy@UtagCONNECTDATA@@@ATL@@VCComSingleThreadModel@6@@ATL@@@ATL@@UAGJABU_GUID@@PAPAX@Z 100039bf f i CAT.obj
 0001:000029d9       ??_E?$CComObject@V?$CComEnum@UIEnumConnections@@$1?_GUID_b196b287_bab4_101a_b69c_00aa00341d07@@3U__s_GUID@@BUtagCONNECTDATA@@V?$_Copy@UtagCONNECTDATA@@@ATL@@VCComSingleThreadModel@6@@ATL@@@ATL@@UAEPAXI@Z 100039d9 f i CAT.obj
 0001:000029d9       ??_G?$CComObject@V?$CComEnum@UIEnumConnections@@$1?_GUID_b196b287_bab4_101a_b69c_00aa00341d07@@3U__s_GUID@@BUtagCONNECTDATA@@V?$_Copy@UtagCONNECTDATA@@@ATL@@VCComSingleThreadModel@6@@ATL@@@ATL@@UAEPAXI@Z 100039d9 f i CAT.obj
 0001:000029fb       ??$?4UITypeInfo2@@@?$CComPtr@UITypeInfo@@@ATL@@QAEPAUITypeInfo@@ABV?$CComPtr@UITypeInfo2@@@1@@Z 100039fb f i CAT.obj
 0001:00002a28       ??$AtlAdd@K@ATL@@YAJPAKKK@Z 10003a28 f i CAT.obj
 0001:00002a4b       ??$AtlAdd@_K@ATL@@YAJPA_K_K1@Z 10003a4b f i CAT.obj
 0001:00002a83       ??$AtlAddThrow@K@ATL@@YAKKK@Z 10003a83 f i CAT.obj
 0001:00002aa9       ??$AtlModuleRegisterWndClassInfoT@VAtlModuleRegisterWndClassInfoParamW@ATL@@@ATL@@YAGPAU_ATL_BASE_MODULE70@0@PAU_ATL_WIN_MODULE70@0@PAU_ATL_WNDCLASSINFOW@0@PAP6GJPAUHWND__@@IIJ@ZVAtlModuleRegisterWndClassInfoParamW@0@@Z 10003aa9 f i CAT.obj
 0001:00002bf7       ??$AtlMultiply@H@ATL@@YAJPAHHH@Z 10003bf7 f i CAT.obj
 0001:00002c2f       ??$AtlMultiply@I@ATL@@YAJPAIII@Z 10003c2f f i CAT.obj
 0001:00002c2f       ??$AtlMultiply@K@ATL@@YAJPAKKK@Z 10003c2f f i CAT.obj
 0001:00002c51       ??$AtlMultiplyThrow@I@ATL@@YAIII@Z 10003c51 f i CAT.obj
 0001:00002c77       ??0?$CComAggObject@VCOPOSCAT@@@ATL@@QAE@PAX@Z 10003c77 f i CAT.obj
 0001:00002ca4       ??0?$CComContainedObject@VCOPOSCAT@@@ATL@@QAE@PAX@Z 10003ca4 f i CAT.obj
 0001:00002d5d       ??0?$CComObject@V?$CComEnum@UIEnumConnectionPoints@@$1?_GUID_b196b285_bab4_101a_b69c_00aa00341d07@@3U__s_GUID@@BPAUIConnectionPoint@@V?$_CopyInterface@UIConnectionPoint@@@ATL@@VCComSingleThreadModel@6@@ATL@@@ATL@@QAE@PAX@Z 10003d5d f i CAT.obj
 0001:00002d8b       ??0?$CComObject@V?$CComEnum@UIEnumConnections@@$1?_GUID_b196b287_bab4_101a_b69c_00aa00341d07@@3U__s_GUID@@BUtagCONNECTDATA@@V?$_Copy@UtagCONNECTDATA@@@ATL@@VCComSingleThreadModel@6@@ATL@@@ATL@@QAE@PAX@Z 10003d8b f i CAT.obj
 0001:00002db9       ??0?$CComObject@VCOPOSCAT@@@ATL@@QAE@PAX@Z 10003db9 f i CAT.obj
 0001:00002e70       ??0?$CComQIPtr@UIOleControlSite@@$1?_GUID_b196b289_bab4_101a_b69c_00aa00341d07@@3U__s_GUID@@B@ATL@@QAE@PAUIUnknown@@@Z 10003e70 f i CAT.obj
 0001:00002e99       ??0CAtlModule@ATL@@QAE@XZ  10003e99 f i CAT.obj
 0001:00002eda       ??0CParseBuffer@CRegParser@ATL@@QAE@H@Z 10003eda f i CAT.obj
 0001:00002f10       ??0_ATL_MSG@ATL@@QAE@PAUHWND__@@IIJH@Z 10003f10 f i CAT.obj
 0001:00002f48       ??1?$CComAggObject@VCOPOSCAT@@@ATL@@UAE@XZ 10003f48 f i CAT.obj
 0001:00002f6c       ??1?$CComEnumImpl@UIEnumConnectionPoints@@$1?_GUID_b196b285_bab4_101a_b69c_00aa00341d07@@3U__s_GUID@@BPAUIConnectionPoint@@V?$_CopyInterface@UIConnectionPoint@@@ATL@@@ATL@@UAE@XZ 10003f6c f i CAT.obj
 0001:00002fac       ??1?$CComEnumImpl@UIEnumConnections@@$1?_GUID_b196b287_bab4_101a_b69c_00aa00341d07@@3U__s_GUID@@BUtagCONNECTDATA@@V?$_Copy@UtagCONNECTDATA@@@ATL@@@ATL@@UAE@XZ 10003fac f i CAT.obj
 0001:00002fec       ??1?$CComObject@V?$CComEnum@UIEnumConnectionPoints@@$1?_GUID_b196b285_bab4_101a_b69c_00aa00341d07@@3U__s_GUID@@BPAUIConnectionPoint@@V?$_CopyInterface@UIConnectionPoint@@@ATL@@VCComSingleThreadModel@6@@ATL@@@ATL@@UAE@XZ 10003fec f i CAT.obj
 0001:0000300f       ??1?$CComObject@V?$CComEnum@UIEnumConnections@@$1?_GUID_b196b287_bab4_101a_b69c_00aa00341d07@@3U__s_GUID@@BUtagCONNECTDATA@@V?$_Copy@UtagCONNECTDATA@@@ATL@@VCComSingleThreadModel@6@@ATL@@@ATL@@UAE@XZ 1000400f f i CAT.obj
 0001:00003032       ??1?$CComObject@VCOPOSCAT@@@ATL@@UAE@XZ 10004032 f i CAT.obj
 0001:000030f0       ??1?$CComObjectCached@VCComClassFactory@ATL@@@ATL@@UAE@XZ 100040f0 f i CAT.obj
 0001:00003106       ??1?$CComObjectRootEx@VCComMultiThreadModel@ATL@@@ATL@@QAE@XZ 10004106 f i CAT.obj
 0001:0000311b       ??1CRegObject@ATL@@UAE@XZ  1000411b f i CAT.obj
 0001:0000313b       ??4?$CComPtr@UIOleClientSite@@@ATL@@QAEPAUIOleClientSite@@PAU2@@Z 1000413b f i CAT.obj
 0001:0000313b       ??4?$CComPtr@UIUnknown@@@ATL@@QAEPAUIUnknown@@PAU2@@Z 1000413b f i CAT.obj
 0001:0000313b       ??4?$CComPtr@UIAdviseSink@@@ATL@@QAEPAUIAdviseSink@@PAU2@@Z 1000413b f i CAT.obj
 0001:0000316f       ??_G?$CComContainedObject@VCOPOSCAT@@@ATL@@UAEPAXI@Z 1000416f f i CAT.obj
 0001:0000316f       ??_E?$CComContainedObject@VCOPOSCAT@@@ATL@@UAEPAXI@Z 1000416f f i CAT.obj
 0001:00003194       ??_E?$CComObject@VCOPOSCAT@@@ATL@@UAEPAXI@Z 10004194 f i CAT.obj
 0001:00003194       ??_G?$CComObject@VCOPOSCAT@@@ATL@@UAEPAXI@Z 10004194 f i CAT.obj
 0001:000031b9       ?Add@?$CSimpleArray@GV?$CSimpleArrayEqualHelper@G@ATL@@@ATL@@QAEHABG@Z 100041b9 f i CAT.obj
 0001:0000323d       ?Add@?$CSimpleMap@PA_WPA_WVCExpansionVectorEqualHelper@ATL@@@ATL@@QAEHABQA_W0@Z 1000423d f i CAT.obj
 0001:00003292       ?Add@CComDynamicUnkArray@ATL@@QAEKPAUIUnknown@@@Z 10004292 f i CAT.obj
 0001:00003348       ?Add@CExpansionVector@ATL@@QAEHPB_W0@Z 10004348 f i CAT.obj
 0001:00003451       ?AddString@CParseBuffer@CRegParser@ATL@@QAEHPB_W@Z 10004451 f i CAT.obj
 0001:00003486       ?AddTermFunc@CAtlModule@ATL@@QAEJP6GXK@ZK@Z 10004486 f i CAT.obj
 0001:000034e9       ?AddValue@CRegParser@ATL@@IAEJAAVCRegKey@2@PB_WPA_W@Z 100044e9 f i CAT.obj
 0001:00003803       ?Allocate@?$CAtlSafeAllocBufferManager@VCCRTAllocator@ATL@@@_ATL_SAFE_ALLOCA_IMPL@ATL@@QAEPAXK@Z 10004803 f i CAT.obj
 0001:00003830       ?Allocate@?$CTempBuffer@E$0BAA@VCCRTAllocator@ATL@@@ATL@@QAEPAEI@Z 10004830 f i CAT.obj
 0001:0000385f       ?Allocate@?$CTempBuffer@_W$0BAA@VCCRTAllocator@ATL@@@ATL@@QAEPA_WI@Z 1000485f f i CAT.obj
 0001:0000388e       ?Allocate@?$CTempBuffer@_W$0EAA@VCCRTAllocator@ATL@@@ATL@@QAEPA_WI@Z 1000488e f i CAT.obj
 0001:000038bd       ?AllocateHeap@?$CTempBuffer@_W$0BAA@VCCRTAllocator@ATL@@@ATL@@AAEXI@Z 100048bd f i CAT.obj
 0001:000038bd       ?AllocateHeap@?$CTempBuffer@_W$0EAA@VCCRTAllocator@ATL@@@ATL@@AAEXI@Z 100048bd f i CAT.obj
 0001:000038bd       ?AllocateHeap@?$CTempBuffer@E$0BAA@VCCRTAllocator@ATL@@@ATL@@AAEXI@Z 100048bd f i CAT.obj
 0001:000038e2       ?Append@CParseBuffer@CRegParser@ATL@@QAEHPB_WH@Z 100048e2 f i CAT.obj
 0001:00003970       ?AtlCoTaskMemCAlloc@ATL@@YAPAXKK@Z 10004970 f i CAT.obj
 0001:0000399d       ?AtlCoTaskMemRecalloc@ATL@@YAPAXPAXKK@Z 1000499d f i CAT.obj
 0001:000039cd       ?AtlComModuleGetClassObject@ATL@@YGJPAU_ATL_COM_MODULE70@1@ABU_GUID@@1PAPAX@Z 100049cd f i CAT.obj
 0001:00003ac0       ?AtlComModuleRegisterServer@ATL@@YGJPAU_ATL_COM_MODULE70@1@HPBU_GUID@@@Z 10004ac0 f i CAT.obj
 0001:00003b48       ?AtlComModuleUnregisterServer@ATL@@YGJPAU_ATL_COM_MODULE70@1@HPBU_GUID@@@Z 10004b48 f i CAT.obj
 0001:00003bd0       ?AtlComQIPtrAssign2@ATL@@YAXPAPAUIUnknown@@PAU2@ABU_GUID@@@Z 10004bd0 f i CAT.obj
 0001:00003bff       ?AtlCreateTargetDC@ATL@@YGPAUHDC__@@PAU2@PAUtagDVTARGETDEVICE@@@Z 10004bff f i CAT.obj
 0001:00003c68       ?AtlCrtErrorCheck@ATL@@YAHH@Z 10004c68 f i CAT.obj
 0001:00003ca3       ?AtlHiMetricToPixel@ATL@@YGXPBUtagSIZE@@PAU2@@Z 10004ca3 f i CAT.obj
 0001:00003d18       ?AtlHresultFromLastError@ATL@@YAJXZ 10004d18 f i CAT.obj
 0001:00003d2f       ?AtlHresultFromWin32@ATL@@YAJK@Z 10004d2f f i CAT.obj
 0001:00003d44       ?AtlInternalOleLoadFromStream@ATL@@YAJPAUIStream@@ABU_GUID@@PAPAXTClassesAllowedInStream@1@K@Z 10004d44 f i CAT.obj
 0001:00003e62       ?AtlInternalQueryInterface@ATL@@YGJPAXPBU_ATL_INTMAP_ENTRY@1@ABU_GUID@@PAPAX@Z 10004e62 f i CAT.obj
 0001:00003f05       ?AtlLoadTypeLib@ATL@@YGJPAUHINSTANCE__@@PB_WPAPA_WPAPAUITypeLib@@@Z 10004f05 f i CAT.obj
 0001:000040e3       ?AtlRegisterClassCategoriesHelper@ATL@@YGJABU_GUID@@PBU_ATL_CATMAP_ENTRY@1@H@Z 100050e3 f i CAT.obj
 0001:000043df       ?AtlRegisterTypeLib@ATL@@YGJPAUHINSTANCE__@@PB_W@Z 100053df f i CAT.obj
 0001:00004567       ?AtlThrowImpl@ATL@@YGXJ@Z  10005567 f i CAT.obj
 0001:00004585       ?AtlUnRegisterTypeLib@ATL@@YGJPAUHINSTANCE__@@PB_W@Z 10005585 f i CAT.obj
 0001:00004630       ?AtlWinModuleAddCreateWndData@ATL@@YGXPAU_ATL_WIN_MODULE70@1@PAU_AtlCreateWndData@1@PAX@Z 10005630 f i CAT.obj
 0001:00004684       ?AtlWinModuleExtractCreateWndData@ATL@@YGPAXPAU_ATL_WIN_MODULE70@1@@Z 10005684 f i CAT.obj
 0001:000046e7       ?AtlWinModuleRegisterClassExW@ATL@@YGGPAU_ATL_WIN_MODULE70@1@PBUtagWNDCLASSEXW@@@Z 100056e7 f i CAT.obj
 0001:00004726       ?CanForceRemoveKey@CRegParser@ATL@@IAEHPB_W@Z 10005726 f i CAT.obj
 0001:00004755       ?ChToByte@CRegParser@ATL@@KAE_W@Z 10005755 f i CAT.obj
 0001:00004788       ?Cleanup@CComTypeInfoHolder@ATL@@SGXK@Z 10005788 f i CAT.obj
 0001:000047bb       ?ClearReplacements@CExpansionVector@ATL@@QAEJXZ 100057bb f i CAT.obj
 0001:000047f8       ?Close@CRegKey@ATL@@QAEJXZ 100057f8 f i CAT.obj
 0001:00004812       ?CreateInstance@?$CComCreator@V?$CComAggObject@VCOPOSCAT@@@ATL@@@ATL@@SGJPAXABU_GUID@@PAPAX@Z 10005812 f i CAT.obj
 0001:00004887       ?CreateInstance@?$CComCreator@V?$CComObject@VCOPOSCAT@@@ATL@@@ATL@@SGJPAXABU_GUID@@PAPAX@Z 10005887 f i CAT.obj
 0001:00004907       ?CreateInstance@?$CComObject@V?$CComEnum@UIEnumConnectionPoints@@$1?_GUID_b196b285_bab4_101a_b69c_00aa00341d07@@3U__s_GUID@@BPAUIConnectionPoint@@V?$_CopyInterface@UIConnectionPoint@@@ATL@@VCComSingleThreadModel@6@@ATL@@@ATL@@SGJPAPAV12@@Z 10005907 f i CAT.obj
 0001:00004951       ?CreateInstance@?$CComObject@V?$CComEnum@UIEnumConnections@@$1?_GUID_b196b287_bab4_101a_b69c_00aa00341d07@@3U__s_GUID@@BUtagCONNECTDATA@@V?$_Copy@UtagCONNECTDATA@@@ATL@@VCComSingleThreadModel@6@@ATL@@@ATL@@SGJPAPAV12@@Z 10005951 f i CAT.obj
 0001:0000499b       ?DefaultReflectionHandler@?$CWindowImplRoot@VCWindow@ATL@@@ATL@@SAHPAUHWND__@@IIJAAJ@Z 1000599b f i CAT.obj
 0001:00004a0e       ?DeleteSubKey@CRegKey@ATL@@QAEJPB_W@Z 10005a0e f i CAT.obj
 0001:00004a87       ?DoEvent@COPOSCAT@@IAEXIIJ@Z 10005a87 f i CAT.obj
 0001:00004b07       ?DoVerbHide@?$IOleObjectImpl@VCOPOSCAT@@@ATL@@QAEJPBUtagRECT@@PAUHWND__@@@Z 10005b07 f i CAT.obj
 0001:00004b3d       ?DoVerbInPlaceActivate@?$IOleObjectImpl@VCOPOSCAT@@@ATL@@QAEJPBUtagRECT@@PAUHWND__@@@Z 10005b3d f i CAT.obj
 0001:00004b70       ?DoVerbPrimary@?$IOleObjectImpl@VCOPOSCAT@@@ATL@@QAEJPBUtagRECT@@PAUHWND__@@@Z 10005b70 f i CAT.obj
 0001:00004bfc       ?DoVerbProperties@CComControlBase@ATL@@QAEJPBUtagRECT@@PAUHWND__@@@Z 10005bfc f i CAT.obj
 0001:00004d7b       ?DoVerbUIActivate@?$IOleObjectImpl@VCOPOSCAT@@@ATL@@QAEJPBUtagRECT@@PAUHWND__@@@Z 10005d7b f i CAT.obj
 0001:00004db8       ?DoesVerbActivate@CComControlBase@ATL@@QAEHJ@Z 10005db8 f i CAT.obj
 0001:00004dd9       ?DoesVerbUIActivate@CComControlBase@ATL@@QAEHJ@Z 10005dd9 f i CAT.obj
 0001:00004e0e       ?EndOfVar@CRegParser@ATL@@IAEHXZ 10005e0e f i CAT.obj
 0001:00004e2e       ?EscapeSingleQuote@CAtlModule@ATL@@SAXPA_WIPB_W@Z 10005e2e f i CAT.obj
 0001:00004e7d       ?FindKey@?$CSimpleMap@PA_WPA_WVCExpansionVectorEqualHelper@ATL@@@ATL@@QBEHABQA_W@Z 10005e7d f i CAT.obj
 0001:00004eb4       ?FireTheEvent@?$CProxy_IOPOSEvents@VCOPOSCAT@@@@IAEXPAVOposVariant@@IAAJPB_WJ@Z 10005eb4 f i CAT.obj
 0001:00004f46       ?FireViewChange@CComControlBase@ATL@@QAEJXZ 10005f46 f i CAT.obj
 0001:00004f8f       ?Fire_DirectIOEvent@?$CProxy_IOPOSEvents@VCOPOSCAT@@@@QAEXJPAJPAPA_W@Z 10005f8f f i CAT.obj
 0001:0000507b       ?Fire_ErrorEvent@?$CProxy_IOPOSEvents@VCOPOSCAT@@@@QAEXJJJPAJ@Z 1000607b f i CAT.obj
 0001:0000516c       ?Fire_OutputCompleteEvent@?$CProxy_IOPOSEvents@VCOPOSCAT@@@@QAEXJ@Z 1000616c f i CAT.obj
 0001:00005202       ?Fire_StatusUpdateEvent@?$CProxy_IOPOSEvents@VCOPOSCAT@@@@QAEXJ@Z 10006202 f i CAT.obj
 0001:00005298       ?FreeHeap@?$CTempBuffer@_W$0EAA@VCCRTAllocator@ATL@@@ATL@@AAEXXZ 10006298 f i CAT.obj
 0001:00005298       ?FreeHeap@?$CTempBuffer@_W$0BAA@VCCRTAllocator@ATL@@@ATL@@AAEXXZ 10006298 f i CAT.obj
 0001:00005298       ?FreeHeap@?$CTempBuffer@E$0BAA@VCCRTAllocator@ATL@@@ATL@@AAEXXZ 10006298 f i CAT.obj
 0001:000052a1       ?GetAmbientLocaleID@CComControlBase@ATL@@QAEJAAK@Z 100062a1 f i CAT.obj
 0001:000052fd       ?GetAmbientUserMode@CComControlBase@ATL@@QAEJAAH@Z 100062fd f i CAT.obj
 0001:0000536d       ?GetAt@CComDynamicUnkArray@ATL@@QAEPAUIUnknown@@H@Z 1000636d f i CAT.obj
 0001:00005389       ?GetClassObject@CComModule@ATL@@QAEJABU_GUID@@0PAPAX@Z 10006389 f i CAT.obj
 0001:0000542b       ?GetConnMap@COPOSCAT@@SAPBU_ATL_CONNMAP_ENTRY@ATL@@PAH@Z 1000642b f i CAT.obj
 0001:0000549b       ?GetCookie@CComDynamicUnkArray@ATL@@QAGKPAPAUIUnknown@@@Z 1000649b f i CAT.obj
 0001:000054d3       ?GetIDsOfNames@CComTypeInfoHolder@ATL@@QAEJABU_GUID@@PAPA_WIKPAJ@Z 100064d3 f i CAT.obj
 0001:000055fa       ?GetKeyAt@?$CSimpleMap@PA_WPA_WVCExpansionVectorEqualHelper@ATL@@@ATL@@QBEAAPA_WH@Z 100065fa f i CAT.obj
 0001:0000561f       ?GetPagesHelper@?$ISpecifyPropertyPagesImpl@VCOPOSCAT@@@ATL@@IAEJPAUtagCAUUID@@PBUATL_PROPMAP_ENTRY@2@@Z 1000661f f i CAT.obj
 0001:00005746       ?GetProperty@?$CComPtr@UIDispatch@@@ATL@@SAJPAUIDispatch@@JPAUtagVARIANT@@@Z 10006746 f i CAT.obj
 0001:00005795       ?GetSizeMax@CComVariant@ATL@@QBEJPAT_ULARGE_INTEGER@@@Z 10006795 f i CAT.obj
 0001:00005957       ?GetTI@CComTypeInfoHolder@ATL@@QAEJK@Z 10006957 f i CAT.obj
 0001:00005b36       ?GetTI@CComTypeInfoHolder@ATL@@QAEJKPAPAUITypeInfo@@@Z 10006b36 f i CAT.obj
 0001:00005b78       ?GetUnknown@CComDynamicUnkArray@ATL@@QAGPAUIUnknown@@K@Z 10006b78 f i CAT.obj
 0001:00005b99       ?GetValueAt@?$CSimpleMap@PA_WPA_WVCExpansionVectorEqualHelper@ATL@@@ATL@@QBEAAPA_WH@Z 10006b99 f i CAT.obj
 0001:00005bbf       ?GetZoomInfo@CComControlBase@ATL@@QAEXAAUATL_DRAWINFO@@@Z 10006bbf f i CAT.obj
 0001:00005c52       ?HKeyFromString@CRegParser@ATL@@KAPAUHKEY__@@PA_W@Z 10006c52 f i CAT.obj
 0001:00005c80       ?HasSubKeys@CRegParser@ATL@@IAEHPAUHKEY__@@@Z 10006c80 f i CAT.obj
 0001:00005cb5       ?IDataObject_GetData@CComControlBase@ATL@@QAEJPAUtagFORMATETC@@PAUtagSTGMEDIUM@@@Z 10006cb5 f i CAT.obj
 0001:00005e5b       ?IOleInPlaceObject_InPlaceDeactivate@CComControlBase@ATL@@QAEJXZ 10006e5b f i CAT.obj
 0001:00005ee2       ?IOleInPlaceObject_SetObjectRects@CComControlBase@ATL@@QAEJPBUtagRECT@@0@Z 10006ee2 f i CAT.obj
 0001:00005faf       ?IOleInPlaceObject_UIDeactivate@CComControlBase@ATL@@QAEJXZ 10006faf f i CAT.obj
 0001:00006071       ?IOleObject_Advise@CComControlBase@ATL@@QAEJPAUIAdviseSink@@PAK@Z 10007071 f i CAT.obj
 0001:0000609b       ?IOleObject_Close@CComControlBase@ATL@@QAEJK@Z 1000709b f i CAT.obj
 0001:0000617f       ?IOleObject_GetClientSite@CComControlBase@ATL@@QAEJPAPAUIOleClientSite@@@Z 1000717f f i CAT.obj
 0001:000061a8       ?IOleObject_SetClientSite@CComControlBase@ATL@@QAEJPAUIOleClientSite@@@Z 100071a8 f i CAT.obj
 0001:000061e7       ?IOleObject_SetExtent@CComControlBase@ATL@@QAEJKPAUtagSIZE@@@Z 100071e7 f i CAT.obj
 0001:00006299       ?IPSI_GetIPersistStreamInit@?$IPersistStorageImpl@VCOPOSCAT@@@ATL@@AAEPAUIPersistStreamInit@@XZ 10007299 f i CAT.obj
 0001:00006341       ?IPersistStreamInit_Load@?$IPersistStreamInitImpl@VCOPOSCAT@@@ATL@@QAEJPAUIStream@@PBUATL_PROPMAP_ENTRY@2@@Z 10007341 f i CAT.obj
 0001:000065b6       ?IPersistStreamInit_Save@?$IPersistStreamInitImpl@VCOPOSCAT@@@ATL@@QAEJPAUIStream@@HPBUATL_PROPMAP_ENTRY@2@@Z 100075b6 f i CAT.obj
 0001:000067a4       ?IQuickActivate_QuickActivate@CComControlBase@ATL@@QAEJPAUtagQACONTAINER@@PAUtagQACONTROL@@@Z 100077a4 f i CAT.obj
 0001:000069e6       ?IViewObject_Draw@CComControlBase@ATL@@QAEJKJPAXPAUtagDVTARGETDEVICE@@PAUHDC__@@2PBU_RECTL@@3@Z 100079e6 f i CAT.obj
 0001:00006a8e       ?InPlaceActivate@CComControlBase@ATL@@QAEJJPBUtagRECT@@@Z 10007a8e f i CAT.obj
 0001:00006cff       ?Init@?$CComEnumImpl@UIEnumConnectionPoints@@$1?_GUID_b196b285_bab4_101a_b69c_00aa00341d07@@3U__s_GUID@@BPAUIConnectionPoint@@V?$_CopyInterface@UIConnectionPoint@@@ATL@@@ATL@@QAEJPAPAUIConnectionPoint@@0PAUIUnknown@@W4CComEnumFlags@2@@Z 10007cff f i CAT.obj
 0001:00006dde       ?Init@?$CComEnumImpl@UIEnumConnections@@$1?_GUID_b196b287_bab4_101a_b69c_00aa00341d07@@3U__s_GUID@@BUtagCONNECTDATA@@V?$_Copy@UtagCONNECTDATA@@@ATL@@@ATL@@QAEJPAUtagCONNECTDATA@@0PAUIUnknown@@W4CComEnumFlags@2@@Z 10007dde f i CAT.obj
 0001:00006ebd       ?Init@CComModule@ATL@@QAEJPAU_ATL_OBJMAP_ENTRY30@2@PAUHINSTANCE__@@PBU_GUID@@@Z 10007ebd f i CAT.obj
 0001:00006f1c       ?Init@CDynamicStdCallThunk2@ATL@@QAEHKPAX@Z 10007f1c f i CAT.obj
 0001:00006f47       ?InlineIsEqualUnknown@ATL@@YGHABU_GUID@@@Z 10007f47 f i CAT.obj
 0001:00006f6f       ?InternalSetAtIndex@?$CSimpleMap@PA_WPA_WVCExpansionVectorEqualHelper@ATL@@@ATL@@QAEXHABQA_W0@Z 10007f6f f i CAT.obj
 0001:00006f99       ?Invoke@CComTypeInfoHolder@ATL@@QAEJPAUIDispatch@@JABU_GUID@@KGPAUtagDISPPARAMS@@PAUtagVARIANT@@PAUtagEXCEPINFO@@PAI@Z 10007f99 f i CAT.obj
 0001:00006fdc       ?IsEqualObject@?$CComPtrBase@UIOleClientSite@@@ATL@@QAE_NPAUIUnknown@@@Z 10007fdc f i CAT.obj
 0001:00006fdc       ?IsEqualObject@?$CComPtrBase@UITypeInfo@@@ATL@@QAE_NPAUIUnknown@@@Z 10007fdc f i CAT.obj
 0001:00007049       ?IsSpace@CRegParser@ATL@@IAEH_W@Z 10008049 f i CAT.obj
 0001:00007073       ?LoadNameCache@CComTypeInfoHolder@ATL@@QAEJPAUITypeInfo@@@Z 10008073 f i CAT.obj
 0001:000071a8       ?Lookup@?$CSimpleMap@PA_WPA_WVCExpansionVectorEqualHelper@ATL@@@ATL@@QBEPA_WABQA_W@Z 100081a8 f i CAT.obj
 0001:000071ce       ?NextToken@CRegParser@ATL@@IAEJPA_W@Z 100081ce f i CAT.obj
 0001:00007306       ?OnKillFocus@CComControlBase@ATL@@QAEJIIJAAH@Z 10008306 f i CAT.obj
 0001:00007361       ?OnMouseActivate@CComControlBase@ATL@@QAEJIIJAAH@Z 10008361 f i CAT.obj
 0001:000073cf       ?OnPaint@CComControlBase@ATL@@QAEJIIJAAH@Z 100083cf f i CAT.obj
 0001:00007481       ?OnSetFocus@CComControlBase@ATL@@QAEJIIJAAH@Z 10008481 f i CAT.obj
 0001:0000750a       ?Open@CRegKey@ATL@@QAEJPAUHKEY__@@PB_WK@Z 1000850a f i CAT.obj
 0001:0000755f       ?PreProcessBuffer@CRegParser@ATL@@QAEJPA_WPAPA_W@Z 1000855f f i CAT.obj
 0001:000077ce       ?ProcessWindowMessage@?$CComControl@VCOPOSCAT@@V?$CWindowImpl@VCOPOSCAT@@VCWindow@ATL@@V?$CWinTraits@$0FGAAAAAA@$0A@@3@@ATL@@@ATL@@UAEHPAUHWND__@@IIJAAJK@Z 100087ce f i CAT.obj
 0001:0000786d       ?ReadFromStream@CComBSTR@ATL@@QAEJPAUIStream@@@Z 1000886d f i CAT.obj
 0001:00007990       ?ReadFromStream@CComVariant@ATL@@QAEJPAUIStream@@GTClassesAllowedInStream@2@K@Z 10008990 f i CAT.obj
 0001:00007b1a       ?RecurseDeleteKey@CRegKey@ATL@@QAEJPB_W@Z 10008b1a f i CAT.obj
 0001:00007c08       ?RegCreateKeyExW@CAtlTransactionManager@ATL@@QAEJPAUHKEY__@@PB_WKPA_WKKQAU_SECURITY_ATTRIBUTES@@PAPAU3@PAK@Z 10008c08 f i CAT.obj
 0001:00007c6b       ?RegDeleteKeyW@CAtlTransactionManager@ATL@@QAEJPAUHKEY__@@PB_W@Z 10008c6b f i CAT.obj
 0001:00007cbd       ?RegOpenKeyExW@CAtlTransactionManager@ATL@@QAEJPAUHKEY__@@PB_WKKPAPAU3@@Z 10008cbd f i CAT.obj
 0001:00007d14       ?Register@_ATL_WNDCLASSINFOW@ATL@@QAEGPAP6GJPAUHWND__@@IIJ@Z@Z 10008d14 f i CAT.obj
 0001:00007d34       ?RegisterBuffer@CRegParser@ATL@@QAEJPA_WH@Z 10008d34 f i CAT.obj
 0001:00007e7b       ?RegisterFromResource@CRegObject@ATL@@IAEJPB_W00H@Z 10008e7b f i CAT.obj
 0001:00007fb1       ?RegisterServer@?$CAtlModuleT@VCComModule@ATL@@@ATL@@QAEJHPBU_GUID@@@Z 10008fb1 f i CAT.obj
 0001:00007fdf       ?RegisterServer@CComModule@ATL@@QAEJHPBU_GUID@@@Z 10008fdf f i CAT.obj
 0001:00008055       ?RegisterSubkeys@CRegParser@ATL@@IAEJPA_WPAUHKEY__@@HH@Z 10009055 f i CAT.obj
 0001:00008702       ?Remove@CComDynamicUnkArray@ATL@@QAEHK@Z 10009702 f i CAT.obj
 0001:0000872b       ?RemoveAll@?$CSimpleMap@PA_WPA_WVCExpansionVectorEqualHelper@ATL@@@ATL@@QAEXXZ 1000972b f i CAT.obj
 0001:00008757       ?ResourceRegisterSz@CRegObject@ATL@@QAGJPB_W00@Z 10009757 f i CAT.obj
 0001:00008784       ?ResourceUnregisterSz@CRegObject@ATL@@QAGJPB_W00@Z 10009784 f i CAT.obj
 0001:000087b1       ?SendOnDataChange@CComControlBase@ATL@@QAEJK@Z 100097b1 f i CAT.obj
 0001:000087fe       ?SetControlFocus@CComControlBase@ATL@@QAEHH@Z 100097fe f i CAT.obj
 0001:0000889b       ?SetMultiStringValue@CRegKey@ATL@@QAEJPB_W0@Z 1000989b f i CAT.obj
 0001:000088f7       ?SetStringValue@CRegKey@ATL@@QAEJPB_W0K@Z 100098f7 f i CAT.obj
 0001:00008940       ?SkipAssignment@CRegParser@ATL@@IAEJPA_W@Z 10009940 f i CAT.obj
 0001:000089a5       ?SkipWhiteSpace@CRegParser@ATL@@IAEXXZ 100099a5 f i CAT.obj
 0001:000089c7       ?StrChrW@CRegParser@ATL@@KAPA_WPA_W_W@Z 100099c7 f i CAT.obj
 0001:00008a04       ?Term@CAtlModule@ATL@@QAEXXZ 10009a04 f i CAT.obj
 0001:00008a57       ?Term@CComModule@ATL@@QAEXXZ 10009a57 f i CAT.obj
 0001:00008aaf       ?UnregisterServer@?$CAtlModuleT@VCComModule@ATL@@@ATL@@QAEJHPBU_GUID@@@Z 10009aaf f i CAT.obj
 0001:00008ad5       ?UnregisterServer@CComModule@ATL@@QAEJHPBU_GUID@@@Z 10009ad5 f i CAT.obj
 0001:00008b4b       ?UpdateRegistryFromResource@CAtlModule@ATL@@QAGJIHPAU_ATL_REGMAP_ENTRY@2@@Z 10009b4b f i CAT.obj
 0001:00008d16       ?UpdateRegistryFromResource@CAtlModule@ATL@@QAGJPB_WHPAU_ATL_REGMAP_ENTRY@2@@Z 10009d16 f i CAT.obj
 0001:00008ee7       ?VTFromRegType@CRegParser@ATL@@KAHPB_WAAG@Z 10009ee7 f i CAT.obj
 0001:00008f54       ?WindowProc@?$CWindowImplBaseT@VCWindow@ATL@@V?$CWinTraits@$0FGAAAAAA@$0A@@2@@ATL@@SGJPAUHWND__@@IIJ@Z 10009f54 f i CAT.obj
 0001:00009046       ?WriteToStream@CComBSTR@ATL@@QAEJPAUIStream@@@Z 1000a046 f i CAT.obj
 0001:000090a8       ?WriteToStream@CComVariant@ATL@@QAEJPAUIStream@@@Z 1000a0a8 f i CAT.obj
 0001:00009222       ?WriteToStream@CComVariant@ATL@@QAEJPAUIStream@@G@Z 1000a222 f i CAT.obj
 0001:0000928b       ?_AtlInitialConstruct@?$CComObjectRootEx@VCComMultiThreadModel@ATL@@@ATL@@QAEJXZ 1000a28b f i CAT.obj
 0001:000092a0       ?_AtlVerifyStackAvailable@_ATL_SAFE_ALLOCA_IMPL@ATL@@YA_NK@Z 1000a2a0 f i CAT.obj
 0001:0000931e       ?atlCreate@?$CWindowImpl@VCOPOSCAT@@VCWindow@ATL@@V?$CWinTraits@$0FGAAAAAA@$0A@@3@@ATL@@QAEPAUHWND__@@PAU3@V_U_RECT@2@PB_WKKV_U_MENUorID@2@PAX@Z 1000a31e f i CAT.obj
 0001:00009362       ?atlCreate@?$CWindowImplBaseT@VCWindow@ATL@@V?$CWinTraits@$0FGAAAAAA@$0A@@2@@ATL@@QAEPAUHWND__@@PAU3@V_U_RECT@2@PB_WKKV_U_MENUorID@2@GPAX@Z 1000a362 f i CAT.obj
 0001:000093fe       ?copy@?$_Copy@UtagCONNECTDATA@@@ATL@@SAJPAUtagCONNECTDATA@@PBU3@@Z 1000a3fe f i CAT.obj
 0001:00009434       ?copy@?$_CopyInterface@UIConnectionPoint@@@ATL@@SAJPAPAUIConnectionPoint@@PBQAU3@@Z 1000a434 f i CAT.obj
 0001:00009462       ?memcpy_s@Checked@ATL@@YAXPAXIPBXI@Z 1000a462 f i CAT.obj
 0001:00009481       ?ocscpy_s@@YA_NPA_WIPB_W@Z 1000a481 f i CAT.obj
 0001:000094cb       ?wcscpy_s@Checked@ATL@@YAXPA_WIPB_W@Z 1000a4cb f i CAT.obj
 0001:000094e7       _DllCanUnloadNow@0         1000a4e7 f   CAT.obj
 0001:000094f3       _DllGetClassObject@12      1000a4f3 f   CAT.obj
 0001:00009501       _DllMain@12                1000a501 f   CAT.obj
 0001:00009543       _DllRegisterServer@0       1000a543 f   CAT.obj
 0001:00009552       _DllUnregisterServer@0     1000a552 f   CAT.obj
 0001:00009561       _InlineIsEqualGUID         1000a561 f i CAT.obj
 0001:00009591       ___local_stdio_printf_options 1000a591 f i CAT.obj
 0001:00009597       __vswprintf_s_l            1000a597 f i CAT.obj
 0001:00009644       _swprintf_s                1000a644 f i CAT.obj
 0001:00009660       ??0?$CComControl@VCOPOSCAT@@V?$CWindowImpl@VCOPOSCAT@@VCWindow@ATL@@V?$CWinTraits@$0FGAAAAAA@$0A@@3@@ATL@@@ATL@@QAE@XZ 1000a660 f i CATImpl.obj
 0001:00009687       ??0?$CProxy_IOPOSEvents@VCOPOSCAT@@@@QAE@XZ 1000a687 f i CATImpl.obj
 0001:000096a7       ??0CComControlBase@ATL@@QAE@AAPAUHWND__@@@Z 1000a6a7 f i CATImpl.obj
 0001:000096f7       ??0COPOSCAT@@QAE@XZ        1000a6f7 f   CATImpl.obj
 0001:0000972d       ??1?$CComControl@VCOPOSCAT@@V?$CWindowImpl@VCOPOSCAT@@VCWindow@ATL@@V?$CWinTraits@$0FGAAAAAA@$0A@@3@@ATL@@@ATL@@UAE@XZ 1000a72d f i CATImpl.obj
 0001:00009746       ??1?$IConnectionPointImpl@VCOPOSCAT@@$1?DIID__IOPOSCATEvents@@3U_GUID@@BVCComDynamicUnkArray@ATL@@@ATL@@QAE@XZ 1000a746 f i CATImpl.obj
 0001:00009746       ??1?$IConnectionPointImpl@VCOPOSCAT@@$1?IID_IPropertyNotifySink@@3U_GUID@@BVCComDynamicUnkArray@ATL@@@ATL@@QAE@XZ 1000a746 f i CATImpl.obj
 0001:00009783       ??1CComControlBase@ATL@@UAE@XZ 1000a783 f i CATImpl.obj
 0001:000097e6       ??1COPOSCAT@@UAE@XZ        1000a7e6 f   CATImpl.obj
 0001:0000982e       ?AccessDailyLog@COPOSCAT@@UAGJJJJPAJ@Z 1000a82e f   CATImpl.obj
 0001:000098c4       ?AuthorizeCompletion@COPOSCAT@@UAGJJTtagCY@@0JPAJ@Z 1000a8c4 f   CATImpl.obj
 0001:0000996b       ?AuthorizePreSales@COPOSCAT@@UAGJJTtagCY@@0JPAJ@Z 1000a96b f   CATImpl.obj
 0001:00009a12       ?AuthorizeRefund@COPOSCAT@@UAGJJTtagCY@@0JPAJ@Z 1000aa12 f   CATImpl.obj
 0001:00009ab9       ?AuthorizeSales@COPOSCAT@@UAGJJTtagCY@@0JPAJ@Z 1000aab9 f   CATImpl.obj
 0001:00009b60       ?AuthorizeVoid@COPOSCAT@@UAGJJTtagCY@@0JPAJ@Z 1000ab60 f   CATImpl.obj
 0001:00009c07       ?AuthorizeVoidPreSales@COPOSCAT@@UAGJJTtagCY@@0JPAJ@Z 1000ac07 f   CATImpl.obj
 0001:00009cae       ?CashDeposit@COPOSCAT@@UAGJJTtagCY@@JPAJ@Z 1000acae f   CATImpl.obj
 0001:00009d47       ?CheckCard@COPOSCAT@@UAGJJJPAJ@Z 1000ad47 f   CATImpl.obj
 0001:00009dbb       ?CheckHealth@COPOSCAT@@UAGJJPAJ@Z 1000adbb f   CATImpl.obj
 0001:00009e0a       ?ClaimDevice@COPOSCAT@@UAGJJPAJ@Z 1000ae0a f   CATImpl.obj
 0001:00009e7f       ?ClearOutput@COPOSCAT@@UAGJPAJ@Z 1000ae7f f   CATImpl.obj
 0001:00009e9a       ?Close@COPOSCAT@@UAGJPAJ@Z 1000ae9a f   CATImpl.obj
 0001:00009f08       ?CompareFirmwareVersion@COPOSCAT@@UAGJPA_WPAJ1@Z 1000af08 f   CATImpl.obj
 0001:00009f88       ?DirectIO@COPOSCAT@@UAGJJPAJPAPA_W0@Z 1000af88 f   CATImpl.obj
 0001:0000a036       ?DoInvoke@COPOSCAT@@IAEJJPAVOposVariant@@IHPAJ_N@Z 1000b036 f   CATImpl.obj
 0001:0000a112       ?EventClose@COPOSCAT@@IAEXXZ 1000b112 f i CATImpl.obj
 0001:0000a145       ?EventInit@COPOSCAT@@IAEJXZ 1000b145 f i CATImpl.obj
 0001:0000a211       ?EventUninit@COPOSCAT@@IAEXXZ 1000b211 f i CATImpl.obj
 0001:0000a263       ?EventWindowProc@COPOSCAT@@IAGJIIJ@Z 1000b263 f i CATImpl.obj
 0001:0000a336       ?FinalConstruct@COPOSCAT@@QAEJXZ 1000b336 f   CATImpl.obj
 0001:0000a36f       ?FireEventCleanup@COPOSCAT@@IAEXXZ 1000b36f f i CATImpl.obj
 0001:0000a385       ?FireEventSetup@COPOSCAT@@IAE_NXZ 1000b385 f i CATImpl.obj
 0001:0000a3b9       ?FreezeEvents@COPOSCAT@@MAGJH@Z 1000b3b9 f   CATImpl.obj
 0001:0000a419       ?GetOposProp@COPOSCAT@@IAEJJPAFJ@Z 1000b419 f   CATImpl.obj
 0001:0000a43c       ?GetOposProp@COPOSCAT@@IAEJJPAJJ@Z 1000b43c f   CATImpl.obj
 0001:0000a50b       ?GetOposProp@COPOSCAT@@IAEJJPAPA_WJ@Z 1000b50b f   CATImpl.obj
 0001:0000a5e7       ?LockTerminal@COPOSCAT@@UAGJPAJ@Z 1000b5e7 f   CATImpl.obj
 0001:0000a602       ?OnDraw@COPOSCAT@@MAEJAAUATL_DRAWINFO@@@Z 1000b602 f   CATImpl.obj
 0001:0000a6a2       ?Open@COPOSCAT@@UAGJPA_WPAJ@Z 1000b6a2 f   CATImpl.obj
 0001:0000aef6       ?ReleaseDevice@COPOSCAT@@UAGJPAJ@Z 1000bef6 f   CATImpl.obj
 0001:0000af45       ?ResetStatistics@COPOSCAT@@UAGJPA_WPAJ@Z 1000bf45 f   CATImpl.obj
 0001:0000af9c       ?RetrieveStatistics@COPOSCAT@@UAGJPAPA_WPAJ@Z 1000bf9c f   CATImpl.obj
 0001:0000aff3       ?SOProcessID@COPOSCAT@@UAGJPAJ@Z 1000bff3 f   CATImpl.obj
 0001:0000b007       ?SetCOFreezeEvents@COPOSCAT@@IAEXF@Z 1000c007 f   CATImpl.obj
 0001:0000b0a7       ?SetOposProp@COPOSCAT@@IAEJJJJ@Z 1000c0a7 f   CATImpl.obj
 0001:0000b19e       ?SetOposProp@COPOSCAT@@IAEJJPA_WJ@Z 1000c19e f   CATImpl.obj
 0001:0000b29f       ?UnlockTerminal@COPOSCAT@@UAGJPAJ@Z 1000c29f f   CATImpl.obj
 0001:0000b2ba       ?UpdateFirmware@COPOSCAT@@UAGJPA_WPAJ@Z 1000c2ba f   CATImpl.obj
 0001:0000b311       ?UpdateStatistics@COPOSCAT@@UAGJPA_WPAJ@Z 1000c311 f   CATImpl.obj
 0001:0000b368       ?get_AccountNumber@COPOSCAT@@UAGJPAPA_W@Z 1000c368 f   CATImpl.obj
 0001:0000b381       ?get_AdditionalSecurityInformation@COPOSCAT@@UAGJPAPA_W@Z 1000c381 f   CATImpl.obj
 0001:0000b39a       ?get_ApprovalCode@COPOSCAT@@UAGJPAPA_W@Z 1000c39a f   CATImpl.obj
 0001:0000b3b3       ?get_AsyncMode@COPOSCAT@@UAGJPAF@Z 1000c3b3 f   CATImpl.obj
 0001:0000b3cc       ?get_Balance@COPOSCAT@@UAGJPATtagCY@@@Z 1000c3cc f   CATImpl.obj
 0001:0000b466       ?get_BinaryConversion@COPOSCAT@@UAGJPAJ@Z 1000c466 f   CATImpl.obj
 0001:0000b47c       ?get_CapAdditionalSecurityInformation@COPOSCAT@@UAGJPAF@Z 1000c47c f   CATImpl.obj
 0001:0000b495       ?get_CapAuthorizeCompletion@COPOSCAT@@UAGJPAF@Z 1000c495 f   CATImpl.obj
 0001:0000b4ae       ?get_CapAuthorizePreSales@COPOSCAT@@UAGJPAF@Z 1000c4ae f   CATImpl.obj
 0001:0000b4c7       ?get_CapAuthorizeRefund@COPOSCAT@@UAGJPAF@Z 1000c4c7 f   CATImpl.obj
 0001:0000b4e0       ?get_CapAuthorizeVoid@COPOSCAT@@UAGJPAF@Z 1000c4e0 f   CATImpl.obj
 0001:0000b4f9       ?get_CapAuthorizeVoidPreSales@COPOSCAT@@UAGJPAF@Z 1000c4f9 f   CATImpl.obj
 0001:0000b512       ?get_CapCashDeposit@COPOSCAT@@UAGJPAF@Z 1000c512 f   CATImpl.obj
 0001:0000b52b       ?get_CapCenterResultCode@COPOSCAT@@UAGJPAF@Z 1000c52b f   CATImpl.obj
 0001:0000b544       ?get_CapCheckCard@COPOSCAT@@UAGJPAF@Z 1000c544 f   CATImpl.obj
 0001:0000b55d       ?get_CapCompareFirmwareVersion@COPOSCAT@@UAGJPAF@Z 1000c55d f   CATImpl.obj
 0001:0000b576       ?get_CapDailyLog@COPOSCAT@@UAGJPAJ@Z 1000c576 f   CATImpl.obj
 0001:0000b58f       ?get_CapInstallments@COPOSCAT@@UAGJPAF@Z 1000c58f f   CATImpl.obj
 0001:0000b5a8       ?get_CapLockTerminal@COPOSCAT@@UAGJPAF@Z 1000c5a8 f   CATImpl.obj
 0001:0000b5c1       ?get_CapLogStatus@COPOSCAT@@UAGJPAF@Z 1000c5c1 f   CATImpl.obj
 0001:0000b5da       ?get_CapPaymentDetail@COPOSCAT@@UAGJPAF@Z 1000c5da f   CATImpl.obj
 0001:0000b5f3       ?get_CapPowerReporting@COPOSCAT@@UAGJPAJ@Z 1000c5f3 f   CATImpl.obj
 0001:0000b60c       ?get_CapStatisticsReporting@COPOSCAT@@UAGJPAF@Z 1000c60c f   CATImpl.obj
 0001:0000b625       ?get_CapTaxOthers@COPOSCAT@@UAGJPAF@Z 1000c625 f   CATImpl.obj
 0001:0000b63e       ?get_CapTrainingMode@COPOSCAT@@UAGJPAF@Z 1000c63e f   CATImpl.obj
 0001:0000b657       ?get_CapTransactionNumber@COPOSCAT@@UAGJPAF@Z 1000c657 f   CATImpl.obj
 0001:0000b670       ?get_CapUnlockTerminal@COPOSCAT@@UAGJPAF@Z 1000c670 f   CATImpl.obj
 0001:0000b689       ?get_CapUpdateFirmware@COPOSCAT@@UAGJPAF@Z 1000c689 f   CATImpl.obj
 0001:0000b6a2       ?get_CapUpdateStatistics@COPOSCAT@@UAGJPAF@Z 1000c6a2 f   CATImpl.obj
 0001:0000b6bb       ?get_CardCompanyID@COPOSCAT@@UAGJPAPA_W@Z 1000c6bb f   CATImpl.obj
 0001:0000b6d4       ?get_CenterResultCode@COPOSCAT@@UAGJPAPA_W@Z 1000c6d4 f   CATImpl.obj
 0001:0000b6ed       ?get_CheckHealthText@COPOSCAT@@UAGJPAPA_W@Z 1000c6ed f   CATImpl.obj
 0001:0000b706       ?get_Claimed@COPOSCAT@@UAGJPAF@Z 1000c706 f   CATImpl.obj
 0001:0000b71c       ?get_ControlObjectDescription@COPOSCAT@@UAGJPAPA_W@Z 1000c71c f   CATImpl.obj
 0001:0000b76a       ?get_ControlObjectVersion@COPOSCAT@@UAGJPAJ@Z 1000c76a f   CATImpl.obj
 0001:0000b77d       ?get_DailyLog@COPOSCAT@@UAGJPAPA_W@Z 1000c77d f   CATImpl.obj
 0001:0000b796       ?get_DeviceDescription@COPOSCAT@@UAGJPAPA_W@Z 1000c796 f   CATImpl.obj
 0001:0000b7af       ?get_DeviceEnabled@COPOSCAT@@UAGJPAF@Z 1000c7af f   CATImpl.obj
 0001:0000b7c5       ?get_DeviceName@COPOSCAT@@UAGJPAPA_W@Z 1000c7c5 f   CATImpl.obj
 0001:0000b7de       ?get_FreezeEvents@COPOSCAT@@UAGJPAF@Z 1000c7de f   CATImpl.obj
 0001:0000b7f4       ?get_LogStatus@COPOSCAT@@UAGJPAJ@Z 1000c7f4 f   CATImpl.obj
 0001:0000b80d       ?get_OpenResult@COPOSCAT@@UAGJPAJ@Z 1000c80d f   CATImpl.obj
 0001:0000b824       ?get_OutputID@COPOSCAT@@UAGJPAJ@Z 1000c824 f   CATImpl.obj
 0001:0000b83a       ?get_PaymentCondition@COPOSCAT@@UAGJPAJ@Z 1000c83a f   CATImpl.obj
 0001:0000b853       ?get_PaymentDetail@COPOSCAT@@UAGJPAPA_W@Z 1000c853 f   CATImpl.obj
 0001:0000b86c       ?get_PaymentMedia@COPOSCAT@@UAGJPAJ@Z 1000c86c f   CATImpl.obj
 0001:0000b885       ?get_PowerNotify@COPOSCAT@@UAGJPAJ@Z 1000c885 f   CATImpl.obj
 0001:0000b89b       ?get_PowerState@COPOSCAT@@UAGJPAJ@Z 1000c89b f   CATImpl.obj
 0001:0000b8b1       ?get_ResultCode@COPOSCAT@@UAGJPAJ@Z 1000c8b1 f   CATImpl.obj
 0001:0000b8ef       ?get_ResultCodeExtended@COPOSCAT@@UAGJPAJ@Z 1000c8ef f   CATImpl.obj
 0001:0000b905       ?get_SequenceNumber@COPOSCAT@@UAGJPAJ@Z 1000c905 f   CATImpl.obj
 0001:0000b91e       ?get_ServiceObjectDescription@COPOSCAT@@UAGJPAPA_W@Z 1000c91e f   CATImpl.obj
 0001:0000b937       ?get_ServiceObjectVersion@COPOSCAT@@UAGJPAJ@Z 1000c937 f   CATImpl.obj
 0001:0000b94d       ?get_SettledAmount@COPOSCAT@@UAGJPATtagCY@@@Z 1000c94d f   CATImpl.obj
 0001:0000b9e7       ?get_SlipNumber@COPOSCAT@@UAGJPAPA_W@Z 1000c9e7 f   CATImpl.obj
 0001:0000ba00       ?get_State@COPOSCAT@@UAGJPAJ@Z 1000ca00 f   CATImpl.obj
 0001:0000ba2c       ?get_TrainingMode@COPOSCAT@@UAGJPAF@Z 1000ca2c f   CATImpl.obj
 0001:0000ba45       ?get_TransactionNumber@COPOSCAT@@UAGJPAPA_W@Z 1000ca45 f   CATImpl.obj
 0001:0000ba5e       ?get_TransactionType@COPOSCAT@@UAGJPAJ@Z 1000ca5e f   CATImpl.obj
 0001:0000ba77       ?put_AdditionalSecurityInformation@COPOSCAT@@UAGJPA_W@Z 1000ca77 f   CATImpl.obj
 0001:0000ba90       ?put_AsyncMode@COPOSCAT@@UAGJF@Z 1000ca90 f   CATImpl.obj
 0001:0000bab0       ?put_BinaryConversion@COPOSCAT@@UAGJJ@Z 1000cab0 f   CATImpl.obj
 0001:0000bac6       ?put_DeviceEnabled@COPOSCAT@@UAGJF@Z 1000cac6 f   CATImpl.obj
 0001:0000bae3       ?put_FreezeEvents@COPOSCAT@@UAGJF@Z 1000cae3 f   CATImpl.obj
 0001:0000bb2f       ?put_PaymentMedia@COPOSCAT@@UAGJJ@Z 1000cb2f f   CATImpl.obj
 0001:0000bb48       ?put_PowerNotify@COPOSCAT@@UAGJJ@Z 1000cb48 f   CATImpl.obj
 0001:0000bb5e       ?put_TrainingMode@COPOSCAT@@UAGJF@Z 1000cb5e f   CATImpl.obj
 0001:0000bb7e       ?s_EventWindowProc@COPOSCAT@@KGJPAUHWND__@@IIJ@Z 1000cb7e f i CATImpl.obj
 0001:0000bbd0       ??_U@YAPAXI@Z              1000cbd0 f   LIBCMT:new_array.obj
 0001:0000bbd9       ??3@YAXPAXI@Z              1000cbd9 f   LIBCMT:delete_scalar_size.obj
 0001:0000bbe7       ??_V@YAXPAX@Z              1000cbe7 f   LIBCMT:delete_array.obj
 0001:0000bbec       ??_V@YAXPAXI@Z             1000cbec f   LIBCMT:delete_array_size.obj
 0001:0000bc3e       ___scrt_acquire_startup_lock 1000cc3e f   LIBCMT:utility.obj
 0001:0000bc70       ___scrt_dllmain_after_initialize_c 1000cc70 f   LIBCMT:utility.obj
 0001:0000bc9b       ___scrt_dllmain_before_initialize_c 1000cc9b f   LIBCMT:utility.obj
 0001:0000bca9       ___scrt_dllmain_crt_thread_attach 1000cca9 f   LIBCMT:utility.obj
 0001:0000bcc8       ___scrt_dllmain_crt_thread_detach 1000ccc8 f   LIBCMT:utility.obj
 0001:0000bcd5       ___scrt_dllmain_exception_filter 1000ccd5 f   LIBCMT:utility.obj
 0001:0000bd09       ___scrt_dllmain_uninitialize_c 1000cd09 f   LIBCMT:utility.obj
 0001:0000bd2c       ___scrt_dllmain_uninitialize_critical 1000cd2c f   LIBCMT:utility.obj
 0001:0000bd39       ___scrt_initialize_crt     1000cd39 f   LIBCMT:utility.obj
 0001:0000bd72       ___scrt_initialize_onexit_tables 1000cd72 f   LIBCMT:utility.obj
 0001:0000bdf9       ___scrt_is_nonwritable_in_current_image 1000cdf9 f   LIBCMT:utility.obj
 0001:0000be8d       ___scrt_release_startup_lock 1000ce8d f   LIBCMT:utility.obj
 0001:0000beaa       ___scrt_uninitialize_crt   1000ceaa f   LIBCMT:utility.obj
 0001:0000bed2       __onexit                   1000ced2 f   LIBCMT:utility.obj
 0001:0000beff       _atexit                    1000ceff f   LIBCMT:utility.obj
 0001:0000bf14       ??3@YAXPAX@Z               1000cf14 f   LIBCMT:delete_scalar.obj
 0001:0000bfde       __Init_thread_footer       1000cfde f   LIBCMT:thread_safe_statics.obj
 0001:0000c028       __Init_thread_header       1000d028 f   LIBCMT:thread_safe_statics.obj
 0001:0000c07a       __Init_thread_notify       1000d07a f   LIBCMT:thread_safe_statics.obj
 0001:0000c0b0       __Init_thread_wait         1000d0b0 f   LIBCMT:thread_safe_statics.obj
 0001:0000c0fe       ___raise_securityfailure   1000d0fe f   LIBCMT:gs_report.obj
 0001:0000c126       ___report_gsfailure        1000d126 f   LIBCMT:gs_report.obj
 0001:0000c21f       ___report_rangecheckfailure 1000d21f f   LIBCMT:gs_report.obj
 0001:0000c22b       ___report_securityfailure  1000d22b f   LIBCMT:gs_report.obj
 0001:0000c2f9       ??2@YAPAXIABUnothrow_t@std@@@Z 1000d2f9 f   LIBCMT:new_scalar_nothrow.obj
 0001:0000c34e       ??_U@YAPAXIABUnothrow_t@std@@@Z 1000d34e f   LIBCMT:new_array_nothrow.obj
 0001:0000c357       @__security_check_cookie@4 1000d357 f   LIBCMT:secchk.obj
 0001:0000c370       __SEH_prolog4_GS           1000d370 f   LIBCMT:sehprolg4gs.obj
 0001:0000c3b7       __SEH_epilog4_GS           1000d3b7 f   LIBCMT:sehprolg4gs.obj
 0001:0000c3d0       __alloca_probe_16          1000d3d0 f   LIBCMT:alloca16.obj
 0001:0000c3e6       __alloca_probe_8           1000d3e6     LIBCMT:alloca16.obj
 0001:0000c400       __alloca_probe             1000d400 f   LIBCMT:chkstk.obj
 0001:0000c400       __chkstk                   1000d400 f   LIBCMT:chkstk.obj
 0001:0000c76d       __DllMainCRTStartup@12     1000d76d f   LIBCMT:dll_dllmain.obj
 0001:0000c790       ??2@YAPAXI@Z               1000d790 f   LIBCMT:new_scalar.obj
 0001:0000c7c0       ___isa_available_init      1000d7c0 f   LIBCMT:cpu_disp.obj
 0001:0000c990       ___scrt_is_ucrt_dll_in_use 1000d990 f   LIBCMT:ucrt_detection.obj
 0001:0000c99c       ___scrt_fastfail           1000d99c f   LIBCMT:utility_desktop.obj
 0001:0000cab6       __crt_debugger_hook        1000dab6 f   LIBCMT:utility_desktop.obj
 0001:0000cac0       __SEH_prolog4              1000dac0 f   LIBCMT:sehprolg4.obj
 0001:0000cb04       __SEH_epilog4              1000db04 f   LIBCMT:sehprolg4.obj
 0001:0000cb18       @_guard_check_icall_nop@4  1000db18 f i LIBCMT:guard_support.obj
 0001:0000cb68       ___security_init_cookie    1000db68 f   LIBCMT:gs_support.obj
 0001:0000cbb3       ?__scrt_initialize_type_info@@YAXXZ 1000dbb3 f   LIBCMT:tncleanup.obj
 0001:0000cbbf       ?__scrt_uninitialize_type_info@@YAXXZ 1000dbbf f   LIBCMT:tncleanup.obj
 0001:0000cbcb       ___local_stdio_scanf_options 1000dbcb f i LIBCMT:default_local_stdio_options.obj
 0001:0000cbd1       ___scrt_initialize_default_local_stdio_options 1000dbd1 f   LIBCMT:default_local_stdio_options.obj
 0001:0000cbee       ___scrt_get_dyn_tls_init_callback 1000dbee f   LIBCMT:dyn_tls_init.obj
 0001:0000cbf4       __RTC_Initialize           1000dbf4 f   LIBCMT:initsect.obj
 0001:0000cc20       __RTC_Terminate            1000dc20 f   LIBCMT:initsect.obj
 0001:0000cc4c       ??0bad_alloc@std@@QAE@ABV01@@Z 1000dc4c f i LIBCMT:throw_bad_alloc.obj
 0001:0000cc67       ??0bad_alloc@std@@QAE@XZ   1000dc67 f i LIBCMT:throw_bad_alloc.obj
 0001:0000cc7f       ??0bad_array_new_length@std@@QAE@ABV01@@Z 1000dc7f f i LIBCMT:throw_bad_alloc.obj
 0001:0000cc9a       ??0bad_array_new_length@std@@QAE@XZ 1000dc9a f i LIBCMT:throw_bad_alloc.obj
 0001:0000ccb2       ??0exception@std@@QAE@ABV01@@Z 1000dcb2 f i LIBCMT:throw_bad_alloc.obj
 0001:0000ccde       ??1bad_alloc@std@@UAE@XZ   1000dcde f i LIBCMT:throw_bad_alloc.obj
 0001:0000ccde       ??1bad_array_new_length@std@@UAE@XZ 1000dcde f i LIBCMT:throw_bad_alloc.obj
 0001:0000ccde       ??1bad_exception@std@@UAE@XZ 1000dcde f i libvcruntime:frame.obj
 0001:0000ccef       ??_Gbad_alloc@std@@UAEPAXI@Z 1000dcef f i LIBCMT:throw_bad_alloc.obj
 0001:0000ccef       ??_Gbad_exception@std@@UAEPAXI@Z 1000dcef f i libvcruntime:frame.obj
 0001:0000ccef       ??_Ebad_alloc@std@@UAEPAXI@Z 1000dcef f i LIBCMT:throw_bad_alloc.obj
 0001:0000ccef       ??_Ebad_array_new_length@std@@UAEPAXI@Z 1000dcef f i LIBCMT:throw_bad_alloc.obj
 0001:0000ccef       ??_Gexception@std@@UAEPAXI@Z 1000dcef f i LIBCMT:throw_bad_alloc.obj
 0001:0000ccef       ??_Ebad_exception@std@@UAEPAXI@Z 1000dcef f i libvcruntime:frame.obj
 0001:0000ccef       ??_Gbad_array_new_length@std@@UAEPAXI@Z 1000dcef f i LIBCMT:throw_bad_alloc.obj
 0001:0000ccef       ??_Eexception@std@@UAEPAXI@Z 1000dcef f i LIBCMT:throw_bad_alloc.obj
 0001:0000cd1c       ?__scrt_throw_std_bad_alloc@@YAXXZ 1000dd1c f   LIBCMT:throw_bad_alloc.obj
 0001:0000cd39       ?__scrt_throw_std_bad_array_new_length@@YAXXZ 1000dd39 f   LIBCMT:throw_bad_alloc.obj
 0001:0000cd56       ?what@exception@std@@UBEPBDXZ 1000dd56 f i LIBCMT:throw_bad_alloc.obj
 0001:0000cd63       ??_Etype_info@@UAEPAXI@Z   1000dd63 f i LIBCMT:std_type_info_static.obj
 0001:0000cd63       ??_Gtype_info@@UAEPAXI@Z   1000dd63 f i LIBCMT:std_type_info_static.obj
 0001:0000cd86       ??0CAtlBaseModule@ATL@@QAE@XZ 1000dd86 f   atls:atlbase.obj
[...]
 0002:00003230       ?strings@?1??fp_format_nan_or_infinity@@YAHW4__acrt_fp_class@@_NPADI1@Z@4QAY03QBDA 10023230     libucrt:cvt.obj
 0002:00003778       ?_mb_locale_names@@3QBQB_WB 10023778     libucrt:mbctype.obj
 0002:00003fc0       ?LcidToLocaleNameTable@?A0x881e4c05@@3QBULcidToLocaleName@1@B 10023fc0     libucrt:lcidtoname_downlevel.obj
 0002:000050e8       ?LocaleNameToIndexTable@?A0x881e4c05@@3QBULocaleNameIndex@1@B 100250e8     libucrt:lcidtoname_downlevel.obj
 0002:00006a20       LOG_name                   10026a20     libucrt:log10_impl.obj
 0002:00006a30       _One                       10026a30     libucrt:ceil_pentium4.obj
 0002:00006a40       _Bns                       10026a40     libucrt:ceil_pentium4.obj
 0002:00006a50       _Zero                      10026a50     libucrt:ceil_pentium4.obj
 0002:00006a60       _S                         10026a60     libucrt:ceil_pentium4.obj
 0002:00006a70       _NegZero                   10026a70     libucrt:ceil_pentium4.obj
 0002:00006a80       emask                      10026a80     libucrt:log10_pentium4.obj
 0002:00006a90       CC                         10026a90     libucrt:log10_pentium4.obj
 0002:00006aa0       Magic                      10026aa0     libucrt:log10_pentium4.obj
 0002:00006ab0       hi_mask                    10026ab0     libucrt:log10_pentium4.obj
 0002:00006ac0       LOG10_2                    10026ac0     libucrt:log10_pentium4.obj
 0002:00006ad0       place_L                    10026ad0     libucrt:log10_pentium4.obj
 0002:00006af0       One                        10026af0     libucrt:log10_pentium4.obj
 0002:00006b00       Zero                       10026b00     libucrt:log10_pentium4.obj
 0002:00006b10       Two52                      10026b10     libucrt:log10_pentium4.obj
 0002:00006b20       Infs                       10026b20     libucrt:log10_pentium4.obj
 0002:00006b30       NaN                        10026b30     libucrt:log10_pentium4.obj
 0002:00006b40       coeff                      10026b40     libucrt:log10_pentium4.obj
 0002:00006b9e       _log2max                   10026b9e     libucrt:87tran.obj
 0002:00006ba8       _smallarg                  10026ba8     libucrt:87tran.obj
 0002:00006bb2       _half                      10026bb2     libucrt:87tran.obj
 0002:00006bfe       One                        10026bfe     libucrt:87disp.obj
 0002:00006c06       Three                      10026c06     libucrt:87disp.obj
 0002:00006c0e       XAMtoTagTab                10026c0e     libucrt:87disp.obj
 0002:00006c20       One                        10026c20     libucrt:common.obj
 0002:00006c34       DblMax                     10026c34     libucrt:common.obj
 0002:00006c3c       DblMin                     10026c3c     libucrt:common.obj
 0002:00006c44       IeeeAdjO                   10026c44     libucrt:common.obj
 0002:00006c4c       IeeeAdjU                   10026c4c     libucrt:common.obj
 0002:00006c54       _infinity                  10026c54     libucrt:common.obj
 0002:00006c5c       _zero                      10026c5c     libucrt:common.obj
 0002:00006ca8       _over                      10026ca8     libucrt:fpctrl.obj
 0002:00006cb4       _under                     10026cb4     libucrt:fpctrl.obj
 0002:000074e8       ?_names@?1??_get_fname@@9@9 100274e8     libucrt:fpexcept.obj
 0002:00007690       two32                      10027690     LIBCMT:ftol2.obj
 0002:00007694       two63                      10027694     LIBCMT:ftol2.obj
 0002:00007698       _NaN                       10027698     LIBCMT:ftol2.obj
 0002:00007d60       __sehtable$?_AtlVerifyStackAvailable@_ATL_SAFE_ALLOCA_IMPL@ATL@@YA_NK@Z 10027d60     CAT.obj
 0002:00007d80       __sehtable$___scrt_is_nonwritable_in_current_image 10027d80     LIBCMT:utility.obj
 0002:00007d9c       __catchsym$??2@YAPAXIABUnothrow_t@std@@@Z$2 10027d9c     LIBCMT:new_scalar_nothrow.obj
 0002:00007dac       __unwindtable$??2@YAPAXIABUnothrow_t@std@@@Z 10027dac     LIBCMT:new_scalar_nothrow.obj
 0002:00007dbc       __tryblocktable$??2@YAPAXIABUnothrow_t@std@@@Z 10027dbc     LIBCMT:new_scalar_nothrow.obj
 0002:00007dd0       __ehfuncinfo$??2@YAPAXIABUnothrow_t@std@@@Z 10027dd0     LIBCMT:new_scalar_nothrow.obj
 0002:00007df8       __sehtable$?dllmain_crt_process_attach@@YAHQAUHINSTANCE__@@QAX@Z 10027df8     LIBCMT:dll_dllmain.obj
 0002:00007e18       __sehtable$?dllmain_crt_process_detach@@YAH_N@Z 10027e18     LIBCMT:dll_dllmain.obj
 0002:00007e40       __sehtable$?dllmain_dispatch@@YAHQAUHINSTANCE__@@KQAX@Z 10027e40     LIBCMT:dll_dllmain.obj
 0002:00007ef0       __sehtable$___DestructExceptionObject 10027ef0     libvcruntime:ehhelpers.obj
 0002:00007f10       __sehtable$?FrameUnwindToState@__FrameHandler3@@SAXPAUEHRegistrationNode@@PAXPBU_s_FuncInfo@@H@Z 10027f10     libvcruntime:frame.obj
 0002:00007f38       __sehtable$?CallCatchBlock@@YAPAXPAUEHExceptionRecord@@PAUEHRegistrationNode@@PAU_CONTEXT@@PBU_s_FuncInfo@@PAXHK@Z 10027f38     libvcruntime:frame.obj
 0002:00007f60       __catchsym$?CallUnexpected@@YAXPBU_s_ESTypeList@@@Z$2 10027f60     libvcruntime:frame.obj
 0002:00007f70       __unwindtable$?CallUnexpected@@YAXPBU_s_ESTypeList@@@Z 10027f70     libvcruntime:frame.obj
 0002:00007f80       __tryblocktable$?CallUnexpected@@YAXPBU_s_ESTypeList@@@Z 10027f80     libvcruntime:frame.obj
 0002:00007f94       __ehfuncinfo$?CallUnexpected@@YAXPBU_s_ESTypeList@@@Z 10027f94     libvcruntime:frame.obj
 0002:00007fb8       __sehtable$??$BuildCatchObjectHelperInternal@V__FrameHandler3@@@@YAHPAUEHExceptionRecord@@PAXPBU_s_HandlerType@@PBU_s_CatchableType@@@Z 10027fb8     libvcruntime:frame.obj
 0002:00007fd8       __sehtable$??$BuildCatchObjectInternal@V__FrameHandler3@@@@YAXPAUEHExceptionRecord@@PAXPBU_s_HandlerType@@PBU_s_CatchableType@@@Z 10027fd8     libvcruntime:frame.obj
 0002:00008030       __sehtable$??R<lambda_6e4b09c48022b2350581041d5f6b0c4c>@@QBE@XZ 10028030     libucrt:exit.obj
 0002:00008050       __sehtable$??$?RV<lambda_03b1d95aef87969028cfba75ccab2455>@@AAV<lambda_6e4b09c48022b2350581041d5f6b0c4c>@@V<lambda_22bdf7517842c4b3e53723af5aa32b9e>@@@?$__crt_seh_guarded_call@X@@QAEX$$QAV<lambda_03b1d95aef87969028cfba75ccab2455>@@AAV<lambda_6e4b09c48022b2350581041d5f6b0c4c>@@$$QAV<lambda_22bdf7517842c4b3e53723af5aa32b9e>@@@Z 10028050     libucrt:exit.obj
 0002:00008070       __sehtable$??$?RV<lambda_8e746cf0007f6ed984d6f78af1fec997>@@AAV<lambda_22ebabd17bc4fa466a2aca6d8deb888d>@@V<lambda_18ed0c0b38a6dc0daf1e7ac6d6adf05e>@@@?$__crt_seh_guarded_call@H@@QAEH$$QAV<lambda_8e746cf0007f6ed984d6f78af1fec997>@@AAV<lambda_22ebabd17bc4fa466a2aca6d8deb888d>@@$$QAV<lambda_18ed0c0b38a6dc0daf1e7ac6d6adf05e>@@@Z 10028070     libucrt:onexit.obj
 0002:00008090       __sehtable$??$?RV<lambda_69a2805e680e0e292e8ba93315fe43a8>@@AAV<lambda_f03950bc5685219e0bcd2087efbe011e>@@V<lambda_03fcd07e894ec930e3f35da366ca99d6>@@@?$__crt_seh_guarded_call@H@@QAEH$$QAV<lambda_69a2805e680e0e292e8ba93315fe43a8>@@AAV<lambda_f03950bc5685219e0bcd2087efbe011e>@@$$QAV<lambda_03fcd07e894ec930e3f35da366ca99d6>@@@Z 10028090     libucrt:onexit.obj
 0002:000080b0       __sehtable$__query_new_handler 100280b0     libucrt:new_handler.obj
 0002:000080d0       __sehtable$_terminate      100280d0     libucrt:terminate.obj
 0002:000080f0       __sehtable$??$?RV<lambda_15ade71b0218206bbe3333a0c9b79046>@@AAV<lambda_da44e0f8b0f19ba52fefafb335991732>@@V<lambda_207f2d024fc103971653565357d6cd41>@@@?$__crt_seh_guarded_call@X@@QAEX$$QAV<lambda_15ade71b0218206bbe3333a0c9b79046>@@AAV<lambda_da44e0f8b0f19ba52fefafb335991732>@@$$QAV<lambda_207f2d024fc103971653565357d6cd41>@@@Z 100280f0     libucrt:per_thread_data.obj
 0002:00008110       __sehtable$??$?RV<lambda_a7e850c220f1c8d1e6efeecdedd162c6>@@AAV<lambda_46720907175c18b6c9d2717bc0d2d362>@@V<lambda_9048902d66e8d99359bc9897bbb930a8>@@@?$__crt_seh_guarded_call@X@@QAEX$$QAV<lambda_a7e850c220f1c8d1e6efeecdedd162c6>@@AAV<lambda_46720907175c18b6c9d2717bc0d2d362>@@$$QAV<lambda_9048902d66e8d99359bc9897bbb930a8>@@@Z 10028110     libucrt:per_thread_data.obj
 0002:00008130       __sehtable$??$?RV<lambda_38edbb1296d33220d7e4dd0ed76b244a>@@AAV<lambda_5ce1d447e08cb34b2473517608e21441>@@V<lambda_fb385d3da700c9147fc39e65dd577a8c>@@@?$__crt_seh_guarded_call@X@@QAEX$$QAV<lambda_38edbb1296d33220d7e4dd0ed76b244a>@@AAV<lambda_5ce1d447e08cb34b2473517608e21441>@@$$QAV<lambda_fb385d3da700c9147fc39e65dd577a8c>@@@Z 10028130     libucrt:per_thread_data.obj
 0002:00008150       __sehtable$??$?RV<lambda_6affb1475c98b40b75cdec977db92e3c>@@AAV<lambda_b8d4b9c228a6ecc3f80208dbb4b4a104>@@V<lambda_608742c3c92a14382c1684fc64f96c88>@@@?$__crt_seh_guarded_call@X@@QAEX$$QAV<lambda_6affb1475c98b40b75cdec977db92e3c>@@AAV<lambda_b8d4b9c228a6ecc3f80208dbb4b4a104>@@$$QAV<lambda_608742c3c92a14382c1684fc64f96c88>@@@Z 10028150     libucrt:per_thread_data.obj
 0002:00008170       __sehtable$??$?RV<lambda_e5124f882df8998aaf41531e079ba474>@@AAV<lambda_3e16ef9562a7dcce91392c22ab16ea36>@@V<lambda_e25ca0880e6ef98be67edffd8c599615>@@@?$__crt_seh_guarded_call@X@@QAEX$$QAV<lambda_e5124f882df8998aaf41531e079ba474>@@AAV<lambda_3e16ef9562a7dcce91392c22ab16ea36>@@$$QAV<lambda_e25ca0880e6ef98be67edffd8c599615>@@@Z 10028170     libucrt:wsetlocale.obj
 0002:00008190       __sehtable$___acrt_initialize_lowio 10028190     libucrt:ioinit.obj
 0002:000081b0       __sehtable$?update_thread_multibyte_data_internal@@YAPAU__crt_multibyte_data@@QAU__acrt_ptd@@QAPAU1@@Z 100281b0     libucrt:mbctype.obj
 0002:000081d0       __sehtable$??$?RV<lambda_ceb1ee4838e85a9d631eb091e2fbe199>@@AAV<lambda_ae742caa10f662c28703da3d2ea5e57e>@@V<lambda_cd08b5d6af4937fe54fc07d0c9bf6b37>@@@?$__crt_seh_guarded_call@X@@QAEX$$QAV<lambda_ceb1ee4838e85a9d631eb091e2fbe199>@@AAV<lambda_ae742caa10f662c28703da3d2ea5e57e>@@$$QAV<lambda_cd08b5d6af4937fe54fc07d0c9bf6b37>@@@Z 100281d0     libucrt:mbctype.obj
 0002:000081f0       __sehtable$_raise          100281f0     libucrt:signal.obj
 0002:00008210       __sehtable$??$?RV<lambda_cbab9ec6f41b0180b23cc171c22676b0>@@AAV<lambda_44731a7d0e6d81c3e6aa82d741081786>@@V<lambda_4b292cb8dd18144e164572427af410ab>@@@?$__crt_seh_guarded_call@P6AXH@Z@@QAEP6AXH@Z$$QAV<lambda_cbab9ec6f41b0180b23cc171c22676b0>@@AAV<lambda_44731a7d0e6d81c3e6aa82d741081786>@@$$QAV<lambda_4b292cb8dd18144e164572427af410ab>@@@Z 10028210     libucrt:signal.obj
 0002:00008230       __sehtable$??$?RV<lambda_2866be3712abc81a800a822484c830d8>@@AAV<lambda_39ca0ed439415581b5b15c265174cece>@@V<lambda_2b24c74d71094a6cd0cb82e44167d71b>@@@?$__crt_seh_guarded_call@X@@QAEX$$QAV<lambda_2866be3712abc81a800a822484c830d8>@@AAV<lambda_39ca0ed439415581b5b15c265174cece>@@$$QAV<lambda_2b24c74d71094a6cd0cb82e44167d71b>@@@Z 10028230     libucrt:fflush.obj
 0002:00008250       __sehtable$??$?RV<lambda_2cc53f568c5a2bb6f192f930a45d44ea>@@AAV<lambda_ab61a845afdef5b7c387490eaf3616ee>@@V<lambda_c2ffc0b7726aa6be21d5f0026187e748>@@@?$__crt_seh_guarded_call@X@@QAEX$$QAV<lambda_2cc53f568c5a2bb6f192f930a45d44ea>@@AAV<lambda_ab61a845afdef5b7c387490eaf3616ee>@@$$QAV<lambda_c2ffc0b7726aa6be21d5f0026187e748>@@@Z 10028250     libucrt:fflush.obj
 0002:00008270       __sehtable$___acrt_update_thread_locale_data 10028270     libucrt:locale_refcounting.obj
 0002:00008290       __sehtable$__fcloseall     10028290     libucrt:closeall.obj
 0002:000082b0       __sehtable$___acrt_lowio_ensure_fh_exists 100282b0     libucrt:osfinfo.obj
 0002:000082d0       __sehtable$??$?RV<lambda_9e9de3de5fa147e2223d7db92bc10aa6>@@AAV<lambda_38ce7e780aa69e748d6df282ebc68efe>@@V<lambda_8ca6da459f0f6780f1cff60fdc3d00e5>@@@?$__crt_seh_guarded_call@H@@QAEH$$QAV<lambda_9e9de3de5fa147e2223d7db92bc10aa6>@@AAV<lambda_38ce7e780aa69e748d6df282ebc68efe>@@$$QAV<lambda_8ca6da459f0f6780f1cff60fdc3d00e5>@@@Z 100282d0     libucrt:commit.obj
 0002:000082f0       __sehtable$__write         100282f0     libucrt:write.obj
 0002:00008310       __sehtable$_fclose         10028310     libucrt:fclose.obj
 0002:00008330       __sehtable$??$?RV<lambda_218ce3db14220d0be481dae8ef3383b6>@@AAV<lambda_628dfdc04ba53c8bfc02c9951375f3f5>@@V<lambda_57dc472bd5c9d5f3b2cbca59b8a843ae>@@@?$__crt_seh_guarded_call@H@@QAEH$$QAV<lambda_218ce3db14220d0be481dae8ef3383b6>@@AAV<lambda_628dfdc04ba53c8bfc02c9951375f3f5>@@$$QAV<lambda_57dc472bd5c9d5f3b2cbca59b8a843ae>@@@Z 10028330     libucrt:close.obj
 0002:00008350       __sehtable$___set_fpsr_sse2 10028350     libucrt:fpctrl.obj
 0002:00008370       __sehtable$__IsNonwritableInCurrentImage 10028370     LIBCMT:pesect.obj
 0002:000083a0       .edata                     100283a0     OPOSCAT.exp
 0002:000083c8       rgpv                       100283c8     OPOSCAT.exp
 0002:000083d8       rgszName                   100283d8     OPOSCAT.exp
 0002:000083e8       rgwOrd                     100283e8     OPOSCAT.exp
 0002:000083f0       szName                     100283f0     OPOSCAT.exp
 0002:000083fc       $N00001                    100283fc     OPOSCAT.exp
 0002:0000840c       $N00002                    1002840c     OPOSCAT.exp
 0002:0000841e       $N00003                    1002841e     OPOSCAT.exp
 0002:00008430       $N00004                    10028430     OPOSCAT.exp
 0002:00008a3e       .idata$6                   10028a3e     kernel32:KERNEL32.dll
 0002:00008c52       .idata$6                   10028c52     user32:USER32.dll
 0002:00008d86       .idata$6                   10028d86     gdi32:GDI32.dll
 0002:00008e2c       .idata$6                   10028e2c     advapi32:ADVAPI32.dll
 0002:00008f48       .idata$6                   10028f48     ole32:ole32.dll
 0002:00008f52       .idata$6                   10028f52     oleaut32:OLEAUT32.dll
 0003:00000110       ?ObjectMap@@3PAU_ATL_OBJMAP_ENTRY30@ATL@@A 1002a110     CAT.obj
 0003:000001b8       ?s_SOMethodNames@@3PAPADA  1002a1b8     CATImpl.obj
 0003:00000234       ?s_RequiredMethodsPerRelease@@3PAHA 1002a234     CATImpl.obj
 0003:00000270       ?__vcrt_flsindex@@3KA      1002a270     libvcruntime:per_thread_data.obj
 0003:00000290       ?errno_no_memory@@3HA      1002a290     libucrt:errno.obj
 0003:00000294       ?doserrno_no_memory@@3KA   1002a294     libucrt:errno.obj
 0003:000002a0       ?__acrt_flsindex@@3KA      1002a2a0     libucrt:per_thread_data.obj
 0003:00000638       __mbctypes                 1002a638     libucrt:mbctype.obj
 0003:00000740       __mbcasemaps               1002a740     libucrt:mbctype.obj
 0003:00000840       ?__rgctypeflag@@3PADA      1002a840     libucrt:mbctype.obj
 0003:00000848       ?__rgcode_page_info@@3PAUcode_page_info@@A 1002a848     libucrt:mbctype.obj
 0003:00000aa0       ?__dcrt_lowio_console_output_handle@@3PAXA 1002aaa0     libucrt:initcon.obj
 0003:00000aa4       ?__DAZ_ENABLED@?1??__set_fpsr_sse2@@9@9 1002aaa4     libucrt:fpctrl.obj
 0003:00000c38       ?is_initialized_as_dll@@3_NA 1002ac38     LIBCMT:utility.obj
 0003:00000c39       ?module_local_atexit_table_initialized@@3_NA 1002ac39     LIBCMT:utility.obj
 0003:00000c3c       ?module_local_atexit_table@@3U_onexit_table_t@@A 1002ac3c     LIBCMT:utility.obj
 0003:00000c48       ?module_local_at_quick_exit_table@@3U_onexit_table_t@@A 1002ac48     LIBCMT:utility.obj
 0003:00000c54       ?g_tss_cv@@3U_RTL_CONDITION_VARIABLE@@A 1002ac54     LIBCMT:thread_safe_statics.obj
 0003:00000c58       ?g_tss_event@@3PAXA        1002ac58     LIBCMT:thread_safe_statics.obj
 0003:00000c5c       ?g_tss_mutex@@3U_RTL_CRITICAL_SECTION@@A 1002ac5c     LIBCMT:thread_safe_statics.obj
 0003:00000c74       ?g_sleep_condition_variable_cs@@3P6GHPAU_RTL_CONDITION_VARIABLE@@PAU_RTL_CRITICAL_SECTION@@K@ZA 1002ac74     LIBCMT:thread_safe_statics.obj
 0003:00000c78       ?g_wake_all_condition_variable@@3P6GXPAU_RTL_CONDITION_VARIABLE@@@ZA 1002ac78     LIBCMT:thread_safe_statics.obj
 0003:00000c80       _GS_ExceptionRecord        1002ac80     LIBCMT:gs_report.obj
 0003:00000cd0       _GS_ContextRecord          1002acd0     LIBCMT:gs_report.obj
 0003:00000fa0       ?__proc_attached@@3HA      1002afa0     LIBCMT:dll_dllmain.obj
 0003:00001004       ?AllocateData@@3P6GPAUAtlThunkData_t@@XZA 1002b004     atls:atlthunk.obj
 0003:00001008       ?InitData@@3P6GXPAUAtlThunkData_t@@PAXI@ZA 1002b008     atls:atlthunk.obj
 0003:0000100c       ?DataToCode@@3P6GP6GJPAUHWND__@@IIJ@ZPAUAtlThunkData_t@@@ZA 1002b00c     atls:atlthunk.obj
 0003:00001010       ?FreeData@@3P6GXPAUAtlThunkData_t@@@ZA 1002b010     atls:atlthunk.obj
 0003:00001014       ?Initialized@@3_NA         1002b014     atls:atlthunk.obj
 0003:00001024       ?__vcrt_startup_thread_ptd@@3U__vcrt_ptd@@A 1002b024     libvcruntime:per_thread_data.obj
 0003:0000104c       ___vcrt_lock_table         1002b04c     libvcruntime:locks.obj
 0003:00001064       ___vcrt_locks_initialized  1002b064     libvcruntime:locks.obj
 0003:00001090       ?heap@@3V_HeapManager@@A   1002b090     libvcruntime:undname.obj
 0003:000010a4       ?module_handles@@3PAPAUHINSTANCE__@@A 1002b0a4     libvcruntime:winapi_downlevel.obj
 0003:000010b0       ?function_pointers@@3PAPAXA 1002b0b0     libvcruntime:winapi_downlevel.obj
 0003:000010c4       ?__acrt_invalid_parameter_handler@@3V?$dual_state_global@P6AXPB_W00II@Z@__crt_state_management@@A 1002b0c4     libucrt:invalid_parameter.obj
 0003:000010c8       ?c_termination_complete@@3JA 1002b0c8     libucrt:exit.obj
 0003:000010cc       ?thread_local_exit_callback_func@@3P6GXPAXK0@ZA 1002b0cc     libucrt:exit.obj
 0003:000010d8       ?program_name@?1???$common_configure_argv@D@@YAHW4_crt_argv_mode@@@Z@4PADA 1002b0d8     libucrt:argv_parsing.obj
 0003:00001208       ?__acrt_new_handler@@3V?$dual_state_global@P6AHI@Z@__crt_state_management@@A 1002b208     libucrt:new_handler.obj
 0003:00001210       ?module_handles@@3PAPAUHINSTANCE__@@A 1002b210     libucrt:winapi_thunks.obj
 0003:00001260       ?encoded_function_pointers@@3PAPAXA 1002b260     libucrt:winapi_thunks.obj
 0003:000012e8       ?internal_state@?1??_mbtowc_l@@9@4U_Mbstatet@@A 1002b2e8     libucrt:mbtowc.obj
 0003:000012f8       ?enable_percent_n@@3IA     1002b2f8     libucrt:printf_count_output.obj
 0003:00001518       ?__acrt_lock_table@@3PAU_RTL_CRITICAL_SECTION@@A 1002b518     libucrt:locks.obj
 0003:00001668       ?__acrt_locks_initialized@@3IA 1002b668     libucrt:locks.obj
 0003:00001678       ?fSystemSet@@3HA           1002b678     libucrt:mbctype.obj
 0003:0000167c       ?initialized@?1??__acrt_initialize_multibyte@@9@4_NA 1002b67c     libucrt:mbctype.obj
 0003:0000169c       ?ctrlc_action@@3V?$dual_state_global@P6AXH@Z@__crt_state_management@@A 1002b69c     libucrt:signal.obj
 0003:000016a0       ?ctrlbreak_action@@3V?$dual_state_global@P6AXH@Z@__crt_state_management@@A 1002b6a0     libucrt:signal.obj
 0003:000016a4       ?abort_action@@3V?$dual_state_global@P6AXH@Z@__crt_state_management@@A 1002b6a4     libucrt:signal.obj
 0003:000016a8       ?term_action@@3V?$dual_state_global@P6AXH@Z@__crt_state_management@@A 1002b6a8     libucrt:signal.obj
 0003:000016ac       ?user_matherr@@3V?$dual_state_global@P6AHPAU_exception@@@Z@__crt_state_management@@A 1002b6ac     libucrt:matherr.obj
 0003:000016b0       ?__acrt_global_new_mode@@3V?$dual_state_global@J@__crt_state_management@@A 1002b6b0     libucrt:new_mode.obj
 0003:000016bc       ?internal_pst@?1??__mbrtoc32_utf8@__crt_mbstring@@YAIPA_UPBDIPAU_Mbstatet@@@Z@4U3@A 1002b6bc     libucrt:mbrtoc32.obj
 0003:000016c4       ?__acrt_app_type@@3W4_crt_app_type@@A 1002b6c4     libucrt:report_runtime_error.obj
 0003:000016cc       __pmatherr_set             1002b6cc     libucrt:libm_error.obj
 0004:00000220       $R000000                   1002c220     CAT.res
 0004:00000b90       $R000970                   1002cb90     CAT.res
 0004:00000c78       $R000A58                   1002cc78     CAT.res
 0004:00000ee0       $R000CC0                   1002cee0     CAT.res
 0004:00001410       $R0011F0                   1002d410     CAT.res
 0004:00005248       $R005028                   10031248     CAT.res
 0004:00005270       $R005050                   10031270     CAT.res
