 OPOSMSR

 Timestamp is 5d429ee5 (Thu Aug  1 17:12:21 2019)

 Preferred load address is 10000000

 Start         Length     Name                   Class
 0001:00000000 00000080H .text$di                CODE
 0001:00000080 0001dba3H .text$mn                CODE
 0001:0001dc23 00000036H .text$x                 CODE
 0001:0001dc59 00000042H .text$yd                CODE
 0002:00000000 00000300H .idata$5                DATA
 0002:00000300 00000004H .00cfg                  DATA
 0002:00000304 00000004H .CRT$XCA                DATA
 0002:00000308 00000004H .CRT$XCL                DATA
 0002:0000030c 00000010H .CRT$XCU                DATA
 0002:0000031c 00000004H .CRT$XCZ                DATA
 0002:00000320 00000004H .CRT$XIA                DATA
 0002:00000324 00000010H .CRT$XIC                DATA
 0002:00000334 00000004H .CRT$XIZ                DATA
 0002:00000338 00000004H .CRT$XLA                DATA
 0002:0000033c 00000004H .CRT$XLZ                DATA
 0002:00000340 00000004H .CRT$XPA                DATA
 0002:00000344 00000008H .CRT$XPX                DATA
 0002:0000034c 00000004H .CRT$XPXA               DATA
 0002:00000350 00000004H .CRT$XPZ                DATA
 0002:00000354 00000004H .CRT$XTA                DATA
 0002:00000358 00000008H .CRT$XTZ                DATA
 0002:0000035c 00000000H .gfids$y                DATA
 0002:00000360 00006f2cH .rdata                  DATA
 0002:0000728c 00000018H .rdata$T                DATA
 0002:000072a4 0000017cH .rdata$r                DATA
 0002:00007420 0000001cH .rdata$sxdata           DATA
 0002:0000743c 000003d8H .rdata$zzzdbg           DATA
 0002:00007814 00000004H .rtc$IAA                DATA
 0002:00007818 00000004H .rtc$IZZ                DATA
 0002:0000781c 00000004H .rtc$TAA                DATA
 0002:00007820 00000004H .rtc$TZZ                DATA
 0002:00007824 00000004H .tls                    DATA
 0002:00007828 00000004H .tls$                   DATA
 0002:0000782c 00000004H .tls$ZZZ                DATA
 0002:00007830 00000604H .xdata$x                DATA
 0002:00007e34 00000004H ATL$__a                 DATA
 0002:00007e38 00000008H ATL$__z                 DATA
 0002:00007e40 000000a4H .edata                  DATA
 0002:00007ee4 00000078H .idata$2                DATA
 0002:00007f5c 00000014H .idata$3                DATA
 0002:00007f70 00000300H .idata$4                DATA
 0002:00008270 00000bc8H .idata$6                DATA
 0003:00000000 00000ab0H .data                   DATA
 0003:00000ab0 00000098H .data$r                 DATA
 0003:00000b48 00000b80H .bss                    DATA
 0004:00000000 00000220H .rsrc$01                DATA
 0004:00000220 00005b08H .rsrc$02                DATA

  Address         Publics by Value              Rva+Base       Lib:Object

 0000:00000000       ___guard_fids_count        00000000     <absolute>
 0000:00000000       ___guard_iat_count         00000000     <absolute>
 0000:00000000       ___hybrid_code_map_count   00000000     <absolute>
 0000:00000000       ___dynamic_value_reloc_table 00000000     <absolute>
 0000:00000000       ___guard_longjmp_count     00000000     <absolute>
 0000:00000000       __except_list              00000000     <absolute>
 0000:00000000       ___guard_fids_table        00000000     <absolute>
 0000:00000000       ___guard_longjmp_table     00000000     <absolute>
 0000:00000000       ___hybrid_auxiliary_iat    00000000     <absolute>
 0000:00000000       ___guard_iat_table         00000000     <absolute>
 0000:00000000       ___volatile_metadata       00000000     <absolute>
 0000:00000000       ___enclave_config          00000000     <absolute>
 0000:00000000       ___AbsoluteZero            00000000     <absolute>
 0000:00000000       ___hybrid_code_map         00000000     <absolute>
 0000:00000007       ___safe_se_handler_count   00000007     <absolute>
 0000:0000002c       __tls_array                0000002c     <absolute>
 0000:00000100       ___guard_flags             00000100     <absolute>
 0000:00000000       ___ImageBase               10000000     <linker-defined>
 0001:00000080       ?DupWide@_CW@@AAEXXZ       10001080 f   CWString.obj
 0001:0000009c       ?cw_dup@@YGXPBDAAHAAPA_W1@Z 1000109c f   CWString.obj
 0001:0000010b       ?cw_memcpy@@YGHPA_WPBDH@Z  1000110b f   CWString.obj
 0001:00000137       ?cw_strcpy@@YAHPA_WPBD@Z   10001137 f   CWString.obj
 0001:0000014a       ?cw_strlen@@YAHPBD@Z       1000114a f   CWString.obj
 0001:00000163       ??0CAtlComModule@ATL@@QAE@XZ 10001163 f i OposVariant.obj
 0001:000001a8       ??0CAtlWinModule@ATL@@QAE@XZ 100011a8 f i OposVariant.obj
 0001:000001df       ??0OposDispParms@@QAE@PAVOposVariant@@H@Z 100011df f   OposVariant.obj
 0001:00000250       ??1OposDispParms@@QAE@XZ   10001250 f   OposVariant.obj
 0001:0000025e       ??A?$CSimpleArray@GV?$CSimpleArrayEqualHelper@G@ATL@@@ATL@@QAEAAGH@Z 1000125e f i OposVariant.obj
 0001:00000283       ??_Estringdispid@CComTypeInfoHolder@ATL@@QAEPAXI@Z 10001283 f i OposVariant.obj
 0001:000002ef       ?AtlWinModuleInit@ATL@@YGJPAU_ATL_WIN_MODULE70@1@@Z 100012ef f i OposVariant.obj
 0001:00000315       ?AtlWinModuleTerm@ATL@@YGJPAU_ATL_WIN_MODULE70@1@PAUHINSTANCE__@@@Z 10001315 f i OposVariant.obj
 0001:00000378       ?ChangeBSTR@OposVariant@@QAEXPAPA_WAAJ@Z 10001378 f   OposVariant.obj
 0001:000003b9       ?ChangeLONG@OposVariant@@QAEXPAJAAJ@Z 100013b9 f   OposVariant.obj
 0001:000003fa       ?GetLONG@OposVariant@@QAEJXZ 100013fa f   OposVariant.obj
 0001:00000415       ?Init@CComCriticalSection@ATL@@QAEJXZ 10001415 f i OposVariant.obj
 0001:0000043d       ?RemoveAll@?$CSimpleArray@PAUHINSTANCE__@@V?$CSimpleArrayEqualHelper@PAUHINSTANCE__@@@ATL@@@ATL@@QAEXXZ 1000143d f i atls:atlbase.obj
 0001:0000043d       ?RemoveAll@?$CSimpleArray@GV?$CSimpleArrayEqualHelper@G@ATL@@@ATL@@QAEXXZ 1000143d f i OposVariant.obj
 0001:0000045a       ?SetBSTR@OposVariant@@QAEXPA_WAAJ@Z 1000145a f   OposVariant.obj
 0001:0000048e       ?SetBSTR_Copy@OposVariant@@QAEXPA_WAAJ@Z 1000148e f   OposVariant.obj
 0001:000004de       ?SetBSTR_InOutPtr@OposVariant@@QAE_NPAPA_WAAJ@Z 100014de f   OposVariant.obj
 0001:00000515       ?SetBSTR_OutPtr@OposVariant@@QAE_NPAPA_WAAJ@Z 10001515 f   OposVariant.obj
 0001:00000531       ?SetDispatch_Ptr@OposVariant@@QAEXPAUIDispatch@@AAJ@Z 10001531 f   OposVariant.obj
 0001:0000056c       ?SetLONG@OposVariant@@QAEXJ@Z 1000156c f   OposVariant.obj
 0001:0000058e       ?SetLONG_Ptr@OposVariant@@QAEXPAJAAJ@Z 1000158e f   OposVariant.obj
 0001:000005c1       ?SetString@OposVariant@@QAEXPB_WAAJ@Z 100015c1 f   OposVariant.obj
 0001:00000607       ?SetVARIANT@OposVariant@@QAEXAAUtagVARIANT@@GAAJ@Z 10001607 f   OposVariant.obj
 0001:0000064e       ?SetVARIANT_BOOL@OposVariant@@QAEXF@Z 1000164e f   OposVariant.obj
 0001:00000678       ?Term@CAtlComModule@ATL@@QAEXXZ 10001678 f i OposVariant.obj
 0001:000006c2       ?_AtlRaiseException@ATL@@YAXKK@Z 100016c2 f i OposVariant.obj
 0001:000006d7       ?AddRef@?$CComObjectCached@VCComClassFactory@ATL@@@ATL@@UAGKXZ 100016d7 f i MSR.obj
 0001:000006fe       ?Release@?$CComObjectCached@VCComClassFactory@ATL@@@ATL@@UAGKXZ 100016fe f i MSR.obj
 0001:00000734       ?QueryInterface@?$CComObjectCached@VCComClassFactory@ATL@@@ATL@@UAGJABU_GUID@@PAPAX@Z 10001734 f i MSR.obj
 0001:0000074e       ??_G?$CComObjectCached@VCComClassFactory@ATL@@@ATL@@UAEPAXI@Z 1000174e f i MSR.obj
 0001:0000074e       ??_E?$CComObjectCached@VCComClassFactory@ATL@@@ATL@@UAEPAXI@Z 1000174e f i MSR.obj
 0001:00000770       ?AddRef@?$CComAggObject@VCOPOSMSR@@@ATL@@UAGKXZ 10001770 f i MSR.obj
 0001:00000781       ?Release@?$CComAggObject@VCOPOSMSR@@@ATL@@UAGKXZ 10001781 f i MSR.obj
 0001:000007bd       ?QueryInterface@?$CComAggObject@VCOPOSMSR@@@ATL@@UAGJABU_GUID@@PAPAX@Z 100017bd f i MSR.obj
 0001:0000080c       ?AddRef@?$CComContainedObject@VCOPOSMSR@@@ATL@@UAGKXZ 1000180c f i MSR.obj
 0001:00000822       ?Release@?$CComContainedObject@VCOPOSMSR@@@ATL@@UAGKXZ 10001822 f i MSR.obj
 0001:00000838       ?QueryInterface@?$CComContainedObject@VCOPOSMSR@@@ATL@@UAGJABU_GUID@@PAPAX@Z 10001838 f i MSR.obj
 0001:00000853       ??_G?$CComAggObject@VCOPOSMSR@@@ATL@@UAEPAXI@Z 10001853 f i MSR.obj
 0001:00000853       ??_E?$CComAggObject@VCOPOSMSR@@@ATL@@UAEPAXI@Z 10001853 f i MSR.obj
 0001:00000878       ?AddRef@?$CComObject@VCOPOSMSR@@@ATL@@UAGKXZ 10001878 f i MSR.obj
 0001:0000088f       ?Release@?$CComObject@VCOPOSMSR@@@ATL@@UAGKXZ 1000188f f i MSR.obj
 0001:000008d1       ?QueryInterface@?$CComObject@VCOPOSMSR@@@ATL@@UAGJABU_GUID@@PAPAX@Z 100018d1 f i MSR.obj
 0001:000008eb       ?Lock@CAtlModule@ATL@@UAEJXZ 100018eb f i MSR.obj
 0001:000008f5       ?Unlock@CAtlModule@ATL@@UAEJXZ 100018f5 f i MSR.obj
 0001:000008ff       ?GetLockCount@CAtlModule@ATL@@UAEJXZ 100018ff f i MSR.obj
 0001:00000903       ?GetGITPtr@CAtlModule@ATL@@UAEJPAPAUIGlobalInterfaceTable@@@Z 10001903 f i MSR.obj
 0001:0000094f       ?AddCommonRGSReplacements@?$CAtlModuleT@VCComModule@ATL@@@ATL@@UAEJPAUIRegistrarBase@@@Z 1000194f f i MSR.obj
 0001:00000969       ?UpdateRegistryFromResourceD@CComModule@ATL@@UAGJIHPAU_ATL_REGMAP_ENTRY@2@@Z 10001969 f i MSR.obj
 0001:00000969       ?UpdateRegistryFromResourceD@CComModule@ATL@@UAGJPB_WHPAU_ATL_REGMAP_ENTRY@2@@Z 10001969 f i MSR.obj
 0001:00000971       ?UpdateRegistryFromResource@CComModule@ATL@@UAGJPB_WHPAU_ATL_REGMAP_ENTRY@2@@Z 10001971 f i MSR.obj
 0001:0000097a       ?UpdateRegistryFromResource@CComModule@ATL@@UAGJIHPAU_ATL_REGMAP_ENTRY@2@@Z 1000197a f i MSR.obj
 0001:00000983       ??_ECComModule@ATL@@UAEPAXI@Z 10001983 f i MSR.obj
 0001:00000983       ??_GCComModule@ATL@@UAEPAXI@Z 10001983 f i MSR.obj
 0001:000009ab       ?OnDrawAdvanced@CComControlBase@ATL@@UAEJAAUATL_DRAWINFO@@@Z 100019ab f i MSR.obj
 0001:00000a9a       ?Next@?$CComEnumImpl@UIEnumConnections@@$1?_GUID_b196b287_bab4_101a_b69c_00aa00341d07@@3U__s_GUID@@BUtagCONNECTDATA@@V?$_Copy@UtagCONNECTDATA@@@ATL@@@ATL@@UAGJKPAUtagCONNECTDATA@@PAK@Z 10001a9a f i MSR.obj
 0001:00000b71       ?Skip@?$CComEnumImpl@UIEnumConnections@@$1?_GUID_b196b287_bab4_101a_b69c_00aa00341d07@@3U__s_GUID@@BUtagCONNECTDATA@@V?$_Copy@UtagCONNECTDATA@@@ATL@@@ATL@@UAGJK@Z 10001b71 f i MSR.obj
 0001:00000b9e       ?Reset@?$CComEnumImpl@UIEnumConnectionPoints@@$1?_GUID_b196b285_bab4_101a_b69c_00aa00341d07@@3U__s_GUID@@BPAUIConnectionPoint@@V?$_CopyInterface@UIConnectionPoint@@@ATL@@@ATL@@UAGJXZ 10001b9e f i MSR.obj
 0001:00000b9e       ?Reset@?$CComEnumImpl@UIEnumConnections@@$1?_GUID_b196b287_bab4_101a_b69c_00aa00341d07@@3U__s_GUID@@BUtagCONNECTDATA@@V?$_Copy@UtagCONNECTDATA@@@ATL@@@ATL@@UAGJXZ 10001b9e f i MSR.obj
 0001:00000bb0       ?Clone@?$CComEnumImpl@UIEnumConnections@@$1?_GUID_b196b287_bab4_101a_b69c_00aa00341d07@@3U__s_GUID@@BUtagCONNECTDATA@@V?$_Copy@UtagCONNECTDATA@@@ATL@@@ATL@@UAGJPAPAUIEnumConnections@@@Z 10001bb0 f i MSR.obj
 0001:00000c91       ?AddRef@?$CComObject@V?$CComEnum@UIEnumConnections@@$1?_GUID_b196b287_bab4_101a_b69c_00aa00341d07@@3U__s_GUID@@BUtagCONNECTDATA@@V?$_Copy@UtagCONNECTDATA@@@ATL@@VCComSingleThreadModel@6@@ATL@@@ATL@@UAGKXZ 10001c91 f i MSR.obj
 0001:00000c91       ?AddRef@?$CComObject@V?$CComEnum@UIEnumConnectionPoints@@$1?_GUID_b196b285_bab4_101a_b69c_00aa00341d07@@3U__s_GUID@@BPAUIConnectionPoint@@V?$_CopyInterface@UIConnectionPoint@@@ATL@@VCComSingleThreadModel@6@@ATL@@@ATL@@UAGKXZ 10001c91 f i MSR.obj
 0001:00000ca2       ?Release@?$CComObject@V?$CComEnum@UIEnumConnectionPoints@@$1?_GUID_b196b285_bab4_101a_b69c_00aa00341d07@@3U__s_GUID@@BPAUIConnectionPoint@@V?$_CopyInterface@UIConnectionPoint@@@ATL@@VCComSingleThreadModel@6@@ATL@@@ATL@@UAGKXZ 10001ca2 f i MSR.obj
 0001:00000ca2       ?Release@?$CComObject@V?$CComEnum@UIEnumConnections@@$1?_GUID_b196b287_bab4_101a_b69c_00aa00341d07@@3U__s_GUID@@BUtagCONNECTDATA@@V?$_Copy@UtagCONNECTDATA@@@ATL@@VCComSingleThreadModel@6@@ATL@@@ATL@@UAGKXZ 10001ca2 f i MSR.obj
 0001:00000cde       ?QueryInterface@?$CComObject@V?$CComEnum@UIEnumConnections@@$1?_GUID_b196b287_bab4_101a_b69c_00aa00341d07@@3U__s_GUID@@BUtagCONNECTDATA@@V?$_Copy@UtagCONNECTDATA@@@ATL@@VCComSingleThreadModel@6@@ATL@@@ATL@@UAGJABU_GUID@@PAPAX@Z 10001cde f i MSR.obj
 0001:00000cf8       ?GetCanonicalFormatEtc@?$IDataObjectImpl@VCOPOSMSR@@@ATL@@UAGJPAUtagFORMATETC@@0@Z 10001cf8 f i MSR.obj
 0001:00000cf8       ?GetClipboardData@?$IOleObjectImpl@VCOPOSMSR@@@ATL@@UAGJKPAPAUIDataObject@@@Z 10001cf8 f i MSR.obj
 0001:00000cf8       ?GetDataHere@?$IDataObjectImpl@VCOPOSMSR@@@ATL@@UAGJPAUtagFORMATETC@@PAUtagSTGMEDIUM@@@Z 10001cf8 f i MSR.obj
 0001:00000cf8       ?EnumFormatEtc@?$IDataObjectImpl@VCOPOSMSR@@@ATL@@UAGJKPAPAUIEnumFORMATETC@@@Z 10001cf8 f i MSR.obj
 0001:00000cf8       ?GetRect@?$IViewObjectExImpl@VCOPOSMSR@@@ATL@@UAGJKPAU_RECTL@@@Z 10001cf8 f i MSR.obj
 0001:00000cf8       ?SetMoniker@?$IOleObjectImpl@VCOPOSMSR@@@ATL@@UAGJKPAUIMoniker@@@Z 10001cf8 f i MSR.obj
 0001:00000cf8       ?QueryInterface@CRegObject@ATL@@UAGJABU_GUID@@PAPAX@Z 10001cf8 f i MSR.obj
 0001:00000d00       ?AddRef@CRegObject@ATL@@UAGKXZ 10001d00 f i MSR.obj
 0001:00000d06       ?HandsOffStorage@?$IPersistStorageImpl@VCOPOSMSR@@@ATL@@UAGJXZ 10001d06 f i MSR.obj
 0001:00000d06       ?Update@?$IOleObjectImpl@VCOPOSMSR@@@ATL@@UAGJXZ 10001d06 f i MSR.obj
 0001:00000d06       ?IsUpToDate@?$IOleObjectImpl@VCOPOSMSR@@@ATL@@UAGJXZ 10001d06 f i MSR.obj
 0001:00000d06       ?Release@CRegObject@ATL@@UAGKXZ 10001d06 f i MSR.obj
 0001:00000d0b       ?AddReplacement@CRegObject@ATL@@UAGJPB_W0@Z 10001d0b f i MSR.obj
 0001:00000d44       ?ClearReplacements@CRegObject@ATL@@UAGJXZ 10001d44 f i MSR.obj
 0001:00000d56       ??_E?$CComObject@V?$CComEnum@UIEnumConnections@@$1?_GUID_b196b287_bab4_101a_b69c_00aa00341d07@@3U__s_GUID@@BUtagCONNECTDATA@@V?$_Copy@UtagCONNECTDATA@@@ATL@@VCComSingleThreadModel@6@@ATL@@@ATL@@UAEPAXI@Z 10001d56 f i MSR.obj
 0001:00000d56       ??_G?$CComObject@V?$CComEnum@UIEnumConnections@@$1?_GUID_b196b287_bab4_101a_b69c_00aa00341d07@@3U__s_GUID@@BUtagCONNECTDATA@@V?$_Copy@UtagCONNECTDATA@@@ATL@@VCComSingleThreadModel@6@@ATL@@@ATL@@UAEPAXI@Z 10001d56 f i MSR.obj
 0001:00000d78       ??_ECRegObject@ATL@@UAEPAXI@Z 10001d78 f i MSR.obj
 0001:00000d78       ??_GCRegObject@ATL@@UAEPAXI@Z 10001d78 f i MSR.obj
 0001:00000d9a       ??_E?$CComObject@VCOPOSMSR@@@ATL@@W3AEPAXI@Z 10001d9a f i MSR.obj
 0001:00000da2       ??_E?$CComObject@VCOPOSMSR@@@ATL@@WEM@AEPAXI@Z 10001da2 f i MSR.obj
 0001:00000daa       ?QueryInterface@?$CComObject@VCOPOSMSR@@@ATL@@WHA@AGJABU_GUID@@PAPAX@Z 10001daa f i MSR.obj
 0001:00000db4       ?AddRef@?$CComObject@VCOPOSMSR@@@ATL@@WHA@AGKXZ 10001db4 f i MSR.obj
 0001:00000dbe       ?Release@?$CComObject@VCOPOSMSR@@@ATL@@WHA@AGKXZ 10001dbe f i MSR.obj
 0001:00000dc8       ?QueryInterface@?$CComObject@VCOPOSMSR@@@ATL@@WHE@AGJABU_GUID@@PAPAX@Z 10001dc8 f i MSR.obj
 0001:00000dd2       ?AddRef@?$CComObject@VCOPOSMSR@@@ATL@@WHE@AGKXZ 10001dd2 f i MSR.obj
 0001:00000ddc       ?Release@?$CComObject@VCOPOSMSR@@@ATL@@WHE@AGKXZ 10001ddc f i MSR.obj
 0001:00000de6       ?QueryInterface@?$CComObject@VCOPOSMSR@@@ATL@@WHI@AGJABU_GUID@@PAPAX@Z 10001de6 f i MSR.obj
 0001:00000df0       ?AddRef@?$CComObject@VCOPOSMSR@@@ATL@@WHI@AGKXZ 10001df0 f i MSR.obj
 0001:00000dfa       ?Release@?$CComObject@VCOPOSMSR@@@ATL@@WHI@AGKXZ 10001dfa f i MSR.obj
 0001:00000e04       ?QueryInterface@?$CComObject@VCOPOSMSR@@@ATL@@WHM@AGJABU_GUID@@PAPAX@Z 10001e04 f i MSR.obj
 0001:00000e0e       ?AddRef@?$CComObject@VCOPOSMSR@@@ATL@@WHM@AGKXZ 10001e0e f i MSR.obj
 0001:00000e18       ?Release@?$CComObject@VCOPOSMSR@@@ATL@@WHM@AGKXZ 10001e18 f i MSR.obj
 0001:00000e22       ?QueryInterface@?$CComObject@VCOPOSMSR@@@ATL@@WIA@AGJABU_GUID@@PAPAX@Z 10001e22 f i MSR.obj
 0001:00000e2f       ?AddRef@?$CComObject@VCOPOSMSR@@@ATL@@WIA@AGKXZ 10001e2f f i MSR.obj
 0001:00000e3c       ?Release@?$CComObject@VCOPOSMSR@@@ATL@@WIA@AGKXZ 10001e3c f i MSR.obj
 0001:00000e49       ?QueryInterface@?$CComObject@VCOPOSMSR@@@ATL@@WIE@AGJABU_GUID@@PAPAX@Z 10001e49 f i MSR.obj
 0001:00000e56       ?AddRef@?$CComObject@VCOPOSMSR@@@ATL@@WIE@AGKXZ 10001e56 f i MSR.obj
 0001:00000e63       ?Release@?$CComObject@VCOPOSMSR@@@ATL@@WIE@AGKXZ 10001e63 f i MSR.obj
 0001:00000e70       ?QueryInterface@?$CComObject@VCOPOSMSR@@@ATL@@WII@AGJABU_GUID@@PAPAX@Z 10001e70 f i MSR.obj
 0001:00000e7d       ?AddRef@?$CComObject@VCOPOSMSR@@@ATL@@WII@AGKXZ 10001e7d f i MSR.obj
 0001:00000e8a       ?Release@?$CComObject@VCOPOSMSR@@@ATL@@WII@AGKXZ 10001e8a f i MSR.obj
 0001:00000e97       ?QueryInterface@?$CComObject@VCOPOSMSR@@@ATL@@WIM@AGJABU_GUID@@PAPAX@Z 10001e97 f i MSR.obj
 0001:00000ea4       ?AddRef@?$CComObject@VCOPOSMSR@@@ATL@@WIM@AGKXZ 10001ea4 f i MSR.obj
 0001:00000eb1       ?Release@?$CComObject@VCOPOSMSR@@@ATL@@WIM@AGKXZ 10001eb1 f i MSR.obj
 0001:00000ebe       ?QueryInterface@?$CComObject@VCOPOSMSR@@@ATL@@WJA@AGJABU_GUID@@PAPAX@Z 10001ebe f i MSR.obj
 0001:00000ecb       ?AddRef@?$CComObject@VCOPOSMSR@@@ATL@@WJA@AGKXZ 10001ecb f i MSR.obj
 0001:00000ed8       ?Release@?$CComObject@VCOPOSMSR@@@ATL@@WJA@AGKXZ 10001ed8 f i MSR.obj
 0001:00000ee5       ?QueryInterface@?$CComObject@VCOPOSMSR@@@ATL@@WJE@AGJABU_GUID@@PAPAX@Z 10001ee5 f i MSR.obj
 0001:00000ef2       ?AddRef@?$CComObject@VCOPOSMSR@@@ATL@@WJE@AGKXZ 10001ef2 f i MSR.obj
 0001:00000eff       ?Release@?$CComObject@VCOPOSMSR@@@ATL@@WJE@AGKXZ 10001eff f i MSR.obj
 0001:00000f0c       ?QueryInterface@?$CComObject@VCOPOSMSR@@@ATL@@WJI@AGJABU_GUID@@PAPAX@Z 10001f0c f i MSR.obj
 0001:00000f19       ?AddRef@?$CComObject@VCOPOSMSR@@@ATL@@WJI@AGKXZ 10001f19 f i MSR.obj
 0001:00000f26       ?Release@?$CComObject@VCOPOSMSR@@@ATL@@WJI@AGKXZ 10001f26 f i MSR.obj
 0001:00000f33       ?QueryInterface@?$CComObject@VCOPOSMSR@@@ATL@@WJM@AGJABU_GUID@@PAPAX@Z 10001f33 f i MSR.obj
 0001:00000f40       ?AddRef@?$CComObject@VCOPOSMSR@@@ATL@@WJM@AGKXZ 10001f40 f i MSR.obj
 0001:00000f4d       ?Release@?$CComObject@VCOPOSMSR@@@ATL@@WJM@AGKXZ 10001f4d f i MSR.obj
 0001:00000f5a       ?QueryInterface@?$CComObject@VCOPOSMSR@@@ATL@@WKA@AGJABU_GUID@@PAPAX@Z 10001f5a f i MSR.obj
 0001:00000f67       ?AddRef@?$CComObject@VCOPOSMSR@@@ATL@@WKA@AGKXZ 10001f67 f i MSR.obj
 0001:00000f74       ?Release@?$CComObject@VCOPOSMSR@@@ATL@@WKA@AGKXZ 10001f74 f i MSR.obj
 0001:00000f81       ?AddRef@?$CComObject@VCOPOSMSR@@@ATL@@WKI@AGKXZ 10001f81 f i MSR.obj
 0001:00000f8e       ?Release@?$CComObject@VCOPOSMSR@@@ATL@@WKI@AGKXZ 10001f8e f i MSR.obj
 0001:00000f9b       ?AddRef@?$CComObject@VCOPOSMSR@@@ATL@@WLE@AGKXZ 10001f9b f i MSR.obj
 0001:00000fa8       ?Release@?$CComObject@VCOPOSMSR@@@ATL@@WLE@AGKXZ 10001fa8 f i MSR.obj
 0001:00000fb5       ??_E?$CComContainedObject@VCOPOSMSR@@@ATL@@W3AEPAXI@Z 10001fb5 f i MSR.obj
 0001:00000fbd       ??_E?$CComContainedObject@VCOPOSMSR@@@ATL@@WEM@AEPAXI@Z 10001fbd f i MSR.obj
 0001:00000fc5       ?QueryInterface@?$CComContainedObject@VCOPOSMSR@@@ATL@@WHA@AGJABU_GUID@@PAPAX@Z 10001fc5 f i MSR.obj
 0001:00000fcf       ?AddRef@?$CComContainedObject@VCOPOSMSR@@@ATL@@WHA@AGKXZ 10001fcf f i MSR.obj
 0001:00000fd9       ?Release@?$CComContainedObject@VCOPOSMSR@@@ATL@@WHA@AGKXZ 10001fd9 f i MSR.obj
 0001:00000fe3       ?QueryInterface@?$CComContainedObject@VCOPOSMSR@@@ATL@@WHE@AGJABU_GUID@@PAPAX@Z 10001fe3 f i MSR.obj
 0001:00000fed       ?AddRef@?$CComContainedObject@VCOPOSMSR@@@ATL@@WHE@AGKXZ 10001fed f i MSR.obj
 0001:00000ff7       ?Release@?$CComContainedObject@VCOPOSMSR@@@ATL@@WHE@AGKXZ 10001ff7 f i MSR.obj
 0001:00001001       ?QueryInterface@?$CComContainedObject@VCOPOSMSR@@@ATL@@WHI@AGJABU_GUID@@PAPAX@Z 10002001 f i MSR.obj
 0001:0000100b       ?AddRef@?$CComContainedObject@VCOPOSMSR@@@ATL@@WHI@AGKXZ 1000200b f i MSR.obj
 0001:00001015       ?Release@?$CComContainedObject@VCOPOSMSR@@@ATL@@WHI@AGKXZ 10002015 f i MSR.obj
 0001:0000101f       ?QueryInterface@?$CComContainedObject@VCOPOSMSR@@@ATL@@WHM@AGJABU_GUID@@PAPAX@Z 1000201f f i MSR.obj
 0001:00001029       ?AddRef@?$CComContainedObject@VCOPOSMSR@@@ATL@@WHM@AGKXZ 10002029 f i MSR.obj
 0001:00001033       ?Release@?$CComContainedObject@VCOPOSMSR@@@ATL@@WHM@AGKXZ 10002033 f i MSR.obj
 0001:0000103d       ?QueryInterface@?$CComContainedObject@VCOPOSMSR@@@ATL@@WIA@AGJABU_GUID@@PAPAX@Z 1000203d f i MSR.obj
 0001:0000104a       ?AddRef@?$CComContainedObject@VCOPOSMSR@@@ATL@@WIA@AGKXZ 1000204a f i MSR.obj
 0001:00001057       ?Release@?$CComContainedObject@VCOPOSMSR@@@ATL@@WIA@AGKXZ 10002057 f i MSR.obj
 0001:00001064       ?QueryInterface@?$CComContainedObject@VCOPOSMSR@@@ATL@@WIE@AGJABU_GUID@@PAPAX@Z 10002064 f i MSR.obj
 0001:00001071       ?AddRef@?$CComContainedObject@VCOPOSMSR@@@ATL@@WIE@AGKXZ 10002071 f i MSR.obj
 0001:0000107e       ?Release@?$CComContainedObject@VCOPOSMSR@@@ATL@@WIE@AGKXZ 1000207e f i MSR.obj
 0001:0000108b       ?QueryInterface@?$CComContainedObject@VCOPOSMSR@@@ATL@@WII@AGJABU_GUID@@PAPAX@Z 1000208b f i MSR.obj
 0001:00001098       ?AddRef@?$CComContainedObject@VCOPOSMSR@@@ATL@@WII@AGKXZ 10002098 f i MSR.obj
 0001:000010a5       ?Release@?$CComContainedObject@VCOPOSMSR@@@ATL@@WII@AGKXZ 100020a5 f i MSR.obj
 0001:000010b2       ?QueryInterface@?$CComContainedObject@VCOPOSMSR@@@ATL@@WIM@AGJABU_GUID@@PAPAX@Z 100020b2 f i MSR.obj
 0001:000010bf       ?AddRef@?$CComContainedObject@VCOPOSMSR@@@ATL@@WIM@AGKXZ 100020bf f i MSR.obj
 0001:000010cc       ?Release@?$CComContainedObject@VCOPOSMSR@@@ATL@@WIM@AGKXZ 100020cc f i MSR.obj
 0001:000010d9       ?QueryInterface@?$CComContainedObject@VCOPOSMSR@@@ATL@@WJA@AGJABU_GUID@@PAPAX@Z 100020d9 f i MSR.obj
 0001:000010e6       ?AddRef@?$CComContainedObject@VCOPOSMSR@@@ATL@@WJA@AGKXZ 100020e6 f i MSR.obj
 0001:000010f3       ?Release@?$CComContainedObject@VCOPOSMSR@@@ATL@@WJA@AGKXZ 100020f3 f i MSR.obj
 0001:00001100       ?QueryInterface@?$CComContainedObject@VCOPOSMSR@@@ATL@@WJE@AGJABU_GUID@@PAPAX@Z 10002100 f i MSR.obj
 0001:0000110d       ?AddRef@?$CComContainedObject@VCOPOSMSR@@@ATL@@WJE@AGKXZ 1000210d f i MSR.obj
 0001:0000111a       ?Release@?$CComContainedObject@VCOPOSMSR@@@ATL@@WJE@AGKXZ 1000211a f i MSR.obj
 0001:00001127       ?QueryInterface@?$CComContainedObject@VCOPOSMSR@@@ATL@@WJI@AGJABU_GUID@@PAPAX@Z 10002127 f i MSR.obj
 0001:00001134       ?AddRef@?$CComContainedObject@VCOPOSMSR@@@ATL@@WJI@AGKXZ 10002134 f i MSR.obj
 0001:00001141       ?Release@?$CComContainedObject@VCOPOSMSR@@@ATL@@WJI@AGKXZ 10002141 f i MSR.obj
 0001:0000114e       ?QueryInterface@?$CComContainedObject@VCOPOSMSR@@@ATL@@WJM@AGJABU_GUID@@PAPAX@Z 1000214e f i MSR.obj
 0001:0000115b       ?AddRef@?$CComContainedObject@VCOPOSMSR@@@ATL@@WJM@AGKXZ 1000215b f i MSR.obj
 0001:00001168       ?Release@?$CComContainedObject@VCOPOSMSR@@@ATL@@WJM@AGKXZ 10002168 f i MSR.obj
 0001:00001175       ?QueryInterface@?$CComContainedObject@VCOPOSMSR@@@ATL@@WKA@AGJABU_GUID@@PAPAX@Z 10002175 f i MSR.obj
 0001:00001182       ?AddRef@?$CComContainedObject@VCOPOSMSR@@@ATL@@WKA@AGKXZ 10002182 f i MSR.obj
 0001:0000118f       ?Release@?$CComContainedObject@VCOPOSMSR@@@ATL@@WKA@AGKXZ 1000218f f i MSR.obj
 0001:0000119c       ?AddRef@?$CComContainedObject@VCOPOSMSR@@@ATL@@WKI@AGKXZ 1000219c f i MSR.obj
 0001:000011a9       ?Release@?$CComContainedObject@VCOPOSMSR@@@ATL@@WKI@AGKXZ 100021a9 f i MSR.obj
 0001:000011b6       ?AddRef@?$CComContainedObject@VCOPOSMSR@@@ATL@@WLE@AGKXZ 100021b6 f i MSR.obj
 0001:000011c3       ?Release@?$CComContainedObject@VCOPOSMSR@@@ATL@@WLE@AGKXZ 100021c3 f i MSR.obj
 0001:000011d0       ?GetWindowProc@?$CWindowImplBaseT@VCWindow@ATL@@V?$CWinTraits@$0FGAAAAAA@$0A@@2@@ATL@@UAEP6GJPAUHWND__@@IIJ@ZXZ 100021d0 f i MSR.obj
 0001:000011d6       ?StartWindowProc@?$CWindowImplBaseT@VCWindow@ATL@@V?$CWinTraits@$0FGAAAAAA@$0A@@2@@ATL@@SGJPAUHWND__@@IIJ@Z 100021d6 f i MSR.obj
 0001:0000122a       ?ObjectMain@CComObjectRootBase@ATL@@SGX_N@Z 1000222a f i MSR.obj
 0001:0000122a       ?OnFinalMessage@?$CWindowImplBaseT@VCWindow@ATL@@V?$CWinTraits@$0FGAAAAAA@$0A@@2@@ATL@@UAEXPAUHWND__@@@Z 1000222a f i MSR.obj
 0001:0000122d       ?GetTypeInfoCount@?$IDispatchImpl@UIOPOSMSR@@$1?IID_IOPOSMSR@@3U_GUID@@B$1?LIBID_OposMSR_CCO@@3U3@B$00$0A@VCComTypeInfoHolder@ATL@@@ATL@@UAGJPAI@Z 1000222d f i MSR.obj
 0001:0000124a       ?GetTypeInfo@?$IDispatchImpl@UIOPOSMSR@@$1?IID_IOPOSMSR@@3U_GUID@@B$1?LIBID_OposMSR_CCO@@3U3@B$00$0A@VCComTypeInfoHolder@ATL@@@ATL@@UAGJIKPAPAUITypeInfo@@@Z 1000224a f i MSR.obj
 0001:0000126e       ?GetIDsOfNames@?$IDispatchImpl@UIOPOSMSR@@$1?IID_IOPOSMSR@@3U_GUID@@B$1?LIBID_OposMSR_CCO@@3U3@B$00$0A@VCComTypeInfoHolder@ATL@@@ATL@@UAGJABU_GUID@@PAPA_WIKPAJ@Z 1000226e f i MSR.obj
 0001:0000128e       ?Invoke@?$IDispatchImpl@UIOPOSMSR@@$1?IID_IOPOSMSR@@3U_GUID@@B$1?LIBID_OposMSR_CCO@@3U3@B$00$0A@VCComTypeInfoHolder@ATL@@@ATL@@UAGJJABU_GUID@@KGPAUtagDISPPARAMS@@PAUtagVARIANT@@PAUtagEXCEPINFO@@PAI@Z 1000228e f i MSR.obj
 0001:0000129c       ?CreateControlWindow@?$CComControl@VCOPOSMSR@@V?$CWindowImpl@VCOPOSMSR@@VCWindow@ATL@@V?$CWinTraits@$0FGAAAAAA@$0A@@3@@ATL@@@ATL@@UAEPAUHWND__@@PAU3@AAUtagRECT@@@Z 1000229c f i MSR.obj
 0001:000012cb       ?ControlQueryInterface@?$CComControl@VCOPOSMSR@@V?$CWindowImpl@VCOPOSMSR@@VCWindow@ATL@@V?$CWinTraits@$0FGAAAAAA@$0A@@3@@ATL@@@ATL@@UAEJABU_GUID@@PAPAX@Z 100022cb f i MSR.obj
 0001:000012e6       ?GetClassID@?$IPersistStreamInitImpl@VCOPOSMSR@@@ATL@@UAGJPAU_GUID@@@Z 100022e6 f i MSR.obj
 0001:000012e6       ?GetUserClassID@?$IOleObjectImpl@VCOPOSMSR@@@ATL@@UAGJPAU_GUID@@@Z 100022e6 f i MSR.obj
 0001:000012e6       ?GetClassID@?$IPersistStorageImpl@VCOPOSMSR@@@ATL@@UAGJPAU_GUID@@@Z 100022e6 f i MSR.obj
 0001:0000130a       ?IsDirty@?$IPersistStreamInitImpl@VCOPOSMSR@@@ATL@@UAGJXZ 1000230a f i MSR.obj
 0001:00001329       ?Load@?$IPersistStreamInitImpl@VCOPOSMSR@@@ATL@@UAGJPAUIStream@@@Z 10002329 f i MSR.obj
 0001:00001348       ?Save@?$IPersistStreamInitImpl@VCOPOSMSR@@@ATL@@UAGJPAUIStream@@H@Z 10002348 f i MSR.obj
 0001:0000136a       ?GetSizeMax@?$IPersistStreamInitImpl@VCOPOSMSR@@@ATL@@UAGJPAT_ULARGE_INTEGER@@@Z 1000236a f i MSR.obj
 0001:0000151f       ?InitNew@?$IPersistStreamInitImpl@VCOPOSMSR@@@ATL@@UAGJXZ 1000251f f i MSR.obj
 0001:0000153c       ?SOOutputCompleteDummy@COPOSMSR@@MAGJJ@Z 1000253c f i MSR.obj
 0001:0000153c       ?QueryGetData@?$IDataObjectImpl@VCOPOSMSR@@@ATL@@UAGJPAUtagFORMATETC@@@Z 1000253c f i MSR.obj
 0001:0000153c       ?SetColorScheme@?$IOleObjectImpl@VCOPOSMSR@@@ATL@@UAGJPAUtagLOGPALETTE@@@Z 1000253c f i MSR.obj
 0001:0000153c       ?OnMnemonic@?$IOleControlImpl@VCOPOSMSR@@@ATL@@UAGJPAUtagMSG@@@Z 1000253c f i MSR.obj
 0001:0000153c       ?GetControlInfo@?$IOleControlImpl@VCOPOSMSR@@@ATL@@UAGJPAUtagCONTROLINFO@@@Z 1000253c f i MSR.obj
 0001:0000153c       ?Unfreeze@?$IViewObjectExImpl@VCOPOSMSR@@@ATL@@UAGJK@Z 1000253c f i MSR.obj
 0001:0000153c       ?GetDropTarget@?$IOleInPlaceObjectWindowlessImpl@VCOPOSMSR@@@ATL@@UAGJPAPAUIDropTarget@@@Z 1000253c f i MSR.obj
 0001:0000153c       ?ContextSensitiveHelp@?$IOleInPlaceActiveObjectImpl@VCOPOSMSR@@@ATL@@UAGJH@Z 1000253c f i MSR.obj
 0001:0000153c       ?ContextSensitiveHelp@?$IOleInPlaceObjectWindowlessImpl@VCOPOSMSR@@@ATL@@UAGJH@Z 1000253c f i MSR.obj
 0001:00001544       ?SaveCompleted@?$IPersistStorageImpl@VCOPOSMSR@@@ATL@@UAGJPAUIStorage@@@Z 10002544 f i MSR.obj
 0001:00001544       ?OnAmbientPropertyChange@?$IOleControlImpl@VCOPOSMSR@@@ATL@@UAGJJ@Z 10002544 f i MSR.obj
 0001:00001544       ?OnFrameWindowActivate@?$IOleInPlaceActiveObjectImpl@VCOPOSMSR@@@ATL@@UAGJH@Z 10002544 f i MSR.obj
 0001:00001544       ?EnableModeless@?$IOleInPlaceActiveObjectImpl@VCOPOSMSR@@@ATL@@UAGJH@Z 10002544 f i MSR.obj
 0001:00001549       ?SetClientSite@?$IOleObjectImpl@VCOPOSMSR@@@ATL@@UAGJPAUIOleClientSite@@@Z 10002549 f i MSR.obj
 0001:00001566       ?GetClientSite@?$IOleObjectImpl@VCOPOSMSR@@@ATL@@UAGJPAPAUIOleClientSite@@@Z 10002566 f i MSR.obj
 0001:00001583       ?SetHostNames@?$IOleObjectImpl@VCOPOSMSR@@@ATL@@UAGJPB_W0@Z 10002583 f i MSR.obj
 0001:00001588       ?Close@?$IOleObjectImpl@VCOPOSMSR@@@ATL@@UAGJK@Z 10002588 f i MSR.obj
 0001:000015a5       ?InitFromData@?$IOleObjectImpl@VCOPOSMSR@@@ATL@@UAGJPAUIDataObject@@HK@Z 100025a5 f i MSR.obj
 0001:000015a5       ?SetData@?$IDataObjectImpl@VCOPOSMSR@@@ATL@@UAGJPAUtagFORMATETC@@PAUtagSTGMEDIUM@@H@Z 100025a5 f i MSR.obj
 0001:000015a5       ?GetMoniker@?$IOleObjectImpl@VCOPOSMSR@@@ATL@@UAGJKKPAPAUIMoniker@@@Z 100025a5 f i MSR.obj
 0001:000015ad       ?DoVerb@?$IOleObjectImpl@VCOPOSMSR@@@ATL@@UAGJJPAUtagMSG@@PAUIOleClientSite@@JPAUHWND__@@PBUtagRECT@@@Z 100025ad f i MSR.obj
 0001:000016c5       ?EnumVerbs@?$IOleObjectImpl@VCOPOSMSR@@@ATL@@UAGJPAPAUIEnumOLEVERB@@@Z 100026c5 f i MSR.obj
 0001:000016e7       ?GetUserType@?$IOleObjectImpl@VCOPOSMSR@@@ATL@@UAGJKPAPA_W@Z 100026e7 f i MSR.obj
 0001:000016ff       ?SetExtent@?$IOleObjectImpl@VCOPOSMSR@@@ATL@@UAGJKPAUtagSIZE@@@Z 100026ff f i MSR.obj
 0001:0000171f       ?GetExtent@?$IOleObjectImpl@VCOPOSMSR@@@ATL@@UAGJKPAUtagSIZE@@@Z 1000271f f i MSR.obj
 0001:0000175d       ?Advise@?$IOleObjectImpl@VCOPOSMSR@@@ATL@@UAGJPAUIAdviseSink@@PAK@Z 1000275d f i MSR.obj
 0001:0000177d       ?Unadvise@?$IOleObjectImpl@VCOPOSMSR@@@ATL@@UAGJK@Z 1000277d f i MSR.obj
 0001:000017ac       ?EnumAdvise@?$IOleObjectImpl@VCOPOSMSR@@@ATL@@UAGJPAPAUIEnumSTATDATA@@@Z 100027ac f i MSR.obj
 0001:000017ec       ?GetMiscStatus@?$IOleObjectImpl@VCOPOSMSR@@@ATL@@UAGJKPAK@Z 100027ec f i MSR.obj
 0001:00001804       ?GetWindow@?$IOleInPlaceActiveObjectImpl@VCOPOSMSR@@@ATL@@UAGJPAPAUHWND__@@@Z 10002804 f i MSR.obj
 0001:00001851       ?TranslateAcceleratorW@?$IOleInPlaceActiveObjectImpl@VCOPOSMSR@@@ATL@@UAGJPAUtagMSG@@@Z 10002851 f i MSR.obj
 0001:000018ef       ?OnDocWindowActivate@?$IOleInPlaceActiveObjectImpl@VCOPOSMSR@@@ATL@@UAGJH@Z 100028ef f i MSR.obj
 0001:00001911       ?ResizeBorder@?$IOleInPlaceActiveObjectImpl@VCOPOSMSR@@@ATL@@UAGJPBUtagRECT@@PAUIOleInPlaceUIWindow@@H@Z 10002911 f i MSR.obj
 0001:00001916       ?Draw@?$IViewObjectExImpl@VCOPOSMSR@@@ATL@@UAGJKJPAXPAUtagDVTARGETDEVICE@@PAUHDC__@@2PBU_RECTL@@3P6GHK@ZK@Z 10002916 f i MSR.obj
 0001:00001948       ?GetColorSet@?$IViewObjectExImpl@VCOPOSMSR@@@ATL@@UAGJKJPAXPAUtagDVTARGETDEVICE@@PAUHDC__@@PAPAUtagLOGPALETTE@@@Z 10002948 f i MSR.obj
 0001:00001950       ?Freeze@?$IViewObjectExImpl@VCOPOSMSR@@@ATL@@UAGJKJPAXPAK@Z 10002950 f i MSR.obj
 0001:00001958       ?SetAdvise@?$IViewObjectExImpl@VCOPOSMSR@@@ATL@@UAGJKKPAUIAdviseSink@@@Z 10002958 f i MSR.obj
 0001:00001977       ?GetAdvise@?$IViewObjectExImpl@VCOPOSMSR@@@ATL@@UAGJPAK0PAPAUIAdviseSink@@@Z 10002977 f i MSR.obj
 0001:000019ac       ?GetExtent@?$IViewObjectExImpl@VCOPOSMSR@@@ATL@@UAGJKJPAUtagDVTARGETDEVICE@@PAUtagSIZE@@@Z 100029ac f i MSR.obj
 0001:000019dd       ?GetViewStatus@?$IViewObjectExImpl@VCOPOSMSR@@@ATL@@UAGJPAK@Z 100029dd f i MSR.obj
 0001:000019fa       ?QueryHitPoint@?$IViewObjectExImpl@VCOPOSMSR@@@ATL@@UAGJKPBUtagRECT@@UtagPOINT@@JPAK@Z 100029fa f i MSR.obj
 0001:00001a3b       ?QueryHitRect@?$IViewObjectExImpl@VCOPOSMSR@@@ATL@@UAGJKPBUtagRECT@@0JPAK@Z 10002a3b f i MSR.obj
 0001:00001a96       ?GetNaturalExtent@?$IViewObjectExImpl@VCOPOSMSR@@@ATL@@UAGJKJPAUtagDVTARGETDEVICE@@PAUHDC__@@PAUtagExtentInfo@@PAUtagSIZE@@@Z 10002a96 f i MSR.obj
 0001:00001ae1       ?GetWindow@?$IOleInPlaceObjectWindowlessImpl@VCOPOSMSR@@@ATL@@UAGJPAPAUHWND__@@@Z 10002ae1 f i MSR.obj
 0001:00001b2e       ?InPlaceDeactivate@?$IOleInPlaceObjectWindowlessImpl@VCOPOSMSR@@@ATL@@UAGJXZ 10002b2e f i MSR.obj
 0001:00001b48       ?UIDeactivate@?$IOleInPlaceObjectWindowlessImpl@VCOPOSMSR@@@ATL@@UAGJXZ 10002b48 f i MSR.obj
 0001:00001b62       ?SetObjectRects@?$IOleInPlaceObjectWindowlessImpl@VCOPOSMSR@@@ATL@@UAGJPBUtagRECT@@0@Z 10002b62 f i MSR.obj
 0001:00001b82       ?ReactivateAndUndo@?$IOleInPlaceObjectWindowlessImpl@VCOPOSMSR@@@ATL@@UAGJXZ 10002b82 f i MSR.obj
 0001:00001b8a       ?OnWindowMessage@?$IOleInPlaceObjectWindowlessImpl@VCOPOSMSR@@@ATL@@UAGJIIJPAJ@Z 10002b8a f i MSR.obj
 0001:00001bfa       ?EnumConnectionPoints@?$IConnectionPointContainerImpl@VCOPOSMSR@@@ATL@@UAGJPAPAUIEnumConnectionPoints@@@Z 10002bfa f i MSR.obj
 0001:00001d74       ?FindConnectionPoint@?$IConnectionPointContainerImpl@VCOPOSMSR@@@ATL@@UAGJABU_GUID@@PAPAUIConnectionPoint@@@Z 10002d74 f i MSR.obj
 0001:00001e17       ?IsDirty@?$IPersistStorageImpl@VCOPOSMSR@@@ATL@@UAGJXZ 10002e17 f i MSR.obj
 0001:00001e4b       ?InitNew@?$IPersistStorageImpl@VCOPOSMSR@@@ATL@@UAGJPAUIStorage@@@Z 10002e4b f i MSR.obj
 0001:00001e7f       ?Load@?$IPersistStorageImpl@VCOPOSMSR@@@ATL@@UAGJPAUIStorage@@@Z 10002e7f f i MSR.obj
 0001:00001eeb       ?Save@?$IPersistStorageImpl@VCOPOSMSR@@@ATL@@UAGJPAUIStorage@@H@Z 10002eeb f i MSR.obj
 0001:00001f5e       ?GetPages@?$ISpecifyPropertyPagesImpl@VCOPOSMSR@@@ATL@@UAGJPAUtagCAUUID@@@Z 10002f5e f i MSR.obj
 0001:00001f75       ?QuickActivate@?$IQuickActivateImpl@VCOPOSMSR@@@ATL@@UAGJPAUtagQACONTAINER@@PAUtagQACONTROL@@@Z 10002f75 f i MSR.obj
 0001:00001f98       ?SetContentExtent@?$IQuickActivateImpl@VCOPOSMSR@@@ATL@@UAGJPAUtagSIZE@@@Z 10002f98 f i MSR.obj
 0001:00001fc4       ?GetContentExtent@?$IQuickActivateImpl@VCOPOSMSR@@@ATL@@UAGJPAUtagSIZE@@@Z 10002fc4 f i MSR.obj
 0001:00001fe4       ?GetData@?$IDataObjectImpl@VCOPOSMSR@@@ATL@@UAGJPAUtagFORMATETC@@PAUtagSTGMEDIUM@@@Z 10002fe4 f i MSR.obj
 0001:00002007       ?DAdvise@?$IDataObjectImpl@VCOPOSMSR@@@ATL@@UAGJPAUtagFORMATETC@@KPAUIAdviseSink@@PAK@Z 10003007 f i MSR.obj
 0001:00002048       ?DUnadvise@?$IDataObjectImpl@VCOPOSMSR@@@ATL@@UAGJK@Z 10003048 f i MSR.obj
 0001:00002076       ?EnumDAdvise@?$IDataObjectImpl@VCOPOSMSR@@@ATL@@UAGJPAPAUIEnumSTATDATA@@@Z 10003076 f i MSR.obj
 0001:000020b5       ?GetClassInfoW@?$IProvideClassInfo2Impl@$1?CLSID_OPOSMSR@@3U_GUID@@B$1?DIID__IOPOSMSREvents@@3U2@B$1?LIBID_OposMSR_CCO@@3U2@B$00$0A@VCComTypeInfoHolder@ATL@@@ATL@@UAGJPAPAUITypeInfo@@@Z 100030b5 f i MSR.obj
 0001:000020cb       ?GetGUID@?$IProvideClassInfo2Impl@$1?CLSID_OPOSMSR@@3U_GUID@@B$1?DIID__IOPOSMSREvents@@3U2@B$1?LIBID_OposMSR_CCO@@3U2@B$00$0A@VCComTypeInfoHolder@ATL@@@ATL@@UAGJKPAU_GUID@@@Z 100030cb f i MSR.obj
 0001:00002109       ?FAccessAllowed@?$IObjectSafetyImpl@VCOPOSMSR@@$02@ATL@@MAEHXZ 10003109 f i MSR.obj
 0001:00002109       __get_startup_argv_mode    10003109 f i LIBCMT:argv_mode.obj
 0001:0000210d       ?GetInterfaceSafetyOptions@?$IObjectSafetyImpl@VCOPOSMSR@@$02@ATL@@UAGJABU_GUID@@PAK1@Z 1000310d f i MSR.obj
 0001:00002181       ?SetInterfaceSafetyOptions@?$IObjectSafetyImpl@VCOPOSMSR@@$02@ATL@@UAGJABU_GUID@@KK@Z 10003181 f i MSR.obj
 0001:000021fb       ?_LocCPQueryInterface@?$IConnectionPointImpl@VCOPOSMSR@@$1?DIID__IOPOSMSREvents@@3U_GUID@@BVCComDynamicUnkArray@ATL@@@ATL@@UAGJABU_GUID@@PAPAX@Z 100031fb f i MSR.obj
 0001:000021fb       ?_LocCPQueryInterface@?$IConnectionPointImpl@VCOPOSMSR@@$1?IID_IPropertyNotifySink@@3U_GUID@@BVCComDynamicUnkArray@ATL@@@ATL@@UAGJABU_GUID@@PAPAX@Z 100031fb f i MSR.obj
 0001:00002248       ?GetConnectionInterface@?$IConnectionPointImpl@VCOPOSMSR@@$1?IID_IPropertyNotifySink@@3U_GUID@@BVCComDynamicUnkArray@ATL@@@ATL@@UAGJPAU_GUID@@@Z 10003248 f i MSR.obj
 0001:0000226c       ?GetConnectionPointContainer@?$IConnectionPointImpl@VCOPOSMSR@@$1?IID_IPropertyNotifySink@@3U_GUID@@BVCComDynamicUnkArray@ATL@@@ATL@@UAGJPAPAUIConnectionPointContainer@@@Z 1000326c f i MSR.obj
 0001:0000228f       ?Advise@?$IConnectionPointImpl@VCOPOSMSR@@$1?DIID__IOPOSMSREvents@@3U_GUID@@BVCComDynamicUnkArray@ATL@@@ATL@@UAGJPAUIUnknown@@PAK@Z 1000328f f i MSR.obj
 0001:0000228f       ?Advise@?$IConnectionPointImpl@VCOPOSMSR@@$1?IID_IPropertyNotifySink@@3U_GUID@@BVCComDynamicUnkArray@ATL@@@ATL@@UAGJPAUIUnknown@@PAK@Z 1000328f f i MSR.obj
 0001:00002330       ?Unadvise@?$IConnectionPointImpl@VCOPOSMSR@@$1?DIID__IOPOSMSREvents@@3U_GUID@@BVCComDynamicUnkArray@ATL@@@ATL@@UAGJK@Z 10003330 f i MSR.obj
 0001:00002330       ?Unadvise@?$IConnectionPointImpl@VCOPOSMSR@@$1?IID_IPropertyNotifySink@@3U_GUID@@BVCComDynamicUnkArray@ATL@@@ATL@@UAGJK@Z 10003330 f i MSR.obj
 0001:00002370       ?EnumConnections@?$IConnectionPointImpl@VCOPOSMSR@@$1?DIID__IOPOSMSREvents@@3U_GUID@@BVCComDynamicUnkArray@ATL@@@ATL@@UAGJPAPAUIEnumConnections@@@Z 10003370 f i MSR.obj
 0001:00002370       ?EnumConnections@?$IConnectionPointImpl@VCOPOSMSR@@$1?IID_IPropertyNotifySink@@3U_GUID@@BVCComDynamicUnkArray@ATL@@@ATL@@UAGJPAPAUIEnumConnections@@@Z 10003370 f i MSR.obj
 0001:00002476       ?GetCategoryMap@CComObjectRootBase@ATL@@SAPBU_ATL_CATMAP_ENTRY@2@XZ 10003476 f i MSR.obj
 0001:00002476       ?GetObjectDescription@?$CComCoClass@VCOPOSMSR@@$1?CLSID_OPOSMSR@@3U_GUID@@B@ATL@@SGPB_WXZ 10003476 f i MSR.obj
 0001:00002479       ?GetConnectionInterface@?$IConnectionPointImpl@VCOPOSMSR@@$1?DIID__IOPOSMSREvents@@3U_GUID@@BVCComDynamicUnkArray@ATL@@@ATL@@UAGJPAU_GUID@@@Z 10003479 f i MSR.obj
 0001:0000249d       ?GetConnectionPointContainer@?$IConnectionPointImpl@VCOPOSMSR@@$1?DIID__IOPOSMSREvents@@3U_GUID@@BVCComDynamicUnkArray@ATL@@@ATL@@UAGJPAPAUIConnectionPointContainer@@@Z 1000349d f i MSR.obj
 0001:000024c0       ?UpdateRegistry@COPOSMSR@@SGJH@Z 100034c0 f i MSR.obj
 0001:000024d8       ?ProcessWindowMessage@COPOSMSR@@UAEHPAUHWND__@@IIJAAJK@Z 100034d8 f i MSR.obj
 0001:00002521       ?SOData@COPOSMSR@@MAGJJ@Z  10003521 f i MSR.obj
 0001:0000255a       ?SODirectIO@COPOSMSR@@MAGJJPAJPAPA_W@Z 1000355a f i MSR.obj
 0001:000025a3       ?SOError@COPOSMSR@@MAGJJJJPAJ@Z 100035a3 f i MSR.obj
 0001:000025f8       ?SOStatusUpdate@COPOSMSR@@MAGJJ@Z 100035f8 f i MSR.obj
 0001:00002631       ?CreateInstance@?$CComCreator@V?$CComObjectCached@VCComClassFactory@ATL@@@ATL@@@ATL@@SGJPAXABU_GUID@@PAPAX@Z 10003631 f i MSR.obj
 0001:000026c4       ?CreateInstance@?$CComCreator2@V?$CComCreator@V?$CComObject@VCOPOSMSR@@@ATL@@@ATL@@V?$CComCreator@V?$CComAggObject@VCOPOSMSR@@@ATL@@@2@@ATL@@SGJPAXABU_GUID@@PAPAX@Z 100036c4 f i MSR.obj
 0001:000026e4       ?Next@?$CComEnumImpl@UIEnumConnectionPoints@@$1?_GUID_b196b285_bab4_101a_b69c_00aa00341d07@@3U__s_GUID@@BPAUIConnectionPoint@@V?$_CopyInterface@UIConnectionPoint@@@ATL@@@ATL@@UAGJKPAPAUIConnectionPoint@@PAK@Z 100036e4 f i MSR.obj
 0001:000027bb       ?Skip@?$CComEnumImpl@UIEnumConnectionPoints@@$1?_GUID_b196b285_bab4_101a_b69c_00aa00341d07@@3U__s_GUID@@BPAUIConnectionPoint@@V?$_CopyInterface@UIConnectionPoint@@@ATL@@@ATL@@UAGJK@Z 100037bb f i MSR.obj
 0001:000027e8       ?Clone@?$CComEnumImpl@UIEnumConnectionPoints@@$1?_GUID_b196b285_bab4_101a_b69c_00aa00341d07@@3U__s_GUID@@BPAUIConnectionPoint@@V?$_CopyInterface@UIConnectionPoint@@@ATL@@@ATL@@UAGJPAPAUIEnumConnectionPoints@@@Z 100037e8 f i MSR.obj
 0001:000028c9       ?CreateInstance@CComClassFactory@ATL@@UAGJPAUIUnknown@@ABU_GUID@@PAPAX@Z 100038c9 f i MSR.obj
 0001:00002907       ?LockServer@CComClassFactory@ATL@@UAGJH@Z 10003907 f i MSR.obj
 0001:00002926       ??_GCComClassFactory@ATL@@UAEPAXI@Z 10003926 f i MSR.obj
 0001:00002926       ??_ECComClassFactory@ATL@@UAEPAXI@Z 10003926 f i MSR.obj
 0001:00002951       ?QueryInterface@?$CComObject@V?$CComEnum@UIEnumConnectionPoints@@$1?_GUID_b196b285_bab4_101a_b69c_00aa00341d07@@3U__s_GUID@@BPAUIConnectionPoint@@V?$_CopyInterface@UIConnectionPoint@@@ATL@@VCComSingleThreadModel@6@@ATL@@@ATL@@UAGJABU_GUID@@PAPAX@Z 10003951 f i MSR.obj
 0001:0000296b       ??_E?$CComObject@V?$CComEnum@UIEnumConnectionPoints@@$1?_GUID_b196b285_bab4_101a_b69c_00aa00341d07@@3U__s_GUID@@BPAUIConnectionPoint@@V?$_CopyInterface@UIConnectionPoint@@@ATL@@VCComSingleThreadModel@6@@ATL@@@ATL@@UAEPAXI@Z 1000396b f i MSR.obj
 0001:0000296b       ??_G?$CComObject@V?$CComEnum@UIEnumConnectionPoints@@$1?_GUID_b196b285_bab4_101a_b69c_00aa00341d07@@3U__s_GUID@@BPAUIConnectionPoint@@V?$_CopyInterface@UIConnectionPoint@@@ATL@@VCComSingleThreadModel@6@@ATL@@@ATL@@UAEPAXI@Z 1000396b f i MSR.obj
 0001:0000298d       ??$?4UITypeInfo2@@@?$CComPtr@UITypeInfo@@@ATL@@QAEPAUITypeInfo@@ABV?$CComPtr@UITypeInfo2@@@1@@Z 1000398d f i MSR.obj
 0001:000029ba       ??$AtlAdd@K@ATL@@YAJPAKKK@Z 100039ba f i MSR.obj
 0001:000029dd       ??$AtlAdd@_K@ATL@@YAJPA_K_K1@Z 100039dd f i MSR.obj
 0001:00002a15       ??$AtlAddThrow@K@ATL@@YAKKK@Z 10003a15 f i MSR.obj
 0001:00002a3b       ??$AtlModuleRegisterWndClassInfoT@VAtlModuleRegisterWndClassInfoParamW@ATL@@@ATL@@YAGPAU_ATL_BASE_MODULE70@0@PAU_ATL_WIN_MODULE70@0@PAU_ATL_WNDCLASSINFOW@0@PAP6GJPAUHWND__@@IIJ@ZVAtlModuleRegisterWndClassInfoParamW@0@@Z 10003a3b f i MSR.obj
 0001:00002b89       ??$AtlMultiply@H@ATL@@YAJPAHHH@Z 10003b89 f i MSR.obj
 0001:00002bc1       ??$AtlMultiply@K@ATL@@YAJPAKKK@Z 10003bc1 f i MSR.obj
 0001:00002bc1       ??$AtlMultiply@I@ATL@@YAJPAIII@Z 10003bc1 f i MSR.obj
 0001:00002be3       ??$AtlMultiplyThrow@I@ATL@@YAIII@Z 10003be3 f i MSR.obj
 0001:00002c09       ??0?$CComAggObject@VCOPOSMSR@@@ATL@@QAE@PAX@Z 10003c09 f i MSR.obj
 0001:00002c36       ??0?$CComContainedObject@VCOPOSMSR@@@ATL@@QAE@PAX@Z 10003c36 f i MSR.obj
 0001:00002cef       ??0?$CComObject@V?$CComEnum@UIEnumConnectionPoints@@$1?_GUID_b196b285_bab4_101a_b69c_00aa00341d07@@3U__s_GUID@@BPAUIConnectionPoint@@V?$_CopyInterface@UIConnectionPoint@@@ATL@@VCComSingleThreadModel@6@@ATL@@@ATL@@QAE@PAX@Z 10003cef f i MSR.obj
 0001:00002d1d       ??0?$CComObject@V?$CComEnum@UIEnumConnections@@$1?_GUID_b196b287_bab4_101a_b69c_00aa00341d07@@3U__s_GUID@@BUtagCONNECTDATA@@V?$_Copy@UtagCONNECTDATA@@@ATL@@VCComSingleThreadModel@6@@ATL@@@ATL@@QAE@PAX@Z 10003d1d f i MSR.obj
 0001:00002d4b       ??0?$CComObject@VCOPOSMSR@@@ATL@@QAE@PAX@Z 10003d4b f i MSR.obj
 0001:00002e02       ??0?$CComQIPtr@UIOleControlSite@@$1?_GUID_b196b289_bab4_101a_b69c_00aa00341d07@@3U__s_GUID@@B@ATL@@QAE@PAUIUnknown@@@Z 10003e02 f i MSR.obj
 0001:00002e2b       ??0CAtlModule@ATL@@QAE@XZ  10003e2b f i MSR.obj
 0001:00002e6c       ??0CParseBuffer@CRegParser@ATL@@QAE@H@Z 10003e6c f i MSR.obj
 0001:00002ea2       ??0_ATL_MSG@ATL@@QAE@PAUHWND__@@IIJH@Z 10003ea2 f i MSR.obj
 0001:00002eda       ??1?$CComAggObject@VCOPOSMSR@@@ATL@@UAE@XZ 10003eda f i MSR.obj
 0001:00002efe       ??1?$CComEnumImpl@UIEnumConnectionPoints@@$1?_GUID_b196b285_bab4_101a_b69c_00aa00341d07@@3U__s_GUID@@BPAUIConnectionPoint@@V?$_CopyInterface@UIConnectionPoint@@@ATL@@@ATL@@UAE@XZ 10003efe f i MSR.obj
 0001:00002f3e       ??1?$CComEnumImpl@UIEnumConnections@@$1?_GUID_b196b287_bab4_101a_b69c_00aa00341d07@@3U__s_GUID@@BUtagCONNECTDATA@@V?$_Copy@UtagCONNECTDATA@@@ATL@@@ATL@@UAE@XZ 10003f3e f i MSR.obj
 0001:00002f7e       ??1?$CComObject@V?$CComEnum@UIEnumConnectionPoints@@$1?_GUID_b196b285_bab4_101a_b69c_00aa00341d07@@3U__s_GUID@@BPAUIConnectionPoint@@V?$_CopyInterface@UIConnectionPoint@@@ATL@@VCComSingleThreadModel@6@@ATL@@@ATL@@UAE@XZ 10003f7e f i MSR.obj
 0001:00002fa1       ??1?$CComObject@V?$CComEnum@UIEnumConnections@@$1?_GUID_b196b287_bab4_101a_b69c_00aa00341d07@@3U__s_GUID@@BUtagCONNECTDATA@@V?$_Copy@UtagCONNECTDATA@@@ATL@@VCComSingleThreadModel@6@@ATL@@@ATL@@UAE@XZ 10003fa1 f i MSR.obj
 0001:00002fc4       ??1?$CComObject@VCOPOSMSR@@@ATL@@UAE@XZ 10003fc4 f i MSR.obj
 0001:00003082       ??1?$CComObjectCached@VCComClassFactory@ATL@@@ATL@@UAE@XZ 10004082 f i MSR.obj
 0001:00003098       ??1?$CComObjectRootEx@VCComMultiThreadModel@ATL@@@ATL@@QAE@XZ 10004098 f i MSR.obj
 0001:000030ad       ??1CRegObject@ATL@@UAE@XZ  100040ad f i MSR.obj
 0001:000030cd       ??4?$CComPtr@UIUnknown@@@ATL@@QAEPAUIUnknown@@PAU2@@Z 100040cd f i MSR.obj
 0001:000030cd       ??4?$CComPtr@UIOleClientSite@@@ATL@@QAEPAUIOleClientSite@@PAU2@@Z 100040cd f i MSR.obj
 0001:000030cd       ??4?$CComPtr@UIAdviseSink@@@ATL@@QAEPAUIAdviseSink@@PAU2@@Z 100040cd f i MSR.obj
 0001:00003101       ??4?$CComQIPtr@UIOleObject@@$1?_GUID_00000112_0000_0000_c000_000000000046@@3U__s_GUID@@B@ATL@@QAEPAUIOleObject@@PAUIUnknown@@@Z 10004101 f i MSR.obj
 0001:00003126       ??4?$CComQIPtr@UISpecifyPropertyPages@@$1?_GUID_b196b28b_bab4_101a_b69c_00aa00341d07@@3U__s_GUID@@B@ATL@@QAEPAUISpecifyPropertyPages@@PAUIUnknown@@@Z 10004126 f i MSR.obj
 0001:0000314b       ??_G?$CComContainedObject@VCOPOSMSR@@@ATL@@UAEPAXI@Z 1000414b f i MSR.obj
 0001:0000314b       ??_E?$CComContainedObject@VCOPOSMSR@@@ATL@@UAEPAXI@Z 1000414b f i MSR.obj
 0001:00003170       ??_E?$CComObject@VCOPOSMSR@@@ATL@@UAEPAXI@Z 10004170 f i MSR.obj
 0001:00003170       ??_G?$CComObject@VCOPOSMSR@@@ATL@@UAEPAXI@Z 10004170 f i MSR.obj
 0001:00003195       ?Add@?$CSimpleArray@GV?$CSimpleArrayEqualHelper@G@ATL@@@ATL@@QAEHABG@Z 10004195 f i MSR.obj
 0001:00003219       ?Add@?$CSimpleMap@PA_WPA_WVCExpansionVectorEqualHelper@ATL@@@ATL@@QAEHABQA_W0@Z 10004219 f i MSR.obj
 0001:0000326e       ?Add@CComDynamicUnkArray@ATL@@QAEKPAUIUnknown@@@Z 1000426e f i MSR.obj
 0001:00003324       ?Add@CExpansionVector@ATL@@QAEHPB_W0@Z 10004324 f i MSR.obj
 0001:00003428       ?AddString@CParseBuffer@CRegParser@ATL@@QAEHPB_W@Z 10004428 f i MSR.obj
 0001:0000345d       ?AddValue@CRegParser@ATL@@IAEJAAVCRegKey@2@PB_WPA_W@Z 1000445d f i MSR.obj
 0001:0000377e       ?Allocate@?$CAtlSafeAllocBufferManager@VCCRTAllocator@ATL@@@_ATL_SAFE_ALLOCA_IMPL@ATL@@QAEPAXK@Z 1000477e f i MSR.obj
 0001:000037ab       ?Allocate@?$CTempBuffer@E$0BAA@VCCRTAllocator@ATL@@@ATL@@QAEPAEI@Z 100047ab f i MSR.obj
 0001:000037da       ?Allocate@?$CTempBuffer@_W$0BAA@VCCRTAllocator@ATL@@@ATL@@QAEPA_WI@Z 100047da f i MSR.obj
 0001:00003809       ?Allocate@?$CTempBuffer@_W$0EAA@VCCRTAllocator@ATL@@@ATL@@QAEPA_WI@Z 10004809 f i MSR.obj
 0001:00003838       ?AllocateHeap@?$CTempBuffer@_W$0EAA@VCCRTAllocator@ATL@@@ATL@@AAEXI@Z 10004838 f i MSR.obj
 0001:00003838       ?AllocateHeap@?$CTempBuffer@E$0BAA@VCCRTAllocator@ATL@@@ATL@@AAEXI@Z 10004838 f i MSR.obj
 0001:00003838       ?AllocateHeap@?$CTempBuffer@_W$0BAA@VCCRTAllocator@ATL@@@ATL@@AAEXI@Z 10004838 f i MSR.obj
 0001:0000385d       ?Append@CParseBuffer@CRegParser@ATL@@QAEHPB_WH@Z 1000485d f i MSR.obj
 0001:000038eb       ?AtlCallTermFunc@ATL@@YGXPAU_ATL_MODULE70@1@@Z 100048eb f i MSR.obj
 0001:0000392f       ?AtlCoTaskMemCAlloc@ATL@@YAPAXKK@Z 1000492f f i MSR.obj
 0001:0000395c       ?AtlCoTaskMemRecalloc@ATL@@YAPAXPAXKK@Z 1000495c f i MSR.obj
 0001:0000398c       ?AtlComModuleGetClassObject@ATL@@YGJPAU_ATL_COM_MODULE70@1@ABU_GUID@@1PAPAX@Z 1000498c f i MSR.obj
 0001:00003a7f       ?AtlComModuleRegisterServer@ATL@@YGJPAU_ATL_COM_MODULE70@1@HPBU_GUID@@@Z 10004a7f f i MSR.obj
 0001:00003b07       ?AtlComModuleUnregisterServer@ATL@@YGJPAU_ATL_COM_MODULE70@1@HPBU_GUID@@@Z 10004b07 f i MSR.obj
 0001:00003b8f       ?AtlComQIPtrAssign2@ATL@@YAXPAPAUIUnknown@@PAU2@ABU_GUID@@@Z 10004b8f f i MSR.obj
 0001:00003bbe       ?AtlCreateTargetDC@ATL@@YGPAUHDC__@@PAU2@PAUtagDVTARGETDEVICE@@@Z 10004bbe f i MSR.obj
 0001:00003c27       ?AtlCrtErrorCheck@ATL@@YAHH@Z 10004c27 f i MSR.obj
 0001:00003c62       ?AtlHiMetricToPixel@ATL@@YGXPBUtagSIZE@@PAU2@@Z 10004c62 f i MSR.obj
 0001:00003cd7       ?AtlHresultFromLastError@ATL@@YAJXZ 10004cd7 f i MSR.obj
 0001:00003cee       ?AtlHresultFromWin32@ATL@@YAJK@Z 10004cee f i MSR.obj
 0001:00003d03       ?AtlIPersistStreamInit_Load@ATL@@YGJPAUIStream@@PBUATL_PROPMAP_ENTRY@1@PAXPAUIUnknown@@@Z 10004d03 f i MSR.obj
 0001:00003ee3       ?AtlIPersistStreamInit_Save@ATL@@YGJPAUIStream@@HPBUATL_PROPMAP_ENTRY@1@PAXPAUIUnknown@@@Z 10004ee3 f i MSR.obj
 0001:0000407b       ?AtlInternalOleLoadFromStream@ATL@@YAJPAUIStream@@ABU_GUID@@PAPAXTClassesAllowedInStream@1@K@Z 1000507b f i MSR.obj
 0001:000041a1       ?AtlInternalQueryInterface@ATL@@YGJPAXPBU_ATL_INTMAP_ENTRY@1@ABU_GUID@@PAPAX@Z 100051a1 f i MSR.obj
 0001:00004244       ?AtlLoadTypeLib@ATL@@YGJPAUHINSTANCE__@@PB_WPAPA_WPAPAUITypeLib@@@Z 10005244 f i MSR.obj
 0001:00004422       ?AtlModuleAddTermFunc@ATL@@YGJPAU_ATL_MODULE70@1@P6GXK@ZK@Z 10005422 f i MSR.obj
 0001:0000447f       ?AtlRegisterClassCategoriesHelper@ATL@@YGJABU_GUID@@PBU_ATL_CATMAP_ENTRY@1@H@Z 1000547f f i MSR.obj
 0001:0000475f       ?AtlRegisterTypeLib@ATL@@YGJPAUHINSTANCE__@@PB_W@Z 1000575f f i MSR.obj
 0001:000048e7       ?AtlThrowImpl@ATL@@YGXJ@Z  100058e7 f i MSR.obj
 0001:00004905       ?AtlUnRegisterTypeLib@ATL@@YGJPAUHINSTANCE__@@PB_W@Z 10005905 f i MSR.obj
 0001:000049b0       ?AtlWinModuleAddCreateWndData@ATL@@YGXPAU_ATL_WIN_MODULE70@1@PAU_AtlCreateWndData@1@PAX@Z 100059b0 f i MSR.obj
 0001:00004a04       ?AtlWinModuleExtractCreateWndData@ATL@@YGPAXPAU_ATL_WIN_MODULE70@1@@Z 10005a04 f i MSR.obj
 0001:00004a67       ?AtlWinModuleRegisterClassExW@ATL@@YGGPAU_ATL_WIN_MODULE70@1@PBUtagWNDCLASSEXW@@@Z 10005a67 f i MSR.obj
 0001:00004aa6       ?CanForceRemoveKey@CRegParser@ATL@@IAEHPB_W@Z 10005aa6 f i MSR.obj
 0001:00004ad5       ?ChToByte@CRegParser@ATL@@KAE_W@Z 10005ad5 f i MSR.obj
 0001:00004b08       ?Cleanup@CComTypeInfoHolder@ATL@@SGXK@Z 10005b08 f i MSR.obj
 0001:00004b3b       ?ClearReplacements@CExpansionVector@ATL@@QAEJXZ 10005b3b f i MSR.obj
 0001:00004b78       ?Close@CRegKey@ATL@@QAEJXZ 10005b78 f i MSR.obj
 0001:00004b92       ?CreateInstance@?$CComCreator@V?$CComAggObject@VCOPOSMSR@@@ATL@@@ATL@@SGJPAXABU_GUID@@PAPAX@Z 10005b92 f i MSR.obj
 0001:00004c08       ?CreateInstance@?$CComCreator@V?$CComObject@VCOPOSMSR@@@ATL@@@ATL@@SGJPAXABU_GUID@@PAPAX@Z 10005c08 f i MSR.obj
 0001:00004c89       ?CreateInstance@?$CComObject@V?$CComEnum@UIEnumConnectionPoints@@$1?_GUID_b196b285_bab4_101a_b69c_00aa00341d07@@3U__s_GUID@@BPAUIConnectionPoint@@V?$_CopyInterface@UIConnectionPoint@@@ATL@@VCComSingleThreadModel@6@@ATL@@@ATL@@SGJPAPAV12@@Z 10005c89 f i MSR.obj
 0001:00004cd0       ?CreateInstance@?$CComObject@V?$CComEnum@UIEnumConnections@@$1?_GUID_b196b287_bab4_101a_b69c_00aa00341d07@@3U__s_GUID@@BUtagCONNECTDATA@@V?$_Copy@UtagCONNECTDATA@@@ATL@@VCComSingleThreadModel@6@@ATL@@@ATL@@SGJPAPAV12@@Z 10005cd0 f i MSR.obj
 0001:00004d17       ?DefaultReflectionHandler@?$CWindowImplRoot@VCWindow@ATL@@@ATL@@SAHPAUHWND__@@IIJAAJ@Z 10005d17 f i MSR.obj
 0001:00004d8a       ?DeleteSubKey@CRegKey@ATL@@QAEJPB_W@Z 10005d8a f i MSR.obj
 0001:00004e03       ?DoEvent@COPOSMSR@@IAEXIIJ@Z 10005e03 f i MSR.obj
 0001:00004e83       ?DoVerbHide@?$IOleObjectImpl@VCOPOSMSR@@@ATL@@QAEJPBUtagRECT@@PAUHWND__@@@Z 10005e83 f i MSR.obj
 0001:00004eb9       ?DoVerbInPlaceActivate@?$IOleObjectImpl@VCOPOSMSR@@@ATL@@QAEJPBUtagRECT@@PAUHWND__@@@Z 10005eb9 f i MSR.obj
 0001:00004eec       ?DoVerbPrimary@?$IOleObjectImpl@VCOPOSMSR@@@ATL@@QAEJPBUtagRECT@@PAUHWND__@@@Z 10005eec f i MSR.obj
 0001:00004f78       ?DoVerbProperties@CComControlBase@ATL@@QAEJPBUtagRECT@@PAUHWND__@@@Z 10005f78 f i MSR.obj
 0001:0000509f       ?DoVerbShow@?$IOleObjectImpl@VCOPOSMSR@@@ATL@@QAEJPBUtagRECT@@PAUHWND__@@@Z 1000609f f i MSR.obj
 0001:000050c4       ?DoVerbUIActivate@?$IOleObjectImpl@VCOPOSMSR@@@ATL@@QAEJPBUtagRECT@@PAUHWND__@@@Z 100060c4 f i MSR.obj
 0001:00005101       ?DoesVerbActivate@CComControlBase@ATL@@QAEHJ@Z 10006101 f i MSR.obj
 0001:00005122       ?DoesVerbUIActivate@CComControlBase@ATL@@QAEHJ@Z 10006122 f i MSR.obj
 0001:00005157       ?EndOfVar@CRegParser@ATL@@IAEHXZ 10006157 f i MSR.obj
 0001:00005177       ?EscapeSingleQuote@CAtlModule@ATL@@SAXPA_WIPB_W@Z 10006177 f i MSR.obj
 0001:000051c6       ?FindKey@?$CSimpleMap@PA_WPA_WVCExpansionVectorEqualHelper@ATL@@@ATL@@QBEHABQA_W@Z 100061c6 f i MSR.obj
 0001:000051fd       ?FireTheEvent@?$CProxy_IOPOSEvents@VCOPOSMSR@@@@IAEXPAVOposVariant@@IAAJPB_WJ@Z 100061fd f i MSR.obj
 0001:0000528f       ?FireViewChange@CComControlBase@ATL@@QAEJXZ 1000628f f i MSR.obj
 0001:000052d8       ?Fire_DataEvent@?$CProxy_IOPOSEvents@VCOPOSMSR@@@@QAEXJ@Z 100062d8 f i MSR.obj
 0001:00005364       ?Fire_DirectIOEvent@?$CProxy_IOPOSEvents@VCOPOSMSR@@@@QAEXJPAJPAPA_W@Z 10006364 f i MSR.obj
 0001:0000544a       ?Fire_ErrorEvent@?$CProxy_IOPOSEvents@VCOPOSMSR@@@@QAEXJJJPAJ@Z 1000644a f i MSR.obj
 0001:00005531       ?Fire_StatusUpdateEvent@?$CProxy_IOPOSEvents@VCOPOSMSR@@@@QAEXJ@Z 10006531 f i MSR.obj
 0001:000055bd       ?FreeHeap@?$CTempBuffer@_W$0BAA@VCCRTAllocator@ATL@@@ATL@@AAEXXZ 100065bd f i MSR.obj
 0001:000055bd       ?FreeHeap@?$CTempBuffer@_W$0EAA@VCCRTAllocator@ATL@@@ATL@@AAEXXZ 100065bd f i MSR.obj
 0001:000055bd       ?FreeHeap@?$CTempBuffer@E$0BAA@VCCRTAllocator@ATL@@@ATL@@AAEXXZ 100065bd f i MSR.obj
 0001:000055c6       ?GetAmbientLocaleID@CComControlBase@ATL@@QAEJAAK@Z 100065c6 f i MSR.obj
 0001:00005622       ?GetAmbientUserMode@CComControlBase@ATL@@QAEJAAH@Z 10006622 f i MSR.obj
 0001:00005692       ?GetAt@CComDynamicUnkArray@ATL@@QAEPAUIUnknown@@H@Z 10006692 f i MSR.obj
 0001:000056ae       ?GetClassObject@CComModule@ATL@@QAEJABU_GUID@@0PAPAX@Z 100066ae f i MSR.obj
 0001:00005750       ?GetConnMap@COPOSMSR@@SAPBU_ATL_CONNMAP_ENTRY@ATL@@PAH@Z 10006750 f i MSR.obj
 0001:000057c0       ?GetCookie@CComDynamicUnkArray@ATL@@QAGKPAPAUIUnknown@@@Z 100067c0 f i MSR.obj
 0001:000057f8       ?GetIDsOfNames@CComTypeInfoHolder@ATL@@QAEJABU_GUID@@PAPA_WIKPAJ@Z 100067f8 f i MSR.obj
 0001:00005906       ?GetKeyAt@?$CSimpleMap@PA_WPA_WVCExpansionVectorEqualHelper@ATL@@@ATL@@QBEAAPA_WH@Z 10006906 f i MSR.obj
 0001:0000592b       ?GetPagesHelper@?$ISpecifyPropertyPagesImpl@VCOPOSMSR@@@ATL@@IAEJPAUtagCAUUID@@PBUATL_PROPMAP_ENTRY@2@@Z 1000692b f i MSR.obj
 0001:00005a52       ?GetProperty@?$CComPtr@UIDispatch@@@ATL@@SAJPAUIDispatch@@JPAUtagVARIANT@@@Z 10006a52 f i MSR.obj
 0001:00005aa1       ?GetSizeMax@CComVariant@ATL@@QBEJPAT_ULARGE_INTEGER@@@Z 10006aa1 f i MSR.obj
 0001:00005c5b       ?GetStreamSize@CComBSTR@ATL@@SAKPA_W@Z 10006c5b f i MSR.obj
 0001:00005c75       ?GetTI@CComTypeInfoHolder@ATL@@QAEJK@Z 10006c75 f i MSR.obj
 0001:00005e5e       ?GetTI@CComTypeInfoHolder@ATL@@QAEJKPAPAUITypeInfo@@@Z 10006e5e f i MSR.obj
 0001:00005ea0       ?GetUnknown@CComDynamicUnkArray@ATL@@QAGPAUIUnknown@@K@Z 10006ea0 f i MSR.obj
 0001:00005ec1       ?GetValueAt@?$CSimpleMap@PA_WPA_WVCExpansionVectorEqualHelper@ATL@@@ATL@@QBEAAPA_WH@Z 10006ec1 f i MSR.obj
 0001:00005ee7       ?GetZoomInfo@CComControlBase@ATL@@QAEXAAUATL_DRAWINFO@@@Z 10006ee7 f i MSR.obj
 0001:00005f7a       ?HKeyFromString@CRegParser@ATL@@KAPAUHKEY__@@PA_W@Z 10006f7a f i MSR.obj
 0001:00005fa8       ?HasSubKeys@CRegParser@ATL@@IAEHPAUHKEY__@@@Z 10006fa8 f i MSR.obj
 0001:00005fdd       ?IDataObject_GetData@CComControlBase@ATL@@QAEJPAUtagFORMATETC@@PAUtagSTGMEDIUM@@@Z 10006fdd f i MSR.obj
 0001:00006183       ?IOleInPlaceObject_InPlaceDeactivate@CComControlBase@ATL@@QAEJXZ 10007183 f i MSR.obj
 0001:0000620a       ?IOleInPlaceObject_SetObjectRects@CComControlBase@ATL@@QAEJPBUtagRECT@@0@Z 1000720a f i MSR.obj
 0001:000062d7       ?IOleInPlaceObject_UIDeactivate@CComControlBase@ATL@@QAEJXZ 100072d7 f i MSR.obj
 0001:00006399       ?IOleObject_Advise@CComControlBase@ATL@@QAEJPAUIAdviseSink@@PAK@Z 10007399 f i MSR.obj
 0001:000063c3       ?IOleObject_Close@CComControlBase@ATL@@QAEJK@Z 100073c3 f i MSR.obj
 0001:000064a7       ?IOleObject_GetClientSite@CComControlBase@ATL@@QAEJPAPAUIOleClientSite@@@Z 100074a7 f i MSR.obj
 0001:000064d0       ?IOleObject_SetClientSite@CComControlBase@ATL@@QAEJPAUIOleClientSite@@@Z 100074d0 f i MSR.obj
 0001:0000650f       ?IOleObject_SetExtent@CComControlBase@ATL@@QAEJKPAUtagSIZE@@@Z 1000750f f i MSR.obj
 0001:000065c3       ?IPSI_GetIPersistStreamInit@?$IPersistStorageImpl@VCOPOSMSR@@@ATL@@AAEPAUIPersistStreamInit@@XZ 100075c3 f i MSR.obj
 0001:00006605       ?IPersistStreamInit_Load@?$IPersistStreamInitImpl@VCOPOSMSR@@@ATL@@QAEJPAUIStream@@PBUATL_PROPMAP_ENTRY@2@@Z 10007605 f i MSR.obj
 0001:00006631       ?IPersistStreamInit_Save@?$IPersistStreamInitImpl@VCOPOSMSR@@@ATL@@QAEJPAUIStream@@HPBUATL_PROPMAP_ENTRY@2@@Z 10007631 f i MSR.obj
 0001:00006666       ?IQuickActivate_QuickActivate@CComControlBase@ATL@@QAEJPAUtagQACONTAINER@@PAUtagQACONTROL@@@Z 10007666 f i MSR.obj
 0001:000068a8       ?IViewObject_Draw@CComControlBase@ATL@@QAEJKJPAXPAUtagDVTARGETDEVICE@@PAUHDC__@@2PBU_RECTL@@3@Z 100078a8 f i MSR.obj
 0001:00006950       ?InPlaceActivate@CComControlBase@ATL@@QAEJJPBUtagRECT@@@Z 10007950 f i MSR.obj
 0001:00006bc1       ?Init@?$CComEnumImpl@UIEnumConnectionPoints@@$1?_GUID_b196b285_bab4_101a_b69c_00aa00341d07@@3U__s_GUID@@BPAUIConnectionPoint@@V?$_CopyInterface@UIConnectionPoint@@@ATL@@@ATL@@QAEJPAPAUIConnectionPoint@@0PAUIUnknown@@W4CComEnumFlags@2@@Z 10007bc1 f i MSR.obj
 0001:00006ca0       ?Init@?$CComEnumImpl@UIEnumConnections@@$1?_GUID_b196b287_bab4_101a_b69c_00aa00341d07@@3U__s_GUID@@BUtagCONNECTDATA@@V?$_Copy@UtagCONNECTDATA@@@ATL@@@ATL@@QAEJPAUtagCONNECTDATA@@0PAUIUnknown@@W4CComEnumFlags@2@@Z 10007ca0 f i MSR.obj
 0001:00006d7f       ?Init@CComModule@ATL@@QAEJPAU_ATL_OBJMAP_ENTRY30@2@PAUHINSTANCE__@@PBU_GUID@@@Z 10007d7f f i MSR.obj
 0001:00006dde       ?Init@CDynamicStdCallThunk2@ATL@@QAEHKPAX@Z 10007dde f i MSR.obj
 0001:00006e09       ?InlineIsEqualUnknown@ATL@@YGHABU_GUID@@@Z 10007e09 f i MSR.obj
 0001:00006e31       ?InternalGetSite@CComControlBase@ATL@@QAEJABU_GUID@@PAPAX@Z 10007e31 f i MSR.obj
 0001:00006e5f       ?InternalSetAtIndex@?$CSimpleMap@PA_WPA_WVCExpansionVectorEqualHelper@ATL@@@ATL@@QAEXHABQA_W0@Z 10007e5f f i MSR.obj
 0001:00006e89       ?Invoke@CComTypeInfoHolder@ATL@@QAEJPAUIDispatch@@JABU_GUID@@KGPAUtagDISPPARAMS@@PAUtagVARIANT@@PAUtagEXCEPINFO@@PAI@Z 10007e89 f i MSR.obj
 0001:00006ecc       ?IsEqualObject@?$CComPtrBase@UITypeInfo@@@ATL@@QAE_NPAUIUnknown@@@Z 10007ecc f i MSR.obj
 0001:00006ecc       ?IsEqualObject@?$CComPtrBase@UIOleClientSite@@@ATL@@QAE_NPAUIUnknown@@@Z 10007ecc f i MSR.obj
 0001:00006f39       ?IsSpace@CRegParser@ATL@@IAEH_W@Z 10007f39 f i MSR.obj
 0001:00006f63       ?LoadNameCache@CComTypeInfoHolder@ATL@@QAEJPAUITypeInfo@@@Z 10007f63 f i MSR.obj
 0001:000070b1       ?Lookup@?$CSimpleMap@PA_WPA_WVCExpansionVectorEqualHelper@ATL@@@ATL@@QBEPA_WABQA_W@Z 100080b1 f i MSR.obj
 0001:000070d7       ?NextToken@CRegParser@ATL@@IAEJPA_W@Z 100080d7 f i MSR.obj
 0001:0000720f       ?OnKillFocus@CComControlBase@ATL@@QAEJIIJAAH@Z 1000820f f i MSR.obj
 0001:0000726a       ?OnMouseActivate@CComControlBase@ATL@@QAEJIIJAAH@Z 1000826a f i MSR.obj
 0001:000072d8       ?OnPaint@CComControlBase@ATL@@QAEJIIJAAH@Z 100082d8 f i MSR.obj
 0001:0000738a       ?OnSetFocus@CComControlBase@ATL@@QAEJIIJAAH@Z 1000838a f i MSR.obj
 0001:00007413       ?Open@CRegKey@ATL@@QAEJPAUHKEY__@@PB_WK@Z 10008413 f i MSR.obj
 0001:00007468       ?PreProcessBuffer@CRegParser@ATL@@QAEJPA_WPAPA_W@Z 10008468 f i MSR.obj
 0001:000076d2       ?ProcessWindowMessage@?$CComControl@VCOPOSMSR@@V?$CWindowImpl@VCOPOSMSR@@VCWindow@ATL@@V?$CWinTraits@$0FGAAAAAA@$0A@@3@@ATL@@@ATL@@UAEHPAUHWND__@@IIJAAJK@Z 100086d2 f i MSR.obj
 0001:00007771       ?PutProperty@?$CComPtr@UIDispatch@@@ATL@@SAJPAUIDispatch@@JPAUtagVARIANT@@@Z 10008771 f i MSR.obj
 0001:00007803       ?ReadFromStream@CComBSTR@ATL@@QAEJPAUIStream@@@Z 10008803 f i MSR.obj
 0001:00007931       ?ReadFromStream@CComVariant@ATL@@QAEJPAUIStream@@GTClassesAllowedInStream@2@K@Z 10008931 f i MSR.obj
 0001:00007ab7       ?RecurseDeleteKey@CRegKey@ATL@@QAEJPB_W@Z 10008ab7 f i MSR.obj
 0001:00007b79       ?RegCreateKeyExW@CAtlTransactionManager@ATL@@QAEJPAUHKEY__@@PB_WKPA_WKKQAU_SECURITY_ATTRIBUTES@@PAPAU3@PAK@Z 10008b79 f i MSR.obj
 0001:00007bdc       ?RegDeleteKeyW@CAtlTransactionManager@ATL@@QAEJPAUHKEY__@@PB_W@Z 10008bdc f i MSR.obj
 0001:00007c2e       ?RegOpenKeyExW@CAtlTransactionManager@ATL@@QAEJPAUHKEY__@@PB_WKKPAPAU3@@Z 10008c2e f i MSR.obj
 0001:00007c85       ?Register@_ATL_WNDCLASSINFOW@ATL@@QAEGPAP6GJPAUHWND__@@IIJ@Z@Z 10008c85 f i MSR.obj
 0001:00007ca5       ?RegisterBuffer@CRegParser@ATL@@QAEJPA_WH@Z 10008ca5 f i MSR.obj
 0001:00007dde       ?RegisterFromResource@CRegObject@ATL@@IAEJPB_W00H@Z 10008dde f i MSR.obj
 0001:00007f14       ?RegisterServer@?$CAtlModuleT@VCComModule@ATL@@@ATL@@QAEJHPBU_GUID@@@Z 10008f14 f i MSR.obj
 0001:00007f42       ?RegisterServer@CComModule@ATL@@QAEJHPBU_GUID@@@Z 10008f42 f i MSR.obj
 0001:00007fb8       ?RegisterSubkeys@CRegParser@ATL@@IAEJPA_WPAUHKEY__@@HH@Z 10008fb8 f i MSR.obj
 0001:0000858a       ?Remove@CComDynamicUnkArray@ATL@@QAEHK@Z 1000958a f i MSR.obj
 0001:000085b3       ?RemoveAll@?$CSimpleMap@PA_WPA_WVCExpansionVectorEqualHelper@ATL@@@ATL@@QAEXXZ 100095b3 f i MSR.obj
 0001:000085df       ?ResourceRegisterSz@CRegObject@ATL@@QAGJPB_W00@Z 100095df f i MSR.obj
 0001:0000860c       ?ResourceUnregisterSz@CRegObject@ATL@@QAGJPB_W00@Z 1000960c f i MSR.obj
 0001:00008639       ?SendOnDataChange@CComControlBase@ATL@@QAEJK@Z 10009639 f i MSR.obj
 0001:00008686       ?SetControlFocus@CComControlBase@ATL@@QAEHH@Z 10009686 f i MSR.obj
 0001:00008723       ?SetMultiStringValue@CRegKey@ATL@@QAEJPB_W0@Z 10009723 f i MSR.obj
 0001:0000877f       ?SetStringValue@CRegKey@ATL@@QAEJPB_W0K@Z 1000977f f i MSR.obj
 0001:000087c8       ?SkipAssignment@CRegParser@ATL@@IAEJPA_W@Z 100097c8 f i MSR.obj
 0001:0000882d       ?SkipWhiteSpace@CRegParser@ATL@@IAEXXZ 1000982d f i MSR.obj
 0001:0000884f       ?StrChrW@CRegParser@ATL@@KAPA_WPA_W_W@Z 1000984f f i MSR.obj
 0001:0000888c       ?Term@CAtlModule@ATL@@QAEXXZ 1000988c f i MSR.obj
 0001:000088c5       ?Term@CComModule@ATL@@QAEXXZ 100098c5 f i MSR.obj
 0001:0000891d       ?UnregisterServer@?$CAtlModuleT@VCComModule@ATL@@@ATL@@QAEJHPBU_GUID@@@Z 1000991d f i MSR.obj
 0001:00008943       ?UnregisterServer@CComModule@ATL@@QAEJHPBU_GUID@@@Z 10009943 f i MSR.obj
 0001:000089b9       ?UpdateRegistryFromResource@CAtlModule@ATL@@QAGJIHPAU_ATL_REGMAP_ENTRY@2@@Z 100099b9 f i MSR.obj
 0001:00008b84       ?UpdateRegistryFromResource@CAtlModule@ATL@@QAGJPB_WHPAU_ATL_REGMAP_ENTRY@2@@Z 10009b84 f i MSR.obj
 0001:00008d55       ?VTFromRegType@CRegParser@ATL@@KAHPB_WAAG@Z 10009d55 f i MSR.obj
 0001:00008dc2       ?WindowProc@?$CWindowImplBaseT@VCWindow@ATL@@V?$CWinTraits@$0FGAAAAAA@$0A@@2@@ATL@@SGJPAUHWND__@@IIJ@Z 10009dc2 f i MSR.obj
 0001:00008eb4       ?WriteToStream@CComBSTR@ATL@@QAEJPAUIStream@@@Z 10009eb4 f i MSR.obj
 0001:00008f0b       ?WriteToStream@CComVariant@ATL@@QAEJPAUIStream@@@Z 10009f0b f i MSR.obj
 0001:00009085       ?WriteToStream@CComVariant@ATL@@QAEJPAUIStream@@G@Z 1000a085 f i MSR.obj
 0001:000090ee       ?_AtlInitialConstruct@?$CComObjectRootEx@VCComMultiThreadModel@ATL@@@ATL@@QAEJXZ 1000a0ee f i MSR.obj
 0001:00009103       ?_AtlVerifyStackAvailable@_ATL_SAFE_ALLOCA_IMPL@ATL@@YA_NK@Z 1000a103 f i MSR.obj
 0001:00009181       ?atlCreate@?$CWindowImpl@VCOPOSMSR@@VCWindow@ATL@@V?$CWinTraits@$0FGAAAAAA@$0A@@3@@ATL@@QAEPAUHWND__@@PAU3@V_U_RECT@2@PB_WKKV_U_MENUorID@2@PAX@Z 1000a181 f i MSR.obj
 0001:000091c5       ?atlCreate@?$CWindowImplBaseT@VCWindow@ATL@@V?$CWinTraits@$0FGAAAAAA@$0A@@2@@ATL@@QAEPAUHWND__@@PAU3@V_U_RECT@2@PB_WKKV_U_MENUorID@2@GPAX@Z 1000a1c5 f i MSR.obj
 0001:00009261       ?atlCreate@CRegKey@ATL@@QAEJPAUHKEY__@@PB_WPA_WKKPAU_SECURITY_ATTRIBUTES@@PAK@Z 1000a261 f i MSR.obj
 0001:000092d0       ?copy@?$_Copy@UtagCONNECTDATA@@@ATL@@SAJPAUtagCONNECTDATA@@PBU3@@Z 1000a2d0 f i MSR.obj
 0001:00009306       ?copy@?$_CopyInterface@UIConnectionPoint@@@ATL@@SAJPAPAUIConnectionPoint@@PBQAU3@@Z 1000a306 f i MSR.obj
 0001:00009334       ?memcpy_s@Checked@ATL@@YAXPAXIPBXI@Z 1000a334 f i MSR.obj
 0001:00009353       ?ocscpy_s@@YA_NPA_WIPB_W@Z 1000a353 f i MSR.obj
 0001:00009382       ?ocslen@@YAHPB_W@Z         1000a382 f i MSR.obj
 0001:000093a2       ?wcscpy_s@Checked@ATL@@YAXPA_WIPB_W@Z 1000a3a2 f i MSR.obj
 0001:000093be       _DllCanUnloadNow@0         1000a3be f   MSR.obj
 0001:000093ca       _DllGetClassObject@12      1000a3ca f   MSR.obj
 0001:000093d8       _DllMain@12                1000a3d8 f   MSR.obj
 0001:0000941a       _DllRegisterServer@0       1000a41a f   MSR.obj
 0001:00009429       _DllUnregisterServer@0     1000a429 f   MSR.obj
 0001:00009438       _InlineIsEqualGUID         1000a438 f i MSR.obj
 0001:00009468       ___local_stdio_printf_options 1000a468 f i MSR.obj
 0001:0000946e       __vswprintf_s_l            1000a46e f i MSR.obj
 0001:0000951b       _swprintf_s                1000a51b f i MSR.obj
 0001:00009537       ??0?$CComControl@VCOPOSMSR@@V?$CWindowImpl@VCOPOSMSR@@VCWindow@ATL@@V?$CWinTraits@$0FGAAAAAA@$0A@@3@@ATL@@@ATL@@QAE@XZ 1000a537 f i MSRImpl.obj
 0001:0000955e       ??0?$CProxy_IOPOSEvents@VCOPOSMSR@@@@QAE@XZ 1000a55e f i MSRImpl.obj
 0001:0000957e       ??0CComControlBase@ATL@@QAE@AAPAUHWND__@@@Z 1000a57e f i MSRImpl.obj
 0001:000095c8       ??0COPOSMSR@@QAE@XZ        1000a5c8 f   MSRImpl.obj
 0001:000095fe       ??1?$CComControl@VCOPOSMSR@@V?$CWindowImpl@VCOPOSMSR@@VCWindow@ATL@@V?$CWinTraits@$0FGAAAAAA@$0A@@3@@ATL@@@ATL@@UAE@XZ 1000a5fe f i MSRImpl.obj
 0001:00009617       ??1?$IConnectionPointImpl@VCOPOSMSR@@$1?IID_IPropertyNotifySink@@3U_GUID@@BVCComDynamicUnkArray@ATL@@@ATL@@QAE@XZ 1000a617 f i MSRImpl.obj
 0001:00009617       ??1?$IConnectionPointImpl@VCOPOSMSR@@$1?DIID__IOPOSMSREvents@@3U_GUID@@BVCComDynamicUnkArray@ATL@@@ATL@@QAE@XZ 1000a617 f i MSRImpl.obj
 0001:00009654       ??1CComControlBase@ATL@@UAE@XZ 1000a654 f i MSRImpl.obj
 0001:000096b7       ??1COPOSMSR@@UAE@XZ        1000a6b7 f   MSRImpl.obj
 0001:000096ff       ??1OposVariantResult@@QAE@XZ 1000a6ff f i MSRImpl.obj
 0001:00009720       ??1_CW@@QAE@XZ             1000a720 f i MSRImpl.obj
 0001:00009739       ?AuthenticateDevice@COPOSMSR@@UAGJPA_WPAJ@Z 1000a739 f   MSRImpl.obj
 0001:00009790       ?CheckHealth@COPOSMSR@@UAGJJPAJ@Z 1000a790 f   MSRImpl.obj
 0001:000097df       ?ClaimDevice@COPOSMSR@@UAGJJPAJ@Z 1000a7df f   MSRImpl.obj
 0001:00009854       ?ClearInput@COPOSMSR@@UAGJPAJ@Z 1000a854 f   MSRImpl.obj
 0001:0000986f       ?ClearInputProperties@COPOSMSR@@UAGJPAJ@Z 1000a86f f   MSRImpl.obj
 0001:0000988a       ?Close@COPOSMSR@@UAGJPAJ@Z 1000a88a f   MSRImpl.obj
 0001:000098f8       ?CompareFirmwareVersion@COPOSMSR@@UAGJPA_WPAJ1@Z 1000a8f8 f   MSRImpl.obj
 0001:00009978       ?DeauthenticateDevice@COPOSMSR@@UAGJPA_WPAJ@Z 1000a978 f   MSRImpl.obj
 0001:000099cf       ?DirectIO@COPOSMSR@@UAGJJPAJPAPA_W0@Z 1000a9cf f   MSRImpl.obj
 0001:00009a7d       ?DoInvoke@COPOSMSR@@IAEJJPAVOposVariant@@IHPAJ_N@Z 1000aa7d f   MSRImpl.obj
 0001:00009b3f       ?EventClose@COPOSMSR@@IAEXXZ 1000ab3f f i MSRImpl.obj
 0001:00009b72       ?EventInit@COPOSMSR@@IAEJXZ 1000ab72 f i MSRImpl.obj
 0001:00009c3e       ?EventUninit@COPOSMSR@@IAEXXZ 1000ac3e f i MSRImpl.obj
 0001:00009c90       ?EventWindowProc@COPOSMSR@@IAGJIIJ@Z 1000ac90 f i MSRImpl.obj
 0001:00009d64       ?FinalConstruct@COPOSMSR@@QAEJXZ 1000ad64 f   MSRImpl.obj
 0001:00009d9d       ?FireEventCleanup@COPOSMSR@@IAEXXZ 1000ad9d f i MSRImpl.obj
 0001:00009db3       ?FireEventSetup@COPOSMSR@@IAE_NXZ 1000adb3 f i MSRImpl.obj
 0001:00009de7       ?FreezeEvents@COPOSMSR@@MAGJH@Z 1000ade7 f   MSRImpl.obj
 0001:00009e47       ?GetOposProp@COPOSMSR@@IAEJJPAFJ@Z 1000ae47 f   MSRImpl.obj
 0001:00009e6a       ?GetOposProp@COPOSMSR@@IAEJJPAJJ@Z 1000ae6a f   MSRImpl.obj
 0001:00009f28       ?GetOposProp@COPOSMSR@@IAEJJPAPA_WJ@Z 1000af28 f   MSRImpl.obj
 0001:00009ff3       ?OnDraw@COPOSMSR@@MAEJAAUATL_DRAWINFO@@@Z 1000aff3 f   MSRImpl.obj
 0001:0000a093       ?Open@COPOSMSR@@UAGJPA_WPAJ@Z 1000b093 f   MSRImpl.obj
 0001:0000a82d       ?ReleaseDevice@COPOSMSR@@UAGJPAJ@Z 1000b82d f   MSRImpl.obj
 0001:0000a87c       ?ResetStatistics@COPOSMSR@@UAGJPA_WPAJ@Z 1000b87c f   MSRImpl.obj
 0001:0000a8d3       ?RetrieveCardProperty@COPOSMSR@@UAGJPA_WPAPA_WPAJ@Z 1000b8d3 f   MSRImpl.obj
 0001:0000a953       ?RetrieveDeviceAuthenticationData@COPOSMSR@@UAGJPAPA_WPAJ@Z 1000b953 f   MSRImpl.obj
 0001:0000a9aa       ?RetrieveStatistics@COPOSMSR@@UAGJPAPA_WPAJ@Z 1000b9aa f   MSRImpl.obj
 0001:0000aa01       ?SOProcessID@COPOSMSR@@UAGJPAJ@Z 1000ba01 f   MSRImpl.obj
 0001:0000aa15       ?SetCOFreezeEvents@COPOSMSR@@IAEXF@Z 1000ba15 f   MSRImpl.obj
 0001:0000aaa0       ?SetOposProp@COPOSMSR@@IAEJJJJ@Z 1000baa0 f   MSRImpl.obj
 0001:0000ab7e       ?SetOposProp@COPOSMSR@@IAEJJPA_WJ@Z 1000bb7e f   MSRImpl.obj
 0001:0000ac6a       ?UpdateFirmware@COPOSMSR@@UAGJPA_WPAJ@Z 1000bc6a f   MSRImpl.obj
 0001:0000acc1       ?UpdateKey@COPOSMSR@@UAGJPA_W0PAJ@Z 1000bcc1 f   MSRImpl.obj
 0001:0000ad41       ?UpdateStatistics@COPOSMSR@@UAGJPA_WPAJ@Z 1000bd41 f   MSRImpl.obj
 0001:0000ad98       ?WriteTracks@COPOSMSR@@UAGJUtagVARIANT@@JPAJ@Z 1000bd98 f   MSRImpl.obj
 0001:0000ae1a       ?get_AccountNumber@COPOSMSR@@UAGJPAPA_W@Z 1000be1a f   MSRImpl.obj
 0001:0000ae33       ?get_AdditionalSecurityInformation@COPOSMSR@@UAGJPAPA_W@Z 1000be33 f   MSRImpl.obj
 0001:0000ae4c       ?get_AutoDisable@COPOSMSR@@UAGJPAF@Z 1000be4c f   MSRImpl.obj
 0001:0000ae62       ?get_BinaryConversion@COPOSMSR@@UAGJPAJ@Z 1000be62 f   MSRImpl.obj
 0001:0000ae78       ?get_CapCardAuthentication@COPOSMSR@@UAGJPAPA_W@Z 1000be78 f   MSRImpl.obj
 0001:0000ae91       ?get_CapCompareFirmwareVersion@COPOSMSR@@UAGJPAF@Z 1000be91 f   MSRImpl.obj
 0001:0000aeaa       ?get_CapDataEncryption@COPOSMSR@@UAGJPAJ@Z 1000beaa f   MSRImpl.obj
 0001:0000aec3       ?get_CapDeviceAuthentication@COPOSMSR@@UAGJPAJ@Z 1000bec3 f   MSRImpl.obj
 0001:0000aedc       ?get_CapISO@COPOSMSR@@UAGJPAF@Z 1000bedc f   MSRImpl.obj
 0001:0000aef5       ?get_CapJISOne@COPOSMSR@@UAGJPAF@Z 1000bef5 f   MSRImpl.obj
 0001:0000af0e       ?get_CapJISTwo@COPOSMSR@@UAGJPAF@Z 1000bf0e f   MSRImpl.obj
 0001:0000af27       ?get_CapPowerReporting@COPOSMSR@@UAGJPAJ@Z 1000bf27 f   MSRImpl.obj
 0001:0000af40       ?get_CapStatisticsReporting@COPOSMSR@@UAGJPAF@Z 1000bf40 f   MSRImpl.obj
 0001:0000af59       ?get_CapTrackDataMasking@COPOSMSR@@UAGJPAF@Z 1000bf59 f   MSRImpl.obj
 0001:0000af72       ?get_CapTransmitSentinels@COPOSMSR@@UAGJPAF@Z 1000bf72 f   MSRImpl.obj
 0001:0000af8b       ?get_CapUpdateFirmware@COPOSMSR@@UAGJPAF@Z 1000bf8b f   MSRImpl.obj
 0001:0000afa4       ?get_CapUpdateStatistics@COPOSMSR@@UAGJPAF@Z 1000bfa4 f   MSRImpl.obj
 0001:0000afbd       ?get_CapWritableTracks@COPOSMSR@@UAGJPAJ@Z 1000bfbd f   MSRImpl.obj
 0001:0000afd6       ?get_CardAuthenticationData@COPOSMSR@@UAGJPAPA_W@Z 1000bfd6 f   MSRImpl.obj
 0001:0000afef       ?get_CardAuthenticationDataLength@COPOSMSR@@UAGJPAJ@Z 1000bfef f   MSRImpl.obj
 0001:0000b008       ?get_CardPropertyList@COPOSMSR@@UAGJPAPA_W@Z 1000c008 f   MSRImpl.obj
 0001:0000b021       ?get_CardType@COPOSMSR@@UAGJPAPA_W@Z 1000c021 f   MSRImpl.obj
 0001:0000b03a       ?get_CardTypeList@COPOSMSR@@UAGJPAPA_W@Z 1000c03a f   MSRImpl.obj
 0001:0000b053       ?get_CheckHealthText@COPOSMSR@@UAGJPAPA_W@Z 1000c053 f   MSRImpl.obj
 0001:0000b06c       ?get_Claimed@COPOSMSR@@UAGJPAF@Z 1000c06c f   MSRImpl.obj
 0001:0000b082       ?get_ControlObjectDescription@COPOSMSR@@UAGJPAPA_W@Z 1000c082 f   MSRImpl.obj
 0001:0000b0bf       ?get_ControlObjectVersion@COPOSMSR@@UAGJPAJ@Z 1000c0bf f   MSRImpl.obj
 0001:0000b0d2       ?get_DataCount@COPOSMSR@@UAGJPAJ@Z 1000c0d2 f   MSRImpl.obj
 0001:0000b0e8       ?get_DataEncryptionAlgorithm@COPOSMSR@@UAGJPAJ@Z 1000c0e8 f   MSRImpl.obj
 0001:0000b101       ?get_DataEventEnabled@COPOSMSR@@UAGJPAF@Z 1000c101 f   MSRImpl.obj
 0001:0000b117       ?get_DecodeData@COPOSMSR@@UAGJPAF@Z 1000c117 f   MSRImpl.obj
 0001:0000b130       ?get_DeviceAuthenticated@COPOSMSR@@UAGJPAF@Z 1000c130 f   MSRImpl.obj
 0001:0000b149       ?get_DeviceAuthenticationProtocol@COPOSMSR@@UAGJPAJ@Z 1000c149 f   MSRImpl.obj
 0001:0000b162       ?get_DeviceDescription@COPOSMSR@@UAGJPAPA_W@Z 1000c162 f   MSRImpl.obj
 0001:0000b17b       ?get_DeviceEnabled@COPOSMSR@@UAGJPAF@Z 1000c17b f   MSRImpl.obj
 0001:0000b191       ?get_DeviceName@COPOSMSR@@UAGJPAPA_W@Z 1000c191 f   MSRImpl.obj
 0001:0000b1aa       ?get_EncodingMaxLength@COPOSMSR@@UAGJPAJ@Z 1000c1aa f   MSRImpl.obj
 0001:0000b1c3       ?get_ErrorReportingType@COPOSMSR@@UAGJPAJ@Z 1000c1c3 f   MSRImpl.obj
 0001:0000b1dc       ?get_ExpirationDate@COPOSMSR@@UAGJPAPA_W@Z 1000c1dc f   MSRImpl.obj
 0001:0000b1f5       ?get_FirstName@COPOSMSR@@UAGJPAPA_W@Z 1000c1f5 f   MSRImpl.obj
 0001:0000b20e       ?get_FreezeEvents@COPOSMSR@@UAGJPAF@Z 1000c20e f   MSRImpl.obj
 0001:0000b224       ?get_MiddleInitial@COPOSMSR@@UAGJPAPA_W@Z 1000c224 f   MSRImpl.obj
 0001:0000b23d       ?get_OpenResult@COPOSMSR@@UAGJPAJ@Z 1000c23d f   MSRImpl.obj
 0001:0000b254       ?get_ParseDecodeData@COPOSMSR@@UAGJPAF@Z 1000c254 f   MSRImpl.obj
 0001:0000b254       ?get_ParseDecodedData@COPOSMSR@@UAGJPAF@Z 1000c254 f   MSRImpl.obj
 0001:0000b26d       ?get_PowerNotify@COPOSMSR@@UAGJPAJ@Z 1000c26d f   MSRImpl.obj
 0001:0000b283       ?get_PowerState@COPOSMSR@@UAGJPAJ@Z 1000c283 f   MSRImpl.obj
 0001:0000b299       ?get_ResultCode@COPOSMSR@@UAGJPAJ@Z 1000c299 f   MSRImpl.obj
 0001:0000b2d7       ?get_ResultCodeExtended@COPOSMSR@@UAGJPAJ@Z 1000c2d7 f   MSRImpl.obj
 0001:0000b2ed       ?get_ServiceCode@COPOSMSR@@UAGJPAPA_W@Z 1000c2ed f   MSRImpl.obj
 0001:0000b306       ?get_ServiceObjectDescription@COPOSMSR@@UAGJPAPA_W@Z 1000c306 f   MSRImpl.obj
 0001:0000b31f       ?get_ServiceObjectVersion@COPOSMSR@@UAGJPAJ@Z 1000c31f f   MSRImpl.obj
 0001:0000b335       ?get_State@COPOSMSR@@UAGJPAJ@Z 1000c335 f   MSRImpl.obj
 0001:0000b361       ?get_Suffix@COPOSMSR@@UAGJPAPA_W@Z 1000c361 f   MSRImpl.obj
 0001:0000b37a       ?get_Surname@COPOSMSR@@UAGJPAPA_W@Z 1000c37a f   MSRImpl.obj
 0001:0000b393       ?get_Title@COPOSMSR@@UAGJPAPA_W@Z 1000c393 f   MSRImpl.obj
 0001:0000b3ac       ?get_Track1Data@COPOSMSR@@UAGJPAPA_W@Z 1000c3ac f   MSRImpl.obj
 0001:0000b3c5       ?get_Track1DiscretionaryData@COPOSMSR@@UAGJPAPA_W@Z 1000c3c5 f   MSRImpl.obj
 0001:0000b3de       ?get_Track1EncryptedData@COPOSMSR@@UAGJPAPA_W@Z 1000c3de f   MSRImpl.obj
 0001:0000b3f7       ?get_Track1EncryptedDataLength@COPOSMSR@@UAGJPAJ@Z 1000c3f7 f   MSRImpl.obj
 0001:0000b410       ?get_Track2Data@COPOSMSR@@UAGJPAPA_W@Z 1000c410 f   MSRImpl.obj
 0001:0000b429       ?get_Track2DiscretionaryData@COPOSMSR@@UAGJPAPA_W@Z 1000c429 f   MSRImpl.obj
 0001:0000b442       ?get_Track2EncryptedData@COPOSMSR@@UAGJPAPA_W@Z 1000c442 f   MSRImpl.obj
 0001:0000b45b       ?get_Track2EncryptedDataLength@COPOSMSR@@UAGJPAJ@Z 1000c45b f   MSRImpl.obj
 0001:0000b474       ?get_Track3Data@COPOSMSR@@UAGJPAPA_W@Z 1000c474 f   MSRImpl.obj
 0001:0000b48d       ?get_Track3EncryptedData@COPOSMSR@@UAGJPAPA_W@Z 1000c48d f   MSRImpl.obj
 0001:0000b4a6       ?get_Track3EncryptedDataLength@COPOSMSR@@UAGJPAJ@Z 1000c4a6 f   MSRImpl.obj
 0001:0000b4bf       ?get_Track4Data@COPOSMSR@@UAGJPAPA_W@Z 1000c4bf f   MSRImpl.obj
 0001:0000b4d8       ?get_Track4EncryptedData@COPOSMSR@@UAGJPAPA_W@Z 1000c4d8 f   MSRImpl.obj
 0001:0000b4f1       ?get_Track4EncryptedDataLength@COPOSMSR@@UAGJPAJ@Z 1000c4f1 f   MSRImpl.obj
 0001:0000b50a       ?get_TracksToRead@COPOSMSR@@UAGJPAJ@Z 1000c50a f   MSRImpl.obj
 0001:0000b523       ?get_TracksToWrite@COPOSMSR@@UAGJPAJ@Z 1000c523 f   MSRImpl.obj
 0001:0000b53c       ?get_TransmitSentinels@COPOSMSR@@UAGJPAF@Z 1000c53c f   MSRImpl.obj
 0001:0000b555       ?get_WriteCardType@COPOSMSR@@UAGJPAPA_W@Z 1000c555 f   MSRImpl.obj
 0001:0000b56e       ?put_AutoDisable@COPOSMSR@@UAGJF@Z 1000c56e f   MSRImpl.obj
 0001:0000b58b       ?put_BinaryConversion@COPOSMSR@@UAGJJ@Z 1000c58b f   MSRImpl.obj
 0001:0000b5a1       ?put_DataEncryptionAlgorithm@COPOSMSR@@UAGJJ@Z 1000c5a1 f   MSRImpl.obj
 0001:0000b5ba       ?put_DataEventEnabled@COPOSMSR@@UAGJF@Z 1000c5ba f   MSRImpl.obj
 0001:0000b5d7       ?put_DecodeData@COPOSMSR@@UAGJF@Z 1000c5d7 f   MSRImpl.obj
 0001:0000b5f7       ?put_DeviceEnabled@COPOSMSR@@UAGJF@Z 1000c5f7 f   MSRImpl.obj
 0001:0000b614       ?put_ErrorReportingType@COPOSMSR@@UAGJJ@Z 1000c614 f   MSRImpl.obj
 0001:0000b62d       ?put_FreezeEvents@COPOSMSR@@UAGJF@Z 1000c62d f   MSRImpl.obj
 0001:0000b679       ?put_ParseDecodedData@COPOSMSR@@UAGJF@Z 1000c679 f   MSRImpl.obj
 0001:0000b679       ?put_ParseDecodeData@COPOSMSR@@UAGJF@Z 1000c679 f   MSRImpl.obj
 0001:0000b699       ?put_PowerNotify@COPOSMSR@@UAGJJ@Z 1000c699 f   MSRImpl.obj
 0001:0000b6af       ?put_TracksToRead@COPOSMSR@@UAGJJ@Z 1000c6af f   MSRImpl.obj
 0001:0000b6c8       ?put_TracksToWrite@COPOSMSR@@UAGJJ@Z 1000c6c8 f   MSRImpl.obj
 0001:0000b6e1       ?put_TransmitSentinels@COPOSMSR@@UAGJF@Z 1000c6e1 f   MSRImpl.obj
 0001:0000b701       ?put_WriteCardType@COPOSMSR@@UAGJPA_W@Z 1000c701 f   MSRImpl.obj
 0001:0000b71a       ?s_EventWindowProc@COPOSMSR@@KGJPAUHWND__@@IIJ@Z 1000c71a f i MSRImpl.obj
 0001:0000b76c       ??_U@YAPAXI@Z              1000c76c f   LIBCMT:new_array.obj
 0001:0000b775       ??3@YAXPAXI@Z              1000c775 f   LIBCMT:delete_scalar_size.obj
 0001:0000b783       ??_V@YAXPAX@Z              1000c783 f   LIBCMT:delete_array.obj
 0001:0000b788       ??_V@YAXPAXI@Z             1000c788 f   LIBCMT:delete_array_size.obj
 0001:0000b7da       ___scrt_acquire_startup_lock 1000c7da f   LIBCMT:utility.obj
 0001:0000b80c       ___scrt_dllmain_after_initialize_c 1000c80c f   LIBCMT:utility.obj
 0001:0000b837       ___scrt_dllmain_before_initialize_c 1000c837 f   LIBCMT:utility.obj
 0001:0000b845       ___scrt_dllmain_crt_thread_attach 1000c845 f   LIBCMT:utility.obj
 0001:0000b864       ___scrt_dllmain_crt_thread_detach 1000c864 f   LIBCMT:utility.obj
 0001:0000b871       ___scrt_dllmain_exception_filter 1000c871 f   LIBCMT:utility.obj
 0001:0000b8a5       ___scrt_dllmain_uninitialize_c 1000c8a5 f   LIBCMT:utility.obj
 0001:0000b8c8       ___scrt_dllmain_uninitialize_critical 1000c8c8 f   LIBCMT:utility.obj
 0001:0000b8d5       ___scrt_initialize_crt     1000c8d5 f   LIBCMT:utility.obj
 0001:0000b90e       ___scrt_initialize_onexit_tables 1000c90e f   LIBCMT:utility.obj
 0001:0000b995       ___scrt_is_nonwritable_in_current_image 1000c995 f   LIBCMT:utility.obj
 0001:0000ba29       ___scrt_release_startup_lock 1000ca29 f   LIBCMT:utility.obj
 0001:0000ba46       ___scrt_uninitialize_crt   1000ca46 f   LIBCMT:utility.obj
 0001:0000ba6e       __onexit                   1000ca6e f   LIBCMT:utility.obj
 0001:0000ba9b       _atexit                    1000ca9b f   LIBCMT:utility.obj
 0001:0000bab0       ??3@YAXPAX@Z               1000cab0 f   LIBCMT:delete_scalar.obj
 0001:0000bb7a       __Init_thread_footer       1000cb7a f   LIBCMT:thread_safe_statics.obj
 0001:0000bbc4       __Init_thread_header       1000cbc4 f   LIBCMT:thread_safe_statics.obj
 0001:0000bc16       __Init_thread_notify       1000cc16 f   LIBCMT:thread_safe_statics.obj
 0001:0000bc4c       __Init_thread_wait         1000cc4c f   LIBCMT:thread_safe_statics.obj
 0001:0000bc9a       ___raise_securityfailure   1000cc9a f   LIBCMT:gs_report.obj
 0001:0000bcc2       ___report_gsfailure        1000ccc2 f   LIBCMT:gs_report.obj
 0001:0000bdbb       ___report_rangecheckfailure 1000cdbb f   LIBCMT:gs_report.obj
 0001:0000bdc7       ___report_securityfailure  1000cdc7 f   LIBCMT:gs_report.obj
 0001:0000be95       ??2@YAPAXIABUnothrow_t@std@@@Z 1000ce95 f   LIBCMT:new_scalar_nothrow.obj
 0001:0000bee5       ??_U@YAPAXIABUnothrow_t@std@@@Z 1000cee5 f   LIBCMT:new_array_nothrow.obj
 0001:0000beee       @__security_check_cookie@4 1000ceee f   LIBCMT:secchk.obj
 0001:0000bf00       __SEH_prolog4_GS           1000cf00 f   LIBCMT:sehprolg4gs.obj
 0001:0000bf49       __SEH_epilog4_GS           1000cf49 f   LIBCMT:sehprolg4gs.obj
 0001:0000bf60       __alloca_probe_16          1000cf60 f   LIBCMT:alloca16.obj
 0001:0000bf76       __alloca_probe_8           1000cf76     LIBCMT:alloca16.obj
 0001:0000bf90       __chkstk                   1000cf90 f   LIBCMT:chkstk.obj
 0001:0000bf90       __alloca_probe             1000cf90 f   LIBCMT:chkstk.obj
 0001:0000c2d8       __DllMainCRTStartup@12     1000d2d8 f   LIBCMT:dll_dllmain.obj
 0001:0000c2fb       ??2@YAPAXI@Z               1000d2fb f   LIBCMT:new_scalar.obj
 0001:0000c32b       ___isa_available_init      1000d32b f   LIBCMT:cpu_disp.obj
 0001:0000c4c2       ___scrt_is_ucrt_dll_in_use 1000d4c2 f   LIBCMT:ucrt_detection.obj
 0001:0000c4ce       ___scrt_fastfail           1000d4ce f   LIBCMT:utility_desktop.obj
 0001:0000c5e8       __crt_debugger_hook        1000d5e8 f   LIBCMT:utility_desktop.obj
 0001:0000c5f0       __SEH_prolog4              1000d5f0 f   LIBCMT:sehprolg4.obj
 0001:0000c636       __SEH_epilog4              1000d636 f   LIBCMT:sehprolg4.obj
 0001:0000c64b       @_guard_check_icall_nop@4  1000d64b f i LIBCMT:guard_support.obj
 0001:0000c699       ___security_init_cookie    1000d699 f   LIBCMT:gs_support.obj
 0001:0000c6e4       ?__scrt_initialize_type_info@@YAXXZ 1000d6e4 f   LIBCMT:tncleanup.obj
 0001:0000c6f0       ?__scrt_uninitialize_type_info@@YAXXZ 1000d6f0 f   LIBCMT:tncleanup.obj
 0001:0000c6fc       ___local_stdio_scanf_options 1000d6fc f i LIBCMT:default_local_stdio_options.obj
 0001:0000c702       ___scrt_initialize_default_local_stdio_options 1000d702 f   LIBCMT:default_local_stdio_options.obj
[...]
 0002:00002d0c       ?candidate_modules@?1??try_get_SetThreadStackGuarantee@@YAP6GHPAK@ZXZ@4QBW4module_id@?A0x391cf84c@@B 10021d0c     libucrt:winapi_thunks.obj
 0002:00002d30       ?strings@?1??fp_format_nan_or_infinity@@YAHW4__acrt_fp_class@@_NPADI1@Z@4QAY03QBDA 10021d30     libucrt:cvt.obj
 0002:00003278       ?_mb_locale_names@@3QBQB_WB 10022278     libucrt:mbctype.obj
 0002:00003ac0       ?LcidToLocaleNameTable@?A0x881e4c05@@3QBULcidToLocaleName@1@B 10022ac0     libucrt:lcidtoname_downlevel.obj
 0002:00004be8       ?LocaleNameToIndexTable@?A0x881e4c05@@3QBULocaleNameIndex@1@B 10023be8     libucrt:lcidtoname_downlevel.obj
 0002:00006440       ?large_power_indices@?1??multiply_by_power_of_ten@__crt_strtox@@YA_NAAUbig_integer@2@I@Z@4QBUunpack_index@?1??12@YA_N0I@Z@B 10025440     libucrt:cfout.obj
 0002:00006520       LOG_name                   10025520     libucrt:log10_impl.obj
 0002:00006530       _One                       10025530     libucrt:ceil_pentium4.obj
 0002:00006540       _Bns                       10025540     libucrt:ceil_pentium4.obj
 0002:00006550       _Zero                      10025550     libucrt:ceil_pentium4.obj
 0002:00006560       _S                         10025560     libucrt:ceil_pentium4.obj
 0002:00006570       _NegZero                   10025570     libucrt:ceil_pentium4.obj
 0002:00006580       emask                      10025580     libucrt:log10_pentium4.obj
 0002:00006590       CC                         10025590     libucrt:log10_pentium4.obj
 0002:000065a0       Magic                      100255a0     libucrt:log10_pentium4.obj
 0002:000065b0       hi_mask                    100255b0     libucrt:log10_pentium4.obj
 0002:000065c0       LOG10_2                    100255c0     libucrt:log10_pentium4.obj
 0002:000065d0       place_L                    100255d0     libucrt:log10_pentium4.obj
 0002:000065f0       One                        100255f0     libucrt:log10_pentium4.obj
 0002:00006600       Zero                       10025600     libucrt:log10_pentium4.obj
 0002:00006610       Two52                      10025610     libucrt:log10_pentium4.obj
 0002:00006620       Infs                       10025620     libucrt:log10_pentium4.obj
 0002:00006630       NaN                        10025630     libucrt:log10_pentium4.obj
 0002:00006640       coeff                      10025640     libucrt:log10_pentium4.obj
 0002:0000669e       _log2max                   1002569e     libucrt:87tran.obj
 0002:000066a8       _smallarg                  100256a8     libucrt:87tran.obj
 0002:000066b2       _half                      100256b2     libucrt:87tran.obj
 0002:000066fe       One                        100256fe     libucrt:87disp.obj
 0002:00006706       Three                      10025706     libucrt:87disp.obj
 0002:0000670e       XAMtoTagTab                1002570e     libucrt:87disp.obj
 0002:00006720       One                        10025720     libucrt:common.obj
 0002:00006734       DblMax                     10025734     libucrt:common.obj
 0002:0000673c       DblMin                     1002573c     libucrt:common.obj
 0002:00006744       IeeeAdjO                   10025744     libucrt:common.obj
 0002:0000674c       IeeeAdjU                   1002574c     libucrt:common.obj
 0002:00006754       _infinity                  10025754     libucrt:common.obj
 0002:0000675c       _zero                      1002575c     libucrt:common.obj
 0002:000067a8       _over                      100257a8     libucrt:fpctrl.obj
 0002:000067b4       _under                     100257b4     libucrt:fpctrl.obj
 0002:00006fe8       ?_names@?1??_get_fname@@9@9 10025fe8     libucrt:fpexcept.obj
 0002:00007830       __sehtable$?_AtlVerifyStackAvailable@_ATL_SAFE_ALLOCA_IMPL@ATL@@YA_NK@Z 10026830     MSR.obj
 0002:00007850       __sehtable$___scrt_is_nonwritable_in_current_image 10026850     LIBCMT:utility.obj
 0002:0000786c       __catchsym$??2@YAPAXIABUnothrow_t@std@@@Z$2 1002686c     LIBCMT:new_scalar_nothrow.obj
 0002:0000787c       __unwindtable$??2@YAPAXIABUnothrow_t@std@@@Z 1002687c     LIBCMT:new_scalar_nothrow.obj
 0002:0000788c       __tryblocktable$??2@YAPAXIABUnothrow_t@std@@@Z 1002688c     LIBCMT:new_scalar_nothrow.obj
 0002:000078a0       __ehfuncinfo$??2@YAPAXIABUnothrow_t@std@@@Z 100268a0     LIBCMT:new_scalar_nothrow.obj
 0002:000078c8       __sehtable$?dllmain_crt_process_attach@@YAHQAUHINSTANCE__@@QAX@Z 100268c8     LIBCMT:dll_dllmain.obj
 0002:000078e8       __sehtable$?dllmain_crt_process_detach@@YAH_N@Z 100268e8     LIBCMT:dll_dllmain.obj
 0002:00007908       __sehtable$?dllmain_dispatch@@YAHQAUHINSTANCE__@@KQAX@Z 10026908     LIBCMT:dll_dllmain.obj
 0002:000079b8       __sehtable$?FrameUnwindToState@__FrameHandler3@@SAXPAUEHRegistrationNode@@PAXPBU_s_FuncInfo@@H@Z 100269b8     libvcruntime:frame.obj
 0002:000079e0       __sehtable$?CallCatchBlock@@YAPAXPAUEHExceptionRecord@@PAUEHRegistrationNode@@PAU_CONTEXT@@PBU_s_FuncInfo@@PAXHK@Z 100269e0     libvcruntime:frame.obj
 0002:00007a08       __catchsym$?CallUnexpected@@YAXPBU_s_ESTypeList@@@Z$2 10026a08     libvcruntime:frame.obj
 0002:00007a18       __unwindtable$?CallUnexpected@@YAXPBU_s_ESTypeList@@@Z 10026a18     libvcruntime:frame.obj
 0002:00007a28       __tryblocktable$?CallUnexpected@@YAXPBU_s_ESTypeList@@@Z 10026a28     libvcruntime:frame.obj
 0002:00007a3c       __ehfuncinfo$?CallUnexpected@@YAXPBU_s_ESTypeList@@@Z 10026a3c     libvcruntime:frame.obj
 0002:00007a60       __sehtable$??$BuildCatchObjectHelperInternal@V__FrameHandler3@@@@YAHPAUEHExceptionRecord@@PAXPBU_s_HandlerType@@PBU_s_CatchableType@@@Z 10026a60     libvcruntime:frame.obj
 0002:00007a80       __sehtable$??$BuildCatchObjectInternal@V__FrameHandler3@@@@YAXPAUEHExceptionRecord@@PAXPBU_s_HandlerType@@PBU_s_CatchableType@@@Z 10026a80     libvcruntime:frame.obj
 0002:00007ad8       __sehtable$___DestructExceptionObject 10026ad8     libvcruntime:ehhelpers.obj
 0002:00007af8       __sehtable$??R<lambda_6e4b09c48022b2350581041d5f6b0c4c>@@QBE@XZ 10026af8     libucrt:exit.obj
 0002:00007b18       __sehtable$??$?RV<lambda_03b1d95aef87969028cfba75ccab2455>@@AAV<lambda_6e4b09c48022b2350581041d5f6b0c4c>@@V<lambda_22bdf7517842c4b3e53723af5aa32b9e>@@@?$__crt_seh_guarded_call@X@@QAEX$$QAV<lambda_03b1d95aef87969028cfba75ccab2455>@@AAV<lambda_6e4b09c48022b2350581041d5f6b0c4c>@@$$QAV<lambda_22bdf7517842c4b3e53723af5aa32b9e>@@@Z 10026b18     libucrt:exit.obj
 0002:00007b38       __sehtable$??$?RV<lambda_8e746cf0007f6ed984d6f78af1fec997>@@AAV<lambda_22ebabd17bc4fa466a2aca6d8deb888d>@@V<lambda_18ed0c0b38a6dc0daf1e7ac6d6adf05e>@@@?$__crt_seh_guarded_call@H@@QAEH$$QAV<lambda_8e746cf0007f6ed984d6f78af1fec997>@@AAV<lambda_22ebabd17bc4fa466a2aca6d8deb888d>@@$$QAV<lambda_18ed0c0b38a6dc0daf1e7ac6d6adf05e>@@@Z 10026b38     libucrt:onexit.obj
 0002:00007b58       __sehtable$??$?RV<lambda_69a2805e680e0e292e8ba93315fe43a8>@@AAV<lambda_f03950bc5685219e0bcd2087efbe011e>@@V<lambda_03fcd07e894ec930e3f35da366ca99d6>@@@?$__crt_seh_guarded_call@H@@QAEH$$QAV<lambda_69a2805e680e0e292e8ba93315fe43a8>@@AAV<lambda_f03950bc5685219e0bcd2087efbe011e>@@$$QAV<lambda_03fcd07e894ec930e3f35da366ca99d6>@@@Z 10026b58     libucrt:onexit.obj
 0002:00007b78       __sehtable$__query_new_handler 10026b78     libucrt:new_handler.obj
 0002:00007b98       __sehtable$_terminate      10026b98     libucrt:terminate.obj
 0002:00007bb8       __sehtable$??$?RV<lambda_15ade71b0218206bbe3333a0c9b79046>@@AAV<lambda_da44e0f8b0f19ba52fefafb335991732>@@V<lambda_207f2d024fc103971653565357d6cd41>@@@?$__crt_seh_guarded_call@X@@QAEX$$QAV<lambda_15ade71b0218206bbe3333a0c9b79046>@@AAV<lambda_da44e0f8b0f19ba52fefafb335991732>@@$$QAV<lambda_207f2d024fc103971653565357d6cd41>@@@Z 10026bb8     libucrt:per_thread_data.obj
 0002:00007bd8       __sehtable$??$?RV<lambda_a7e850c220f1c8d1e6efeecdedd162c6>@@AAV<lambda_46720907175c18b6c9d2717bc0d2d362>@@V<lambda_9048902d66e8d99359bc9897bbb930a8>@@@?$__crt_seh_guarded_call@X@@QAEX$$QAV<lambda_a7e850c220f1c8d1e6efeecdedd162c6>@@AAV<lambda_46720907175c18b6c9d2717bc0d2d362>@@$$QAV<lambda_9048902d66e8d99359bc9897bbb930a8>@@@Z 10026bd8     libucrt:per_thread_data.obj
 0002:00007bf8       __sehtable$??$?RV<lambda_38edbb1296d33220d7e4dd0ed76b244a>@@AAV<lambda_5ce1d447e08cb34b2473517608e21441>@@V<lambda_fb385d3da700c9147fc39e65dd577a8c>@@@?$__crt_seh_guarded_call@X@@QAEX$$QAV<lambda_38edbb1296d33220d7e4dd0ed76b244a>@@AAV<lambda_5ce1d447e08cb34b2473517608e21441>@@$$QAV<lambda_fb385d3da700c9147fc39e65dd577a8c>@@@Z 10026bf8     libucrt:per_thread_data.obj
 0002:00007c18       __sehtable$??$?RV<lambda_6affb1475c98b40b75cdec977db92e3c>@@AAV<lambda_b8d4b9c228a6ecc3f80208dbb4b4a104>@@V<lambda_608742c3c92a14382c1684fc64f96c88>@@@?$__crt_seh_guarded_call@X@@QAEX$$QAV<lambda_6affb1475c98b40b75cdec977db92e3c>@@AAV<lambda_b8d4b9c228a6ecc3f80208dbb4b4a104>@@$$QAV<lambda_608742c3c92a14382c1684fc64f96c88>@@@Z 10026c18     libucrt:per_thread_data.obj
 0002:00007c38       __sehtable$??$?RV<lambda_e5124f882df8998aaf41531e079ba474>@@AAV<lambda_3e16ef9562a7dcce91392c22ab16ea36>@@V<lambda_e25ca0880e6ef98be67edffd8c599615>@@@?$__crt_seh_guarded_call@X@@QAEX$$QAV<lambda_e5124f882df8998aaf41531e079ba474>@@AAV<lambda_3e16ef9562a7dcce91392c22ab16ea36>@@$$QAV<lambda_e25ca0880e6ef98be67edffd8c599615>@@@Z 10026c38     libucrt:wsetlocale.obj
 0002:00007c58       __sehtable$___acrt_initialize_lowio 10026c58     libucrt:ioinit.obj
 0002:00007c78       __sehtable$?update_thread_multibyte_data_internal@@YAPAU__crt_multibyte_data@@QAU__acrt_ptd@@QAPAU1@@Z 10026c78     libucrt:mbctype.obj
 0002:00007c98       __sehtable$??$?RV<lambda_ceb1ee4838e85a9d631eb091e2fbe199>@@AAV<lambda_ae742caa10f662c28703da3d2ea5e57e>@@V<lambda_cd08b5d6af4937fe54fc07d0c9bf6b37>@@@?$__crt_seh_guarded_call@X@@QAEX$$QAV<lambda_ceb1ee4838e85a9d631eb091e2fbe199>@@AAV<lambda_ae742caa10f662c28703da3d2ea5e57e>@@$$QAV<lambda_cd08b5d6af4937fe54fc07d0c9bf6b37>@@@Z 10026c98     libucrt:mbctype.obj
 0002:00007cb8       __sehtable$_raise          10026cb8     libucrt:signal.obj
 0002:00007cd8       __sehtable$??$?RV<lambda_cbab9ec6f41b0180b23cc171c22676b0>@@AAV<lambda_44731a7d0e6d81c3e6aa82d741081786>@@V<lambda_4b292cb8dd18144e164572427af410ab>@@@?$__crt_seh_guarded_call@P6AXH@Z@@QAEP6AXH@Z$$QAV<lambda_cbab9ec6f41b0180b23cc171c22676b0>@@AAV<lambda_44731a7d0e6d81c3e6aa82d741081786>@@$$QAV<lambda_4b292cb8dd18144e164572427af410ab>@@@Z 10026cd8     libucrt:signal.obj
 0002:00007cf8       __sehtable$??$?RV<lambda_2866be3712abc81a800a822484c830d8>@@AAV<lambda_39ca0ed439415581b5b15c265174cece>@@V<lambda_2b24c74d71094a6cd0cb82e44167d71b>@@@?$__crt_seh_guarded_call@X@@QAEX$$QAV<lambda_2866be3712abc81a800a822484c830d8>@@AAV<lambda_39ca0ed439415581b5b15c265174cece>@@$$QAV<lambda_2b24c74d71094a6cd0cb82e44167d71b>@@@Z 10026cf8     libucrt:fflush.obj
 0002:00007d18       __sehtable$??$?RV<lambda_2cc53f568c5a2bb6f192f930a45d44ea>@@AAV<lambda_ab61a845afdef5b7c387490eaf3616ee>@@V<lambda_c2ffc0b7726aa6be21d5f0026187e748>@@@?$__crt_seh_guarded_call@X@@QAEX$$QAV<lambda_2cc53f568c5a2bb6f192f930a45d44ea>@@AAV<lambda_ab61a845afdef5b7c387490eaf3616ee>@@$$QAV<lambda_c2ffc0b7726aa6be21d5f0026187e748>@@@Z 10026d18     libucrt:fflush.obj
 0002:00007d38       __sehtable$___acrt_update_thread_locale_data 10026d38     libucrt:locale_refcounting.obj
 0002:00007d58       __sehtable$__fcloseall     10026d58     libucrt:closeall.obj
 0002:00007d78       __sehtable$___acrt_lowio_ensure_fh_exists 10026d78     libucrt:osfinfo.obj
 0002:00007d98       __sehtable$??$?RV<lambda_9e9de3de5fa147e2223d7db92bc10aa6>@@AAV<lambda_38ce7e780aa69e748d6df282ebc68efe>@@V<lambda_8ca6da459f0f6780f1cff60fdc3d00e5>@@@?$__crt_seh_guarded_call@H@@QAEH$$QAV<lambda_9e9de3de5fa147e2223d7db92bc10aa6>@@AAV<lambda_38ce7e780aa69e748d6df282ebc68efe>@@$$QAV<lambda_8ca6da459f0f6780f1cff60fdc3d00e5>@@@Z 10026d98     libucrt:commit.obj
 0002:00007db8       __sehtable$__write         10026db8     libucrt:write.obj
 0002:00007dd8       __sehtable$_fclose         10026dd8     libucrt:fclose.obj
 0002:00007df8       __sehtable$??$?RV<lambda_218ce3db14220d0be481dae8ef3383b6>@@AAV<lambda_628dfdc04ba53c8bfc02c9951375f3f5>@@V<lambda_57dc472bd5c9d5f3b2cbca59b8a843ae>@@@?$__crt_seh_guarded_call@H@@QAEH$$QAV<lambda_218ce3db14220d0be481dae8ef3383b6>@@AAV<lambda_628dfdc04ba53c8bfc02c9951375f3f5>@@$$QAV<lambda_57dc472bd5c9d5f3b2cbca59b8a843ae>@@@Z 10026df8     libucrt:close.obj
 0002:00007e18       __sehtable$__IsNonwritableInCurrentImage 10026e18     LIBCMT:pesect.obj
 0002:00007e40       .edata                     10026e40     OPOSMSR.exp
 0002:00007e68       rgpv                       10026e68     OPOSMSR.exp
 0002:00007e78       rgszName                   10026e78     OPOSMSR.exp
 0002:00007e88       rgwOrd                     10026e88     OPOSMSR.exp
 0002:00007e90       szName                     10026e90     OPOSMSR.exp
 0002:00007e9c       $N00001                    10026e9c     OPOSMSR.exp
 0002:00007eac       $N00002                    10026eac     OPOSMSR.exp
 0002:00007ebe       $N00003                    10026ebe     OPOSMSR.exp
 0002:00007ed0       $N00004                    10026ed0     OPOSMSR.exp
 0002:000084e2       .idata$6                   100274e2     kernel32:KERNEL32.dll
 0002:000086f6       .idata$6                   100276f6     user32:USER32.dll
 0002:0000882a       .idata$6                   1002782a     gdi32:GDI32.dll
 0002:000088d0       .idata$6                   100278d0     advapi32:ADVAPI32.dll
 0002:000089ec       .idata$6                   100279ec     ole32:ole32.dll
 0002:000089f6       .idata$6                   100279f6     oleaut32:OLEAUT32.dll
 0003:00000110       ?ObjectMap@@3PAU_ATL_OBJMAP_ENTRY30@ATL@@A 10028110     MSR.obj
 0003:000001a4       ?s_RequiredMethodsPerRelease@@3PAHA 100281a4     MSRImpl.obj
 0003:000001d8       ?s_SOMethodNames@@3PAPADA  100281d8     MSRImpl.obj
 0003:00000260       ?__vcrt_flsindex@@3KA      10028260     libvcruntime:per_thread_data.obj
 0003:00000280       ?errno_no_memory@@3HA      10028280     libucrt:errno.obj
 0003:00000284       ?doserrno_no_memory@@3KA   10028284     libucrt:errno.obj
 0003:00000290       ?__acrt_flsindex@@3KA      10028290     libucrt:per_thread_data.obj
 0003:00000628       __mbctypes                 10028628     libucrt:mbctype.obj
 0003:00000730       __mbcasemaps               10028730     libucrt:mbctype.obj
 0003:00000830       ?__rgctypeflag@@3PADA      10028830     libucrt:mbctype.obj
 0003:00000838       ?__rgcode_page_info@@3PAUcode_page_info@@A 10028838     libucrt:mbctype.obj
 0003:00000a90       ?__dcrt_lowio_console_output_handle@@3PAXA 10028a90     libucrt:initcon.obj
 0003:00000c28       ?is_initialized_as_dll@@3_NA 10028c28     LIBCMT:utility.obj
 0003:00000c29       ?module_local_atexit_table_initialized@@3_NA 10028c29     LIBCMT:utility.obj
 0003:00000c2c       ?module_local_atexit_table@@3U_onexit_table_t@@A 10028c2c     LIBCMT:utility.obj
 0003:00000c38       ?module_local_at_quick_exit_table@@3U_onexit_table_t@@A 10028c38     LIBCMT:utility.obj
 0003:00000c44       ?g_tss_cv@@3U_RTL_CONDITION_VARIABLE@@A 10028c44     LIBCMT:thread_safe_statics.obj
 0003:00000c48       ?g_tss_event@@3PAXA        10028c48     LIBCMT:thread_safe_statics.obj
 0003:00000c4c       ?g_tss_mutex@@3U_RTL_CRITICAL_SECTION@@A 10028c4c     LIBCMT:thread_safe_statics.obj
 0003:00000c64       ?g_sleep_condition_variable_cs@@3P6GHPAU_RTL_CONDITION_VARIABLE@@PAU_RTL_CRITICAL_SECTION@@K@ZA 10028c64     LIBCMT:thread_safe_statics.obj
 0003:00000c68       ?g_wake_all_condition_variable@@3P6GXPAU_RTL_CONDITION_VARIABLE@@@ZA 10028c68     LIBCMT:thread_safe_statics.obj
 0003:00000c70       _GS_ExceptionRecord        10028c70     LIBCMT:gs_report.obj
 0003:00000cc0       _GS_ContextRecord          10028cc0     LIBCMT:gs_report.obj
 0003:00000f90       ?__proc_attached@@3HA      10028f90     LIBCMT:dll_dllmain.obj
 0003:00000fec       ?AllocateData@@3P6GPAUAtlThunkData_t@@XZA 10028fec     atls:atlthunk.obj
 0003:00000ff0       ?InitData@@3P6GXPAUAtlThunkData_t@@PAXI@ZA 10028ff0     atls:atlthunk.obj
 0003:00000ff4       ?DataToCode@@3P6GP6GJPAUHWND__@@IIJ@ZPAUAtlThunkData_t@@@ZA 10028ff4     atls:atlthunk.obj
 0003:00000ff8       ?FreeData@@3P6GXPAUAtlThunkData_t@@@ZA 10028ff8     atls:atlthunk.obj
 0003:00000ffc       ?Initialized@@3_NA         10028ffc     atls:atlthunk.obj
 0003:00001008       ?__vcrt_startup_thread_ptd@@3U__vcrt_ptd@@A 10029008     libvcruntime:per_thread_data.obj
 0003:00001030       ___vcrt_lock_table         10029030     libvcruntime:locks.obj
 0003:00001048       ___vcrt_locks_initialized  10029048     libvcruntime:locks.obj
 0003:00001074       ?heap@@3V_HeapManager@@A   10029074     libvcruntime:undname.obj
 0003:00001088       ?module_handles@@3PAPAUHINSTANCE__@@A 10029088     libvcruntime:winapi_downlevel.obj
 0003:00001094       ?function_pointers@@3PAPAXA 10029094     libvcruntime:winapi_downlevel.obj
 0003:000010ac       ?__acrt_invalid_parameter_handler@@3V?$dual_state_global@P6AXPB_W00II@Z@__crt_state_management@@A 100290ac     libucrt:invalid_parameter.obj
 0003:000010b0       ?c_termination_complete@@3JA 100290b0     libucrt:exit.obj
 0003:000010b4       ?thread_local_exit_callback_func@@3P6GXPAXK0@ZA 100290b4     libucrt:exit.obj
 0003:000010c0       ?program_name@?1???$common_configure_argv@D@@YAHW4_crt_argv_mode@@@Z@4PADA 100290c0     libucrt:argv_parsing.obj
 0003:000011f0       ?__acrt_new_handler@@3V?$dual_state_global@P6AHI@Z@__crt_state_management@@A 100291f0     libucrt:new_handler.obj
 0003:000011f8       ?module_handles@@3PAPAUHINSTANCE__@@A 100291f8     libucrt:winapi_thunks.obj
 0003:00001248       ?encoded_function_pointers@@3PAPAXA 10029248     libucrt:winapi_thunks.obj
 0003:000012d0       ?internal_state@?1??_mbtowc_l@@9@4U_Mbstatet@@A 100292d0     libucrt:mbtowc.obj
 0003:000012e0       ?enable_percent_n@@3IA     100292e0     libucrt:printf_count_output.obj
 0003:00001500       ?__acrt_lock_table@@3PAU_RTL_CRITICAL_SECTION@@A 10029500     libucrt:locks.obj
 0003:00001650       ?__acrt_locks_initialized@@3IA 10029650     libucrt:locks.obj
 0003:00001660       ?fSystemSet@@3HA           10029660     libucrt:mbctype.obj
 0003:00001664       ?initialized@?1??__acrt_initialize_multibyte@@9@4_NA 10029664     libucrt:mbctype.obj
 0003:00001684       ?ctrlc_action@@3V?$dual_state_global@P6AXH@Z@__crt_state_management@@A 10029684     libucrt:signal.obj
 0003:00001688       ?ctrlbreak_action@@3V?$dual_state_global@P6AXH@Z@__crt_state_management@@A 10029688     libucrt:signal.obj
 0003:0000168c       ?abort_action@@3V?$dual_state_global@P6AXH@Z@__crt_state_management@@A 1002968c     libucrt:signal.obj
 0003:00001690       ?term_action@@3V?$dual_state_global@P6AXH@Z@__crt_state_management@@A 10029690     libucrt:signal.obj
 0003:00001694       ?user_matherr@@3V?$dual_state_global@P6AHPAU_exception@@@Z@__crt_state_management@@A 10029694     libucrt:matherr.obj
 0003:00001698       ?__acrt_global_new_mode@@3V?$dual_state_global@J@__crt_state_management@@A 10029698     libucrt:new_mode.obj
 0003:000016a4       ?internal_pst@?1??__mbrtoc32_utf8@__crt_mbstring@@YAIPA_UPBDIPAU_Mbstatet@@@Z@4U3@A 100296a4     libucrt:mbrtoc32.obj
 0003:000016ac       ?__acrt_app_type@@3W4_crt_app_type@@A 100296ac     libucrt:report_runtime_error.obj
 0003:000016b4       __pmatherr_set             100296b4     libucrt:libm_error.obj
 0004:00000220       $R000000                   1002a220     MSR.res
 0004:00000b68       $R000948                   1002ab68     MSR.res
 0004:00000c50       $R000A30                   1002ac50     MSR.res
 0004:00000eb8       $R000C98                   1002aeb8     MSR.res
 0004:000013a8       $R001188                   1002b3a8     MSR.res
 0004:00005b80       $R005960                   1002fb80     MSR.res
 0004:00005ba8       $R005988                   1002fba8     MSR.res
