 OPOSItemDispenser

 Timestamp is 5b863db2 (Wed Aug 29 15:31:14 2018)

 Preferred load address is 10000000

 Start         Length     Name                   Class
 0001:00000000 00000080H .text$di                CODE
 0001:00000080 0001ccfbH .text$mn                CODE
 0001:0001cd7b 00000051H .text$x                 CODE
 0001:0001cdcc 00000042H .text$yd                CODE
 0002:00000000 000002fcH .idata$5                DATA
 0002:000002fc 00000004H .00cfg                  DATA
 0002:00000300 00000004H .CRT$XCA                DATA
 0002:00000304 00000004H .CRT$XCL                DATA
 0002:00000308 00000010H .CRT$XCU                DATA
 0002:00000318 00000004H .CRT$XCZ                DATA
 0002:0000031c 00000004H .CRT$XIA                DATA
 0002:00000320 00000010H .CRT$XIC                DATA
 0002:00000330 00000004H .CRT$XIZ                DATA
 0002:00000334 00000004H .CRT$XLA                DATA
 0002:00000338 00000004H .CRT$XLZ                DATA
 0002:0000033c 00000004H .CRT$XPA                DATA
 0002:00000340 00000008H .CRT$XPX                DATA
 0002:00000348 00000004H .CRT$XPXA               DATA
 0002:0000034c 00000004H .CRT$XPZ                DATA
 0002:00000350 00000004H .CRT$XTA                DATA
 0002:00000354 0000000cH .CRT$XTZ                DATA
 0002:00000358 00000000H .gfids$y                DATA
 0002:00000360 00006ca8H .rdata                  DATA
 0002:00007008 00000018H .rdata$T                DATA
 0002:00007020 00000180H .rdata$r                DATA
 0002:000071a0 00000020H .rdata$sxdata           DATA
 0002:000071c0 000003e0H .rdata$zzzdbg           DATA
 0002:000075a0 00000004H .rtc$IAA                DATA
 0002:000075a4 00000004H .rtc$IZZ                DATA
 0002:000075a8 00000004H .rtc$TAA                DATA
 0002:000075ac 00000004H .rtc$TZZ                DATA
 0002:000075b0 00000004H .tls                    DATA
 0002:000075b4 00000004H .tls$                   DATA
 0002:000075b8 00000008H .tls$ZZZ                DATA
 0002:000075c0 00000624H .xdata$x                DATA
 0002:00007be4 00000004H ATL$__a                 DATA
 0002:00007be8 00000008H ATL$__z                 DATA
 0002:00007bf0 000000b0H .edata                  DATA
 0002:00007ca0 00000078H .idata$2                DATA
 0002:00007d18 00000014H .idata$3                DATA
 0002:00007d2c 000002fcH .idata$4                DATA
 0002:00008028 00000bc0H .idata$6                DATA
 0003:00000000 00000990H .data                   DATA
 0003:00000990 00000098H .data$r                 DATA
 0003:00000a28 00000b68H .bss                    DATA
 0004:00000000 00000220H .rsrc$01                DATA
 0004:00000220 000038c0H .rsrc$02                DATA

  Address         Publics by Value              Rva+Base       Lib:Object

 0000:00000000       ___guard_iat_count         00000000     <absolute>
 0000:00000000       ___guard_longjmp_count     00000000     <absolute>
 0000:00000000       ___guard_fids_count        00000000     <absolute>
 0000:00000000       ___guard_longjmp_table     00000000     <absolute>
 0000:00000000       ___hybrid_code_map_count   00000000     <absolute>
 0000:00000000       __except_list              00000000     <absolute>
 0000:00000000       ___guard_fids_table        00000000     <absolute>
 0000:00000000       ___hybrid_auxiliary_iat    00000000     <absolute>
 0000:00000000       ___dynamic_value_reloc_table 00000000     <absolute>
 0000:00000000       ___guard_iat_table         00000000     <absolute>
 0000:00000000       ___volatile_metadata       00000000     <absolute>
 0000:00000000       ___enclave_config          00000000     <absolute>
 0000:00000000       ___hybrid_code_map         00000000     <absolute>
 0000:00000008       ___safe_se_handler_count   00000008     <absolute>
 0000:0000002c       __tls_array                0000002c     <absolute>
 0000:00000100       ___guard_flags             00000100     <absolute>
 0000:00000000       ___ImageBase               10000000     <linker-defined>
 0001:00000080       ?DupWide@_CW@@AAEXXZ       10001080 f   CWString.obj
 0001:0000009c       ?cw_dup@@YGXPBDAAHAAPA_W1@Z 1000109c f   CWString.obj
 0001:0000010b       ?cw_memcpy@@YGHPA_WPBDH@Z  1000110b f   CWString.obj
 0001:00000137       ?cw_strcpy@@YAHPA_WPBD@Z   10001137 f   CWString.obj
 0001:0000014a       ?cw_strlen@@YAHPBD@Z       1000114a f   CWString.obj
 0001:00000163       ??0CAtlComModule@ATL@@QAE@XZ 10001163 f i OposVariant.obj
 0001:000001a8       ??0CAtlWinModule@ATL@@QAE@XZ 100011a8 f i OposVariant.obj
 0001:000001df       ??0OposDispParms@@QAE@PAVOposVariant@@H@Z 100011df f   OposVariant.obj
 0001:00000250       ??1OposDispParms@@QAE@XZ   10001250 f   OposVariant.obj
 0001:0000025e       ??A?$CSimpleArray@GV?$CSimpleArrayEqualHelper@G@ATL@@@ATL@@QAEAAGH@Z 1000125e f i OposVariant.obj
 0001:00000283       ??_Estringdispid@CComTypeInfoHolder@ATL@@QAEPAXI@Z 10001283 f i OposVariant.obj
 0001:000002ef       ?AtlWinModuleInit@ATL@@YGJPAU_ATL_WIN_MODULE70@1@@Z 100012ef f i OposVariant.obj
 0001:00000315       ?AtlWinModuleTerm@ATL@@YGJPAU_ATL_WIN_MODULE70@1@PAUHINSTANCE__@@@Z 10001315 f i OposVariant.obj
 0001:00000378       ?ChangeBSTR@OposVariant@@QAEXPAPA_WAAJ@Z 10001378 f   OposVariant.obj
 0001:000003b9       ?ChangeLONG@OposVariant@@QAEXPAJAAJ@Z 100013b9 f   OposVariant.obj
 0001:000003fa       ?GetLONG@OposVariant@@QAEJXZ 100013fa f   OposVariant.obj
 0001:00000415       ?Init@CComCriticalSection@ATL@@QAEJXZ 10001415 f i OposVariant.obj
 0001:0000043c       ?RemoveAll@?$CSimpleArray@PAUHINSTANCE__@@V?$CSimpleArrayEqualHelper@PAUHINSTANCE__@@@ATL@@@ATL@@QAEXXZ 1000143c f i atls:atlbase.obj
 0001:0000043c       ?RemoveAll@?$CSimpleArray@GV?$CSimpleArrayEqualHelper@G@ATL@@@ATL@@QAEXXZ 1000143c f i OposVariant.obj
 0001:00000459       ?SetBSTR@OposVariant@@QAEXPA_WAAJ@Z 10001459 f   OposVariant.obj
 0001:0000048d       ?SetBSTR_Copy@OposVariant@@QAEXPA_WAAJ@Z 1000148d f   OposVariant.obj
 0001:000004dd       ?SetBSTR_InOutPtr@OposVariant@@QAE_NPAPA_WAAJ@Z 100014dd f   OposVariant.obj
 0001:00000514       ?SetDispatch_Ptr@OposVariant@@QAEXPAUIDispatch@@AAJ@Z 10001514 f   OposVariant.obj
 0001:0000054f       ?SetLONG@OposVariant@@QAEXJ@Z 1000154f f   OposVariant.obj
 0001:00000571       ?SetLONG_Ptr@OposVariant@@QAEXPAJAAJ@Z 10001571 f   OposVariant.obj
 0001:000005a4       ?SetString@OposVariant@@QAEXPB_WAAJ@Z 100015a4 f   OposVariant.obj
 0001:000005ea       ?SetVARIANT_BOOL@OposVariant@@QAEXF@Z 100015ea f   OposVariant.obj
 0001:00000614       ?Term@CAtlComModule@ATL@@QAEXXZ 10001614 f i OposVariant.obj
 0001:0000065e       ?_AtlRaiseException@ATL@@YAXKK@Z 1000165e f i OposVariant.obj
 0001:00000673       ?SetObjectRects@?$IOleInPlaceObjectWindowlessImpl@VCOPOSItemDispenser@@@ATL@@UAGJPBUtagRECT@@0@Z 10001673 f i ItemDispenser.obj
 0001:00000693       ?ReactivateAndUndo@?$IOleInPlaceObjectWindowlessImpl@VCOPOSItemDispenser@@@ATL@@UAGJXZ 10001693 f i ItemDispenser.obj
 0001:0000069b       ?OnWindowMessage@?$IOleInPlaceObjectWindowlessImpl@VCOPOSItemDispenser@@@ATL@@UAGJIIJPAJ@Z 1000169b f i ItemDispenser.obj
 0001:0000070b       ?SODataDummy@COPOSItemDispenser@@MAGJJ@Z 1000170b f i ItemDispenser.obj
 0001:0000070b       ?ContextSensitiveHelp@?$IOleInPlaceObjectWindowlessImpl@VCOPOSItemDispenser@@@ATL@@UAGJH@Z 1000170b f i ItemDispenser.obj
 0001:0000070b       ?OnMnemonic@?$IOleControlImpl@VCOPOSItemDispenser@@@ATL@@UAGJPAUtagMSG@@@Z 1000170b f i ItemDispenser.obj
 0001:0000070b       ?ContextSensitiveHelp@?$IOleInPlaceActiveObjectImpl@VCOPOSItemDispenser@@@ATL@@UAGJH@Z 1000170b f i ItemDispenser.obj
 0001:0000070b       ?GetControlInfo@?$IOleControlImpl@VCOPOSItemDispenser@@@ATL@@UAGJPAUtagCONTROLINFO@@@Z 1000170b f i ItemDispenser.obj
 0001:0000070b       ?SetColorScheme@?$IOleObjectImpl@VCOPOSItemDispenser@@@ATL@@UAGJPAUtagLOGPALETTE@@@Z 1000170b f i ItemDispenser.obj
 0001:0000070b       ?QueryGetData@?$IDataObjectImpl@VCOPOSItemDispenser@@@ATL@@UAGJPAUtagFORMATETC@@@Z 1000170b f i ItemDispenser.obj
 0001:0000070b       ?Unfreeze@?$IViewObjectExImpl@VCOPOSItemDispenser@@@ATL@@UAGJK@Z 1000170b f i ItemDispenser.obj
 0001:0000070b       ?GetDropTarget@?$IOleInPlaceObjectWindowlessImpl@VCOPOSItemDispenser@@@ATL@@UAGJPAPAUIDropTarget@@@Z 1000170b f i ItemDispenser.obj
 0001:0000070b       ?SOOutputCompleteDummy@COPOSItemDispenser@@MAGJJ@Z 1000170b f i ItemDispenser.obj
 0001:00000713       ?EnumConnectionPoints@?$IConnectionPointContainerImpl@VCOPOSItemDispenser@@@ATL@@UAGJPAPAUIEnumConnectionPoints@@@Z 10001713 f i ItemDispenser.obj
 0001:0000088d       ?FindConnectionPoint@?$IConnectionPointContainerImpl@VCOPOSItemDispenser@@@ATL@@UAGJABU_GUID@@PAPAUIConnectionPoint@@@Z 1000188d f i ItemDispenser.obj
 0001:00000930       ?GetClassID@?$IPersistStorageImpl@VCOPOSItemDispenser@@@ATL@@UAGJPAU_GUID@@@Z 10001930 f i ItemDispenser.obj
 0001:00000930       ?GetUserClassID@?$IOleObjectImpl@VCOPOSItemDispenser@@@ATL@@UAGJPAU_GUID@@@Z 10001930 f i ItemDispenser.obj
 0001:00000930       ?GetClassID@?$IPersistStreamInitImpl@VCOPOSItemDispenser@@@ATL@@UAGJPAU_GUID@@@Z 10001930 f i ItemDispenser.obj
 0001:00000954       ?IsDirty@?$IPersistStorageImpl@VCOPOSItemDispenser@@@ATL@@UAGJXZ 10001954 f i ItemDispenser.obj
 0001:00000988       ?InitNew@?$IPersistStorageImpl@VCOPOSItemDispenser@@@ATL@@UAGJPAUIStorage@@@Z 10001988 f i ItemDispenser.obj
 0001:000009bc       ?Load@?$IPersistStorageImpl@VCOPOSItemDispenser@@@ATL@@UAGJPAUIStorage@@@Z 100019bc f i ItemDispenser.obj
 0001:00000a28       ?Save@?$IPersistStorageImpl@VCOPOSItemDispenser@@@ATL@@UAGJPAUIStorage@@H@Z 10001a28 f i ItemDispenser.obj
 0001:00000a9b       ?OnFrameWindowActivate@?$IOleInPlaceActiveObjectImpl@VCOPOSItemDispenser@@@ATL@@UAGJH@Z 10001a9b f i ItemDispenser.obj
 0001:00000a9b       ?EnableModeless@?$IOleInPlaceActiveObjectImpl@VCOPOSItemDispenser@@@ATL@@UAGJH@Z 10001a9b f i ItemDispenser.obj
 0001:00000a9b       ?OnAmbientPropertyChange@?$IOleControlImpl@VCOPOSItemDispenser@@@ATL@@UAGJJ@Z 10001a9b f i ItemDispenser.obj
 0001:00000a9b       ?SaveCompleted@?$IPersistStorageImpl@VCOPOSItemDispenser@@@ATL@@UAGJPAUIStorage@@@Z 10001a9b f i ItemDispenser.obj
 0001:00000aa0       ?HandsOffStorage@?$IPersistStorageImpl@VCOPOSItemDispenser@@@ATL@@UAGJXZ 10001aa0 f i ItemDispenser.obj
 0001:00000aa0       ?Release@CRegObject@ATL@@UAGKXZ 10001aa0 f i ItemDispenser.obj
 0001:00000aa0       ?IsUpToDate@?$IOleObjectImpl@VCOPOSItemDispenser@@@ATL@@UAGJXZ 10001aa0 f i ItemDispenser.obj
 0001:00000aa0       ?Update@?$IOleObjectImpl@VCOPOSItemDispenser@@@ATL@@UAGJXZ 10001aa0 f i ItemDispenser.obj
 0001:00000aa5       ?GetPages@?$ISpecifyPropertyPagesImpl@VCOPOSItemDispenser@@@ATL@@UAGJPAUtagCAUUID@@@Z 10001aa5 f i ItemDispenser.obj
 0001:00000abc       ?QuickActivate@?$IQuickActivateImpl@VCOPOSItemDispenser@@@ATL@@UAGJPAUtagQACONTAINER@@PAUtagQACONTROL@@@Z 10001abc f i ItemDispenser.obj
 0001:00000adf       ?SetContentExtent@?$IQuickActivateImpl@VCOPOSItemDispenser@@@ATL@@UAGJPAUtagSIZE@@@Z 10001adf f i ItemDispenser.obj
 0001:00000b0b       ?GetContentExtent@?$IQuickActivateImpl@VCOPOSItemDispenser@@@ATL@@UAGJPAUtagSIZE@@@Z 10001b0b f i ItemDispenser.obj
 0001:00000b2b       ?GetData@?$IDataObjectImpl@VCOPOSItemDispenser@@@ATL@@UAGJPAUtagFORMATETC@@PAUtagSTGMEDIUM@@@Z 10001b2b f i ItemDispenser.obj
 0001:00000b4e       ?GetDataHere@?$IDataObjectImpl@VCOPOSItemDispenser@@@ATL@@UAGJPAUtagFORMATETC@@PAUtagSTGMEDIUM@@@Z 10001b4e f i ItemDispenser.obj
 0001:00000b4e       ?EnumFormatEtc@?$IDataObjectImpl@VCOPOSItemDispenser@@@ATL@@UAGJKPAPAUIEnumFORMATETC@@@Z 10001b4e f i ItemDispenser.obj
 0001:00000b4e       ?GetRect@?$IViewObjectExImpl@VCOPOSItemDispenser@@@ATL@@UAGJKPAU_RECTL@@@Z 10001b4e f i ItemDispenser.obj
 0001:00000b4e       ?GetClipboardData@?$IOleObjectImpl@VCOPOSItemDispenser@@@ATL@@UAGJKPAPAUIDataObject@@@Z 10001b4e f i ItemDispenser.obj
 0001:00000b4e       ?GetCanonicalFormatEtc@?$IDataObjectImpl@VCOPOSItemDispenser@@@ATL@@UAGJPAUtagFORMATETC@@0@Z 10001b4e f i ItemDispenser.obj
 0001:00000b4e       ?SetMoniker@?$IOleObjectImpl@VCOPOSItemDispenser@@@ATL@@UAGJKPAUIMoniker@@@Z 10001b4e f i ItemDispenser.obj
 0001:00000b4e       ?QueryInterface@CRegObject@ATL@@UAGJABU_GUID@@PAPAX@Z 10001b4e f i ItemDispenser.obj
 0001:00000b56       ?InitFromData@?$IOleObjectImpl@VCOPOSItemDispenser@@@ATL@@UAGJPAUIDataObject@@HK@Z 10001b56 f i ItemDispenser.obj
 0001:00000b56       ?SetData@?$IDataObjectImpl@VCOPOSItemDispenser@@@ATL@@UAGJPAUtagFORMATETC@@PAUtagSTGMEDIUM@@H@Z 10001b56 f i ItemDispenser.obj
 0001:00000b56       ?GetMoniker@?$IOleObjectImpl@VCOPOSItemDispenser@@@ATL@@UAGJKKPAPAUIMoniker@@@Z 10001b56 f i ItemDispenser.obj
 0001:00000b5e       ?DAdvise@?$IDataObjectImpl@VCOPOSItemDispenser@@@ATL@@UAGJPAUtagFORMATETC@@KPAUIAdviseSink@@PAK@Z 10001b5e f i ItemDispenser.obj
 0001:00000b9f       ?DUnadvise@?$IDataObjectImpl@VCOPOSItemDispenser@@@ATL@@UAGJK@Z 10001b9f f i ItemDispenser.obj
 0001:00000bcd       ?EnumDAdvise@?$IDataObjectImpl@VCOPOSItemDispenser@@@ATL@@UAGJPAPAUIEnumSTATDATA@@@Z 10001bcd f i ItemDispenser.obj
 0001:00000c0c       ?GetClassInfoW@?$IProvideClassInfo2Impl@$1?CLSID_OPOSItemDispenser@@3U_GUID@@B$1?DIID__IOPOSItemDispenserEvents@@3U2@B$1?LIBID_OposItemDispenser_CCO@@3U2@B$00$0A@VCComTypeInfoHolder@ATL@@@ATL@@UAGJPAPAUITypeInfo@@@Z 10001c0c f i ItemDispenser.obj
 0001:00000c22       ?GetGUID@?$IProvideClassInfo2Impl@$1?CLSID_OPOSItemDispenser@@3U_GUID@@B$1?DIID__IOPOSItemDispenserEvents@@3U2@B$1?LIBID_OposItemDispenser_CCO@@3U2@B$00$0A@VCComTypeInfoHolder@ATL@@@ATL@@UAGJKPAU_GUID@@@Z 10001c22 f i ItemDispenser.obj
 0001:00000c60       ?FAccessAllowed@?$IObjectSafetyImpl@VCOPOSItemDispenser@@$02@ATL@@MAEHXZ 10001c60 f i ItemDispenser.obj
 0001:00000c60       __get_startup_argv_mode    10001c60 f i LIBCMT:argv_mode.obj
 0001:00000c64       ?GetInterfaceSafetyOptions@?$IObjectSafetyImpl@VCOPOSItemDispenser@@$02@ATL@@UAGJABU_GUID@@PAK1@Z 10001c64 f i ItemDispenser.obj
 0001:00000cd8       ?SetInterfaceSafetyOptions@?$IObjectSafetyImpl@VCOPOSItemDispenser@@$02@ATL@@UAGJABU_GUID@@KK@Z 10001cd8 f i ItemDispenser.obj
 0001:00000d52       ?_LocCPQueryInterface@?$IConnectionPointImpl@VCOPOSItemDispenser@@$1?IID_IPropertyNotifySink@@3U_GUID@@BVCComDynamicUnkArray@ATL@@@ATL@@UAGJABU_GUID@@PAPAX@Z 10001d52 f i ItemDispenser.obj
 0001:00000d52       ?_LocCPQueryInterface@?$IConnectionPointImpl@VCOPOSItemDispenser@@$1?DIID__IOPOSItemDispenserEvents@@3U_GUID@@BVCComDynamicUnkArray@ATL@@@ATL@@UAGJABU_GUID@@PAPAX@Z 10001d52 f i ItemDispenser.obj
 0001:00000d9f       ?GetConnectionInterface@?$IConnectionPointImpl@VCOPOSItemDispenser@@$1?IID_IPropertyNotifySink@@3U_GUID@@BVCComDynamicUnkArray@ATL@@@ATL@@UAGJPAU_GUID@@@Z 10001d9f f i ItemDispenser.obj
 0001:00000dc3       ?GetConnectionPointContainer@?$IConnectionPointImpl@VCOPOSItemDispenser@@$1?IID_IPropertyNotifySink@@3U_GUID@@BVCComDynamicUnkArray@ATL@@@ATL@@UAGJPAPAUIConnectionPointContainer@@@Z 10001dc3 f i ItemDispenser.obj
 0001:00000de6       ?Advise@?$IConnectionPointImpl@VCOPOSItemDispenser@@$1?DIID__IOPOSItemDispenserEvents@@3U_GUID@@BVCComDynamicUnkArray@ATL@@@ATL@@UAGJPAUIUnknown@@PAK@Z 10001de6 f i ItemDispenser.obj
 0001:00000de6       ?Advise@?$IConnectionPointImpl@VCOPOSItemDispenser@@$1?IID_IPropertyNotifySink@@3U_GUID@@BVCComDynamicUnkArray@ATL@@@ATL@@UAGJPAUIUnknown@@PAK@Z 10001de6 f i ItemDispenser.obj
 0001:00000e87       ?Unadvise@?$IConnectionPointImpl@VCOPOSItemDispenser@@$1?DIID__IOPOSItemDispenserEvents@@3U_GUID@@BVCComDynamicUnkArray@ATL@@@ATL@@UAGJK@Z 10001e87 f i ItemDispenser.obj
 0001:00000e87       ?Unadvise@?$IConnectionPointImpl@VCOPOSItemDispenser@@$1?IID_IPropertyNotifySink@@3U_GUID@@BVCComDynamicUnkArray@ATL@@@ATL@@UAGJK@Z 10001e87 f i ItemDispenser.obj
 0001:00000ec7       ?EnumConnections@?$IConnectionPointImpl@VCOPOSItemDispenser@@$1?DIID__IOPOSItemDispenserEvents@@3U_GUID@@BVCComDynamicUnkArray@ATL@@@ATL@@UAGJPAPAUIEnumConnections@@@Z 10001ec7 f i ItemDispenser.obj
 0001:00000ec7       ?EnumConnections@?$IConnectionPointImpl@VCOPOSItemDispenser@@$1?IID_IPropertyNotifySink@@3U_GUID@@BVCComDynamicUnkArray@ATL@@@ATL@@UAGJPAPAUIEnumConnections@@@Z 10001ec7 f i ItemDispenser.obj
 0001:00000fcd       ?GetCategoryMap@CComObjectRootBase@ATL@@SAPBU_ATL_CATMAP_ENTRY@2@XZ 10001fcd f i ItemDispenser.obj
 0001:00000fcd       ?GetObjectDescription@?$CComCoClass@VCOPOSItemDispenser@@$1?CLSID_OPOSItemDispenser@@3U_GUID@@B@ATL@@SGPB_WXZ 10001fcd f i ItemDispenser.obj
 0001:00000fd0       ?GetConnectionInterface@?$IConnectionPointImpl@VCOPOSItemDispenser@@$1?DIID__IOPOSItemDispenserEvents@@3U_GUID@@BVCComDynamicUnkArray@ATL@@@ATL@@UAGJPAU_GUID@@@Z 10001fd0 f i ItemDispenser.obj
 0001:00000ff4       ?GetConnectionPointContainer@?$IConnectionPointImpl@VCOPOSItemDispenser@@$1?DIID__IOPOSItemDispenserEvents@@3U_GUID@@BVCComDynamicUnkArray@ATL@@@ATL@@UAGJPAPAUIConnectionPointContainer@@@Z 10001ff4 f i ItemDispenser.obj
 0001:00001017       ?UpdateRegistry@COPOSItemDispenser@@SGJH@Z 10002017 f i ItemDispenser.obj
 0001:0000102f       ?ProcessWindowMessage@COPOSItemDispenser@@UAEHPAUHWND__@@IIJAAJK@Z 1000202f f i ItemDispenser.obj
 0001:00001078       ?SODirectIO@COPOSItemDispenser@@MAGJJPAJPAPA_W@Z 10002078 f i ItemDispenser.obj
 0001:000010c1       ?Freeze@?$IViewObjectExImpl@VCOPOSItemDispenser@@@ATL@@UAGJKJPAXPAK@Z 100020c1 f i ItemDispenser.obj
 0001:000010c1       ?SOErrorDummy@COPOSItemDispenser@@MAGJJJJPAJ@Z 100020c1 f i ItemDispenser.obj
 0001:000010c9       ?SOStatusUpdate@COPOSItemDispenser@@MAGJJ@Z 100020c9 f i ItemDispenser.obj
 0001:00001102       ?CreateInstance@?$CComCreator@V?$CComObjectCached@VCComClassFactory@ATL@@@ATL@@@ATL@@SGJPAXABU_GUID@@PAPAX@Z 10002102 f i ItemDispenser.obj
 0001:00001195       ?CreateInstance@?$CComCreator2@V?$CComCreator@V?$CComObject@VCOPOSItemDispenser@@@ATL@@@ATL@@V?$CComCreator@V?$CComAggObject@VCOPOSItemDispenser@@@ATL@@@2@@ATL@@SGJPAXABU_GUID@@PAPAX@Z 10002195 f i ItemDispenser.obj
 0001:000011b5       ?AddRef@CRegObject@ATL@@UAGKXZ 100021b5 f i ItemDispenser.obj
 0001:000011bb       ?AddReplacement@CRegObject@ATL@@UAGJPB_W0@Z 100021bb f i ItemDispenser.obj
 0001:000011f4       ?ClearReplacements@CRegObject@ATL@@UAGJXZ 100021f4 f i ItemDispenser.obj
 0001:00001206       ??_ECRegObject@ATL@@UAEPAXI@Z 10002206 f i ItemDispenser.obj
 0001:00001206       ??_GCRegObject@ATL@@UAEPAXI@Z 10002206 f i ItemDispenser.obj
 0001:00001228       ?Next@?$CComEnumImpl@UIEnumConnectionPoints@@$1?_GUID_b196b285_bab4_101a_b69c_00aa00341d07@@3U__s_GUID@@BPAUIConnectionPoint@@V?$_CopyInterface@UIConnectionPoint@@@ATL@@@ATL@@UAGJKPAPAUIConnectionPoint@@PAK@Z 10002228 f i ItemDispenser.obj
 0001:000012ff       ?Skip@?$CComEnumImpl@UIEnumConnectionPoints@@$1?_GUID_b196b285_bab4_101a_b69c_00aa00341d07@@3U__s_GUID@@BPAUIConnectionPoint@@V?$_CopyInterface@UIConnectionPoint@@@ATL@@@ATL@@UAGJK@Z 100022ff f i ItemDispenser.obj
 0001:0000132c       ?Reset@?$CComEnumImpl@UIEnumConnectionPoints@@$1?_GUID_b196b285_bab4_101a_b69c_00aa00341d07@@3U__s_GUID@@BPAUIConnectionPoint@@V?$_CopyInterface@UIConnectionPoint@@@ATL@@@ATL@@UAGJXZ 1000232c f i ItemDispenser.obj
 0001:0000132c       ?Reset@?$CComEnumImpl@UIEnumConnections@@$1?_GUID_b196b287_bab4_101a_b69c_00aa00341d07@@3U__s_GUID@@BUtagCONNECTDATA@@V?$_Copy@UtagCONNECTDATA@@@ATL@@@ATL@@UAGJXZ 1000232c f i ItemDispenser.obj
 0001:0000133e       ?Clone@?$CComEnumImpl@UIEnumConnectionPoints@@$1?_GUID_b196b285_bab4_101a_b69c_00aa00341d07@@3U__s_GUID@@BPAUIConnectionPoint@@V?$_CopyInterface@UIConnectionPoint@@@ATL@@@ATL@@UAGJPAPAUIEnumConnectionPoints@@@Z 1000233e f i ItemDispenser.obj
 0001:0000141d       ?AddRef@?$CComObject@V?$CComEnum@UIEnumConnectionPoints@@$1?_GUID_b196b285_bab4_101a_b69c_00aa00341d07@@3U__s_GUID@@BPAUIConnectionPoint@@V?$_CopyInterface@UIConnectionPoint@@@ATL@@VCComSingleThreadModel@6@@ATL@@@ATL@@UAGKXZ 1000241d f i ItemDispenser.obj
 0001:0000141d       ?AddRef@?$CComObject@V?$CComEnum@UIEnumConnections@@$1?_GUID_b196b287_bab4_101a_b69c_00aa00341d07@@3U__s_GUID@@BUtagCONNECTDATA@@V?$_Copy@UtagCONNECTDATA@@@ATL@@VCComSingleThreadModel@6@@ATL@@@ATL@@UAGKXZ 1000241d f i ItemDispenser.obj
 0001:0000142e       ?Release@?$CComObject@V?$CComEnum@UIEnumConnectionPoints@@$1?_GUID_b196b285_bab4_101a_b69c_00aa00341d07@@3U__s_GUID@@BPAUIConnectionPoint@@V?$_CopyInterface@UIConnectionPoint@@@ATL@@VCComSingleThreadModel@6@@ATL@@@ATL@@UAGKXZ 1000242e f i ItemDispenser.obj
 0001:0000142e       ?Release@?$CComObject@V?$CComEnum@UIEnumConnections@@$1?_GUID_b196b287_bab4_101a_b69c_00aa00341d07@@3U__s_GUID@@BUtagCONNECTDATA@@V?$_Copy@UtagCONNECTDATA@@@ATL@@VCComSingleThreadModel@6@@ATL@@@ATL@@UAGKXZ 1000242e f i ItemDispenser.obj
 0001:0000146a       ?QueryInterface@?$CComObject@V?$CComEnum@UIEnumConnectionPoints@@$1?_GUID_b196b285_bab4_101a_b69c_00aa00341d07@@3U__s_GUID@@BPAUIConnectionPoint@@V?$_CopyInterface@UIConnectionPoint@@@ATL@@VCComSingleThreadModel@6@@ATL@@@ATL@@UAGJABU_GUID@@PAPAX@Z 1000246a f i ItemDispenser.obj
 0001:00001484       ??_E?$CComObject@V?$CComEnum@UIEnumConnectionPoints@@$1?_GUID_b196b285_bab4_101a_b69c_00aa00341d07@@3U__s_GUID@@BPAUIConnectionPoint@@V?$_CopyInterface@UIConnectionPoint@@@ATL@@VCComSingleThreadModel@6@@ATL@@@ATL@@UAEPAXI@Z 10002484 f i ItemDispenser.obj
 0001:00001484       ??_G?$CComObject@V?$CComEnum@UIEnumConnectionPoints@@$1?_GUID_b196b285_bab4_101a_b69c_00aa00341d07@@3U__s_GUID@@BPAUIConnectionPoint@@V?$_CopyInterface@UIConnectionPoint@@@ATL@@VCComSingleThreadModel@6@@ATL@@@ATL@@UAEPAXI@Z 10002484 f i ItemDispenser.obj
 0001:000014a6       ?AddRef@?$CComObjectCached@VCComClassFactory@ATL@@@ATL@@UAGKXZ 100024a6 f i ItemDispenser.obj
 0001:000014cd       ?Release@?$CComObjectCached@VCComClassFactory@ATL@@@ATL@@UAGKXZ 100024cd f i ItemDispenser.obj
 0001:00001503       ?QueryInterface@?$CComObjectCached@VCComClassFactory@ATL@@@ATL@@UAGJABU_GUID@@PAPAX@Z 10002503 f i ItemDispenser.obj
 0001:0000151d       ??_G?$CComObjectCached@VCComClassFactory@ATL@@@ATL@@UAEPAXI@Z 1000251d f i ItemDispenser.obj
 0001:0000151d       ??_E?$CComObjectCached@VCComClassFactory@ATL@@@ATL@@UAEPAXI@Z 1000251d f i ItemDispenser.obj
 0001:0000153f       ?AddRef@?$CComAggObject@VCOPOSItemDispenser@@@ATL@@UAGKXZ 1000253f f i ItemDispenser.obj
 0001:00001550       ?Release@?$CComAggObject@VCOPOSItemDispenser@@@ATL@@UAGKXZ 10002550 f i ItemDispenser.obj
 0001:0000158c       ?QueryInterface@?$CComAggObject@VCOPOSItemDispenser@@@ATL@@UAGJABU_GUID@@PAPAX@Z 1000258c f i ItemDispenser.obj
 0001:000015db       ?AddRef@?$CComContainedObject@VCOPOSItemDispenser@@@ATL@@UAGKXZ 100025db f i ItemDispenser.obj
 0001:000015f1       ?Release@?$CComContainedObject@VCOPOSItemDispenser@@@ATL@@UAGKXZ 100025f1 f i ItemDispenser.obj
 0001:00001607       ?QueryInterface@?$CComContainedObject@VCOPOSItemDispenser@@@ATL@@UAGJABU_GUID@@PAPAX@Z 10002607 f i ItemDispenser.obj
 0001:00001622       ??_E?$CComAggObject@VCOPOSItemDispenser@@@ATL@@UAEPAXI@Z 10002622 f i ItemDispenser.obj
 0001:00001622       ??_G?$CComAggObject@VCOPOSItemDispenser@@@ATL@@UAEPAXI@Z 10002622 f i ItemDispenser.obj
 0001:00001647       ?AddRef@?$CComObject@VCOPOSItemDispenser@@@ATL@@UAGKXZ 10002647 f i ItemDispenser.obj
 0001:0000165e       ?Release@?$CComObject@VCOPOSItemDispenser@@@ATL@@UAGKXZ 1000265e f i ItemDispenser.obj
 0001:000016a0       ?QueryInterface@?$CComObject@VCOPOSItemDispenser@@@ATL@@UAGJABU_GUID@@PAPAX@Z 100026a0 f i ItemDispenser.obj
 0001:000016ba       ?OnFinalMessage@?$CWindowImplBaseT@VCWindow@ATL@@V?$CWinTraits@$0FGAAAAAA@$0A@@2@@ATL@@UAEXPAUHWND__@@@Z 100026ba f i ItemDispenser.obj
 0001:000016ba       ?ObjectMain@CComObjectRootBase@ATL@@SGX_N@Z 100026ba f i ItemDispenser.obj
 0001:000016bd       ?OnDrawAdvanced@CComControlBase@ATL@@UAEJAAUATL_DRAWINFO@@@Z 100026bd f i ItemDispenser.obj
 0001:000017ac       ?CreateInstance@CComClassFactory@ATL@@UAGJPAUIUnknown@@ABU_GUID@@PAPAX@Z 100027ac f i ItemDispenser.obj
 0001:000017ea       ?LockServer@CComClassFactory@ATL@@UAGJH@Z 100027ea f i ItemDispenser.obj
 0001:00001809       ??_ECComClassFactory@ATL@@UAEPAXI@Z 10002809 f i ItemDispenser.obj
 0001:00001809       ??_GCComClassFactory@ATL@@UAEPAXI@Z 10002809 f i ItemDispenser.obj
 0001:00001834       ?Next@?$CComEnumImpl@UIEnumConnections@@$1?_GUID_b196b287_bab4_101a_b69c_00aa00341d07@@3U__s_GUID@@BUtagCONNECTDATA@@V?$_Copy@UtagCONNECTDATA@@@ATL@@@ATL@@UAGJKPAUtagCONNECTDATA@@PAK@Z 10002834 f i ItemDispenser.obj
 0001:0000190b       ?Skip@?$CComEnumImpl@UIEnumConnections@@$1?_GUID_b196b287_bab4_101a_b69c_00aa00341d07@@3U__s_GUID@@BUtagCONNECTDATA@@V?$_Copy@UtagCONNECTDATA@@@ATL@@@ATL@@UAGJK@Z 1000290b f i ItemDispenser.obj
 0001:00001938       ?Clone@?$CComEnumImpl@UIEnumConnections@@$1?_GUID_b196b287_bab4_101a_b69c_00aa00341d07@@3U__s_GUID@@BUtagCONNECTDATA@@V?$_Copy@UtagCONNECTDATA@@@ATL@@@ATL@@UAGJPAPAUIEnumConnections@@@Z 10002938 f i ItemDispenser.obj
 0001:00001a17       ?QueryInterface@?$CComObject@V?$CComEnum@UIEnumConnections@@$1?_GUID_b196b287_bab4_101a_b69c_00aa00341d07@@3U__s_GUID@@BUtagCONNECTDATA@@V?$_Copy@UtagCONNECTDATA@@@ATL@@VCComSingleThreadModel@6@@ATL@@@ATL@@UAGJABU_GUID@@PAPAX@Z 10002a17 f i ItemDispenser.obj
 0001:00001a31       ??_E?$CComObject@V?$CComEnum@UIEnumConnections@@$1?_GUID_b196b287_bab4_101a_b69c_00aa00341d07@@3U__s_GUID@@BUtagCONNECTDATA@@V?$_Copy@UtagCONNECTDATA@@@ATL@@VCComSingleThreadModel@6@@ATL@@@ATL@@UAEPAXI@Z 10002a31 f i ItemDispenser.obj
 0001:00001a31       ??_G?$CComObject@V?$CComEnum@UIEnumConnections@@$1?_GUID_b196b287_bab4_101a_b69c_00aa00341d07@@3U__s_GUID@@BUtagCONNECTDATA@@V?$_Copy@UtagCONNECTDATA@@@ATL@@VCComSingleThreadModel@6@@ATL@@@ATL@@UAEPAXI@Z 10002a31 f i ItemDispenser.obj
 0001:00001a53       ??_E?$CComObject@VCOPOSItemDispenser@@@ATL@@W3AEPAXI@Z 10002a53 f i ItemDispenser.obj
 0001:00001a5b       ??_E?$CComObject@VCOPOSItemDispenser@@@ATL@@WEM@AEPAXI@Z 10002a5b f i ItemDispenser.obj
 0001:00001a63       ?QueryInterface@?$CComObject@VCOPOSItemDispenser@@@ATL@@WHA@AGJABU_GUID@@PAPAX@Z 10002a63 f i ItemDispenser.obj
 0001:00001a6d       ?AddRef@?$CComObject@VCOPOSItemDispenser@@@ATL@@WHA@AGKXZ 10002a6d f i ItemDispenser.obj
 0001:00001a77       ?Release@?$CComObject@VCOPOSItemDispenser@@@ATL@@WHA@AGKXZ 10002a77 f i ItemDispenser.obj
 0001:00001a81       ?QueryInterface@?$CComObject@VCOPOSItemDispenser@@@ATL@@WHE@AGJABU_GUID@@PAPAX@Z 10002a81 f i ItemDispenser.obj
 0001:00001a8b       ?AddRef@?$CComObject@VCOPOSItemDispenser@@@ATL@@WHE@AGKXZ 10002a8b f i ItemDispenser.obj
 0001:00001a95       ?Release@?$CComObject@VCOPOSItemDispenser@@@ATL@@WHE@AGKXZ 10002a95 f i ItemDispenser.obj
 0001:00001a9f       ?QueryInterface@?$CComObject@VCOPOSItemDispenser@@@ATL@@WHI@AGJABU_GUID@@PAPAX@Z 10002a9f f i ItemDispenser.obj
 0001:00001aa9       ?AddRef@?$CComObject@VCOPOSItemDispenser@@@ATL@@WHI@AGKXZ 10002aa9 f i ItemDispenser.obj
 0001:00001ab3       ?Release@?$CComObject@VCOPOSItemDispenser@@@ATL@@WHI@AGKXZ 10002ab3 f i ItemDispenser.obj
 0001:00001abd       ?QueryInterface@?$CComObject@VCOPOSItemDispenser@@@ATL@@WHM@AGJABU_GUID@@PAPAX@Z 10002abd f i ItemDispenser.obj
 0001:00001ac7       ?AddRef@?$CComObject@VCOPOSItemDispenser@@@ATL@@WHM@AGKXZ 10002ac7 f i ItemDispenser.obj
 0001:00001ad1       ?Release@?$CComObject@VCOPOSItemDispenser@@@ATL@@WHM@AGKXZ 10002ad1 f i ItemDispenser.obj
 0001:00001adb       ?QueryInterface@?$CComObject@VCOPOSItemDispenser@@@ATL@@WIA@AGJABU_GUID@@PAPAX@Z 10002adb f i ItemDispenser.obj
 0001:00001ae8       ?AddRef@?$CComObject@VCOPOSItemDispenser@@@ATL@@WIA@AGKXZ 10002ae8 f i ItemDispenser.obj
 0001:00001af5       ?Release@?$CComObject@VCOPOSItemDispenser@@@ATL@@WIA@AGKXZ 10002af5 f i ItemDispenser.obj
 0001:00001b02       ?QueryInterface@?$CComObject@VCOPOSItemDispenser@@@ATL@@WIE@AGJABU_GUID@@PAPAX@Z 10002b02 f i ItemDispenser.obj
 0001:00001b0f       ?AddRef@?$CComObject@VCOPOSItemDispenser@@@ATL@@WIE@AGKXZ 10002b0f f i ItemDispenser.obj
 0001:00001b1c       ?Release@?$CComObject@VCOPOSItemDispenser@@@ATL@@WIE@AGKXZ 10002b1c f i ItemDispenser.obj
 0001:00001b29       ?QueryInterface@?$CComObject@VCOPOSItemDispenser@@@ATL@@WII@AGJABU_GUID@@PAPAX@Z 10002b29 f i ItemDispenser.obj
 0001:00001b36       ?AddRef@?$CComObject@VCOPOSItemDispenser@@@ATL@@WII@AGKXZ 10002b36 f i ItemDispenser.obj
 0001:00001b43       ?Release@?$CComObject@VCOPOSItemDispenser@@@ATL@@WII@AGKXZ 10002b43 f i ItemDispenser.obj
 0001:00001b50       ?QueryInterface@?$CComObject@VCOPOSItemDispenser@@@ATL@@WIM@AGJABU_GUID@@PAPAX@Z 10002b50 f i ItemDispenser.obj
 0001:00001b5d       ?AddRef@?$CComObject@VCOPOSItemDispenser@@@ATL@@WIM@AGKXZ 10002b5d f i ItemDispenser.obj
 0001:00001b6a       ?Release@?$CComObject@VCOPOSItemDispenser@@@ATL@@WIM@AGKXZ 10002b6a f i ItemDispenser.obj
 0001:00001b77       ?QueryInterface@?$CComObject@VCOPOSItemDispenser@@@ATL@@WJA@AGJABU_GUID@@PAPAX@Z 10002b77 f i ItemDispenser.obj
 0001:00001b84       ?AddRef@?$CComObject@VCOPOSItemDispenser@@@ATL@@WJA@AGKXZ 10002b84 f i ItemDispenser.obj
 0001:00001b91       ?Release@?$CComObject@VCOPOSItemDispenser@@@ATL@@WJA@AGKXZ 10002b91 f i ItemDispenser.obj
 0001:00001b9e       ?QueryInterface@?$CComObject@VCOPOSItemDispenser@@@ATL@@WJE@AGJABU_GUID@@PAPAX@Z 10002b9e f i ItemDispenser.obj
 0001:00001bab       ?AddRef@?$CComObject@VCOPOSItemDispenser@@@ATL@@WJE@AGKXZ 10002bab f i ItemDispenser.obj
 0001:00001bb8       ?Release@?$CComObject@VCOPOSItemDispenser@@@ATL@@WJE@AGKXZ 10002bb8 f i ItemDispenser.obj
 0001:00001bc5       ?QueryInterface@?$CComObject@VCOPOSItemDispenser@@@ATL@@WJI@AGJABU_GUID@@PAPAX@Z 10002bc5 f i ItemDispenser.obj
 0001:00001bd2       ?AddRef@?$CComObject@VCOPOSItemDispenser@@@ATL@@WJI@AGKXZ 10002bd2 f i ItemDispenser.obj
 0001:00001bdf       ?Release@?$CComObject@VCOPOSItemDispenser@@@ATL@@WJI@AGKXZ 10002bdf f i ItemDispenser.obj
 0001:00001bec       ?QueryInterface@?$CComObject@VCOPOSItemDispenser@@@ATL@@WJM@AGJABU_GUID@@PAPAX@Z 10002bec f i ItemDispenser.obj
 0001:00001bf9       ?AddRef@?$CComObject@VCOPOSItemDispenser@@@ATL@@WJM@AGKXZ 10002bf9 f i ItemDispenser.obj
 0001:00001c06       ?Release@?$CComObject@VCOPOSItemDispenser@@@ATL@@WJM@AGKXZ 10002c06 f i ItemDispenser.obj
 0001:00001c13       ?QueryInterface@?$CComObject@VCOPOSItemDispenser@@@ATL@@WKA@AGJABU_GUID@@PAPAX@Z 10002c13 f i ItemDispenser.obj
 0001:00001c20       ?AddRef@?$CComObject@VCOPOSItemDispenser@@@ATL@@WKA@AGKXZ 10002c20 f i ItemDispenser.obj
 0001:00001c2d       ?Release@?$CComObject@VCOPOSItemDispenser@@@ATL@@WKA@AGKXZ 10002c2d f i ItemDispenser.obj
 0001:00001c3a       ?AddRef@?$CComObject@VCOPOSItemDispenser@@@ATL@@WKI@AGKXZ 10002c3a f i ItemDispenser.obj
 0001:00001c47       ?Release@?$CComObject@VCOPOSItemDispenser@@@ATL@@WKI@AGKXZ 10002c47 f i ItemDispenser.obj
 0001:00001c54       ?AddRef@?$CComObject@VCOPOSItemDispenser@@@ATL@@WLE@AGKXZ 10002c54 f i ItemDispenser.obj
 0001:00001c61       ?Release@?$CComObject@VCOPOSItemDispenser@@@ATL@@WLE@AGKXZ 10002c61 f i ItemDispenser.obj
 0001:00001c6e       ??_E?$CComContainedObject@VCOPOSItemDispenser@@@ATL@@W3AEPAXI@Z 10002c6e f i ItemDispenser.obj
 0001:00001c76       ??_E?$CComContainedObject@VCOPOSItemDispenser@@@ATL@@WEM@AEPAXI@Z 10002c76 f i ItemDispenser.obj
 0001:00001c7e       ?QueryInterface@?$CComContainedObject@VCOPOSItemDispenser@@@ATL@@WHA@AGJABU_GUID@@PAPAX@Z 10002c7e f i ItemDispenser.obj
 0001:00001c88       ?AddRef@?$CComContainedObject@VCOPOSItemDispenser@@@ATL@@WHA@AGKXZ 10002c88 f i ItemDispenser.obj
 0001:00001c92       ?Release@?$CComContainedObject@VCOPOSItemDispenser@@@ATL@@WHA@AGKXZ 10002c92 f i ItemDispenser.obj
 0001:00001c9c       ?QueryInterface@?$CComContainedObject@VCOPOSItemDispenser@@@ATL@@WHE@AGJABU_GUID@@PAPAX@Z 10002c9c f i ItemDispenser.obj
 0001:00001ca6       ?AddRef@?$CComContainedObject@VCOPOSItemDispenser@@@ATL@@WHE@AGKXZ 10002ca6 f i ItemDispenser.obj
 0001:00001cb0       ?Release@?$CComContainedObject@VCOPOSItemDispenser@@@ATL@@WHE@AGKXZ 10002cb0 f i ItemDispenser.obj
 0001:00001cba       ?QueryInterface@?$CComContainedObject@VCOPOSItemDispenser@@@ATL@@WHI@AGJABU_GUID@@PAPAX@Z 10002cba f i ItemDispenser.obj
 0001:00001cc4       ?AddRef@?$CComContainedObject@VCOPOSItemDispenser@@@ATL@@WHI@AGKXZ 10002cc4 f i ItemDispenser.obj
 0001:00001cce       ?Release@?$CComContainedObject@VCOPOSItemDispenser@@@ATL@@WHI@AGKXZ 10002cce f i ItemDispenser.obj
 0001:00001cd8       ?QueryInterface@?$CComContainedObject@VCOPOSItemDispenser@@@ATL@@WHM@AGJABU_GUID@@PAPAX@Z 10002cd8 f i ItemDispenser.obj
 0001:00001ce2       ?AddRef@?$CComContainedObject@VCOPOSItemDispenser@@@ATL@@WHM@AGKXZ 10002ce2 f i ItemDispenser.obj
 0001:00001cec       ?Release@?$CComContainedObject@VCOPOSItemDispenser@@@ATL@@WHM@AGKXZ 10002cec f i ItemDispenser.obj
 0001:00001cf6       ?QueryInterface@?$CComContainedObject@VCOPOSItemDispenser@@@ATL@@WIA@AGJABU_GUID@@PAPAX@Z 10002cf6 f i ItemDispenser.obj
 0001:00001d03       ?AddRef@?$CComContainedObject@VCOPOSItemDispenser@@@ATL@@WIA@AGKXZ 10002d03 f i ItemDispenser.obj
 0001:00001d10       ?Release@?$CComContainedObject@VCOPOSItemDispenser@@@ATL@@WIA@AGKXZ 10002d10 f i ItemDispenser.obj
 0001:00001d1d       ?QueryInterface@?$CComContainedObject@VCOPOSItemDispenser@@@ATL@@WIE@AGJABU_GUID@@PAPAX@Z 10002d1d f i ItemDispenser.obj
 0001:00001d2a       ?AddRef@?$CComContainedObject@VCOPOSItemDispenser@@@ATL@@WIE@AGKXZ 10002d2a f i ItemDispenser.obj
 0001:00001d37       ?Release@?$CComContainedObject@VCOPOSItemDispenser@@@ATL@@WIE@AGKXZ 10002d37 f i ItemDispenser.obj
 0001:00001d44       ?QueryInterface@?$CComContainedObject@VCOPOSItemDispenser@@@ATL@@WII@AGJABU_GUID@@PAPAX@Z 10002d44 f i ItemDispenser.obj
 0001:00001d51       ?AddRef@?$CComContainedObject@VCOPOSItemDispenser@@@ATL@@WII@AGKXZ 10002d51 f i ItemDispenser.obj
 0001:00001d5e       ?Release@?$CComContainedObject@VCOPOSItemDispenser@@@ATL@@WII@AGKXZ 10002d5e f i ItemDispenser.obj
 0001:00001d6b       ?QueryInterface@?$CComContainedObject@VCOPOSItemDispenser@@@ATL@@WIM@AGJABU_GUID@@PAPAX@Z 10002d6b f i ItemDispenser.obj
 0001:00001d78       ?AddRef@?$CComContainedObject@VCOPOSItemDispenser@@@ATL@@WIM@AGKXZ 10002d78 f i ItemDispenser.obj
 0001:00001d85       ?Release@?$CComContainedObject@VCOPOSItemDispenser@@@ATL@@WIM@AGKXZ 10002d85 f i ItemDispenser.obj
 0001:00001d92       ?QueryInterface@?$CComContainedObject@VCOPOSItemDispenser@@@ATL@@WJA@AGJABU_GUID@@PAPAX@Z 10002d92 f i ItemDispenser.obj
 0001:00001d9f       ?AddRef@?$CComContainedObject@VCOPOSItemDispenser@@@ATL@@WJA@AGKXZ 10002d9f f i ItemDispenser.obj
 0001:00001dac       ?Release@?$CComContainedObject@VCOPOSItemDispenser@@@ATL@@WJA@AGKXZ 10002dac f i ItemDispenser.obj
 0001:00001db9       ?QueryInterface@?$CComContainedObject@VCOPOSItemDispenser@@@ATL@@WJE@AGJABU_GUID@@PAPAX@Z 10002db9 f i ItemDispenser.obj
 0001:00001dc6       ?AddRef@?$CComContainedObject@VCOPOSItemDispenser@@@ATL@@WJE@AGKXZ 10002dc6 f i ItemDispenser.obj
 0001:00001dd3       ?Release@?$CComContainedObject@VCOPOSItemDispenser@@@ATL@@WJE@AGKXZ 10002dd3 f i ItemDispenser.obj
 0001:00001de0       ?QueryInterface@?$CComContainedObject@VCOPOSItemDispenser@@@ATL@@WJI@AGJABU_GUID@@PAPAX@Z 10002de0 f i ItemDispenser.obj
 0001:00001ded       ?AddRef@?$CComContainedObject@VCOPOSItemDispenser@@@ATL@@WJI@AGKXZ 10002ded f i ItemDispenser.obj
 0001:00001dfa       ?Release@?$CComContainedObject@VCOPOSItemDispenser@@@ATL@@WJI@AGKXZ 10002dfa f i ItemDispenser.obj
 0001:00001e07       ?QueryInterface@?$CComContainedObject@VCOPOSItemDispenser@@@ATL@@WJM@AGJABU_GUID@@PAPAX@Z 10002e07 f i ItemDispenser.obj
 0001:00001e14       ?AddRef@?$CComContainedObject@VCOPOSItemDispenser@@@ATL@@WJM@AGKXZ 10002e14 f i ItemDispenser.obj
 0001:00001e21       ?Release@?$CComContainedObject@VCOPOSItemDispenser@@@ATL@@WJM@AGKXZ 10002e21 f i ItemDispenser.obj
 0001:00001e2e       ?QueryInterface@?$CComContainedObject@VCOPOSItemDispenser@@@ATL@@WKA@AGJABU_GUID@@PAPAX@Z 10002e2e f i ItemDispenser.obj
 0001:00001e3b       ?AddRef@?$CComContainedObject@VCOPOSItemDispenser@@@ATL@@WKA@AGKXZ 10002e3b f i ItemDispenser.obj
 0001:00001e48       ?Release@?$CComContainedObject@VCOPOSItemDispenser@@@ATL@@WKA@AGKXZ 10002e48 f i ItemDispenser.obj
 0001:00001e55       ?AddRef@?$CComContainedObject@VCOPOSItemDispenser@@@ATL@@WKI@AGKXZ 10002e55 f i ItemDispenser.obj
 0001:00001e62       ?Release@?$CComContainedObject@VCOPOSItemDispenser@@@ATL@@WKI@AGKXZ 10002e62 f i ItemDispenser.obj
 0001:00001e6f       ?AddRef@?$CComContainedObject@VCOPOSItemDispenser@@@ATL@@WLE@AGKXZ 10002e6f f i ItemDispenser.obj
 0001:00001e7c       ?Release@?$CComContainedObject@VCOPOSItemDispenser@@@ATL@@WLE@AGKXZ 10002e7c f i ItemDispenser.obj
 0001:00001e89       ?Lock@CAtlModule@ATL@@UAEJXZ 10002e89 f i ItemDispenser.obj
 0001:00001e93       ?Unlock@CAtlModule@ATL@@UAEJXZ 10002e93 f i ItemDispenser.obj
 0001:00001e9d       ?GetLockCount@CAtlModule@ATL@@UAEJXZ 10002e9d f i ItemDispenser.obj
 0001:00001ea1       ?GetGITPtr@CAtlModule@ATL@@UAEJPAPAUIGlobalInterfaceTable@@@Z 10002ea1 f i ItemDispenser.obj
 0001:00001eed       ?GetWindowProc@?$CWindowImplBaseT@VCWindow@ATL@@V?$CWinTraits@$0FGAAAAAA@$0A@@2@@ATL@@UAEP6GJPAUHWND__@@IIJ@ZXZ 10002eed f i ItemDispenser.obj
 0001:00001ef3       ?StartWindowProc@?$CWindowImplBaseT@VCWindow@ATL@@V?$CWinTraits@$0FGAAAAAA@$0A@@2@@ATL@@SGJPAUHWND__@@IIJ@Z 10002ef3 f i ItemDispenser.obj
 0001:00001f47       ?GetTypeInfoCount@?$IDispatchImpl@UIOPOSItemDispenser@@$1?IID_IOPOSItemDispenser@@3U_GUID@@B$1?LIBID_OposItemDispenser_CCO@@3U3@B$00$0A@VCComTypeInfoHolder@ATL@@@ATL@@UAGJPAI@Z 10002f47 f i ItemDispenser.obj
 0001:00001f64       ?GetTypeInfo@?$IDispatchImpl@UIOPOSItemDispenser@@$1?IID_IOPOSItemDispenser@@3U_GUID@@B$1?LIBID_OposItemDispenser_CCO@@3U3@B$00$0A@VCComTypeInfoHolder@ATL@@@ATL@@UAGJIKPAPAUITypeInfo@@@Z 10002f64 f i ItemDispenser.obj
 0001:00001f88       ?GetIDsOfNames@?$IDispatchImpl@UIOPOSItemDispenser@@$1?IID_IOPOSItemDispenser@@3U_GUID@@B$1?LIBID_OposItemDispenser_CCO@@3U3@B$00$0A@VCComTypeInfoHolder@ATL@@@ATL@@UAGJABU_GUID@@PAPA_WIKPAJ@Z 10002f88 f i ItemDispenser.obj
 0001:00001fa8       ?AddCommonRGSReplacements@?$CAtlModuleT@VCComModule@ATL@@@ATL@@UAEJPAUIRegistrarBase@@@Z 10002fa8 f i ItemDispenser.obj
 0001:00001fc2       ?Invoke@?$IDispatchImpl@UIOPOSItemDispenser@@$1?IID_IOPOSItemDispenser@@3U_GUID@@B$1?LIBID_OposItemDispenser_CCO@@3U3@B$00$0A@VCComTypeInfoHolder@ATL@@@ATL@@UAGJJABU_GUID@@KGPAUtagDISPPARAMS@@PAUtagVARIANT@@PAUtagEXCEPINFO@@PAI@Z 10002fc2 f i ItemDispenser.obj
 0001:00001fd0       ?CreateControlWindow@?$CComControl@VCOPOSItemDispenser@@V?$CWindowImpl@VCOPOSItemDispenser@@VCWindow@ATL@@V?$CWinTraits@$0FGAAAAAA@$0A@@3@@ATL@@@ATL@@UAEPAUHWND__@@PAU3@AAUtagRECT@@@Z 10002fd0 f i ItemDispenser.obj
 0001:00001fff       ?ControlQueryInterface@?$CComControl@VCOPOSItemDispenser@@V?$CWindowImpl@VCOPOSItemDispenser@@VCWindow@ATL@@V?$CWinTraits@$0FGAAAAAA@$0A@@3@@ATL@@@ATL@@UAEJABU_GUID@@PAPAX@Z 10002fff f i ItemDispenser.obj
 0001:0000201a       ?UpdateRegistryFromResourceD@CComModule@ATL@@UAGJIHPAU_ATL_REGMAP_ENTRY@2@@Z 1000301a f i ItemDispenser.obj
 0001:0000201a       ?UpdateRegistryFromResourceD@CComModule@ATL@@UAGJPB_WHPAU_ATL_REGMAP_ENTRY@2@@Z 1000301a f i ItemDispenser.obj
 0001:00002022       ?UpdateRegistryFromResource@CComModule@ATL@@UAGJPB_WHPAU_ATL_REGMAP_ENTRY@2@@Z 10003022 f i ItemDispenser.obj
 0001:0000202b       ?UpdateRegistryFromResource@CComModule@ATL@@UAGJIHPAU_ATL_REGMAP_ENTRY@2@@Z 1000302b f i ItemDispenser.obj
 0001:00002034       ?IsDirty@?$IPersistStreamInitImpl@VCOPOSItemDispenser@@@ATL@@UAGJXZ 10003034 f i ItemDispenser.obj
 0001:00002053       ?Load@?$IPersistStreamInitImpl@VCOPOSItemDispenser@@@ATL@@UAGJPAUIStream@@@Z 10003053 f i ItemDispenser.obj
 0001:00002072       ?Save@?$IPersistStreamInitImpl@VCOPOSItemDispenser@@@ATL@@UAGJPAUIStream@@H@Z 10003072 f i ItemDispenser.obj
 0001:00002094       ?GetSizeMax@?$IPersistStreamInitImpl@VCOPOSItemDispenser@@@ATL@@UAGJPAT_ULARGE_INTEGER@@@Z 10003094 f i ItemDispenser.obj
 0001:00002249       ?InitNew@?$IPersistStreamInitImpl@VCOPOSItemDispenser@@@ATL@@UAGJXZ 10003249 f i ItemDispenser.obj
 0001:00002266       ?SetClientSite@?$IOleObjectImpl@VCOPOSItemDispenser@@@ATL@@UAGJPAUIOleClientSite@@@Z 10003266 f i ItemDispenser.obj
 0001:00002283       ?GetClientSite@?$IOleObjectImpl@VCOPOSItemDispenser@@@ATL@@UAGJPAPAUIOleClientSite@@@Z 10003283 f i ItemDispenser.obj
 0001:000022a0       ?SetHostNames@?$IOleObjectImpl@VCOPOSItemDispenser@@@ATL@@UAGJPB_W0@Z 100032a0 f i ItemDispenser.obj
 0001:000022a5       ?Close@?$IOleObjectImpl@VCOPOSItemDispenser@@@ATL@@UAGJK@Z 100032a5 f i ItemDispenser.obj
 0001:000022c2       ??_GCComModule@ATL@@UAEPAXI@Z 100032c2 f i ItemDispenser.obj
 0001:000022c2       ??_ECComModule@ATL@@UAEPAXI@Z 100032c2 f i ItemDispenser.obj
 0001:000022ea       ?DoVerb@?$IOleObjectImpl@VCOPOSItemDispenser@@@ATL@@UAGJJPAUtagMSG@@PAUIOleClientSite@@JPAUHWND__@@PBUtagRECT@@@Z 100032ea f i ItemDispenser.obj
 0001:00002402       ?EnumVerbs@?$IOleObjectImpl@VCOPOSItemDispenser@@@ATL@@UAGJPAPAUIEnumOLEVERB@@@Z 10003402 f i ItemDispenser.obj
 0001:00002424       ?GetUserType@?$IOleObjectImpl@VCOPOSItemDispenser@@@ATL@@UAGJKPAPA_W@Z 10003424 f i ItemDispenser.obj
 0001:0000243c       ?SetExtent@?$IOleObjectImpl@VCOPOSItemDispenser@@@ATL@@UAGJKPAUtagSIZE@@@Z 1000343c f i ItemDispenser.obj
 0001:0000245c       ?GetExtent@?$IOleObjectImpl@VCOPOSItemDispenser@@@ATL@@UAGJKPAUtagSIZE@@@Z 1000345c f i ItemDispenser.obj
 0001:0000249a       ?Advise@?$IOleObjectImpl@VCOPOSItemDispenser@@@ATL@@UAGJPAUIAdviseSink@@PAK@Z 1000349a f i ItemDispenser.obj
 0001:000024ba       ?Unadvise@?$IOleObjectImpl@VCOPOSItemDispenser@@@ATL@@UAGJK@Z 100034ba f i ItemDispenser.obj
 0001:000024e9       ?EnumAdvise@?$IOleObjectImpl@VCOPOSItemDispenser@@@ATL@@UAGJPAPAUIEnumSTATDATA@@@Z 100034e9 f i ItemDispenser.obj
 0001:00002529       ?GetMiscStatus@?$IOleObjectImpl@VCOPOSItemDispenser@@@ATL@@UAGJKPAK@Z 10003529 f i ItemDispenser.obj
 0001:00002541       ?GetWindow@?$IOleInPlaceActiveObjectImpl@VCOPOSItemDispenser@@@ATL@@UAGJPAPAUHWND__@@@Z 10003541 f i ItemDispenser.obj
 0001:0000258e       ?TranslateAcceleratorW@?$IOleInPlaceActiveObjectImpl@VCOPOSItemDispenser@@@ATL@@UAGJPAUtagMSG@@@Z 1000358e f i ItemDispenser.obj
 0001:0000262c       ?OnDocWindowActivate@?$IOleInPlaceActiveObjectImpl@VCOPOSItemDispenser@@@ATL@@UAGJH@Z 1000362c f i ItemDispenser.obj
 0001:0000264e       ?ResizeBorder@?$IOleInPlaceActiveObjectImpl@VCOPOSItemDispenser@@@ATL@@UAGJPBUtagRECT@@PAUIOleInPlaceUIWindow@@H@Z 1000364e f i ItemDispenser.obj
 0001:00002653       ?Draw@?$IViewObjectExImpl@VCOPOSItemDispenser@@@ATL@@UAGJKJPAXPAUtagDVTARGETDEVICE@@PAUHDC__@@2PBU_RECTL@@3P6GHK@ZK@Z 10003653 f i ItemDispenser.obj
 0001:00002685       ?GetColorSet@?$IViewObjectExImpl@VCOPOSItemDispenser@@@ATL@@UAGJKJPAXPAUtagDVTARGETDEVICE@@PAUHDC__@@PAPAUtagLOGPALETTE@@@Z 10003685 f i ItemDispenser.obj
 0001:0000268d       ?SetAdvise@?$IViewObjectExImpl@VCOPOSItemDispenser@@@ATL@@UAGJKKPAUIAdviseSink@@@Z 1000368d f i ItemDispenser.obj
 0001:000026ac       ?GetAdvise@?$IViewObjectExImpl@VCOPOSItemDispenser@@@ATL@@UAGJPAK0PAPAUIAdviseSink@@@Z 100036ac f i ItemDispenser.obj
 0001:000026e1       ?GetExtent@?$IViewObjectExImpl@VCOPOSItemDispenser@@@ATL@@UAGJKJPAUtagDVTARGETDEVICE@@PAUtagSIZE@@@Z 100036e1 f i ItemDispenser.obj
 0001:00002712       ?GetViewStatus@?$IViewObjectExImpl@VCOPOSItemDispenser@@@ATL@@UAGJPAK@Z 10003712 f i ItemDispenser.obj
 0001:0000272f       ?QueryHitPoint@?$IViewObjectExImpl@VCOPOSItemDispenser@@@ATL@@UAGJKPBUtagRECT@@UtagPOINT@@JPAK@Z 1000372f f i ItemDispenser.obj
 0001:00002770       ?QueryHitRect@?$IViewObjectExImpl@VCOPOSItemDispenser@@@ATL@@UAGJKPBUtagRECT@@0JPAK@Z 10003770 f i ItemDispenser.obj
 0001:000027cb       ?GetNaturalExtent@?$IViewObjectExImpl@VCOPOSItemDispenser@@@ATL@@UAGJKJPAUtagDVTARGETDEVICE@@PAUHDC__@@PAUtagExtentInfo@@PAUtagSIZE@@@Z 100037cb f i ItemDispenser.obj
 0001:00002816       ?GetWindow@?$IOleInPlaceObjectWindowlessImpl@VCOPOSItemDispenser@@@ATL@@UAGJPAPAUHWND__@@@Z 10003816 f i ItemDispenser.obj
 0001:00002863       ?InPlaceDeactivate@?$IOleInPlaceObjectWindowlessImpl@VCOPOSItemDispenser@@@ATL@@UAGJXZ 10003863 f i ItemDispenser.obj
 0001:0000287d       ?UIDeactivate@?$IOleInPlaceObjectWindowlessImpl@VCOPOSItemDispenser@@@ATL@@UAGJXZ 1000387d f i ItemDispenser.obj
 0001:00002897       ??$?4UITypeInfo2@@@?$CComPtr@UITypeInfo@@@ATL@@QAEPAUITypeInfo@@ABV?$CComPtr@UITypeInfo2@@@1@@Z 10003897 f i ItemDispenser.obj
 0001:000028c4       ??$AtlAdd@K@ATL@@YAJPAKKK@Z 100038c4 f i ItemDispenser.obj
 0001:000028e7       ??$AtlAdd@_K@ATL@@YAJPA_K_K1@Z 100038e7 f i ItemDispenser.obj
 0001:0000291f       ??$AtlAddThrow@K@ATL@@YAKKK@Z 1000391f f i ItemDispenser.obj
 0001:00002945       ??$AtlModuleRegisterWndClassInfoT@VAtlModuleRegisterWndClassInfoParamW@ATL@@@ATL@@YAGPAU_ATL_BASE_MODULE70@0@PAU_ATL_WIN_MODULE70@0@PAU_ATL_WNDCLASSINFOW@0@PAP6GJPAUHWND__@@IIJ@ZVAtlModuleRegisterWndClassInfoParamW@0@@Z 10003945 f i ItemDispenser.obj
 0001:00002a93       ??$AtlMultiply@H@ATL@@YAJPAHHH@Z 10003a93 f i ItemDispenser.obj
 0001:00002acb       ??$AtlMultiply@I@ATL@@YAJPAIII@Z 10003acb f i ItemDispenser.obj
 0001:00002acb       ??$AtlMultiply@K@ATL@@YAJPAKKK@Z 10003acb f i ItemDispenser.obj
 0001:00002aed       ??$AtlMultiplyThrow@I@ATL@@YAIII@Z 10003aed f i ItemDispenser.obj
 0001:00002b13       ??0?$CComAggObject@VCOPOSItemDispenser@@@ATL@@QAE@PAX@Z 10003b13 f i ItemDispenser.obj
 0001:00002b40       ??0?$CComContainedObject@VCOPOSItemDispenser@@@ATL@@QAE@PAX@Z 10003b40 f i ItemDispenser.obj
 0001:00002bf9       ??0?$CComObject@V?$CComEnum@UIEnumConnectionPoints@@$1?_GUID_b196b285_bab4_101a_b69c_00aa00341d07@@3U__s_GUID@@BPAUIConnectionPoint@@V?$_CopyInterface@UIConnectionPoint@@@ATL@@VCComSingleThreadModel@6@@ATL@@@ATL@@QAE@PAX@Z 10003bf9 f i ItemDispenser.obj
 0001:00002c27       ??0?$CComObject@V?$CComEnum@UIEnumConnections@@$1?_GUID_b196b287_bab4_101a_b69c_00aa00341d07@@3U__s_GUID@@BUtagCONNECTDATA@@V?$_Copy@UtagCONNECTDATA@@@ATL@@VCComSingleThreadModel@6@@ATL@@@ATL@@QAE@PAX@Z 10003c27 f i ItemDispenser.obj
 0001:00002c55       ??0?$CComObject@VCOPOSItemDispenser@@@ATL@@QAE@PAX@Z 10003c55 f i ItemDispenser.obj
 0001:00002d0c       ??0?$CComQIPtr@UIOleControlSite@@$1?_GUID_b196b289_bab4_101a_b69c_00aa00341d07@@3U__s_GUID@@B@ATL@@QAE@PAUIUnknown@@@Z 10003d0c f i ItemDispenser.obj
 0001:00002d35       ??0CAtlModule@ATL@@QAE@XZ  10003d35 f i ItemDispenser.obj
 0001:00002d76       ??0CParseBuffer@CRegParser@ATL@@QAE@H@Z 10003d76 f i ItemDispenser.obj
 0001:00002dac       ??0_ATL_MSG@ATL@@QAE@PAUHWND__@@IIJH@Z 10003dac f i ItemDispenser.obj
 0001:00002de4       ??1?$CComAggObject@VCOPOSItemDispenser@@@ATL@@UAE@XZ 10003de4 f i ItemDispenser.obj
 0001:00002e08       ??1?$CComEnumImpl@UIEnumConnectionPoints@@$1?_GUID_b196b285_bab4_101a_b69c_00aa00341d07@@3U__s_GUID@@BPAUIConnectionPoint@@V?$_CopyInterface@UIConnectionPoint@@@ATL@@@ATL@@UAE@XZ 10003e08 f i ItemDispenser.obj
 0001:00002e48       ??1?$CComEnumImpl@UIEnumConnections@@$1?_GUID_b196b287_bab4_101a_b69c_00aa00341d07@@3U__s_GUID@@BUtagCONNECTDATA@@V?$_Copy@UtagCONNECTDATA@@@ATL@@@ATL@@UAE@XZ 10003e48 f i ItemDispenser.obj
 0001:00002e88       ??1?$CComObject@V?$CComEnum@UIEnumConnectionPoints@@$1?_GUID_b196b285_bab4_101a_b69c_00aa00341d07@@3U__s_GUID@@BPAUIConnectionPoint@@V?$_CopyInterface@UIConnectionPoint@@@ATL@@VCComSingleThreadModel@6@@ATL@@@ATL@@UAE@XZ 10003e88 f i ItemDispenser.obj
 0001:00002eab       ??1?$CComObject@V?$CComEnum@UIEnumConnections@@$1?_GUID_b196b287_bab4_101a_b69c_00aa00341d07@@3U__s_GUID@@BUtagCONNECTDATA@@V?$_Copy@UtagCONNECTDATA@@@ATL@@VCComSingleThreadModel@6@@ATL@@@ATL@@UAE@XZ 10003eab f i ItemDispenser.obj
 0001:00002ece       ??1?$CComObject@VCOPOSItemDispenser@@@ATL@@UAE@XZ 10003ece f i ItemDispenser.obj
 0001:00002f8c       ??1?$CComObjectCached@VCComClassFactory@ATL@@@ATL@@UAE@XZ 10003f8c f i ItemDispenser.obj
 0001:00002fa2       ??1?$CComObjectRootEx@VCComMultiThreadModel@ATL@@@ATL@@QAE@XZ 10003fa2 f i ItemDispenser.obj
 0001:00002fb7       ??1CRegObject@ATL@@UAE@XZ  10003fb7 f i ItemDispenser.obj
 0001:00002fd7       ??4?$CComPtr@UIUnknown@@@ATL@@QAEPAUIUnknown@@PAU2@@Z 10003fd7 f i ItemDispenser.obj
 0001:00002fd7       ??4?$CComPtr@UIOleClientSite@@@ATL@@QAEPAUIOleClientSite@@PAU2@@Z 10003fd7 f i ItemDispenser.obj
 0001:00002fd7       ??4?$CComPtr@UIAdviseSink@@@ATL@@QAEPAUIAdviseSink@@PAU2@@Z 10003fd7 f i ItemDispenser.obj
 0001:0000300b       ??4?$CComQIPtr@UIOleObject@@$1?_GUID_00000112_0000_0000_c000_000000000046@@3U__s_GUID@@B@ATL@@QAEPAUIOleObject@@PAUIUnknown@@@Z 1000400b f i ItemDispenser.obj
 0001:00003030       ??4?$CComQIPtr@UISpecifyPropertyPages@@$1?_GUID_b196b28b_bab4_101a_b69c_00aa00341d07@@3U__s_GUID@@B@ATL@@QAEPAUISpecifyPropertyPages@@PAUIUnknown@@@Z 10004030 f i ItemDispenser.obj
 0001:00003055       ??_E?$CComContainedObject@VCOPOSItemDispenser@@@ATL@@UAEPAXI@Z 10004055 f i ItemDispenser.obj
 0001:00003055       ??_G?$CComContainedObject@VCOPOSItemDispenser@@@ATL@@UAEPAXI@Z 10004055 f i ItemDispenser.obj
 0001:0000307a       ??_G?$CComObject@VCOPOSItemDispenser@@@ATL@@UAEPAXI@Z 1000407a f i ItemDispenser.obj
 0001:0000307a       ??_E?$CComObject@VCOPOSItemDispenser@@@ATL@@UAEPAXI@Z 1000407a f i ItemDispenser.obj
 0001:0000309f       ?Add@?$CSimpleArray@GV?$CSimpleArrayEqualHelper@G@ATL@@@ATL@@QAEHABG@Z 1000409f f i ItemDispenser.obj
 0001:00003123       ?Add@?$CSimpleMap@PA_WPA_WVCExpansionVectorEqualHelper@ATL@@@ATL@@QAEHABQA_W0@Z 10004123 f i ItemDispenser.obj
 0001:00003178       ?Add@CComDynamicUnkArray@ATL@@QAEKPAUIUnknown@@@Z 10004178 f i ItemDispenser.obj
 0001:00003233       ?Add@CExpansionVector@ATL@@QAEHPB_W0@Z 10004233 f i ItemDispenser.obj
 0001:00003337       ?AddString@CParseBuffer@CRegParser@ATL@@QAEHPB_W@Z 10004337 f i ItemDispenser.obj
 0001:0000336c       ?AddValue@CRegParser@ATL@@IAEJAAVCRegKey@2@PB_WPA_W@Z 1000436c f i ItemDispenser.obj
 0001:0000368d       ?Allocate@?$CAtlSafeAllocBufferManager@VCCRTAllocator@ATL@@@_ATL_SAFE_ALLOCA_IMPL@ATL@@QAEPAXK@Z 1000468d f i ItemDispenser.obj
 0001:000036ba       ?Allocate@?$CTempBuffer@E$0BAA@VCCRTAllocator@ATL@@@ATL@@QAEPAEI@Z 100046ba f i ItemDispenser.obj
 0001:000036e9       ?Allocate@?$CTempBuffer@_W$0BAA@VCCRTAllocator@ATL@@@ATL@@QAEPA_WI@Z 100046e9 f i ItemDispenser.obj
 0001:00003718       ?Allocate@?$CTempBuffer@_W$0EAA@VCCRTAllocator@ATL@@@ATL@@QAEPA_WI@Z 10004718 f i ItemDispenser.obj
 0001:00003747       ?AllocateHeap@?$CTempBuffer@_W$0EAA@VCCRTAllocator@ATL@@@ATL@@AAEXI@Z 10004747 f i ItemDispenser.obj
 0001:00003747       ?AllocateHeap@?$CTempBuffer@E$0BAA@VCCRTAllocator@ATL@@@ATL@@AAEXI@Z 10004747 f i ItemDispenser.obj
 0001:00003747       ?AllocateHeap@?$CTempBuffer@_W$0BAA@VCCRTAllocator@ATL@@@ATL@@AAEXI@Z 10004747 f i ItemDispenser.obj
 0001:0000376c       ?Append@CParseBuffer@CRegParser@ATL@@QAEHPB_WH@Z 1000476c f i ItemDispenser.obj
 0001:000037fa       ?AtlCallTermFunc@ATL@@YGXPAU_ATL_MODULE70@1@@Z 100047fa f i ItemDispenser.obj
 0001:0000383e       ?AtlCoTaskMemCAlloc@ATL@@YAPAXKK@Z 1000483e f i ItemDispenser.obj
 0001:0000386b       ?AtlCoTaskMemRecalloc@ATL@@YAPAXPAXKK@Z 1000486b f i ItemDispenser.obj
 0001:0000389b       ?AtlComModuleGetClassObject@ATL@@YGJPAU_ATL_COM_MODULE70@1@ABU_GUID@@1PAPAX@Z 1000489b f i ItemDispenser.obj
 0001:0000398e       ?AtlComModuleRegisterServer@ATL@@YGJPAU_ATL_COM_MODULE70@1@HPBU_GUID@@@Z 1000498e f i ItemDispenser.obj
 0001:00003a16       ?AtlComModuleUnregisterServer@ATL@@YGJPAU_ATL_COM_MODULE70@1@HPBU_GUID@@@Z 10004a16 f i ItemDispenser.obj
 0001:00003a9e       ?AtlComQIPtrAssign2@ATL@@YAXPAPAUIUnknown@@PAU2@ABU_GUID@@@Z 10004a9e f i ItemDispenser.obj
 0001:00003acd       ?AtlCreateTargetDC@ATL@@YGPAUHDC__@@PAU2@PAUtagDVTARGETDEVICE@@@Z 10004acd f i ItemDispenser.obj
 0001:00003b36       ?AtlCrtErrorCheck@ATL@@YAHH@Z 10004b36 f i ItemDispenser.obj
 0001:00003b71       ?AtlHiMetricToPixel@ATL@@YGXPBUtagSIZE@@PAU2@@Z 10004b71 f i ItemDispenser.obj
 0001:00003be6       ?AtlHresultFromLastError@ATL@@YAJXZ 10004be6 f i ItemDispenser.obj
 0001:00003bfd       ?AtlHresultFromWin32@ATL@@YAJK@Z 10004bfd f i ItemDispenser.obj
 0001:00003c12       ?AtlIPersistStreamInit_Load@ATL@@YGJPAUIStream@@PBUATL_PROPMAP_ENTRY@1@PAXPAUIUnknown@@@Z 10004c12 f i ItemDispenser.obj
 0001:00003df2       ?AtlIPersistStreamInit_Save@ATL@@YGJPAUIStream@@HPBUATL_PROPMAP_ENTRY@1@PAXPAUIUnknown@@@Z 10004df2 f i ItemDispenser.obj
 0001:00003f8a       ?AtlInternalOleLoadFromStream@ATL@@YAJPAUIStream@@ABU_GUID@@PAPAXTClassesAllowedInStream@1@K@Z 10004f8a f i ItemDispenser.obj
 0001:000040b0       ?AtlInternalQueryInterface@ATL@@YGJPAXPBU_ATL_INTMAP_ENTRY@1@ABU_GUID@@PAPAX@Z 100050b0 f i ItemDispenser.obj
 0001:00004153       ?AtlLoadTypeLib@ATL@@YGJPAUHINSTANCE__@@PB_WPAPA_WPAPAUITypeLib@@@Z 10005153 f i ItemDispenser.obj
 0001:00004331       ?AtlModuleAddTermFunc@ATL@@YGJPAU_ATL_MODULE70@1@P6GXK@ZK@Z 10005331 f i ItemDispenser.obj
 0001:0000438e       ?AtlRegisterClassCategoriesHelper@ATL@@YGJABU_GUID@@PBU_ATL_CATMAP_ENTRY@1@H@Z 1000538e f i ItemDispenser.obj
 0001:0000466e       ?AtlRegisterTypeLib@ATL@@YGJPAUHINSTANCE__@@PB_W@Z 1000566e f i ItemDispenser.obj
 0001:000047f6       ?AtlThrowImpl@ATL@@YGXJ@Z  100057f6 f i ItemDispenser.obj
 0001:00004814       ?AtlUnRegisterTypeLib@ATL@@YGJPAUHINSTANCE__@@PB_W@Z 10005814 f i ItemDispenser.obj
 0001:000048bf       ?AtlWinModuleAddCreateWndData@ATL@@YGXPAU_ATL_WIN_MODULE70@1@PAU_AtlCreateWndData@1@PAX@Z 100058bf f i ItemDispenser.obj
 0001:00004913       ?AtlWinModuleExtractCreateWndData@ATL@@YGPAXPAU_ATL_WIN_MODULE70@1@@Z 10005913 f i ItemDispenser.obj
 0001:00004976       ?AtlWinModuleRegisterClassExW@ATL@@YGGPAU_ATL_WIN_MODULE70@1@PBUtagWNDCLASSEXW@@@Z 10005976 f i ItemDispenser.obj
 0001:000049b5       ?CanForceRemoveKey@CRegParser@ATL@@IAEHPB_W@Z 100059b5 f i ItemDispenser.obj
 0001:000049e4       ?ChToByte@CRegParser@ATL@@KAE_W@Z 100059e4 f i ItemDispenser.obj
 0001:00004a17       ?Cleanup@CComTypeInfoHolder@ATL@@SGXK@Z 10005a17 f i ItemDispenser.obj
 0001:00004a4a       ?ClearReplacements@CExpansionVector@ATL@@QAEJXZ 10005a4a f i ItemDispenser.obj
 0001:00004a87       ?Close@CRegKey@ATL@@QAEJXZ 10005a87 f i ItemDispenser.obj
 0001:00004aa1       ?Create@?$CWindowImpl@VCOPOSItemDispenser@@VCWindow@ATL@@V?$CWinTraits@$0FGAAAAAA@$0A@@3@@ATL@@QAEPAUHWND__@@PAU3@V_U_RECT@2@PB_WKKV_U_MENUorID@2@PAX@Z 10005aa1 f i ItemDispenser.obj
 0001:00004ae5       ?Create@?$CWindowImplBaseT@VCWindow@ATL@@V?$CWinTraits@$0FGAAAAAA@$0A@@2@@ATL@@QAEPAUHWND__@@PAU3@V_U_RECT@2@PB_WKKV_U_MENUorID@2@GPAX@Z 10005ae5 f i ItemDispenser.obj
 0001:00004b81       ?Create@CRegKey@ATL@@QAEJPAUHKEY__@@PB_WPA_WKKPAU_SECURITY_ATTRIBUTES@@PAK@Z 10005b81 f i ItemDispenser.obj
 0001:00004be4       ?CreateInstance@?$CComCreator@V?$CComAggObject@VCOPOSItemDispenser@@@ATL@@@ATL@@SGJPAXABU_GUID@@PAPAX@Z 10005be4 f i ItemDispenser.obj
 0001:00004c5a       ?CreateInstance@?$CComCreator@V?$CComObject@VCOPOSItemDispenser@@@ATL@@@ATL@@SGJPAXABU_GUID@@PAPAX@Z 10005c5a f i ItemDispenser.obj
 0001:00004cdb       ?CreateInstance@?$CComObject@V?$CComEnum@UIEnumConnectionPoints@@$1?_GUID_b196b285_bab4_101a_b69c_00aa00341d07@@3U__s_GUID@@BPAUIConnectionPoint@@V?$_CopyInterface@UIConnectionPoint@@@ATL@@VCComSingleThreadModel@6@@ATL@@@ATL@@SGJPAPAV12@@Z 10005cdb f i ItemDispenser.obj
 0001:00004d22       ?CreateInstance@?$CComObject@V?$CComEnum@UIEnumConnections@@$1?_GUID_b196b287_bab4_101a_b69c_00aa00341d07@@3U__s_GUID@@BUtagCONNECTDATA@@V?$_Copy@UtagCONNECTDATA@@@ATL@@VCComSingleThreadModel@6@@ATL@@@ATL@@SGJPAPAV12@@Z 10005d22 f i ItemDispenser.obj
 0001:00004d69       ?DefaultReflectionHandler@?$CWindowImplRoot@VCWindow@ATL@@@ATL@@SAHPAUHWND__@@IIJAAJ@Z 10005d69 f i ItemDispenser.obj
 0001:00004ddc       ?DeleteSubKey@CRegKey@ATL@@QAEJPB_W@Z 10005ddc f i ItemDispenser.obj
 0001:00004dff       ?DoEvent@COPOSItemDispenser@@IAEXIIJ@Z 10005dff f i ItemDispenser.obj
 0001:00004e7f       ?DoVerbHide@?$IOleObjectImpl@VCOPOSItemDispenser@@@ATL@@QAEJPBUtagRECT@@PAUHWND__@@@Z 10005e7f f i ItemDispenser.obj
 0001:00004eb5       ?DoVerbInPlaceActivate@?$IOleObjectImpl@VCOPOSItemDispenser@@@ATL@@QAEJPBUtagRECT@@PAUHWND__@@@Z 10005eb5 f i ItemDispenser.obj
 0001:00004ee8       ?DoVerbPrimary@?$IOleObjectImpl@VCOPOSItemDispenser@@@ATL@@QAEJPBUtagRECT@@PAUHWND__@@@Z 10005ee8 f i ItemDispenser.obj
 0001:00004f74       ?DoVerbProperties@CComControlBase@ATL@@QAEJPBUtagRECT@@PAUHWND__@@@Z 10005f74 f i ItemDispenser.obj
 0001:0000509b       ?DoVerbShow@?$IOleObjectImpl@VCOPOSItemDispenser@@@ATL@@QAEJPBUtagRECT@@PAUHWND__@@@Z 1000609b f i ItemDispenser.obj
 0001:000050c0       ?DoVerbUIActivate@?$IOleObjectImpl@VCOPOSItemDispenser@@@ATL@@QAEJPBUtagRECT@@PAUHWND__@@@Z 100060c0 f i ItemDispenser.obj
 0001:000050fd       ?DoesVerbActivate@CComControlBase@ATL@@QAEHJ@Z 100060fd f i ItemDispenser.obj
 0001:0000511e       ?DoesVerbUIActivate@CComControlBase@ATL@@QAEHJ@Z 1000611e f i ItemDispenser.obj
 0001:00005153       ?EndOfVar@CRegParser@ATL@@IAEHXZ 10006153 f i ItemDispenser.obj
 0001:00005173       ?EscapeSingleQuote@CAtlModule@ATL@@SAXPA_WIPB_W@Z 10006173 f i ItemDispenser.obj
 0001:000051c2       ?FindKey@?$CSimpleMap@PA_WPA_WVCExpansionVectorEqualHelper@ATL@@@ATL@@QBEHABQA_W@Z 100061c2 f i ItemDispenser.obj
 0001:000051f9       ?FireTheEvent@?$CProxy_IOPOSEvents@VCOPOSItemDispenser@@@@IAEXPAVOposVariant@@IAAJPB_WJ@Z 100061f9 f i ItemDispenser.obj
 0001:0000528b       ?FireViewChange@CComControlBase@ATL@@QAEJXZ 1000628b f i ItemDispenser.obj
 0001:000052d4       ?Fire_DirectIOEvent@?$CProxy_IOPOSEvents@VCOPOSItemDispenser@@@@QAEXJPAJPAPA_W@Z 100062d4 f i ItemDispenser.obj
 0001:000053ba       ?Fire_StatusUpdateEvent@?$CProxy_IOPOSEvents@VCOPOSItemDispenser@@@@QAEXJ@Z 100063ba f i ItemDispenser.obj
 0001:00005446       ?FreeHeap@?$CTempBuffer@E$0BAA@VCCRTAllocator@ATL@@@ATL@@AAEXXZ 10006446 f i ItemDispenser.obj
 0001:00005446       ?FreeHeap@?$CTempBuffer@_W$0EAA@VCCRTAllocator@ATL@@@ATL@@AAEXXZ 10006446 f i ItemDispenser.obj
 0001:00005446       ?FreeHeap@?$CTempBuffer@_W$0BAA@VCCRTAllocator@ATL@@@ATL@@AAEXXZ 10006446 f i ItemDispenser.obj
 0001:0000544f       ?GetAmbientLocaleID@CComControlBase@ATL@@QAEJAAK@Z 1000644f f i ItemDispenser.obj
 0001:000054ab       ?GetAmbientUserMode@CComControlBase@ATL@@QAEJAAH@Z 100064ab f i ItemDispenser.obj
 0001:0000551b       ?GetAt@CComDynamicUnkArray@ATL@@QAEPAUIUnknown@@H@Z 1000651b f i ItemDispenser.obj
 0001:00005537       ?GetClassObject@CComModule@ATL@@QAEJABU_GUID@@0PAPAX@Z 10006537 f i ItemDispenser.obj
 0001:000055d9       ?GetConnMap@COPOSItemDispenser@@SAPBU_ATL_CONNMAP_ENTRY@ATL@@PAH@Z 100065d9 f i ItemDispenser.obj
 0001:00005649       ?GetCookie@CComDynamicUnkArray@ATL@@QAGKPAPAUIUnknown@@@Z 10006649 f i ItemDispenser.obj
 0001:00005681       ?GetIDsOfNames@CComTypeInfoHolder@ATL@@QAEJABU_GUID@@PAPA_WIKPAJ@Z 10006681 f i ItemDispenser.obj
 0001:0000578f       ?GetKeyAt@?$CSimpleMap@PA_WPA_WVCExpansionVectorEqualHelper@ATL@@@ATL@@QBEAAPA_WH@Z 1000678f f i ItemDispenser.obj
 0001:000057b4       ?GetPagesHelper@?$ISpecifyPropertyPagesImpl@VCOPOSItemDispenser@@@ATL@@IAEJPAUtagCAUUID@@PBUATL_PROPMAP_ENTRY@2@@Z 100067b4 f i ItemDispenser.obj
 0001:000058db       ?GetProperty@?$CComPtr@UIDispatch@@@ATL@@SAJPAUIDispatch@@JPAUtagVARIANT@@@Z 100068db f i ItemDispenser.obj
 0001:0000592a       ?GetSizeMax@CComVariant@ATL@@QBEJPAT_ULARGE_INTEGER@@@Z 1000692a f i ItemDispenser.obj
 0001:00005ae4       ?GetStreamSize@CComBSTR@ATL@@SAKPA_W@Z 10006ae4 f i ItemDispenser.obj
 0001:00005afe       ?GetTI@CComTypeInfoHolder@ATL@@QAEJK@Z 10006afe f i ItemDispenser.obj
 0001:00005ce7       ?GetTI@CComTypeInfoHolder@ATL@@QAEJKPAPAUITypeInfo@@@Z 10006ce7 f i ItemDispenser.obj
 0001:00005d29       ?GetUnknown@CComDynamicUnkArray@ATL@@QAGPAUIUnknown@@K@Z 10006d29 f i ItemDispenser.obj
 0001:00005d4a       ?GetValueAt@?$CSimpleMap@PA_WPA_WVCExpansionVectorEqualHelper@ATL@@@ATL@@QBEAAPA_WH@Z 10006d4a f i ItemDispenser.obj
 0001:00005d70       ?GetZoomInfo@CComControlBase@ATL@@QAEXAAUATL_DRAWINFO@@@Z 10006d70 f i ItemDispenser.obj
 0001:00005e03       ?HKeyFromString@CRegParser@ATL@@KAPAUHKEY__@@PA_W@Z 10006e03 f i ItemDispenser.obj
 0001:00005e31       ?HasSubKeys@CRegParser@ATL@@IAEHPAUHKEY__@@@Z 10006e31 f i ItemDispenser.obj
 0001:00005e66       ?IDataObject_GetData@CComControlBase@ATL@@QAEJPAUtagFORMATETC@@PAUtagSTGMEDIUM@@@Z 10006e66 f i ItemDispenser.obj
 0001:0000600c       ?IOleInPlaceObject_InPlaceDeactivate@CComControlBase@ATL@@QAEJXZ 1000700c f i ItemDispenser.obj
 0001:00006093       ?IOleInPlaceObject_SetObjectRects@CComControlBase@ATL@@QAEJPBUtagRECT@@0@Z 10007093 f i ItemDispenser.obj
 0001:00006160       ?IOleInPlaceObject_UIDeactivate@CComControlBase@ATL@@QAEJXZ 10007160 f i ItemDispenser.obj
 0001:00006222       ?IOleObject_Advise@CComControlBase@ATL@@QAEJPAUIAdviseSink@@PAK@Z 10007222 f i ItemDispenser.obj
 0001:0000624c       ?IOleObject_Close@CComControlBase@ATL@@QAEJK@Z 1000724c f i ItemDispenser.obj
 0001:00006330       ?IOleObject_GetClientSite@CComControlBase@ATL@@QAEJPAPAUIOleClientSite@@@Z 10007330 f i ItemDispenser.obj
 0001:00006359       ?IOleObject_SetClientSite@CComControlBase@ATL@@QAEJPAUIOleClientSite@@@Z 10007359 f i ItemDispenser.obj
 0001:00006398       ?IOleObject_SetExtent@CComControlBase@ATL@@QAEJKPAUtagSIZE@@@Z 10007398 f i ItemDispenser.obj
 0001:0000644c       ?IPSI_GetIPersistStreamInit@?$IPersistStorageImpl@VCOPOSItemDispenser@@@ATL@@AAEPAUIPersistStreamInit@@XZ 1000744c f i ItemDispenser.obj
 0001:0000648e       ?IPersistStreamInit_Load@?$IPersistStreamInitImpl@VCOPOSItemDispenser@@@ATL@@QAEJPAUIStream@@PBUATL_PROPMAP_ENTRY@2@@Z 1000748e f i ItemDispenser.obj
 0001:000064ba       ?IPersistStreamInit_Save@?$IPersistStreamInitImpl@VCOPOSItemDispenser@@@ATL@@QAEJPAUIStream@@HPBUATL_PROPMAP_ENTRY@2@@Z 100074ba f i ItemDispenser.obj
 0001:000064ef       ?IQuickActivate_QuickActivate@CComControlBase@ATL@@QAEJPAUtagQACONTAINER@@PAUtagQACONTROL@@@Z 100074ef f i ItemDispenser.obj
 0001:00006731       ?IViewObject_Draw@CComControlBase@ATL@@QAEJKJPAXPAUtagDVTARGETDEVICE@@PAUHDC__@@2PBU_RECTL@@3@Z 10007731 f i ItemDispenser.obj
 0001:000067d9       ?InPlaceActivate@CComControlBase@ATL@@QAEJJPBUtagRECT@@@Z 100077d9 f i ItemDispenser.obj
 0001:00006a4a       ?Init@?$CComEnumImpl@UIEnumConnectionPoints@@$1?_GUID_b196b285_bab4_101a_b69c_00aa00341d07@@3U__s_GUID@@BPAUIConnectionPoint@@V?$_CopyInterface@UIConnectionPoint@@@ATL@@@ATL@@QAEJPAPAUIConnectionPoint@@0PAUIUnknown@@W4CComEnumFlags@2@@Z 10007a4a f i ItemDispenser.obj
 0001:00006b29       ?Init@?$CComEnumImpl@UIEnumConnections@@$1?_GUID_b196b287_bab4_101a_b69c_00aa00341d07@@3U__s_GUID@@BUtagCONNECTDATA@@V?$_Copy@UtagCONNECTDATA@@@ATL@@@ATL@@QAEJPAUtagCONNECTDATA@@0PAUIUnknown@@W4CComEnumFlags@2@@Z 10007b29 f i ItemDispenser.obj
 0001:00006c08       ?Init@CComModule@ATL@@QAEJPAU_ATL_OBJMAP_ENTRY30@2@PAUHINSTANCE__@@PBU_GUID@@@Z 10007c08 f i ItemDispenser.obj
 0001:00006c67       ?Init@CDynamicStdCallThunk2@ATL@@QAEHKPAX@Z 10007c67 f i ItemDispenser.obj
 0001:00006c92       ?InlineIsEqualUnknown@ATL@@YGHABU_GUID@@@Z 10007c92 f i ItemDispenser.obj
 0001:00006cba       ?InternalGetSite@CComControlBase@ATL@@QAEJABU_GUID@@PAPAX@Z 10007cba f i ItemDispenser.obj
 0001:00006ce8       ?InternalSetAtIndex@?$CSimpleMap@PA_WPA_WVCExpansionVectorEqualHelper@ATL@@@ATL@@QAEXHABQA_W0@Z 10007ce8 f i ItemDispenser.obj
 0001:00006d12       ?Invoke@CComTypeInfoHolder@ATL@@QAEJPAUIDispatch@@JABU_GUID@@KGPAUtagDISPPARAMS@@PAUtagVARIANT@@PAUtagEXCEPINFO@@PAI@Z 10007d12 f i ItemDispenser.obj
 0001:00006d55       ?IsEqualObject@?$CComPtrBase@UITypeInfo@@@ATL@@QAE_NPAUIUnknown@@@Z 10007d55 f i ItemDispenser.obj
 0001:00006d55       ?IsEqualObject@?$CComPtrBase@UIOleClientSite@@@ATL@@QAE_NPAUIUnknown@@@Z 10007d55 f i ItemDispenser.obj
 0001:00006dc2       ?IsSpace@CRegParser@ATL@@IAEH_W@Z 10007dc2 f i ItemDispenser.obj
 0001:00006dec       ?LoadNameCache@CComTypeInfoHolder@ATL@@QAEJPAUITypeInfo@@@Z 10007dec f i ItemDispenser.obj
 0001:00006f3a       ?Lookup@?$CSimpleMap@PA_WPA_WVCExpansionVectorEqualHelper@ATL@@@ATL@@QBEPA_WABQA_W@Z 10007f3a f i ItemDispenser.obj
 0001:00006f60       ?NextToken@CRegParser@ATL@@IAEJPA_W@Z 10007f60 f i ItemDispenser.obj
 0001:00007098       ?OnKillFocus@CComControlBase@ATL@@QAEJIIJAAH@Z 10008098 f i ItemDispenser.obj
 0001:000070f3       ?OnMouseActivate@CComControlBase@ATL@@QAEJIIJAAH@Z 100080f3 f i ItemDispenser.obj
 0001:00007161       ?OnPaint@CComControlBase@ATL@@QAEJIIJAAH@Z 10008161 f i ItemDispenser.obj
 0001:00007213       ?OnSetFocus@CComControlBase@ATL@@QAEJIIJAAH@Z 10008213 f i ItemDispenser.obj
 0001:0000729c       ?Open@CRegKey@ATL@@QAEJPAUHKEY__@@PB_WK@Z 1000829c f i ItemDispenser.obj
 0001:000072e5       ?PreProcessBuffer@CRegParser@ATL@@QAEJPA_WPAPA_W@Z 100082e5 f i ItemDispenser.obj
 0001:0000754f       ?ProcessWindowMessage@?$CComControl@VCOPOSItemDispenser@@V?$CWindowImpl@VCOPOSItemDispenser@@VCWindow@ATL@@V?$CWinTraits@$0FGAAAAAA@$0A@@3@@ATL@@@ATL@@UAEHPAUHWND__@@IIJAAJK@Z 1000854f f i ItemDispenser.obj
 0001:000075ee       ?PutProperty@?$CComPtr@UIDispatch@@@ATL@@SAJPAUIDispatch@@JPAUtagVARIANT@@@Z 100085ee f i ItemDispenser.obj
 0001:00007680       ?ReadFromStream@CComBSTR@ATL@@QAEJPAUIStream@@@Z 10008680 f i ItemDispenser.obj
 0001:000077ae       ?ReadFromStream@CComVariant@ATL@@QAEJPAUIStream@@GTClassesAllowedInStream@2@K@Z 100087ae f i ItemDispenser.obj
 0001:00007934       ?RecurseDeleteKey@CRegKey@ATL@@QAEJPB_W@Z 10008934 f i ItemDispenser.obj
 0001:000079f6       ?RegCreateKeyExW@CAtlTransactionManager@ATL@@QAEJPAUHKEY__@@PB_WKPA_WKKQAU_SECURITY_ATTRIBUTES@@PAPAU3@PAK@Z 100089f6 f i ItemDispenser.obj
 0001:00007a59       ?RegDeleteKeyW@CAtlTransactionManager@ATL@@QAEJPAUHKEY__@@PB_W@Z 10008a59 f i ItemDispenser.obj
 0001:00007aab       ?RegOpenKeyExW@CAtlTransactionManager@ATL@@QAEJPAUHKEY__@@PB_WKKPAPAU3@@Z 10008aab f i ItemDispenser.obj
 0001:00007b02       ?Register@_ATL_WNDCLASSINFOW@ATL@@QAEGPAP6GJPAUHWND__@@IIJ@Z@Z 10008b02 f i ItemDispenser.obj
 0001:00007b22       ?RegisterBuffer@CRegParser@ATL@@QAEJPA_WH@Z 10008b22 f i ItemDispenser.obj
 0001:00007c5b       ?RegisterFromResource@CRegObject@ATL@@IAEJPB_W00H@Z 10008c5b f i ItemDispenser.obj
 0001:00007d91       ?RegisterServer@?$CAtlModuleT@VCComModule@ATL@@@ATL@@QAEJHPBU_GUID@@@Z 10008d91 f i ItemDispenser.obj
 0001:00007dbf       ?RegisterServer@CComModule@ATL@@QAEJHPBU_GUID@@@Z 10008dbf f i ItemDispenser.obj
 0001:00007e35       ?RegisterSubkeys@CRegParser@ATL@@IAEJPA_WPAUHKEY__@@HH@Z 10008e35 f i ItemDispenser.obj
 0001:00008404       ?Remove@CComDynamicUnkArray@ATL@@QAEHK@Z 10009404 f i ItemDispenser.obj
 0001:0000842d       ?RemoveAll@?$CSimpleMap@PA_WPA_WVCExpansionVectorEqualHelper@ATL@@@ATL@@QAEXXZ 1000942d f i ItemDispenser.obj
 0001:00008459       ?ResourceRegisterSz@CRegObject@ATL@@QAGJPB_W00@Z 10009459 f i ItemDispenser.obj
 0001:00008486       ?ResourceUnregisterSz@CRegObject@ATL@@QAGJPB_W00@Z 10009486 f i ItemDispenser.obj
 0001:000084b3       ?SendOnDataChange@CComControlBase@ATL@@QAEJK@Z 100094b3 f i ItemDispenser.obj
 0001:00008500       ?SetControlFocus@CComControlBase@ATL@@QAEHH@Z 10009500 f i ItemDispenser.obj
 0001:0000859d       ?SetMultiStringValue@CRegKey@ATL@@QAEJPB_W0@Z 1000959d f i ItemDispenser.obj
 0001:000085f9       ?SetStringValue@CRegKey@ATL@@QAEJPB_W0K@Z 100095f9 f i ItemDispenser.obj
 0001:00008642       ?SkipAssignment@CRegParser@ATL@@IAEJPA_W@Z 10009642 f i ItemDispenser.obj
 0001:000086a7       ?SkipWhiteSpace@CRegParser@ATL@@IAEXXZ 100096a7 f i ItemDispenser.obj
 0001:000086c9       ?StrChrW@CRegParser@ATL@@KAPA_WPA_W_W@Z 100096c9 f i ItemDispenser.obj
 0001:00008706       ?Term@CAtlModule@ATL@@QAEXXZ 10009706 f i ItemDispenser.obj
 0001:0000873f       ?Term@CComModule@ATL@@QAEXXZ 1000973f f i ItemDispenser.obj
 0001:00008797       ?UnregisterServer@?$CAtlModuleT@VCComModule@ATL@@@ATL@@QAEJHPBU_GUID@@@Z 10009797 f i ItemDispenser.obj
 0001:000087bd       ?UnregisterServer@CComModule@ATL@@QAEJHPBU_GUID@@@Z 100097bd f i ItemDispenser.obj
 0001:00008833       ?UpdateRegistryFromResource@CAtlModule@ATL@@QAGJIHPAU_ATL_REGMAP_ENTRY@2@@Z 10009833 f i ItemDispenser.obj
 0001:000089fe       ?UpdateRegistryFromResource@CAtlModule@ATL@@QAGJPB_WHPAU_ATL_REGMAP_ENTRY@2@@Z 100099fe f i ItemDispenser.obj
 0001:00008bcf       ?VTFromRegType@CRegParser@ATL@@KAHPB_WAAG@Z 10009bcf f i ItemDispenser.obj
 0001:00008c3c       ?WindowProc@?$CWindowImplBaseT@VCWindow@ATL@@V?$CWinTraits@$0FGAAAAAA@$0A@@2@@ATL@@SGJPAUHWND__@@IIJ@Z 10009c3c f i ItemDispenser.obj
 0001:00008d2e       ?WriteToStream@CComBSTR@ATL@@QAEJPAUIStream@@@Z 10009d2e f i ItemDispenser.obj
 0001:00008d85       ?WriteToStream@CComVariant@ATL@@QAEJPAUIStream@@@Z 10009d85 f i ItemDispenser.obj
 0001:00008eff       ?WriteToStream@CComVariant@ATL@@QAEJPAUIStream@@G@Z 10009eff f i ItemDispenser.obj
 0001:00008f68       ?_AtlInitialConstruct@?$CComObjectRootEx@VCComMultiThreadModel@ATL@@@ATL@@QAEJXZ 10009f68 f i ItemDispenser.obj
 0001:00008f7d       ?_AtlVerifyStackAvailable@_ATL_SAFE_ALLOCA_IMPL@ATL@@YA_NK@Z 10009f7d f i ItemDispenser.obj
 0001:00008ffb       ?copy@?$_Copy@UtagCONNECTDATA@@@ATL@@SAJPAUtagCONNECTDATA@@PBU3@@Z 10009ffb f i ItemDispenser.obj
 0001:00009031       ?copy@?$_CopyInterface@UIConnectionPoint@@@ATL@@SAJPAPAUIConnectionPoint@@PBQAU3@@Z 1000a031 f i ItemDispenser.obj
 0001:0000905f       ?memcpy_s@Checked@ATL@@YAXPAXIPBXI@Z 1000a05f f i ItemDispenser.obj
 0001:0000907e       ?ocscpy_s@@YA_NPA_WIPB_W@Z 1000a07e f i ItemDispenser.obj
 0001:000090ad       ?ocslen@@YAHPB_W@Z         1000a0ad f i ItemDispenser.obj
 0001:000090cd       ?wcscpy_s@Checked@ATL@@YAXPA_WIPB_W@Z 1000a0cd f i ItemDispenser.obj
 0001:000090e9       _DllCanUnloadNow@0         1000a0e9 f   ItemDispenser.obj
 0001:000090f5       _DllGetClassObject@12      1000a0f5 f   ItemDispenser.obj
 0001:00009103       _DllMain@12                1000a103 f   ItemDispenser.obj
 0001:00009145       _DllRegisterServer@0       1000a145 f   ItemDispenser.obj
 0001:00009154       _DllUnregisterServer@0     1000a154 f   ItemDispenser.obj
 0001:00009163       _InlineIsEqualGUID         1000a163 f i ItemDispenser.obj
 0001:00009193       ___local_stdio_printf_options 1000a193 f i ItemDispenser.obj
 0001:00009199       __vswprintf_s_l            1000a199 f i ItemDispenser.obj
 0001:00009246       _swprintf_s                1000a246 f i ItemDispenser.obj
 0001:00009262       ??0?$CComControl@VCOPOSItemDispenser@@V?$CWindowImpl@VCOPOSItemDispenser@@VCWindow@ATL@@V?$CWinTraits@$0FGAAAAAA@$0A@@3@@ATL@@@ATL@@QAE@XZ 1000a262 f i ItemDispenserImpl.obj
 0001:00009289       ??0CComControlBase@ATL@@QAE@AAPAUHWND__@@@Z 1000a289 f i ItemDispenserImpl.obj
 0001:000092d3       ??0COPOSItemDispenser@@QAE@XZ 1000a2d3 f   ItemDispenserImpl.obj
 0001:00009322       ??1?$CComControl@VCOPOSItemDispenser@@V?$CWindowImpl@VCOPOSItemDispenser@@VCWindow@ATL@@V?$CWinTraits@$0FGAAAAAA@$0A@@3@@ATL@@@ATL@@UAE@XZ 1000a322 f i ItemDispenserImpl.obj
 0001:0000933b       ??1?$IConnectionPointImpl@VCOPOSItemDispenser@@$1?IID_IPropertyNotifySink@@3U_GUID@@BVCComDynamicUnkArray@ATL@@@ATL@@QAE@XZ 1000a33b f i ItemDispenserImpl.obj
 0001:0000933b       ??1?$IConnectionPointImpl@VCOPOSItemDispenser@@$1?DIID__IOPOSItemDispenserEvents@@3U_GUID@@BVCComDynamicUnkArray@ATL@@@ATL@@QAE@XZ 1000a33b f i ItemDispenserImpl.obj
 0001:00009378       ??1CComControlBase@ATL@@UAE@XZ 1000a378 f i ItemDispenserImpl.obj
 0001:000093db       ??1COPOSItemDispenser@@UAE@XZ 1000a3db f   ItemDispenserImpl.obj
 0001:00009423       ??1OposVariantResult@@QAE@XZ 1000a423 f i ItemDispenserImpl.obj
 0001:00009444       ??1_CW@@QAE@XZ             1000a444 f i ItemDispenserImpl.obj
 0001:0000945d       ?AdjustItemCount@COPOSItemDispenser@@UAGJJJPAJ@Z 1000a45d f   ItemDispenserImpl.obj
 0001:000094d1       ?CheckHealth@COPOSItemDispenser@@UAGJJPAJ@Z 1000a4d1 f   ItemDispenserImpl.obj
 0001:00009520       ?ClaimDevice@COPOSItemDispenser@@UAGJJPAJ@Z 1000a520 f   ItemDispenserImpl.obj
 0001:00009595       ?Close@COPOSItemDispenser@@UAGJPAJ@Z 1000a595 f   ItemDispenserImpl.obj
 0001:00009603       ?CompareFirmwareVersion@COPOSItemDispenser@@UAGJPA_WPAJ1@Z 1000a603 f   ItemDispenserImpl.obj
 0001:00009683       ?DirectIO@COPOSItemDispenser@@UAGJJPAJPAPA_W0@Z 1000a683 f   ItemDispenserImpl.obj
 0001:00009731       ?DispenseItem@COPOSItemDispenser@@UAGJPAJJ0@Z 1000a731 f   ItemDispenserImpl.obj
 0001:000097ad       ?DoInvoke@COPOSItemDispenser@@IAEJJPAVOposVariant@@IHPAJ_N@Z 1000a7ad f   ItemDispenserImpl.obj
 0001:0000986f       ?EventClose@COPOSItemDispenser@@IAEXXZ 1000a86f f i ItemDispenserImpl.obj
 0001:000098a2       ?EventInit@COPOSItemDispenser@@IAEJXZ 1000a8a2 f i ItemDispenserImpl.obj
 0001:0000996e       ?EventUninit@COPOSItemDispenser@@IAEXXZ 1000a96e f i ItemDispenserImpl.obj
 0001:000099c0       ?EventWindowProc@COPOSItemDispenser@@IAGJIIJ@Z 1000a9c0 f i ItemDispenserImpl.obj
 0001:00009a37       ?FinalConstruct@COPOSItemDispenser@@QAEJXZ 1000aa37 f   ItemDispenserImpl.obj
 0001:00009a70       ?FireEventCleanup@COPOSItemDispenser@@IAEXXZ 1000aa70 f i ItemDispenserImpl.obj
 0001:00009a86       ?FireEventSetup@COPOSItemDispenser@@IAE_NXZ 1000aa86 f i ItemDispenserImpl.obj
 0001:00009aba       ?FreezeEvents@COPOSItemDispenser@@MAGJH@Z 1000aaba f   ItemDispenserImpl.obj
 0001:00009b0b       ?GetOposProp@COPOSItemDispenser@@IAEJJPAFJ@Z 1000ab0b f   ItemDispenserImpl.obj
 0001:00009b2e       ?GetOposProp@COPOSItemDispenser@@IAEJJPAJJ@Z 1000ab2e f   ItemDispenserImpl.obj
 0001:00009bec       ?GetOposProp@COPOSItemDispenser@@IAEJJPAPA_WJ@Z 1000abec f   ItemDispenserImpl.obj
 0001:00009cb7       ?OnDraw@COPOSItemDispenser@@MAEJAAUATL_DRAWINFO@@@Z 1000acb7 f   ItemDispenserImpl.obj
 0001:00009d57       ?Open@COPOSItemDispenser@@UAGJPA_WPAJ@Z 1000ad57 f   ItemDispenserImpl.obj
 0001:0000a4f0       ?ReadItemCount@COPOSItemDispenser@@UAGJPAJJ0@Z 1000b4f0 f   ItemDispenserImpl.obj
 0001:0000a56c       ?ReleaseDevice@COPOSItemDispenser@@UAGJPAJ@Z 1000b56c f   ItemDispenserImpl.obj
 0001:0000a5bb       ?ResetStatistics@COPOSItemDispenser@@UAGJPA_WPAJ@Z 1000b5bb f   ItemDispenserImpl.obj
 0001:0000a612       ?RetrieveStatistics@COPOSItemDispenser@@UAGJPAPA_WPAJ@Z 1000b612 f   ItemDispenserImpl.obj
 0001:0000a669       ?SOProcessID@COPOSItemDispenser@@UAGJPAJ@Z 1000b669 f   ItemDispenserImpl.obj
 0001:0000a67d       ?SetCOFreezeEvents@COPOSItemDispenser@@IAEXF@Z 1000b67d f   ItemDispenserImpl.obj
 0001:0000a708       ?SetOposProp@COPOSItemDispenser@@IAEJJJJ@Z 1000b708 f   ItemDispenserImpl.obj
 0001:0000a7e6       ?UpdateFirmware@COPOSItemDispenser@@UAGJPA_WPAJ@Z 1000b7e6 f   ItemDispenserImpl.obj
 0001:0000a83d       ?UpdateStatistics@COPOSItemDispenser@@UAGJPA_WPAJ@Z 1000b83d f   ItemDispenserImpl.obj
 0001:0000a894       ?get_BinaryConversion@COPOSItemDispenser@@UAGJPAJ@Z 1000b894 f   ItemDispenserImpl.obj
 0001:0000a8aa       ?get_CapCompareFirmwareVersion@COPOSItemDispenser@@UAGJPAF@Z 1000b8aa f   ItemDispenserImpl.obj
 0001:0000a8c3       ?get_CapEmptySensor@COPOSItemDispenser@@UAGJPAF@Z 1000b8c3 f   ItemDispenserImpl.obj
 0001:0000a8dc       ?get_CapIndividualSlotStatus@COPOSItemDispenser@@UAGJPAF@Z 1000b8dc f   ItemDispenserImpl.obj
 0001:0000a8f5       ?get_CapJamSensor@COPOSItemDispenser@@UAGJPAF@Z 1000b8f5 f   ItemDispenserImpl.obj
 0001:0000a90e       ?get_CapNearEmptySensor@COPOSItemDispenser@@UAGJPAF@Z 1000b90e f   ItemDispenserImpl.obj
 0001:0000a927       ?get_CapPowerReporting@COPOSItemDispenser@@UAGJPAJ@Z 1000b927 f   ItemDispenserImpl.obj
 0001:0000a940       ?get_CapStatisticsReporting@COPOSItemDispenser@@UAGJPAF@Z 1000b940 f   ItemDispenserImpl.obj
 0001:0000a959       ?get_CapUpdateFirmware@COPOSItemDispenser@@UAGJPAF@Z 1000b959 f   ItemDispenserImpl.obj
 0001:0000a972       ?get_CapUpdateStatistics@COPOSItemDispenser@@UAGJPAF@Z 1000b972 f   ItemDispenserImpl.obj
 0001:0000a98b       ?get_CheckHealthText@COPOSItemDispenser@@UAGJPAPA_W@Z 1000b98b f   ItemDispenserImpl.obj
 0001:0000a9a4       ?get_Claimed@COPOSItemDispenser@@UAGJPAF@Z 1000b9a4 f   ItemDispenserImpl.obj
 0001:0000a9ba       ?get_ControlObjectDescription@COPOSItemDispenser@@UAGJPAPA_W@Z 1000b9ba f   ItemDispenserImpl.obj
 0001:0000a9f7       ?get_ControlObjectVersion@COPOSItemDispenser@@UAGJPAJ@Z 1000b9f7 f   ItemDispenserImpl.obj
 0001:0000aa0a       ?get_DeviceDescription@COPOSItemDispenser@@UAGJPAPA_W@Z 1000ba0a f   ItemDispenserImpl.obj
 0001:0000aa23       ?get_DeviceEnabled@COPOSItemDispenser@@UAGJPAF@Z 1000ba23 f   ItemDispenserImpl.obj
 0001:0000aa39       ?get_DeviceName@COPOSItemDispenser@@UAGJPAPA_W@Z 1000ba39 f   ItemDispenserImpl.obj
 0001:0000aa52       ?get_DispenserStatus@COPOSItemDispenser@@UAGJPAJ@Z 1000ba52 f   ItemDispenserImpl.obj
 0001:0000aa6b       ?get_FreezeEvents@COPOSItemDispenser@@UAGJPAF@Z 1000ba6b f   ItemDispenserImpl.obj
 0001:0000aa81       ?get_MaxSlots@COPOSItemDispenser@@UAGJPAJ@Z 1000ba81 f   ItemDispenserImpl.obj
 0001:0000aa9a       ?get_OpenResult@COPOSItemDispenser@@UAGJPAJ@Z 1000ba9a f   ItemDispenserImpl.obj
 0001:0000aab1       ?get_PowerNotify@COPOSItemDispenser@@UAGJPAJ@Z 1000bab1 f   ItemDispenserImpl.obj
 0001:0000aac7       ?get_PowerState@COPOSItemDispenser@@UAGJPAJ@Z 1000bac7 f   ItemDispenserImpl.obj
 0001:0000aadd       ?get_ResultCode@COPOSItemDispenser@@UAGJPAJ@Z 1000badd f   ItemDispenserImpl.obj
 0001:0000ab1b       ?get_ResultCodeExtended@COPOSItemDispenser@@UAGJPAJ@Z 1000bb1b f   ItemDispenserImpl.obj
 0001:0000ab31       ?get_ServiceObjectDescription@COPOSItemDispenser@@UAGJPAPA_W@Z 1000bb31 f   ItemDispenserImpl.obj
 0001:0000ab4a       ?get_ServiceObjectVersion@COPOSItemDispenser@@UAGJPAJ@Z 1000bb4a f   ItemDispenserImpl.obj
 0001:0000ab60       ?get_State@COPOSItemDispenser@@UAGJPAJ@Z 1000bb60 f   ItemDispenserImpl.obj
 0001:0000ab8c       ?put_BinaryConversion@COPOSItemDispenser@@UAGJJ@Z 1000bb8c f   ItemDispenserImpl.obj
 0001:0000aba2       ?put_DeviceEnabled@COPOSItemDispenser@@UAGJF@Z 1000bba2 f   ItemDispenserImpl.obj
 0001:0000abbf       ?put_FreezeEvents@COPOSItemDispenser@@UAGJF@Z 1000bbbf f   ItemDispenserImpl.obj
 0001:0000ac0b       ?put_PowerNotify@COPOSItemDispenser@@UAGJJ@Z 1000bc0b f   ItemDispenserImpl.obj
 0001:0000ac21       ?s_EventWindowProc@COPOSItemDispenser@@KGJPAUHWND__@@IIJ@Z 1000bc21 f i ItemDispenserImpl.obj
 0001:0000ac73       ??_U@YAPAXI@Z              1000bc73 f   LIBCMT:new_array.obj
 0001:0000ac7c       ??3@YAXPAXI@Z              1000bc7c f   LIBCMT:delete_scalar_size.obj
 0001:0000ac8a       ??_V@YAXPAX@Z              1000bc8a f   LIBCMT:delete_array.obj
 0001:0000ac8f       ??_V@YAXPAXI@Z             1000bc8f f   LIBCMT:delete_array_size.obj
 0001:0000ac9d       ??$__crt_fast_encode_pointer@P6GXPAU_RTL_CONDITION_VARIABLE@@@Z@@YAP6GXPAU_RTL_CONDITION_VARIABLE@@@ZQ6GX0@Z@Z 1000bc9d f i LIBCMT:thread_safe_statics.obj
 0001:0000ac9d       ??$__crt_fast_encode_pointer@PAX@@YAPAXQAX@Z 1000bc9d f i libvcruntime:winapi_downlevel.obj
 0001:0000ac9d       ??$__crt_fast_encode_pointer@P6GHPAU_RTL_CONDITION_VARIABLE@@PAU_RTL_CRITICAL_SECTION@@K@Z@@YAP6GHPAU_RTL_CONDITION_VARIABLE@@PAU_RTL_CRITICAL_SECTION@@K@ZQ6GH01K@Z@Z 1000bc9d f i LIBCMT:thread_safe_statics.obj
 0001:0000ac9d       ??$__crt_fast_encode_pointer@PAP6AXXZ@@YAPAP6AXXZQAP6AXXZ@Z 1000bc9d f i LIBCMT:utility.obj
 0001:0000acfe       ___scrt_acquire_startup_lock 1000bcfe f   LIBCMT:utility.obj
 0001:0000ad30       ___scrt_dllmain_after_initialize_c 1000bd30 f   LIBCMT:utility.obj
 0001:0000ad5b       ___scrt_dllmain_before_initialize_c 1000bd5b f   LIBCMT:utility.obj
 0001:0000ad69       ___scrt_dllmain_crt_thread_attach 1000bd69 f   LIBCMT:utility.obj
 0001:0000ad88       ___scrt_dllmain_crt_thread_detach 1000bd88 f   LIBCMT:utility.obj
 0001:0000ad95       ___scrt_dllmain_exception_filter 1000bd95 f   LIBCMT:utility.obj
 0001:0000adc9       ___scrt_dllmain_uninitialize_c 1000bdc9 f   LIBCMT:utility.obj
 0001:0000adec       ___scrt_dllmain_uninitialize_critical 1000bdec f   LIBCMT:utility.obj
 0001:0000adf9       ___scrt_initialize_crt     1000bdf9 f   LIBCMT:utility.obj
[...]
 0002:00002a78       ?candidate_modules@?1??try_get_LocaleNameToLCID@@YAP6GKPB_WK@ZXZ@4QBW4module_id@?A0x391cf84c@@B 10020a78     libucrt:winapi_thunks.obj
 0002:00002a94       ?candidate_modules@?1??try_get_AppPolicyGetProcessTerminationMethod@@YAP6GJPAXPAW4AppPolicyProcessTerminationMethod@@@ZXZ@4QBW4module_id@?A0x391cf84c@@B 10020a94     libucrt:winapi_thunks.obj
 0002:00002ac0       ?candidate_modules@?1??try_get_SetThreadStackGuarantee@@YAP6GHPAK@ZXZ@4QBW4module_id@?A0x391cf84c@@B 10020ac0     libucrt:winapi_thunks.obj
 0002:00002fec       ?_mb_locale_names@@3QBQB_WB 10020fec     libucrt:mbctype.obj
 0002:00003838       ?LcidToLocaleNameTable@?A0x881e4c05@@3QBULcidToLocaleName@1@B 10021838     libucrt:lcidtoname_downlevel.obj
 0002:00004960       ?LocaleNameToIndexTable@?A0x881e4c05@@3QBULocaleNameIndex@1@B 10022960     libucrt:lcidtoname_downlevel.obj
 0002:000062a0       LOG_name                   100242a0     libucrt:log10.obj
 0002:000062b0       _One                       100242b0     libucrt:ceil_pentium4.obj
 0002:000062c0       _Bns                       100242c0     libucrt:ceil_pentium4.obj
 0002:000062d0       _Zero                      100242d0     libucrt:ceil_pentium4.obj
 0002:000062e0       _S                         100242e0     libucrt:ceil_pentium4.obj
 0002:000062f0       _NegZero                   100242f0     libucrt:ceil_pentium4.obj
 0002:00006300       emask                      10024300     libucrt:log10_pentium4.obj
 0002:00006310       CC                         10024310     libucrt:log10_pentium4.obj
 0002:00006320       Magic                      10024320     libucrt:log10_pentium4.obj
 0002:00006330       hi_mask                    10024330     libucrt:log10_pentium4.obj
 0002:00006340       LOG10_2                    10024340     libucrt:log10_pentium4.obj
 0002:00006350       place_L                    10024350     libucrt:log10_pentium4.obj
 0002:00006370       One                        10024370     libucrt:log10_pentium4.obj
 0002:00006380       Zero                       10024380     libucrt:log10_pentium4.obj
 0002:00006390       Two52                      10024390     libucrt:log10_pentium4.obj
 0002:000063a0       Infs                       100243a0     libucrt:log10_pentium4.obj
 0002:000063b0       NaN                        100243b0     libucrt:log10_pentium4.obj
 0002:000063c0       coeff                      100243c0     libucrt:log10_pentium4.obj
 0002:0000641e       _log2max                   1002441e     libucrt:87tran.obj
 0002:00006428       _smallarg                  10024428     libucrt:87tran.obj
 0002:00006432       _half                      10024432     libucrt:87tran.obj
 0002:0000647e       One                        1002447e     libucrt:87disp.obj
 0002:00006486       Three                      10024486     libucrt:87disp.obj
 0002:0000648e       XAMtoTagTab                1002448e     libucrt:87disp.obj
 0002:000064a0       One                        100244a0     libucrt:common.obj
 0002:000064b4       DblMax                     100244b4     libucrt:common.obj
 0002:000064bc       DblMin                     100244bc     libucrt:common.obj
 0002:000064c4       IeeeAdjO                   100244c4     libucrt:common.obj
 0002:000064cc       IeeeAdjU                   100244cc     libucrt:common.obj
 0002:000064d4       _infinity                  100244d4     libucrt:common.obj
 0002:000064dc       _zero                      100244dc     libucrt:common.obj
 0002:00006518       _over                      10024518     libucrt:fpctrl.obj
 0002:00006524       _under                     10024524     libucrt:fpctrl.obj
 0002:00006d58       ?_names@?1??_get_fname@@9@9 10024d58     libucrt:fpexcept.obj
 0002:000075c0       __sehtable$?_AtlVerifyStackAvailable@_ATL_SAFE_ALLOCA_IMPL@ATL@@YA_NK@Z 100255c0     ItemDispenser.obj
 0002:000075e0       __sehtable$___scrt_is_nonwritable_in_current_image 100255e0     LIBCMT:utility.obj
 0002:000075fc       __ehfuncinfo$?__scrt_initialize_thread_safe_statics_platform_specific@@YAXXZ 100255fc     LIBCMT:thread_safe_statics.obj
 0002:00007620       __catchsym$??2@YAPAXIABUnothrow_t@std@@@Z$2 10025620     LIBCMT:new_scalar_nothrow.obj
 0002:00007630       __unwindtable$??2@YAPAXIABUnothrow_t@std@@@Z 10025630     LIBCMT:new_scalar_nothrow.obj
 0002:00007640       __tryblocktable$??2@YAPAXIABUnothrow_t@std@@@Z 10025640     LIBCMT:new_scalar_nothrow.obj
 0002:00007654       __ehfuncinfo$??2@YAPAXIABUnothrow_t@std@@@Z 10025654     LIBCMT:new_scalar_nothrow.obj
 0002:00007678       __sehtable$?dllmain_crt_process_attach@@YAHQAUHINSTANCE__@@QAX@Z 10025678     LIBCMT:dll_dllmain.obj
 0002:00007698       __sehtable$?dllmain_crt_process_detach@@YAH_N@Z 10025698     LIBCMT:dll_dllmain.obj
 0002:000076b8       __sehtable$?dllmain_dispatch@@YAHQAUHINSTANCE__@@KQAX@Z 100256b8     LIBCMT:dll_dllmain.obj
 0002:00007768       __sehtable$?FrameUnwindToState@__FrameHandler3@@SAXPAUEHRegistrationNode@@PAXPBU_s_FuncInfo@@H@Z 10025768     libvcruntime:frame.obj
 0002:00007790       __sehtable$?CallCatchBlock@@YAPAXPAUEHExceptionRecord@@PAUEHRegistrationNode@@PAU_CONTEXT@@PBU_s_FuncInfo@@PAXHK@Z 10025790     libvcruntime:frame.obj
 0002:000077b8       __catchsym$?CallUnexpected@@YAXPBU_s_ESTypeList@@@Z$2 100257b8     libvcruntime:frame.obj
 0002:000077c8       __unwindtable$?CallUnexpected@@YAXPBU_s_ESTypeList@@@Z 100257c8     libvcruntime:frame.obj
 0002:000077d8       __tryblocktable$?CallUnexpected@@YAXPBU_s_ESTypeList@@@Z 100257d8     libvcruntime:frame.obj
 0002:000077ec       __ehfuncinfo$?CallUnexpected@@YAXPBU_s_ESTypeList@@@Z 100257ec     libvcruntime:frame.obj
 0002:00007810       __sehtable$??$BuildCatchObjectHelperInternal@$$CBU_s_HandlerType@@@@YAHPAUEHExceptionRecord@@PAXPBU_s_HandlerType@@PBU_s_CatchableType@@@Z 10025810     libvcruntime:frame.obj
 0002:00007830       __sehtable$??$BuildCatchObjectInternal@$$CBU_s_HandlerType@@@@YAXPAUEHExceptionRecord@@PAXPBU_s_HandlerType@@PBU_s_CatchableType@@@Z 10025830     libvcruntime:frame.obj
 0002:00007888       __sehtable$___DestructExceptionObject 10025888     libvcruntime:ehhelpers.obj
 0002:000078a8       __sehtable$??R<lambda_6e4b09c48022b2350581041d5f6b0c4c>@@QBE@XZ 100258a8     libucrt:exit.obj
 0002:000078c8       __sehtable$??$?RV<lambda_03b1d95aef87969028cfba75ccab2455>@@AAV<lambda_6e4b09c48022b2350581041d5f6b0c4c>@@V<lambda_22bdf7517842c4b3e53723af5aa32b9e>@@@?$__crt_seh_guarded_call@X@@QAEX$$QAV<lambda_03b1d95aef87969028cfba75ccab2455>@@AAV<lambda_6e4b09c48022b2350581041d5f6b0c4c>@@$$QAV<lambda_22bdf7517842c4b3e53723af5aa32b9e>@@@Z 100258c8     libucrt:exit.obj
 0002:000078e8       __sehtable$??$?RV<lambda_8e746cf0007f6ed984d6f78af1fec997>@@AAV<lambda_22ebabd17bc4fa466a2aca6d8deb888d>@@V<lambda_18ed0c0b38a6dc0daf1e7ac6d6adf05e>@@@?$__crt_seh_guarded_call@H@@QAEH$$QAV<lambda_8e746cf0007f6ed984d6f78af1fec997>@@AAV<lambda_22ebabd17bc4fa466a2aca6d8deb888d>@@$$QAV<lambda_18ed0c0b38a6dc0daf1e7ac6d6adf05e>@@@Z 100258e8     libucrt:onexit.obj
 0002:00007908       __sehtable$??$?RV<lambda_69a2805e680e0e292e8ba93315fe43a8>@@AAV<lambda_f03950bc5685219e0bcd2087efbe011e>@@V<lambda_03fcd07e894ec930e3f35da366ca99d6>@@@?$__crt_seh_guarded_call@H@@QAEH$$QAV<lambda_69a2805e680e0e292e8ba93315fe43a8>@@AAV<lambda_f03950bc5685219e0bcd2087efbe011e>@@$$QAV<lambda_03fcd07e894ec930e3f35da366ca99d6>@@@Z 10025908     libucrt:onexit.obj
 0002:00007928       __sehtable$__query_new_handler 10025928     libucrt:new_handler.obj
 0002:00007948       __sehtable$_terminate      10025948     libucrt:terminate.obj
 0002:00007968       __sehtable$??$?RV<lambda_15ade71b0218206bbe3333a0c9b79046>@@AAV<lambda_da44e0f8b0f19ba52fefafb335991732>@@V<lambda_207f2d024fc103971653565357d6cd41>@@@?$__crt_seh_guarded_call@X@@QAEX$$QAV<lambda_15ade71b0218206bbe3333a0c9b79046>@@AAV<lambda_da44e0f8b0f19ba52fefafb335991732>@@$$QAV<lambda_207f2d024fc103971653565357d6cd41>@@@Z 10025968     libucrt:per_thread_data.obj
 0002:00007988       __sehtable$??$?RV<lambda_a7e850c220f1c8d1e6efeecdedd162c6>@@AAV<lambda_46720907175c18b6c9d2717bc0d2d362>@@V<lambda_9048902d66e8d99359bc9897bbb930a8>@@@?$__crt_seh_guarded_call@X@@QAEX$$QAV<lambda_a7e850c220f1c8d1e6efeecdedd162c6>@@AAV<lambda_46720907175c18b6c9d2717bc0d2d362>@@$$QAV<lambda_9048902d66e8d99359bc9897bbb930a8>@@@Z 10025988     libucrt:per_thread_data.obj
 0002:000079a8       __sehtable$??$?RV<lambda_38edbb1296d33220d7e4dd0ed76b244a>@@AAV<lambda_5ce1d447e08cb34b2473517608e21441>@@V<lambda_fb385d3da700c9147fc39e65dd577a8c>@@@?$__crt_seh_guarded_call@X@@QAEX$$QAV<lambda_38edbb1296d33220d7e4dd0ed76b244a>@@AAV<lambda_5ce1d447e08cb34b2473517608e21441>@@$$QAV<lambda_fb385d3da700c9147fc39e65dd577a8c>@@@Z 100259a8     libucrt:per_thread_data.obj
 0002:000079c8       __sehtable$??$?RV<lambda_6affb1475c98b40b75cdec977db92e3c>@@AAV<lambda_b8d4b9c228a6ecc3f80208dbb4b4a104>@@V<lambda_608742c3c92a14382c1684fc64f96c88>@@@?$__crt_seh_guarded_call@X@@QAEX$$QAV<lambda_6affb1475c98b40b75cdec977db92e3c>@@AAV<lambda_b8d4b9c228a6ecc3f80208dbb4b4a104>@@$$QAV<lambda_608742c3c92a14382c1684fc64f96c88>@@@Z 100259c8     libucrt:per_thread_data.obj
 0002:000079e8       __sehtable$??$?RV<lambda_e5124f882df8998aaf41531e079ba474>@@AAV<lambda_3e16ef9562a7dcce91392c22ab16ea36>@@V<lambda_e25ca0880e6ef98be67edffd8c599615>@@@?$__crt_seh_guarded_call@X@@QAEX$$QAV<lambda_e5124f882df8998aaf41531e079ba474>@@AAV<lambda_3e16ef9562a7dcce91392c22ab16ea36>@@$$QAV<lambda_e25ca0880e6ef98be67edffd8c599615>@@@Z 100259e8     libucrt:wsetlocale.obj
 0002:00007a08       __sehtable$___acrt_initialize_lowio 10025a08     libucrt:ioinit.obj
 0002:00007a28       __sehtable$?update_thread_multibyte_data_internal@@YAPAU__crt_multibyte_data@@QAU__acrt_ptd@@QAU1@@Z 10025a28     libucrt:mbctype.obj
 0002:00007a48       __sehtable$??$?RV<lambda_ceb1ee4838e85a9d631eb091e2fbe199>@@AAV<lambda_ae742caa10f662c28703da3d2ea5e57e>@@V<lambda_cd08b5d6af4937fe54fc07d0c9bf6b37>@@@?$__crt_seh_guarded_call@X@@QAEX$$QAV<lambda_ceb1ee4838e85a9d631eb091e2fbe199>@@AAV<lambda_ae742caa10f662c28703da3d2ea5e57e>@@$$QAV<lambda_cd08b5d6af4937fe54fc07d0c9bf6b37>@@@Z 10025a48     libucrt:mbctype.obj
 0002:00007a68       __sehtable$_raise          10025a68     libucrt:signal.obj
 0002:00007a88       __sehtable$??$?RV<lambda_cbab9ec6f41b0180b23cc171c22676b0>@@AAV<lambda_44731a7d0e6d81c3e6aa82d741081786>@@V<lambda_4b292cb8dd18144e164572427af410ab>@@@?$__crt_seh_guarded_call@P6AXH@Z@@QAEP6AXH@Z$$QAV<lambda_cbab9ec6f41b0180b23cc171c22676b0>@@AAV<lambda_44731a7d0e6d81c3e6aa82d741081786>@@$$QAV<lambda_4b292cb8dd18144e164572427af410ab>@@@Z 10025a88     libucrt:signal.obj
 0002:00007aa8       __sehtable$___acrt_update_thread_locale_data 10025aa8     libucrt:locale_refcounting.obj
 0002:00007ac8       __sehtable$__fcloseall     10025ac8     libucrt:closeall.obj
 0002:00007ae8       __sehtable$??$?RV<lambda_2866be3712abc81a800a822484c830d8>@@AAV<lambda_39ca0ed439415581b5b15c265174cece>@@V<lambda_2b24c74d71094a6cd0cb82e44167d71b>@@@?$__crt_seh_guarded_call@X@@QAEX$$QAV<lambda_2866be3712abc81a800a822484c830d8>@@AAV<lambda_39ca0ed439415581b5b15c265174cece>@@$$QAV<lambda_2b24c74d71094a6cd0cb82e44167d71b>@@@Z 10025ae8     libucrt:fflush.obj
 0002:00007b08       __sehtable$??$?RV<lambda_2cc53f568c5a2bb6f192f930a45d44ea>@@AAV<lambda_ab61a845afdef5b7c387490eaf3616ee>@@V<lambda_c2ffc0b7726aa6be21d5f0026187e748>@@@?$__crt_seh_guarded_call@X@@QAEX$$QAV<lambda_2cc53f568c5a2bb6f192f930a45d44ea>@@AAV<lambda_ab61a845afdef5b7c387490eaf3616ee>@@$$QAV<lambda_c2ffc0b7726aa6be21d5f0026187e748>@@@Z 10025b08     libucrt:fflush.obj
 0002:00007b28       __sehtable$___acrt_lowio_ensure_fh_exists 10025b28     libucrt:osfinfo.obj
 0002:00007b48       __sehtable$__write         10025b48     libucrt:write.obj
 0002:00007b68       __sehtable$_fclose         10025b68     libucrt:fclose.obj
 0002:00007b88       __sehtable$??$?RV<lambda_9e9de3de5fa147e2223d7db92bc10aa6>@@AAV<lambda_38ce7e780aa69e748d6df282ebc68efe>@@V<lambda_8ca6da459f0f6780f1cff60fdc3d00e5>@@@?$__crt_seh_guarded_call@H@@QAEH$$QAV<lambda_9e9de3de5fa147e2223d7db92bc10aa6>@@AAV<lambda_38ce7e780aa69e748d6df282ebc68efe>@@$$QAV<lambda_8ca6da459f0f6780f1cff60fdc3d00e5>@@@Z 10025b88     libucrt:commit.obj
 0002:00007ba8       __sehtable$??$?RV<lambda_218ce3db14220d0be481dae8ef3383b6>@@AAV<lambda_628dfdc04ba53c8bfc02c9951375f3f5>@@V<lambda_57dc472bd5c9d5f3b2cbca59b8a843ae>@@@?$__crt_seh_guarded_call@H@@QAEH$$QAV<lambda_218ce3db14220d0be481dae8ef3383b6>@@AAV<lambda_628dfdc04ba53c8bfc02c9951375f3f5>@@$$QAV<lambda_57dc472bd5c9d5f3b2cbca59b8a843ae>@@@Z 10025ba8     libucrt:close.obj
 0002:00007bc8       __sehtable$__IsNonwritableInCurrentImage 10025bc8     LIBCMT:pesect.obj
 0002:00007bf0       .edata                     10025bf0     OPOSItemDispenser.exp
 0002:00007c18       rgpv                       10025c18     OPOSItemDispenser.exp
 0002:00007c28       rgszName                   10025c28     OPOSItemDispenser.exp
 0002:00007c38       rgwOrd                     10025c38     OPOSItemDispenser.exp
 0002:00007c40       szName                     10025c40     OPOSItemDispenser.exp
 0002:00007c56       $N00001                    10025c56     OPOSItemDispenser.exp
 0002:00007c66       $N00002                    10025c66     OPOSItemDispenser.exp
 0002:00007c78       $N00003                    10025c78     OPOSItemDispenser.exp
 0002:00007c8a       $N00004                    10025c8a     OPOSItemDispenser.exp
 0002:000082a4       .idata$6                   100262a4     kernel32:KERNEL32.dll
 0002:000084b8       .idata$6                   100264b8     user32:USER32.dll
 0002:000085ec       .idata$6                   100265ec     gdi32:GDI32.dll
 0002:00008692       .idata$6                   10026692     advapi32:ADVAPI32.dll
 0002:000087ae       .idata$6                   100267ae     ole32:ole32.dll
 0002:000087b8       .idata$6                   100267b8     oleaut32:OLEAUT32.dll
 0003:00000110       ?ObjectMap@@3PAU_ATL_OBJMAP_ENTRY30@ATL@@A 10027110     ItemDispenser.obj
 0003:000001c8       ?s_SOMethodNames@@3PAPADA  100271c8     ItemDispenserImpl.obj
 0003:00000218       ?s_RequiredMethodsPerRelease@@3PAHA 10027218     ItemDispenserImpl.obj
 0003:00000240       ?__vcrt_flsindex@@3KA      10027240     libvcruntime:per_thread_data.obj
 0003:00000260       ?errno_no_memory@@3HA      10027260     libucrt:errno.obj
 0003:00000264       ?doserrno_no_memory@@3KA   10027264     libucrt:errno.obj
 0003:00000270       ?__acrt_flsindex@@3KA      10027270     libucrt:per_thread_data.obj
 0003:000003e8       __mbctypes                 100273e8     libucrt:mbctype.obj
 0003:000004f0       __mbcasemaps               100274f0     libucrt:mbctype.obj
 0003:000005f0       ?__rgctypeflag@@3PADA      100275f0     libucrt:mbctype.obj
 0003:000005f8       ?__rgcode_page_info@@3PAUcode_page_info@@A 100275f8     libucrt:mbctype.obj
 0003:00000b00       ?is_initialized_as_dll@@3_NA 10027b00     LIBCMT:utility.obj
 0003:00000b01       ?module_local_atexit_table_initialized@@3_NA 10027b01     LIBCMT:utility.obj
 0003:00000b04       ?module_local_atexit_table@@3U_onexit_table_t@@A 10027b04     LIBCMT:utility.obj
 0003:00000b10       ?module_local_at_quick_exit_table@@3U_onexit_table_t@@A 10027b10     LIBCMT:utility.obj
 0003:00000b1c       ?_Tss_mutex@@3U_RTL_CRITICAL_SECTION@@A 10027b1c     LIBCMT:thread_safe_statics.obj
 0003:00000b34       ?_Tss_cv@@3U_RTL_CONDITION_VARIABLE@@A 10027b34     LIBCMT:thread_safe_statics.obj
 0003:00000b38       ?_Tss_event@@3PAXA         10027b38     LIBCMT:thread_safe_statics.obj
 0003:00000b3c       ?encoded_sleep_condition_variable_cs@@3P6GHPAU_RTL_CONDITION_VARIABLE@@PAU_RTL_CRITICAL_SECTION@@K@ZA 10027b3c     LIBCMT:thread_safe_statics.obj
 0003:00000b40       ?encoded_wake_all_condition_variable@@3P6GXPAU_RTL_CONDITION_VARIABLE@@@ZA 10027b40     LIBCMT:thread_safe_statics.obj
 0003:00000b48       _GS_ExceptionRecord        10027b48     LIBCMT:gs_report.obj
 0003:00000b98       _GS_ContextRecord          10027b98     LIBCMT:gs_report.obj
 0003:00000e68       ?__proc_attached@@3HA      10027e68     LIBCMT:dll_dllmain.obj
 0003:00000ec4       ?AllocateData@@3P6GPAUAtlThunkData_t@@XZA 10027ec4     atls:atlthunk.obj
 0003:00000ec8       ?InitData@@3P6GXPAUAtlThunkData_t@@PAXI@ZA 10027ec8     atls:atlthunk.obj
 0003:00000ecc       ?DataToCode@@3P6GP6GJPAUHWND__@@IIJ@ZPAUAtlThunkData_t@@@ZA 10027ecc     atls:atlthunk.obj
 0003:00000ed0       ?FreeData@@3P6GXPAUAtlThunkData_t@@@ZA 10027ed0     atls:atlthunk.obj
 0003:00000ed4       ?Initialized@@3_NA         10027ed4     atls:atlthunk.obj
 0003:00000ee0       ?__vcrt_startup_thread_ptd@@3U__vcrt_ptd@@A 10027ee0     libvcruntime:per_thread_data.obj
 0003:00000f08       ___vcrt_lock_table         10027f08     libvcruntime:locks.obj
 0003:00000f20       ___vcrt_locks_initialized  10027f20     libvcruntime:locks.obj
 0003:00000f24       ?module_handles@@3PAPAUHINSTANCE__@@A 10027f24     libvcruntime:winapi_downlevel.obj
 0003:00000f30       ?encoded_function_pointers@@3PAPAXA 10027f30     libvcruntime:winapi_downlevel.obj
 0003:00000f6c       ?heap@@3V_HeapManager@@A   10027f6c     libvcruntime:undname.obj
 0003:00000f84       ?__acrt_invalid_parameter_handler@@3V?$dual_state_global@P6AXPB_W00II@Z@__crt_state_management@@A 10027f84     libucrt:invalid_parameter.obj
 0003:00000f88       ?c_termination_complete@@3JA 10027f88     libucrt:exit.obj
 0003:00000f8c       ?thread_local_exit_callback_func@@3P6GXPAXK0@ZA 10027f8c     libucrt:exit.obj
 0003:00000f98       ?program_name@?1???$common_configure_argv@D@@YAHW4_crt_argv_mode@@@Z@4PADA 10027f98     libucrt:argv_parsing.obj
 0003:000010c8       ?__acrt_new_handler@@3V?$dual_state_global@P6AHI@Z@__crt_state_management@@A 100280c8     libucrt:new_handler.obj
 0003:000010d0       ?module_handles@@3PAPAUHINSTANCE__@@A 100280d0     libucrt:winapi_thunks.obj
 0003:00001120       ?encoded_function_pointers@@3PAPAXA 10028120     libucrt:winapi_thunks.obj
 0003:000011b0       ?enable_percent_n@@3IA     100281b0     libucrt:printf_count_output.obj
 0003:000013d0       ?__acrt_lock_table@@3PAU_RTL_CRITICAL_SECTION@@A 100283d0     libucrt:locks.obj
 0003:00001520       ?__acrt_locks_initialized@@3IA 10028520     libucrt:locks.obj
 0003:00001530       ?fSystemSet@@3HA           10028530     libucrt:mbctype.obj
 0003:00001534       ?initialized@?1??__acrt_initialize_multibyte@@9@4_NA 10028534     libucrt:mbctype.obj
 0003:00001554       ?ctrlc_action@@3V?$dual_state_global@P6AXH@Z@__crt_state_management@@A 10028554     libucrt:signal.obj
 0003:00001558       ?ctrlbreak_action@@3V?$dual_state_global@P6AXH@Z@__crt_state_management@@A 10028558     libucrt:signal.obj
 0003:0000155c       ?abort_action@@3V?$dual_state_global@P6AXH@Z@__crt_state_management@@A 1002855c     libucrt:signal.obj
 0003:00001560       ?term_action@@3V?$dual_state_global@P6AXH@Z@__crt_state_management@@A 10028560     libucrt:signal.obj
 0003:00001564       ?user_matherr@@3V?$dual_state_global@P6AHPAU_exception@@@Z@__crt_state_management@@A 10028564     libucrt:matherr.obj
 0003:00001568       ?__acrt_global_new_mode@@3V?$dual_state_global@J@__crt_state_management@@A 10028568     libucrt:new_mode.obj
 0003:00001574       ?__acrt_app_type@@3W4_crt_app_type@@A 10028574     libucrt:report_runtime_error.obj
 0003:0000157c       __pmatherr_set             1002857c     libucrt:libm_error.obj
 0004:00000220       $R000000                   10029220     ItemDispenser.res
 0004:00000ba0       $R000980                   10029ba0     ItemDispenser.res
 0004:00000c88       $R000A68                   10029c88     ItemDispenser.res
 0004:00000ef0       $R000CD0                   10029ef0     ItemDispenser.res
 0004:000013d8       $R0011B8                   1002a3d8     ItemDispenser.res
 0004:00003920       $R003700                   1002c920     ItemDispenser.res
 0004:00003960       $R003740                   1002c960     ItemDispenser.res
