 OPOSItemDispenser

 Timestamp is 5ed4585a (Mon Jun  1 10:22:34 2020)

 Preferred load address is 10000000

 Start         Length     Name                   Class
 0001:00000000 00000080H .text$di                CODE
 0001:00000080 0001dec3H .text$mn                CODE
 0001:0001df43 00000036H .text$x                 CODE
 0001:0001df79 00000042H .text$yd                CODE
 0002:00000000 000002fcH .idata$5                DATA
 0002:000002fc 00000004H .00cfg                  DATA
 0002:00000300 00000004H .CRT$XCA                DATA
 0002:00000304 00000004H .CRT$XCL                DATA
 0002:00000308 00000010H .CRT$XCU                DATA
 0002:00000318 00000004H .CRT$XCZ                DATA
 0002:0000031c 00000004H .CRT$XIA                DATA
 0002:00000320 00000010H .CRT$XIC                DATA
 0002:00000330 00000004H .CRT$XIZ                DATA
 0002:00000334 00000004H .CRT$XLA                DATA
 0002:00000338 00000004H .CRT$XLZ                DATA
 0002:0000033c 00000004H .CRT$XPA                DATA
 0002:00000340 00000008H .CRT$XPX                DATA
 0002:00000348 00000004H .CRT$XPXA               DATA
 0002:0000034c 00000004H .CRT$XPZ                DATA
 0002:00000350 00000004H .CRT$XTA                DATA
 0002:00000354 0000000cH .CRT$XTZ                DATA
 0002:00000358 00000000H .gfids$y                DATA
 0002:00000360 000071d8H .rdata                  DATA
 0002:00007538 00000018H .rdata$T                DATA
 0002:00007550 00000178H .rdata$r                DATA
 0002:000076c8 0000001cH .rdata$sxdata           DATA
 0002:000076e4 000003e0H .rdata$zzzdbg           DATA
 0002:00007ac4 00000004H .rtc$IAA                DATA
 0002:00007ac8 00000004H .rtc$IZZ                DATA
 0002:00007acc 00000004H .rtc$TAA                DATA
 0002:00007ad0 00000004H .rtc$TZZ                DATA
 0002:00007ad4 00000004H .tls                    DATA
 0002:00007ad8 00000004H .tls$                   DATA
 0002:00007adc 00000004H .tls$ZZZ                DATA
 0002:00007ae0 0000062cH .xdata$x                DATA
 0002:0000810c 00000004H ATL$__a                 DATA
 0002:00008110 00000010H ATL$__z                 DATA
 0002:00008120 000000b0H .edata                  DATA
 0002:000081d0 00000078H .idata$2                DATA
 0002:00008248 00000014H .idata$3                DATA
 0002:0000825c 000002fcH .idata$4                DATA
 0002:00008558 00000bceH .idata$6                DATA
 0003:00000000 00000aa0H .data                   DATA
 0003:00000aa0 00000098H .data$r                 DATA
 0003:00000b38 00000b80H .bss                    DATA
 0004:00000000 00000220H .rsrc$01                DATA
 0004:00000220 00003930H .rsrc$02                DATA

  Address         Publics by Value              Rva+Base       Lib:Object

 0000:00000000       ___arm64x_redirection_metadata 00000000     <absolute>
 0000:00000000       ___guard_iat_count         00000000     <absolute>
 0000:00000000       ___x64_code_ranges_to_entry_points 00000000     <absolute>
 0000:00000000       ___guard_fids_count        00000000     <absolute>
 0000:00000000       ___guard_longjmp_table     00000000     <absolute>
 0000:00000000       ___hybrid_code_map_count   00000000     <absolute>
 0000:00000000       ___dynamic_value_reloc_table 00000000     <absolute>
 0000:00000000       ___guard_longjmp_count     00000000     <absolute>
 0000:00000000       __except_list              00000000     <absolute>
 0000:00000000       ___arm64x_native_entrypoint 00000000     <absolute>
 0000:00000000       ___guard_fids_table        00000000     <absolute>
 0000:00000000       ___guard_eh_cont_count     00000000     <absolute>
 0000:00000000       ___hybrid_auxiliary_iat    00000000     <absolute>
 0000:00000000       ___guard_iat_table         00000000     <absolute>
 0000:00000000       ___volatile_metadata       00000000     <absolute>
 0000:00000000       ___enclave_config          00000000     <absolute>
 0000:00000000       ___AbsoluteZero            00000000     <absolute>
 0000:00000000       ___guard_eh_cont_table     00000000     <absolute>
 0000:00000000       ___hybrid_code_map         00000000     <absolute>
 0000:00000007       ___safe_se_handler_count   00000007     <absolute>
 0000:0000002c       __tls_array                0000002c     <absolute>
 0000:00000100       ___guard_flags             00000100     <absolute>
 0000:00000000       ___ImageBase               10000000     <linker-defined>
 0001:00000080       ?DupWide@_CW@@AAEXXZ       10001080 f   CWString.obj
 0001:0000009c       ?cw_dup@@YGXPBDAAHAAPA_W1@Z 1000109c f   CWString.obj
 0001:00000124       ?cw_memcpy@@YGHPA_WPBDH@Z  10001124 f   CWString.obj
 0001:00000150       ?cw_strcpy@@YAHPA_WPBD@Z   10001150 f   CWString.obj
 0001:00000163       ?cw_strlen@@YAHPBD@Z       10001163 f   CWString.obj
 0001:0000017c       ??0CAtlComModule@ATL@@QAE@XZ 1000117c f i OposVariant.obj
 0001:000001c1       ??0CAtlWinModule@ATL@@QAE@XZ 100011c1 f i OposVariant.obj
 0001:000001f8       ??0OposDispParms@@QAE@PAVOposVariant@@H@Z 100011f8 f   OposVariant.obj
 0001:00000269       ??1OposDispParms@@QAE@XZ   10001269 f   OposVariant.obj
 0001:00000277       ??A?$CSimpleArray@GV?$CSimpleArrayEqualHelper@G@ATL@@@ATL@@QAEAAGH@Z 10001277 f i OposVariant.obj
 0001:0000029c       ??_Estringdispid@CComTypeInfoHolder@ATL@@QAEPAXI@Z 1000129c f i OposVariant.obj
 0001:00000308       ?AtlWinModuleInit@ATL@@YGJPAU_ATL_WIN_MODULE70@1@@Z 10001308 f i OposVariant.obj
 0001:0000032e       ?AtlWinModuleTerm@ATL@@YGJPAU_ATL_WIN_MODULE70@1@PAUHINSTANCE__@@@Z 1000132e f i OposVariant.obj
 0001:00000391       ?ChangeBSTR@OposVariant@@QAEXPAPA_WAAJ@Z 10001391 f   OposVariant.obj
 0001:000003d2       ?ChangeLONG@OposVariant@@QAEXPAJAAJ@Z 100013d2 f   OposVariant.obj
 0001:00000413       ?GetLONG@OposVariant@@QAEJXZ 10001413 f   OposVariant.obj
 0001:0000042e       ?Init@CComCriticalSection@ATL@@QAEJXZ 1000142e f i OposVariant.obj
 0001:00000456       ?RemoveAll@?$CSimpleArray@GV?$CSimpleArrayEqualHelper@G@ATL@@@ATL@@QAEXXZ 10001456 f i OposVariant.obj
 0001:00000456       ?RemoveAll@?$CSimpleArray@PAUHINSTANCE__@@V?$CSimpleArrayEqualHelper@PAUHINSTANCE__@@@ATL@@@ATL@@QAEXXZ 10001456 f i atls:atlbase.obj
 0001:00000473       ?SetBSTR@OposVariant@@QAEXPA_WAAJ@Z 10001473 f   OposVariant.obj
 0001:000004a7       ?SetBSTR_Copy@OposVariant@@QAEXPA_WAAJ@Z 100014a7 f   OposVariant.obj
 0001:000004f7       ?SetBSTR_InOutPtr@OposVariant@@QAE_NPAPA_WAAJ@Z 100014f7 f   OposVariant.obj
 0001:0000052e       ?SetDispatch_Ptr@OposVariant@@QAEXPAUIDispatch@@AAJ@Z 1000152e f   OposVariant.obj
 0001:00000569       ?SetLONG@OposVariant@@QAEXJ@Z 10001569 f   OposVariant.obj
 0001:0000058b       ?SetLONG_Ptr@OposVariant@@QAEXPAJAAJ@Z 1000158b f   OposVariant.obj
 0001:000005be       ?SetString@OposVariant@@QAEXPB_WAAJ@Z 100015be f   OposVariant.obj
 0001:00000604       ?SetVARIANT_BOOL@OposVariant@@QAEXF@Z 10001604 f   OposVariant.obj
 0001:0000062e       ?Term@CAtlComModule@ATL@@QAEXXZ 1000162e f i OposVariant.obj
 0001:00000678       ?_AtlRaiseException@ATL@@YAXKK@Z 10001678 f i OposVariant.obj
 0001:0000068d       ?CreateInstance@CComClassFactory@ATL@@UAGJPAUIUnknown@@ABU_GUID@@PAPAX@Z 1000168d f i ItemDispenser.obj
 0001:000006cb       ?LockServer@CComClassFactory@ATL@@UAGJH@Z 100016cb f i ItemDispenser.obj
 0001:000006ea       ??_GCComClassFactory@ATL@@UAEPAXI@Z 100016ea f i ItemDispenser.obj
 0001:000006ea       ??_ECComClassFactory@ATL@@UAEPAXI@Z 100016ea f i ItemDispenser.obj
 0001:00000715       ?GetWindowProc@?$CWindowImplBaseT@VCWindow@ATL@@V?$CWinTraits@$0FGAAAAAA@$0A@@2@@ATL@@UAEP6GJPAUHWND__@@IIJ@ZXZ 10001715 f i ItemDispenser.obj
 0001:0000071b       ?StartWindowProc@?$CWindowImplBaseT@VCWindow@ATL@@V?$CWinTraits@$0FGAAAAAA@$0A@@2@@ATL@@SGJPAUHWND__@@IIJ@Z 1000171b f i ItemDispenser.obj
 0001:0000076f       ?ObjectMain@CComObjectRootBase@ATL@@SGX_N@Z 1000176f f i ItemDispenser.obj
 0001:0000076f       ?OnFinalMessage@?$CWindowImplBaseT@VCWindow@ATL@@V?$CWinTraits@$0FGAAAAAA@$0A@@2@@ATL@@UAEXPAUHWND__@@@Z 1000176f f i ItemDispenser.obj
 0001:00000772       ?GetTypeInfoCount@?$IDispatchImpl@UIOPOSItemDispenser@@$1?IID_IOPOSItemDispenser@@3U_GUID@@B$1?LIBID_OposItemDispenser_CCO@@3U3@B$00$0A@VCComTypeInfoHolder@ATL@@@ATL@@UAGJPAI@Z 10001772 f i ItemDispenser.obj
 0001:0000078f       ?GetTypeInfo@?$IDispatchImpl@UIOPOSItemDispenser@@$1?IID_IOPOSItemDispenser@@3U_GUID@@B$1?LIBID_OposItemDispenser_CCO@@3U3@B$00$0A@VCComTypeInfoHolder@ATL@@@ATL@@UAGJIKPAPAUITypeInfo@@@Z 1000178f f i ItemDispenser.obj
 0001:000007b3       ?GetIDsOfNames@?$IDispatchImpl@UIOPOSItemDispenser@@$1?IID_IOPOSItemDispenser@@3U_GUID@@B$1?LIBID_OposItemDispenser_CCO@@3U3@B$00$0A@VCComTypeInfoHolder@ATL@@@ATL@@UAGJABU_GUID@@PAPA_WIKPAJ@Z 100017b3 f i ItemDispenser.obj
 0001:000007d3       ?Invoke@?$IDispatchImpl@UIOPOSItemDispenser@@$1?IID_IOPOSItemDispenser@@3U_GUID@@B$1?LIBID_OposItemDispenser_CCO@@3U3@B$00$0A@VCComTypeInfoHolder@ATL@@@ATL@@UAGJJABU_GUID@@KGPAUtagDISPPARAMS@@PAUtagVARIANT@@PAUtagEXCEPINFO@@PAI@Z 100017d3 f i ItemDispenser.obj
 0001:000007e1       ?CreateControlWindow@?$CComControl@VCOPOSItemDispenser@@V?$CWindowImpl@VCOPOSItemDispenser@@VCWindow@ATL@@V?$CWinTraits@$0FGAAAAAA@$0A@@3@@ATL@@@ATL@@UAEPAUHWND__@@PAU3@AAUtagRECT@@@Z 100017e1 f i ItemDispenser.obj
 0001:00000810       ?ControlQueryInterface@?$CComControl@VCOPOSItemDispenser@@V?$CWindowImpl@VCOPOSItemDispenser@@VCWindow@ATL@@V?$CWinTraits@$0FGAAAAAA@$0A@@3@@ATL@@@ATL@@UAEJABU_GUID@@PAPAX@Z 10001810 f i ItemDispenser.obj
 0001:0000082b       ?GetUserClassID@?$IOleObjectImpl@VCOPOSItemDispenser@@@ATL@@UAGJPAU_GUID@@@Z 1000182b f i ItemDispenser.obj
 0001:0000082b       ?GetClassID@?$IPersistStreamInitImpl@VCOPOSItemDispenser@@@ATL@@UAGJPAU_GUID@@@Z 1000182b f i ItemDispenser.obj
 0001:0000082b       ?GetClassID@?$IPersistStorageImpl@VCOPOSItemDispenser@@@ATL@@UAGJPAU_GUID@@@Z 1000182b f i ItemDispenser.obj
 0001:0000084f       ?IsDirty@?$IPersistStreamInitImpl@VCOPOSItemDispenser@@@ATL@@UAGJXZ 1000184f f i ItemDispenser.obj
 0001:0000086e       ?Load@?$IPersistStreamInitImpl@VCOPOSItemDispenser@@@ATL@@UAGJPAUIStream@@@Z 1000186e f i ItemDispenser.obj
 0001:0000088d       ?Save@?$IPersistStreamInitImpl@VCOPOSItemDispenser@@@ATL@@UAGJPAUIStream@@H@Z 1000188d f i ItemDispenser.obj
 0001:000008af       ?GetSizeMax@?$IPersistStreamInitImpl@VCOPOSItemDispenser@@@ATL@@UAGJPAT_ULARGE_INTEGER@@@Z 100018af f i ItemDispenser.obj
 0001:00000a8e       ?InitNew@?$IPersistStreamInitImpl@VCOPOSItemDispenser@@@ATL@@UAGJXZ 10001a8e f i ItemDispenser.obj
 0001:00000aab       ?SetColorScheme@?$IOleObjectImpl@VCOPOSItemDispenser@@@ATL@@UAGJPAUtagLOGPALETTE@@@Z 10001aab f i ItemDispenser.obj
 0001:00000aab       ?GetDropTarget@?$IOleInPlaceObjectWindowlessImpl@VCOPOSItemDispenser@@@ATL@@UAGJPAPAUIDropTarget@@@Z 10001aab f i ItemDispenser.obj
 0001:00000aab       ?OnMnemonic@?$IOleControlImpl@VCOPOSItemDispenser@@@ATL@@UAGJPAUtagMSG@@@Z 10001aab f i ItemDispenser.obj
 0001:00000aab       ?SODataDummy@COPOSItemDispenser@@MAGJJ@Z 10001aab f i ItemDispenser.obj
 0001:00000aab       ?QueryGetData@?$IDataObjectImpl@VCOPOSItemDispenser@@@ATL@@UAGJPAUtagFORMATETC@@@Z 10001aab f i ItemDispenser.obj
 0001:00000aab       ?ContextSensitiveHelp@?$IOleInPlaceActiveObjectImpl@VCOPOSItemDispenser@@@ATL@@UAGJH@Z 10001aab f i ItemDispenser.obj
 0001:00000aab       ?Unfreeze@?$IViewObjectExImpl@VCOPOSItemDispenser@@@ATL@@UAGJK@Z 10001aab f i ItemDispenser.obj
 0001:00000aab       ?ContextSensitiveHelp@?$IOleInPlaceObjectWindowlessImpl@VCOPOSItemDispenser@@@ATL@@UAGJH@Z 10001aab f i ItemDispenser.obj
 0001:00000aab       ?GetControlInfo@?$IOleControlImpl@VCOPOSItemDispenser@@@ATL@@UAGJPAUtagCONTROLINFO@@@Z 10001aab f i ItemDispenser.obj
 0001:00000aab       ?SOOutputCompleteDummy@COPOSItemDispenser@@MAGJJ@Z 10001aab f i ItemDispenser.obj
 0001:00000ab3       ?EnableModeless@?$IOleInPlaceActiveObjectImpl@VCOPOSItemDispenser@@@ATL@@UAGJH@Z 10001ab3 f i ItemDispenser.obj
 0001:00000ab3       ?OnFrameWindowActivate@?$IOleInPlaceActiveObjectImpl@VCOPOSItemDispenser@@@ATL@@UAGJH@Z 10001ab3 f i ItemDispenser.obj
 0001:00000ab3       ?SaveCompleted@?$IPersistStorageImpl@VCOPOSItemDispenser@@@ATL@@UAGJPAUIStorage@@@Z 10001ab3 f i ItemDispenser.obj
 0001:00000ab3       ?OnAmbientPropertyChange@?$IOleControlImpl@VCOPOSItemDispenser@@@ATL@@UAGJJ@Z 10001ab3 f i ItemDispenser.obj
 0001:00000ab8       ?SetClientSite@?$IOleObjectImpl@VCOPOSItemDispenser@@@ATL@@UAGJPAUIOleClientSite@@@Z 10001ab8 f i ItemDispenser.obj
 0001:00000ad5       ?GetClientSite@?$IOleObjectImpl@VCOPOSItemDispenser@@@ATL@@UAGJPAPAUIOleClientSite@@@Z 10001ad5 f i ItemDispenser.obj
 0001:00000af2       ?SetHostNames@?$IOleObjectImpl@VCOPOSItemDispenser@@@ATL@@UAGJPB_W0@Z 10001af2 f i ItemDispenser.obj
 0001:00000af7       ?Close@?$IOleObjectImpl@VCOPOSItemDispenser@@@ATL@@UAGJK@Z 10001af7 f i ItemDispenser.obj
 0001:00000b14       ?GetCanonicalFormatEtc@?$IDataObjectImpl@VCOPOSItemDispenser@@@ATL@@UAGJPAUtagFORMATETC@@0@Z 10001b14 f i ItemDispenser.obj
 0001:00000b14       ?GetRect@?$IViewObjectExImpl@VCOPOSItemDispenser@@@ATL@@UAGJKPAU_RECTL@@@Z 10001b14 f i ItemDispenser.obj
 0001:00000b14       ?QueryInterface@CRegObject@ATL@@UAGJABU_GUID@@PAPAX@Z 10001b14 f i ItemDispenser.obj
 0001:00000b14       ?SetMoniker@?$IOleObjectImpl@VCOPOSItemDispenser@@@ATL@@UAGJKPAUIMoniker@@@Z 10001b14 f i ItemDispenser.obj
 0001:00000b14       ?GetDataHere@?$IDataObjectImpl@VCOPOSItemDispenser@@@ATL@@UAGJPAUtagFORMATETC@@PAUtagSTGMEDIUM@@@Z 10001b14 f i ItemDispenser.obj
 0001:00000b14       ?GetClipboardData@?$IOleObjectImpl@VCOPOSItemDispenser@@@ATL@@UAGJKPAPAUIDataObject@@@Z 10001b14 f i ItemDispenser.obj
 0001:00000b14       ?EnumFormatEtc@?$IDataObjectImpl@VCOPOSItemDispenser@@@ATL@@UAGJKPAPAUIEnumFORMATETC@@@Z 10001b14 f i ItemDispenser.obj
 0001:00000b1c       ?GetMoniker@?$IOleObjectImpl@VCOPOSItemDispenser@@@ATL@@UAGJKKPAPAUIMoniker@@@Z 10001b1c f i ItemDispenser.obj
 0001:00000b1c       ?SetData@?$IDataObjectImpl@VCOPOSItemDispenser@@@ATL@@UAGJPAUtagFORMATETC@@PAUtagSTGMEDIUM@@H@Z 10001b1c f i ItemDispenser.obj
 0001:00000b1c       ?InitFromData@?$IOleObjectImpl@VCOPOSItemDispenser@@@ATL@@UAGJPAUIDataObject@@HK@Z 10001b1c f i ItemDispenser.obj
 0001:00000b24       ?DoVerb@?$IOleObjectImpl@VCOPOSItemDispenser@@@ATL@@UAGJJPAUtagMSG@@PAUIOleClientSite@@JPAUHWND__@@PBUtagRECT@@@Z 10001b24 f i ItemDispenser.obj
 0001:00000c18       ?EnumVerbs@?$IOleObjectImpl@VCOPOSItemDispenser@@@ATL@@UAGJPAPAUIEnumOLEVERB@@@Z 10001c18 f i ItemDispenser.obj
 0001:00000c3a       ?HandsOffStorage@?$IPersistStorageImpl@VCOPOSItemDispenser@@@ATL@@UAGJXZ 10001c3a f i ItemDispenser.obj
 0001:00000c3a       ?IsUpToDate@?$IOleObjectImpl@VCOPOSItemDispenser@@@ATL@@UAGJXZ 10001c3a f i ItemDispenser.obj
 0001:00000c3a       ?Update@?$IOleObjectImpl@VCOPOSItemDispenser@@@ATL@@UAGJXZ 10001c3a f i ItemDispenser.obj
 0001:00000c3a       ?Release@CRegObject@ATL@@UAGKXZ 10001c3a f i ItemDispenser.obj
 0001:00000c3f       ?GetUserType@?$IOleObjectImpl@VCOPOSItemDispenser@@@ATL@@UAGJKPAPA_W@Z 10001c3f f i ItemDispenser.obj
 0001:00000c57       ?SetExtent@?$IOleObjectImpl@VCOPOSItemDispenser@@@ATL@@UAGJKPAUtagSIZE@@@Z 10001c57 f i ItemDispenser.obj
 0001:00000c77       ?GetExtent@?$IOleObjectImpl@VCOPOSItemDispenser@@@ATL@@UAGJKPAUtagSIZE@@@Z 10001c77 f i ItemDispenser.obj
 0001:00000cb5       ?Advise@?$IOleObjectImpl@VCOPOSItemDispenser@@@ATL@@UAGJPAUIAdviseSink@@PAK@Z 10001cb5 f i ItemDispenser.obj
 0001:00000cd5       ?Unadvise@?$IOleObjectImpl@VCOPOSItemDispenser@@@ATL@@UAGJK@Z 10001cd5 f i ItemDispenser.obj
 0001:00000d04       ?EnumAdvise@?$IOleObjectImpl@VCOPOSItemDispenser@@@ATL@@UAGJPAPAUIEnumSTATDATA@@@Z 10001d04 f i ItemDispenser.obj
 0001:00000d44       ?GetMiscStatus@?$IOleObjectImpl@VCOPOSItemDispenser@@@ATL@@UAGJKPAK@Z 10001d44 f i ItemDispenser.obj
 0001:00000d5c       ?GetWindow@?$IOleInPlaceActiveObjectImpl@VCOPOSItemDispenser@@@ATL@@UAGJPAPAUHWND__@@@Z 10001d5c f i ItemDispenser.obj
 0001:00000da9       ?TranslateAcceleratorW@?$IOleInPlaceActiveObjectImpl@VCOPOSItemDispenser@@@ATL@@UAGJPAUtagMSG@@@Z 10001da9 f i ItemDispenser.obj
 0001:00000e57       ?OnDocWindowActivate@?$IOleInPlaceActiveObjectImpl@VCOPOSItemDispenser@@@ATL@@UAGJH@Z 10001e57 f i ItemDispenser.obj
 0001:00000e79       ?ResizeBorder@?$IOleInPlaceActiveObjectImpl@VCOPOSItemDispenser@@@ATL@@UAGJPBUtagRECT@@PAUIOleInPlaceUIWindow@@H@Z 10001e79 f i ItemDispenser.obj
 0001:00000e7e       ?Draw@?$IViewObjectExImpl@VCOPOSItemDispenser@@@ATL@@UAGJKJPAXPAUtagDVTARGETDEVICE@@PAUHDC__@@2PBU_RECTL@@3P6GHK@ZK@Z 10001e7e f i ItemDispenser.obj
 0001:00000eb0       ?GetColorSet@?$IViewObjectExImpl@VCOPOSItemDispenser@@@ATL@@UAGJKJPAXPAUtagDVTARGETDEVICE@@PAUHDC__@@PAPAUtagLOGPALETTE@@@Z 10001eb0 f i ItemDispenser.obj
 0001:00000eb8       ?SOErrorDummy@COPOSItemDispenser@@MAGJJJJPAJ@Z 10001eb8 f i ItemDispenser.obj
 0001:00000eb8       ?Freeze@?$IViewObjectExImpl@VCOPOSItemDispenser@@@ATL@@UAGJKJPAXPAK@Z 10001eb8 f i ItemDispenser.obj
 0001:00000ec0       ?SetAdvise@?$IViewObjectExImpl@VCOPOSItemDispenser@@@ATL@@UAGJKKPAUIAdviseSink@@@Z 10001ec0 f i ItemDispenser.obj
 0001:00000edf       ?GetAdvise@?$IViewObjectExImpl@VCOPOSItemDispenser@@@ATL@@UAGJPAK0PAPAUIAdviseSink@@@Z 10001edf f i ItemDispenser.obj
 0001:00000f14       ?GetExtent@?$IViewObjectExImpl@VCOPOSItemDispenser@@@ATL@@UAGJKJPAUtagDVTARGETDEVICE@@PAUtagSIZE@@@Z 10001f14 f i ItemDispenser.obj
 0001:00000f45       ?GetViewStatus@?$IViewObjectExImpl@VCOPOSItemDispenser@@@ATL@@UAGJPAK@Z 10001f45 f i ItemDispenser.obj
 0001:00000f62       ?QueryHitPoint@?$IViewObjectExImpl@VCOPOSItemDispenser@@@ATL@@UAGJKPBUtagRECT@@UtagPOINT@@JPAK@Z 10001f62 f i ItemDispenser.obj
 0001:00000fa3       ?QueryHitRect@?$IViewObjectExImpl@VCOPOSItemDispenser@@@ATL@@UAGJKPBUtagRECT@@0JPAK@Z 10001fa3 f i ItemDispenser.obj
 0001:00000ffe       ?GetNaturalExtent@?$IViewObjectExImpl@VCOPOSItemDispenser@@@ATL@@UAGJKJPAUtagDVTARGETDEVICE@@PAUHDC__@@PAUtagExtentInfo@@PAUtagSIZE@@@Z 10001ffe f i ItemDispenser.obj
 0001:00001049       ?GetWindow@?$IOleInPlaceObjectWindowlessImpl@VCOPOSItemDispenser@@@ATL@@UAGJPAPAUHWND__@@@Z 10002049 f i ItemDispenser.obj
 0001:00001096       ?InPlaceDeactivate@?$IOleInPlaceObjectWindowlessImpl@VCOPOSItemDispenser@@@ATL@@UAGJXZ 10002096 f i ItemDispenser.obj
 0001:000010b0       ?UIDeactivate@?$IOleInPlaceObjectWindowlessImpl@VCOPOSItemDispenser@@@ATL@@UAGJXZ 100020b0 f i ItemDispenser.obj
 0001:000010ca       ?SetObjectRects@?$IOleInPlaceObjectWindowlessImpl@VCOPOSItemDispenser@@@ATL@@UAGJPBUtagRECT@@0@Z 100020ca f i ItemDispenser.obj
 0001:000010ea       ?ReactivateAndUndo@?$IOleInPlaceObjectWindowlessImpl@VCOPOSItemDispenser@@@ATL@@UAGJXZ 100020ea f i ItemDispenser.obj
 0001:000010f2       ?OnWindowMessage@?$IOleInPlaceObjectWindowlessImpl@VCOPOSItemDispenser@@@ATL@@UAGJIIJPAJ@Z 100020f2 f i ItemDispenser.obj
 0001:00001162       ?EnumConnectionPoints@?$IConnectionPointContainerImpl@VCOPOSItemDispenser@@@ATL@@UAGJPAPAUIEnumConnectionPoints@@@Z 10002162 f i ItemDispenser.obj
 0001:000012ee       ?FindConnectionPoint@?$IConnectionPointContainerImpl@VCOPOSItemDispenser@@@ATL@@UAGJABU_GUID@@PAPAUIConnectionPoint@@@Z 100022ee f i ItemDispenser.obj
 0001:00001391       ?IsDirty@?$IPersistStorageImpl@VCOPOSItemDispenser@@@ATL@@UAGJXZ 10002391 f i ItemDispenser.obj
 0001:000013c1       ?InitNew@?$IPersistStorageImpl@VCOPOSItemDispenser@@@ATL@@UAGJPAUIStorage@@@Z 100023c1 f i ItemDispenser.obj
 0001:000013f1       ?Load@?$IPersistStorageImpl@VCOPOSItemDispenser@@@ATL@@UAGJPAUIStorage@@@Z 100023f1 f i ItemDispenser.obj
 0001:0000145d       ?Save@?$IPersistStorageImpl@VCOPOSItemDispenser@@@ATL@@UAGJPAUIStorage@@H@Z 1000245d f i ItemDispenser.obj
 0001:000014d0       ?GetPages@?$ISpecifyPropertyPagesImpl@VCOPOSItemDispenser@@@ATL@@UAGJPAUtagCAUUID@@@Z 100024d0 f i ItemDispenser.obj
 0001:000014e7       ?QuickActivate@?$IQuickActivateImpl@VCOPOSItemDispenser@@@ATL@@UAGJPAUtagQACONTAINER@@PAUtagQACONTROL@@@Z 100024e7 f i ItemDispenser.obj
 0001:0000150a       ?SetContentExtent@?$IQuickActivateImpl@VCOPOSItemDispenser@@@ATL@@UAGJPAUtagSIZE@@@Z 1000250a f i ItemDispenser.obj
 0001:00001536       ?GetContentExtent@?$IQuickActivateImpl@VCOPOSItemDispenser@@@ATL@@UAGJPAUtagSIZE@@@Z 10002536 f i ItemDispenser.obj
 0001:00001570       ?GetData@?$IDataObjectImpl@VCOPOSItemDispenser@@@ATL@@UAGJPAUtagFORMATETC@@PAUtagSTGMEDIUM@@@Z 10002570 f i ItemDispenser.obj
 0001:00001593       ?DAdvise@?$IDataObjectImpl@VCOPOSItemDispenser@@@ATL@@UAGJPAUtagFORMATETC@@KPAUIAdviseSink@@PAK@Z 10002593 f i ItemDispenser.obj
 0001:000015d4       ?DUnadvise@?$IDataObjectImpl@VCOPOSItemDispenser@@@ATL@@UAGJK@Z 100025d4 f i ItemDispenser.obj
 0001:00001602       ?EnumDAdvise@?$IDataObjectImpl@VCOPOSItemDispenser@@@ATL@@UAGJPAPAUIEnumSTATDATA@@@Z 10002602 f i ItemDispenser.obj
 0001:00001641       ?GetClassInfoW@?$IProvideClassInfo2Impl@$1?CLSID_OPOSItemDispenser@@3U_GUID@@B$1?DIID__IOPOSItemDispenserEvents@@3U2@B$1?LIBID_OposItemDispenser_CCO@@3U2@B$00$0A@VCComTypeInfoHolder@ATL@@@ATL@@UAGJPAPAUITypeInfo@@@Z 10002641 f i ItemDispenser.obj
 0001:00001657       ?GetGUID@?$IProvideClassInfo2Impl@$1?CLSID_OPOSItemDispenser@@3U_GUID@@B$1?DIID__IOPOSItemDispenserEvents@@3U2@B$1?LIBID_OposItemDispenser_CCO@@3U2@B$00$0A@VCComTypeInfoHolder@ATL@@@ATL@@UAGJKPAU_GUID@@@Z 10002657 f i ItemDispenser.obj
 0001:00001695       ?FAccessAllowed@?$IObjectSafetyImpl@VCOPOSItemDispenser@@$02@ATL@@MAEHXZ 10002695 f i ItemDispenser.obj
 0001:00001695       __get_startup_argv_mode    10002695 f i LIBCMT:argv_mode.obj
 0001:00001699       ?GetInterfaceSafetyOptions@?$IObjectSafetyImpl@VCOPOSItemDispenser@@$02@ATL@@UAGJABU_GUID@@PAK1@Z 10002699 f i ItemDispenser.obj
 0001:0000170d       ?SetInterfaceSafetyOptions@?$IObjectSafetyImpl@VCOPOSItemDispenser@@$02@ATL@@UAGJABU_GUID@@KK@Z 1000270d f i ItemDispenser.obj
 0001:00001787       ?_LocCPQueryInterface@?$IConnectionPointImpl@VCOPOSItemDispenser@@$1?IID_IPropertyNotifySink@@3U_GUID@@BVCComDynamicUnkArray@ATL@@@ATL@@UAGJABU_GUID@@PAPAX@Z 10002787 f i ItemDispenser.obj
 0001:00001787       ?_LocCPQueryInterface@?$IConnectionPointImpl@VCOPOSItemDispenser@@$1?DIID__IOPOSItemDispenserEvents@@3U_GUID@@BVCComDynamicUnkArray@ATL@@@ATL@@UAGJABU_GUID@@PAPAX@Z 10002787 f i ItemDispenser.obj
 0001:000017d4       ?GetConnectionInterface@?$IConnectionPointImpl@VCOPOSItemDispenser@@$1?IID_IPropertyNotifySink@@3U_GUID@@BVCComDynamicUnkArray@ATL@@@ATL@@UAGJPAU_GUID@@@Z 100027d4 f i ItemDispenser.obj
 0001:000017f8       ?GetConnectionPointContainer@?$IConnectionPointImpl@VCOPOSItemDispenser@@$1?IID_IPropertyNotifySink@@3U_GUID@@BVCComDynamicUnkArray@ATL@@@ATL@@UAGJPAPAUIConnectionPointContainer@@@Z 100027f8 f i ItemDispenser.obj
 0001:0000181b       ?Advise@?$IConnectionPointImpl@VCOPOSItemDispenser@@$1?IID_IPropertyNotifySink@@3U_GUID@@BVCComDynamicUnkArray@ATL@@@ATL@@UAGJPAUIUnknown@@PAK@Z 1000281b f i ItemDispenser.obj
 0001:0000181b       ?Advise@?$IConnectionPointImpl@VCOPOSItemDispenser@@$1?DIID__IOPOSItemDispenserEvents@@3U_GUID@@BVCComDynamicUnkArray@ATL@@@ATL@@UAGJPAUIUnknown@@PAK@Z 1000281b f i ItemDispenser.obj
 0001:000018bb       ?Unadvise@?$IConnectionPointImpl@VCOPOSItemDispenser@@$1?DIID__IOPOSItemDispenserEvents@@3U_GUID@@BVCComDynamicUnkArray@ATL@@@ATL@@UAGJK@Z 100028bb f i ItemDispenser.obj
 0001:000018bb       ?Unadvise@?$IConnectionPointImpl@VCOPOSItemDispenser@@$1?IID_IPropertyNotifySink@@3U_GUID@@BVCComDynamicUnkArray@ATL@@@ATL@@UAGJK@Z 100028bb f i ItemDispenser.obj
 0001:000018fb       ?EnumConnections@?$IConnectionPointImpl@VCOPOSItemDispenser@@$1?DIID__IOPOSItemDispenserEvents@@3U_GUID@@BVCComDynamicUnkArray@ATL@@@ATL@@UAGJPAPAUIEnumConnections@@@Z 100028fb f i ItemDispenser.obj
 0001:000018fb       ?EnumConnections@?$IConnectionPointImpl@VCOPOSItemDispenser@@$1?IID_IPropertyNotifySink@@3U_GUID@@BVCComDynamicUnkArray@ATL@@@ATL@@UAGJPAPAUIEnumConnections@@@Z 100028fb f i ItemDispenser.obj
 0001:000019f6       ?GetObjectDescription@?$CComCoClass@VCOPOSItemDispenser@@$1?CLSID_OPOSItemDispenser@@3U_GUID@@B@ATL@@SGPB_WXZ 100029f6 f i ItemDispenser.obj
 0001:000019f6       ?GetCategoryMap@CComObjectRootBase@ATL@@SAPBU_ATL_CATMAP_ENTRY@2@XZ 100029f6 f i ItemDispenser.obj
 0001:000019f9       ?GetConnectionInterface@?$IConnectionPointImpl@VCOPOSItemDispenser@@$1?DIID__IOPOSItemDispenserEvents@@3U_GUID@@BVCComDynamicUnkArray@ATL@@@ATL@@UAGJPAU_GUID@@@Z 100029f9 f i ItemDispenser.obj
 0001:00001a1d       ?GetConnectionPointContainer@?$IConnectionPointImpl@VCOPOSItemDispenser@@$1?DIID__IOPOSItemDispenserEvents@@3U_GUID@@BVCComDynamicUnkArray@ATL@@@ATL@@UAGJPAPAUIConnectionPointContainer@@@Z 10002a1d f i ItemDispenser.obj
 0001:00001a40       ?UpdateRegistry@COPOSItemDispenser@@SGJH@Z 10002a40 f i ItemDispenser.obj
 0001:00001a58       ?ProcessWindowMessage@COPOSItemDispenser@@UAEHPAUHWND__@@IIJAAJK@Z 10002a58 f i ItemDispenser.obj
 0001:00001aa1       ?SODirectIO@COPOSItemDispenser@@MAGJJPAJPAPA_W@Z 10002aa1 f i ItemDispenser.obj
 0001:00001aea       ?SOStatusUpdate@COPOSItemDispenser@@MAGJJ@Z 10002aea f i ItemDispenser.obj
 0001:00001b23       ?Lock@CAtlModule@ATL@@UAEJXZ 10002b23 f i ItemDispenser.obj
 0001:00001b2d       ?Unlock@CAtlModule@ATL@@UAEJXZ 10002b2d f i ItemDispenser.obj
 0001:00001b37       ?GetLockCount@CAtlModule@ATL@@UAEJXZ 10002b37 f i ItemDispenser.obj
 0001:00001b3b       ?GetGITPtr@CAtlModule@ATL@@UAEJPAPAUIGlobalInterfaceTable@@@Z 10002b3b f i ItemDispenser.obj
 0001:00001b87       ?AddCommonRGSReplacements@?$CAtlModuleT@VCComModule@ATL@@@ATL@@UAEJPAUIRegistrarBase@@@Z 10002b87 f i ItemDispenser.obj
 0001:00001ba1       ?CreateInstance@?$CComCreator@V?$CComObjectCached@VCComClassFactory@ATL@@@ATL@@@ATL@@SGJPAXABU_GUID@@PAPAX@Z 10002ba1 f i ItemDispenser.obj
 0001:00001c41       ?CreateInstance@?$CComCreator2@V?$CComCreator@V?$CComObject@VCOPOSItemDispenser@@@ATL@@@ATL@@V?$CComCreator@V?$CComAggObject@VCOPOSItemDispenser@@@ATL@@@2@@ATL@@SGJPAXABU_GUID@@PAPAX@Z 10002c41 f i ItemDispenser.obj
 0001:00001c61       ?UpdateRegistryFromResourceD@CComModule@ATL@@UAGJPB_WHPAU_ATL_REGMAP_ENTRY@2@@Z 10002c61 f i ItemDispenser.obj
 0001:00001c61       ?UpdateRegistryFromResourceD@CComModule@ATL@@UAGJIHPAU_ATL_REGMAP_ENTRY@2@@Z 10002c61 f i ItemDispenser.obj
 0001:00001c69       ?UpdateRegistryFromResource@CComModule@ATL@@UAGJPB_WHPAU_ATL_REGMAP_ENTRY@2@@Z 10002c69 f i ItemDispenser.obj
 0001:00001c72       ?UpdateRegistryFromResource@CComModule@ATL@@UAGJIHPAU_ATL_REGMAP_ENTRY@2@@Z 10002c72 f i ItemDispenser.obj
 0001:00001c7b       ?AddRef@?$CComObjectCached@VCComClassFactory@ATL@@@ATL@@UAGKXZ 10002c7b f i ItemDispenser.obj
 0001:00001ca2       ?Release@?$CComObjectCached@VCComClassFactory@ATL@@@ATL@@UAGKXZ 10002ca2 f i ItemDispenser.obj
 0001:00001cd8       ?QueryInterface@?$CComObjectCached@VCComClassFactory@ATL@@@ATL@@UAGJABU_GUID@@PAPAX@Z 10002cd8 f i ItemDispenser.obj
 0001:00001cf2       ??_G?$CComObjectCached@VCComClassFactory@ATL@@@ATL@@UAEPAXI@Z 10002cf2 f i ItemDispenser.obj
 0001:00001cf2       ??_E?$CComObjectCached@VCComClassFactory@ATL@@@ATL@@UAEPAXI@Z 10002cf2 f i ItemDispenser.obj
 0001:00001d14       ??_GCComModule@ATL@@UAEPAXI@Z 10002d14 f i ItemDispenser.obj
 0001:00001d14       ??_ECComModule@ATL@@UAEPAXI@Z 10002d14 f i ItemDispenser.obj
 0001:00001d3c       ?Next@?$CComEnumImpl@UIEnumConnectionPoints@@$1?_GUID_b196b285_bab4_101a_b69c_00aa00341d07@@3U__s_GUID@@BPAUIConnectionPoint@@V?$_CopyInterface@UIConnectionPoint@@@ATL@@@ATL@@UAGJKPAPAUIConnectionPoint@@PAK@Z 10002d3c f i ItemDispenser.obj
 0001:00001e13       ?Skip@?$CComEnumImpl@UIEnumConnectionPoints@@$1?_GUID_b196b285_bab4_101a_b69c_00aa00341d07@@3U__s_GUID@@BPAUIConnectionPoint@@V?$_CopyInterface@UIConnectionPoint@@@ATL@@@ATL@@UAGJK@Z 10002e13 f i ItemDispenser.obj
 0001:00001e40       ?Reset@?$CComEnumImpl@UIEnumConnectionPoints@@$1?_GUID_b196b285_bab4_101a_b69c_00aa00341d07@@3U__s_GUID@@BPAUIConnectionPoint@@V?$_CopyInterface@UIConnectionPoint@@@ATL@@@ATL@@UAGJXZ 10002e40 f i ItemDispenser.obj
 0001:00001e40       ?Reset@?$CComEnumImpl@UIEnumConnections@@$1?_GUID_b196b287_bab4_101a_b69c_00aa00341d07@@3U__s_GUID@@BUtagCONNECTDATA@@V?$_Copy@UtagCONNECTDATA@@@ATL@@@ATL@@UAGJXZ 10002e40 f i ItemDispenser.obj
 0001:00001e52       ?Clone@?$CComEnumImpl@UIEnumConnectionPoints@@$1?_GUID_b196b285_bab4_101a_b69c_00aa00341d07@@3U__s_GUID@@BPAUIConnectionPoint@@V?$_CopyInterface@UIConnectionPoint@@@ATL@@@ATL@@UAGJPAPAUIEnumConnectionPoints@@@Z 10002e52 f i ItemDispenser.obj
 0001:00001f33       ?AddRef@?$CComObject@V?$CComEnum@UIEnumConnectionPoints@@$1?_GUID_b196b285_bab4_101a_b69c_00aa00341d07@@3U__s_GUID@@BPAUIConnectionPoint@@V?$_CopyInterface@UIConnectionPoint@@@ATL@@VCComSingleThreadModel@6@@ATL@@@ATL@@UAGKXZ 10002f33 f i ItemDispenser.obj
 0001:00001f33       ?AddRef@?$CComObject@V?$CComEnum@UIEnumConnections@@$1?_GUID_b196b287_bab4_101a_b69c_00aa00341d07@@3U__s_GUID@@BUtagCONNECTDATA@@V?$_Copy@UtagCONNECTDATA@@@ATL@@VCComSingleThreadModel@6@@ATL@@@ATL@@UAGKXZ 10002f33 f i ItemDispenser.obj
 0001:00001f44       ?Release@?$CComObject@V?$CComEnum@UIEnumConnections@@$1?_GUID_b196b287_bab4_101a_b69c_00aa00341d07@@3U__s_GUID@@BUtagCONNECTDATA@@V?$_Copy@UtagCONNECTDATA@@@ATL@@VCComSingleThreadModel@6@@ATL@@@ATL@@UAGKXZ 10002f44 f i ItemDispenser.obj
 0001:00001f44       ?Release@?$CComObject@V?$CComEnum@UIEnumConnectionPoints@@$1?_GUID_b196b285_bab4_101a_b69c_00aa00341d07@@3U__s_GUID@@BPAUIConnectionPoint@@V?$_CopyInterface@UIConnectionPoint@@@ATL@@VCComSingleThreadModel@6@@ATL@@@ATL@@UAGKXZ 10002f44 f i ItemDispenser.obj
 0001:00001f80       ?QueryInterface@?$CComObject@V?$CComEnum@UIEnumConnectionPoints@@$1?_GUID_b196b285_bab4_101a_b69c_00aa00341d07@@3U__s_GUID@@BPAUIConnectionPoint@@V?$_CopyInterface@UIConnectionPoint@@@ATL@@VCComSingleThreadModel@6@@ATL@@@ATL@@UAGJABU_GUID@@PAPAX@Z 10002f80 f i ItemDispenser.obj
 0001:00001f9a       ??_G?$CComObject@V?$CComEnum@UIEnumConnectionPoints@@$1?_GUID_b196b285_bab4_101a_b69c_00aa00341d07@@3U__s_GUID@@BPAUIConnectionPoint@@V?$_CopyInterface@UIConnectionPoint@@@ATL@@VCComSingleThreadModel@6@@ATL@@@ATL@@UAEPAXI@Z 10002f9a f i ItemDispenser.obj
 0001:00001f9a       ??_E?$CComObject@V?$CComEnum@UIEnumConnectionPoints@@$1?_GUID_b196b285_bab4_101a_b69c_00aa00341d07@@3U__s_GUID@@BPAUIConnectionPoint@@V?$_CopyInterface@UIConnectionPoint@@@ATL@@VCComSingleThreadModel@6@@ATL@@@ATL@@UAEPAXI@Z 10002f9a f i ItemDispenser.obj
 0001:00001fbc       ?AddRef@CRegObject@ATL@@UAGKXZ 10002fbc f i ItemDispenser.obj
 0001:00001fc2       ?AddReplacement@CRegObject@ATL@@UAGJPB_W0@Z 10002fc2 f i ItemDispenser.obj
 0001:00001ffb       ?ClearReplacements@CRegObject@ATL@@UAGJXZ 10002ffb f i ItemDispenser.obj
 0001:0000200d       ??_ECRegObject@ATL@@UAEPAXI@Z 1000300d f i ItemDispenser.obj
 0001:0000200d       ??_GCRegObject@ATL@@UAEPAXI@Z 1000300d f i ItemDispenser.obj
 0001:0000202f       ?AddRef@?$CComAggObject@VCOPOSItemDispenser@@@ATL@@UAGKXZ 1000302f f i ItemDispenser.obj
 0001:00002040       ?Release@?$CComAggObject@VCOPOSItemDispenser@@@ATL@@UAGKXZ 10003040 f i ItemDispenser.obj
 0001:0000207c       ?QueryInterface@?$CComAggObject@VCOPOSItemDispenser@@@ATL@@UAGJABU_GUID@@PAPAX@Z 1000307c f i ItemDispenser.obj
 0001:000020cb       ?AddRef@?$CComContainedObject@VCOPOSItemDispenser@@@ATL@@UAGKXZ 100030cb f i ItemDispenser.obj
 0001:000020e1       ?Release@?$CComContainedObject@VCOPOSItemDispenser@@@ATL@@UAGKXZ 100030e1 f i ItemDispenser.obj
 0001:000020f7       ?QueryInterface@?$CComContainedObject@VCOPOSItemDispenser@@@ATL@@UAGJABU_GUID@@PAPAX@Z 100030f7 f i ItemDispenser.obj
 0001:00002112       ??_E?$CComAggObject@VCOPOSItemDispenser@@@ATL@@UAEPAXI@Z 10003112 f i ItemDispenser.obj
 0001:00002112       ??_G?$CComAggObject@VCOPOSItemDispenser@@@ATL@@UAEPAXI@Z 10003112 f i ItemDispenser.obj
 0001:00002137       ?AddRef@?$CComObject@VCOPOSItemDispenser@@@ATL@@UAGKXZ 10003137 f i ItemDispenser.obj
 0001:0000214e       ?Release@?$CComObject@VCOPOSItemDispenser@@@ATL@@UAGKXZ 1000314e f i ItemDispenser.obj
 0001:00002190       ?QueryInterface@?$CComObject@VCOPOSItemDispenser@@@ATL@@UAGJABU_GUID@@PAPAX@Z 10003190 f i ItemDispenser.obj
 0001:000021aa       ?OnDrawAdvanced@CComControlBase@ATL@@UAEJAAUATL_DRAWINFO@@@Z 100031aa f i ItemDispenser.obj
 0001:0000229d       ?Next@?$CComEnumImpl@UIEnumConnections@@$1?_GUID_b196b287_bab4_101a_b69c_00aa00341d07@@3U__s_GUID@@BUtagCONNECTDATA@@V?$_Copy@UtagCONNECTDATA@@@ATL@@@ATL@@UAGJKPAUtagCONNECTDATA@@PAK@Z 1000329d f i ItemDispenser.obj
 0001:00002374       ?Skip@?$CComEnumImpl@UIEnumConnections@@$1?_GUID_b196b287_bab4_101a_b69c_00aa00341d07@@3U__s_GUID@@BUtagCONNECTDATA@@V?$_Copy@UtagCONNECTDATA@@@ATL@@@ATL@@UAGJK@Z 10003374 f i ItemDispenser.obj
 0001:000023a1       ?Clone@?$CComEnumImpl@UIEnumConnections@@$1?_GUID_b196b287_bab4_101a_b69c_00aa00341d07@@3U__s_GUID@@BUtagCONNECTDATA@@V?$_Copy@UtagCONNECTDATA@@@ATL@@@ATL@@UAGJPAPAUIEnumConnections@@@Z 100033a1 f i ItemDispenser.obj
 0001:00002482       ?QueryInterface@?$CComObject@V?$CComEnum@UIEnumConnections@@$1?_GUID_b196b287_bab4_101a_b69c_00aa00341d07@@3U__s_GUID@@BUtagCONNECTDATA@@V?$_Copy@UtagCONNECTDATA@@@ATL@@VCComSingleThreadModel@6@@ATL@@@ATL@@UAGJABU_GUID@@PAPAX@Z 10003482 f i ItemDispenser.obj
 0001:0000249c       ??_E?$CComObject@V?$CComEnum@UIEnumConnections@@$1?_GUID_b196b287_bab4_101a_b69c_00aa00341d07@@3U__s_GUID@@BUtagCONNECTDATA@@V?$_Copy@UtagCONNECTDATA@@@ATL@@VCComSingleThreadModel@6@@ATL@@@ATL@@UAEPAXI@Z 1000349c f i ItemDispenser.obj
 0001:0000249c       ??_G?$CComObject@V?$CComEnum@UIEnumConnections@@$1?_GUID_b196b287_bab4_101a_b69c_00aa00341d07@@3U__s_GUID@@BUtagCONNECTDATA@@V?$_Copy@UtagCONNECTDATA@@@ATL@@VCComSingleThreadModel@6@@ATL@@@ATL@@UAEPAXI@Z 1000349c f i ItemDispenser.obj
 0001:000024be       ??_E?$CComObject@VCOPOSItemDispenser@@@ATL@@W3AEPAXI@Z 100034be f i ItemDispenser.obj
 0001:000024c6       ??_E?$CComObject@VCOPOSItemDispenser@@@ATL@@WEM@AEPAXI@Z 100034c6 f i ItemDispenser.obj
 0001:000024ce       ?QueryInterface@?$CComObject@VCOPOSItemDispenser@@@ATL@@WHA@AGJABU_GUID@@PAPAX@Z 100034ce f i ItemDispenser.obj
 0001:000024d8       ?AddRef@?$CComObject@VCOPOSItemDispenser@@@ATL@@WHA@AGKXZ 100034d8 f i ItemDispenser.obj
 0001:000024e2       ?Release@?$CComObject@VCOPOSItemDispenser@@@ATL@@WHA@AGKXZ 100034e2 f i ItemDispenser.obj
 0001:000024ec       ?QueryInterface@?$CComObject@VCOPOSItemDispenser@@@ATL@@WHE@AGJABU_GUID@@PAPAX@Z 100034ec f i ItemDispenser.obj
 0001:000024f6       ?AddRef@?$CComObject@VCOPOSItemDispenser@@@ATL@@WHE@AGKXZ 100034f6 f i ItemDispenser.obj
 0001:00002500       ?Release@?$CComObject@VCOPOSItemDispenser@@@ATL@@WHE@AGKXZ 10003500 f i ItemDispenser.obj
 0001:0000250a       ?QueryInterface@?$CComObject@VCOPOSItemDispenser@@@ATL@@WHI@AGJABU_GUID@@PAPAX@Z 1000350a f i ItemDispenser.obj
 0001:00002514       ?AddRef@?$CComObject@VCOPOSItemDispenser@@@ATL@@WHI@AGKXZ 10003514 f i ItemDispenser.obj
 0001:0000251e       ?Release@?$CComObject@VCOPOSItemDispenser@@@ATL@@WHI@AGKXZ 1000351e f i ItemDispenser.obj
 0001:00002528       ?QueryInterface@?$CComObject@VCOPOSItemDispenser@@@ATL@@WHM@AGJABU_GUID@@PAPAX@Z 10003528 f i ItemDispenser.obj
 0001:00002532       ?AddRef@?$CComObject@VCOPOSItemDispenser@@@ATL@@WHM@AGKXZ 10003532 f i ItemDispenser.obj
 0001:0000253c       ?Release@?$CComObject@VCOPOSItemDispenser@@@ATL@@WHM@AGKXZ 1000353c f i ItemDispenser.obj
 0001:00002546       ?QueryInterface@?$CComObject@VCOPOSItemDispenser@@@ATL@@WIA@AGJABU_GUID@@PAPAX@Z 10003546 f i ItemDispenser.obj
 0001:00002553       ?AddRef@?$CComObject@VCOPOSItemDispenser@@@ATL@@WIA@AGKXZ 10003553 f i ItemDispenser.obj
 0001:00002560       ?Release@?$CComObject@VCOPOSItemDispenser@@@ATL@@WIA@AGKXZ 10003560 f i ItemDispenser.obj
 0001:0000256d       ?QueryInterface@?$CComObject@VCOPOSItemDispenser@@@ATL@@WIE@AGJABU_GUID@@PAPAX@Z 1000356d f i ItemDispenser.obj
 0001:0000257a       ?AddRef@?$CComObject@VCOPOSItemDispenser@@@ATL@@WIE@AGKXZ 1000357a f i ItemDispenser.obj
 0001:00002587       ?Release@?$CComObject@VCOPOSItemDispenser@@@ATL@@WIE@AGKXZ 10003587 f i ItemDispenser.obj
 0001:00002594       ?QueryInterface@?$CComObject@VCOPOSItemDispenser@@@ATL@@WII@AGJABU_GUID@@PAPAX@Z 10003594 f i ItemDispenser.obj
 0001:000025a1       ?AddRef@?$CComObject@VCOPOSItemDispenser@@@ATL@@WII@AGKXZ 100035a1 f i ItemDispenser.obj
 0001:000025ae       ?Release@?$CComObject@VCOPOSItemDispenser@@@ATL@@WII@AGKXZ 100035ae f i ItemDispenser.obj
 0001:000025bb       ?QueryInterface@?$CComObject@VCOPOSItemDispenser@@@ATL@@WIM@AGJABU_GUID@@PAPAX@Z 100035bb f i ItemDispenser.obj
 0001:000025c8       ?AddRef@?$CComObject@VCOPOSItemDispenser@@@ATL@@WIM@AGKXZ 100035c8 f i ItemDispenser.obj
 0001:000025d5       ?Release@?$CComObject@VCOPOSItemDispenser@@@ATL@@WIM@AGKXZ 100035d5 f i ItemDispenser.obj
 0001:000025e2       ?QueryInterface@?$CComObject@VCOPOSItemDispenser@@@ATL@@WJA@AGJABU_GUID@@PAPAX@Z 100035e2 f i ItemDispenser.obj
 0001:000025ef       ?AddRef@?$CComObject@VCOPOSItemDispenser@@@ATL@@WJA@AGKXZ 100035ef f i ItemDispenser.obj
 0001:000025fc       ?Release@?$CComObject@VCOPOSItemDispenser@@@ATL@@WJA@AGKXZ 100035fc f i ItemDispenser.obj
 0001:00002609       ?QueryInterface@?$CComObject@VCOPOSItemDispenser@@@ATL@@WJE@AGJABU_GUID@@PAPAX@Z 10003609 f i ItemDispenser.obj
 0001:00002616       ?AddRef@?$CComObject@VCOPOSItemDispenser@@@ATL@@WJE@AGKXZ 10003616 f i ItemDispenser.obj
 0001:00002623       ?Release@?$CComObject@VCOPOSItemDispenser@@@ATL@@WJE@AGKXZ 10003623 f i ItemDispenser.obj
 0001:00002630       ?QueryInterface@?$CComObject@VCOPOSItemDispenser@@@ATL@@WJI@AGJABU_GUID@@PAPAX@Z 10003630 f i ItemDispenser.obj
 0001:0000263d       ?AddRef@?$CComObject@VCOPOSItemDispenser@@@ATL@@WJI@AGKXZ 1000363d f i ItemDispenser.obj
 0001:0000264a       ?Release@?$CComObject@VCOPOSItemDispenser@@@ATL@@WJI@AGKXZ 1000364a f i ItemDispenser.obj
 0001:00002657       ?QueryInterface@?$CComObject@VCOPOSItemDispenser@@@ATL@@WJM@AGJABU_GUID@@PAPAX@Z 10003657 f i ItemDispenser.obj
 0001:00002664       ?AddRef@?$CComObject@VCOPOSItemDispenser@@@ATL@@WJM@AGKXZ 10003664 f i ItemDispenser.obj
 0001:00002671       ?Release@?$CComObject@VCOPOSItemDispenser@@@ATL@@WJM@AGKXZ 10003671 f i ItemDispenser.obj
 0001:0000267e       ?QueryInterface@?$CComObject@VCOPOSItemDispenser@@@ATL@@WKA@AGJABU_GUID@@PAPAX@Z 1000367e f i ItemDispenser.obj
 0001:0000268b       ?AddRef@?$CComObject@VCOPOSItemDispenser@@@ATL@@WKA@AGKXZ 1000368b f i ItemDispenser.obj
 0001:00002698       ?Release@?$CComObject@VCOPOSItemDispenser@@@ATL@@WKA@AGKXZ 10003698 f i ItemDispenser.obj
 0001:000026a5       ?AddRef@?$CComObject@VCOPOSItemDispenser@@@ATL@@WKI@AGKXZ 100036a5 f i ItemDispenser.obj
 0001:000026b2       ?Release@?$CComObject@VCOPOSItemDispenser@@@ATL@@WKI@AGKXZ 100036b2 f i ItemDispenser.obj
 0001:000026bf       ?AddRef@?$CComObject@VCOPOSItemDispenser@@@ATL@@WLE@AGKXZ 100036bf f i ItemDispenser.obj
 0001:000026cc       ?Release@?$CComObject@VCOPOSItemDispenser@@@ATL@@WLE@AGKXZ 100036cc f i ItemDispenser.obj
 0001:000026d9       ??_E?$CComContainedObject@VCOPOSItemDispenser@@@ATL@@W3AEPAXI@Z 100036d9 f i ItemDispenser.obj
 0001:000026e1       ??_E?$CComContainedObject@VCOPOSItemDispenser@@@ATL@@WEM@AEPAXI@Z 100036e1 f i ItemDispenser.obj
 0001:000026e9       ?QueryInterface@?$CComContainedObject@VCOPOSItemDispenser@@@ATL@@WHA@AGJABU_GUID@@PAPAX@Z 100036e9 f i ItemDispenser.obj
 0001:000026f3       ?AddRef@?$CComContainedObject@VCOPOSItemDispenser@@@ATL@@WHA@AGKXZ 100036f3 f i ItemDispenser.obj
 0001:000026fd       ?Release@?$CComContainedObject@VCOPOSItemDispenser@@@ATL@@WHA@AGKXZ 100036fd f i ItemDispenser.obj
 0001:00002707       ?QueryInterface@?$CComContainedObject@VCOPOSItemDispenser@@@ATL@@WHE@AGJABU_GUID@@PAPAX@Z 10003707 f i ItemDispenser.obj
 0001:00002711       ?AddRef@?$CComContainedObject@VCOPOSItemDispenser@@@ATL@@WHE@AGKXZ 10003711 f i ItemDispenser.obj
 0001:0000271b       ?Release@?$CComContainedObject@VCOPOSItemDispenser@@@ATL@@WHE@AGKXZ 1000371b f i ItemDispenser.obj
 0001:00002725       ?QueryInterface@?$CComContainedObject@VCOPOSItemDispenser@@@ATL@@WHI@AGJABU_GUID@@PAPAX@Z 10003725 f i ItemDispenser.obj
 0001:0000272f       ?AddRef@?$CComContainedObject@VCOPOSItemDispenser@@@ATL@@WHI@AGKXZ 1000372f f i ItemDispenser.obj
 0001:00002739       ?Release@?$CComContainedObject@VCOPOSItemDispenser@@@ATL@@WHI@AGKXZ 10003739 f i ItemDispenser.obj
 0001:00002743       ?QueryInterface@?$CComContainedObject@VCOPOSItemDispenser@@@ATL@@WHM@AGJABU_GUID@@PAPAX@Z 10003743 f i ItemDispenser.obj
 0001:0000274d       ?AddRef@?$CComContainedObject@VCOPOSItemDispenser@@@ATL@@WHM@AGKXZ 1000374d f i ItemDispenser.obj
 0001:00002757       ?Release@?$CComContainedObject@VCOPOSItemDispenser@@@ATL@@WHM@AGKXZ 10003757 f i ItemDispenser.obj
 0001:00002761       ?QueryInterface@?$CComContainedObject@VCOPOSItemDispenser@@@ATL@@WIA@AGJABU_GUID@@PAPAX@Z 10003761 f i ItemDispenser.obj
 0001:0000276e       ?AddRef@?$CComContainedObject@VCOPOSItemDispenser@@@ATL@@WIA@AGKXZ 1000376e f i ItemDispenser.obj
 0001:0000277b       ?Release@?$CComContainedObject@VCOPOSItemDispenser@@@ATL@@WIA@AGKXZ 1000377b f i ItemDispenser.obj
 0001:00002788       ?QueryInterface@?$CComContainedObject@VCOPOSItemDispenser@@@ATL@@WIE@AGJABU_GUID@@PAPAX@Z 10003788 f i ItemDispenser.obj
 0001:00002795       ?AddRef@?$CComContainedObject@VCOPOSItemDispenser@@@ATL@@WIE@AGKXZ 10003795 f i ItemDispenser.obj
 0001:000027a2       ?Release@?$CComContainedObject@VCOPOSItemDispenser@@@ATL@@WIE@AGKXZ 100037a2 f i ItemDispenser.obj
 0001:000027af       ?QueryInterface@?$CComContainedObject@VCOPOSItemDispenser@@@ATL@@WII@AGJABU_GUID@@PAPAX@Z 100037af f i ItemDispenser.obj
 0001:000027bc       ?AddRef@?$CComContainedObject@VCOPOSItemDispenser@@@ATL@@WII@AGKXZ 100037bc f i ItemDispenser.obj
 0001:000027c9       ?Release@?$CComContainedObject@VCOPOSItemDispenser@@@ATL@@WII@AGKXZ 100037c9 f i ItemDispenser.obj
 0001:000027d6       ?QueryInterface@?$CComContainedObject@VCOPOSItemDispenser@@@ATL@@WIM@AGJABU_GUID@@PAPAX@Z 100037d6 f i ItemDispenser.obj
 0001:000027e3       ?AddRef@?$CComContainedObject@VCOPOSItemDispenser@@@ATL@@WIM@AGKXZ 100037e3 f i ItemDispenser.obj
 0001:000027f0       ?Release@?$CComContainedObject@VCOPOSItemDispenser@@@ATL@@WIM@AGKXZ 100037f0 f i ItemDispenser.obj
 0001:000027fd       ?QueryInterface@?$CComContainedObject@VCOPOSItemDispenser@@@ATL@@WJA@AGJABU_GUID@@PAPAX@Z 100037fd f i ItemDispenser.obj
 0001:0000280a       ?AddRef@?$CComContainedObject@VCOPOSItemDispenser@@@ATL@@WJA@AGKXZ 1000380a f i ItemDispenser.obj
 0001:00002817       ?Release@?$CComContainedObject@VCOPOSItemDispenser@@@ATL@@WJA@AGKXZ 10003817 f i ItemDispenser.obj
 0001:00002824       ?QueryInterface@?$CComContainedObject@VCOPOSItemDispenser@@@ATL@@WJE@AGJABU_GUID@@PAPAX@Z 10003824 f i ItemDispenser.obj
 0001:00002831       ?AddRef@?$CComContainedObject@VCOPOSItemDispenser@@@ATL@@WJE@AGKXZ 10003831 f i ItemDispenser.obj
 0001:0000283e       ?Release@?$CComContainedObject@VCOPOSItemDispenser@@@ATL@@WJE@AGKXZ 1000383e f i ItemDispenser.obj
 0001:0000284b       ?QueryInterface@?$CComContainedObject@VCOPOSItemDispenser@@@ATL@@WJI@AGJABU_GUID@@PAPAX@Z 1000384b f i ItemDispenser.obj
 0001:00002858       ?AddRef@?$CComContainedObject@VCOPOSItemDispenser@@@ATL@@WJI@AGKXZ 10003858 f i ItemDispenser.obj
 0001:00002865       ?Release@?$CComContainedObject@VCOPOSItemDispenser@@@ATL@@WJI@AGKXZ 10003865 f i ItemDispenser.obj
 0001:00002872       ?QueryInterface@?$CComContainedObject@VCOPOSItemDispenser@@@ATL@@WJM@AGJABU_GUID@@PAPAX@Z 10003872 f i ItemDispenser.obj
 0001:0000287f       ?AddRef@?$CComContainedObject@VCOPOSItemDispenser@@@ATL@@WJM@AGKXZ 1000387f f i ItemDispenser.obj
 0001:0000288c       ?Release@?$CComContainedObject@VCOPOSItemDispenser@@@ATL@@WJM@AGKXZ 1000388c f i ItemDispenser.obj
 0001:00002899       ?QueryInterface@?$CComContainedObject@VCOPOSItemDispenser@@@ATL@@WKA@AGJABU_GUID@@PAPAX@Z 10003899 f i ItemDispenser.obj
 0001:000028a6       ?AddRef@?$CComContainedObject@VCOPOSItemDispenser@@@ATL@@WKA@AGKXZ 100038a6 f i ItemDispenser.obj
 0001:000028b3       ?Release@?$CComContainedObject@VCOPOSItemDispenser@@@ATL@@WKA@AGKXZ 100038b3 f i ItemDispenser.obj
 0001:000028c0       ?AddRef@?$CComContainedObject@VCOPOSItemDispenser@@@ATL@@WKI@AGKXZ 100038c0 f i ItemDispenser.obj
 0001:000028cd       ?Release@?$CComContainedObject@VCOPOSItemDispenser@@@ATL@@WKI@AGKXZ 100038cd f i ItemDispenser.obj
 0001:000028da       ?AddRef@?$CComContainedObject@VCOPOSItemDispenser@@@ATL@@WLE@AGKXZ 100038da f i ItemDispenser.obj
 0001:000028e7       ?Release@?$CComContainedObject@VCOPOSItemDispenser@@@ATL@@WLE@AGKXZ 100038e7 f i ItemDispenser.obj
 0001:000028f4       ??$?4UITypeInfo2@@@?$CComPtr@UITypeInfo@@@ATL@@QAEPAUITypeInfo@@ABV?$CComPtr@UITypeInfo2@@@1@@Z 100038f4 f i ItemDispenser.obj
 0001:00002921       ??$AtlAdd@K@ATL@@YAJPAKKK@Z 10003921 f i ItemDispenser.obj
 0001:00002944       ??$AtlAdd@_K@ATL@@YAJPA_K_K1@Z 10003944 f i ItemDispenser.obj
 0001:0000297c       ??$AtlAddThrow@K@ATL@@YAKKK@Z 1000397c f i ItemDispenser.obj
 0001:000029a2       ??$AtlModuleRegisterWndClassInfoT@VAtlModuleRegisterWndClassInfoParamW@ATL@@@ATL@@YAGPAU_ATL_BASE_MODULE70@0@PAU_ATL_WIN_MODULE70@0@PAU_ATL_WNDCLASSINFOW@0@PAP6GJPAUHWND__@@IIJ@ZVAtlModuleRegisterWndClassInfoParamW@0@@Z 100039a2 f i ItemDispenser.obj
 0001:00002af0       ??$AtlMultiply@H@ATL@@YAJPAHHH@Z 10003af0 f i ItemDispenser.obj
 0001:00002b28       ??$AtlMultiply@I@ATL@@YAJPAIII@Z 10003b28 f i ItemDispenser.obj
 0001:00002b28       ??$AtlMultiply@K@ATL@@YAJPAKKK@Z 10003b28 f i ItemDispenser.obj
 0001:00002b4a       ??$AtlMultiplyThrow@I@ATL@@YAIII@Z 10003b4a f i ItemDispenser.obj
 0001:00002b70       ??0?$CComAggObject@VCOPOSItemDispenser@@@ATL@@QAE@PAX@Z 10003b70 f i ItemDispenser.obj
 0001:00002b9d       ??0?$CComContainedObject@VCOPOSItemDispenser@@@ATL@@QAE@PAX@Z 10003b9d f i ItemDispenser.obj
 0001:00002c56       ??0?$CComObject@V?$CComEnum@UIEnumConnectionPoints@@$1?_GUID_b196b285_bab4_101a_b69c_00aa00341d07@@3U__s_GUID@@BPAUIConnectionPoint@@V?$_CopyInterface@UIConnectionPoint@@@ATL@@VCComSingleThreadModel@6@@ATL@@@ATL@@QAE@PAX@Z 10003c56 f i ItemDispenser.obj
 0001:00002c84       ??0?$CComObject@V?$CComEnum@UIEnumConnections@@$1?_GUID_b196b287_bab4_101a_b69c_00aa00341d07@@3U__s_GUID@@BUtagCONNECTDATA@@V?$_Copy@UtagCONNECTDATA@@@ATL@@VCComSingleThreadModel@6@@ATL@@@ATL@@QAE@PAX@Z 10003c84 f i ItemDispenser.obj
 0001:00002cb2       ??0?$CComObject@VCOPOSItemDispenser@@@ATL@@QAE@PAX@Z 10003cb2 f i ItemDispenser.obj
 0001:00002d69       ??0?$CComQIPtr@UIOleControlSite@@$1?_GUID_b196b289_bab4_101a_b69c_00aa00341d07@@3U__s_GUID@@B@ATL@@QAE@PAUIUnknown@@@Z 10003d69 f i ItemDispenser.obj
 0001:00002d92       ??0CAtlModule@ATL@@QAE@XZ  10003d92 f i ItemDispenser.obj
 0001:00002dd3       ??0CParseBuffer@CRegParser@ATL@@QAE@H@Z 10003dd3 f i ItemDispenser.obj
 0001:00002e09       ??0_ATL_MSG@ATL@@QAE@PAUHWND__@@IIJH@Z 10003e09 f i ItemDispenser.obj
 0001:00002e41       ??1?$CComAggObject@VCOPOSItemDispenser@@@ATL@@UAE@XZ 10003e41 f i ItemDispenser.obj
 0001:00002e65       ??1?$CComEnumImpl@UIEnumConnectionPoints@@$1?_GUID_b196b285_bab4_101a_b69c_00aa00341d07@@3U__s_GUID@@BPAUIConnectionPoint@@V?$_CopyInterface@UIConnectionPoint@@@ATL@@@ATL@@UAE@XZ 10003e65 f i ItemDispenser.obj
 0001:00002ea5       ??1?$CComEnumImpl@UIEnumConnections@@$1?_GUID_b196b287_bab4_101a_b69c_00aa00341d07@@3U__s_GUID@@BUtagCONNECTDATA@@V?$_Copy@UtagCONNECTDATA@@@ATL@@@ATL@@UAE@XZ 10003ea5 f i ItemDispenser.obj
 0001:00002ee5       ??1?$CComObject@V?$CComEnum@UIEnumConnectionPoints@@$1?_GUID_b196b285_bab4_101a_b69c_00aa00341d07@@3U__s_GUID@@BPAUIConnectionPoint@@V?$_CopyInterface@UIConnectionPoint@@@ATL@@VCComSingleThreadModel@6@@ATL@@@ATL@@UAE@XZ 10003ee5 f i ItemDispenser.obj
 0001:00002f08       ??1?$CComObject@V?$CComEnum@UIEnumConnections@@$1?_GUID_b196b287_bab4_101a_b69c_00aa00341d07@@3U__s_GUID@@BUtagCONNECTDATA@@V?$_Copy@UtagCONNECTDATA@@@ATL@@VCComSingleThreadModel@6@@ATL@@@ATL@@UAE@XZ 10003f08 f i ItemDispenser.obj
 0001:00002f2b       ??1?$CComObject@VCOPOSItemDispenser@@@ATL@@UAE@XZ 10003f2b f i ItemDispenser.obj
 0001:00002fe9       ??1?$CComObjectCached@VCComClassFactory@ATL@@@ATL@@UAE@XZ 10003fe9 f i ItemDispenser.obj
 0001:00002fff       ??1?$CComObjectRootEx@VCComMultiThreadModel@ATL@@@ATL@@QAE@XZ 10003fff f i ItemDispenser.obj
 0001:00003014       ??1CRegObject@ATL@@UAE@XZ  10004014 f i ItemDispenser.obj
 0001:00003034       ??4?$CComPtr@UIUnknown@@@ATL@@QAEPAUIUnknown@@PAU2@@Z 10004034 f i ItemDispenser.obj
 0001:00003034       ??4?$CComPtr@UIOleClientSite@@@ATL@@QAEPAUIOleClientSite@@PAU2@@Z 10004034 f i ItemDispenser.obj
 0001:00003034       ??4?$CComPtr@UIAdviseSink@@@ATL@@QAEPAUIAdviseSink@@PAU2@@Z 10004034 f i ItemDispenser.obj
 0001:00003068       ??_G?$CComContainedObject@VCOPOSItemDispenser@@@ATL@@UAEPAXI@Z 10004068 f i ItemDispenser.obj
 0001:00003068       ??_E?$CComContainedObject@VCOPOSItemDispenser@@@ATL@@UAEPAXI@Z 10004068 f i ItemDispenser.obj
 0001:0000308d       ??_E?$CComObject@VCOPOSItemDispenser@@@ATL@@UAEPAXI@Z 1000408d f i ItemDispenser.obj
 0001:0000308d       ??_G?$CComObject@VCOPOSItemDispenser@@@ATL@@UAEPAXI@Z 1000408d f i ItemDispenser.obj
 0001:000030b2       ?Add@?$CSimpleArray@GV?$CSimpleArrayEqualHelper@G@ATL@@@ATL@@QAEHABG@Z 100040b2 f i ItemDispenser.obj
 0001:00003136       ?Add@?$CSimpleMap@PA_WPA_WVCExpansionVectorEqualHelper@ATL@@@ATL@@QAEHABQA_W0@Z 10004136 f i ItemDispenser.obj
 0001:0000318b       ?Add@CComDynamicUnkArray@ATL@@QAEKPAUIUnknown@@@Z 1000418b f i ItemDispenser.obj
 0001:00003241       ?Add@CExpansionVector@ATL@@QAEHPB_W0@Z 10004241 f i ItemDispenser.obj
 0001:0000334a       ?AddString@CParseBuffer@CRegParser@ATL@@QAEHPB_W@Z 1000434a f i ItemDispenser.obj
 0001:0000337f       ?AddTermFunc@CAtlModule@ATL@@QAEJP6GXK@ZK@Z 1000437f f i ItemDispenser.obj
 0001:000033e2       ?AddValue@CRegParser@ATL@@IAEJAAVCRegKey@2@PB_WPA_W@Z 100043e2 f i ItemDispenser.obj
 0001:000036fc       ?Allocate@?$CAtlSafeAllocBufferManager@VCCRTAllocator@ATL@@@_ATL_SAFE_ALLOCA_IMPL@ATL@@QAEPAXK@Z 100046fc f i ItemDispenser.obj
 0001:00003729       ?Allocate@?$CTempBuffer@E$0BAA@VCCRTAllocator@ATL@@@ATL@@QAEPAEI@Z 10004729 f i ItemDispenser.obj
 0001:00003758       ?Allocate@?$CTempBuffer@_W$0BAA@VCCRTAllocator@ATL@@@ATL@@QAEPA_WI@Z 10004758 f i ItemDispenser.obj
 0001:00003787       ?Allocate@?$CTempBuffer@_W$0EAA@VCCRTAllocator@ATL@@@ATL@@QAEPA_WI@Z 10004787 f i ItemDispenser.obj
 0001:000037b6       ?AllocateHeap@?$CTempBuffer@_W$0BAA@VCCRTAllocator@ATL@@@ATL@@AAEXI@Z 100047b6 f i ItemDispenser.obj
 0001:000037b6       ?AllocateHeap@?$CTempBuffer@_W$0EAA@VCCRTAllocator@ATL@@@ATL@@AAEXI@Z 100047b6 f i ItemDispenser.obj
 0001:000037b6       ?AllocateHeap@?$CTempBuffer@E$0BAA@VCCRTAllocator@ATL@@@ATL@@AAEXI@Z 100047b6 f i ItemDispenser.obj
 0001:000037db       ?Append@CParseBuffer@CRegParser@ATL@@QAEHPB_WH@Z 100047db f i ItemDispenser.obj
 0001:00003869       ?AtlCoTaskMemCAlloc@ATL@@YAPAXKK@Z 10004869 f i ItemDispenser.obj
 0001:00003896       ?AtlCoTaskMemRecalloc@ATL@@YAPAXPAXKK@Z 10004896 f i ItemDispenser.obj
 0001:000038c6       ?AtlComModuleGetClassObject@ATL@@YGJPAU_ATL_COM_MODULE70@1@ABU_GUID@@1PAPAX@Z 100048c6 f i ItemDispenser.obj
 0001:000039b9       ?AtlComModuleRegisterServer@ATL@@YGJPAU_ATL_COM_MODULE70@1@HPBU_GUID@@@Z 100049b9 f i ItemDispenser.obj
 0001:00003a41       ?AtlComModuleUnregisterServer@ATL@@YGJPAU_ATL_COM_MODULE70@1@HPBU_GUID@@@Z 10004a41 f i ItemDispenser.obj
 0001:00003ac9       ?AtlComQIPtrAssign2@ATL@@YAXPAPAUIUnknown@@PAU2@ABU_GUID@@@Z 10004ac9 f i ItemDispenser.obj
 0001:00003af8       ?AtlCreateTargetDC@ATL@@YGPAUHDC__@@PAU2@PAUtagDVTARGETDEVICE@@@Z 10004af8 f i ItemDispenser.obj
 0001:00003b61       ?AtlCrtErrorCheck@ATL@@YAHH@Z 10004b61 f i ItemDispenser.obj
 0001:00003b9c       ?AtlHiMetricToPixel@ATL@@YGXPBUtagSIZE@@PAU2@@Z 10004b9c f i ItemDispenser.obj
 0001:00003c11       ?AtlHresultFromLastError@ATL@@YAJXZ 10004c11 f i ItemDispenser.obj
 0001:00003c28       ?AtlHresultFromWin32@ATL@@YAJK@Z 10004c28 f i ItemDispenser.obj
 0001:00003c3d       ?AtlInternalOleLoadFromStream@ATL@@YAJPAUIStream@@ABU_GUID@@PAPAXTClassesAllowedInStream@1@K@Z 10004c3d f i ItemDispenser.obj
 0001:00003d5b       ?AtlInternalQueryInterface@ATL@@YGJPAXPBU_ATL_INTMAP_ENTRY@1@ABU_GUID@@PAPAX@Z 10004d5b f i ItemDispenser.obj
 0001:00003dfe       ?AtlLoadTypeLib@ATL@@YGJPAUHINSTANCE__@@PB_WPAPA_WPAPAUITypeLib@@@Z 10004dfe f i ItemDispenser.obj
 0001:00003fdc       ?AtlRegisterClassCategoriesHelper@ATL@@YGJABU_GUID@@PBU_ATL_CATMAP_ENTRY@1@H@Z 10004fdc f i ItemDispenser.obj
 0001:000042d8       ?AtlRegisterTypeLib@ATL@@YGJPAUHINSTANCE__@@PB_W@Z 100052d8 f i ItemDispenser.obj
 0001:00004460       ?AtlThrowImpl@ATL@@YGXJ@Z  10005460 f i ItemDispenser.obj
 0001:0000447e       ?AtlUnRegisterTypeLib@ATL@@YGJPAUHINSTANCE__@@PB_W@Z 1000547e f i ItemDispenser.obj
 0001:00004529       ?AtlWinModuleAddCreateWndData@ATL@@YGXPAU_ATL_WIN_MODULE70@1@PAU_AtlCreateWndData@1@PAX@Z 10005529 f i ItemDispenser.obj
 0001:0000457d       ?AtlWinModuleExtractCreateWndData@ATL@@YGPAXPAU_ATL_WIN_MODULE70@1@@Z 1000557d f i ItemDispenser.obj
 0001:000045e0       ?AtlWinModuleRegisterClassExW@ATL@@YGGPAU_ATL_WIN_MODULE70@1@PBUtagWNDCLASSEXW@@@Z 100055e0 f i ItemDispenser.obj
 0001:0000461f       ?CanForceRemoveKey@CRegParser@ATL@@IAEHPB_W@Z 1000561f f i ItemDispenser.obj
 0001:0000464e       ?ChToByte@CRegParser@ATL@@KAE_W@Z 1000564e f i ItemDispenser.obj
 0001:00004681       ?Cleanup@CComTypeInfoHolder@ATL@@SGXK@Z 10005681 f i ItemDispenser.obj
 0001:000046b4       ?ClearReplacements@CExpansionVector@ATL@@QAEJXZ 100056b4 f i ItemDispenser.obj
 0001:000046f1       ?Close@CRegKey@ATL@@QAEJXZ 100056f1 f i ItemDispenser.obj
 0001:0000470b       ?CreateInstance@?$CComCreator@V?$CComAggObject@VCOPOSItemDispenser@@@ATL@@@ATL@@SGJPAXABU_GUID@@PAPAX@Z 1000570b f i ItemDispenser.obj
 0001:00004780       ?CreateInstance@?$CComCreator@V?$CComObject@VCOPOSItemDispenser@@@ATL@@@ATL@@SGJPAXABU_GUID@@PAPAX@Z 10005780 f i ItemDispenser.obj
 0001:00004800       ?CreateInstance@?$CComObject@V?$CComEnum@UIEnumConnectionPoints@@$1?_GUID_b196b285_bab4_101a_b69c_00aa00341d07@@3U__s_GUID@@BPAUIConnectionPoint@@V?$_CopyInterface@UIConnectionPoint@@@ATL@@VCComSingleThreadModel@6@@ATL@@@ATL@@SGJPAPAV12@@Z 10005800 f i ItemDispenser.obj
 0001:0000484a       ?CreateInstance@?$CComObject@V?$CComEnum@UIEnumConnections@@$1?_GUID_b196b287_bab4_101a_b69c_00aa00341d07@@3U__s_GUID@@BUtagCONNECTDATA@@V?$_Copy@UtagCONNECTDATA@@@ATL@@VCComSingleThreadModel@6@@ATL@@@ATL@@SGJPAPAV12@@Z 1000584a f i ItemDispenser.obj
 0001:00004894       ?DefaultReflectionHandler@?$CWindowImplRoot@VCWindow@ATL@@@ATL@@SAHPAUHWND__@@IIJAAJ@Z 10005894 f i ItemDispenser.obj
 0001:00004907       ?DeleteSubKey@CRegKey@ATL@@QAEJPB_W@Z 10005907 f i ItemDispenser.obj
 0001:00004980       ?DoEvent@COPOSItemDispenser@@IAEXIIJ@Z 10005980 f i ItemDispenser.obj
 0001:00004a00       ?DoVerbHide@?$IOleObjectImpl@VCOPOSItemDispenser@@@ATL@@QAEJPBUtagRECT@@PAUHWND__@@@Z 10005a00 f i ItemDispenser.obj
 0001:00004a36       ?DoVerbInPlaceActivate@?$IOleObjectImpl@VCOPOSItemDispenser@@@ATL@@QAEJPBUtagRECT@@PAUHWND__@@@Z 10005a36 f i ItemDispenser.obj
 0001:00004a69       ?DoVerbPrimary@?$IOleObjectImpl@VCOPOSItemDispenser@@@ATL@@QAEJPBUtagRECT@@PAUHWND__@@@Z 10005a69 f i ItemDispenser.obj
 0001:00004af5       ?DoVerbProperties@CComControlBase@ATL@@QAEJPBUtagRECT@@PAUHWND__@@@Z 10005af5 f i ItemDispenser.obj
 0001:00004c74       ?DoVerbUIActivate@?$IOleObjectImpl@VCOPOSItemDispenser@@@ATL@@QAEJPBUtagRECT@@PAUHWND__@@@Z 10005c74 f i ItemDispenser.obj
 0001:00004cb1       ?DoesVerbActivate@CComControlBase@ATL@@QAEHJ@Z 10005cb1 f i ItemDispenser.obj
 0001:00004cd2       ?DoesVerbUIActivate@CComControlBase@ATL@@QAEHJ@Z 10005cd2 f i ItemDispenser.obj
 0001:00004d07       ?EndOfVar@CRegParser@ATL@@IAEHXZ 10005d07 f i ItemDispenser.obj
 0001:00004d27       ?EscapeSingleQuote@CAtlModule@ATL@@SAXPA_WIPB_W@Z 10005d27 f i ItemDispenser.obj
 0001:00004d76       ?FindKey@?$CSimpleMap@PA_WPA_WVCExpansionVectorEqualHelper@ATL@@@ATL@@QBEHABQA_W@Z 10005d76 f i ItemDispenser.obj
 0001:00004dad       ?FireTheEvent@?$CProxy_IOPOSEvents@VCOPOSItemDispenser@@@@IAEXPAVOposVariant@@IAAJPB_WJ@Z 10005dad f i ItemDispenser.obj
 0001:00004e3f       ?FireViewChange@CComControlBase@ATL@@QAEJXZ 10005e3f f i ItemDispenser.obj
 0001:00004e88       ?Fire_DirectIOEvent@?$CProxy_IOPOSEvents@VCOPOSItemDispenser@@@@QAEXJPAJPAPA_W@Z 10005e88 f i ItemDispenser.obj
 0001:00004f74       ?Fire_StatusUpdateEvent@?$CProxy_IOPOSEvents@VCOPOSItemDispenser@@@@QAEXJ@Z 10005f74 f i ItemDispenser.obj
 0001:0000500a       ?FreeHeap@?$CTempBuffer@E$0BAA@VCCRTAllocator@ATL@@@ATL@@AAEXXZ 1000600a f i ItemDispenser.obj
 0001:0000500a       ?FreeHeap@?$CTempBuffer@_W$0EAA@VCCRTAllocator@ATL@@@ATL@@AAEXXZ 1000600a f i ItemDispenser.obj
 0001:0000500a       ?FreeHeap@?$CTempBuffer@_W$0BAA@VCCRTAllocator@ATL@@@ATL@@AAEXXZ 1000600a f i ItemDispenser.obj
 0001:00005013       ?GetAmbientLocaleID@CComControlBase@ATL@@QAEJAAK@Z 10006013 f i ItemDispenser.obj
 0001:0000506f       ?GetAmbientUserMode@CComControlBase@ATL@@QAEJAAH@Z 1000606f f i ItemDispenser.obj
 0001:000050df       ?GetAt@CComDynamicUnkArray@ATL@@QAEPAUIUnknown@@H@Z 100060df f i ItemDispenser.obj
 0001:000050fb       ?GetClassObject@CComModule@ATL@@QAEJABU_GUID@@0PAPAX@Z 100060fb f i ItemDispenser.obj
 0001:0000519d       ?GetConnMap@COPOSItemDispenser@@SAPBU_ATL_CONNMAP_ENTRY@ATL@@PAH@Z 1000619d f i ItemDispenser.obj
 0001:0000520d       ?GetCookie@CComDynamicUnkArray@ATL@@QAGKPAPAUIUnknown@@@Z 1000620d f i ItemDispenser.obj
 0001:00005245       ?GetIDsOfNames@CComTypeInfoHolder@ATL@@QAEJABU_GUID@@PAPA_WIKPAJ@Z 10006245 f i ItemDispenser.obj
 0001:0000536c       ?GetKeyAt@?$CSimpleMap@PA_WPA_WVCExpansionVectorEqualHelper@ATL@@@ATL@@QBEAAPA_WH@Z 1000636c f i ItemDispenser.obj
 0001:00005391       ?GetPagesHelper@?$ISpecifyPropertyPagesImpl@VCOPOSItemDispenser@@@ATL@@IAEJPAUtagCAUUID@@PBUATL_PROPMAP_ENTRY@2@@Z 10006391 f i ItemDispenser.obj
 0001:000054b8       ?GetProperty@?$CComPtr@UIDispatch@@@ATL@@SAJPAUIDispatch@@JPAUtagVARIANT@@@Z 100064b8 f i ItemDispenser.obj
 0001:00005507       ?GetSizeMax@CComVariant@ATL@@QBEJPAT_ULARGE_INTEGER@@@Z 10006507 f i ItemDispenser.obj
 0001:000056c9       ?GetTI@CComTypeInfoHolder@ATL@@QAEJK@Z 100066c9 f i ItemDispenser.obj
 0001:000058a8       ?GetTI@CComTypeInfoHolder@ATL@@QAEJKPAPAUITypeInfo@@@Z 100068a8 f i ItemDispenser.obj
 0001:000058ea       ?GetUnknown@CComDynamicUnkArray@ATL@@QAGPAUIUnknown@@K@Z 100068ea f i ItemDispenser.obj
 0001:0000590b       ?GetValueAt@?$CSimpleMap@PA_WPA_WVCExpansionVectorEqualHelper@ATL@@@ATL@@QBEAAPA_WH@Z 1000690b f i ItemDispenser.obj
 0001:00005931       ?GetZoomInfo@CComControlBase@ATL@@QAEXAAUATL_DRAWINFO@@@Z 10006931 f i ItemDispenser.obj
 0001:000059c4       ?HKeyFromString@CRegParser@ATL@@KAPAUHKEY__@@PA_W@Z 100069c4 f i ItemDispenser.obj
 0001:000059f2       ?HasSubKeys@CRegParser@ATL@@IAEHPAUHKEY__@@@Z 100069f2 f i ItemDispenser.obj
 0001:00005a27       ?IDataObject_GetData@CComControlBase@ATL@@QAEJPAUtagFORMATETC@@PAUtagSTGMEDIUM@@@Z 10006a27 f i ItemDispenser.obj
 0001:00005bcd       ?IOleInPlaceObject_InPlaceDeactivate@CComControlBase@ATL@@QAEJXZ 10006bcd f i ItemDispenser.obj
 0001:00005c54       ?IOleInPlaceObject_SetObjectRects@CComControlBase@ATL@@QAEJPBUtagRECT@@0@Z 10006c54 f i ItemDispenser.obj
 0001:00005d21       ?IOleInPlaceObject_UIDeactivate@CComControlBase@ATL@@QAEJXZ 10006d21 f i ItemDispenser.obj
 0001:00005de3       ?IOleObject_Advise@CComControlBase@ATL@@QAEJPAUIAdviseSink@@PAK@Z 10006de3 f i ItemDispenser.obj
 0001:00005e0d       ?IOleObject_Close@CComControlBase@ATL@@QAEJK@Z 10006e0d f i ItemDispenser.obj
 0001:00005ef1       ?IOleObject_GetClientSite@CComControlBase@ATL@@QAEJPAPAUIOleClientSite@@@Z 10006ef1 f i ItemDispenser.obj
 0001:00005f1a       ?IOleObject_SetClientSite@CComControlBase@ATL@@QAEJPAUIOleClientSite@@@Z 10006f1a f i ItemDispenser.obj
 0001:00005f59       ?IOleObject_SetExtent@CComControlBase@ATL@@QAEJKPAUtagSIZE@@@Z 10006f59 f i ItemDispenser.obj
 0001:0000600d       ?IPSI_GetIPersistStreamInit@?$IPersistStorageImpl@VCOPOSItemDispenser@@@ATL@@AAEPAUIPersistStreamInit@@XZ 1000700d f i ItemDispenser.obj
 0001:000060b5       ?IPersistStreamInit_Load@?$IPersistStreamInitImpl@VCOPOSItemDispenser@@@ATL@@QAEJPAUIStream@@PBUATL_PROPMAP_ENTRY@2@@Z 100070b5 f i ItemDispenser.obj
 0001:0000632a       ?IPersistStreamInit_Save@?$IPersistStreamInitImpl@VCOPOSItemDispenser@@@ATL@@QAEJPAUIStream@@HPBUATL_PROPMAP_ENTRY@2@@Z 1000732a f i ItemDispenser.obj
 0001:00006518       ?IQuickActivate_QuickActivate@CComControlBase@ATL@@QAEJPAUtagQACONTAINER@@PAUtagQACONTROL@@@Z 10007518 f i ItemDispenser.obj
 0001:0000675a       ?IViewObject_Draw@CComControlBase@ATL@@QAEJKJPAXPAUtagDVTARGETDEVICE@@PAUHDC__@@2PBU_RECTL@@3@Z 1000775a f i ItemDispenser.obj
 0001:00006802       ?InPlaceActivate@CComControlBase@ATL@@QAEJJPBUtagRECT@@@Z 10007802 f i ItemDispenser.obj
 0001:00006a73       ?Init@?$CComEnumImpl@UIEnumConnectionPoints@@$1?_GUID_b196b285_bab4_101a_b69c_00aa00341d07@@3U__s_GUID@@BPAUIConnectionPoint@@V?$_CopyInterface@UIConnectionPoint@@@ATL@@@ATL@@QAEJPAPAUIConnectionPoint@@0PAUIUnknown@@W4CComEnumFlags@2@@Z 10007a73 f i ItemDispenser.obj
 0001:00006b52       ?Init@?$CComEnumImpl@UIEnumConnections@@$1?_GUID_b196b287_bab4_101a_b69c_00aa00341d07@@3U__s_GUID@@BUtagCONNECTDATA@@V?$_Copy@UtagCONNECTDATA@@@ATL@@@ATL@@QAEJPAUtagCONNECTDATA@@0PAUIUnknown@@W4CComEnumFlags@2@@Z 10007b52 f i ItemDispenser.obj
 0001:00006c31       ?Init@CComModule@ATL@@QAEJPAU_ATL_OBJMAP_ENTRY30@2@PAUHINSTANCE__@@PBU_GUID@@@Z 10007c31 f i ItemDispenser.obj
 0001:00006c90       ?Init@CDynamicStdCallThunk2@ATL@@QAEHKPAX@Z 10007c90 f i ItemDispenser.obj
 0001:00006cbb       ?InlineIsEqualUnknown@ATL@@YGHABU_GUID@@@Z 10007cbb f i ItemDispenser.obj
 0001:00006ce3       ?InternalSetAtIndex@?$CSimpleMap@PA_WPA_WVCExpansionVectorEqualHelper@ATL@@@ATL@@QAEXHABQA_W0@Z 10007ce3 f i ItemDispenser.obj
 0001:00006d0d       ?Invoke@CComTypeInfoHolder@ATL@@QAEJPAUIDispatch@@JABU_GUID@@KGPAUtagDISPPARAMS@@PAUtagVARIANT@@PAUtagEXCEPINFO@@PAI@Z 10007d0d f i ItemDispenser.obj
 0001:00006d50       ?IsEqualObject@?$CComPtrBase@UITypeInfo@@@ATL@@QAE_NPAUIUnknown@@@Z 10007d50 f i ItemDispenser.obj
 0001:00006d50       ?IsEqualObject@?$CComPtrBase@UIOleClientSite@@@ATL@@QAE_NPAUIUnknown@@@Z 10007d50 f i ItemDispenser.obj
 0001:00006dbd       ?IsSpace@CRegParser@ATL@@IAEH_W@Z 10007dbd f i ItemDispenser.obj
 0001:00006de7       ?LoadNameCache@CComTypeInfoHolder@ATL@@QAEJPAUITypeInfo@@@Z 10007de7 f i ItemDispenser.obj
 0001:00006f1c       ?Lookup@?$CSimpleMap@PA_WPA_WVCExpansionVectorEqualHelper@ATL@@@ATL@@QBEPA_WABQA_W@Z 10007f1c f i ItemDispenser.obj
 0001:00006f42       ?NextToken@CRegParser@ATL@@IAEJPA_W@Z 10007f42 f i ItemDispenser.obj
 0001:0000707a       ?OnKillFocus@CComControlBase@ATL@@QAEJIIJAAH@Z 1000807a f i ItemDispenser.obj
 0001:000070d5       ?OnMouseActivate@CComControlBase@ATL@@QAEJIIJAAH@Z 100080d5 f i ItemDispenser.obj
 0001:00007143       ?OnPaint@CComControlBase@ATL@@QAEJIIJAAH@Z 10008143 f i ItemDispenser.obj
 0001:000071f5       ?OnSetFocus@CComControlBase@ATL@@QAEJIIJAAH@Z 100081f5 f i ItemDispenser.obj
 0001:0000727e       ?Open@CRegKey@ATL@@QAEJPAUHKEY__@@PB_WK@Z 1000827e f i ItemDispenser.obj
 0001:000072d3       ?PreProcessBuffer@CRegParser@ATL@@QAEJPA_WPAPA_W@Z 100082d3 f i ItemDispenser.obj
 0001:00007542       ?ProcessWindowMessage@?$CComControl@VCOPOSItemDispenser@@V?$CWindowImpl@VCOPOSItemDispenser@@VCWindow@ATL@@V?$CWinTraits@$0FGAAAAAA@$0A@@3@@ATL@@@ATL@@UAEHPAUHWND__@@IIJAAJK@Z 10008542 f i ItemDispenser.obj
 0001:000075e1       ?ReadFromStream@CComBSTR@ATL@@QAEJPAUIStream@@@Z 100085e1 f i ItemDispenser.obj
 0001:00007704       ?ReadFromStream@CComVariant@ATL@@QAEJPAUIStream@@GTClassesAllowedInStream@2@K@Z 10008704 f i ItemDispenser.obj
 0001:0000788e       ?RecurseDeleteKey@CRegKey@ATL@@QAEJPB_W@Z 1000888e f i ItemDispenser.obj
 0001:0000797c       ?RegCreateKeyExW@CAtlTransactionManager@ATL@@QAEJPAUHKEY__@@PB_WKPA_WKKQAU_SECURITY_ATTRIBUTES@@PAPAU3@PAK@Z 1000897c f i ItemDispenser.obj
 0001:000079df       ?RegDeleteKeyW@CAtlTransactionManager@ATL@@QAEJPAUHKEY__@@PB_W@Z 100089df f i ItemDispenser.obj
 0001:00007a31       ?RegOpenKeyExW@CAtlTransactionManager@ATL@@QAEJPAUHKEY__@@PB_WKKPAPAU3@@Z 10008a31 f i ItemDispenser.obj
 0001:00007a88       ?Register@_ATL_WNDCLASSINFOW@ATL@@QAEGPAP6GJPAUHWND__@@IIJ@Z@Z 10008a88 f i ItemDispenser.obj
 0001:00007aa8       ?RegisterBuffer@CRegParser@ATL@@QAEJPA_WH@Z 10008aa8 f i ItemDispenser.obj
 0001:00007bef       ?RegisterFromResource@CRegObject@ATL@@IAEJPB_W00H@Z 10008bef f i ItemDispenser.obj
 0001:00007d25       ?RegisterServer@?$CAtlModuleT@VCComModule@ATL@@@ATL@@QAEJHPBU_GUID@@@Z 10008d25 f i ItemDispenser.obj
 0001:00007d53       ?RegisterServer@CComModule@ATL@@QAEJHPBU_GUID@@@Z 10008d53 f i ItemDispenser.obj
 0001:00007dc9       ?RegisterSubkeys@CRegParser@ATL@@IAEJPA_WPAUHKEY__@@HH@Z 10008dc9 f i ItemDispenser.obj
 0001:00008476       ?Remove@CComDynamicUnkArray@ATL@@QAEHK@Z 10009476 f i ItemDispenser.obj
 0001:0000849f       ?RemoveAll@?$CSimpleMap@PA_WPA_WVCExpansionVectorEqualHelper@ATL@@@ATL@@QAEXXZ 1000949f f i ItemDispenser.obj
 0001:000084cb       ?ResourceRegisterSz@CRegObject@ATL@@QAGJPB_W00@Z 100094cb f i ItemDispenser.obj
 0001:000084f8       ?ResourceUnregisterSz@CRegObject@ATL@@QAGJPB_W00@Z 100094f8 f i ItemDispenser.obj
 0001:00008525       ?SendOnDataChange@CComControlBase@ATL@@QAEJK@Z 10009525 f i ItemDispenser.obj
 0001:00008572       ?SetControlFocus@CComControlBase@ATL@@QAEHH@Z 10009572 f i ItemDispenser.obj
 0001:0000860f       ?SetMultiStringValue@CRegKey@ATL@@QAEJPB_W0@Z 1000960f f i ItemDispenser.obj
 0001:0000866b       ?SetStringValue@CRegKey@ATL@@QAEJPB_W0K@Z 1000966b f i ItemDispenser.obj
 0001:000086b4       ?SkipAssignment@CRegParser@ATL@@IAEJPA_W@Z 100096b4 f i ItemDispenser.obj
 0001:00008719       ?SkipWhiteSpace@CRegParser@ATL@@IAEXXZ 10009719 f i ItemDispenser.obj
 0001:0000873b       ?StrChrW@CRegParser@ATL@@KAPA_WPA_W_W@Z 1000973b f i ItemDispenser.obj
 0001:00008778       ?Term@CAtlModule@ATL@@QAEXXZ 10009778 f i ItemDispenser.obj
 0001:000087cb       ?Term@CComModule@ATL@@QAEXXZ 100097cb f i ItemDispenser.obj
 0001:00008823       ?UnregisterServer@?$CAtlModuleT@VCComModule@ATL@@@ATL@@QAEJHPBU_GUID@@@Z 10009823 f i ItemDispenser.obj
 0001:00008849       ?UnregisterServer@CComModule@ATL@@QAEJHPBU_GUID@@@Z 10009849 f i ItemDispenser.obj
 0001:000088bf       ?UpdateRegistryFromResource@CAtlModule@ATL@@QAGJIHPAU_ATL_REGMAP_ENTRY@2@@Z 100098bf f i ItemDispenser.obj
 0001:00008a8a       ?UpdateRegistryFromResource@CAtlModule@ATL@@QAGJPB_WHPAU_ATL_REGMAP_ENTRY@2@@Z 10009a8a f i ItemDispenser.obj
 0001:00008c5b       ?VTFromRegType@CRegParser@ATL@@KAHPB_WAAG@Z 10009c5b f i ItemDispenser.obj
 0001:00008cc8       ?WindowProc@?$CWindowImplBaseT@VCWindow@ATL@@V?$CWinTraits@$0FGAAAAAA@$0A@@2@@ATL@@SGJPAUHWND__@@IIJ@Z 10009cc8 f i ItemDispenser.obj
 0001:00008dba       ?WriteToStream@CComBSTR@ATL@@QAEJPAUIStream@@@Z 10009dba f i ItemDispenser.obj
 0001:00008e1c       ?WriteToStream@CComVariant@ATL@@QAEJPAUIStream@@@Z 10009e1c f i ItemDispenser.obj
 0001:00008f96       ?WriteToStream@CComVariant@ATL@@QAEJPAUIStream@@G@Z 10009f96 f i ItemDispenser.obj
 0001:00008fff       ?_AtlInitialConstruct@?$CComObjectRootEx@VCComMultiThreadModel@ATL@@@ATL@@QAEJXZ 10009fff f i ItemDispenser.obj
 0001:00009014       ?_AtlVerifyStackAvailable@_ATL_SAFE_ALLOCA_IMPL@ATL@@YA_NK@Z 1000a014 f i ItemDispenser.obj
 0001:00009092       ?atlCreate@?$CWindowImpl@VCOPOSItemDispenser@@VCWindow@ATL@@V?$CWinTraits@$0FGAAAAAA@$0A@@3@@ATL@@QAEPAUHWND__@@PAU3@V_U_RECT@2@PB_WKKV_U_MENUorID@2@PAX@Z 1000a092 f i ItemDispenser.obj
 0001:000090d6       ?atlCreate@?$CWindowImplBaseT@VCWindow@ATL@@V?$CWinTraits@$0FGAAAAAA@$0A@@2@@ATL@@QAEPAUHWND__@@PAU3@V_U_RECT@2@PB_WKKV_U_MENUorID@2@GPAX@Z 1000a0d6 f i ItemDispenser.obj
 0001:00009172       ?copy@?$_Copy@UtagCONNECTDATA@@@ATL@@SAJPAUtagCONNECTDATA@@PBU3@@Z 1000a172 f i ItemDispenser.obj
 0001:000091a8       ?copy@?$_CopyInterface@UIConnectionPoint@@@ATL@@SAJPAPAUIConnectionPoint@@PBQAU3@@Z 1000a1a8 f i ItemDispenser.obj
 0001:000091d6       ?memcpy_s@Checked@ATL@@YAXPAXIPBXI@Z 1000a1d6 f i ItemDispenser.obj
 0001:000091f5       ?ocscpy_s@@YA_NPA_WIPB_W@Z 1000a1f5 f i ItemDispenser.obj
 0001:0000923f       ?wcscpy_s@Checked@ATL@@YAXPA_WIPB_W@Z 1000a23f f i ItemDispenser.obj
 0001:0000925b       _DllCanUnloadNow@0         1000a25b f   ItemDispenser.obj
 0001:00009267       _DllGetClassObject@12      1000a267 f   ItemDispenser.obj
 0001:00009275       _DllMain@12                1000a275 f   ItemDispenser.obj
 0001:000092b7       _DllRegisterServer@0       1000a2b7 f   ItemDispenser.obj
 0001:000092c6       _DllUnregisterServer@0     1000a2c6 f   ItemDispenser.obj
 0001:000092d5       _InlineIsEqualGUID         1000a2d5 f i ItemDispenser.obj
 0001:00009305       ___local_stdio_printf_options 1000a305 f i ItemDispenser.obj
 0001:0000930b       __vswprintf_s_l            1000a30b f i ItemDispenser.obj
 0001:000093b8       _swprintf_s                1000a3b8 f i ItemDispenser.obj
 0001:000093d4       ??0?$CComControl@VCOPOSItemDispenser@@V?$CWindowImpl@VCOPOSItemDispenser@@VCWindow@ATL@@V?$CWinTraits@$0FGAAAAAA@$0A@@3@@ATL@@@ATL@@QAE@XZ 1000a3d4 f i ItemDispenserImpl.obj
 0001:000093fb       ??0CComControlBase@ATL@@QAE@AAPAUHWND__@@@Z 1000a3fb f i ItemDispenserImpl.obj
 0001:00009445       ??0COPOSItemDispenser@@QAE@XZ 1000a445 f   ItemDispenserImpl.obj
 0001:00009494       ??1?$CComControl@VCOPOSItemDispenser@@V?$CWindowImpl@VCOPOSItemDispenser@@VCWindow@ATL@@V?$CWinTraits@$0FGAAAAAA@$0A@@3@@ATL@@@ATL@@UAE@XZ 1000a494 f i ItemDispenserImpl.obj
 0001:000094ad       ??1?$IConnectionPointImpl@VCOPOSItemDispenser@@$1?IID_IPropertyNotifySink@@3U_GUID@@BVCComDynamicUnkArray@ATL@@@ATL@@QAE@XZ 1000a4ad f i ItemDispenserImpl.obj
 0001:000094ad       ??1?$IConnectionPointImpl@VCOPOSItemDispenser@@$1?DIID__IOPOSItemDispenserEvents@@3U_GUID@@BVCComDynamicUnkArray@ATL@@@ATL@@QAE@XZ 1000a4ad f i ItemDispenserImpl.obj
 0001:000094ea       ??1CComControlBase@ATL@@UAE@XZ 1000a4ea f i ItemDispenserImpl.obj
 0001:0000954d       ??1COPOSItemDispenser@@UAE@XZ 1000a54d f   ItemDispenserImpl.obj
 0001:00009595       ?AdjustItemCount@COPOSItemDispenser@@UAGJJJPAJ@Z 1000a595 f   ItemDispenserImpl.obj
 0001:00009609       ?CheckHealth@COPOSItemDispenser@@UAGJJPAJ@Z 1000a609 f   ItemDispenserImpl.obj
 0001:00009658       ?ClaimDevice@COPOSItemDispenser@@UAGJJPAJ@Z 1000a658 f   ItemDispenserImpl.obj
 0001:000096cd       ?Close@COPOSItemDispenser@@UAGJPAJ@Z 1000a6cd f   ItemDispenserImpl.obj
 0001:0000973b       ?CompareFirmwareVersion@COPOSItemDispenser@@UAGJPA_WPAJ1@Z 1000a73b f   ItemDispenserImpl.obj
 0001:000097bb       ?DirectIO@COPOSItemDispenser@@UAGJJPAJPAPA_W0@Z 1000a7bb f   ItemDispenserImpl.obj
 0001:00009869       ?DispenseItem@COPOSItemDispenser@@UAGJPAJJ0@Z 1000a869 f   ItemDispenserImpl.obj
 0001:000098e5       ?DoInvoke@COPOSItemDispenser@@IAEJJPAVOposVariant@@IHPAJ_N@Z 1000a8e5 f   ItemDispenserImpl.obj
 0001:000099c1       ?EventClose@COPOSItemDispenser@@IAEXXZ 1000a9c1 f i ItemDispenserImpl.obj
 0001:000099f4       ?EventInit@COPOSItemDispenser@@IAEJXZ 1000a9f4 f i ItemDispenserImpl.obj
 0001:00009ac0       ?EventUninit@COPOSItemDispenser@@IAEXXZ 1000aac0 f i ItemDispenserImpl.obj
 0001:00009b12       ?EventWindowProc@COPOSItemDispenser@@IAGJIIJ@Z 1000ab12 f i ItemDispenserImpl.obj
 0001:00009b89       ?FinalConstruct@COPOSItemDispenser@@QAEJXZ 1000ab89 f   ItemDispenserImpl.obj
 0001:00009bc2       ?FireEventCleanup@COPOSItemDispenser@@IAEXXZ 1000abc2 f i ItemDispenserImpl.obj
 0001:00009bd8       ?FireEventSetup@COPOSItemDispenser@@IAE_NXZ 1000abd8 f i ItemDispenserImpl.obj
 0001:00009c0c       ?FreezeEvents@COPOSItemDispenser@@MAGJH@Z 1000ac0c f   ItemDispenserImpl.obj
 0001:00009c5d       ?GetOposProp@COPOSItemDispenser@@IAEJJPAFJ@Z 1000ac5d f   ItemDispenserImpl.obj
 0001:00009c80       ?GetOposProp@COPOSItemDispenser@@IAEJJPAJJ@Z 1000ac80 f   ItemDispenserImpl.obj
 0001:00009d4f       ?GetOposProp@COPOSItemDispenser@@IAEJJPAPA_WJ@Z 1000ad4f f   ItemDispenserImpl.obj
 0001:00009e2b       ?OnDraw@COPOSItemDispenser@@MAEJAAUATL_DRAWINFO@@@Z 1000ae2b f   ItemDispenserImpl.obj
 0001:00009ecb       ?Open@COPOSItemDispenser@@UAGJPA_WPAJ@Z 1000aecb f   ItemDispenserImpl.obj
 0001:0000a70d       ?ReadItemCount@COPOSItemDispenser@@UAGJPAJJ0@Z 1000b70d f   ItemDispenserImpl.obj
 0001:0000a789       ?ReleaseDevice@COPOSItemDispenser@@UAGJPAJ@Z 1000b789 f   ItemDispenserImpl.obj
 0001:0000a7d8       ?ResetStatistics@COPOSItemDispenser@@UAGJPA_WPAJ@Z 1000b7d8 f   ItemDispenserImpl.obj
 0001:0000a82f       ?RetrieveStatistics@COPOSItemDispenser@@UAGJPAPA_WPAJ@Z 1000b82f f   ItemDispenserImpl.obj
 0001:0000a886       ?SOProcessID@COPOSItemDispenser@@UAGJPAJ@Z 1000b886 f   ItemDispenserImpl.obj
 0001:0000a89a       ?SetCOFreezeEvents@COPOSItemDispenser@@IAEXF@Z 1000b89a f   ItemDispenserImpl.obj
 0001:0000a93a       ?SetOposProp@COPOSItemDispenser@@IAEJJJJ@Z 1000b93a f   ItemDispenserImpl.obj
 0001:0000aa31       ?UpdateFirmware@COPOSItemDispenser@@UAGJPA_WPAJ@Z 1000ba31 f   ItemDispenserImpl.obj
 0001:0000aa88       ?UpdateStatistics@COPOSItemDispenser@@UAGJPA_WPAJ@Z 1000ba88 f   ItemDispenserImpl.obj
 0001:0000aadf       ?get_BinaryConversion@COPOSItemDispenser@@UAGJPAJ@Z 1000badf f   ItemDispenserImpl.obj
 0001:0000aaf5       ?get_CapCompareFirmwareVersion@COPOSItemDispenser@@UAGJPAF@Z 1000baf5 f   ItemDispenserImpl.obj
 0001:0000ab0e       ?get_CapEmptySensor@COPOSItemDispenser@@UAGJPAF@Z 1000bb0e f   ItemDispenserImpl.obj
 0001:0000ab27       ?get_CapIndividualSlotStatus@COPOSItemDispenser@@UAGJPAF@Z 1000bb27 f   ItemDispenserImpl.obj
 0001:0000ab40       ?get_CapJamSensor@COPOSItemDispenser@@UAGJPAF@Z 1000bb40 f   ItemDispenserImpl.obj
 0001:0000ab59       ?get_CapNearEmptySensor@COPOSItemDispenser@@UAGJPAF@Z 1000bb59 f   ItemDispenserImpl.obj
 0001:0000ab72       ?get_CapPowerReporting@COPOSItemDispenser@@UAGJPAJ@Z 1000bb72 f   ItemDispenserImpl.obj
 0001:0000ab8b       ?get_CapStatisticsReporting@COPOSItemDispenser@@UAGJPAF@Z 1000bb8b f   ItemDispenserImpl.obj
 0001:0000aba4       ?get_CapUpdateFirmware@COPOSItemDispenser@@UAGJPAF@Z 1000bba4 f   ItemDispenserImpl.obj
 0001:0000abbd       ?get_CapUpdateStatistics@COPOSItemDispenser@@UAGJPAF@Z 1000bbbd f   ItemDispenserImpl.obj
 0001:0000abd6       ?get_CheckHealthText@COPOSItemDispenser@@UAGJPAPA_W@Z 1000bbd6 f   ItemDispenserImpl.obj
 0001:0000abef       ?get_Claimed@COPOSItemDispenser@@UAGJPAF@Z 1000bbef f   ItemDispenserImpl.obj
 0001:0000ac05       ?get_ControlObjectDescription@COPOSItemDispenser@@UAGJPAPA_W@Z 1000bc05 f   ItemDispenserImpl.obj
 0001:0000ac53       ?get_ControlObjectVersion@COPOSItemDispenser@@UAGJPAJ@Z 1000bc53 f   ItemDispenserImpl.obj
 0001:0000ac66       ?get_DeviceDescription@COPOSItemDispenser@@UAGJPAPA_W@Z 1000bc66 f   ItemDispenserImpl.obj
 0001:0000ac7f       ?get_DeviceEnabled@COPOSItemDispenser@@UAGJPAF@Z 1000bc7f f   ItemDispenserImpl.obj
 0001:0000ac95       ?get_DeviceName@COPOSItemDispenser@@UAGJPAPA_W@Z 1000bc95 f   ItemDispenserImpl.obj
 0001:0000acae       ?get_DispenserStatus@COPOSItemDispenser@@UAGJPAJ@Z 1000bcae f   ItemDispenserImpl.obj
 0001:0000acc7       ?get_FreezeEvents@COPOSItemDispenser@@UAGJPAF@Z 1000bcc7 f   ItemDispenserImpl.obj
 0001:0000acdd       ?get_MaxSlots@COPOSItemDispenser@@UAGJPAJ@Z 1000bcdd f   ItemDispenserImpl.obj
 0001:0000acf6       ?get_OpenResult@COPOSItemDispenser@@UAGJPAJ@Z 1000bcf6 f   ItemDispenserImpl.obj
 0001:0000ad0d       ?get_PowerNotify@COPOSItemDispenser@@UAGJPAJ@Z 1000bd0d f   ItemDispenserImpl.obj
 0001:0000ad23       ?get_PowerState@COPOSItemDispenser@@UAGJPAJ@Z 1000bd23 f   ItemDispenserImpl.obj
 0001:0000ad39       ?get_ResultCode@COPOSItemDispenser@@UAGJPAJ@Z 1000bd39 f   ItemDispenserImpl.obj
 0001:0000ad77       ?get_ResultCodeExtended@COPOSItemDispenser@@UAGJPAJ@Z 1000bd77 f   ItemDispenserImpl.obj
 0001:0000ad8d       ?get_ServiceObjectDescription@COPOSItemDispenser@@UAGJPAPA_W@Z 1000bd8d f   ItemDispenserImpl.obj
 0001:0000ada6       ?get_ServiceObjectVersion@COPOSItemDispenser@@UAGJPAJ@Z 1000bda6 f   ItemDispenserImpl.obj
 0001:0000adbc       ?get_State@COPOSItemDispenser@@UAGJPAJ@Z 1000bdbc f   ItemDispenserImpl.obj
 0001:0000ade8       ?put_BinaryConversion@COPOSItemDispenser@@UAGJJ@Z 1000bde8 f   ItemDispenserImpl.obj
 0001:0000adfe       ?put_DeviceEnabled@COPOSItemDispenser@@UAGJF@Z 1000bdfe f   ItemDispenserImpl.obj
 0001:0000ae1b       ?put_FreezeEvents@COPOSItemDispenser@@UAGJF@Z 1000be1b f   ItemDispenserImpl.obj
 0001:0000ae67       ?put_PowerNotify@COPOSItemDispenser@@UAGJJ@Z 1000be67 f   ItemDispenserImpl.obj
 0001:0000ae7d       ?s_EventWindowProc@COPOSItemDispenser@@KGJPAUHWND__@@IIJ@Z 1000be7d f i ItemDispenserImpl.obj
 0001:0000aecf       ??_U@YAPAXI@Z              1000becf f   LIBCMT:new_array.obj
 0001:0000aed8       ??3@YAXPAXI@Z              1000bed8 f   LIBCMT:delete_scalar_size.obj
 0001:0000aee6       ??_V@YAXPAX@Z              1000bee6 f   LIBCMT:delete_array.obj
 0001:0000aeeb       ??_V@YAXPAXI@Z             1000beeb f   LIBCMT:delete_array_size.obj
 0001:0000af3d       ___scrt_acquire_startup_lock 1000bf3d f   LIBCMT:utility.obj
 0001:0000af6f       ___scrt_dllmain_after_initialize_c 1000bf6f f   LIBCMT:utility.obj
 0001:0000af9a       ___scrt_dllmain_before_initialize_c 1000bf9a f   LIBCMT:utility.obj
 0001:0000afa8       ___scrt_dllmain_crt_thread_attach 1000bfa8 f   LIBCMT:utility.obj
 0001:0000afc7       ___scrt_dllmain_crt_thread_detach 1000bfc7 f   LIBCMT:utility.obj
 0001:0000afd4       ___scrt_dllmain_exception_filter 1000bfd4 f   LIBCMT:utility.obj
 0001:0000b008       ___scrt_dllmain_uninitialize_c 1000c008 f   LIBCMT:utility.obj
 0001:0000b02b       ___scrt_dllmain_uninitialize_critical 1000c02b f   LIBCMT:utility.obj
 0001:0000b038       ___scrt_initialize_crt     1000c038 f   LIBCMT:utility.obj
 0001:0000b071       ___scrt_initialize_onexit_tables 1000c071 f   LIBCMT:utility.obj
 0001:0000b0f8       ___scrt_is_nonwritable_in_current_image 1000c0f8 f   LIBCMT:utility.obj
 0001:0000b18c       ___scrt_release_startup_lock 1000c18c f   LIBCMT:utility.obj
 0001:0000b1a9       ___scrt_uninitialize_crt   1000c1a9 f   LIBCMT:utility.obj
 0001:0000b1d1       __onexit                   1000c1d1 f   LIBCMT:utility.obj
 0001:0000b1fe       _atexit                    1000c1fe f   LIBCMT:utility.obj
 0001:0000b213       ??3@YAXPAX@Z               1000c213 f   LIBCMT:delete_scalar.obj
 0001:0000b2dd       __Init_thread_footer       1000c2dd f   LIBCMT:thread_safe_statics.obj
 0001:0000b327       __Init_thread_header       1000c327 f   LIBCMT:thread_safe_statics.obj
 0001:0000b379       __Init_thread_notify       1000c379 f   LIBCMT:thread_safe_statics.obj
 0001:0000b3af       __Init_thread_wait         1000c3af f   LIBCMT:thread_safe_statics.obj
 0001:0000b3fd       ___raise_securityfailure   1000c3fd f   LIBCMT:gs_report.obj
 0001:0000b425       ___report_gsfailure        1000c425 f   LIBCMT:gs_report.obj
 0001:0000b51e       ___report_rangecheckfailure 1000c51e f   LIBCMT:gs_report.obj
 0001:0000b52a       ___report_securityfailure  1000c52a f   LIBCMT:gs_report.obj
 0001:0000b5f8       ??2@YAPAXIABUnothrow_t@std@@@Z 1000c5f8 f   LIBCMT:new_scalar_nothrow.obj
 0001:0000b648       ??_U@YAPAXIABUnothrow_t@std@@@Z 1000c648 f   LIBCMT:new_array_nothrow.obj
 0001:0000b651       @__security_check_cookie@4 1000c651 f   LIBCMT:secchk.obj
 0001:0000b670       __SEH_prolog4_GS           1000c670 f   LIBCMT:sehprolg4gs.obj
 0001:0000b6b9       __SEH_epilog4_GS           1000c6b9 f   LIBCMT:sehprolg4gs.obj
 0001:0000b6d0       __alloca_probe_16          1000c6d0 f   LIBCMT:alloca16.obj
[...]
 0002:00003508       ?_mb_locale_names@@3QBQB_WB 10022508     libucrt:mbctype.obj
 0002:00003d50       ?LcidToLocaleNameTable@?A0x881e4c05@@3QBULcidToLocaleName@1@B 10022d50     libucrt:lcidtoname_downlevel.obj
 0002:00004e78       ?LocaleNameToIndexTable@?A0x881e4c05@@3QBULocaleNameIndex@1@B 10023e78     libucrt:lcidtoname_downlevel.obj
 0002:000067b0       LOG_name                   100257b0     libucrt:log10_impl.obj
 0002:000067c0       _One                       100257c0     libucrt:ceil_pentium4.obj
 0002:000067d0       _Bns                       100257d0     libucrt:ceil_pentium4.obj
 0002:000067e0       _Zero                      100257e0     libucrt:ceil_pentium4.obj
 0002:000067f0       _S                         100257f0     libucrt:ceil_pentium4.obj
 0002:00006800       _NegZero                   10025800     libucrt:ceil_pentium4.obj
 0002:00006810       emask                      10025810     libucrt:log10_pentium4.obj
 0002:00006820       CC                         10025820     libucrt:log10_pentium4.obj
 0002:00006830       Magic                      10025830     libucrt:log10_pentium4.obj
 0002:00006840       hi_mask                    10025840     libucrt:log10_pentium4.obj
 0002:00006850       LOG10_2                    10025850     libucrt:log10_pentium4.obj
 0002:00006860       place_L                    10025860     libucrt:log10_pentium4.obj
 0002:00006880       One                        10025880     libucrt:log10_pentium4.obj
 0002:00006890       Zero                       10025890     libucrt:log10_pentium4.obj
 0002:000068a0       Two52                      100258a0     libucrt:log10_pentium4.obj
 0002:000068b0       Infs                       100258b0     libucrt:log10_pentium4.obj
 0002:000068c0       NaN                        100258c0     libucrt:log10_pentium4.obj
 0002:000068d0       coeff                      100258d0     libucrt:log10_pentium4.obj
 0002:0000692e       _log2max                   1002592e     libucrt:87tran.obj
 0002:00006938       _smallarg                  10025938     libucrt:87tran.obj
 0002:00006942       _half                      10025942     libucrt:87tran.obj
 0002:0000698e       One                        1002598e     libucrt:87disp.obj
 0002:00006996       Three                      10025996     libucrt:87disp.obj
 0002:0000699e       XAMtoTagTab                1002599e     libucrt:87disp.obj
 0002:000069b0       One                        100259b0     libucrt:common.obj
 0002:000069c4       DblMax                     100259c4     libucrt:common.obj
 0002:000069cc       DblMin                     100259cc     libucrt:common.obj
 0002:000069d4       IeeeAdjO                   100259d4     libucrt:common.obj
 0002:000069dc       IeeeAdjU                   100259dc     libucrt:common.obj
 0002:000069e4       _infinity                  100259e4     libucrt:common.obj
 0002:000069ec       _zero                      100259ec     libucrt:common.obj
 0002:00006a38       _over                      10025a38     libucrt:fpctrl.obj
 0002:00006a44       _under                     10025a44     libucrt:fpctrl.obj
 0002:00007278       ?_names@?1??_get_fname@@9@9 10026278     libucrt:fpexcept.obj
 0002:00007420       two32                      10026420     LIBCMT:ftol2.obj
 0002:00007424       two63                      10026424     LIBCMT:ftol2.obj
 0002:00007428       _NaN                       10026428     LIBCMT:ftol2.obj
 0002:00007ae0       __sehtable$?_AtlVerifyStackAvailable@_ATL_SAFE_ALLOCA_IMPL@ATL@@YA_NK@Z 10026ae0     ItemDispenser.obj
 0002:00007b00       __sehtable$___scrt_is_nonwritable_in_current_image 10026b00     LIBCMT:utility.obj
 0002:00007b1c       __catchsym$??2@YAPAXIABUnothrow_t@std@@@Z$2 10026b1c     LIBCMT:new_scalar_nothrow.obj
 0002:00007b2c       __unwindtable$??2@YAPAXIABUnothrow_t@std@@@Z 10026b2c     LIBCMT:new_scalar_nothrow.obj
 0002:00007b3c       __tryblocktable$??2@YAPAXIABUnothrow_t@std@@@Z 10026b3c     LIBCMT:new_scalar_nothrow.obj
 0002:00007b50       __ehfuncinfo$??2@YAPAXIABUnothrow_t@std@@@Z 10026b50     LIBCMT:new_scalar_nothrow.obj
 0002:00007b78       __sehtable$?dllmain_crt_process_attach@@YAHQAUHINSTANCE__@@QAX@Z 10026b78     LIBCMT:dll_dllmain.obj
 0002:00007b98       __sehtable$?dllmain_crt_process_detach@@YAH_N@Z 10026b98     LIBCMT:dll_dllmain.obj
 0002:00007bc0       __sehtable$?dllmain_dispatch@@YAHQAUHINSTANCE__@@KQAX@Z 10026bc0     LIBCMT:dll_dllmain.obj
 0002:00007c70       __sehtable$___DestructExceptionObject 10026c70     libvcruntime:ehhelpers.obj
 0002:00007c90       __sehtable$?FrameUnwindToState@__FrameHandler3@@SAXPAUEHRegistrationNode@@PAXPBU_s_FuncInfo@@H@Z 10026c90     libvcruntime:frame.obj
 0002:00007cb8       __sehtable$?CallCatchBlock@@YAPAXPAUEHExceptionRecord@@PAUEHRegistrationNode@@PAU_CONTEXT@@PBU_s_FuncInfo@@PAXHK@Z 10026cb8     libvcruntime:frame.obj
 0002:00007ce0       __catchsym$?CallUnexpected@@YAXPBU_s_ESTypeList@@@Z$2 10026ce0     libvcruntime:frame.obj
 0002:00007cf0       __unwindtable$?CallUnexpected@@YAXPBU_s_ESTypeList@@@Z 10026cf0     libvcruntime:frame.obj
 0002:00007d00       __tryblocktable$?CallUnexpected@@YAXPBU_s_ESTypeList@@@Z 10026d00     libvcruntime:frame.obj
 0002:00007d14       __ehfuncinfo$?CallUnexpected@@YAXPBU_s_ESTypeList@@@Z 10026d14     libvcruntime:frame.obj
 0002:00007d38       __sehtable$??$BuildCatchObjectHelperInternal@V__FrameHandler3@@@@YAHPAUEHExceptionRecord@@PAXPBU_s_HandlerType@@PBU_s_CatchableType@@@Z 10026d38     libvcruntime:frame.obj
 0002:00007d58       __sehtable$??$BuildCatchObjectInternal@V__FrameHandler3@@@@YAXPAUEHExceptionRecord@@PAXPBU_s_HandlerType@@PBU_s_CatchableType@@@Z 10026d58     libvcruntime:frame.obj
 0002:00007db0       __sehtable$??R<lambda_6e4b09c48022b2350581041d5f6b0c4c>@@QBE@XZ 10026db0     libucrt:exit.obj
 0002:00007dd0       __sehtable$??$?RV<lambda_03b1d95aef87969028cfba75ccab2455>@@AAV<lambda_6e4b09c48022b2350581041d5f6b0c4c>@@V<lambda_22bdf7517842c4b3e53723af5aa32b9e>@@@?$__crt_seh_guarded_call@X@@QAEX$$QAV<lambda_03b1d95aef87969028cfba75ccab2455>@@AAV<lambda_6e4b09c48022b2350581041d5f6b0c4c>@@$$QAV<lambda_22bdf7517842c4b3e53723af5aa32b9e>@@@Z 10026dd0     libucrt:exit.obj
 0002:00007df0       __sehtable$??$?RV<lambda_8e746cf0007f6ed984d6f78af1fec997>@@AAV<lambda_22ebabd17bc4fa466a2aca6d8deb888d>@@V<lambda_18ed0c0b38a6dc0daf1e7ac6d6adf05e>@@@?$__crt_seh_guarded_call@H@@QAEH$$QAV<lambda_8e746cf0007f6ed984d6f78af1fec997>@@AAV<lambda_22ebabd17bc4fa466a2aca6d8deb888d>@@$$QAV<lambda_18ed0c0b38a6dc0daf1e7ac6d6adf05e>@@@Z 10026df0     libucrt:onexit.obj
 0002:00007e10       __sehtable$??$?RV<lambda_69a2805e680e0e292e8ba93315fe43a8>@@AAV<lambda_f03950bc5685219e0bcd2087efbe011e>@@V<lambda_03fcd07e894ec930e3f35da366ca99d6>@@@?$__crt_seh_guarded_call@H@@QAEH$$QAV<lambda_69a2805e680e0e292e8ba93315fe43a8>@@AAV<lambda_f03950bc5685219e0bcd2087efbe011e>@@$$QAV<lambda_03fcd07e894ec930e3f35da366ca99d6>@@@Z 10026e10     libucrt:onexit.obj
 0002:00007e30       __sehtable$__query_new_handler 10026e30     libucrt:new_handler.obj
 0002:00007e50       __sehtable$_terminate      10026e50     libucrt:terminate.obj
 0002:00007e70       __sehtable$??$?RV<lambda_15ade71b0218206bbe3333a0c9b79046>@@AAV<lambda_da44e0f8b0f19ba52fefafb335991732>@@V<lambda_207f2d024fc103971653565357d6cd41>@@@?$__crt_seh_guarded_call@X@@QAEX$$QAV<lambda_15ade71b0218206bbe3333a0c9b79046>@@AAV<lambda_da44e0f8b0f19ba52fefafb335991732>@@$$QAV<lambda_207f2d024fc103971653565357d6cd41>@@@Z 10026e70     libucrt:per_thread_data.obj
 0002:00007e90       __sehtable$??$?RV<lambda_a7e850c220f1c8d1e6efeecdedd162c6>@@AAV<lambda_46720907175c18b6c9d2717bc0d2d362>@@V<lambda_9048902d66e8d99359bc9897bbb930a8>@@@?$__crt_seh_guarded_call@X@@QAEX$$QAV<lambda_a7e850c220f1c8d1e6efeecdedd162c6>@@AAV<lambda_46720907175c18b6c9d2717bc0d2d362>@@$$QAV<lambda_9048902d66e8d99359bc9897bbb930a8>@@@Z 10026e90     libucrt:per_thread_data.obj
 0002:00007eb0       __sehtable$??$?RV<lambda_38edbb1296d33220d7e4dd0ed76b244a>@@AAV<lambda_5ce1d447e08cb34b2473517608e21441>@@V<lambda_fb385d3da700c9147fc39e65dd577a8c>@@@?$__crt_seh_guarded_call@X@@QAEX$$QAV<lambda_38edbb1296d33220d7e4dd0ed76b244a>@@AAV<lambda_5ce1d447e08cb34b2473517608e21441>@@$$QAV<lambda_fb385d3da700c9147fc39e65dd577a8c>@@@Z 10026eb0     libucrt:per_thread_data.obj
 0002:00007ed0       __sehtable$??$?RV<lambda_6affb1475c98b40b75cdec977db92e3c>@@AAV<lambda_b8d4b9c228a6ecc3f80208dbb4b4a104>@@V<lambda_608742c3c92a14382c1684fc64f96c88>@@@?$__crt_seh_guarded_call@X@@QAEX$$QAV<lambda_6affb1475c98b40b75cdec977db92e3c>@@AAV<lambda_b8d4b9c228a6ecc3f80208dbb4b4a104>@@$$QAV<lambda_608742c3c92a14382c1684fc64f96c88>@@@Z 10026ed0     libucrt:per_thread_data.obj
 0002:00007ef0       __sehtable$??$?RV<lambda_e5124f882df8998aaf41531e079ba474>@@AAV<lambda_3e16ef9562a7dcce91392c22ab16ea36>@@V<lambda_e25ca0880e6ef98be67edffd8c599615>@@@?$__crt_seh_guarded_call@X@@QAEX$$QAV<lambda_e5124f882df8998aaf41531e079ba474>@@AAV<lambda_3e16ef9562a7dcce91392c22ab16ea36>@@$$QAV<lambda_e25ca0880e6ef98be67edffd8c599615>@@@Z 10026ef0     libucrt:wsetlocale.obj
 0002:00007f10       __sehtable$___acrt_initialize_lowio 10026f10     libucrt:ioinit.obj
 0002:00007f30       __sehtable$?update_thread_multibyte_data_internal@@YAPAU__crt_multibyte_data@@QAU__acrt_ptd@@QAPAU1@@Z 10026f30     libucrt:mbctype.obj
 0002:00007f50       __sehtable$??$?RV<lambda_ceb1ee4838e85a9d631eb091e2fbe199>@@AAV<lambda_ae742caa10f662c28703da3d2ea5e57e>@@V<lambda_cd08b5d6af4937fe54fc07d0c9bf6b37>@@@?$__crt_seh_guarded_call@X@@QAEX$$QAV<lambda_ceb1ee4838e85a9d631eb091e2fbe199>@@AAV<lambda_ae742caa10f662c28703da3d2ea5e57e>@@$$QAV<lambda_cd08b5d6af4937fe54fc07d0c9bf6b37>@@@Z 10026f50     libucrt:mbctype.obj
 0002:00007f70       __sehtable$_raise          10026f70     libucrt:signal.obj
 0002:00007f90       __sehtable$??$?RV<lambda_cbab9ec6f41b0180b23cc171c22676b0>@@AAV<lambda_44731a7d0e6d81c3e6aa82d741081786>@@V<lambda_4b292cb8dd18144e164572427af410ab>@@@?$__crt_seh_guarded_call@P6AXH@Z@@QAEP6AXH@Z$$QAV<lambda_cbab9ec6f41b0180b23cc171c22676b0>@@AAV<lambda_44731a7d0e6d81c3e6aa82d741081786>@@$$QAV<lambda_4b292cb8dd18144e164572427af410ab>@@@Z 10026f90     libucrt:signal.obj
 0002:00007fb0       __sehtable$??$?RV<lambda_2866be3712abc81a800a822484c830d8>@@AAV<lambda_39ca0ed439415581b5b15c265174cece>@@V<lambda_2b24c74d71094a6cd0cb82e44167d71b>@@@?$__crt_seh_guarded_call@X@@QAEX$$QAV<lambda_2866be3712abc81a800a822484c830d8>@@AAV<lambda_39ca0ed439415581b5b15c265174cece>@@$$QAV<lambda_2b24c74d71094a6cd0cb82e44167d71b>@@@Z 10026fb0     libucrt:fflush.obj
 0002:00007fd0       __sehtable$??$?RV<lambda_2cc53f568c5a2bb6f192f930a45d44ea>@@AAV<lambda_ab61a845afdef5b7c387490eaf3616ee>@@V<lambda_c2ffc0b7726aa6be21d5f0026187e748>@@@?$__crt_seh_guarded_call@X@@QAEX$$QAV<lambda_2cc53f568c5a2bb6f192f930a45d44ea>@@AAV<lambda_ab61a845afdef5b7c387490eaf3616ee>@@$$QAV<lambda_c2ffc0b7726aa6be21d5f0026187e748>@@@Z 10026fd0     libucrt:fflush.obj
 0002:00007ff0       __sehtable$___acrt_update_thread_locale_data 10026ff0     libucrt:locale_refcounting.obj
 0002:00008010       __sehtable$__fcloseall     10027010     libucrt:closeall.obj
 0002:00008030       __sehtable$___acrt_lowio_ensure_fh_exists 10027030     libucrt:osfinfo.obj
 0002:00008050       __sehtable$??$?RV<lambda_9e9de3de5fa147e2223d7db92bc10aa6>@@AAV<lambda_38ce7e780aa69e748d6df282ebc68efe>@@V<lambda_8ca6da459f0f6780f1cff60fdc3d00e5>@@@?$__crt_seh_guarded_call@H@@QAEH$$QAV<lambda_9e9de3de5fa147e2223d7db92bc10aa6>@@AAV<lambda_38ce7e780aa69e748d6df282ebc68efe>@@$$QAV<lambda_8ca6da459f0f6780f1cff60fdc3d00e5>@@@Z 10027050     libucrt:commit.obj
 0002:00008070       __sehtable$__write         10027070     libucrt:write.obj
 0002:00008090       __sehtable$_fclose         10027090     libucrt:fclose.obj
 0002:000080b0       __sehtable$??$?RV<lambda_218ce3db14220d0be481dae8ef3383b6>@@AAV<lambda_628dfdc04ba53c8bfc02c9951375f3f5>@@V<lambda_57dc472bd5c9d5f3b2cbca59b8a843ae>@@@?$__crt_seh_guarded_call@H@@QAEH$$QAV<lambda_218ce3db14220d0be481dae8ef3383b6>@@AAV<lambda_628dfdc04ba53c8bfc02c9951375f3f5>@@$$QAV<lambda_57dc472bd5c9d5f3b2cbca59b8a843ae>@@@Z 100270b0     libucrt:close.obj
 0002:000080d0       __sehtable$___set_fpsr_sse2 100270d0     libucrt:fpctrl.obj
 0002:000080f0       __sehtable$__IsNonwritableInCurrentImage 100270f0     LIBCMT:pesect.obj
 0002:00008120       .edata                     10027120     OPOSItemDispenser.exp
 0002:00008148       rgpv                       10027148     OPOSItemDispenser.exp
 0002:00008158       rgszName                   10027158     OPOSItemDispenser.exp
 0002:00008168       rgwOrd                     10027168     OPOSItemDispenser.exp
 0002:00008170       szName                     10027170     OPOSItemDispenser.exp
 0002:00008186       $N00001                    10027186     OPOSItemDispenser.exp
 0002:00008196       $N00002                    10027196     OPOSItemDispenser.exp
 0002:000081a8       $N00003                    100271a8     OPOSItemDispenser.exp
 0002:000081ba       $N00004                    100271ba     OPOSItemDispenser.exp
 0002:000087ca       .idata$6                   100277ca     kernel32:KERNEL32.dll
 0002:000089de       .idata$6                   100279de     user32:USER32.dll
 0002:00008b12       .idata$6                   10027b12     gdi32:GDI32.dll
 0002:00008bb8       .idata$6                   10027bb8     advapi32:ADVAPI32.dll
 0002:00008cd4       .idata$6                   10027cd4     ole32:ole32.dll
 0002:00008cde       .idata$6                   10027cde     oleaut32:OLEAUT32.dll
 0003:00000110       ?ObjectMap@@3PAU_ATL_OBJMAP_ENTRY30@ATL@@A 10029110     ItemDispenser.obj
 0003:000001dc       ?s_RequiredMethodsPerRelease@@3PAHA 100291dc     ItemDispenserImpl.obj
 0003:000001e0       ?s_SOMethodNames@@3PAPADA  100291e0     ItemDispenserImpl.obj
 0003:00000250       ?__vcrt_flsindex@@3KA      10029250     libvcruntime:per_thread_data.obj
 0003:00000270       ?errno_no_memory@@3HA      10029270     libucrt:errno.obj
 0003:00000274       ?doserrno_no_memory@@3KA   10029274     libucrt:errno.obj
 0003:00000280       ?__acrt_flsindex@@3KA      10029280     libucrt:per_thread_data.obj
 0003:00000618       __mbctypes                 10029618     libucrt:mbctype.obj
 0003:00000720       __mbcasemaps               10029720     libucrt:mbctype.obj
 0003:00000820       ?__rgctypeflag@@3PADA      10029820     libucrt:mbctype.obj
 0003:00000828       ?__rgcode_page_info@@3PAUcode_page_info@@A 10029828     libucrt:mbctype.obj
 0003:00000a80       ?__dcrt_lowio_console_output_handle@@3PAXA 10029a80     libucrt:initcon.obj
 0003:00000a84       ?__DAZ_ENABLED@?1??__set_fpsr_sse2@@9@9 10029a84     libucrt:fpctrl.obj
 0003:00000c18       ?is_initialized_as_dll@@3_NA 10029c18     LIBCMT:utility.obj
 0003:00000c19       ?module_local_atexit_table_initialized@@3_NA 10029c19     LIBCMT:utility.obj
 0003:00000c1c       ?module_local_atexit_table@@3U_onexit_table_t@@A 10029c1c     LIBCMT:utility.obj
 0003:00000c28       ?module_local_at_quick_exit_table@@3U_onexit_table_t@@A 10029c28     LIBCMT:utility.obj
 0003:00000c34       ?g_tss_cv@@3U_RTL_CONDITION_VARIABLE@@A 10029c34     LIBCMT:thread_safe_statics.obj
 0003:00000c38       ?g_tss_event@@3PAXA        10029c38     LIBCMT:thread_safe_statics.obj
 0003:00000c3c       ?g_tss_mutex@@3U_RTL_CRITICAL_SECTION@@A 10029c3c     LIBCMT:thread_safe_statics.obj
 0003:00000c54       ?g_sleep_condition_variable_cs@@3P6GHPAU_RTL_CONDITION_VARIABLE@@PAU_RTL_CRITICAL_SECTION@@K@ZA 10029c54     LIBCMT:thread_safe_statics.obj
 0003:00000c58       ?g_wake_all_condition_variable@@3P6GXPAU_RTL_CONDITION_VARIABLE@@@ZA 10029c58     LIBCMT:thread_safe_statics.obj
 0003:00000c60       _GS_ExceptionRecord        10029c60     LIBCMT:gs_report.obj
 0003:00000cb0       _GS_ContextRecord          10029cb0     LIBCMT:gs_report.obj
 0003:00000f80       ?__proc_attached@@3HA      10029f80     LIBCMT:dll_dllmain.obj
 0003:00000fdc       ?AllocateData@@3P6GPAUAtlThunkData_t@@XZA 10029fdc     atls:atlthunk.obj
 0003:00000fe0       ?InitData@@3P6GXPAUAtlThunkData_t@@PAXI@ZA 10029fe0     atls:atlthunk.obj
 0003:00000fe4       ?DataToCode@@3P6GP6GJPAUHWND__@@IIJ@ZPAUAtlThunkData_t@@@ZA 10029fe4     atls:atlthunk.obj
 0003:00000fe8       ?FreeData@@3P6GXPAUAtlThunkData_t@@@ZA 10029fe8     atls:atlthunk.obj
 0003:00000fec       ?Initialized@@3_NA         10029fec     atls:atlthunk.obj
 0003:00000ffc       ?__vcrt_startup_thread_ptd@@3U__vcrt_ptd@@A 10029ffc     libvcruntime:per_thread_data.obj
 0003:00001024       ___vcrt_lock_table         1002a024     libvcruntime:locks.obj
 0003:0000103c       ___vcrt_locks_initialized  1002a03c     libvcruntime:locks.obj
 0003:00001068       ?heap@@3V_HeapManager@@A   1002a068     libvcruntime:undname.obj
 0003:0000107c       ?module_handles@@3PAPAUHINSTANCE__@@A 1002a07c     libvcruntime:winapi_downlevel.obj
 0003:00001088       ?function_pointers@@3PAPAXA 1002a088     libvcruntime:winapi_downlevel.obj
 0003:0000109c       ?__acrt_invalid_parameter_handler@@3V?$dual_state_global@P6AXPB_W00II@Z@__crt_state_management@@A 1002a09c     libucrt:invalid_parameter.obj
 0003:000010a0       ?c_termination_complete@@3JA 1002a0a0     libucrt:exit.obj
 0003:000010a4       ?thread_local_exit_callback_func@@3P6GXPAXK0@ZA 1002a0a4     libucrt:exit.obj
 0003:000010b0       ?program_name@?1???$common_configure_argv@D@@YAHW4_crt_argv_mode@@@Z@4PADA 1002a0b0     libucrt:argv_parsing.obj
 0003:000011e0       ?__acrt_new_handler@@3V?$dual_state_global@P6AHI@Z@__crt_state_management@@A 1002a1e0     libucrt:new_handler.obj
 0003:000011e8       ?module_handles@@3PAPAUHINSTANCE__@@A 1002a1e8     libucrt:winapi_thunks.obj
 0003:00001238       ?encoded_function_pointers@@3PAPAXA 1002a238     libucrt:winapi_thunks.obj
 0003:000012c0       ?internal_state@?1??_mbtowc_l@@9@4U_Mbstatet@@A 1002a2c0     libucrt:mbtowc.obj
 0003:000012d0       ?enable_percent_n@@3IA     1002a2d0     libucrt:printf_count_output.obj
 0003:000014f0       ?__acrt_lock_table@@3PAU_RTL_CRITICAL_SECTION@@A 1002a4f0     libucrt:locks.obj
 0003:00001640       ?__acrt_locks_initialized@@3IA 1002a640     libucrt:locks.obj
 0003:00001650       ?fSystemSet@@3HA           1002a650     libucrt:mbctype.obj
 0003:00001654       ?initialized@?1??__acrt_initialize_multibyte@@9@4_NA 1002a654     libucrt:mbctype.obj
 0003:00001674       ?ctrlc_action@@3V?$dual_state_global@P6AXH@Z@__crt_state_management@@A 1002a674     libucrt:signal.obj
 0003:00001678       ?ctrlbreak_action@@3V?$dual_state_global@P6AXH@Z@__crt_state_management@@A 1002a678     libucrt:signal.obj
 0003:0000167c       ?abort_action@@3V?$dual_state_global@P6AXH@Z@__crt_state_management@@A 1002a67c     libucrt:signal.obj
 0003:00001680       ?term_action@@3V?$dual_state_global@P6AXH@Z@__crt_state_management@@A 1002a680     libucrt:signal.obj
 0003:00001684       ?user_matherr@@3V?$dual_state_global@P6AHPAU_exception@@@Z@__crt_state_management@@A 1002a684     libucrt:matherr.obj
 0003:00001688       ?__acrt_global_new_mode@@3V?$dual_state_global@J@__crt_state_management@@A 1002a688     libucrt:new_mode.obj
 0003:00001694       ?internal_pst@?1??__mbrtoc32_utf8@__crt_mbstring@@YAIPA_UPBDIPAU_Mbstatet@@@Z@4U3@A 1002a694     libucrt:mbrtoc32.obj
 0003:0000169c       ?__acrt_app_type@@3W4_crt_app_type@@A 1002a69c     libucrt:report_runtime_error.obj
 0003:000016a4       __pmatherr_set             1002a6a4     libucrt:libm_error.obj
 0004:00000220       $R000000                   1002b220     ItemDispenser.res
 0004:00000bc8       $R0009A8                   1002bbc8     ItemDispenser.res
 0004:00000cb0       $R000A90                   1002bcb0     ItemDispenser.res
 0004:00000f18       $R000CF8                   1002bf18     ItemDispenser.res
 0004:00001438       $R001218                   1002c438     ItemDispenser.res
 0004:00003990       $R003770                   1002e990     ItemDispenser.res
 0004:000039d0       $R0037B0                   1002e9d0     ItemDispenser.res
