 OPOSRemoteOrderDisplay

 Timestamp is 5b863ec8 (Wed Aug 29 15:35:52 2018)

 Preferred load address is 10000000

 Start         Length     Name                   Class
 0001:00000000 00000080H .text$di                CODE
 0001:00000080 0001dc9bH .text$mn                CODE
 0001:0001dd1b 00000051H .text$x                 CODE
 0001:0001dd6c 00000042H .text$yd                CODE
 0002:00000000 000002fcH .idata$5                DATA
 0002:000002fc 00000004H .00cfg                  DATA
 0002:00000300 00000004H .CRT$XCA                DATA
 0002:00000304 00000004H .CRT$XCL                DATA
 0002:00000308 00000010H .CRT$XCU                DATA
 0002:00000318 00000004H .CRT$XCZ                DATA
 0002:0000031c 00000004H .CRT$XIA                DATA
 0002:00000320 00000010H .CRT$XIC                DATA
 0002:00000330 00000004H .CRT$XIZ                DATA
 0002:00000334 00000004H .CRT$XLA                DATA
 0002:00000338 00000004H .CRT$XLZ                DATA
 0002:0000033c 00000004H .CRT$XPA                DATA
 0002:00000340 00000008H .CRT$XPX                DATA
 0002:00000348 00000004H .CRT$XPXA               DATA
 0002:0000034c 00000004H .CRT$XPZ                DATA
 0002:00000350 00000004H .CRT$XTA                DATA
 0002:00000354 0000000cH .CRT$XTZ                DATA
 0002:00000358 00000000H .gfids$y                DATA
 0002:00000360 00006fb8H .rdata                  DATA
 0002:00007318 00000018H .rdata$T                DATA
 0002:00007330 00000180H .rdata$r                DATA
 0002:000074b0 00000020H .rdata$sxdata           DATA
 0002:000074d0 000003e8H .rdata$zzzdbg           DATA
 0002:000078b8 00000004H .rtc$IAA                DATA
 0002:000078bc 00000004H .rtc$IZZ                DATA
 0002:000078c0 00000004H .rtc$TAA                DATA
 0002:000078c4 00000004H .rtc$TZZ                DATA
 0002:000078c8 00000004H .tls                    DATA
 0002:000078cc 00000004H .tls$                   DATA
 0002:000078d0 00000008H .tls$ZZZ                DATA
 0002:000078d8 00000624H .xdata$x                DATA
 0002:00007efc 00000004H ATL$__a                 DATA
 0002:00007f00 00000010H ATL$__z                 DATA
 0002:00007f10 000000b4H .edata                  DATA
 0002:00007fc4 00000078H .idata$2                DATA
 0002:0000803c 00000014H .idata$3                DATA
 0002:00008050 000002fcH .idata$4                DATA
 0002:0000834c 00000bc0H .idata$6                DATA
 0003:00000000 000009e0H .data                   DATA
 0003:000009e0 00000098H .data$r                 DATA
 0003:00000a78 00000b68H .bss                    DATA
 0004:00000000 00000220H .rsrc$01                DATA
 0004:00000220 00005630H .rsrc$02                DATA

  Address         Publics by Value              Rva+Base       Lib:Object

 0000:00000000       ___guard_iat_count         00000000     <absolute>
 0000:00000000       ___guard_longjmp_count     00000000     <absolute>
 0000:00000000       ___guard_fids_count        00000000     <absolute>
 0000:00000000       ___guard_longjmp_table     00000000     <absolute>
 0000:00000000       ___hybrid_code_map_count   00000000     <absolute>
 0000:00000000       __except_list              00000000     <absolute>
 0000:00000000       ___guard_fids_table        00000000     <absolute>
 0000:00000000       ___hybrid_auxiliary_iat    00000000     <absolute>
 0000:00000000       ___dynamic_value_reloc_table 00000000     <absolute>
 0000:00000000       ___guard_iat_table         00000000     <absolute>
 0000:00000000       ___volatile_metadata       00000000     <absolute>
 0000:00000000       ___enclave_config          00000000     <absolute>
 0000:00000000       ___hybrid_code_map         00000000     <absolute>
 0000:00000008       ___safe_se_handler_count   00000008     <absolute>
 0000:0000002c       __tls_array                0000002c     <absolute>
 0000:00000100       ___guard_flags             00000100     <absolute>
 0000:00000000       ___ImageBase               10000000     <linker-defined>
 0001:00000080       ?DupWide@_CW@@AAEXXZ       10001080 f   CWString.obj
 0001:0000009c       ?cw_dup@@YGXPBDAAHAAPA_W1@Z 1000109c f   CWString.obj
 0001:0000010b       ?cw_memcpy@@YGHPA_WPBDH@Z  1000110b f   CWString.obj
 0001:00000137       ?cw_strcpy@@YAHPA_WPBD@Z   10001137 f   CWString.obj
 0001:0000014a       ?cw_strlen@@YAHPBD@Z       1000114a f   CWString.obj
 0001:00000163       ??0CAtlComModule@ATL@@QAE@XZ 10001163 f i OposVariant.obj
 0001:000001a8       ??0CAtlWinModule@ATL@@QAE@XZ 100011a8 f i OposVariant.obj
 0001:000001df       ??0OposDispParms@@QAE@PAVOposVariant@@H@Z 100011df f   OposVariant.obj
 0001:00000250       ??1OposDispParms@@QAE@XZ   10001250 f   OposVariant.obj
 0001:0000025e       ??A?$CSimpleArray@GV?$CSimpleArrayEqualHelper@G@ATL@@@ATL@@QAEAAGH@Z 1000125e f i OposVariant.obj
 0001:00000283       ??_Estringdispid@CComTypeInfoHolder@ATL@@QAEPAXI@Z 10001283 f i OposVariant.obj
 0001:000002ef       ?AtlWinModuleInit@ATL@@YGJPAU_ATL_WIN_MODULE70@1@@Z 100012ef f i OposVariant.obj
 0001:00000315       ?AtlWinModuleTerm@ATL@@YGJPAU_ATL_WIN_MODULE70@1@PAUHINSTANCE__@@@Z 10001315 f i OposVariant.obj
 0001:00000378       ?ChangeBSTR@OposVariant@@QAEXPAPA_WAAJ@Z 10001378 f   OposVariant.obj
 0001:000003b9       ?ChangeLONG@OposVariant@@QAEXPAJAAJ@Z 100013b9 f   OposVariant.obj
 0001:000003fa       ?GetLONG@OposVariant@@QAEJXZ 100013fa f   OposVariant.obj
 0001:00000415       ?Init@CComCriticalSection@ATL@@QAEJXZ 10001415 f i OposVariant.obj
 0001:0000043c       ?RemoveAll@?$CSimpleArray@PAUHINSTANCE__@@V?$CSimpleArrayEqualHelper@PAUHINSTANCE__@@@ATL@@@ATL@@QAEXXZ 1000143c f i atls:atlbase.obj
 0001:0000043c       ?RemoveAll@?$CSimpleArray@GV?$CSimpleArrayEqualHelper@G@ATL@@@ATL@@QAEXXZ 1000143c f i OposVariant.obj
 0001:00000459       ?SetBSTR@OposVariant@@QAEXPA_WAAJ@Z 10001459 f   OposVariant.obj
 0001:0000048d       ?SetBSTR_Copy@OposVariant@@QAEXPA_WAAJ@Z 1000148d f   OposVariant.obj
 0001:000004dd       ?SetBSTR_InOutPtr@OposVariant@@QAE_NPAPA_WAAJ@Z 100014dd f   OposVariant.obj
 0001:00000514       ?SetDispatch_Ptr@OposVariant@@QAEXPAUIDispatch@@AAJ@Z 10001514 f   OposVariant.obj
 0001:0000054f       ?SetLONG@OposVariant@@QAEXJ@Z 1000154f f   OposVariant.obj
 0001:00000571       ?SetLONG_Ptr@OposVariant@@QAEXPAJAAJ@Z 10001571 f   OposVariant.obj
 0001:000005a4       ?SetString@OposVariant@@QAEXPB_WAAJ@Z 100015a4 f   OposVariant.obj
 0001:000005ea       ?SetVARIANT_BOOL@OposVariant@@QAEXF@Z 100015ea f   OposVariant.obj
 0001:00000614       ?Term@CAtlComModule@ATL@@QAEXXZ 10001614 f i OposVariant.obj
 0001:0000065e       ?_AtlRaiseException@ATL@@YAXKK@Z 1000165e f i OposVariant.obj
 0001:00000673       ?Close@?$IOleObjectImpl@VCOPOSRemoteOrderDisplay@@@ATL@@UAGJK@Z 10001673 f i RemoteOrderDisplay.obj
 0001:00000690       ?SetMoniker@?$IOleObjectImpl@VCOPOSRemoteOrderDisplay@@@ATL@@UAGJKPAUIMoniker@@@Z 10001690 f i RemoteOrderDisplay.obj
 0001:00000690       ?GetCanonicalFormatEtc@?$IDataObjectImpl@VCOPOSRemoteOrderDisplay@@@ATL@@UAGJPAUtagFORMATETC@@0@Z 10001690 f i RemoteOrderDisplay.obj
 0001:00000690       ?GetDataHere@?$IDataObjectImpl@VCOPOSRemoteOrderDisplay@@@ATL@@UAGJPAUtagFORMATETC@@PAUtagSTGMEDIUM@@@Z 10001690 f i RemoteOrderDisplay.obj
 0001:00000690       ?GetRect@?$IViewObjectExImpl@VCOPOSRemoteOrderDisplay@@@ATL@@UAGJKPAU_RECTL@@@Z 10001690 f i RemoteOrderDisplay.obj
 0001:00000690       ?GetClipboardData@?$IOleObjectImpl@VCOPOSRemoteOrderDisplay@@@ATL@@UAGJKPAPAUIDataObject@@@Z 10001690 f i RemoteOrderDisplay.obj
 0001:00000690       ?EnumFormatEtc@?$IDataObjectImpl@VCOPOSRemoteOrderDisplay@@@ATL@@UAGJKPAPAUIEnumFORMATETC@@@Z 10001690 f i RemoteOrderDisplay.obj
 0001:00000690       ?QueryInterface@CRegObject@ATL@@UAGJABU_GUID@@PAPAX@Z 10001690 f i RemoteOrderDisplay.obj
 0001:00000698       ?InitFromData@?$IOleObjectImpl@VCOPOSRemoteOrderDisplay@@@ATL@@UAGJPAUIDataObject@@HK@Z 10001698 f i RemoteOrderDisplay.obj
 0001:00000698       ?GetMoniker@?$IOleObjectImpl@VCOPOSRemoteOrderDisplay@@@ATL@@UAGJKKPAPAUIMoniker@@@Z 10001698 f i RemoteOrderDisplay.obj
 0001:00000698       ?SetData@?$IDataObjectImpl@VCOPOSRemoteOrderDisplay@@@ATL@@UAGJPAUtagFORMATETC@@PAUtagSTGMEDIUM@@H@Z 10001698 f i RemoteOrderDisplay.obj
 0001:000006a0       ?DoVerb@?$IOleObjectImpl@VCOPOSRemoteOrderDisplay@@@ATL@@UAGJJPAUtagMSG@@PAUIOleClientSite@@JPAUHWND__@@PBUtagRECT@@@Z 100016a0 f i RemoteOrderDisplay.obj
 0001:000007b8       ?EnumVerbs@?$IOleObjectImpl@VCOPOSRemoteOrderDisplay@@@ATL@@UAGJPAPAUIEnumOLEVERB@@@Z 100017b8 f i RemoteOrderDisplay.obj
 0001:000007da       ?HandsOffStorage@?$IPersistStorageImpl@VCOPOSRemoteOrderDisplay@@@ATL@@UAGJXZ 100017da f i RemoteOrderDisplay.obj
 0001:000007da       ?Release@CRegObject@ATL@@UAGKXZ 100017da f i RemoteOrderDisplay.obj
 0001:000007da       ?Update@?$IOleObjectImpl@VCOPOSRemoteOrderDisplay@@@ATL@@UAGJXZ 100017da f i RemoteOrderDisplay.obj
 0001:000007da       ?IsUpToDate@?$IOleObjectImpl@VCOPOSRemoteOrderDisplay@@@ATL@@UAGJXZ 100017da f i RemoteOrderDisplay.obj
 0001:000007df       ?GetClassID@?$IPersistStreamInitImpl@VCOPOSRemoteOrderDisplay@@@ATL@@UAGJPAU_GUID@@@Z 100017df f i RemoteOrderDisplay.obj
 0001:000007df       ?GetClassID@?$IPersistStorageImpl@VCOPOSRemoteOrderDisplay@@@ATL@@UAGJPAU_GUID@@@Z 100017df f i RemoteOrderDisplay.obj
 0001:000007df       ?GetUserClassID@?$IOleObjectImpl@VCOPOSRemoteOrderDisplay@@@ATL@@UAGJPAU_GUID@@@Z 100017df f i RemoteOrderDisplay.obj
 0001:00000803       ?GetUserType@?$IOleObjectImpl@VCOPOSRemoteOrderDisplay@@@ATL@@UAGJKPAPA_W@Z 10001803 f i RemoteOrderDisplay.obj
 0001:0000081b       ?SetExtent@?$IOleObjectImpl@VCOPOSRemoteOrderDisplay@@@ATL@@UAGJKPAUtagSIZE@@@Z 1000181b f i RemoteOrderDisplay.obj
 0001:0000083b       ?GetExtent@?$IOleObjectImpl@VCOPOSRemoteOrderDisplay@@@ATL@@UAGJKPAUtagSIZE@@@Z 1000183b f i RemoteOrderDisplay.obj
 0001:00000879       ?Advise@?$IOleObjectImpl@VCOPOSRemoteOrderDisplay@@@ATL@@UAGJPAUIAdviseSink@@PAK@Z 10001879 f i RemoteOrderDisplay.obj
 0001:00000899       ?Unadvise@?$IOleObjectImpl@VCOPOSRemoteOrderDisplay@@@ATL@@UAGJK@Z 10001899 f i RemoteOrderDisplay.obj
 0001:000008c8       ?EnumAdvise@?$IOleObjectImpl@VCOPOSRemoteOrderDisplay@@@ATL@@UAGJPAPAUIEnumSTATDATA@@@Z 100018c8 f i RemoteOrderDisplay.obj
 0001:00000908       ?GetMiscStatus@?$IOleObjectImpl@VCOPOSRemoteOrderDisplay@@@ATL@@UAGJKPAK@Z 10001908 f i RemoteOrderDisplay.obj
 0001:00000920       ?GetControlInfo@?$IOleControlImpl@VCOPOSRemoteOrderDisplay@@@ATL@@UAGJPAUtagCONTROLINFO@@@Z 10001920 f i RemoteOrderDisplay.obj
 0001:00000920       ?QueryGetData@?$IDataObjectImpl@VCOPOSRemoteOrderDisplay@@@ATL@@UAGJPAUtagFORMATETC@@@Z 10001920 f i RemoteOrderDisplay.obj
 0001:00000920       ?Unfreeze@?$IViewObjectExImpl@VCOPOSRemoteOrderDisplay@@@ATL@@UAGJK@Z 10001920 f i RemoteOrderDisplay.obj
 0001:00000920       ?GetDropTarget@?$IOleInPlaceObjectWindowlessImpl@VCOPOSRemoteOrderDisplay@@@ATL@@UAGJPAPAUIDropTarget@@@Z 10001920 f i RemoteOrderDisplay.obj
 0001:00000920       ?ContextSensitiveHelp@?$IOleInPlaceActiveObjectImpl@VCOPOSRemoteOrderDisplay@@@ATL@@UAGJH@Z 10001920 f i RemoteOrderDisplay.obj
 0001:00000920       ?SetColorScheme@?$IOleObjectImpl@VCOPOSRemoteOrderDisplay@@@ATL@@UAGJPAUtagLOGPALETTE@@@Z 10001920 f i RemoteOrderDisplay.obj
 0001:00000920       ?OnMnemonic@?$IOleControlImpl@VCOPOSRemoteOrderDisplay@@@ATL@@UAGJPAUtagMSG@@@Z 10001920 f i RemoteOrderDisplay.obj
 0001:00000920       ?ContextSensitiveHelp@?$IOleInPlaceObjectWindowlessImpl@VCOPOSRemoteOrderDisplay@@@ATL@@UAGJH@Z 10001920 f i RemoteOrderDisplay.obj
 0001:00000928       ?GetWindow@?$IOleInPlaceActiveObjectImpl@VCOPOSRemoteOrderDisplay@@@ATL@@UAGJPAPAUHWND__@@@Z 10001928 f i RemoteOrderDisplay.obj
 0001:00000975       ?TranslateAcceleratorW@?$IOleInPlaceActiveObjectImpl@VCOPOSRemoteOrderDisplay@@@ATL@@UAGJPAUtagMSG@@@Z 10001975 f i RemoteOrderDisplay.obj
 0001:00000a13       ?OnFrameWindowActivate@?$IOleInPlaceActiveObjectImpl@VCOPOSRemoteOrderDisplay@@@ATL@@UAGJH@Z 10001a13 f i RemoteOrderDisplay.obj
 0001:00000a13       ?SaveCompleted@?$IPersistStorageImpl@VCOPOSRemoteOrderDisplay@@@ATL@@UAGJPAUIStorage@@@Z 10001a13 f i RemoteOrderDisplay.obj
 0001:00000a13       ?OnAmbientPropertyChange@?$IOleControlImpl@VCOPOSRemoteOrderDisplay@@@ATL@@UAGJJ@Z 10001a13 f i RemoteOrderDisplay.obj
 0001:00000a13       ?EnableModeless@?$IOleInPlaceActiveObjectImpl@VCOPOSRemoteOrderDisplay@@@ATL@@UAGJH@Z 10001a13 f i RemoteOrderDisplay.obj
 0001:00000a18       ?OnDocWindowActivate@?$IOleInPlaceActiveObjectImpl@VCOPOSRemoteOrderDisplay@@@ATL@@UAGJH@Z 10001a18 f i RemoteOrderDisplay.obj
 0001:00000a3a       ?ResizeBorder@?$IOleInPlaceActiveObjectImpl@VCOPOSRemoteOrderDisplay@@@ATL@@UAGJPBUtagRECT@@PAUIOleInPlaceUIWindow@@H@Z 10001a3a f i RemoteOrderDisplay.obj
 0001:00000a3f       ?Draw@?$IViewObjectExImpl@VCOPOSRemoteOrderDisplay@@@ATL@@UAGJKJPAXPAUtagDVTARGETDEVICE@@PAUHDC__@@2PBU_RECTL@@3P6GHK@ZK@Z 10001a3f f i RemoteOrderDisplay.obj
 0001:00000a71       ?GetColorSet@?$IViewObjectExImpl@VCOPOSRemoteOrderDisplay@@@ATL@@UAGJKJPAXPAUtagDVTARGETDEVICE@@PAUHDC__@@PAPAUtagLOGPALETTE@@@Z 10001a71 f i RemoteOrderDisplay.obj
 0001:00000a79       ?Freeze@?$IViewObjectExImpl@VCOPOSRemoteOrderDisplay@@@ATL@@UAGJKJPAXPAK@Z 10001a79 f i RemoteOrderDisplay.obj
 0001:00000a81       ?SetAdvise@?$IViewObjectExImpl@VCOPOSRemoteOrderDisplay@@@ATL@@UAGJKKPAUIAdviseSink@@@Z 10001a81 f i RemoteOrderDisplay.obj
 0001:00000aa0       ?GetAdvise@?$IViewObjectExImpl@VCOPOSRemoteOrderDisplay@@@ATL@@UAGJPAK0PAPAUIAdviseSink@@@Z 10001aa0 f i RemoteOrderDisplay.obj
 0001:00000ad5       ?GetExtent@?$IViewObjectExImpl@VCOPOSRemoteOrderDisplay@@@ATL@@UAGJKJPAUtagDVTARGETDEVICE@@PAUtagSIZE@@@Z 10001ad5 f i RemoteOrderDisplay.obj
 0001:00000b06       ?GetViewStatus@?$IViewObjectExImpl@VCOPOSRemoteOrderDisplay@@@ATL@@UAGJPAK@Z 10001b06 f i RemoteOrderDisplay.obj
 0001:00000b23       ?QueryHitPoint@?$IViewObjectExImpl@VCOPOSRemoteOrderDisplay@@@ATL@@UAGJKPBUtagRECT@@UtagPOINT@@JPAK@Z 10001b23 f i RemoteOrderDisplay.obj
 0001:00000b64       ?QueryHitRect@?$IViewObjectExImpl@VCOPOSRemoteOrderDisplay@@@ATL@@UAGJKPBUtagRECT@@0JPAK@Z 10001b64 f i RemoteOrderDisplay.obj
 0001:00000bbf       ?GetNaturalExtent@?$IViewObjectExImpl@VCOPOSRemoteOrderDisplay@@@ATL@@UAGJKJPAUtagDVTARGETDEVICE@@PAUHDC__@@PAUtagExtentInfo@@PAUtagSIZE@@@Z 10001bbf f i RemoteOrderDisplay.obj
 0001:00000c0a       ?GetWindow@?$IOleInPlaceObjectWindowlessImpl@VCOPOSRemoteOrderDisplay@@@ATL@@UAGJPAPAUHWND__@@@Z 10001c0a f i RemoteOrderDisplay.obj
 0001:00000c57       ?InPlaceDeactivate@?$IOleInPlaceObjectWindowlessImpl@VCOPOSRemoteOrderDisplay@@@ATL@@UAGJXZ 10001c57 f i RemoteOrderDisplay.obj
 0001:00000c71       ?UIDeactivate@?$IOleInPlaceObjectWindowlessImpl@VCOPOSRemoteOrderDisplay@@@ATL@@UAGJXZ 10001c71 f i RemoteOrderDisplay.obj
 0001:00000c8b       ?SetObjectRects@?$IOleInPlaceObjectWindowlessImpl@VCOPOSRemoteOrderDisplay@@@ATL@@UAGJPBUtagRECT@@0@Z 10001c8b f i RemoteOrderDisplay.obj
 0001:00000cab       ?ReactivateAndUndo@?$IOleInPlaceObjectWindowlessImpl@VCOPOSRemoteOrderDisplay@@@ATL@@UAGJXZ 10001cab f i RemoteOrderDisplay.obj
 0001:00000cb3       ?OnWindowMessage@?$IOleInPlaceObjectWindowlessImpl@VCOPOSRemoteOrderDisplay@@@ATL@@UAGJIIJPAJ@Z 10001cb3 f i RemoteOrderDisplay.obj
 0001:00000d23       ?EnumConnectionPoints@?$IConnectionPointContainerImpl@VCOPOSRemoteOrderDisplay@@@ATL@@UAGJPAPAUIEnumConnectionPoints@@@Z 10001d23 f i RemoteOrderDisplay.obj
 0001:00000e9d       ?FindConnectionPoint@?$IConnectionPointContainerImpl@VCOPOSRemoteOrderDisplay@@@ATL@@UAGJABU_GUID@@PAPAUIConnectionPoint@@@Z 10001e9d f i RemoteOrderDisplay.obj
 0001:00000f40       ?IsDirty@?$IPersistStorageImpl@VCOPOSRemoteOrderDisplay@@@ATL@@UAGJXZ 10001f40 f i RemoteOrderDisplay.obj
 0001:00000f74       ?InitNew@?$IPersistStorageImpl@VCOPOSRemoteOrderDisplay@@@ATL@@UAGJPAUIStorage@@@Z 10001f74 f i RemoteOrderDisplay.obj
 0001:00000fa8       ?Load@?$IPersistStorageImpl@VCOPOSRemoteOrderDisplay@@@ATL@@UAGJPAUIStorage@@@Z 10001fa8 f i RemoteOrderDisplay.obj
 0001:00001014       ?Save@?$IPersistStorageImpl@VCOPOSRemoteOrderDisplay@@@ATL@@UAGJPAUIStorage@@H@Z 10002014 f i RemoteOrderDisplay.obj
 0001:00001087       ?GetPages@?$ISpecifyPropertyPagesImpl@VCOPOSRemoteOrderDisplay@@@ATL@@UAGJPAUtagCAUUID@@@Z 10002087 f i RemoteOrderDisplay.obj
 0001:0000109e       ?QuickActivate@?$IQuickActivateImpl@VCOPOSRemoteOrderDisplay@@@ATL@@UAGJPAUtagQACONTAINER@@PAUtagQACONTROL@@@Z 1000209e f i RemoteOrderDisplay.obj
 0001:000010c1       ?SetContentExtent@?$IQuickActivateImpl@VCOPOSRemoteOrderDisplay@@@ATL@@UAGJPAUtagSIZE@@@Z 100020c1 f i RemoteOrderDisplay.obj
 0001:000010ed       ?GetContentExtent@?$IQuickActivateImpl@VCOPOSRemoteOrderDisplay@@@ATL@@UAGJPAUtagSIZE@@@Z 100020ed f i RemoteOrderDisplay.obj
 0001:0000110d       ?GetData@?$IDataObjectImpl@VCOPOSRemoteOrderDisplay@@@ATL@@UAGJPAUtagFORMATETC@@PAUtagSTGMEDIUM@@@Z 1000210d f i RemoteOrderDisplay.obj
 0001:00001130       ?DAdvise@?$IDataObjectImpl@VCOPOSRemoteOrderDisplay@@@ATL@@UAGJPAUtagFORMATETC@@KPAUIAdviseSink@@PAK@Z 10002130 f i RemoteOrderDisplay.obj
 0001:00001171       ?DUnadvise@?$IDataObjectImpl@VCOPOSRemoteOrderDisplay@@@ATL@@UAGJK@Z 10002171 f i RemoteOrderDisplay.obj
 0001:0000119f       ?EnumDAdvise@?$IDataObjectImpl@VCOPOSRemoteOrderDisplay@@@ATL@@UAGJPAPAUIEnumSTATDATA@@@Z 1000219f f i RemoteOrderDisplay.obj
 0001:000011de       ?GetClassInfoW@?$IProvideClassInfo2Impl@$1?CLSID_OPOSRemoteOrderDisplay@@3U_GUID@@B$1?DIID__IOPOSRemoteOrderDisplayEvents@@3U2@B$1?LIBID_OposRemoteOrderDisplay_CCO@@3U2@B$00$0A@VCComTypeInfoHolder@ATL@@@ATL@@UAGJPAPAUITypeInfo@@@Z 100021de f i RemoteOrderDisplay.obj
 0001:000011f4       ?GetGUID@?$IProvideClassInfo2Impl@$1?CLSID_OPOSRemoteOrderDisplay@@3U_GUID@@B$1?DIID__IOPOSRemoteOrderDisplayEvents@@3U2@B$1?LIBID_OposRemoteOrderDisplay_CCO@@3U2@B$00$0A@VCComTypeInfoHolder@ATL@@@ATL@@UAGJKPAU_GUID@@@Z 100021f4 f i RemoteOrderDisplay.obj
 0001:00001232       __get_startup_argv_mode    10002232 f i LIBCMT:argv_mode.obj
 0001:00001232       ?FAccessAllowed@?$IObjectSafetyImpl@VCOPOSRemoteOrderDisplay@@$02@ATL@@MAEHXZ 10002232 f i RemoteOrderDisplay.obj
 0001:00001236       ?GetInterfaceSafetyOptions@?$IObjectSafetyImpl@VCOPOSRemoteOrderDisplay@@$02@ATL@@UAGJABU_GUID@@PAK1@Z 10002236 f i RemoteOrderDisplay.obj
 0001:000012aa       ?SetInterfaceSafetyOptions@?$IObjectSafetyImpl@VCOPOSRemoteOrderDisplay@@$02@ATL@@UAGJABU_GUID@@KK@Z 100022aa f i RemoteOrderDisplay.obj
 0001:00001324       ?_LocCPQueryInterface@?$IConnectionPointImpl@VCOPOSRemoteOrderDisplay@@$1?IID_IPropertyNotifySink@@3U_GUID@@BVCComDynamicUnkArray@ATL@@@ATL@@UAGJABU_GUID@@PAPAX@Z 10002324 f i RemoteOrderDisplay.obj
 0001:00001324       ?_LocCPQueryInterface@?$IConnectionPointImpl@VCOPOSRemoteOrderDisplay@@$1?DIID__IOPOSRemoteOrderDisplayEvents@@3U_GUID@@BVCComDynamicUnkArray@ATL@@@ATL@@UAGJABU_GUID@@PAPAX@Z 10002324 f i RemoteOrderDisplay.obj
 0001:00001371       ?GetConnectionInterface@?$IConnectionPointImpl@VCOPOSRemoteOrderDisplay@@$1?IID_IPropertyNotifySink@@3U_GUID@@BVCComDynamicUnkArray@ATL@@@ATL@@UAGJPAU_GUID@@@Z 10002371 f i RemoteOrderDisplay.obj
 0001:00001395       ?GetConnectionPointContainer@?$IConnectionPointImpl@VCOPOSRemoteOrderDisplay@@$1?IID_IPropertyNotifySink@@3U_GUID@@BVCComDynamicUnkArray@ATL@@@ATL@@UAGJPAPAUIConnectionPointContainer@@@Z 10002395 f i RemoteOrderDisplay.obj
 0001:000013b8       ?Advise@?$IConnectionPointImpl@VCOPOSRemoteOrderDisplay@@$1?IID_IPropertyNotifySink@@3U_GUID@@BVCComDynamicUnkArray@ATL@@@ATL@@UAGJPAUIUnknown@@PAK@Z 100023b8 f i RemoteOrderDisplay.obj
 0001:000013b8       ?Advise@?$IConnectionPointImpl@VCOPOSRemoteOrderDisplay@@$1?DIID__IOPOSRemoteOrderDisplayEvents@@3U_GUID@@BVCComDynamicUnkArray@ATL@@@ATL@@UAGJPAUIUnknown@@PAK@Z 100023b8 f i RemoteOrderDisplay.obj
 0001:00001459       ?Unadvise@?$IConnectionPointImpl@VCOPOSRemoteOrderDisplay@@$1?DIID__IOPOSRemoteOrderDisplayEvents@@3U_GUID@@BVCComDynamicUnkArray@ATL@@@ATL@@UAGJK@Z 10002459 f i RemoteOrderDisplay.obj
 0001:00001459       ?Unadvise@?$IConnectionPointImpl@VCOPOSRemoteOrderDisplay@@$1?IID_IPropertyNotifySink@@3U_GUID@@BVCComDynamicUnkArray@ATL@@@ATL@@UAGJK@Z 10002459 f i RemoteOrderDisplay.obj
 0001:00001499       ?EnumConnections@?$IConnectionPointImpl@VCOPOSRemoteOrderDisplay@@$1?IID_IPropertyNotifySink@@3U_GUID@@BVCComDynamicUnkArray@ATL@@@ATL@@UAGJPAPAUIEnumConnections@@@Z 10002499 f i RemoteOrderDisplay.obj
 0001:00001499       ?EnumConnections@?$IConnectionPointImpl@VCOPOSRemoteOrderDisplay@@$1?DIID__IOPOSRemoteOrderDisplayEvents@@3U_GUID@@BVCComDynamicUnkArray@ATL@@@ATL@@UAGJPAPAUIEnumConnections@@@Z 10002499 f i RemoteOrderDisplay.obj
 0001:0000159f       ?GetCategoryMap@CComObjectRootBase@ATL@@SAPBU_ATL_CATMAP_ENTRY@2@XZ 1000259f f i RemoteOrderDisplay.obj
 0001:0000159f       ?GetObjectDescription@?$CComCoClass@VCOPOSRemoteOrderDisplay@@$1?CLSID_OPOSRemoteOrderDisplay@@3U_GUID@@B@ATL@@SGPB_WXZ 1000259f f i RemoteOrderDisplay.obj
 0001:000015a2       ?GetConnectionInterface@?$IConnectionPointImpl@VCOPOSRemoteOrderDisplay@@$1?DIID__IOPOSRemoteOrderDisplayEvents@@3U_GUID@@BVCComDynamicUnkArray@ATL@@@ATL@@UAGJPAU_GUID@@@Z 100025a2 f i RemoteOrderDisplay.obj
 0001:000015c6       ?GetConnectionPointContainer@?$IConnectionPointImpl@VCOPOSRemoteOrderDisplay@@$1?DIID__IOPOSRemoteOrderDisplayEvents@@3U_GUID@@BVCComDynamicUnkArray@ATL@@@ATL@@UAGJPAPAUIConnectionPointContainer@@@Z 100025c6 f i RemoteOrderDisplay.obj
 0001:000015e9       ?UpdateRegistry@COPOSRemoteOrderDisplay@@SGJH@Z 100025e9 f i RemoteOrderDisplay.obj
 0001:00001601       ?ProcessWindowMessage@COPOSRemoteOrderDisplay@@UAEHPAUHWND__@@IIJAAJK@Z 10002601 f i RemoteOrderDisplay.obj
 0001:0000164a       ?SOData@COPOSRemoteOrderDisplay@@MAGJJ@Z 1000264a f i RemoteOrderDisplay.obj
 0001:00001683       ?SODirectIO@COPOSRemoteOrderDisplay@@MAGJJPAJPAPA_W@Z 10002683 f i RemoteOrderDisplay.obj
 0001:000016cc       ?SOError@COPOSRemoteOrderDisplay@@MAGJJJJPAJ@Z 100026cc f i RemoteOrderDisplay.obj
 0001:00001721       ?SOOutputComplete@COPOSRemoteOrderDisplay@@MAGJJ@Z 10002721 f i RemoteOrderDisplay.obj
 0001:0000175a       ?SOStatusUpdate@COPOSRemoteOrderDisplay@@MAGJJ@Z 1000275a f i RemoteOrderDisplay.obj
 0001:00001793       ?AddRef@CRegObject@ATL@@UAGKXZ 10002793 f i RemoteOrderDisplay.obj
 0001:00001799       ?AddReplacement@CRegObject@ATL@@UAGJPB_W0@Z 10002799 f i RemoteOrderDisplay.obj
 0001:000017d2       ?ClearReplacements@CRegObject@ATL@@UAGJXZ 100027d2 f i RemoteOrderDisplay.obj
 0001:000017e4       ??_GCRegObject@ATL@@UAEPAXI@Z 100027e4 f i RemoteOrderDisplay.obj
 0001:000017e4       ??_ECRegObject@ATL@@UAEPAXI@Z 100027e4 f i RemoteOrderDisplay.obj
 0001:00001806       ?CreateInstance@?$CComCreator@V?$CComObjectCached@VCComClassFactory@ATL@@@ATL@@@ATL@@SGJPAXABU_GUID@@PAPAX@Z 10002806 f i RemoteOrderDisplay.obj
 0001:00001899       ?CreateInstance@?$CComCreator2@V?$CComCreator@V?$CComObject@VCOPOSRemoteOrderDisplay@@@ATL@@@ATL@@V?$CComCreator@V?$CComAggObject@VCOPOSRemoteOrderDisplay@@@ATL@@@2@@ATL@@SGJPAXABU_GUID@@PAPAX@Z 10002899 f i RemoteOrderDisplay.obj
 0001:000018b9       ?Next@?$CComEnumImpl@UIEnumConnectionPoints@@$1?_GUID_b196b285_bab4_101a_b69c_00aa00341d07@@3U__s_GUID@@BPAUIConnectionPoint@@V?$_CopyInterface@UIConnectionPoint@@@ATL@@@ATL@@UAGJKPAPAUIConnectionPoint@@PAK@Z 100028b9 f i RemoteOrderDisplay.obj
 0001:00001990       ?Skip@?$CComEnumImpl@UIEnumConnectionPoints@@$1?_GUID_b196b285_bab4_101a_b69c_00aa00341d07@@3U__s_GUID@@BPAUIConnectionPoint@@V?$_CopyInterface@UIConnectionPoint@@@ATL@@@ATL@@UAGJK@Z 10002990 f i RemoteOrderDisplay.obj
 0001:000019bd       ?Reset@?$CComEnumImpl@UIEnumConnectionPoints@@$1?_GUID_b196b285_bab4_101a_b69c_00aa00341d07@@3U__s_GUID@@BPAUIConnectionPoint@@V?$_CopyInterface@UIConnectionPoint@@@ATL@@@ATL@@UAGJXZ 100029bd f i RemoteOrderDisplay.obj
 0001:000019bd       ?Reset@?$CComEnumImpl@UIEnumConnections@@$1?_GUID_b196b287_bab4_101a_b69c_00aa00341d07@@3U__s_GUID@@BUtagCONNECTDATA@@V?$_Copy@UtagCONNECTDATA@@@ATL@@@ATL@@UAGJXZ 100029bd f i RemoteOrderDisplay.obj
 0001:000019cf       ?Clone@?$CComEnumImpl@UIEnumConnectionPoints@@$1?_GUID_b196b285_bab4_101a_b69c_00aa00341d07@@3U__s_GUID@@BPAUIConnectionPoint@@V?$_CopyInterface@UIConnectionPoint@@@ATL@@@ATL@@UAGJPAPAUIEnumConnectionPoints@@@Z 100029cf f i RemoteOrderDisplay.obj
 0001:00001aae       ?AddRef@?$CComObject@V?$CComEnum@UIEnumConnectionPoints@@$1?_GUID_b196b285_bab4_101a_b69c_00aa00341d07@@3U__s_GUID@@BPAUIConnectionPoint@@V?$_CopyInterface@UIConnectionPoint@@@ATL@@VCComSingleThreadModel@6@@ATL@@@ATL@@UAGKXZ 10002aae f i RemoteOrderDisplay.obj
 0001:00001aae       ?AddRef@?$CComObject@V?$CComEnum@UIEnumConnections@@$1?_GUID_b196b287_bab4_101a_b69c_00aa00341d07@@3U__s_GUID@@BUtagCONNECTDATA@@V?$_Copy@UtagCONNECTDATA@@@ATL@@VCComSingleThreadModel@6@@ATL@@@ATL@@UAGKXZ 10002aae f i RemoteOrderDisplay.obj
 0001:00001abf       ?Release@?$CComObject@V?$CComEnum@UIEnumConnectionPoints@@$1?_GUID_b196b285_bab4_101a_b69c_00aa00341d07@@3U__s_GUID@@BPAUIConnectionPoint@@V?$_CopyInterface@UIConnectionPoint@@@ATL@@VCComSingleThreadModel@6@@ATL@@@ATL@@UAGKXZ 10002abf f i RemoteOrderDisplay.obj
 0001:00001abf       ?Release@?$CComObject@V?$CComEnum@UIEnumConnections@@$1?_GUID_b196b287_bab4_101a_b69c_00aa00341d07@@3U__s_GUID@@BUtagCONNECTDATA@@V?$_Copy@UtagCONNECTDATA@@@ATL@@VCComSingleThreadModel@6@@ATL@@@ATL@@UAGKXZ 10002abf f i RemoteOrderDisplay.obj
 0001:00001afb       ?QueryInterface@?$CComObject@V?$CComEnum@UIEnumConnectionPoints@@$1?_GUID_b196b285_bab4_101a_b69c_00aa00341d07@@3U__s_GUID@@BPAUIConnectionPoint@@V?$_CopyInterface@UIConnectionPoint@@@ATL@@VCComSingleThreadModel@6@@ATL@@@ATL@@UAGJABU_GUID@@PAPAX@Z 10002afb f i RemoteOrderDisplay.obj
 0001:00001b15       ??_G?$CComObject@V?$CComEnum@UIEnumConnectionPoints@@$1?_GUID_b196b285_bab4_101a_b69c_00aa00341d07@@3U__s_GUID@@BPAUIConnectionPoint@@V?$_CopyInterface@UIConnectionPoint@@@ATL@@VCComSingleThreadModel@6@@ATL@@@ATL@@UAEPAXI@Z 10002b15 f i RemoteOrderDisplay.obj
 0001:00001b15       ??_E?$CComObject@V?$CComEnum@UIEnumConnectionPoints@@$1?_GUID_b196b285_bab4_101a_b69c_00aa00341d07@@3U__s_GUID@@BPAUIConnectionPoint@@V?$_CopyInterface@UIConnectionPoint@@@ATL@@VCComSingleThreadModel@6@@ATL@@@ATL@@UAEPAXI@Z 10002b15 f i RemoteOrderDisplay.obj
 0001:00001b37       ?AddRef@?$CComObjectCached@VCComClassFactory@ATL@@@ATL@@UAGKXZ 10002b37 f i RemoteOrderDisplay.obj
 0001:00001b5e       ?Release@?$CComObjectCached@VCComClassFactory@ATL@@@ATL@@UAGKXZ 10002b5e f i RemoteOrderDisplay.obj
 0001:00001b94       ?QueryInterface@?$CComObjectCached@VCComClassFactory@ATL@@@ATL@@UAGJABU_GUID@@PAPAX@Z 10002b94 f i RemoteOrderDisplay.obj
 0001:00001bae       ??_E?$CComObjectCached@VCComClassFactory@ATL@@@ATL@@UAEPAXI@Z 10002bae f i RemoteOrderDisplay.obj
 0001:00001bae       ??_G?$CComObjectCached@VCComClassFactory@ATL@@@ATL@@UAEPAXI@Z 10002bae f i RemoteOrderDisplay.obj
 0001:00001bd0       ?AddRef@?$CComAggObject@VCOPOSRemoteOrderDisplay@@@ATL@@UAGKXZ 10002bd0 f i RemoteOrderDisplay.obj
 0001:00001be1       ?Release@?$CComAggObject@VCOPOSRemoteOrderDisplay@@@ATL@@UAGKXZ 10002be1 f i RemoteOrderDisplay.obj
 0001:00001c1d       ?QueryInterface@?$CComAggObject@VCOPOSRemoteOrderDisplay@@@ATL@@UAGJABU_GUID@@PAPAX@Z 10002c1d f i RemoteOrderDisplay.obj
 0001:00001c6c       ?AddRef@?$CComContainedObject@VCOPOSRemoteOrderDisplay@@@ATL@@UAGKXZ 10002c6c f i RemoteOrderDisplay.obj
 0001:00001c82       ?Release@?$CComContainedObject@VCOPOSRemoteOrderDisplay@@@ATL@@UAGKXZ 10002c82 f i RemoteOrderDisplay.obj
 0001:00001c98       ?QueryInterface@?$CComContainedObject@VCOPOSRemoteOrderDisplay@@@ATL@@UAGJABU_GUID@@PAPAX@Z 10002c98 f i RemoteOrderDisplay.obj
 0001:00001cb3       ??_G?$CComAggObject@VCOPOSRemoteOrderDisplay@@@ATL@@UAEPAXI@Z 10002cb3 f i RemoteOrderDisplay.obj
 0001:00001cb3       ??_E?$CComAggObject@VCOPOSRemoteOrderDisplay@@@ATL@@UAEPAXI@Z 10002cb3 f i RemoteOrderDisplay.obj
 0001:00001cd8       ?AddRef@?$CComObject@VCOPOSRemoteOrderDisplay@@@ATL@@UAGKXZ 10002cd8 f i RemoteOrderDisplay.obj
 0001:00001cef       ?Release@?$CComObject@VCOPOSRemoteOrderDisplay@@@ATL@@UAGKXZ 10002cef f i RemoteOrderDisplay.obj
 0001:00001d31       ?QueryInterface@?$CComObject@VCOPOSRemoteOrderDisplay@@@ATL@@UAGJABU_GUID@@PAPAX@Z 10002d31 f i RemoteOrderDisplay.obj
 0001:00001d4b       ?OnFinalMessage@?$CWindowImplBaseT@VCWindow@ATL@@V?$CWinTraits@$0FGAAAAAA@$0A@@2@@ATL@@UAEXPAUHWND__@@@Z 10002d4b f i RemoteOrderDisplay.obj
 0001:00001d4b       ?ObjectMain@CComObjectRootBase@ATL@@SGX_N@Z 10002d4b f i RemoteOrderDisplay.obj
 0001:00001d4e       ?OnDrawAdvanced@CComControlBase@ATL@@UAEJAAUATL_DRAWINFO@@@Z 10002d4e f i RemoteOrderDisplay.obj
 0001:00001e3d       ?CreateInstance@CComClassFactory@ATL@@UAGJPAUIUnknown@@ABU_GUID@@PAPAX@Z 10002e3d f i RemoteOrderDisplay.obj
 0001:00001e7b       ?LockServer@CComClassFactory@ATL@@UAGJH@Z 10002e7b f i RemoteOrderDisplay.obj
 0001:00001e9a       ??_ECComClassFactory@ATL@@UAEPAXI@Z 10002e9a f i RemoteOrderDisplay.obj
 0001:00001e9a       ??_GCComClassFactory@ATL@@UAEPAXI@Z 10002e9a f i RemoteOrderDisplay.obj
 0001:00001ec5       ?Next@?$CComEnumImpl@UIEnumConnections@@$1?_GUID_b196b287_bab4_101a_b69c_00aa00341d07@@3U__s_GUID@@BUtagCONNECTDATA@@V?$_Copy@UtagCONNECTDATA@@@ATL@@@ATL@@UAGJKPAUtagCONNECTDATA@@PAK@Z 10002ec5 f i RemoteOrderDisplay.obj
 0001:00001f9c       ?Skip@?$CComEnumImpl@UIEnumConnections@@$1?_GUID_b196b287_bab4_101a_b69c_00aa00341d07@@3U__s_GUID@@BUtagCONNECTDATA@@V?$_Copy@UtagCONNECTDATA@@@ATL@@@ATL@@UAGJK@Z 10002f9c f i RemoteOrderDisplay.obj
 0001:00001fc9       ?Clone@?$CComEnumImpl@UIEnumConnections@@$1?_GUID_b196b287_bab4_101a_b69c_00aa00341d07@@3U__s_GUID@@BUtagCONNECTDATA@@V?$_Copy@UtagCONNECTDATA@@@ATL@@@ATL@@UAGJPAPAUIEnumConnections@@@Z 10002fc9 f i RemoteOrderDisplay.obj
 0001:000020a8       ?QueryInterface@?$CComObject@V?$CComEnum@UIEnumConnections@@$1?_GUID_b196b287_bab4_101a_b69c_00aa00341d07@@3U__s_GUID@@BUtagCONNECTDATA@@V?$_Copy@UtagCONNECTDATA@@@ATL@@VCComSingleThreadModel@6@@ATL@@@ATL@@UAGJABU_GUID@@PAPAX@Z 100030a8 f i RemoteOrderDisplay.obj
 0001:000020c2       ??_E?$CComObject@V?$CComEnum@UIEnumConnections@@$1?_GUID_b196b287_bab4_101a_b69c_00aa00341d07@@3U__s_GUID@@BUtagCONNECTDATA@@V?$_Copy@UtagCONNECTDATA@@@ATL@@VCComSingleThreadModel@6@@ATL@@@ATL@@UAEPAXI@Z 100030c2 f i RemoteOrderDisplay.obj
 0001:000020c2       ??_G?$CComObject@V?$CComEnum@UIEnumConnections@@$1?_GUID_b196b287_bab4_101a_b69c_00aa00341d07@@3U__s_GUID@@BUtagCONNECTDATA@@V?$_Copy@UtagCONNECTDATA@@@ATL@@VCComSingleThreadModel@6@@ATL@@@ATL@@UAEPAXI@Z 100030c2 f i RemoteOrderDisplay.obj
 0001:000020e4       ??_E?$CComObject@VCOPOSRemoteOrderDisplay@@@ATL@@W3AEPAXI@Z 100030e4 f i RemoteOrderDisplay.obj
 0001:000020ec       ??_E?$CComObject@VCOPOSRemoteOrderDisplay@@@ATL@@WEM@AEPAXI@Z 100030ec f i RemoteOrderDisplay.obj
 0001:000020f4       ?QueryInterface@?$CComObject@VCOPOSRemoteOrderDisplay@@@ATL@@WHA@AGJABU_GUID@@PAPAX@Z 100030f4 f i RemoteOrderDisplay.obj
 0001:000020fe       ?AddRef@?$CComObject@VCOPOSRemoteOrderDisplay@@@ATL@@WHA@AGKXZ 100030fe f i RemoteOrderDisplay.obj
 0001:00002108       ?Release@?$CComObject@VCOPOSRemoteOrderDisplay@@@ATL@@WHA@AGKXZ 10003108 f i RemoteOrderDisplay.obj
 0001:00002112       ?QueryInterface@?$CComObject@VCOPOSRemoteOrderDisplay@@@ATL@@WHE@AGJABU_GUID@@PAPAX@Z 10003112 f i RemoteOrderDisplay.obj
 0001:0000211c       ?AddRef@?$CComObject@VCOPOSRemoteOrderDisplay@@@ATL@@WHE@AGKXZ 1000311c f i RemoteOrderDisplay.obj
 0001:00002126       ?Release@?$CComObject@VCOPOSRemoteOrderDisplay@@@ATL@@WHE@AGKXZ 10003126 f i RemoteOrderDisplay.obj
 0001:00002130       ?QueryInterface@?$CComObject@VCOPOSRemoteOrderDisplay@@@ATL@@WHI@AGJABU_GUID@@PAPAX@Z 10003130 f i RemoteOrderDisplay.obj
 0001:0000213a       ?AddRef@?$CComObject@VCOPOSRemoteOrderDisplay@@@ATL@@WHI@AGKXZ 1000313a f i RemoteOrderDisplay.obj
 0001:00002144       ?Release@?$CComObject@VCOPOSRemoteOrderDisplay@@@ATL@@WHI@AGKXZ 10003144 f i RemoteOrderDisplay.obj
 0001:0000214e       ?QueryInterface@?$CComObject@VCOPOSRemoteOrderDisplay@@@ATL@@WHM@AGJABU_GUID@@PAPAX@Z 1000314e f i RemoteOrderDisplay.obj
 0001:00002158       ?AddRef@?$CComObject@VCOPOSRemoteOrderDisplay@@@ATL@@WHM@AGKXZ 10003158 f i RemoteOrderDisplay.obj
 0001:00002162       ?Release@?$CComObject@VCOPOSRemoteOrderDisplay@@@ATL@@WHM@AGKXZ 10003162 f i RemoteOrderDisplay.obj
 0001:0000216c       ?QueryInterface@?$CComObject@VCOPOSRemoteOrderDisplay@@@ATL@@WIA@AGJABU_GUID@@PAPAX@Z 1000316c f i RemoteOrderDisplay.obj
 0001:00002179       ?AddRef@?$CComObject@VCOPOSRemoteOrderDisplay@@@ATL@@WIA@AGKXZ 10003179 f i RemoteOrderDisplay.obj
 0001:00002186       ?Release@?$CComObject@VCOPOSRemoteOrderDisplay@@@ATL@@WIA@AGKXZ 10003186 f i RemoteOrderDisplay.obj
 0001:00002193       ?QueryInterface@?$CComObject@VCOPOSRemoteOrderDisplay@@@ATL@@WIE@AGJABU_GUID@@PAPAX@Z 10003193 f i RemoteOrderDisplay.obj
 0001:000021a0       ?AddRef@?$CComObject@VCOPOSRemoteOrderDisplay@@@ATL@@WIE@AGKXZ 100031a0 f i RemoteOrderDisplay.obj
 0001:000021ad       ?Release@?$CComObject@VCOPOSRemoteOrderDisplay@@@ATL@@WIE@AGKXZ 100031ad f i RemoteOrderDisplay.obj
 0001:000021ba       ?QueryInterface@?$CComObject@VCOPOSRemoteOrderDisplay@@@ATL@@WII@AGJABU_GUID@@PAPAX@Z 100031ba f i RemoteOrderDisplay.obj
 0001:000021c7       ?AddRef@?$CComObject@VCOPOSRemoteOrderDisplay@@@ATL@@WII@AGKXZ 100031c7 f i RemoteOrderDisplay.obj
 0001:000021d4       ?Release@?$CComObject@VCOPOSRemoteOrderDisplay@@@ATL@@WII@AGKXZ 100031d4 f i RemoteOrderDisplay.obj
 0001:000021e1       ?QueryInterface@?$CComObject@VCOPOSRemoteOrderDisplay@@@ATL@@WIM@AGJABU_GUID@@PAPAX@Z 100031e1 f i RemoteOrderDisplay.obj
 0001:000021ee       ?AddRef@?$CComObject@VCOPOSRemoteOrderDisplay@@@ATL@@WIM@AGKXZ 100031ee f i RemoteOrderDisplay.obj
 0001:000021fb       ?Release@?$CComObject@VCOPOSRemoteOrderDisplay@@@ATL@@WIM@AGKXZ 100031fb f i RemoteOrderDisplay.obj
 0001:00002208       ?QueryInterface@?$CComObject@VCOPOSRemoteOrderDisplay@@@ATL@@WJA@AGJABU_GUID@@PAPAX@Z 10003208 f i RemoteOrderDisplay.obj
 0001:00002215       ?AddRef@?$CComObject@VCOPOSRemoteOrderDisplay@@@ATL@@WJA@AGKXZ 10003215 f i RemoteOrderDisplay.obj
 0001:00002222       ?Release@?$CComObject@VCOPOSRemoteOrderDisplay@@@ATL@@WJA@AGKXZ 10003222 f i RemoteOrderDisplay.obj
 0001:0000222f       ?QueryInterface@?$CComObject@VCOPOSRemoteOrderDisplay@@@ATL@@WJE@AGJABU_GUID@@PAPAX@Z 1000322f f i RemoteOrderDisplay.obj
 0001:0000223c       ?AddRef@?$CComObject@VCOPOSRemoteOrderDisplay@@@ATL@@WJE@AGKXZ 1000323c f i RemoteOrderDisplay.obj
 0001:00002249       ?Release@?$CComObject@VCOPOSRemoteOrderDisplay@@@ATL@@WJE@AGKXZ 10003249 f i RemoteOrderDisplay.obj
 0001:00002256       ?QueryInterface@?$CComObject@VCOPOSRemoteOrderDisplay@@@ATL@@WJI@AGJABU_GUID@@PAPAX@Z 10003256 f i RemoteOrderDisplay.obj
 0001:00002263       ?AddRef@?$CComObject@VCOPOSRemoteOrderDisplay@@@ATL@@WJI@AGKXZ 10003263 f i RemoteOrderDisplay.obj
 0001:00002270       ?Release@?$CComObject@VCOPOSRemoteOrderDisplay@@@ATL@@WJI@AGKXZ 10003270 f i RemoteOrderDisplay.obj
 0001:0000227d       ?QueryInterface@?$CComObject@VCOPOSRemoteOrderDisplay@@@ATL@@WJM@AGJABU_GUID@@PAPAX@Z 1000327d f i RemoteOrderDisplay.obj
 0001:0000228a       ?AddRef@?$CComObject@VCOPOSRemoteOrderDisplay@@@ATL@@WJM@AGKXZ 1000328a f i RemoteOrderDisplay.obj
 0001:00002297       ?Release@?$CComObject@VCOPOSRemoteOrderDisplay@@@ATL@@WJM@AGKXZ 10003297 f i RemoteOrderDisplay.obj
 0001:000022a4       ?QueryInterface@?$CComObject@VCOPOSRemoteOrderDisplay@@@ATL@@WKA@AGJABU_GUID@@PAPAX@Z 100032a4 f i RemoteOrderDisplay.obj
 0001:000022b1       ?AddRef@?$CComObject@VCOPOSRemoteOrderDisplay@@@ATL@@WKA@AGKXZ 100032b1 f i RemoteOrderDisplay.obj
 0001:000022be       ?Release@?$CComObject@VCOPOSRemoteOrderDisplay@@@ATL@@WKA@AGKXZ 100032be f i RemoteOrderDisplay.obj
 0001:000022cb       ?AddRef@?$CComObject@VCOPOSRemoteOrderDisplay@@@ATL@@WKI@AGKXZ 100032cb f i RemoteOrderDisplay.obj
 0001:000022d8       ?Release@?$CComObject@VCOPOSRemoteOrderDisplay@@@ATL@@WKI@AGKXZ 100032d8 f i RemoteOrderDisplay.obj
 0001:000022e5       ?AddRef@?$CComObject@VCOPOSRemoteOrderDisplay@@@ATL@@WLE@AGKXZ 100032e5 f i RemoteOrderDisplay.obj
 0001:000022f2       ?Release@?$CComObject@VCOPOSRemoteOrderDisplay@@@ATL@@WLE@AGKXZ 100032f2 f i RemoteOrderDisplay.obj
 0001:000022ff       ??_E?$CComContainedObject@VCOPOSRemoteOrderDisplay@@@ATL@@W3AEPAXI@Z 100032ff f i RemoteOrderDisplay.obj
 0001:00002307       ??_E?$CComContainedObject@VCOPOSRemoteOrderDisplay@@@ATL@@WEM@AEPAXI@Z 10003307 f i RemoteOrderDisplay.obj
 0001:0000230f       ?QueryInterface@?$CComContainedObject@VCOPOSRemoteOrderDisplay@@@ATL@@WHA@AGJABU_GUID@@PAPAX@Z 1000330f f i RemoteOrderDisplay.obj
 0001:00002319       ?AddRef@?$CComContainedObject@VCOPOSRemoteOrderDisplay@@@ATL@@WHA@AGKXZ 10003319 f i RemoteOrderDisplay.obj
 0001:00002323       ?Release@?$CComContainedObject@VCOPOSRemoteOrderDisplay@@@ATL@@WHA@AGKXZ 10003323 f i RemoteOrderDisplay.obj
 0001:0000232d       ?QueryInterface@?$CComContainedObject@VCOPOSRemoteOrderDisplay@@@ATL@@WHE@AGJABU_GUID@@PAPAX@Z 1000332d f i RemoteOrderDisplay.obj
 0001:00002337       ?AddRef@?$CComContainedObject@VCOPOSRemoteOrderDisplay@@@ATL@@WHE@AGKXZ 10003337 f i RemoteOrderDisplay.obj
 0001:00002341       ?Release@?$CComContainedObject@VCOPOSRemoteOrderDisplay@@@ATL@@WHE@AGKXZ 10003341 f i RemoteOrderDisplay.obj
 0001:0000234b       ?QueryInterface@?$CComContainedObject@VCOPOSRemoteOrderDisplay@@@ATL@@WHI@AGJABU_GUID@@PAPAX@Z 1000334b f i RemoteOrderDisplay.obj
 0001:00002355       ?AddRef@?$CComContainedObject@VCOPOSRemoteOrderDisplay@@@ATL@@WHI@AGKXZ 10003355 f i RemoteOrderDisplay.obj
 0001:0000235f       ?Release@?$CComContainedObject@VCOPOSRemoteOrderDisplay@@@ATL@@WHI@AGKXZ 1000335f f i RemoteOrderDisplay.obj
 0001:00002369       ?QueryInterface@?$CComContainedObject@VCOPOSRemoteOrderDisplay@@@ATL@@WHM@AGJABU_GUID@@PAPAX@Z 10003369 f i RemoteOrderDisplay.obj
 0001:00002373       ?AddRef@?$CComContainedObject@VCOPOSRemoteOrderDisplay@@@ATL@@WHM@AGKXZ 10003373 f i RemoteOrderDisplay.obj
 0001:0000237d       ?Release@?$CComContainedObject@VCOPOSRemoteOrderDisplay@@@ATL@@WHM@AGKXZ 1000337d f i RemoteOrderDisplay.obj
 0001:00002387       ?QueryInterface@?$CComContainedObject@VCOPOSRemoteOrderDisplay@@@ATL@@WIA@AGJABU_GUID@@PAPAX@Z 10003387 f i RemoteOrderDisplay.obj
 0001:00002394       ?AddRef@?$CComContainedObject@VCOPOSRemoteOrderDisplay@@@ATL@@WIA@AGKXZ 10003394 f i RemoteOrderDisplay.obj
 0001:000023a1       ?Release@?$CComContainedObject@VCOPOSRemoteOrderDisplay@@@ATL@@WIA@AGKXZ 100033a1 f i RemoteOrderDisplay.obj
 0001:000023ae       ?QueryInterface@?$CComContainedObject@VCOPOSRemoteOrderDisplay@@@ATL@@WIE@AGJABU_GUID@@PAPAX@Z 100033ae f i RemoteOrderDisplay.obj
 0001:000023bb       ?AddRef@?$CComContainedObject@VCOPOSRemoteOrderDisplay@@@ATL@@WIE@AGKXZ 100033bb f i RemoteOrderDisplay.obj
 0001:000023c8       ?Release@?$CComContainedObject@VCOPOSRemoteOrderDisplay@@@ATL@@WIE@AGKXZ 100033c8 f i RemoteOrderDisplay.obj
 0001:000023d5       ?QueryInterface@?$CComContainedObject@VCOPOSRemoteOrderDisplay@@@ATL@@WII@AGJABU_GUID@@PAPAX@Z 100033d5 f i RemoteOrderDisplay.obj
 0001:000023e2       ?AddRef@?$CComContainedObject@VCOPOSRemoteOrderDisplay@@@ATL@@WII@AGKXZ 100033e2 f i RemoteOrderDisplay.obj
 0001:000023ef       ?Release@?$CComContainedObject@VCOPOSRemoteOrderDisplay@@@ATL@@WII@AGKXZ 100033ef f i RemoteOrderDisplay.obj
 0001:000023fc       ?QueryInterface@?$CComContainedObject@VCOPOSRemoteOrderDisplay@@@ATL@@WIM@AGJABU_GUID@@PAPAX@Z 100033fc f i RemoteOrderDisplay.obj
 0001:00002409       ?AddRef@?$CComContainedObject@VCOPOSRemoteOrderDisplay@@@ATL@@WIM@AGKXZ 10003409 f i RemoteOrderDisplay.obj
 0001:00002416       ?Release@?$CComContainedObject@VCOPOSRemoteOrderDisplay@@@ATL@@WIM@AGKXZ 10003416 f i RemoteOrderDisplay.obj
 0001:00002423       ?QueryInterface@?$CComContainedObject@VCOPOSRemoteOrderDisplay@@@ATL@@WJA@AGJABU_GUID@@PAPAX@Z 10003423 f i RemoteOrderDisplay.obj
 0001:00002430       ?AddRef@?$CComContainedObject@VCOPOSRemoteOrderDisplay@@@ATL@@WJA@AGKXZ 10003430 f i RemoteOrderDisplay.obj
 0001:0000243d       ?Release@?$CComContainedObject@VCOPOSRemoteOrderDisplay@@@ATL@@WJA@AGKXZ 1000343d f i RemoteOrderDisplay.obj
 0001:0000244a       ?QueryInterface@?$CComContainedObject@VCOPOSRemoteOrderDisplay@@@ATL@@WJE@AGJABU_GUID@@PAPAX@Z 1000344a f i RemoteOrderDisplay.obj
 0001:00002457       ?AddRef@?$CComContainedObject@VCOPOSRemoteOrderDisplay@@@ATL@@WJE@AGKXZ 10003457 f i RemoteOrderDisplay.obj
 0001:00002464       ?Release@?$CComContainedObject@VCOPOSRemoteOrderDisplay@@@ATL@@WJE@AGKXZ 10003464 f i RemoteOrderDisplay.obj
 0001:00002471       ?QueryInterface@?$CComContainedObject@VCOPOSRemoteOrderDisplay@@@ATL@@WJI@AGJABU_GUID@@PAPAX@Z 10003471 f i RemoteOrderDisplay.obj
 0001:0000247e       ?AddRef@?$CComContainedObject@VCOPOSRemoteOrderDisplay@@@ATL@@WJI@AGKXZ 1000347e f i RemoteOrderDisplay.obj
 0001:0000248b       ?Release@?$CComContainedObject@VCOPOSRemoteOrderDisplay@@@ATL@@WJI@AGKXZ 1000348b f i RemoteOrderDisplay.obj
 0001:00002498       ?QueryInterface@?$CComContainedObject@VCOPOSRemoteOrderDisplay@@@ATL@@WJM@AGJABU_GUID@@PAPAX@Z 10003498 f i RemoteOrderDisplay.obj
 0001:000024a5       ?AddRef@?$CComContainedObject@VCOPOSRemoteOrderDisplay@@@ATL@@WJM@AGKXZ 100034a5 f i RemoteOrderDisplay.obj
 0001:000024b2       ?Release@?$CComContainedObject@VCOPOSRemoteOrderDisplay@@@ATL@@WJM@AGKXZ 100034b2 f i RemoteOrderDisplay.obj
 0001:000024bf       ?QueryInterface@?$CComContainedObject@VCOPOSRemoteOrderDisplay@@@ATL@@WKA@AGJABU_GUID@@PAPAX@Z 100034bf f i RemoteOrderDisplay.obj
 0001:000024cc       ?AddRef@?$CComContainedObject@VCOPOSRemoteOrderDisplay@@@ATL@@WKA@AGKXZ 100034cc f i RemoteOrderDisplay.obj
 0001:000024d9       ?Release@?$CComContainedObject@VCOPOSRemoteOrderDisplay@@@ATL@@WKA@AGKXZ 100034d9 f i RemoteOrderDisplay.obj
 0001:000024e6       ?AddRef@?$CComContainedObject@VCOPOSRemoteOrderDisplay@@@ATL@@WKI@AGKXZ 100034e6 f i RemoteOrderDisplay.obj
 0001:000024f3       ?Release@?$CComContainedObject@VCOPOSRemoteOrderDisplay@@@ATL@@WKI@AGKXZ 100034f3 f i RemoteOrderDisplay.obj
 0001:00002500       ?AddRef@?$CComContainedObject@VCOPOSRemoteOrderDisplay@@@ATL@@WLE@AGKXZ 10003500 f i RemoteOrderDisplay.obj
 0001:0000250d       ?Release@?$CComContainedObject@VCOPOSRemoteOrderDisplay@@@ATL@@WLE@AGKXZ 1000350d f i RemoteOrderDisplay.obj
 0001:0000251a       ?Lock@CAtlModule@ATL@@UAEJXZ 1000351a f i RemoteOrderDisplay.obj
 0001:00002524       ?Unlock@CAtlModule@ATL@@UAEJXZ 10003524 f i RemoteOrderDisplay.obj
 0001:0000252e       ?GetLockCount@CAtlModule@ATL@@UAEJXZ 1000352e f i RemoteOrderDisplay.obj
 0001:00002532       ?GetGITPtr@CAtlModule@ATL@@UAEJPAPAUIGlobalInterfaceTable@@@Z 10003532 f i RemoteOrderDisplay.obj
 0001:0000257e       ?GetWindowProc@?$CWindowImplBaseT@VCWindow@ATL@@V?$CWinTraits@$0FGAAAAAA@$0A@@2@@ATL@@UAEP6GJPAUHWND__@@IIJ@ZXZ 1000357e f i RemoteOrderDisplay.obj
 0001:00002584       ?StartWindowProc@?$CWindowImplBaseT@VCWindow@ATL@@V?$CWinTraits@$0FGAAAAAA@$0A@@2@@ATL@@SGJPAUHWND__@@IIJ@Z 10003584 f i RemoteOrderDisplay.obj
 0001:000025d8       ?AddCommonRGSReplacements@?$CAtlModuleT@VCComModule@ATL@@@ATL@@UAEJPAUIRegistrarBase@@@Z 100035d8 f i RemoteOrderDisplay.obj
 0001:000025f2       ?UpdateRegistryFromResourceD@CComModule@ATL@@UAGJPB_WHPAU_ATL_REGMAP_ENTRY@2@@Z 100035f2 f i RemoteOrderDisplay.obj
 0001:000025f2       ?UpdateRegistryFromResourceD@CComModule@ATL@@UAGJIHPAU_ATL_REGMAP_ENTRY@2@@Z 100035f2 f i RemoteOrderDisplay.obj
 0001:000025fa       ?UpdateRegistryFromResource@CComModule@ATL@@UAGJPB_WHPAU_ATL_REGMAP_ENTRY@2@@Z 100035fa f i RemoteOrderDisplay.obj
 0001:00002603       ?UpdateRegistryFromResource@CComModule@ATL@@UAGJIHPAU_ATL_REGMAP_ENTRY@2@@Z 10003603 f i RemoteOrderDisplay.obj
 0001:0000260c       ??_GCComModule@ATL@@UAEPAXI@Z 1000360c f i RemoteOrderDisplay.obj
 0001:0000260c       ??_ECComModule@ATL@@UAEPAXI@Z 1000360c f i RemoteOrderDisplay.obj
 0001:00002634       ?GetTypeInfoCount@?$IDispatchImpl@UIOPOSRemoteOrderDisplay@@$1?IID_IOPOSRemoteOrderDisplay@@3U_GUID@@B$1?LIBID_OposRemoteOrderDisplay_CCO@@3U3@B$00$0A@VCComTypeInfoHolder@ATL@@@ATL@@UAGJPAI@Z 10003634 f i RemoteOrderDisplay.obj
 0001:00002651       ?GetTypeInfo@?$IDispatchImpl@UIOPOSRemoteOrderDisplay@@$1?IID_IOPOSRemoteOrderDisplay@@3U_GUID@@B$1?LIBID_OposRemoteOrderDisplay_CCO@@3U3@B$00$0A@VCComTypeInfoHolder@ATL@@@ATL@@UAGJIKPAPAUITypeInfo@@@Z 10003651 f i RemoteOrderDisplay.obj
 0001:00002675       ?GetIDsOfNames@?$IDispatchImpl@UIOPOSRemoteOrderDisplay@@$1?IID_IOPOSRemoteOrderDisplay@@3U_GUID@@B$1?LIBID_OposRemoteOrderDisplay_CCO@@3U3@B$00$0A@VCComTypeInfoHolder@ATL@@@ATL@@UAGJABU_GUID@@PAPA_WIKPAJ@Z 10003675 f i RemoteOrderDisplay.obj
 0001:00002695       ?Invoke@?$IDispatchImpl@UIOPOSRemoteOrderDisplay@@$1?IID_IOPOSRemoteOrderDisplay@@3U_GUID@@B$1?LIBID_OposRemoteOrderDisplay_CCO@@3U3@B$00$0A@VCComTypeInfoHolder@ATL@@@ATL@@UAGJJABU_GUID@@KGPAUtagDISPPARAMS@@PAUtagVARIANT@@PAUtagEXCEPINFO@@PAI@Z 10003695 f i RemoteOrderDisplay.obj
 0001:000026a3       ?CreateControlWindow@?$CComControl@VCOPOSRemoteOrderDisplay@@V?$CWindowImpl@VCOPOSRemoteOrderDisplay@@VCWindow@ATL@@V?$CWinTraits@$0FGAAAAAA@$0A@@3@@ATL@@@ATL@@UAEPAUHWND__@@PAU3@AAUtagRECT@@@Z 100036a3 f i RemoteOrderDisplay.obj
 0001:000026d2       ?ControlQueryInterface@?$CComControl@VCOPOSRemoteOrderDisplay@@V?$CWindowImpl@VCOPOSRemoteOrderDisplay@@VCWindow@ATL@@V?$CWinTraits@$0FGAAAAAA@$0A@@3@@ATL@@@ATL@@UAEJABU_GUID@@PAPAX@Z 100036d2 f i RemoteOrderDisplay.obj
 0001:000026ed       ?IsDirty@?$IPersistStreamInitImpl@VCOPOSRemoteOrderDisplay@@@ATL@@UAGJXZ 100036ed f i RemoteOrderDisplay.obj
 0001:0000270c       ?Load@?$IPersistStreamInitImpl@VCOPOSRemoteOrderDisplay@@@ATL@@UAGJPAUIStream@@@Z 1000370c f i RemoteOrderDisplay.obj
 0001:0000272b       ?Save@?$IPersistStreamInitImpl@VCOPOSRemoteOrderDisplay@@@ATL@@UAGJPAUIStream@@H@Z 1000372b f i RemoteOrderDisplay.obj
 0001:0000274d       ?GetSizeMax@?$IPersistStreamInitImpl@VCOPOSRemoteOrderDisplay@@@ATL@@UAGJPAT_ULARGE_INTEGER@@@Z 1000374d f i RemoteOrderDisplay.obj
 0001:00002902       ?InitNew@?$IPersistStreamInitImpl@VCOPOSRemoteOrderDisplay@@@ATL@@UAGJXZ 10003902 f i RemoteOrderDisplay.obj
 0001:0000291f       ?SetClientSite@?$IOleObjectImpl@VCOPOSRemoteOrderDisplay@@@ATL@@UAGJPAUIOleClientSite@@@Z 1000391f f i RemoteOrderDisplay.obj
 0001:0000293c       ?GetClientSite@?$IOleObjectImpl@VCOPOSRemoteOrderDisplay@@@ATL@@UAGJPAPAUIOleClientSite@@@Z 1000393c f i RemoteOrderDisplay.obj
 0001:00002959       ?SetHostNames@?$IOleObjectImpl@VCOPOSRemoteOrderDisplay@@@ATL@@UAGJPB_W0@Z 10003959 f i RemoteOrderDisplay.obj
 0001:0000295e       ??$?4UITypeInfo2@@@?$CComPtr@UITypeInfo@@@ATL@@QAEPAUITypeInfo@@ABV?$CComPtr@UITypeInfo2@@@1@@Z 1000395e f i RemoteOrderDisplay.obj
 0001:0000298b       ??$AtlAdd@K@ATL@@YAJPAKKK@Z 1000398b f i RemoteOrderDisplay.obj
 0001:000029ae       ??$AtlAdd@_K@ATL@@YAJPA_K_K1@Z 100039ae f i RemoteOrderDisplay.obj
 0001:000029e6       ??$AtlAddThrow@K@ATL@@YAKKK@Z 100039e6 f i RemoteOrderDisplay.obj
 0001:00002a0c       ??$AtlModuleRegisterWndClassInfoT@VAtlModuleRegisterWndClassInfoParamW@ATL@@@ATL@@YAGPAU_ATL_BASE_MODULE70@0@PAU_ATL_WIN_MODULE70@0@PAU_ATL_WNDCLASSINFOW@0@PAP6GJPAUHWND__@@IIJ@ZVAtlModuleRegisterWndClassInfoParamW@0@@Z 10003a0c f i RemoteOrderDisplay.obj
 0001:00002b5a       ??$AtlMultiply@H@ATL@@YAJPAHHH@Z 10003b5a f i RemoteOrderDisplay.obj
 0001:00002b92       ??$AtlMultiply@I@ATL@@YAJPAIII@Z 10003b92 f i RemoteOrderDisplay.obj
 0001:00002b92       ??$AtlMultiply@K@ATL@@YAJPAKKK@Z 10003b92 f i RemoteOrderDisplay.obj
 0001:00002bb4       ??$AtlMultiplyThrow@I@ATL@@YAIII@Z 10003bb4 f i RemoteOrderDisplay.obj
 0001:00002bda       ??0?$CComAggObject@VCOPOSRemoteOrderDisplay@@@ATL@@QAE@PAX@Z 10003bda f i RemoteOrderDisplay.obj
 0001:00002c07       ??0?$CComContainedObject@VCOPOSRemoteOrderDisplay@@@ATL@@QAE@PAX@Z 10003c07 f i RemoteOrderDisplay.obj
 0001:00002cc0       ??0?$CComObject@V?$CComEnum@UIEnumConnectionPoints@@$1?_GUID_b196b285_bab4_101a_b69c_00aa00341d07@@3U__s_GUID@@BPAUIConnectionPoint@@V?$_CopyInterface@UIConnectionPoint@@@ATL@@VCComSingleThreadModel@6@@ATL@@@ATL@@QAE@PAX@Z 10003cc0 f i RemoteOrderDisplay.obj
 0001:00002cee       ??0?$CComObject@V?$CComEnum@UIEnumConnections@@$1?_GUID_b196b287_bab4_101a_b69c_00aa00341d07@@3U__s_GUID@@BUtagCONNECTDATA@@V?$_Copy@UtagCONNECTDATA@@@ATL@@VCComSingleThreadModel@6@@ATL@@@ATL@@QAE@PAX@Z 10003cee f i RemoteOrderDisplay.obj
 0001:00002d1c       ??0?$CComObject@VCOPOSRemoteOrderDisplay@@@ATL@@QAE@PAX@Z 10003d1c f i RemoteOrderDisplay.obj
 0001:00002dd3       ??0?$CComQIPtr@UIOleControlSite@@$1?_GUID_b196b289_bab4_101a_b69c_00aa00341d07@@3U__s_GUID@@B@ATL@@QAE@PAUIUnknown@@@Z 10003dd3 f i RemoteOrderDisplay.obj
 0001:00002dfc       ??0CAtlModule@ATL@@QAE@XZ  10003dfc f i RemoteOrderDisplay.obj
 0001:00002e3d       ??0CParseBuffer@CRegParser@ATL@@QAE@H@Z 10003e3d f i RemoteOrderDisplay.obj
 0001:00002e73       ??0_ATL_MSG@ATL@@QAE@PAUHWND__@@IIJH@Z 10003e73 f i RemoteOrderDisplay.obj
 0001:00002eab       ??1?$CComAggObject@VCOPOSRemoteOrderDisplay@@@ATL@@UAE@XZ 10003eab f i RemoteOrderDisplay.obj
 0001:00002ecf       ??1?$CComEnumImpl@UIEnumConnectionPoints@@$1?_GUID_b196b285_bab4_101a_b69c_00aa00341d07@@3U__s_GUID@@BPAUIConnectionPoint@@V?$_CopyInterface@UIConnectionPoint@@@ATL@@@ATL@@UAE@XZ 10003ecf f i RemoteOrderDisplay.obj
 0001:00002f0f       ??1?$CComEnumImpl@UIEnumConnections@@$1?_GUID_b196b287_bab4_101a_b69c_00aa00341d07@@3U__s_GUID@@BUtagCONNECTDATA@@V?$_Copy@UtagCONNECTDATA@@@ATL@@@ATL@@UAE@XZ 10003f0f f i RemoteOrderDisplay.obj
 0001:00002f4f       ??1?$CComObject@V?$CComEnum@UIEnumConnectionPoints@@$1?_GUID_b196b285_bab4_101a_b69c_00aa00341d07@@3U__s_GUID@@BPAUIConnectionPoint@@V?$_CopyInterface@UIConnectionPoint@@@ATL@@VCComSingleThreadModel@6@@ATL@@@ATL@@UAE@XZ 10003f4f f i RemoteOrderDisplay.obj
 0001:00002f72       ??1?$CComObject@V?$CComEnum@UIEnumConnections@@$1?_GUID_b196b287_bab4_101a_b69c_00aa00341d07@@3U__s_GUID@@BUtagCONNECTDATA@@V?$_Copy@UtagCONNECTDATA@@@ATL@@VCComSingleThreadModel@6@@ATL@@@ATL@@UAE@XZ 10003f72 f i RemoteOrderDisplay.obj
 0001:00002f95       ??1?$CComObject@VCOPOSRemoteOrderDisplay@@@ATL@@UAE@XZ 10003f95 f i RemoteOrderDisplay.obj
 0001:00003053       ??1?$CComObjectCached@VCComClassFactory@ATL@@@ATL@@UAE@XZ 10004053 f i RemoteOrderDisplay.obj
 0001:00003069       ??1?$CComObjectRootEx@VCComMultiThreadModel@ATL@@@ATL@@QAE@XZ 10004069 f i RemoteOrderDisplay.obj
 0001:0000307e       ??1CRegObject@ATL@@UAE@XZ  1000407e f i RemoteOrderDisplay.obj
 0001:0000309e       ??4?$CComPtr@UIAdviseSink@@@ATL@@QAEPAUIAdviseSink@@PAU2@@Z 1000409e f i RemoteOrderDisplay.obj
 0001:0000309e       ??4?$CComPtr@UIOleClientSite@@@ATL@@QAEPAUIOleClientSite@@PAU2@@Z 1000409e f i RemoteOrderDisplay.obj
 0001:0000309e       ??4?$CComPtr@UIUnknown@@@ATL@@QAEPAUIUnknown@@PAU2@@Z 1000409e f i RemoteOrderDisplay.obj
 0001:000030d2       ??4?$CComQIPtr@UIOleObject@@$1?_GUID_00000112_0000_0000_c000_000000000046@@3U__s_GUID@@B@ATL@@QAEPAUIOleObject@@PAUIUnknown@@@Z 100040d2 f i RemoteOrderDisplay.obj
 0001:000030f7       ??4?$CComQIPtr@UISpecifyPropertyPages@@$1?_GUID_b196b28b_bab4_101a_b69c_00aa00341d07@@3U__s_GUID@@B@ATL@@QAEPAUISpecifyPropertyPages@@PAUIUnknown@@@Z 100040f7 f i RemoteOrderDisplay.obj
 0001:0000311c       ??_E?$CComContainedObject@VCOPOSRemoteOrderDisplay@@@ATL@@UAEPAXI@Z 1000411c f i RemoteOrderDisplay.obj
 0001:0000311c       ??_G?$CComContainedObject@VCOPOSRemoteOrderDisplay@@@ATL@@UAEPAXI@Z 1000411c f i RemoteOrderDisplay.obj
 0001:00003141       ??_G?$CComObject@VCOPOSRemoteOrderDisplay@@@ATL@@UAEPAXI@Z 10004141 f i RemoteOrderDisplay.obj
 0001:00003141       ??_E?$CComObject@VCOPOSRemoteOrderDisplay@@@ATL@@UAEPAXI@Z 10004141 f i RemoteOrderDisplay.obj
 0001:00003166       ?Add@?$CSimpleArray@GV?$CSimpleArrayEqualHelper@G@ATL@@@ATL@@QAEHABG@Z 10004166 f i RemoteOrderDisplay.obj
 0001:000031ea       ?Add@?$CSimpleMap@PA_WPA_WVCExpansionVectorEqualHelper@ATL@@@ATL@@QAEHABQA_W0@Z 100041ea f i RemoteOrderDisplay.obj
 0001:0000323f       ?Add@CComDynamicUnkArray@ATL@@QAEKPAUIUnknown@@@Z 1000423f f i RemoteOrderDisplay.obj
 0001:000032fa       ?Add@CExpansionVector@ATL@@QAEHPB_W0@Z 100042fa f i RemoteOrderDisplay.obj
 0001:000033fe       ?AddString@CParseBuffer@CRegParser@ATL@@QAEHPB_W@Z 100043fe f i RemoteOrderDisplay.obj
 0001:00003433       ?AddValue@CRegParser@ATL@@IAEJAAVCRegKey@2@PB_WPA_W@Z 10004433 f i RemoteOrderDisplay.obj
 0001:00003754       ?Allocate@?$CAtlSafeAllocBufferManager@VCCRTAllocator@ATL@@@_ATL_SAFE_ALLOCA_IMPL@ATL@@QAEPAXK@Z 10004754 f i RemoteOrderDisplay.obj
 0001:00003781       ?Allocate@?$CTempBuffer@E$0BAA@VCCRTAllocator@ATL@@@ATL@@QAEPAEI@Z 10004781 f i RemoteOrderDisplay.obj
 0001:000037b0       ?Allocate@?$CTempBuffer@_W$0BAA@VCCRTAllocator@ATL@@@ATL@@QAEPA_WI@Z 100047b0 f i RemoteOrderDisplay.obj
 0001:000037df       ?Allocate@?$CTempBuffer@_W$0EAA@VCCRTAllocator@ATL@@@ATL@@QAEPA_WI@Z 100047df f i RemoteOrderDisplay.obj
 0001:0000380e       ?AllocateHeap@?$CTempBuffer@_W$0EAA@VCCRTAllocator@ATL@@@ATL@@AAEXI@Z 1000480e f i RemoteOrderDisplay.obj
 0001:0000380e       ?AllocateHeap@?$CTempBuffer@_W$0BAA@VCCRTAllocator@ATL@@@ATL@@AAEXI@Z 1000480e f i RemoteOrderDisplay.obj
 0001:0000380e       ?AllocateHeap@?$CTempBuffer@E$0BAA@VCCRTAllocator@ATL@@@ATL@@AAEXI@Z 1000480e f i RemoteOrderDisplay.obj
 0001:00003833       ?Append@CParseBuffer@CRegParser@ATL@@QAEHPB_WH@Z 10004833 f i RemoteOrderDisplay.obj
 0001:000038c1       ?AtlCallTermFunc@ATL@@YGXPAU_ATL_MODULE70@1@@Z 100048c1 f i RemoteOrderDisplay.obj
 0001:00003905       ?AtlCoTaskMemCAlloc@ATL@@YAPAXKK@Z 10004905 f i RemoteOrderDisplay.obj
 0001:00003932       ?AtlCoTaskMemRecalloc@ATL@@YAPAXPAXKK@Z 10004932 f i RemoteOrderDisplay.obj
 0001:00003962       ?AtlComModuleGetClassObject@ATL@@YGJPAU_ATL_COM_MODULE70@1@ABU_GUID@@1PAPAX@Z 10004962 f i RemoteOrderDisplay.obj
 0001:00003a55       ?AtlComModuleRegisterServer@ATL@@YGJPAU_ATL_COM_MODULE70@1@HPBU_GUID@@@Z 10004a55 f i RemoteOrderDisplay.obj
 0001:00003add       ?AtlComModuleUnregisterServer@ATL@@YGJPAU_ATL_COM_MODULE70@1@HPBU_GUID@@@Z 10004add f i RemoteOrderDisplay.obj
 0001:00003b65       ?AtlComQIPtrAssign2@ATL@@YAXPAPAUIUnknown@@PAU2@ABU_GUID@@@Z 10004b65 f i RemoteOrderDisplay.obj
 0001:00003b94       ?AtlCreateTargetDC@ATL@@YGPAUHDC__@@PAU2@PAUtagDVTARGETDEVICE@@@Z 10004b94 f i RemoteOrderDisplay.obj
 0001:00003bfd       ?AtlCrtErrorCheck@ATL@@YAHH@Z 10004bfd f i RemoteOrderDisplay.obj
 0001:00003c38       ?AtlHiMetricToPixel@ATL@@YGXPBUtagSIZE@@PAU2@@Z 10004c38 f i RemoteOrderDisplay.obj
 0001:00003cad       ?AtlHresultFromLastError@ATL@@YAJXZ 10004cad f i RemoteOrderDisplay.obj
 0001:00003cc4       ?AtlHresultFromWin32@ATL@@YAJK@Z 10004cc4 f i RemoteOrderDisplay.obj
 0001:00003cd9       ?AtlIPersistStreamInit_Load@ATL@@YGJPAUIStream@@PBUATL_PROPMAP_ENTRY@1@PAXPAUIUnknown@@@Z 10004cd9 f i RemoteOrderDisplay.obj
 0001:00003eb9       ?AtlIPersistStreamInit_Save@ATL@@YGJPAUIStream@@HPBUATL_PROPMAP_ENTRY@1@PAXPAUIUnknown@@@Z 10004eb9 f i RemoteOrderDisplay.obj
 0001:00004051       ?AtlInternalOleLoadFromStream@ATL@@YAJPAUIStream@@ABU_GUID@@PAPAXTClassesAllowedInStream@1@K@Z 10005051 f i RemoteOrderDisplay.obj
 0001:00004177       ?AtlInternalQueryInterface@ATL@@YGJPAXPBU_ATL_INTMAP_ENTRY@1@ABU_GUID@@PAPAX@Z 10005177 f i RemoteOrderDisplay.obj
 0001:0000421a       ?AtlLoadTypeLib@ATL@@YGJPAUHINSTANCE__@@PB_WPAPA_WPAPAUITypeLib@@@Z 1000521a f i RemoteOrderDisplay.obj
 0001:000043f8       ?AtlModuleAddTermFunc@ATL@@YGJPAU_ATL_MODULE70@1@P6GXK@ZK@Z 100053f8 f i RemoteOrderDisplay.obj
 0001:00004455       ?AtlRegisterClassCategoriesHelper@ATL@@YGJABU_GUID@@PBU_ATL_CATMAP_ENTRY@1@H@Z 10005455 f i RemoteOrderDisplay.obj
 0001:00004735       ?AtlRegisterTypeLib@ATL@@YGJPAUHINSTANCE__@@PB_W@Z 10005735 f i RemoteOrderDisplay.obj
 0001:000048bd       ?AtlThrowImpl@ATL@@YGXJ@Z  100058bd f i RemoteOrderDisplay.obj
 0001:000048db       ?AtlUnRegisterTypeLib@ATL@@YGJPAUHINSTANCE__@@PB_W@Z 100058db f i RemoteOrderDisplay.obj
 0001:00004986       ?AtlWinModuleAddCreateWndData@ATL@@YGXPAU_ATL_WIN_MODULE70@1@PAU_AtlCreateWndData@1@PAX@Z 10005986 f i RemoteOrderDisplay.obj
 0001:000049da       ?AtlWinModuleExtractCreateWndData@ATL@@YGPAXPAU_ATL_WIN_MODULE70@1@@Z 100059da f i RemoteOrderDisplay.obj
 0001:00004a3d       ?AtlWinModuleRegisterClassExW@ATL@@YGGPAU_ATL_WIN_MODULE70@1@PBUtagWNDCLASSEXW@@@Z 10005a3d f i RemoteOrderDisplay.obj
 0001:00004a7c       ?CanForceRemoveKey@CRegParser@ATL@@IAEHPB_W@Z 10005a7c f i RemoteOrderDisplay.obj
 0001:00004aab       ?ChToByte@CRegParser@ATL@@KAE_W@Z 10005aab f i RemoteOrderDisplay.obj
 0001:00004ade       ?Cleanup@CComTypeInfoHolder@ATL@@SGXK@Z 10005ade f i RemoteOrderDisplay.obj
 0001:00004b11       ?ClearReplacements@CExpansionVector@ATL@@QAEJXZ 10005b11 f i RemoteOrderDisplay.obj
 0001:00004b4e       ?Close@CRegKey@ATL@@QAEJXZ 10005b4e f i RemoteOrderDisplay.obj
 0001:00004b68       ?Create@?$CWindowImpl@VCOPOSRemoteOrderDisplay@@VCWindow@ATL@@V?$CWinTraits@$0FGAAAAAA@$0A@@3@@ATL@@QAEPAUHWND__@@PAU3@V_U_RECT@2@PB_WKKV_U_MENUorID@2@PAX@Z 10005b68 f i RemoteOrderDisplay.obj
 0001:00004bac       ?Create@?$CWindowImplBaseT@VCWindow@ATL@@V?$CWinTraits@$0FGAAAAAA@$0A@@2@@ATL@@QAEPAUHWND__@@PAU3@V_U_RECT@2@PB_WKKV_U_MENUorID@2@GPAX@Z 10005bac f i RemoteOrderDisplay.obj
 0001:00004c48       ?Create@CRegKey@ATL@@QAEJPAUHKEY__@@PB_WPA_WKKPAU_SECURITY_ATTRIBUTES@@PAK@Z 10005c48 f i RemoteOrderDisplay.obj
 0001:00004cab       ?CreateInstance@?$CComCreator@V?$CComAggObject@VCOPOSRemoteOrderDisplay@@@ATL@@@ATL@@SGJPAXABU_GUID@@PAPAX@Z 10005cab f i RemoteOrderDisplay.obj
 0001:00004d21       ?CreateInstance@?$CComCreator@V?$CComObject@VCOPOSRemoteOrderDisplay@@@ATL@@@ATL@@SGJPAXABU_GUID@@PAPAX@Z 10005d21 f i RemoteOrderDisplay.obj
 0001:00004da2       ?CreateInstance@?$CComObject@V?$CComEnum@UIEnumConnectionPoints@@$1?_GUID_b196b285_bab4_101a_b69c_00aa00341d07@@3U__s_GUID@@BPAUIConnectionPoint@@V?$_CopyInterface@UIConnectionPoint@@@ATL@@VCComSingleThreadModel@6@@ATL@@@ATL@@SGJPAPAV12@@Z 10005da2 f i RemoteOrderDisplay.obj
 0001:00004de9       ?CreateInstance@?$CComObject@V?$CComEnum@UIEnumConnections@@$1?_GUID_b196b287_bab4_101a_b69c_00aa00341d07@@3U__s_GUID@@BUtagCONNECTDATA@@V?$_Copy@UtagCONNECTDATA@@@ATL@@VCComSingleThreadModel@6@@ATL@@@ATL@@SGJPAPAV12@@Z 10005de9 f i RemoteOrderDisplay.obj
 0001:00004e30       ?DefaultReflectionHandler@?$CWindowImplRoot@VCWindow@ATL@@@ATL@@SAHPAUHWND__@@IIJAAJ@Z 10005e30 f i RemoteOrderDisplay.obj
 0001:00004ea3       ?DeleteSubKey@CRegKey@ATL@@QAEJPB_W@Z 10005ea3 f i RemoteOrderDisplay.obj
 0001:00004ec6       ?DoEvent@COPOSRemoteOrderDisplay@@IAEXIIJ@Z 10005ec6 f i RemoteOrderDisplay.obj
 0001:00004f46       ?DoVerbHide@?$IOleObjectImpl@VCOPOSRemoteOrderDisplay@@@ATL@@QAEJPBUtagRECT@@PAUHWND__@@@Z 10005f46 f i RemoteOrderDisplay.obj
 0001:00004f7c       ?DoVerbInPlaceActivate@?$IOleObjectImpl@VCOPOSRemoteOrderDisplay@@@ATL@@QAEJPBUtagRECT@@PAUHWND__@@@Z 10005f7c f i RemoteOrderDisplay.obj
 0001:00004faf       ?DoVerbPrimary@?$IOleObjectImpl@VCOPOSRemoteOrderDisplay@@@ATL@@QAEJPBUtagRECT@@PAUHWND__@@@Z 10005faf f i RemoteOrderDisplay.obj
 0001:0000503b       ?DoVerbProperties@CComControlBase@ATL@@QAEJPBUtagRECT@@PAUHWND__@@@Z 1000603b f i RemoteOrderDisplay.obj
 0001:00005162       ?DoVerbShow@?$IOleObjectImpl@VCOPOSRemoteOrderDisplay@@@ATL@@QAEJPBUtagRECT@@PAUHWND__@@@Z 10006162 f i RemoteOrderDisplay.obj
 0001:00005187       ?DoVerbUIActivate@?$IOleObjectImpl@VCOPOSRemoteOrderDisplay@@@ATL@@QAEJPBUtagRECT@@PAUHWND__@@@Z 10006187 f i RemoteOrderDisplay.obj
 0001:000051c4       ?DoesVerbActivate@CComControlBase@ATL@@QAEHJ@Z 100061c4 f i RemoteOrderDisplay.obj
 0001:000051e5       ?DoesVerbUIActivate@CComControlBase@ATL@@QAEHJ@Z 100061e5 f i RemoteOrderDisplay.obj
 0001:0000521a       ?EndOfVar@CRegParser@ATL@@IAEHXZ 1000621a f i RemoteOrderDisplay.obj
 0001:0000523a       ?EscapeSingleQuote@CAtlModule@ATL@@SAXPA_WIPB_W@Z 1000623a f i RemoteOrderDisplay.obj
 0001:00005289       ?FindKey@?$CSimpleMap@PA_WPA_WVCExpansionVectorEqualHelper@ATL@@@ATL@@QBEHABQA_W@Z 10006289 f i RemoteOrderDisplay.obj
 0001:000052c0       ?FireTheEvent@?$CProxy_IOPOSEvents@VCOPOSRemoteOrderDisplay@@@@IAEXPAVOposVariant@@IAAJPB_WJ@Z 100062c0 f i RemoteOrderDisplay.obj
 0001:00005352       ?FireViewChange@CComControlBase@ATL@@QAEJXZ 10006352 f i RemoteOrderDisplay.obj
 0001:0000539b       ?Fire_DataEvent@?$CProxy_IOPOSEvents@VCOPOSRemoteOrderDisplay@@@@QAEXJ@Z 1000639b f i RemoteOrderDisplay.obj
 0001:00005427       ?Fire_DirectIOEvent@?$CProxy_IOPOSEvents@VCOPOSRemoteOrderDisplay@@@@QAEXJPAJPAPA_W@Z 10006427 f i RemoteOrderDisplay.obj
 0001:0000550d       ?Fire_ErrorEvent@?$CProxy_IOPOSEvents@VCOPOSRemoteOrderDisplay@@@@QAEXJJJPAJ@Z 1000650d f i RemoteOrderDisplay.obj
 0001:000055f4       ?Fire_OutputCompleteEvent@?$CProxy_IOPOSEvents@VCOPOSRemoteOrderDisplay@@@@QAEXJ@Z 100065f4 f i RemoteOrderDisplay.obj
 0001:00005680       ?Fire_StatusUpdateEvent@?$CProxy_IOPOSEvents@VCOPOSRemoteOrderDisplay@@@@QAEXJ@Z 10006680 f i RemoteOrderDisplay.obj
 0001:0000570c       ?FreeHeap@?$CTempBuffer@_W$0EAA@VCCRTAllocator@ATL@@@ATL@@AAEXXZ 1000670c f i RemoteOrderDisplay.obj
 0001:0000570c       ?FreeHeap@?$CTempBuffer@_W$0BAA@VCCRTAllocator@ATL@@@ATL@@AAEXXZ 1000670c f i RemoteOrderDisplay.obj
 0001:0000570c       ?FreeHeap@?$CTempBuffer@E$0BAA@VCCRTAllocator@ATL@@@ATL@@AAEXXZ 1000670c f i RemoteOrderDisplay.obj
 0001:00005715       ?GetAmbientLocaleID@CComControlBase@ATL@@QAEJAAK@Z 10006715 f i RemoteOrderDisplay.obj
 0001:00005771       ?GetAmbientUserMode@CComControlBase@ATL@@QAEJAAH@Z 10006771 f i RemoteOrderDisplay.obj
 0001:000057e1       ?GetAt@CComDynamicUnkArray@ATL@@QAEPAUIUnknown@@H@Z 100067e1 f i RemoteOrderDisplay.obj
 0001:000057fd       ?GetClassObject@CComModule@ATL@@QAEJABU_GUID@@0PAPAX@Z 100067fd f i RemoteOrderDisplay.obj
 0001:0000589f       ?GetConnMap@COPOSRemoteOrderDisplay@@SAPBU_ATL_CONNMAP_ENTRY@ATL@@PAH@Z 1000689f f i RemoteOrderDisplay.obj
 0001:0000590f       ?GetCookie@CComDynamicUnkArray@ATL@@QAGKPAPAUIUnknown@@@Z 1000690f f i RemoteOrderDisplay.obj
 0001:00005947       ?GetIDsOfNames@CComTypeInfoHolder@ATL@@QAEJABU_GUID@@PAPA_WIKPAJ@Z 10006947 f i RemoteOrderDisplay.obj
 0001:00005a55       ?GetKeyAt@?$CSimpleMap@PA_WPA_WVCExpansionVectorEqualHelper@ATL@@@ATL@@QBEAAPA_WH@Z 10006a55 f i RemoteOrderDisplay.obj
 0001:00005a7a       ?GetPagesHelper@?$ISpecifyPropertyPagesImpl@VCOPOSRemoteOrderDisplay@@@ATL@@IAEJPAUtagCAUUID@@PBUATL_PROPMAP_ENTRY@2@@Z 10006a7a f i RemoteOrderDisplay.obj
 0001:00005ba1       ?GetProperty@?$CComPtr@UIDispatch@@@ATL@@SAJPAUIDispatch@@JPAUtagVARIANT@@@Z 10006ba1 f i RemoteOrderDisplay.obj
 0001:00005bf0       ?GetSizeMax@CComVariant@ATL@@QBEJPAT_ULARGE_INTEGER@@@Z 10006bf0 f i RemoteOrderDisplay.obj
 0001:00005daa       ?GetStreamSize@CComBSTR@ATL@@SAKPA_W@Z 10006daa f i RemoteOrderDisplay.obj
 0001:00005dc4       ?GetTI@CComTypeInfoHolder@ATL@@QAEJK@Z 10006dc4 f i RemoteOrderDisplay.obj
 0001:00005fad       ?GetTI@CComTypeInfoHolder@ATL@@QAEJKPAPAUITypeInfo@@@Z 10006fad f i RemoteOrderDisplay.obj
 0001:00005fef       ?GetUnknown@CComDynamicUnkArray@ATL@@QAGPAUIUnknown@@K@Z 10006fef f i RemoteOrderDisplay.obj
 0001:00006010       ?GetValueAt@?$CSimpleMap@PA_WPA_WVCExpansionVectorEqualHelper@ATL@@@ATL@@QBEAAPA_WH@Z 10007010 f i RemoteOrderDisplay.obj
 0001:00006036       ?GetZoomInfo@CComControlBase@ATL@@QAEXAAUATL_DRAWINFO@@@Z 10007036 f i RemoteOrderDisplay.obj
 0001:000060c9       ?HKeyFromString@CRegParser@ATL@@KAPAUHKEY__@@PA_W@Z 100070c9 f i RemoteOrderDisplay.obj
 0001:000060f7       ?HasSubKeys@CRegParser@ATL@@IAEHPAUHKEY__@@@Z 100070f7 f i RemoteOrderDisplay.obj
 0001:0000612c       ?IDataObject_GetData@CComControlBase@ATL@@QAEJPAUtagFORMATETC@@PAUtagSTGMEDIUM@@@Z 1000712c f i RemoteOrderDisplay.obj
 0001:000062d2       ?IOleInPlaceObject_InPlaceDeactivate@CComControlBase@ATL@@QAEJXZ 100072d2 f i RemoteOrderDisplay.obj
 0001:00006359       ?IOleInPlaceObject_SetObjectRects@CComControlBase@ATL@@QAEJPBUtagRECT@@0@Z 10007359 f i RemoteOrderDisplay.obj
 0001:00006426       ?IOleInPlaceObject_UIDeactivate@CComControlBase@ATL@@QAEJXZ 10007426 f i RemoteOrderDisplay.obj
 0001:000064e8       ?IOleObject_Advise@CComControlBase@ATL@@QAEJPAUIAdviseSink@@PAK@Z 100074e8 f i RemoteOrderDisplay.obj
 0001:00006512       ?IOleObject_Close@CComControlBase@ATL@@QAEJK@Z 10007512 f i RemoteOrderDisplay.obj
 0001:000065f6       ?IOleObject_GetClientSite@CComControlBase@ATL@@QAEJPAPAUIOleClientSite@@@Z 100075f6 f i RemoteOrderDisplay.obj
 0001:0000661f       ?IOleObject_SetClientSite@CComControlBase@ATL@@QAEJPAUIOleClientSite@@@Z 1000761f f i RemoteOrderDisplay.obj
 0001:0000665e       ?IOleObject_SetExtent@CComControlBase@ATL@@QAEJKPAUtagSIZE@@@Z 1000765e f i RemoteOrderDisplay.obj
 0001:00006712       ?IPSI_GetIPersistStreamInit@?$IPersistStorageImpl@VCOPOSRemoteOrderDisplay@@@ATL@@AAEPAUIPersistStreamInit@@XZ 10007712 f i RemoteOrderDisplay.obj
 0001:00006754       ?IPersistStreamInit_Load@?$IPersistStreamInitImpl@VCOPOSRemoteOrderDisplay@@@ATL@@QAEJPAUIStream@@PBUATL_PROPMAP_ENTRY@2@@Z 10007754 f i RemoteOrderDisplay.obj
 0001:00006780       ?IPersistStreamInit_Save@?$IPersistStreamInitImpl@VCOPOSRemoteOrderDisplay@@@ATL@@QAEJPAUIStream@@HPBUATL_PROPMAP_ENTRY@2@@Z 10007780 f i RemoteOrderDisplay.obj
 0001:000067b5       ?IQuickActivate_QuickActivate@CComControlBase@ATL@@QAEJPAUtagQACONTAINER@@PAUtagQACONTROL@@@Z 100077b5 f i RemoteOrderDisplay.obj
 0001:000069f7       ?IViewObject_Draw@CComControlBase@ATL@@QAEJKJPAXPAUtagDVTARGETDEVICE@@PAUHDC__@@2PBU_RECTL@@3@Z 100079f7 f i RemoteOrderDisplay.obj
 0001:00006a9f       ?InPlaceActivate@CComControlBase@ATL@@QAEJJPBUtagRECT@@@Z 10007a9f f i RemoteOrderDisplay.obj
 0001:00006d10       ?Init@?$CComEnumImpl@UIEnumConnectionPoints@@$1?_GUID_b196b285_bab4_101a_b69c_00aa00341d07@@3U__s_GUID@@BPAUIConnectionPoint@@V?$_CopyInterface@UIConnectionPoint@@@ATL@@@ATL@@QAEJPAPAUIConnectionPoint@@0PAUIUnknown@@W4CComEnumFlags@2@@Z 10007d10 f i RemoteOrderDisplay.obj
 0001:00006def       ?Init@?$CComEnumImpl@UIEnumConnections@@$1?_GUID_b196b287_bab4_101a_b69c_00aa00341d07@@3U__s_GUID@@BUtagCONNECTDATA@@V?$_Copy@UtagCONNECTDATA@@@ATL@@@ATL@@QAEJPAUtagCONNECTDATA@@0PAUIUnknown@@W4CComEnumFlags@2@@Z 10007def f i RemoteOrderDisplay.obj
 0001:00006ece       ?Init@CComModule@ATL@@QAEJPAU_ATL_OBJMAP_ENTRY30@2@PAUHINSTANCE__@@PBU_GUID@@@Z 10007ece f i RemoteOrderDisplay.obj
 0001:00006f2d       ?Init@CDynamicStdCallThunk2@ATL@@QAEHKPAX@Z 10007f2d f i RemoteOrderDisplay.obj
 0001:00006f58       ?InlineIsEqualUnknown@ATL@@YGHABU_GUID@@@Z 10007f58 f i RemoteOrderDisplay.obj
 0001:00006f80       ?InternalGetSite@CComControlBase@ATL@@QAEJABU_GUID@@PAPAX@Z 10007f80 f i RemoteOrderDisplay.obj
 0001:00006fae       ?InternalSetAtIndex@?$CSimpleMap@PA_WPA_WVCExpansionVectorEqualHelper@ATL@@@ATL@@QAEXHABQA_W0@Z 10007fae f i RemoteOrderDisplay.obj
 0001:00006fd8       ?Invoke@CComTypeInfoHolder@ATL@@QAEJPAUIDispatch@@JABU_GUID@@KGPAUtagDISPPARAMS@@PAUtagVARIANT@@PAUtagEXCEPINFO@@PAI@Z 10007fd8 f i RemoteOrderDisplay.obj
 0001:0000701b       ?IsEqualObject@?$CComPtrBase@UITypeInfo@@@ATL@@QAE_NPAUIUnknown@@@Z 1000801b f i RemoteOrderDisplay.obj
 0001:0000701b       ?IsEqualObject@?$CComPtrBase@UIOleClientSite@@@ATL@@QAE_NPAUIUnknown@@@Z 1000801b f i RemoteOrderDisplay.obj
 0001:00007088       ?IsSpace@CRegParser@ATL@@IAEH_W@Z 10008088 f i RemoteOrderDisplay.obj
 0001:000070b2       ?LoadNameCache@CComTypeInfoHolder@ATL@@QAEJPAUITypeInfo@@@Z 100080b2 f i RemoteOrderDisplay.obj
 0001:00007200       ?Lookup@?$CSimpleMap@PA_WPA_WVCExpansionVectorEqualHelper@ATL@@@ATL@@QBEPA_WABQA_W@Z 10008200 f i RemoteOrderDisplay.obj
 0001:00007226       ?NextToken@CRegParser@ATL@@IAEJPA_W@Z 10008226 f i RemoteOrderDisplay.obj
 0001:0000735e       ?OnKillFocus@CComControlBase@ATL@@QAEJIIJAAH@Z 1000835e f i RemoteOrderDisplay.obj
 0001:000073b9       ?OnMouseActivate@CComControlBase@ATL@@QAEJIIJAAH@Z 100083b9 f i RemoteOrderDisplay.obj
 0001:00007427       ?OnPaint@CComControlBase@ATL@@QAEJIIJAAH@Z 10008427 f i RemoteOrderDisplay.obj
 0001:000074d9       ?OnSetFocus@CComControlBase@ATL@@QAEJIIJAAH@Z 100084d9 f i RemoteOrderDisplay.obj
 0001:00007562       ?Open@CRegKey@ATL@@QAEJPAUHKEY__@@PB_WK@Z 10008562 f i RemoteOrderDisplay.obj
 0001:000075ab       ?PreProcessBuffer@CRegParser@ATL@@QAEJPA_WPAPA_W@Z 100085ab f i RemoteOrderDisplay.obj
 0001:00007815       ?ProcessWindowMessage@?$CComControl@VCOPOSRemoteOrderDisplay@@V?$CWindowImpl@VCOPOSRemoteOrderDisplay@@VCWindow@ATL@@V?$CWinTraits@$0FGAAAAAA@$0A@@3@@ATL@@@ATL@@UAEHPAUHWND__@@IIJAAJK@Z 10008815 f i RemoteOrderDisplay.obj
 0001:000078b4       ?PutProperty@?$CComPtr@UIDispatch@@@ATL@@SAJPAUIDispatch@@JPAUtagVARIANT@@@Z 100088b4 f i RemoteOrderDisplay.obj
 0001:00007946       ?ReadFromStream@CComBSTR@ATL@@QAEJPAUIStream@@@Z 10008946 f i RemoteOrderDisplay.obj
 0001:00007a74       ?ReadFromStream@CComVariant@ATL@@QAEJPAUIStream@@GTClassesAllowedInStream@2@K@Z 10008a74 f i RemoteOrderDisplay.obj
 0001:00007bfa       ?RecurseDeleteKey@CRegKey@ATL@@QAEJPB_W@Z 10008bfa f i RemoteOrderDisplay.obj
 0001:00007cbc       ?RegCreateKeyExW@CAtlTransactionManager@ATL@@QAEJPAUHKEY__@@PB_WKPA_WKKQAU_SECURITY_ATTRIBUTES@@PAPAU3@PAK@Z 10008cbc f i RemoteOrderDisplay.obj
 0001:00007d1f       ?RegDeleteKeyW@CAtlTransactionManager@ATL@@QAEJPAUHKEY__@@PB_W@Z 10008d1f f i RemoteOrderDisplay.obj
 0001:00007d71       ?RegOpenKeyExW@CAtlTransactionManager@ATL@@QAEJPAUHKEY__@@PB_WKKPAPAU3@@Z 10008d71 f i RemoteOrderDisplay.obj
 0001:00007dc8       ?Register@_ATL_WNDCLASSINFOW@ATL@@QAEGPAP6GJPAUHWND__@@IIJ@Z@Z 10008dc8 f i RemoteOrderDisplay.obj
 0001:00007de8       ?RegisterBuffer@CRegParser@ATL@@QAEJPA_WH@Z 10008de8 f i RemoteOrderDisplay.obj
 0001:00007f21       ?RegisterFromResource@CRegObject@ATL@@IAEJPB_W00H@Z 10008f21 f i RemoteOrderDisplay.obj
 0001:00008057       ?RegisterServer@?$CAtlModuleT@VCComModule@ATL@@@ATL@@QAEJHPBU_GUID@@@Z 10009057 f i RemoteOrderDisplay.obj
 0001:00008085       ?RegisterServer@CComModule@ATL@@QAEJHPBU_GUID@@@Z 10009085 f i RemoteOrderDisplay.obj
 0001:000080fb       ?RegisterSubkeys@CRegParser@ATL@@IAEJPA_WPAUHKEY__@@HH@Z 100090fb f i RemoteOrderDisplay.obj
 0001:000086ca       ?Remove@CComDynamicUnkArray@ATL@@QAEHK@Z 100096ca f i RemoteOrderDisplay.obj
 0001:000086f3       ?RemoveAll@?$CSimpleMap@PA_WPA_WVCExpansionVectorEqualHelper@ATL@@@ATL@@QAEXXZ 100096f3 f i RemoteOrderDisplay.obj
 0001:0000871f       ?ResourceRegisterSz@CRegObject@ATL@@QAGJPB_W00@Z 1000971f f i RemoteOrderDisplay.obj
 0001:0000874c       ?ResourceUnregisterSz@CRegObject@ATL@@QAGJPB_W00@Z 1000974c f i RemoteOrderDisplay.obj
 0001:00008779       ?SendOnDataChange@CComControlBase@ATL@@QAEJK@Z 10009779 f i RemoteOrderDisplay.obj
 0001:000087c6       ?SetControlFocus@CComControlBase@ATL@@QAEHH@Z 100097c6 f i RemoteOrderDisplay.obj
 0001:00008863       ?SetMultiStringValue@CRegKey@ATL@@QAEJPB_W0@Z 10009863 f i RemoteOrderDisplay.obj
 0001:000088bf       ?SetStringValue@CRegKey@ATL@@QAEJPB_W0K@Z 100098bf f i RemoteOrderDisplay.obj
 0001:00008908       ?SkipAssignment@CRegParser@ATL@@IAEJPA_W@Z 10009908 f i RemoteOrderDisplay.obj
 0001:0000896d       ?SkipWhiteSpace@CRegParser@ATL@@IAEXXZ 1000996d f i RemoteOrderDisplay.obj
 0001:0000898f       ?StrChrW@CRegParser@ATL@@KAPA_WPA_W_W@Z 1000998f f i RemoteOrderDisplay.obj
 0001:000089cc       ?Term@CAtlModule@ATL@@QAEXXZ 100099cc f i RemoteOrderDisplay.obj
 0001:00008a05       ?Term@CComModule@ATL@@QAEXXZ 10009a05 f i RemoteOrderDisplay.obj
 0001:00008a5d       ?UnregisterServer@?$CAtlModuleT@VCComModule@ATL@@@ATL@@QAEJHPBU_GUID@@@Z 10009a5d f i RemoteOrderDisplay.obj
 0001:00008a83       ?UnregisterServer@CComModule@ATL@@QAEJHPBU_GUID@@@Z 10009a83 f i RemoteOrderDisplay.obj
 0001:00008af9       ?UpdateRegistryFromResource@CAtlModule@ATL@@QAGJIHPAU_ATL_REGMAP_ENTRY@2@@Z 10009af9 f i RemoteOrderDisplay.obj
 0001:00008cc4       ?UpdateRegistryFromResource@CAtlModule@ATL@@QAGJPB_WHPAU_ATL_REGMAP_ENTRY@2@@Z 10009cc4 f i RemoteOrderDisplay.obj
 0001:00008e95       ?VTFromRegType@CRegParser@ATL@@KAHPB_WAAG@Z 10009e95 f i RemoteOrderDisplay.obj
 0001:00008f02       ?WindowProc@?$CWindowImplBaseT@VCWindow@ATL@@V?$CWinTraits@$0FGAAAAAA@$0A@@2@@ATL@@SGJPAUHWND__@@IIJ@Z 10009f02 f i RemoteOrderDisplay.obj
 0001:00008ff4       ?WriteToStream@CComBSTR@ATL@@QAEJPAUIStream@@@Z 10009ff4 f i RemoteOrderDisplay.obj
 0001:0000904b       ?WriteToStream@CComVariant@ATL@@QAEJPAUIStream@@@Z 1000a04b f i RemoteOrderDisplay.obj
 0001:000091c5       ?WriteToStream@CComVariant@ATL@@QAEJPAUIStream@@G@Z 1000a1c5 f i RemoteOrderDisplay.obj
 0001:0000922e       ?_AtlInitialConstruct@?$CComObjectRootEx@VCComMultiThreadModel@ATL@@@ATL@@QAEJXZ 1000a22e f i RemoteOrderDisplay.obj
 0001:00009243       ?_AtlVerifyStackAvailable@_ATL_SAFE_ALLOCA_IMPL@ATL@@YA_NK@Z 1000a243 f i RemoteOrderDisplay.obj
 0001:000092c1       ?copy@?$_Copy@UtagCONNECTDATA@@@ATL@@SAJPAUtagCONNECTDATA@@PBU3@@Z 1000a2c1 f i RemoteOrderDisplay.obj
 0001:000092f7       ?copy@?$_CopyInterface@UIConnectionPoint@@@ATL@@SAJPAPAUIConnectionPoint@@PBQAU3@@Z 1000a2f7 f i RemoteOrderDisplay.obj
 0001:00009325       ?memcpy_s@Checked@ATL@@YAXPAXIPBXI@Z 1000a325 f i RemoteOrderDisplay.obj
 0001:00009344       ?ocscpy_s@@YA_NPA_WIPB_W@Z 1000a344 f i RemoteOrderDisplay.obj
 0001:00009373       ?ocslen@@YAHPB_W@Z         1000a373 f i RemoteOrderDisplay.obj
 0001:00009393       ?wcscpy_s@Checked@ATL@@YAXPA_WIPB_W@Z 1000a393 f i RemoteOrderDisplay.obj
 0001:000093af       _DllCanUnloadNow@0         1000a3af f   RemoteOrderDisplay.obj
 0001:000093bb       _DllGetClassObject@12      1000a3bb f   RemoteOrderDisplay.obj
 0001:000093c9       _DllMain@12                1000a3c9 f   RemoteOrderDisplay.obj
 0001:0000940b       _DllRegisterServer@0       1000a40b f   RemoteOrderDisplay.obj
 0001:0000941a       _DllUnregisterServer@0     1000a41a f   RemoteOrderDisplay.obj
 0001:00009429       _InlineIsEqualGUID         1000a429 f i RemoteOrderDisplay.obj
 0001:00009459       ___local_stdio_printf_options 1000a459 f i RemoteOrderDisplay.obj
 0001:0000945f       __vswprintf_s_l            1000a45f f i RemoteOrderDisplay.obj
 0001:0000950c       _swprintf_s                1000a50c f i RemoteOrderDisplay.obj
 0001:00009528       ??0?$CComControl@VCOPOSRemoteOrderDisplay@@V?$CWindowImpl@VCOPOSRemoteOrderDisplay@@VCWindow@ATL@@V?$CWinTraits@$0FGAAAAAA@$0A@@3@@ATL@@@ATL@@QAE@XZ 1000a528 f i RemoteOrderDisplayImpl.obj
 0001:0000954f       ??0?$CProxy_IOPOSEvents@VCOPOSRemoteOrderDisplay@@@@QAE@XZ 1000a54f f i RemoteOrderDisplayImpl.obj
 0001:00009572       ??0CComControlBase@ATL@@QAE@AAPAUHWND__@@@Z 1000a572 f i RemoteOrderDisplayImpl.obj
 0001:000095bc       ??0COPOSRemoteOrderDisplay@@QAE@XZ 1000a5bc f   RemoteOrderDisplayImpl.obj
 0001:000095f2       ??1?$CComControl@VCOPOSRemoteOrderDisplay@@V?$CWindowImpl@VCOPOSRemoteOrderDisplay@@VCWindow@ATL@@V?$CWinTraits@$0FGAAAAAA@$0A@@3@@ATL@@@ATL@@UAE@XZ 1000a5f2 f i RemoteOrderDisplayImpl.obj
 0001:0000960b       ??1?$IConnectionPointImpl@VCOPOSRemoteOrderDisplay@@$1?DIID__IOPOSRemoteOrderDisplayEvents@@3U_GUID@@BVCComDynamicUnkArray@ATL@@@ATL@@QAE@XZ 1000a60b f i RemoteOrderDisplayImpl.obj
 0001:0000960b       ??1?$IConnectionPointImpl@VCOPOSRemoteOrderDisplay@@$1?IID_IPropertyNotifySink@@3U_GUID@@BVCComDynamicUnkArray@ATL@@@ATL@@QAE@XZ 1000a60b f i RemoteOrderDisplayImpl.obj
 0001:00009648       ??1CComControlBase@ATL@@UAE@XZ 1000a648 f i RemoteOrderDisplayImpl.obj
 0001:000096ab       ??1COPOSRemoteOrderDisplay@@UAE@XZ 1000a6ab f   RemoteOrderDisplayImpl.obj
 0001:000096f3       ??1OposVariantResult@@QAE@XZ 1000a6f3 f i RemoteOrderDisplayImpl.obj
 0001:00009714       ??1_CW@@QAE@XZ             1000a714 f i RemoteOrderDisplayImpl.obj
 0001:0000972d       ?CheckHealth@COPOSRemoteOrderDisplay@@UAGJJPAJ@Z 1000a72d f   RemoteOrderDisplayImpl.obj
 0001:0000977c       ?ClaimDevice@COPOSRemoteOrderDisplay@@UAGJJPAJ@Z 1000a77c f   RemoteOrderDisplayImpl.obj
 0001:000097f1       ?ClearInput@COPOSRemoteOrderDisplay@@UAGJPAJ@Z 1000a7f1 f   RemoteOrderDisplayImpl.obj
 0001:0000980c       ?ClearOutput@COPOSRemoteOrderDisplay@@UAGJPAJ@Z 1000a80c f   RemoteOrderDisplayImpl.obj
 0001:00009827       ?ClearVideo@COPOSRemoteOrderDisplay@@UAGJJJPAJ@Z 1000a827 f   RemoteOrderDisplayImpl.obj
 0001:0000989b       ?ClearVideoRegion@COPOSRemoteOrderDisplay@@UAGJJJJJJJPAJ@Z 1000a89b f   RemoteOrderDisplayImpl.obj
 0001:0000995e       ?Close@COPOSRemoteOrderDisplay@@UAGJPAJ@Z 1000a95e f   RemoteOrderDisplayImpl.obj
 0001:000099cc       ?CompareFirmwareVersion@COPOSRemoteOrderDisplay@@UAGJPA_WPAJ1@Z 1000a9cc f   RemoteOrderDisplayImpl.obj
 0001:00009a4c       ?ControlClock@COPOSRemoteOrderDisplay@@UAGJJJJJJJJJJJPAJ@Z 1000aa4c f   RemoteOrderDisplayImpl.obj
 0001:00009b47       ?ControlCursor@COPOSRemoteOrderDisplay@@UAGJJJPAJ@Z 1000ab47 f   RemoteOrderDisplayImpl.obj
 0001:00009bbb       ?CopyVideoRegion@COPOSRemoteOrderDisplay@@UAGJJJJJJJJPAJ@Z 1000abbb f   RemoteOrderDisplayImpl.obj
 0001:00009c8c       ?DirectIO@COPOSRemoteOrderDisplay@@UAGJJPAJPAPA_W0@Z 1000ac8c f   RemoteOrderDisplayImpl.obj
 0001:00009d3a       ?DisplayData@COPOSRemoteOrderDisplay@@UAGJJJJJPA_WPAJ@Z 1000ad3a f   RemoteOrderDisplayImpl.obj
 0001:00009dfd       ?DoInvoke@COPOSRemoteOrderDisplay@@IAEJJPAVOposVariant@@IHPAJ_N@Z 1000adfd f   RemoteOrderDisplayImpl.obj
 0001:00009ebf       ?DrawBox@COPOSRemoteOrderDisplay@@UAGJJJJJJJJPAJ@Z 1000aebf f   RemoteOrderDisplayImpl.obj
 0001:00009f90       ?EventClose@COPOSRemoteOrderDisplay@@IAEXXZ 1000af90 f i RemoteOrderDisplayImpl.obj
 0001:00009fc3       ?EventInit@COPOSRemoteOrderDisplay@@IAEJXZ 1000afc3 f i RemoteOrderDisplayImpl.obj
 0001:0000a08f       ?EventUninit@COPOSRemoteOrderDisplay@@IAEXXZ 1000b08f f i RemoteOrderDisplayImpl.obj
 0001:0000a0e1       ?EventWindowProc@COPOSRemoteOrderDisplay@@IAGJIIJ@Z 1000b0e1 f i RemoteOrderDisplayImpl.obj
 0001:0000a1df       ?FinalConstruct@COPOSRemoteOrderDisplay@@QAEJXZ 1000b1df f   RemoteOrderDisplayImpl.obj
 0001:0000a218       ?FireEventCleanup@COPOSRemoteOrderDisplay@@IAEXXZ 1000b218 f i RemoteOrderDisplayImpl.obj
 0001:0000a22e       ?FireEventSetup@COPOSRemoteOrderDisplay@@IAE_NXZ 1000b22e f i RemoteOrderDisplayImpl.obj
 0001:0000a262       ?FreeVideoRegion@COPOSRemoteOrderDisplay@@UAGJJJPAJ@Z 1000b262 f   RemoteOrderDisplayImpl.obj
 0001:0000a2d6       ?FreezeEvents@COPOSRemoteOrderDisplay@@MAGJH@Z 1000b2d6 f   RemoteOrderDisplayImpl.obj
 0001:0000a336       ?GetOposProp@COPOSRemoteOrderDisplay@@IAEJJPAFJ@Z 1000b336 f   RemoteOrderDisplayImpl.obj
 0001:0000a359       ?GetOposProp@COPOSRemoteOrderDisplay@@IAEJJPAJJ@Z 1000b359 f   RemoteOrderDisplayImpl.obj
 0001:0000a417       ?GetOposProp@COPOSRemoteOrderDisplay@@IAEJJPAPA_WJ@Z 1000b417 f   RemoteOrderDisplayImpl.obj
 0001:0000a4e2       ?OnDraw@COPOSRemoteOrderDisplay@@MAEJAAUATL_DRAWINFO@@@Z 1000b4e2 f   RemoteOrderDisplayImpl.obj
 0001:0000a582       ?Open@COPOSRemoteOrderDisplay@@UAGJPA_WPAJ@Z 1000b582 f   RemoteOrderDisplayImpl.obj
 0001:0000ad1f       ?ReleaseDevice@COPOSRemoteOrderDisplay@@UAGJPAJ@Z 1000bd1f f   RemoteOrderDisplayImpl.obj
 0001:0000ad6e       ?ResetStatistics@COPOSRemoteOrderDisplay@@UAGJPA_WPAJ@Z 1000bd6e f   RemoteOrderDisplayImpl.obj
 0001:0000adc5       ?ResetVideo@COPOSRemoteOrderDisplay@@UAGJJPAJ@Z 1000bdc5 f   RemoteOrderDisplayImpl.obj
 0001:0000ae14       ?RestoreVideoRegion@COPOSRemoteOrderDisplay@@UAGJJJJJPAJ@Z 1000be14 f   RemoteOrderDisplayImpl.obj
 0001:0000aeb5       ?RetrieveStatistics@COPOSRemoteOrderDisplay@@UAGJPAPA_WPAJ@Z 1000beb5 f   RemoteOrderDisplayImpl.obj
 0001:0000af0c       ?SOProcessID@COPOSRemoteOrderDisplay@@UAGJPAJ@Z 1000bf0c f   RemoteOrderDisplayImpl.obj
 0001:0000af20       ?SaveVideoRegion@COPOSRemoteOrderDisplay@@UAGJJJJJJJPAJ@Z 1000bf20 f   RemoteOrderDisplayImpl.obj
[...]
 0002:00002dac       ?candidate_modules@?1??try_get_AppPolicyGetProcessTerminationMethod@@YAP6GJPAXPAW4AppPolicyProcessTerminationMethod@@@ZXZ@4QBW4module_id@?A0x391cf84c@@B 10021dac     libucrt:winapi_thunks.obj
 0002:00002dd8       ?candidate_modules@?1??try_get_SetThreadStackGuarantee@@YAP6GHPAK@ZXZ@4QBW4module_id@?A0x391cf84c@@B 10021dd8     libucrt:winapi_thunks.obj
 0002:00003304       ?_mb_locale_names@@3QBQB_WB 10022304     libucrt:mbctype.obj
 0002:00003b50       ?LcidToLocaleNameTable@?A0x881e4c05@@3QBULcidToLocaleName@1@B 10022b50     libucrt:lcidtoname_downlevel.obj
 0002:00004c78       ?LocaleNameToIndexTable@?A0x881e4c05@@3QBULocaleNameIndex@1@B 10023c78     libucrt:lcidtoname_downlevel.obj
 0002:000065b0       LOG_name                   100255b0     libucrt:log10.obj
 0002:000065c0       _One                       100255c0     libucrt:ceil_pentium4.obj
 0002:000065d0       _Bns                       100255d0     libucrt:ceil_pentium4.obj
 0002:000065e0       _Zero                      100255e0     libucrt:ceil_pentium4.obj
 0002:000065f0       _S                         100255f0     libucrt:ceil_pentium4.obj
 0002:00006600       _NegZero                   10025600     libucrt:ceil_pentium4.obj
 0002:00006610       emask                      10025610     libucrt:log10_pentium4.obj
 0002:00006620       CC                         10025620     libucrt:log10_pentium4.obj
 0002:00006630       Magic                      10025630     libucrt:log10_pentium4.obj
 0002:00006640       hi_mask                    10025640     libucrt:log10_pentium4.obj
 0002:00006650       LOG10_2                    10025650     libucrt:log10_pentium4.obj
 0002:00006660       place_L                    10025660     libucrt:log10_pentium4.obj
 0002:00006680       One                        10025680     libucrt:log10_pentium4.obj
 0002:00006690       Zero                       10025690     libucrt:log10_pentium4.obj
 0002:000066a0       Two52                      100256a0     libucrt:log10_pentium4.obj
 0002:000066b0       Infs                       100256b0     libucrt:log10_pentium4.obj
 0002:000066c0       NaN                        100256c0     libucrt:log10_pentium4.obj
 0002:000066d0       coeff                      100256d0     libucrt:log10_pentium4.obj
 0002:0000672e       _log2max                   1002572e     libucrt:87tran.obj
 0002:00006738       _smallarg                  10025738     libucrt:87tran.obj
 0002:00006742       _half                      10025742     libucrt:87tran.obj
 0002:0000678e       One                        1002578e     libucrt:87disp.obj
 0002:00006796       Three                      10025796     libucrt:87disp.obj
 0002:0000679e       XAMtoTagTab                1002579e     libucrt:87disp.obj
 0002:000067b0       One                        100257b0     libucrt:common.obj
 0002:000067c4       DblMax                     100257c4     libucrt:common.obj
 0002:000067cc       DblMin                     100257cc     libucrt:common.obj
 0002:000067d4       IeeeAdjO                   100257d4     libucrt:common.obj
 0002:000067dc       IeeeAdjU                   100257dc     libucrt:common.obj
 0002:000067e4       _infinity                  100257e4     libucrt:common.obj
 0002:000067ec       _zero                      100257ec     libucrt:common.obj
 0002:00006828       _over                      10025828     libucrt:fpctrl.obj
 0002:00006834       _under                     10025834     libucrt:fpctrl.obj
 0002:00007068       ?_names@?1??_get_fname@@9@9 10026068     libucrt:fpexcept.obj
 0002:000078d8       __sehtable$?_AtlVerifyStackAvailable@_ATL_SAFE_ALLOCA_IMPL@ATL@@YA_NK@Z 100268d8     RemoteOrderDisplay.obj
 0002:000078f8       __sehtable$___scrt_is_nonwritable_in_current_image 100268f8     LIBCMT:utility.obj
 0002:00007914       __ehfuncinfo$?__scrt_initialize_thread_safe_statics_platform_specific@@YAXXZ 10026914     LIBCMT:thread_safe_statics.obj
 0002:00007938       __catchsym$??2@YAPAXIABUnothrow_t@std@@@Z$2 10026938     LIBCMT:new_scalar_nothrow.obj
 0002:00007948       __unwindtable$??2@YAPAXIABUnothrow_t@std@@@Z 10026948     LIBCMT:new_scalar_nothrow.obj
 0002:00007958       __tryblocktable$??2@YAPAXIABUnothrow_t@std@@@Z 10026958     LIBCMT:new_scalar_nothrow.obj
 0002:0000796c       __ehfuncinfo$??2@YAPAXIABUnothrow_t@std@@@Z 1002696c     LIBCMT:new_scalar_nothrow.obj
 0002:00007990       __sehtable$?dllmain_crt_process_attach@@YAHQAUHINSTANCE__@@QAX@Z 10026990     LIBCMT:dll_dllmain.obj
 0002:000079b0       __sehtable$?dllmain_crt_process_detach@@YAH_N@Z 100269b0     LIBCMT:dll_dllmain.obj
 0002:000079d0       __sehtable$?dllmain_dispatch@@YAHQAUHINSTANCE__@@KQAX@Z 100269d0     LIBCMT:dll_dllmain.obj
 0002:00007a80       __sehtable$?FrameUnwindToState@__FrameHandler3@@SAXPAUEHRegistrationNode@@PAXPBU_s_FuncInfo@@H@Z 10026a80     libvcruntime:frame.obj
 0002:00007aa8       __sehtable$?CallCatchBlock@@YAPAXPAUEHExceptionRecord@@PAUEHRegistrationNode@@PAU_CONTEXT@@PBU_s_FuncInfo@@PAXHK@Z 10026aa8     libvcruntime:frame.obj
 0002:00007ad0       __catchsym$?CallUnexpected@@YAXPBU_s_ESTypeList@@@Z$2 10026ad0     libvcruntime:frame.obj
 0002:00007ae0       __unwindtable$?CallUnexpected@@YAXPBU_s_ESTypeList@@@Z 10026ae0     libvcruntime:frame.obj
 0002:00007af0       __tryblocktable$?CallUnexpected@@YAXPBU_s_ESTypeList@@@Z 10026af0     libvcruntime:frame.obj
 0002:00007b04       __ehfuncinfo$?CallUnexpected@@YAXPBU_s_ESTypeList@@@Z 10026b04     libvcruntime:frame.obj
 0002:00007b28       __sehtable$??$BuildCatchObjectHelperInternal@$$CBU_s_HandlerType@@@@YAHPAUEHExceptionRecord@@PAXPBU_s_HandlerType@@PBU_s_CatchableType@@@Z 10026b28     libvcruntime:frame.obj
 0002:00007b48       __sehtable$??$BuildCatchObjectInternal@$$CBU_s_HandlerType@@@@YAXPAUEHExceptionRecord@@PAXPBU_s_HandlerType@@PBU_s_CatchableType@@@Z 10026b48     libvcruntime:frame.obj
 0002:00007ba0       __sehtable$___DestructExceptionObject 10026ba0     libvcruntime:ehhelpers.obj
 0002:00007bc0       __sehtable$??R<lambda_6e4b09c48022b2350581041d5f6b0c4c>@@QBE@XZ 10026bc0     libucrt:exit.obj
 0002:00007be0       __sehtable$??$?RV<lambda_03b1d95aef87969028cfba75ccab2455>@@AAV<lambda_6e4b09c48022b2350581041d5f6b0c4c>@@V<lambda_22bdf7517842c4b3e53723af5aa32b9e>@@@?$__crt_seh_guarded_call@X@@QAEX$$QAV<lambda_03b1d95aef87969028cfba75ccab2455>@@AAV<lambda_6e4b09c48022b2350581041d5f6b0c4c>@@$$QAV<lambda_22bdf7517842c4b3e53723af5aa32b9e>@@@Z 10026be0     libucrt:exit.obj
 0002:00007c00       __sehtable$??$?RV<lambda_8e746cf0007f6ed984d6f78af1fec997>@@AAV<lambda_22ebabd17bc4fa466a2aca6d8deb888d>@@V<lambda_18ed0c0b38a6dc0daf1e7ac6d6adf05e>@@@?$__crt_seh_guarded_call@H@@QAEH$$QAV<lambda_8e746cf0007f6ed984d6f78af1fec997>@@AAV<lambda_22ebabd17bc4fa466a2aca6d8deb888d>@@$$QAV<lambda_18ed0c0b38a6dc0daf1e7ac6d6adf05e>@@@Z 10026c00     libucrt:onexit.obj
 0002:00007c20       __sehtable$??$?RV<lambda_69a2805e680e0e292e8ba93315fe43a8>@@AAV<lambda_f03950bc5685219e0bcd2087efbe011e>@@V<lambda_03fcd07e894ec930e3f35da366ca99d6>@@@?$__crt_seh_guarded_call@H@@QAEH$$QAV<lambda_69a2805e680e0e292e8ba93315fe43a8>@@AAV<lambda_f03950bc5685219e0bcd2087efbe011e>@@$$QAV<lambda_03fcd07e894ec930e3f35da366ca99d6>@@@Z 10026c20     libucrt:onexit.obj
 0002:00007c40       __sehtable$__query_new_handler 10026c40     libucrt:new_handler.obj
 0002:00007c60       __sehtable$_terminate      10026c60     libucrt:terminate.obj
 0002:00007c80       __sehtable$??$?RV<lambda_15ade71b0218206bbe3333a0c9b79046>@@AAV<lambda_da44e0f8b0f19ba52fefafb335991732>@@V<lambda_207f2d024fc103971653565357d6cd41>@@@?$__crt_seh_guarded_call@X@@QAEX$$QAV<lambda_15ade71b0218206bbe3333a0c9b79046>@@AAV<lambda_da44e0f8b0f19ba52fefafb335991732>@@$$QAV<lambda_207f2d024fc103971653565357d6cd41>@@@Z 10026c80     libucrt:per_thread_data.obj
 0002:00007ca0       __sehtable$??$?RV<lambda_a7e850c220f1c8d1e6efeecdedd162c6>@@AAV<lambda_46720907175c18b6c9d2717bc0d2d362>@@V<lambda_9048902d66e8d99359bc9897bbb930a8>@@@?$__crt_seh_guarded_call@X@@QAEX$$QAV<lambda_a7e850c220f1c8d1e6efeecdedd162c6>@@AAV<lambda_46720907175c18b6c9d2717bc0d2d362>@@$$QAV<lambda_9048902d66e8d99359bc9897bbb930a8>@@@Z 10026ca0     libucrt:per_thread_data.obj
 0002:00007cc0       __sehtable$??$?RV<lambda_38edbb1296d33220d7e4dd0ed76b244a>@@AAV<lambda_5ce1d447e08cb34b2473517608e21441>@@V<lambda_fb385d3da700c9147fc39e65dd577a8c>@@@?$__crt_seh_guarded_call@X@@QAEX$$QAV<lambda_38edbb1296d33220d7e4dd0ed76b244a>@@AAV<lambda_5ce1d447e08cb34b2473517608e21441>@@$$QAV<lambda_fb385d3da700c9147fc39e65dd577a8c>@@@Z 10026cc0     libucrt:per_thread_data.obj
 0002:00007ce0       __sehtable$??$?RV<lambda_6affb1475c98b40b75cdec977db92e3c>@@AAV<lambda_b8d4b9c228a6ecc3f80208dbb4b4a104>@@V<lambda_608742c3c92a14382c1684fc64f96c88>@@@?$__crt_seh_guarded_call@X@@QAEX$$QAV<lambda_6affb1475c98b40b75cdec977db92e3c>@@AAV<lambda_b8d4b9c228a6ecc3f80208dbb4b4a104>@@$$QAV<lambda_608742c3c92a14382c1684fc64f96c88>@@@Z 10026ce0     libucrt:per_thread_data.obj
 0002:00007d00       __sehtable$??$?RV<lambda_e5124f882df8998aaf41531e079ba474>@@AAV<lambda_3e16ef9562a7dcce91392c22ab16ea36>@@V<lambda_e25ca0880e6ef98be67edffd8c599615>@@@?$__crt_seh_guarded_call@X@@QAEX$$QAV<lambda_e5124f882df8998aaf41531e079ba474>@@AAV<lambda_3e16ef9562a7dcce91392c22ab16ea36>@@$$QAV<lambda_e25ca0880e6ef98be67edffd8c599615>@@@Z 10026d00     libucrt:wsetlocale.obj
 0002:00007d20       __sehtable$___acrt_initialize_lowio 10026d20     libucrt:ioinit.obj
 0002:00007d40       __sehtable$?update_thread_multibyte_data_internal@@YAPAU__crt_multibyte_data@@QAU__acrt_ptd@@QAU1@@Z 10026d40     libucrt:mbctype.obj
 0002:00007d60       __sehtable$??$?RV<lambda_ceb1ee4838e85a9d631eb091e2fbe199>@@AAV<lambda_ae742caa10f662c28703da3d2ea5e57e>@@V<lambda_cd08b5d6af4937fe54fc07d0c9bf6b37>@@@?$__crt_seh_guarded_call@X@@QAEX$$QAV<lambda_ceb1ee4838e85a9d631eb091e2fbe199>@@AAV<lambda_ae742caa10f662c28703da3d2ea5e57e>@@$$QAV<lambda_cd08b5d6af4937fe54fc07d0c9bf6b37>@@@Z 10026d60     libucrt:mbctype.obj
 0002:00007d80       __sehtable$_raise          10026d80     libucrt:signal.obj
 0002:00007da0       __sehtable$??$?RV<lambda_cbab9ec6f41b0180b23cc171c22676b0>@@AAV<lambda_44731a7d0e6d81c3e6aa82d741081786>@@V<lambda_4b292cb8dd18144e164572427af410ab>@@@?$__crt_seh_guarded_call@P6AXH@Z@@QAEP6AXH@Z$$QAV<lambda_cbab9ec6f41b0180b23cc171c22676b0>@@AAV<lambda_44731a7d0e6d81c3e6aa82d741081786>@@$$QAV<lambda_4b292cb8dd18144e164572427af410ab>@@@Z 10026da0     libucrt:signal.obj
 0002:00007dc0       __sehtable$___acrt_update_thread_locale_data 10026dc0     libucrt:locale_refcounting.obj
 0002:00007de0       __sehtable$__fcloseall     10026de0     libucrt:closeall.obj
 0002:00007e00       __sehtable$??$?RV<lambda_2866be3712abc81a800a822484c830d8>@@AAV<lambda_39ca0ed439415581b5b15c265174cece>@@V<lambda_2b24c74d71094a6cd0cb82e44167d71b>@@@?$__crt_seh_guarded_call@X@@QAEX$$QAV<lambda_2866be3712abc81a800a822484c830d8>@@AAV<lambda_39ca0ed439415581b5b15c265174cece>@@$$QAV<lambda_2b24c74d71094a6cd0cb82e44167d71b>@@@Z 10026e00     libucrt:fflush.obj
 0002:00007e20       __sehtable$??$?RV<lambda_2cc53f568c5a2bb6f192f930a45d44ea>@@AAV<lambda_ab61a845afdef5b7c387490eaf3616ee>@@V<lambda_c2ffc0b7726aa6be21d5f0026187e748>@@@?$__crt_seh_guarded_call@X@@QAEX$$QAV<lambda_2cc53f568c5a2bb6f192f930a45d44ea>@@AAV<lambda_ab61a845afdef5b7c387490eaf3616ee>@@$$QAV<lambda_c2ffc0b7726aa6be21d5f0026187e748>@@@Z 10026e20     libucrt:fflush.obj
 0002:00007e40       __sehtable$___acrt_lowio_ensure_fh_exists 10026e40     libucrt:osfinfo.obj
 0002:00007e60       __sehtable$__write         10026e60     libucrt:write.obj
 0002:00007e80       __sehtable$_fclose         10026e80     libucrt:fclose.obj
 0002:00007ea0       __sehtable$??$?RV<lambda_9e9de3de5fa147e2223d7db92bc10aa6>@@AAV<lambda_38ce7e780aa69e748d6df282ebc68efe>@@V<lambda_8ca6da459f0f6780f1cff60fdc3d00e5>@@@?$__crt_seh_guarded_call@H@@QAEH$$QAV<lambda_9e9de3de5fa147e2223d7db92bc10aa6>@@AAV<lambda_38ce7e780aa69e748d6df282ebc68efe>@@$$QAV<lambda_8ca6da459f0f6780f1cff60fdc3d00e5>@@@Z 10026ea0     libucrt:commit.obj
 0002:00007ec0       __sehtable$??$?RV<lambda_218ce3db14220d0be481dae8ef3383b6>@@AAV<lambda_628dfdc04ba53c8bfc02c9951375f3f5>@@V<lambda_57dc472bd5c9d5f3b2cbca59b8a843ae>@@@?$__crt_seh_guarded_call@H@@QAEH$$QAV<lambda_218ce3db14220d0be481dae8ef3383b6>@@AAV<lambda_628dfdc04ba53c8bfc02c9951375f3f5>@@$$QAV<lambda_57dc472bd5c9d5f3b2cbca59b8a843ae>@@@Z 10026ec0     libucrt:close.obj
 0002:00007ee0       __sehtable$__IsNonwritableInCurrentImage 10026ee0     LIBCMT:pesect.obj
 0002:00007f10       .edata                     10026f10     OPOSRemoteOrderDisplay.exp
 0002:00007f38       rgpv                       10026f38     OPOSRemoteOrderDisplay.exp
 0002:00007f48       rgszName                   10026f48     OPOSRemoteOrderDisplay.exp
 0002:00007f58       rgwOrd                     10026f58     OPOSRemoteOrderDisplay.exp
 0002:00007f60       szName                     10026f60     OPOSRemoteOrderDisplay.exp
 0002:00007f7b       $N00001                    10026f7b     OPOSRemoteOrderDisplay.exp
 0002:00007f8b       $N00002                    10026f8b     OPOSRemoteOrderDisplay.exp
 0002:00007f9d       $N00003                    10026f9d     OPOSRemoteOrderDisplay.exp
 0002:00007faf       $N00004                    10026faf     OPOSRemoteOrderDisplay.exp
 0002:000085c8       .idata$6                   100275c8     kernel32:KERNEL32.dll
 0002:000087dc       .idata$6                   100277dc     user32:USER32.dll
 0002:00008910       .idata$6                   10027910     gdi32:GDI32.dll
 0002:000089b6       .idata$6                   100279b6     advapi32:ADVAPI32.dll
 0002:00008ad2       .idata$6                   10027ad2     ole32:ole32.dll
 0002:00008adc       .idata$6                   10027adc     oleaut32:OLEAUT32.dll
 0003:00000110       ?ObjectMap@@3PAU_ATL_OBJMAP_ENTRY30@ATL@@A 10028110     RemoteOrderDisplay.obj
 0003:000001d0       ?s_SOMethodNames@@3PAPADA  100281d0     RemoteOrderDisplayImpl.obj
 0003:0000025c       ?s_RequiredMethodsPerRelease@@3PAHA 1002825c     RemoteOrderDisplayImpl.obj
 0003:00000290       ?__vcrt_flsindex@@3KA      10028290     libvcruntime:per_thread_data.obj
 0003:000002b0       ?errno_no_memory@@3HA      100282b0     libucrt:errno.obj
 0003:000002b4       ?doserrno_no_memory@@3KA   100282b4     libucrt:errno.obj
 0003:000002c0       ?__acrt_flsindex@@3KA      100282c0     libucrt:per_thread_data.obj
 0003:00000438       __mbctypes                 10028438     libucrt:mbctype.obj
 0003:00000540       __mbcasemaps               10028540     libucrt:mbctype.obj
 0003:00000640       ?__rgctypeflag@@3PADA      10028640     libucrt:mbctype.obj
 0003:00000648       ?__rgcode_page_info@@3PAUcode_page_info@@A 10028648     libucrt:mbctype.obj
 0003:00000b50       ?is_initialized_as_dll@@3_NA 10028b50     LIBCMT:utility.obj
 0003:00000b51       ?module_local_atexit_table_initialized@@3_NA 10028b51     LIBCMT:utility.obj
 0003:00000b54       ?module_local_atexit_table@@3U_onexit_table_t@@A 10028b54     LIBCMT:utility.obj
 0003:00000b60       ?module_local_at_quick_exit_table@@3U_onexit_table_t@@A 10028b60     LIBCMT:utility.obj
 0003:00000b6c       ?_Tss_mutex@@3U_RTL_CRITICAL_SECTION@@A 10028b6c     LIBCMT:thread_safe_statics.obj
 0003:00000b84       ?_Tss_cv@@3U_RTL_CONDITION_VARIABLE@@A 10028b84     LIBCMT:thread_safe_statics.obj
 0003:00000b88       ?_Tss_event@@3PAXA         10028b88     LIBCMT:thread_safe_statics.obj
 0003:00000b8c       ?encoded_sleep_condition_variable_cs@@3P6GHPAU_RTL_CONDITION_VARIABLE@@PAU_RTL_CRITICAL_SECTION@@K@ZA 10028b8c     LIBCMT:thread_safe_statics.obj
 0003:00000b90       ?encoded_wake_all_condition_variable@@3P6GXPAU_RTL_CONDITION_VARIABLE@@@ZA 10028b90     LIBCMT:thread_safe_statics.obj
 0003:00000b98       _GS_ExceptionRecord        10028b98     LIBCMT:gs_report.obj
 0003:00000be8       _GS_ContextRecord          10028be8     LIBCMT:gs_report.obj
 0003:00000eb8       ?__proc_attached@@3HA      10028eb8     LIBCMT:dll_dllmain.obj
 0003:00000f14       ?AllocateData@@3P6GPAUAtlThunkData_t@@XZA 10028f14     atls:atlthunk.obj
 0003:00000f18       ?InitData@@3P6GXPAUAtlThunkData_t@@PAXI@ZA 10028f18     atls:atlthunk.obj
 0003:00000f1c       ?DataToCode@@3P6GP6GJPAUHWND__@@IIJ@ZPAUAtlThunkData_t@@@ZA 10028f1c     atls:atlthunk.obj
 0003:00000f20       ?FreeData@@3P6GXPAUAtlThunkData_t@@@ZA 10028f20     atls:atlthunk.obj
 0003:00000f24       ?Initialized@@3_NA         10028f24     atls:atlthunk.obj
 0003:00000f30       ?__vcrt_startup_thread_ptd@@3U__vcrt_ptd@@A 10028f30     libvcruntime:per_thread_data.obj
 0003:00000f58       ___vcrt_lock_table         10028f58     libvcruntime:locks.obj
 0003:00000f70       ___vcrt_locks_initialized  10028f70     libvcruntime:locks.obj
 0003:00000f74       ?module_handles@@3PAPAUHINSTANCE__@@A 10028f74     libvcruntime:winapi_downlevel.obj
 0003:00000f80       ?encoded_function_pointers@@3PAPAXA 10028f80     libvcruntime:winapi_downlevel.obj
 0003:00000fbc       ?heap@@3V_HeapManager@@A   10028fbc     libvcruntime:undname.obj
 0003:00000fd4       ?__acrt_invalid_parameter_handler@@3V?$dual_state_global@P6AXPB_W00II@Z@__crt_state_management@@A 10028fd4     libucrt:invalid_parameter.obj
 0003:00000fd8       ?c_termination_complete@@3JA 10028fd8     libucrt:exit.obj
 0003:00000fdc       ?thread_local_exit_callback_func@@3P6GXPAXK0@ZA 10028fdc     libucrt:exit.obj
 0003:00000fe8       ?program_name@?1???$common_configure_argv@D@@YAHW4_crt_argv_mode@@@Z@4PADA 10028fe8     libucrt:argv_parsing.obj
 0003:00001118       ?__acrt_new_handler@@3V?$dual_state_global@P6AHI@Z@__crt_state_management@@A 10029118     libucrt:new_handler.obj
 0003:00001120       ?module_handles@@3PAPAUHINSTANCE__@@A 10029120     libucrt:winapi_thunks.obj
 0003:00001170       ?encoded_function_pointers@@3PAPAXA 10029170     libucrt:winapi_thunks.obj
 0003:00001200       ?enable_percent_n@@3IA     10029200     libucrt:printf_count_output.obj
 0003:00001420       ?__acrt_lock_table@@3PAU_RTL_CRITICAL_SECTION@@A 10029420     libucrt:locks.obj
 0003:00001570       ?__acrt_locks_initialized@@3IA 10029570     libucrt:locks.obj
 0003:00001580       ?fSystemSet@@3HA           10029580     libucrt:mbctype.obj
 0003:00001584       ?initialized@?1??__acrt_initialize_multibyte@@9@4_NA 10029584     libucrt:mbctype.obj
 0003:000015a4       ?ctrlc_action@@3V?$dual_state_global@P6AXH@Z@__crt_state_management@@A 100295a4     libucrt:signal.obj
 0003:000015a8       ?ctrlbreak_action@@3V?$dual_state_global@P6AXH@Z@__crt_state_management@@A 100295a8     libucrt:signal.obj
 0003:000015ac       ?abort_action@@3V?$dual_state_global@P6AXH@Z@__crt_state_management@@A 100295ac     libucrt:signal.obj
 0003:000015b0       ?term_action@@3V?$dual_state_global@P6AXH@Z@__crt_state_management@@A 100295b0     libucrt:signal.obj
 0003:000015b4       ?user_matherr@@3V?$dual_state_global@P6AHPAU_exception@@@Z@__crt_state_management@@A 100295b4     libucrt:matherr.obj
 0003:000015b8       ?__acrt_global_new_mode@@3V?$dual_state_global@J@__crt_state_management@@A 100295b8     libucrt:new_mode.obj
 0003:000015c4       ?__acrt_app_type@@3W4_crt_app_type@@A 100295c4     libucrt:report_runtime_error.obj
 0003:000015cc       __pmatherr_set             100295cc     libucrt:libm_error.obj
 0004:00000220       $R000000                   1002a220     RemoteOrderDisplay.res
 0004:00000bc0       $R0009A0                   1002abc0     RemoteOrderDisplay.res
 0004:00000ca8       $R000A88                   1002aca8     RemoteOrderDisplay.res
 0004:00000f10       $R000CF0                   1002af10     RemoteOrderDisplay.res
 0004:00001478       $R001258                   1002b478     RemoteOrderDisplay.res
 0004:00005688       $R005468                   1002f688     RemoteOrderDisplay.res
 0004:000056d0       $R0054B0                   1002f6d0     RemoteOrderDisplay.res
