 OPOSLineDisplay

 Timestamp is 5d429e9b (Thu Aug  1 17:11:07 2019)

 Preferred load address is 10000000

 Start         Length     Name                   Class
 0001:00000000 00000080H .text$di                CODE
 0001:00000080 0001da93H .text$mn                CODE
 0001:0001db13 00000036H .text$x                 CODE
 0001:0001db49 00000042H .text$yd                CODE
 0002:00000000 000002fcH .idata$5                DATA
 0002:000002fc 00000004H .00cfg                  DATA
 0002:00000300 00000004H .CRT$XCA                DATA
 0002:00000304 00000004H .CRT$XCL                DATA
 0002:00000308 00000010H .CRT$XCU                DATA
 0002:00000318 00000004H .CRT$XCZ                DATA
 0002:0000031c 00000004H .CRT$XIA                DATA
 0002:00000320 00000010H .CRT$XIC                DATA
 0002:00000330 00000004H .CRT$XIZ                DATA
 0002:00000334 00000004H .CRT$XLA                DATA
 0002:00000338 00000004H .CRT$XLZ                DATA
 0002:0000033c 00000004H .CRT$XPA                DATA
 0002:00000340 00000008H .CRT$XPX                DATA
 0002:00000348 00000004H .CRT$XPXA               DATA
 0002:0000034c 00000004H .CRT$XPZ                DATA
 0002:00000350 00000004H .CRT$XTA                DATA
 0002:00000354 0000000cH .CRT$XTZ                DATA
 0002:00000358 00000000H .gfids$y                DATA
 0002:00000360 00006f1cH .rdata                  DATA
 0002:0000727c 00000018H .rdata$T                DATA
 0002:00007294 0000017cH .rdata$r                DATA
 0002:00007410 0000001cH .rdata$sxdata           DATA
 0002:0000742c 000003e0H .rdata$zzzdbg           DATA
 0002:0000780c 00000004H .rtc$IAA                DATA
 0002:00007810 00000004H .rtc$IZZ                DATA
 0002:00007814 00000004H .rtc$TAA                DATA
 0002:00007818 00000004H .rtc$TZZ                DATA
 0002:0000781c 00000004H .tls                    DATA
 0002:00007820 00000004H .tls$                   DATA
 0002:00007824 00000004H .tls$ZZZ                DATA
 0002:00007828 00000604H .xdata$x                DATA
 0002:00007e2c 00000004H ATL$__a                 DATA
 0002:00007e30 00000010H ATL$__z                 DATA
 0002:00007e40 000000acH .edata                  DATA
 0002:00007eec 00000078H .idata$2                DATA
 0002:00007f64 00000014H .idata$3                DATA
 0002:00007f78 000002fcH .idata$4                DATA
 0002:00008274 00000bc8H .idata$6                DATA
 0003:00000000 00000ad0H .data                   DATA
 0003:00000ad0 00000098H .data$r                 DATA
 0003:00000b68 00000b80H .bss                    DATA
 0004:00000000 00000220H .rsrc$01                DATA
 0004:00000220 00005890H .rsrc$02                DATA

  Address         Publics by Value              Rva+Base       Lib:Object

 0000:00000000       ___guard_fids_count        00000000     <absolute>
 0000:00000000       ___hybrid_code_map_count   00000000     <absolute>
 0000:00000000       ___guard_iat_count         00000000     <absolute>
 0000:00000000       ___dynamic_value_reloc_table 00000000     <absolute>
 0000:00000000       ___guard_longjmp_count     00000000     <absolute>
 0000:00000000       __except_list              00000000     <absolute>
 0000:00000000       ___guard_fids_table        00000000     <absolute>
 0000:00000000       ___guard_longjmp_table     00000000     <absolute>
 0000:00000000       ___hybrid_auxiliary_iat    00000000     <absolute>
 0000:00000000       ___guard_iat_table         00000000     <absolute>
 0000:00000000       ___volatile_metadata       00000000     <absolute>
 0000:00000000       ___enclave_config          00000000     <absolute>
 0000:00000000       ___AbsoluteZero            00000000     <absolute>
 0000:00000000       ___hybrid_code_map         00000000     <absolute>
 0000:00000007       ___safe_se_handler_count   00000007     <absolute>
 0000:0000002c       __tls_array                0000002c     <absolute>
 0000:00000100       ___guard_flags             00000100     <absolute>
 0000:00000000       ___ImageBase               10000000     <linker-defined>
 0001:00000080       ?DupWide@_CW@@AAEXXZ       10001080 f   CWString.obj
 0001:0000009c       ?cw_dup@@YGXPBDAAHAAPA_W1@Z 1000109c f   CWString.obj
 0001:0000010b       ?cw_memcpy@@YGHPA_WPBDH@Z  1000110b f   CWString.obj
 0001:00000137       ?cw_strcpy@@YAHPA_WPBD@Z   10001137 f   CWString.obj
 0001:0000014a       ?cw_strlen@@YAHPBD@Z       1000114a f   CWString.obj
 0001:00000163       ??0CAtlComModule@ATL@@QAE@XZ 10001163 f i OposVariant.obj
 0001:000001a8       ??0CAtlWinModule@ATL@@QAE@XZ 100011a8 f i OposVariant.obj
 0001:000001df       ??0OposDispParms@@QAE@PAVOposVariant@@H@Z 100011df f   OposVariant.obj
 0001:00000250       ??1OposDispParms@@QAE@XZ   10001250 f   OposVariant.obj
 0001:0000025e       ??A?$CSimpleArray@GV?$CSimpleArrayEqualHelper@G@ATL@@@ATL@@QAEAAGH@Z 1000125e f i OposVariant.obj
 0001:00000283       ??_Estringdispid@CComTypeInfoHolder@ATL@@QAEPAXI@Z 10001283 f i OposVariant.obj
 0001:000002ef       ?AtlWinModuleInit@ATL@@YGJPAU_ATL_WIN_MODULE70@1@@Z 100012ef f i OposVariant.obj
 0001:00000315       ?AtlWinModuleTerm@ATL@@YGJPAU_ATL_WIN_MODULE70@1@PAUHINSTANCE__@@@Z 10001315 f i OposVariant.obj
 0001:00000378       ?ChangeBSTR@OposVariant@@QAEXPAPA_WAAJ@Z 10001378 f   OposVariant.obj
 0001:000003b9       ?ChangeLONG@OposVariant@@QAEXPAJAAJ@Z 100013b9 f   OposVariant.obj
 0001:000003fa       ?GetLONG@OposVariant@@QAEJXZ 100013fa f   OposVariant.obj
 0001:00000415       ?Init@CComCriticalSection@ATL@@QAEJXZ 10001415 f i OposVariant.obj
 0001:0000043d       ?RemoveAll@?$CSimpleArray@GV?$CSimpleArrayEqualHelper@G@ATL@@@ATL@@QAEXXZ 1000143d f i OposVariant.obj
 0001:0000043d       ?RemoveAll@?$CSimpleArray@PAUHINSTANCE__@@V?$CSimpleArrayEqualHelper@PAUHINSTANCE__@@@ATL@@@ATL@@QAEXXZ 1000143d f i atls:atlbase.obj
 0001:0000045a       ?SetBSTR@OposVariant@@QAEXPA_WAAJ@Z 1000145a f   OposVariant.obj
 0001:0000048e       ?SetBSTR_Copy@OposVariant@@QAEXPA_WAAJ@Z 1000148e f   OposVariant.obj
 0001:000004de       ?SetBSTR_InOutPtr@OposVariant@@QAE_NPAPA_WAAJ@Z 100014de f   OposVariant.obj
 0001:00000515       ?SetDispatch_Ptr@OposVariant@@QAEXPAUIDispatch@@AAJ@Z 10001515 f   OposVariant.obj
 0001:00000550       ?SetLONG@OposVariant@@QAEXJ@Z 10001550 f   OposVariant.obj
 0001:00000572       ?SetLONG_Ptr@OposVariant@@QAEXPAJAAJ@Z 10001572 f   OposVariant.obj
 0001:000005a5       ?SetString@OposVariant@@QAEXPB_WAAJ@Z 100015a5 f   OposVariant.obj
 0001:000005eb       ?SetVARIANT_BOOL@OposVariant@@QAEXF@Z 100015eb f   OposVariant.obj
 0001:00000615       ?Term@CAtlComModule@ATL@@QAEXXZ 10001615 f i OposVariant.obj
 0001:0000065f       ?_AtlRaiseException@ATL@@YAXKK@Z 1000165f f i OposVariant.obj
 0001:00000674       ?AddRef@?$CComObjectCached@VCComClassFactory@ATL@@@ATL@@UAGKXZ 10001674 f i LineDisplay.obj
 0001:0000069b       ?Release@?$CComObjectCached@VCComClassFactory@ATL@@@ATL@@UAGKXZ 1000169b f i LineDisplay.obj
 0001:000006d1       ?QueryInterface@?$CComObjectCached@VCComClassFactory@ATL@@@ATL@@UAGJABU_GUID@@PAPAX@Z 100016d1 f i LineDisplay.obj
 0001:000006eb       ??_E?$CComObjectCached@VCComClassFactory@ATL@@@ATL@@UAEPAXI@Z 100016eb f i LineDisplay.obj
 0001:000006eb       ??_G?$CComObjectCached@VCComClassFactory@ATL@@@ATL@@UAEPAXI@Z 100016eb f i LineDisplay.obj
 0001:0000070d       ?AddRef@?$CComAggObject@VCOPOSLineDisplay@@@ATL@@UAGKXZ 1000170d f i LineDisplay.obj
 0001:0000071e       ?Release@?$CComAggObject@VCOPOSLineDisplay@@@ATL@@UAGKXZ 1000171e f i LineDisplay.obj
 0001:0000075a       ?QueryInterface@?$CComAggObject@VCOPOSLineDisplay@@@ATL@@UAGJABU_GUID@@PAPAX@Z 1000175a f i LineDisplay.obj
 0001:000007a9       ?AddRef@?$CComContainedObject@VCOPOSLineDisplay@@@ATL@@UAGKXZ 100017a9 f i LineDisplay.obj
 0001:000007bf       ?Release@?$CComContainedObject@VCOPOSLineDisplay@@@ATL@@UAGKXZ 100017bf f i LineDisplay.obj
 0001:000007d5       ?QueryInterface@?$CComContainedObject@VCOPOSLineDisplay@@@ATL@@UAGJABU_GUID@@PAPAX@Z 100017d5 f i LineDisplay.obj
 0001:000007f0       ??_E?$CComAggObject@VCOPOSLineDisplay@@@ATL@@UAEPAXI@Z 100017f0 f i LineDisplay.obj
 0001:000007f0       ??_G?$CComAggObject@VCOPOSLineDisplay@@@ATL@@UAEPAXI@Z 100017f0 f i LineDisplay.obj
 0001:00000815       ?AddRef@?$CComObject@VCOPOSLineDisplay@@@ATL@@UAGKXZ 10001815 f i LineDisplay.obj
 0001:0000082c       ?Release@?$CComObject@VCOPOSLineDisplay@@@ATL@@UAGKXZ 1000182c f i LineDisplay.obj
 0001:0000086e       ?QueryInterface@?$CComObject@VCOPOSLineDisplay@@@ATL@@UAGJABU_GUID@@PAPAX@Z 1000186e f i LineDisplay.obj
 0001:00000888       ?Lock@CAtlModule@ATL@@UAEJXZ 10001888 f i LineDisplay.obj
 0001:00000892       ?Unlock@CAtlModule@ATL@@UAEJXZ 10001892 f i LineDisplay.obj
 0001:0000089c       ?GetLockCount@CAtlModule@ATL@@UAEJXZ 1000189c f i LineDisplay.obj
 0001:000008a0       ?GetGITPtr@CAtlModule@ATL@@UAEJPAPAUIGlobalInterfaceTable@@@Z 100018a0 f i LineDisplay.obj
 0001:000008ec       ?AddCommonRGSReplacements@?$CAtlModuleT@VCComModule@ATL@@@ATL@@UAEJPAUIRegistrarBase@@@Z 100018ec f i LineDisplay.obj
 0001:00000906       ?UpdateRegistryFromResourceD@CComModule@ATL@@UAGJPB_WHPAU_ATL_REGMAP_ENTRY@2@@Z 10001906 f i LineDisplay.obj
 0001:00000906       ?UpdateRegistryFromResourceD@CComModule@ATL@@UAGJIHPAU_ATL_REGMAP_ENTRY@2@@Z 10001906 f i LineDisplay.obj
 0001:0000090e       ?UpdateRegistryFromResource@CComModule@ATL@@UAGJPB_WHPAU_ATL_REGMAP_ENTRY@2@@Z 1000190e f i LineDisplay.obj
 0001:00000917       ?UpdateRegistryFromResource@CComModule@ATL@@UAGJIHPAU_ATL_REGMAP_ENTRY@2@@Z 10001917 f i LineDisplay.obj
 0001:00000920       ??_GCComModule@ATL@@UAEPAXI@Z 10001920 f i LineDisplay.obj
 0001:00000920       ??_ECComModule@ATL@@UAEPAXI@Z 10001920 f i LineDisplay.obj
 0001:00000948       ?OnDrawAdvanced@CComControlBase@ATL@@UAEJAAUATL_DRAWINFO@@@Z 10001948 f i LineDisplay.obj
 0001:00000a37       ?Next@?$CComEnumImpl@UIEnumConnections@@$1?_GUID_b196b287_bab4_101a_b69c_00aa00341d07@@3U__s_GUID@@BUtagCONNECTDATA@@V?$_Copy@UtagCONNECTDATA@@@ATL@@@ATL@@UAGJKPAUtagCONNECTDATA@@PAK@Z 10001a37 f i LineDisplay.obj
 0001:00000b0e       ?Skip@?$CComEnumImpl@UIEnumConnections@@$1?_GUID_b196b287_bab4_101a_b69c_00aa00341d07@@3U__s_GUID@@BUtagCONNECTDATA@@V?$_Copy@UtagCONNECTDATA@@@ATL@@@ATL@@UAGJK@Z 10001b0e f i LineDisplay.obj
 0001:00000b3b       ?Reset@?$CComEnumImpl@UIEnumConnectionPoints@@$1?_GUID_b196b285_bab4_101a_b69c_00aa00341d07@@3U__s_GUID@@BPAUIConnectionPoint@@V?$_CopyInterface@UIConnectionPoint@@@ATL@@@ATL@@UAGJXZ 10001b3b f i LineDisplay.obj
 0001:00000b3b       ?Reset@?$CComEnumImpl@UIEnumConnections@@$1?_GUID_b196b287_bab4_101a_b69c_00aa00341d07@@3U__s_GUID@@BUtagCONNECTDATA@@V?$_Copy@UtagCONNECTDATA@@@ATL@@@ATL@@UAGJXZ 10001b3b f i LineDisplay.obj
 0001:00000b4d       ?Clone@?$CComEnumImpl@UIEnumConnections@@$1?_GUID_b196b287_bab4_101a_b69c_00aa00341d07@@3U__s_GUID@@BUtagCONNECTDATA@@V?$_Copy@UtagCONNECTDATA@@@ATL@@@ATL@@UAGJPAPAUIEnumConnections@@@Z 10001b4d f i LineDisplay.obj
 0001:00000c2e       ?AddRef@?$CComObject@V?$CComEnum@UIEnumConnectionPoints@@$1?_GUID_b196b285_bab4_101a_b69c_00aa00341d07@@3U__s_GUID@@BPAUIConnectionPoint@@V?$_CopyInterface@UIConnectionPoint@@@ATL@@VCComSingleThreadModel@6@@ATL@@@ATL@@UAGKXZ 10001c2e f i LineDisplay.obj
 0001:00000c2e       ?AddRef@?$CComObject@V?$CComEnum@UIEnumConnections@@$1?_GUID_b196b287_bab4_101a_b69c_00aa00341d07@@3U__s_GUID@@BUtagCONNECTDATA@@V?$_Copy@UtagCONNECTDATA@@@ATL@@VCComSingleThreadModel@6@@ATL@@@ATL@@UAGKXZ 10001c2e f i LineDisplay.obj
 0001:00000c3f       ?Release@?$CComObject@V?$CComEnum@UIEnumConnections@@$1?_GUID_b196b287_bab4_101a_b69c_00aa00341d07@@3U__s_GUID@@BUtagCONNECTDATA@@V?$_Copy@UtagCONNECTDATA@@@ATL@@VCComSingleThreadModel@6@@ATL@@@ATL@@UAGKXZ 10001c3f f i LineDisplay.obj
 0001:00000c3f       ?Release@?$CComObject@V?$CComEnum@UIEnumConnectionPoints@@$1?_GUID_b196b285_bab4_101a_b69c_00aa00341d07@@3U__s_GUID@@BPAUIConnectionPoint@@V?$_CopyInterface@UIConnectionPoint@@@ATL@@VCComSingleThreadModel@6@@ATL@@@ATL@@UAGKXZ 10001c3f f i LineDisplay.obj
 0001:00000c7b       ?QueryInterface@?$CComObject@V?$CComEnum@UIEnumConnections@@$1?_GUID_b196b287_bab4_101a_b69c_00aa00341d07@@3U__s_GUID@@BUtagCONNECTDATA@@V?$_Copy@UtagCONNECTDATA@@@ATL@@VCComSingleThreadModel@6@@ATL@@@ATL@@UAGJABU_GUID@@PAPAX@Z 10001c7b f i LineDisplay.obj
 0001:00000c95       ??_E?$CComObject@V?$CComEnum@UIEnumConnections@@$1?_GUID_b196b287_bab4_101a_b69c_00aa00341d07@@3U__s_GUID@@BUtagCONNECTDATA@@V?$_Copy@UtagCONNECTDATA@@@ATL@@VCComSingleThreadModel@6@@ATL@@@ATL@@UAEPAXI@Z 10001c95 f i LineDisplay.obj
 0001:00000c95       ??_G?$CComObject@V?$CComEnum@UIEnumConnections@@$1?_GUID_b196b287_bab4_101a_b69c_00aa00341d07@@3U__s_GUID@@BUtagCONNECTDATA@@V?$_Copy@UtagCONNECTDATA@@@ATL@@VCComSingleThreadModel@6@@ATL@@@ATL@@UAEPAXI@Z 10001c95 f i LineDisplay.obj
 0001:00000cb7       ?SetMoniker@?$IOleObjectImpl@VCOPOSLineDisplay@@@ATL@@UAGJKPAUIMoniker@@@Z 10001cb7 f i LineDisplay.obj
 0001:00000cb7       ?EnumFormatEtc@?$IDataObjectImpl@VCOPOSLineDisplay@@@ATL@@UAGJKPAPAUIEnumFORMATETC@@@Z 10001cb7 f i LineDisplay.obj
 0001:00000cb7       ?GetRect@?$IViewObjectExImpl@VCOPOSLineDisplay@@@ATL@@UAGJKPAU_RECTL@@@Z 10001cb7 f i LineDisplay.obj
 0001:00000cb7       ?GetCanonicalFormatEtc@?$IDataObjectImpl@VCOPOSLineDisplay@@@ATL@@UAGJPAUtagFORMATETC@@0@Z 10001cb7 f i LineDisplay.obj
 0001:00000cb7       ?QueryInterface@CRegObject@ATL@@UAGJABU_GUID@@PAPAX@Z 10001cb7 f i LineDisplay.obj
 0001:00000cb7       ?GetClipboardData@?$IOleObjectImpl@VCOPOSLineDisplay@@@ATL@@UAGJKPAPAUIDataObject@@@Z 10001cb7 f i LineDisplay.obj
 0001:00000cb7       ?GetDataHere@?$IDataObjectImpl@VCOPOSLineDisplay@@@ATL@@UAGJPAUtagFORMATETC@@PAUtagSTGMEDIUM@@@Z 10001cb7 f i LineDisplay.obj
 0001:00000cbf       ?AddRef@CRegObject@ATL@@UAGKXZ 10001cbf f i LineDisplay.obj
 0001:00000cc5       ?Update@?$IOleObjectImpl@VCOPOSLineDisplay@@@ATL@@UAGJXZ 10001cc5 f i LineDisplay.obj
 0001:00000cc5       ?Release@CRegObject@ATL@@UAGKXZ 10001cc5 f i LineDisplay.obj
 0001:00000cc5       ?HandsOffStorage@?$IPersistStorageImpl@VCOPOSLineDisplay@@@ATL@@UAGJXZ 10001cc5 f i LineDisplay.obj
 0001:00000cc5       ?IsUpToDate@?$IOleObjectImpl@VCOPOSLineDisplay@@@ATL@@UAGJXZ 10001cc5 f i LineDisplay.obj
 0001:00000cca       ?AddReplacement@CRegObject@ATL@@UAGJPB_W0@Z 10001cca f i LineDisplay.obj
 0001:00000d03       ?ClearReplacements@CRegObject@ATL@@UAGJXZ 10001d03 f i LineDisplay.obj
 0001:00000d15       ??_GCRegObject@ATL@@UAEPAXI@Z 10001d15 f i LineDisplay.obj
 0001:00000d15       ??_ECRegObject@ATL@@UAEPAXI@Z 10001d15 f i LineDisplay.obj
 0001:00000d37       ??_E?$CComObject@VCOPOSLineDisplay@@@ATL@@W3AEPAXI@Z 10001d37 f i LineDisplay.obj
 0001:00000d3f       ??_E?$CComObject@VCOPOSLineDisplay@@@ATL@@WEM@AEPAXI@Z 10001d3f f i LineDisplay.obj
 0001:00000d47       ?QueryInterface@?$CComObject@VCOPOSLineDisplay@@@ATL@@WHA@AGJABU_GUID@@PAPAX@Z 10001d47 f i LineDisplay.obj
 0001:00000d51       ?AddRef@?$CComObject@VCOPOSLineDisplay@@@ATL@@WHA@AGKXZ 10001d51 f i LineDisplay.obj
 0001:00000d5b       ?Release@?$CComObject@VCOPOSLineDisplay@@@ATL@@WHA@AGKXZ 10001d5b f i LineDisplay.obj
 0001:00000d65       ?QueryInterface@?$CComObject@VCOPOSLineDisplay@@@ATL@@WHE@AGJABU_GUID@@PAPAX@Z 10001d65 f i LineDisplay.obj
 0001:00000d6f       ?AddRef@?$CComObject@VCOPOSLineDisplay@@@ATL@@WHE@AGKXZ 10001d6f f i LineDisplay.obj
 0001:00000d79       ?Release@?$CComObject@VCOPOSLineDisplay@@@ATL@@WHE@AGKXZ 10001d79 f i LineDisplay.obj
 0001:00000d83       ?QueryInterface@?$CComObject@VCOPOSLineDisplay@@@ATL@@WHI@AGJABU_GUID@@PAPAX@Z 10001d83 f i LineDisplay.obj
 0001:00000d8d       ?AddRef@?$CComObject@VCOPOSLineDisplay@@@ATL@@WHI@AGKXZ 10001d8d f i LineDisplay.obj
 0001:00000d97       ?Release@?$CComObject@VCOPOSLineDisplay@@@ATL@@WHI@AGKXZ 10001d97 f i LineDisplay.obj
 0001:00000da1       ?QueryInterface@?$CComObject@VCOPOSLineDisplay@@@ATL@@WHM@AGJABU_GUID@@PAPAX@Z 10001da1 f i LineDisplay.obj
 0001:00000dab       ?AddRef@?$CComObject@VCOPOSLineDisplay@@@ATL@@WHM@AGKXZ 10001dab f i LineDisplay.obj
 0001:00000db5       ?Release@?$CComObject@VCOPOSLineDisplay@@@ATL@@WHM@AGKXZ 10001db5 f i LineDisplay.obj
 0001:00000dbf       ?QueryInterface@?$CComObject@VCOPOSLineDisplay@@@ATL@@WIA@AGJABU_GUID@@PAPAX@Z 10001dbf f i LineDisplay.obj
 0001:00000dcc       ?AddRef@?$CComObject@VCOPOSLineDisplay@@@ATL@@WIA@AGKXZ 10001dcc f i LineDisplay.obj
 0001:00000dd9       ?Release@?$CComObject@VCOPOSLineDisplay@@@ATL@@WIA@AGKXZ 10001dd9 f i LineDisplay.obj
 0001:00000de6       ?QueryInterface@?$CComObject@VCOPOSLineDisplay@@@ATL@@WIE@AGJABU_GUID@@PAPAX@Z 10001de6 f i LineDisplay.obj
 0001:00000df3       ?AddRef@?$CComObject@VCOPOSLineDisplay@@@ATL@@WIE@AGKXZ 10001df3 f i LineDisplay.obj
 0001:00000e00       ?Release@?$CComObject@VCOPOSLineDisplay@@@ATL@@WIE@AGKXZ 10001e00 f i LineDisplay.obj
 0001:00000e0d       ?QueryInterface@?$CComObject@VCOPOSLineDisplay@@@ATL@@WII@AGJABU_GUID@@PAPAX@Z 10001e0d f i LineDisplay.obj
 0001:00000e1a       ?AddRef@?$CComObject@VCOPOSLineDisplay@@@ATL@@WII@AGKXZ 10001e1a f i LineDisplay.obj
 0001:00000e27       ?Release@?$CComObject@VCOPOSLineDisplay@@@ATL@@WII@AGKXZ 10001e27 f i LineDisplay.obj
 0001:00000e34       ?QueryInterface@?$CComObject@VCOPOSLineDisplay@@@ATL@@WIM@AGJABU_GUID@@PAPAX@Z 10001e34 f i LineDisplay.obj
 0001:00000e41       ?AddRef@?$CComObject@VCOPOSLineDisplay@@@ATL@@WIM@AGKXZ 10001e41 f i LineDisplay.obj
 0001:00000e4e       ?Release@?$CComObject@VCOPOSLineDisplay@@@ATL@@WIM@AGKXZ 10001e4e f i LineDisplay.obj
 0001:00000e5b       ?QueryInterface@?$CComObject@VCOPOSLineDisplay@@@ATL@@WJA@AGJABU_GUID@@PAPAX@Z 10001e5b f i LineDisplay.obj
 0001:00000e68       ?AddRef@?$CComObject@VCOPOSLineDisplay@@@ATL@@WJA@AGKXZ 10001e68 f i LineDisplay.obj
 0001:00000e75       ?Release@?$CComObject@VCOPOSLineDisplay@@@ATL@@WJA@AGKXZ 10001e75 f i LineDisplay.obj
 0001:00000e82       ?QueryInterface@?$CComObject@VCOPOSLineDisplay@@@ATL@@WJE@AGJABU_GUID@@PAPAX@Z 10001e82 f i LineDisplay.obj
 0001:00000e8f       ?AddRef@?$CComObject@VCOPOSLineDisplay@@@ATL@@WJE@AGKXZ 10001e8f f i LineDisplay.obj
 0001:00000e9c       ?Release@?$CComObject@VCOPOSLineDisplay@@@ATL@@WJE@AGKXZ 10001e9c f i LineDisplay.obj
 0001:00000ea9       ?QueryInterface@?$CComObject@VCOPOSLineDisplay@@@ATL@@WJI@AGJABU_GUID@@PAPAX@Z 10001ea9 f i LineDisplay.obj
 0001:00000eb6       ?AddRef@?$CComObject@VCOPOSLineDisplay@@@ATL@@WJI@AGKXZ 10001eb6 f i LineDisplay.obj
 0001:00000ec3       ?Release@?$CComObject@VCOPOSLineDisplay@@@ATL@@WJI@AGKXZ 10001ec3 f i LineDisplay.obj
 0001:00000ed0       ?QueryInterface@?$CComObject@VCOPOSLineDisplay@@@ATL@@WJM@AGJABU_GUID@@PAPAX@Z 10001ed0 f i LineDisplay.obj
 0001:00000edd       ?AddRef@?$CComObject@VCOPOSLineDisplay@@@ATL@@WJM@AGKXZ 10001edd f i LineDisplay.obj
 0001:00000eea       ?Release@?$CComObject@VCOPOSLineDisplay@@@ATL@@WJM@AGKXZ 10001eea f i LineDisplay.obj
 0001:00000ef7       ?QueryInterface@?$CComObject@VCOPOSLineDisplay@@@ATL@@WKA@AGJABU_GUID@@PAPAX@Z 10001ef7 f i LineDisplay.obj
 0001:00000f04       ?AddRef@?$CComObject@VCOPOSLineDisplay@@@ATL@@WKA@AGKXZ 10001f04 f i LineDisplay.obj
 0001:00000f11       ?Release@?$CComObject@VCOPOSLineDisplay@@@ATL@@WKA@AGKXZ 10001f11 f i LineDisplay.obj
 0001:00000f1e       ?AddRef@?$CComObject@VCOPOSLineDisplay@@@ATL@@WKI@AGKXZ 10001f1e f i LineDisplay.obj
 0001:00000f2b       ?Release@?$CComObject@VCOPOSLineDisplay@@@ATL@@WKI@AGKXZ 10001f2b f i LineDisplay.obj
 0001:00000f38       ?AddRef@?$CComObject@VCOPOSLineDisplay@@@ATL@@WLE@AGKXZ 10001f38 f i LineDisplay.obj
 0001:00000f45       ?Release@?$CComObject@VCOPOSLineDisplay@@@ATL@@WLE@AGKXZ 10001f45 f i LineDisplay.obj
 0001:00000f52       ??_E?$CComContainedObject@VCOPOSLineDisplay@@@ATL@@W3AEPAXI@Z 10001f52 f i LineDisplay.obj
 0001:00000f5a       ??_E?$CComContainedObject@VCOPOSLineDisplay@@@ATL@@WEM@AEPAXI@Z 10001f5a f i LineDisplay.obj
 0001:00000f62       ?QueryInterface@?$CComContainedObject@VCOPOSLineDisplay@@@ATL@@WHA@AGJABU_GUID@@PAPAX@Z 10001f62 f i LineDisplay.obj
 0001:00000f6c       ?AddRef@?$CComContainedObject@VCOPOSLineDisplay@@@ATL@@WHA@AGKXZ 10001f6c f i LineDisplay.obj
 0001:00000f76       ?Release@?$CComContainedObject@VCOPOSLineDisplay@@@ATL@@WHA@AGKXZ 10001f76 f i LineDisplay.obj
 0001:00000f80       ?QueryInterface@?$CComContainedObject@VCOPOSLineDisplay@@@ATL@@WHE@AGJABU_GUID@@PAPAX@Z 10001f80 f i LineDisplay.obj
 0001:00000f8a       ?AddRef@?$CComContainedObject@VCOPOSLineDisplay@@@ATL@@WHE@AGKXZ 10001f8a f i LineDisplay.obj
 0001:00000f94       ?Release@?$CComContainedObject@VCOPOSLineDisplay@@@ATL@@WHE@AGKXZ 10001f94 f i LineDisplay.obj
 0001:00000f9e       ?QueryInterface@?$CComContainedObject@VCOPOSLineDisplay@@@ATL@@WHI@AGJABU_GUID@@PAPAX@Z 10001f9e f i LineDisplay.obj
 0001:00000fa8       ?AddRef@?$CComContainedObject@VCOPOSLineDisplay@@@ATL@@WHI@AGKXZ 10001fa8 f i LineDisplay.obj
 0001:00000fb2       ?Release@?$CComContainedObject@VCOPOSLineDisplay@@@ATL@@WHI@AGKXZ 10001fb2 f i LineDisplay.obj
 0001:00000fbc       ?QueryInterface@?$CComContainedObject@VCOPOSLineDisplay@@@ATL@@WHM@AGJABU_GUID@@PAPAX@Z 10001fbc f i LineDisplay.obj
 0001:00000fc6       ?AddRef@?$CComContainedObject@VCOPOSLineDisplay@@@ATL@@WHM@AGKXZ 10001fc6 f i LineDisplay.obj
 0001:00000fd0       ?Release@?$CComContainedObject@VCOPOSLineDisplay@@@ATL@@WHM@AGKXZ 10001fd0 f i LineDisplay.obj
 0001:00000fda       ?QueryInterface@?$CComContainedObject@VCOPOSLineDisplay@@@ATL@@WIA@AGJABU_GUID@@PAPAX@Z 10001fda f i LineDisplay.obj
 0001:00000fe7       ?AddRef@?$CComContainedObject@VCOPOSLineDisplay@@@ATL@@WIA@AGKXZ 10001fe7 f i LineDisplay.obj
 0001:00000ff4       ?Release@?$CComContainedObject@VCOPOSLineDisplay@@@ATL@@WIA@AGKXZ 10001ff4 f i LineDisplay.obj
 0001:00001001       ?QueryInterface@?$CComContainedObject@VCOPOSLineDisplay@@@ATL@@WIE@AGJABU_GUID@@PAPAX@Z 10002001 f i LineDisplay.obj
 0001:0000100e       ?AddRef@?$CComContainedObject@VCOPOSLineDisplay@@@ATL@@WIE@AGKXZ 1000200e f i LineDisplay.obj
 0001:0000101b       ?Release@?$CComContainedObject@VCOPOSLineDisplay@@@ATL@@WIE@AGKXZ 1000201b f i LineDisplay.obj
 0001:00001028       ?QueryInterface@?$CComContainedObject@VCOPOSLineDisplay@@@ATL@@WII@AGJABU_GUID@@PAPAX@Z 10002028 f i LineDisplay.obj
 0001:00001035       ?AddRef@?$CComContainedObject@VCOPOSLineDisplay@@@ATL@@WII@AGKXZ 10002035 f i LineDisplay.obj
 0001:00001042       ?Release@?$CComContainedObject@VCOPOSLineDisplay@@@ATL@@WII@AGKXZ 10002042 f i LineDisplay.obj
 0001:0000104f       ?QueryInterface@?$CComContainedObject@VCOPOSLineDisplay@@@ATL@@WIM@AGJABU_GUID@@PAPAX@Z 1000204f f i LineDisplay.obj
 0001:0000105c       ?AddRef@?$CComContainedObject@VCOPOSLineDisplay@@@ATL@@WIM@AGKXZ 1000205c f i LineDisplay.obj
 0001:00001069       ?Release@?$CComContainedObject@VCOPOSLineDisplay@@@ATL@@WIM@AGKXZ 10002069 f i LineDisplay.obj
 0001:00001076       ?QueryInterface@?$CComContainedObject@VCOPOSLineDisplay@@@ATL@@WJA@AGJABU_GUID@@PAPAX@Z 10002076 f i LineDisplay.obj
 0001:00001083       ?AddRef@?$CComContainedObject@VCOPOSLineDisplay@@@ATL@@WJA@AGKXZ 10002083 f i LineDisplay.obj
 0001:00001090       ?Release@?$CComContainedObject@VCOPOSLineDisplay@@@ATL@@WJA@AGKXZ 10002090 f i LineDisplay.obj
 0001:0000109d       ?QueryInterface@?$CComContainedObject@VCOPOSLineDisplay@@@ATL@@WJE@AGJABU_GUID@@PAPAX@Z 1000209d f i LineDisplay.obj
 0001:000010aa       ?AddRef@?$CComContainedObject@VCOPOSLineDisplay@@@ATL@@WJE@AGKXZ 100020aa f i LineDisplay.obj
 0001:000010b7       ?Release@?$CComContainedObject@VCOPOSLineDisplay@@@ATL@@WJE@AGKXZ 100020b7 f i LineDisplay.obj
 0001:000010c4       ?QueryInterface@?$CComContainedObject@VCOPOSLineDisplay@@@ATL@@WJI@AGJABU_GUID@@PAPAX@Z 100020c4 f i LineDisplay.obj
 0001:000010d1       ?AddRef@?$CComContainedObject@VCOPOSLineDisplay@@@ATL@@WJI@AGKXZ 100020d1 f i LineDisplay.obj
 0001:000010de       ?Release@?$CComContainedObject@VCOPOSLineDisplay@@@ATL@@WJI@AGKXZ 100020de f i LineDisplay.obj
 0001:000010eb       ?QueryInterface@?$CComContainedObject@VCOPOSLineDisplay@@@ATL@@WJM@AGJABU_GUID@@PAPAX@Z 100020eb f i LineDisplay.obj
 0001:000010f8       ?AddRef@?$CComContainedObject@VCOPOSLineDisplay@@@ATL@@WJM@AGKXZ 100020f8 f i LineDisplay.obj
 0001:00001105       ?Release@?$CComContainedObject@VCOPOSLineDisplay@@@ATL@@WJM@AGKXZ 10002105 f i LineDisplay.obj
 0001:00001112       ?QueryInterface@?$CComContainedObject@VCOPOSLineDisplay@@@ATL@@WKA@AGJABU_GUID@@PAPAX@Z 10002112 f i LineDisplay.obj
 0001:0000111f       ?AddRef@?$CComContainedObject@VCOPOSLineDisplay@@@ATL@@WKA@AGKXZ 1000211f f i LineDisplay.obj
 0001:0000112c       ?Release@?$CComContainedObject@VCOPOSLineDisplay@@@ATL@@WKA@AGKXZ 1000212c f i LineDisplay.obj
 0001:00001139       ?AddRef@?$CComContainedObject@VCOPOSLineDisplay@@@ATL@@WKI@AGKXZ 10002139 f i LineDisplay.obj
 0001:00001146       ?Release@?$CComContainedObject@VCOPOSLineDisplay@@@ATL@@WKI@AGKXZ 10002146 f i LineDisplay.obj
 0001:00001153       ?AddRef@?$CComContainedObject@VCOPOSLineDisplay@@@ATL@@WLE@AGKXZ 10002153 f i LineDisplay.obj
 0001:00001160       ?Release@?$CComContainedObject@VCOPOSLineDisplay@@@ATL@@WLE@AGKXZ 10002160 f i LineDisplay.obj
 0001:0000116d       ?GetWindowProc@?$CWindowImplBaseT@VCWindow@ATL@@V?$CWinTraits@$0FGAAAAAA@$0A@@2@@ATL@@UAEP6GJPAUHWND__@@IIJ@ZXZ 1000216d f i LineDisplay.obj
 0001:00001173       ?StartWindowProc@?$CWindowImplBaseT@VCWindow@ATL@@V?$CWinTraits@$0FGAAAAAA@$0A@@2@@ATL@@SGJPAUHWND__@@IIJ@Z 10002173 f i LineDisplay.obj
 0001:000011c7       ?ObjectMain@CComObjectRootBase@ATL@@SGX_N@Z 100021c7 f i LineDisplay.obj
 0001:000011c7       ?OnFinalMessage@?$CWindowImplBaseT@VCWindow@ATL@@V?$CWinTraits@$0FGAAAAAA@$0A@@2@@ATL@@UAEXPAUHWND__@@@Z 100021c7 f i LineDisplay.obj
 0001:000011ca       ?GetTypeInfoCount@?$IDispatchImpl@UIOPOSLineDisplay@@$1?IID_IOPOSLineDisplay@@3U_GUID@@B$1?LIBID_OposLineDisplay_CCO@@3U3@B$00$0A@VCComTypeInfoHolder@ATL@@@ATL@@UAGJPAI@Z 100021ca f i LineDisplay.obj
 0001:000011e7       ?GetTypeInfo@?$IDispatchImpl@UIOPOSLineDisplay@@$1?IID_IOPOSLineDisplay@@3U_GUID@@B$1?LIBID_OposLineDisplay_CCO@@3U3@B$00$0A@VCComTypeInfoHolder@ATL@@@ATL@@UAGJIKPAPAUITypeInfo@@@Z 100021e7 f i LineDisplay.obj
 0001:0000120b       ?GetIDsOfNames@?$IDispatchImpl@UIOPOSLineDisplay@@$1?IID_IOPOSLineDisplay@@3U_GUID@@B$1?LIBID_OposLineDisplay_CCO@@3U3@B$00$0A@VCComTypeInfoHolder@ATL@@@ATL@@UAGJABU_GUID@@PAPA_WIKPAJ@Z 1000220b f i LineDisplay.obj
 0001:0000122b       ?Invoke@?$IDispatchImpl@UIOPOSLineDisplay@@$1?IID_IOPOSLineDisplay@@3U_GUID@@B$1?LIBID_OposLineDisplay_CCO@@3U3@B$00$0A@VCComTypeInfoHolder@ATL@@@ATL@@UAGJJABU_GUID@@KGPAUtagDISPPARAMS@@PAUtagVARIANT@@PAUtagEXCEPINFO@@PAI@Z 1000222b f i LineDisplay.obj
 0001:00001239       ?CreateControlWindow@?$CComControl@VCOPOSLineDisplay@@V?$CWindowImpl@VCOPOSLineDisplay@@VCWindow@ATL@@V?$CWinTraits@$0FGAAAAAA@$0A@@3@@ATL@@@ATL@@UAEPAUHWND__@@PAU3@AAUtagRECT@@@Z 10002239 f i LineDisplay.obj
 0001:00001268       ?ControlQueryInterface@?$CComControl@VCOPOSLineDisplay@@V?$CWindowImpl@VCOPOSLineDisplay@@VCWindow@ATL@@V?$CWinTraits@$0FGAAAAAA@$0A@@3@@ATL@@@ATL@@UAEJABU_GUID@@PAPAX@Z 10002268 f i LineDisplay.obj
 0001:00001283       ?GetClassID@?$IPersistStreamInitImpl@VCOPOSLineDisplay@@@ATL@@UAGJPAU_GUID@@@Z 10002283 f i LineDisplay.obj
 0001:00001283       ?GetUserClassID@?$IOleObjectImpl@VCOPOSLineDisplay@@@ATL@@UAGJPAU_GUID@@@Z 10002283 f i LineDisplay.obj
 0001:00001283       ?GetClassID@?$IPersistStorageImpl@VCOPOSLineDisplay@@@ATL@@UAGJPAU_GUID@@@Z 10002283 f i LineDisplay.obj
 0001:000012a7       ?IsDirty@?$IPersistStreamInitImpl@VCOPOSLineDisplay@@@ATL@@UAGJXZ 100022a7 f i LineDisplay.obj
 0001:000012c6       ?Load@?$IPersistStreamInitImpl@VCOPOSLineDisplay@@@ATL@@UAGJPAUIStream@@@Z 100022c6 f i LineDisplay.obj
 0001:000012e5       ?Save@?$IPersistStreamInitImpl@VCOPOSLineDisplay@@@ATL@@UAGJPAUIStream@@H@Z 100022e5 f i LineDisplay.obj
 0001:00001307       ?GetSizeMax@?$IPersistStreamInitImpl@VCOPOSLineDisplay@@@ATL@@UAGJPAT_ULARGE_INTEGER@@@Z 10002307 f i LineDisplay.obj
 0001:000014bc       ?InitNew@?$IPersistStreamInitImpl@VCOPOSLineDisplay@@@ATL@@UAGJXZ 100024bc f i LineDisplay.obj
 0001:000014d9       ?QueryGetData@?$IDataObjectImpl@VCOPOSLineDisplay@@@ATL@@UAGJPAUtagFORMATETC@@@Z 100024d9 f i LineDisplay.obj
 0001:000014d9       ?SetColorScheme@?$IOleObjectImpl@VCOPOSLineDisplay@@@ATL@@UAGJPAUtagLOGPALETTE@@@Z 100024d9 f i LineDisplay.obj
 0001:000014d9       ?OnMnemonic@?$IOleControlImpl@VCOPOSLineDisplay@@@ATL@@UAGJPAUtagMSG@@@Z 100024d9 f i LineDisplay.obj
 0001:000014d9       ?ContextSensitiveHelp@?$IOleInPlaceActiveObjectImpl@VCOPOSLineDisplay@@@ATL@@UAGJH@Z 100024d9 f i LineDisplay.obj
 0001:000014d9       ?SOOutputCompleteDummy@COPOSLineDisplay@@MAGJJ@Z 100024d9 f i LineDisplay.obj
 0001:000014d9       ?GetControlInfo@?$IOleControlImpl@VCOPOSLineDisplay@@@ATL@@UAGJPAUtagCONTROLINFO@@@Z 100024d9 f i LineDisplay.obj
 0001:000014d9       ?GetDropTarget@?$IOleInPlaceObjectWindowlessImpl@VCOPOSLineDisplay@@@ATL@@UAGJPAPAUIDropTarget@@@Z 100024d9 f i LineDisplay.obj
 0001:000014d9       ?SODataDummy@COPOSLineDisplay@@MAGJJ@Z 100024d9 f i LineDisplay.obj
 0001:000014d9       ?Unfreeze@?$IViewObjectExImpl@VCOPOSLineDisplay@@@ATL@@UAGJK@Z 100024d9 f i LineDisplay.obj
 0001:000014d9       ?ContextSensitiveHelp@?$IOleInPlaceObjectWindowlessImpl@VCOPOSLineDisplay@@@ATL@@UAGJH@Z 100024d9 f i LineDisplay.obj
 0001:000014e1       ?SaveCompleted@?$IPersistStorageImpl@VCOPOSLineDisplay@@@ATL@@UAGJPAUIStorage@@@Z 100024e1 f i LineDisplay.obj
 0001:000014e1       ?OnAmbientPropertyChange@?$IOleControlImpl@VCOPOSLineDisplay@@@ATL@@UAGJJ@Z 100024e1 f i LineDisplay.obj
 0001:000014e1       ?OnFrameWindowActivate@?$IOleInPlaceActiveObjectImpl@VCOPOSLineDisplay@@@ATL@@UAGJH@Z 100024e1 f i LineDisplay.obj
 0001:000014e1       ?EnableModeless@?$IOleInPlaceActiveObjectImpl@VCOPOSLineDisplay@@@ATL@@UAGJH@Z 100024e1 f i LineDisplay.obj
 0001:000014e6       ?SetClientSite@?$IOleObjectImpl@VCOPOSLineDisplay@@@ATL@@UAGJPAUIOleClientSite@@@Z 100024e6 f i LineDisplay.obj
 0001:00001503       ?GetClientSite@?$IOleObjectImpl@VCOPOSLineDisplay@@@ATL@@UAGJPAPAUIOleClientSite@@@Z 10002503 f i LineDisplay.obj
 0001:00001520       ?SetHostNames@?$IOleObjectImpl@VCOPOSLineDisplay@@@ATL@@UAGJPB_W0@Z 10002520 f i LineDisplay.obj
 0001:00001525       ?Close@?$IOleObjectImpl@VCOPOSLineDisplay@@@ATL@@UAGJK@Z 10002525 f i LineDisplay.obj
 0001:00001542       ?InitFromData@?$IOleObjectImpl@VCOPOSLineDisplay@@@ATL@@UAGJPAUIDataObject@@HK@Z 10002542 f i LineDisplay.obj
 0001:00001542       ?SetData@?$IDataObjectImpl@VCOPOSLineDisplay@@@ATL@@UAGJPAUtagFORMATETC@@PAUtagSTGMEDIUM@@H@Z 10002542 f i LineDisplay.obj
 0001:00001542       ?GetMoniker@?$IOleObjectImpl@VCOPOSLineDisplay@@@ATL@@UAGJKKPAPAUIMoniker@@@Z 10002542 f i LineDisplay.obj
 0001:0000154a       ?DoVerb@?$IOleObjectImpl@VCOPOSLineDisplay@@@ATL@@UAGJJPAUtagMSG@@PAUIOleClientSite@@JPAUHWND__@@PBUtagRECT@@@Z 1000254a f i LineDisplay.obj
 0001:00001662       ?EnumVerbs@?$IOleObjectImpl@VCOPOSLineDisplay@@@ATL@@UAGJPAPAUIEnumOLEVERB@@@Z 10002662 f i LineDisplay.obj
 0001:00001684       ?GetUserType@?$IOleObjectImpl@VCOPOSLineDisplay@@@ATL@@UAGJKPAPA_W@Z 10002684 f i LineDisplay.obj
 0001:0000169c       ?SetExtent@?$IOleObjectImpl@VCOPOSLineDisplay@@@ATL@@UAGJKPAUtagSIZE@@@Z 1000269c f i LineDisplay.obj
 0001:000016bc       ?GetExtent@?$IOleObjectImpl@VCOPOSLineDisplay@@@ATL@@UAGJKPAUtagSIZE@@@Z 100026bc f i LineDisplay.obj
 0001:000016fa       ?Advise@?$IOleObjectImpl@VCOPOSLineDisplay@@@ATL@@UAGJPAUIAdviseSink@@PAK@Z 100026fa f i LineDisplay.obj
 0001:0000171a       ?Unadvise@?$IOleObjectImpl@VCOPOSLineDisplay@@@ATL@@UAGJK@Z 1000271a f i LineDisplay.obj
 0001:00001749       ?EnumAdvise@?$IOleObjectImpl@VCOPOSLineDisplay@@@ATL@@UAGJPAPAUIEnumSTATDATA@@@Z 10002749 f i LineDisplay.obj
 0001:00001789       ?GetMiscStatus@?$IOleObjectImpl@VCOPOSLineDisplay@@@ATL@@UAGJKPAK@Z 10002789 f i LineDisplay.obj
 0001:000017a1       ?GetWindow@?$IOleInPlaceActiveObjectImpl@VCOPOSLineDisplay@@@ATL@@UAGJPAPAUHWND__@@@Z 100027a1 f i LineDisplay.obj
 0001:000017ee       ?TranslateAcceleratorW@?$IOleInPlaceActiveObjectImpl@VCOPOSLineDisplay@@@ATL@@UAGJPAUtagMSG@@@Z 100027ee f i LineDisplay.obj
 0001:0000188c       ?OnDocWindowActivate@?$IOleInPlaceActiveObjectImpl@VCOPOSLineDisplay@@@ATL@@UAGJH@Z 1000288c f i LineDisplay.obj
 0001:000018ae       ?ResizeBorder@?$IOleInPlaceActiveObjectImpl@VCOPOSLineDisplay@@@ATL@@UAGJPBUtagRECT@@PAUIOleInPlaceUIWindow@@H@Z 100028ae f i LineDisplay.obj
 0001:000018b3       ?Draw@?$IViewObjectExImpl@VCOPOSLineDisplay@@@ATL@@UAGJKJPAXPAUtagDVTARGETDEVICE@@PAUHDC__@@2PBU_RECTL@@3P6GHK@ZK@Z 100028b3 f i LineDisplay.obj
 0001:000018e5       ?GetColorSet@?$IViewObjectExImpl@VCOPOSLineDisplay@@@ATL@@UAGJKJPAXPAUtagDVTARGETDEVICE@@PAUHDC__@@PAPAUtagLOGPALETTE@@@Z 100028e5 f i LineDisplay.obj
 0001:000018ed       ?SOErrorDummy@COPOSLineDisplay@@MAGJJJJPAJ@Z 100028ed f i LineDisplay.obj
 0001:000018ed       ?Freeze@?$IViewObjectExImpl@VCOPOSLineDisplay@@@ATL@@UAGJKJPAXPAK@Z 100028ed f i LineDisplay.obj
 0001:000018f5       ?SetAdvise@?$IViewObjectExImpl@VCOPOSLineDisplay@@@ATL@@UAGJKKPAUIAdviseSink@@@Z 100028f5 f i LineDisplay.obj
 0001:00001914       ?GetAdvise@?$IViewObjectExImpl@VCOPOSLineDisplay@@@ATL@@UAGJPAK0PAPAUIAdviseSink@@@Z 10002914 f i LineDisplay.obj
 0001:00001949       ?GetExtent@?$IViewObjectExImpl@VCOPOSLineDisplay@@@ATL@@UAGJKJPAUtagDVTARGETDEVICE@@PAUtagSIZE@@@Z 10002949 f i LineDisplay.obj
 0001:0000197a       ?GetViewStatus@?$IViewObjectExImpl@VCOPOSLineDisplay@@@ATL@@UAGJPAK@Z 1000297a f i LineDisplay.obj
 0001:00001997       ?QueryHitPoint@?$IViewObjectExImpl@VCOPOSLineDisplay@@@ATL@@UAGJKPBUtagRECT@@UtagPOINT@@JPAK@Z 10002997 f i LineDisplay.obj
 0001:000019d8       ?QueryHitRect@?$IViewObjectExImpl@VCOPOSLineDisplay@@@ATL@@UAGJKPBUtagRECT@@0JPAK@Z 100029d8 f i LineDisplay.obj
 0001:00001a33       ?GetNaturalExtent@?$IViewObjectExImpl@VCOPOSLineDisplay@@@ATL@@UAGJKJPAUtagDVTARGETDEVICE@@PAUHDC__@@PAUtagExtentInfo@@PAUtagSIZE@@@Z 10002a33 f i LineDisplay.obj
 0001:00001a7e       ?GetWindow@?$IOleInPlaceObjectWindowlessImpl@VCOPOSLineDisplay@@@ATL@@UAGJPAPAUHWND__@@@Z 10002a7e f i LineDisplay.obj
 0001:00001acb       ?InPlaceDeactivate@?$IOleInPlaceObjectWindowlessImpl@VCOPOSLineDisplay@@@ATL@@UAGJXZ 10002acb f i LineDisplay.obj
 0001:00001ae5       ?UIDeactivate@?$IOleInPlaceObjectWindowlessImpl@VCOPOSLineDisplay@@@ATL@@UAGJXZ 10002ae5 f i LineDisplay.obj
 0001:00001aff       ?SetObjectRects@?$IOleInPlaceObjectWindowlessImpl@VCOPOSLineDisplay@@@ATL@@UAGJPBUtagRECT@@0@Z 10002aff f i LineDisplay.obj
 0001:00001b1f       ?ReactivateAndUndo@?$IOleInPlaceObjectWindowlessImpl@VCOPOSLineDisplay@@@ATL@@UAGJXZ 10002b1f f i LineDisplay.obj
 0001:00001b27       ?OnWindowMessage@?$IOleInPlaceObjectWindowlessImpl@VCOPOSLineDisplay@@@ATL@@UAGJIIJPAJ@Z 10002b27 f i LineDisplay.obj
 0001:00001b97       ?EnumConnectionPoints@?$IConnectionPointContainerImpl@VCOPOSLineDisplay@@@ATL@@UAGJPAPAUIEnumConnectionPoints@@@Z 10002b97 f i LineDisplay.obj
 0001:00001d11       ?FindConnectionPoint@?$IConnectionPointContainerImpl@VCOPOSLineDisplay@@@ATL@@UAGJABU_GUID@@PAPAUIConnectionPoint@@@Z 10002d11 f i LineDisplay.obj
 0001:00001db4       ?IsDirty@?$IPersistStorageImpl@VCOPOSLineDisplay@@@ATL@@UAGJXZ 10002db4 f i LineDisplay.obj
 0001:00001de8       ?InitNew@?$IPersistStorageImpl@VCOPOSLineDisplay@@@ATL@@UAGJPAUIStorage@@@Z 10002de8 f i LineDisplay.obj
 0001:00001e1c       ?Load@?$IPersistStorageImpl@VCOPOSLineDisplay@@@ATL@@UAGJPAUIStorage@@@Z 10002e1c f i LineDisplay.obj
 0001:00001e88       ?Save@?$IPersistStorageImpl@VCOPOSLineDisplay@@@ATL@@UAGJPAUIStorage@@H@Z 10002e88 f i LineDisplay.obj
 0001:00001efb       ?GetPages@?$ISpecifyPropertyPagesImpl@VCOPOSLineDisplay@@@ATL@@UAGJPAUtagCAUUID@@@Z 10002efb f i LineDisplay.obj
 0001:00001f12       ?QuickActivate@?$IQuickActivateImpl@VCOPOSLineDisplay@@@ATL@@UAGJPAUtagQACONTAINER@@PAUtagQACONTROL@@@Z 10002f12 f i LineDisplay.obj
 0001:00001f35       ?SetContentExtent@?$IQuickActivateImpl@VCOPOSLineDisplay@@@ATL@@UAGJPAUtagSIZE@@@Z 10002f35 f i LineDisplay.obj
 0001:00001f61       ?GetContentExtent@?$IQuickActivateImpl@VCOPOSLineDisplay@@@ATL@@UAGJPAUtagSIZE@@@Z 10002f61 f i LineDisplay.obj
 0001:00001f81       ?GetData@?$IDataObjectImpl@VCOPOSLineDisplay@@@ATL@@UAGJPAUtagFORMATETC@@PAUtagSTGMEDIUM@@@Z 10002f81 f i LineDisplay.obj
 0001:00001fa4       ?DAdvise@?$IDataObjectImpl@VCOPOSLineDisplay@@@ATL@@UAGJPAUtagFORMATETC@@KPAUIAdviseSink@@PAK@Z 10002fa4 f i LineDisplay.obj
 0001:00001fe5       ?DUnadvise@?$IDataObjectImpl@VCOPOSLineDisplay@@@ATL@@UAGJK@Z 10002fe5 f i LineDisplay.obj
 0001:00002013       ?EnumDAdvise@?$IDataObjectImpl@VCOPOSLineDisplay@@@ATL@@UAGJPAPAUIEnumSTATDATA@@@Z 10003013 f i LineDisplay.obj
 0001:00002052       ?GetClassInfoW@?$IProvideClassInfo2Impl@$1?CLSID_OPOSLineDisplay@@3U_GUID@@B$1?DIID__IOPOSLineDisplayEvents@@3U2@B$1?LIBID_OposLineDisplay_CCO@@3U2@B$00$0A@VCComTypeInfoHolder@ATL@@@ATL@@UAGJPAPAUITypeInfo@@@Z 10003052 f i LineDisplay.obj
 0001:00002068       ?GetGUID@?$IProvideClassInfo2Impl@$1?CLSID_OPOSLineDisplay@@3U_GUID@@B$1?DIID__IOPOSLineDisplayEvents@@3U2@B$1?LIBID_OposLineDisplay_CCO@@3U2@B$00$0A@VCComTypeInfoHolder@ATL@@@ATL@@UAGJKPAU_GUID@@@Z 10003068 f i LineDisplay.obj
 0001:000020a6       __get_startup_argv_mode    100030a6 f i LIBCMT:argv_mode.obj
 0001:000020a6       ?FAccessAllowed@?$IObjectSafetyImpl@VCOPOSLineDisplay@@$02@ATL@@MAEHXZ 100030a6 f i LineDisplay.obj
 0001:000020aa       ?GetInterfaceSafetyOptions@?$IObjectSafetyImpl@VCOPOSLineDisplay@@$02@ATL@@UAGJABU_GUID@@PAK1@Z 100030aa f i LineDisplay.obj
 0001:0000211e       ?SetInterfaceSafetyOptions@?$IObjectSafetyImpl@VCOPOSLineDisplay@@$02@ATL@@UAGJABU_GUID@@KK@Z 1000311e f i LineDisplay.obj
 0001:00002198       ?_LocCPQueryInterface@?$IConnectionPointImpl@VCOPOSLineDisplay@@$1?DIID__IOPOSLineDisplayEvents@@3U_GUID@@BVCComDynamicUnkArray@ATL@@@ATL@@UAGJABU_GUID@@PAPAX@Z 10003198 f i LineDisplay.obj
 0001:00002198       ?_LocCPQueryInterface@?$IConnectionPointImpl@VCOPOSLineDisplay@@$1?IID_IPropertyNotifySink@@3U_GUID@@BVCComDynamicUnkArray@ATL@@@ATL@@UAGJABU_GUID@@PAPAX@Z 10003198 f i LineDisplay.obj
 0001:000021e5       ?GetConnectionInterface@?$IConnectionPointImpl@VCOPOSLineDisplay@@$1?IID_IPropertyNotifySink@@3U_GUID@@BVCComDynamicUnkArray@ATL@@@ATL@@UAGJPAU_GUID@@@Z 100031e5 f i LineDisplay.obj
 0001:00002209       ?GetConnectionPointContainer@?$IConnectionPointImpl@VCOPOSLineDisplay@@$1?IID_IPropertyNotifySink@@3U_GUID@@BVCComDynamicUnkArray@ATL@@@ATL@@UAGJPAPAUIConnectionPointContainer@@@Z 10003209 f i LineDisplay.obj
 0001:0000222c       ?Advise@?$IConnectionPointImpl@VCOPOSLineDisplay@@$1?IID_IPropertyNotifySink@@3U_GUID@@BVCComDynamicUnkArray@ATL@@@ATL@@UAGJPAUIUnknown@@PAK@Z 1000322c f i LineDisplay.obj
 0001:0000222c       ?Advise@?$IConnectionPointImpl@VCOPOSLineDisplay@@$1?DIID__IOPOSLineDisplayEvents@@3U_GUID@@BVCComDynamicUnkArray@ATL@@@ATL@@UAGJPAUIUnknown@@PAK@Z 1000322c f i LineDisplay.obj
 0001:000022cd       ?Unadvise@?$IConnectionPointImpl@VCOPOSLineDisplay@@$1?IID_IPropertyNotifySink@@3U_GUID@@BVCComDynamicUnkArray@ATL@@@ATL@@UAGJK@Z 100032cd f i LineDisplay.obj
 0001:000022cd       ?Unadvise@?$IConnectionPointImpl@VCOPOSLineDisplay@@$1?DIID__IOPOSLineDisplayEvents@@3U_GUID@@BVCComDynamicUnkArray@ATL@@@ATL@@UAGJK@Z 100032cd f i LineDisplay.obj
 0001:0000230d       ?EnumConnections@?$IConnectionPointImpl@VCOPOSLineDisplay@@$1?IID_IPropertyNotifySink@@3U_GUID@@BVCComDynamicUnkArray@ATL@@@ATL@@UAGJPAPAUIEnumConnections@@@Z 1000330d f i LineDisplay.obj
 0001:0000230d       ?EnumConnections@?$IConnectionPointImpl@VCOPOSLineDisplay@@$1?DIID__IOPOSLineDisplayEvents@@3U_GUID@@BVCComDynamicUnkArray@ATL@@@ATL@@UAGJPAPAUIEnumConnections@@@Z 1000330d f i LineDisplay.obj
 0001:00002413       ?GetCategoryMap@CComObjectRootBase@ATL@@SAPBU_ATL_CATMAP_ENTRY@2@XZ 10003413 f i LineDisplay.obj
 0001:00002413       ?GetObjectDescription@?$CComCoClass@VCOPOSLineDisplay@@$1?CLSID_OPOSLineDisplay@@3U_GUID@@B@ATL@@SGPB_WXZ 10003413 f i LineDisplay.obj
 0001:00002416       ?GetConnectionInterface@?$IConnectionPointImpl@VCOPOSLineDisplay@@$1?DIID__IOPOSLineDisplayEvents@@3U_GUID@@BVCComDynamicUnkArray@ATL@@@ATL@@UAGJPAU_GUID@@@Z 10003416 f i LineDisplay.obj
 0001:0000243a       ?GetConnectionPointContainer@?$IConnectionPointImpl@VCOPOSLineDisplay@@$1?DIID__IOPOSLineDisplayEvents@@3U_GUID@@BVCComDynamicUnkArray@ATL@@@ATL@@UAGJPAPAUIConnectionPointContainer@@@Z 1000343a f i LineDisplay.obj
 0001:0000245d       ?UpdateRegistry@COPOSLineDisplay@@SGJH@Z 1000345d f i LineDisplay.obj
 0001:00002475       ?ProcessWindowMessage@COPOSLineDisplay@@UAEHPAUHWND__@@IIJAAJK@Z 10003475 f i LineDisplay.obj
 0001:000024be       ?SODirectIO@COPOSLineDisplay@@MAGJJPAJPAPA_W@Z 100034be f i LineDisplay.obj
 0001:00002507       ?SOStatusUpdate@COPOSLineDisplay@@MAGJJ@Z 10003507 f i LineDisplay.obj
 0001:00002540       ?CreateInstance@?$CComCreator@V?$CComObjectCached@VCComClassFactory@ATL@@@ATL@@@ATL@@SGJPAXABU_GUID@@PAPAX@Z 10003540 f i LineDisplay.obj
 0001:000025d3       ?CreateInstance@?$CComCreator2@V?$CComCreator@V?$CComObject@VCOPOSLineDisplay@@@ATL@@@ATL@@V?$CComCreator@V?$CComAggObject@VCOPOSLineDisplay@@@ATL@@@2@@ATL@@SGJPAXABU_GUID@@PAPAX@Z 100035d3 f i LineDisplay.obj
 0001:000025f3       ?Next@?$CComEnumImpl@UIEnumConnectionPoints@@$1?_GUID_b196b285_bab4_101a_b69c_00aa00341d07@@3U__s_GUID@@BPAUIConnectionPoint@@V?$_CopyInterface@UIConnectionPoint@@@ATL@@@ATL@@UAGJKPAPAUIConnectionPoint@@PAK@Z 100035f3 f i LineDisplay.obj
 0001:000026ca       ?Skip@?$CComEnumImpl@UIEnumConnectionPoints@@$1?_GUID_b196b285_bab4_101a_b69c_00aa00341d07@@3U__s_GUID@@BPAUIConnectionPoint@@V?$_CopyInterface@UIConnectionPoint@@@ATL@@@ATL@@UAGJK@Z 100036ca f i LineDisplay.obj
 0001:000026f7       ?Clone@?$CComEnumImpl@UIEnumConnectionPoints@@$1?_GUID_b196b285_bab4_101a_b69c_00aa00341d07@@3U__s_GUID@@BPAUIConnectionPoint@@V?$_CopyInterface@UIConnectionPoint@@@ATL@@@ATL@@UAGJPAPAUIEnumConnectionPoints@@@Z 100036f7 f i LineDisplay.obj
 0001:000027d8       ?QueryInterface@?$CComObject@V?$CComEnum@UIEnumConnectionPoints@@$1?_GUID_b196b285_bab4_101a_b69c_00aa00341d07@@3U__s_GUID@@BPAUIConnectionPoint@@V?$_CopyInterface@UIConnectionPoint@@@ATL@@VCComSingleThreadModel@6@@ATL@@@ATL@@UAGJABU_GUID@@PAPAX@Z 100037d8 f i LineDisplay.obj
 0001:000027f2       ?CreateInstance@CComClassFactory@ATL@@UAGJPAUIUnknown@@ABU_GUID@@PAPAX@Z 100037f2 f i LineDisplay.obj
 0001:00002830       ??_E?$CComObject@V?$CComEnum@UIEnumConnectionPoints@@$1?_GUID_b196b285_bab4_101a_b69c_00aa00341d07@@3U__s_GUID@@BPAUIConnectionPoint@@V?$_CopyInterface@UIConnectionPoint@@@ATL@@VCComSingleThreadModel@6@@ATL@@@ATL@@UAEPAXI@Z 10003830 f i LineDisplay.obj
 0001:00002830       ??_G?$CComObject@V?$CComEnum@UIEnumConnectionPoints@@$1?_GUID_b196b285_bab4_101a_b69c_00aa00341d07@@3U__s_GUID@@BPAUIConnectionPoint@@V?$_CopyInterface@UIConnectionPoint@@@ATL@@VCComSingleThreadModel@6@@ATL@@@ATL@@UAEPAXI@Z 10003830 f i LineDisplay.obj
 0001:00002852       ?LockServer@CComClassFactory@ATL@@UAGJH@Z 10003852 f i LineDisplay.obj
 0001:00002871       ??_GCComClassFactory@ATL@@UAEPAXI@Z 10003871 f i LineDisplay.obj
 0001:00002871       ??_ECComClassFactory@ATL@@UAEPAXI@Z 10003871 f i LineDisplay.obj
 0001:0000289c       ??$?4UITypeInfo2@@@?$CComPtr@UITypeInfo@@@ATL@@QAEPAUITypeInfo@@ABV?$CComPtr@UITypeInfo2@@@1@@Z 1000389c f i LineDisplay.obj
 0001:000028c9       ??$AtlAdd@K@ATL@@YAJPAKKK@Z 100038c9 f i LineDisplay.obj
 0001:000028ec       ??$AtlAdd@_K@ATL@@YAJPA_K_K1@Z 100038ec f i LineDisplay.obj
 0001:00002924       ??$AtlAddThrow@K@ATL@@YAKKK@Z 10003924 f i LineDisplay.obj
 0001:0000294a       ??$AtlModuleRegisterWndClassInfoT@VAtlModuleRegisterWndClassInfoParamW@ATL@@@ATL@@YAGPAU_ATL_BASE_MODULE70@0@PAU_ATL_WIN_MODULE70@0@PAU_ATL_WNDCLASSINFOW@0@PAP6GJPAUHWND__@@IIJ@ZVAtlModuleRegisterWndClassInfoParamW@0@@Z 1000394a f i LineDisplay.obj
 0001:00002a98       ??$AtlMultiply@H@ATL@@YAJPAHHH@Z 10003a98 f i LineDisplay.obj
 0001:00002ad0       ??$AtlMultiply@I@ATL@@YAJPAIII@Z 10003ad0 f i LineDisplay.obj
 0001:00002ad0       ??$AtlMultiply@K@ATL@@YAJPAKKK@Z 10003ad0 f i LineDisplay.obj
 0001:00002af2       ??$AtlMultiplyThrow@I@ATL@@YAIII@Z 10003af2 f i LineDisplay.obj
 0001:00002b18       ??0?$CComAggObject@VCOPOSLineDisplay@@@ATL@@QAE@PAX@Z 10003b18 f i LineDisplay.obj
 0001:00002b45       ??0?$CComContainedObject@VCOPOSLineDisplay@@@ATL@@QAE@PAX@Z 10003b45 f i LineDisplay.obj
 0001:00002bfe       ??0?$CComObject@V?$CComEnum@UIEnumConnectionPoints@@$1?_GUID_b196b285_bab4_101a_b69c_00aa00341d07@@3U__s_GUID@@BPAUIConnectionPoint@@V?$_CopyInterface@UIConnectionPoint@@@ATL@@VCComSingleThreadModel@6@@ATL@@@ATL@@QAE@PAX@Z 10003bfe f i LineDisplay.obj
 0001:00002c2c       ??0?$CComObject@V?$CComEnum@UIEnumConnections@@$1?_GUID_b196b287_bab4_101a_b69c_00aa00341d07@@3U__s_GUID@@BUtagCONNECTDATA@@V?$_Copy@UtagCONNECTDATA@@@ATL@@VCComSingleThreadModel@6@@ATL@@@ATL@@QAE@PAX@Z 10003c2c f i LineDisplay.obj
 0001:00002c5a       ??0?$CComObject@VCOPOSLineDisplay@@@ATL@@QAE@PAX@Z 10003c5a f i LineDisplay.obj
 0001:00002d11       ??0?$CComQIPtr@UIOleControlSite@@$1?_GUID_b196b289_bab4_101a_b69c_00aa00341d07@@3U__s_GUID@@B@ATL@@QAE@PAUIUnknown@@@Z 10003d11 f i LineDisplay.obj
 0001:00002d3a       ??0CAtlModule@ATL@@QAE@XZ  10003d3a f i LineDisplay.obj
 0001:00002d7b       ??0CParseBuffer@CRegParser@ATL@@QAE@H@Z 10003d7b f i LineDisplay.obj
 0001:00002db1       ??0_ATL_MSG@ATL@@QAE@PAUHWND__@@IIJH@Z 10003db1 f i LineDisplay.obj
 0001:00002de9       ??1?$CComAggObject@VCOPOSLineDisplay@@@ATL@@UAE@XZ 10003de9 f i LineDisplay.obj
 0001:00002e0d       ??1?$CComEnumImpl@UIEnumConnectionPoints@@$1?_GUID_b196b285_bab4_101a_b69c_00aa00341d07@@3U__s_GUID@@BPAUIConnectionPoint@@V?$_CopyInterface@UIConnectionPoint@@@ATL@@@ATL@@UAE@XZ 10003e0d f i LineDisplay.obj
 0001:00002e4d       ??1?$CComEnumImpl@UIEnumConnections@@$1?_GUID_b196b287_bab4_101a_b69c_00aa00341d07@@3U__s_GUID@@BUtagCONNECTDATA@@V?$_Copy@UtagCONNECTDATA@@@ATL@@@ATL@@UAE@XZ 10003e4d f i LineDisplay.obj
 0001:00002e8d       ??1?$CComObject@V?$CComEnum@UIEnumConnectionPoints@@$1?_GUID_b196b285_bab4_101a_b69c_00aa00341d07@@3U__s_GUID@@BPAUIConnectionPoint@@V?$_CopyInterface@UIConnectionPoint@@@ATL@@VCComSingleThreadModel@6@@ATL@@@ATL@@UAE@XZ 10003e8d f i LineDisplay.obj
 0001:00002eb0       ??1?$CComObject@V?$CComEnum@UIEnumConnections@@$1?_GUID_b196b287_bab4_101a_b69c_00aa00341d07@@3U__s_GUID@@BUtagCONNECTDATA@@V?$_Copy@UtagCONNECTDATA@@@ATL@@VCComSingleThreadModel@6@@ATL@@@ATL@@UAE@XZ 10003eb0 f i LineDisplay.obj
 0001:00002ed3       ??1?$CComObject@VCOPOSLineDisplay@@@ATL@@UAE@XZ 10003ed3 f i LineDisplay.obj
 0001:00002f91       ??1?$CComObjectCached@VCComClassFactory@ATL@@@ATL@@UAE@XZ 10003f91 f i LineDisplay.obj
 0001:00002fa7       ??1?$CComObjectRootEx@VCComMultiThreadModel@ATL@@@ATL@@QAE@XZ 10003fa7 f i LineDisplay.obj
 0001:00002fbc       ??1CRegObject@ATL@@UAE@XZ  10003fbc f i LineDisplay.obj
 0001:00002fdc       ??4?$CComPtr@UIOleClientSite@@@ATL@@QAEPAUIOleClientSite@@PAU2@@Z 10003fdc f i LineDisplay.obj
 0001:00002fdc       ??4?$CComPtr@UIAdviseSink@@@ATL@@QAEPAUIAdviseSink@@PAU2@@Z 10003fdc f i LineDisplay.obj
 0001:00002fdc       ??4?$CComPtr@UIUnknown@@@ATL@@QAEPAUIUnknown@@PAU2@@Z 10003fdc f i LineDisplay.obj
 0001:00003010       ??4?$CComQIPtr@UIOleObject@@$1?_GUID_00000112_0000_0000_c000_000000000046@@3U__s_GUID@@B@ATL@@QAEPAUIOleObject@@PAUIUnknown@@@Z 10004010 f i LineDisplay.obj
 0001:00003035       ??4?$CComQIPtr@UISpecifyPropertyPages@@$1?_GUID_b196b28b_bab4_101a_b69c_00aa00341d07@@3U__s_GUID@@B@ATL@@QAEPAUISpecifyPropertyPages@@PAUIUnknown@@@Z 10004035 f i LineDisplay.obj
 0001:0000305a       ??_E?$CComContainedObject@VCOPOSLineDisplay@@@ATL@@UAEPAXI@Z 1000405a f i LineDisplay.obj
 0001:0000305a       ??_G?$CComContainedObject@VCOPOSLineDisplay@@@ATL@@UAEPAXI@Z 1000405a f i LineDisplay.obj
 0001:0000307f       ??_E?$CComObject@VCOPOSLineDisplay@@@ATL@@UAEPAXI@Z 1000407f f i LineDisplay.obj
 0001:0000307f       ??_G?$CComObject@VCOPOSLineDisplay@@@ATL@@UAEPAXI@Z 1000407f f i LineDisplay.obj
 0001:000030a4       ?Add@?$CSimpleArray@GV?$CSimpleArrayEqualHelper@G@ATL@@@ATL@@QAEHABG@Z 100040a4 f i LineDisplay.obj
 0001:00003128       ?Add@?$CSimpleMap@PA_WPA_WVCExpansionVectorEqualHelper@ATL@@@ATL@@QAEHABQA_W0@Z 10004128 f i LineDisplay.obj
 0001:0000317d       ?Add@CComDynamicUnkArray@ATL@@QAEKPAUIUnknown@@@Z 1000417d f i LineDisplay.obj
 0001:00003233       ?Add@CExpansionVector@ATL@@QAEHPB_W0@Z 10004233 f i LineDisplay.obj
 0001:00003337       ?AddString@CParseBuffer@CRegParser@ATL@@QAEHPB_W@Z 10004337 f i LineDisplay.obj
 0001:0000336c       ?AddValue@CRegParser@ATL@@IAEJAAVCRegKey@2@PB_WPA_W@Z 1000436c f i LineDisplay.obj
 0001:0000368d       ?Allocate@?$CAtlSafeAllocBufferManager@VCCRTAllocator@ATL@@@_ATL_SAFE_ALLOCA_IMPL@ATL@@QAEPAXK@Z 1000468d f i LineDisplay.obj
 0001:000036ba       ?Allocate@?$CTempBuffer@E$0BAA@VCCRTAllocator@ATL@@@ATL@@QAEPAEI@Z 100046ba f i LineDisplay.obj
 0001:000036e9       ?Allocate@?$CTempBuffer@_W$0BAA@VCCRTAllocator@ATL@@@ATL@@QAEPA_WI@Z 100046e9 f i LineDisplay.obj
 0001:00003718       ?Allocate@?$CTempBuffer@_W$0EAA@VCCRTAllocator@ATL@@@ATL@@QAEPA_WI@Z 10004718 f i LineDisplay.obj
 0001:00003747       ?AllocateHeap@?$CTempBuffer@E$0BAA@VCCRTAllocator@ATL@@@ATL@@AAEXI@Z 10004747 f i LineDisplay.obj
 0001:00003747       ?AllocateHeap@?$CTempBuffer@_W$0BAA@VCCRTAllocator@ATL@@@ATL@@AAEXI@Z 10004747 f i LineDisplay.obj
 0001:00003747       ?AllocateHeap@?$CTempBuffer@_W$0EAA@VCCRTAllocator@ATL@@@ATL@@AAEXI@Z 10004747 f i LineDisplay.obj
 0001:0000376c       ?Append@CParseBuffer@CRegParser@ATL@@QAEHPB_WH@Z 1000476c f i LineDisplay.obj
 0001:000037fa       ?AtlCallTermFunc@ATL@@YGXPAU_ATL_MODULE70@1@@Z 100047fa f i LineDisplay.obj
 0001:0000383e       ?AtlCoTaskMemCAlloc@ATL@@YAPAXKK@Z 1000483e f i LineDisplay.obj
 0001:0000386b       ?AtlCoTaskMemRecalloc@ATL@@YAPAXPAXKK@Z 1000486b f i LineDisplay.obj
 0001:0000389b       ?AtlComModuleGetClassObject@ATL@@YGJPAU_ATL_COM_MODULE70@1@ABU_GUID@@1PAPAX@Z 1000489b f i LineDisplay.obj
 0001:0000398e       ?AtlComModuleRegisterServer@ATL@@YGJPAU_ATL_COM_MODULE70@1@HPBU_GUID@@@Z 1000498e f i LineDisplay.obj
 0001:00003a16       ?AtlComModuleUnregisterServer@ATL@@YGJPAU_ATL_COM_MODULE70@1@HPBU_GUID@@@Z 10004a16 f i LineDisplay.obj
 0001:00003a9e       ?AtlComQIPtrAssign2@ATL@@YAXPAPAUIUnknown@@PAU2@ABU_GUID@@@Z 10004a9e f i LineDisplay.obj
 0001:00003acd       ?AtlCreateTargetDC@ATL@@YGPAUHDC__@@PAU2@PAUtagDVTARGETDEVICE@@@Z 10004acd f i LineDisplay.obj
 0001:00003b36       ?AtlCrtErrorCheck@ATL@@YAHH@Z 10004b36 f i LineDisplay.obj
 0001:00003b71       ?AtlHiMetricToPixel@ATL@@YGXPBUtagSIZE@@PAU2@@Z 10004b71 f i LineDisplay.obj
 0001:00003be6       ?AtlHresultFromLastError@ATL@@YAJXZ 10004be6 f i LineDisplay.obj
 0001:00003bfd       ?AtlHresultFromWin32@ATL@@YAJK@Z 10004bfd f i LineDisplay.obj
 0001:00003c12       ?AtlIPersistStreamInit_Load@ATL@@YGJPAUIStream@@PBUATL_PROPMAP_ENTRY@1@PAXPAUIUnknown@@@Z 10004c12 f i LineDisplay.obj
 0001:00003df2       ?AtlIPersistStreamInit_Save@ATL@@YGJPAUIStream@@HPBUATL_PROPMAP_ENTRY@1@PAXPAUIUnknown@@@Z 10004df2 f i LineDisplay.obj
 0001:00003f8a       ?AtlInternalOleLoadFromStream@ATL@@YAJPAUIStream@@ABU_GUID@@PAPAXTClassesAllowedInStream@1@K@Z 10004f8a f i LineDisplay.obj
 0001:000040b0       ?AtlInternalQueryInterface@ATL@@YGJPAXPBU_ATL_INTMAP_ENTRY@1@ABU_GUID@@PAPAX@Z 100050b0 f i LineDisplay.obj
 0001:00004153       ?AtlLoadTypeLib@ATL@@YGJPAUHINSTANCE__@@PB_WPAPA_WPAPAUITypeLib@@@Z 10005153 f i LineDisplay.obj
 0001:00004331       ?AtlModuleAddTermFunc@ATL@@YGJPAU_ATL_MODULE70@1@P6GXK@ZK@Z 10005331 f i LineDisplay.obj
 0001:0000438e       ?AtlRegisterClassCategoriesHelper@ATL@@YGJABU_GUID@@PBU_ATL_CATMAP_ENTRY@1@H@Z 1000538e f i LineDisplay.obj
 0001:0000466e       ?AtlRegisterTypeLib@ATL@@YGJPAUHINSTANCE__@@PB_W@Z 1000566e f i LineDisplay.obj
 0001:000047f6       ?AtlThrowImpl@ATL@@YGXJ@Z  100057f6 f i LineDisplay.obj
 0001:00004814       ?AtlUnRegisterTypeLib@ATL@@YGJPAUHINSTANCE__@@PB_W@Z 10005814 f i LineDisplay.obj
 0001:000048bf       ?AtlWinModuleAddCreateWndData@ATL@@YGXPAU_ATL_WIN_MODULE70@1@PAU_AtlCreateWndData@1@PAX@Z 100058bf f i LineDisplay.obj
 0001:00004913       ?AtlWinModuleExtractCreateWndData@ATL@@YGPAXPAU_ATL_WIN_MODULE70@1@@Z 10005913 f i LineDisplay.obj
 0001:00004976       ?AtlWinModuleRegisterClassExW@ATL@@YGGPAU_ATL_WIN_MODULE70@1@PBUtagWNDCLASSEXW@@@Z 10005976 f i LineDisplay.obj
 0001:000049b5       ?CanForceRemoveKey@CRegParser@ATL@@IAEHPB_W@Z 100059b5 f i LineDisplay.obj
 0001:000049e4       ?ChToByte@CRegParser@ATL@@KAE_W@Z 100059e4 f i LineDisplay.obj
 0001:00004a17       ?Cleanup@CComTypeInfoHolder@ATL@@SGXK@Z 10005a17 f i LineDisplay.obj
 0001:00004a4a       ?ClearReplacements@CExpansionVector@ATL@@QAEJXZ 10005a4a f i LineDisplay.obj
 0001:00004a87       ?Close@CRegKey@ATL@@QAEJXZ 10005a87 f i LineDisplay.obj
 0001:00004aa1       ?CreateInstance@?$CComCreator@V?$CComAggObject@VCOPOSLineDisplay@@@ATL@@@ATL@@SGJPAXABU_GUID@@PAPAX@Z 10005aa1 f i LineDisplay.obj
 0001:00004b17       ?CreateInstance@?$CComCreator@V?$CComObject@VCOPOSLineDisplay@@@ATL@@@ATL@@SGJPAXABU_GUID@@PAPAX@Z 10005b17 f i LineDisplay.obj
 0001:00004b98       ?CreateInstance@?$CComObject@V?$CComEnum@UIEnumConnectionPoints@@$1?_GUID_b196b285_bab4_101a_b69c_00aa00341d07@@3U__s_GUID@@BPAUIConnectionPoint@@V?$_CopyInterface@UIConnectionPoint@@@ATL@@VCComSingleThreadModel@6@@ATL@@@ATL@@SGJPAPAV12@@Z 10005b98 f i LineDisplay.obj
 0001:00004bdf       ?CreateInstance@?$CComObject@V?$CComEnum@UIEnumConnections@@$1?_GUID_b196b287_bab4_101a_b69c_00aa00341d07@@3U__s_GUID@@BUtagCONNECTDATA@@V?$_Copy@UtagCONNECTDATA@@@ATL@@VCComSingleThreadModel@6@@ATL@@@ATL@@SGJPAPAV12@@Z 10005bdf f i LineDisplay.obj
 0001:00004c26       ?DefaultReflectionHandler@?$CWindowImplRoot@VCWindow@ATL@@@ATL@@SAHPAUHWND__@@IIJAAJ@Z 10005c26 f i LineDisplay.obj
 0001:00004c99       ?DeleteSubKey@CRegKey@ATL@@QAEJPB_W@Z 10005c99 f i LineDisplay.obj
 0001:00004d12       ?DoEvent@COPOSLineDisplay@@IAEXIIJ@Z 10005d12 f i LineDisplay.obj
 0001:00004d92       ?DoVerbHide@?$IOleObjectImpl@VCOPOSLineDisplay@@@ATL@@QAEJPBUtagRECT@@PAUHWND__@@@Z 10005d92 f i LineDisplay.obj
 0001:00004dc8       ?DoVerbInPlaceActivate@?$IOleObjectImpl@VCOPOSLineDisplay@@@ATL@@QAEJPBUtagRECT@@PAUHWND__@@@Z 10005dc8 f i LineDisplay.obj
 0001:00004dfb       ?DoVerbPrimary@?$IOleObjectImpl@VCOPOSLineDisplay@@@ATL@@QAEJPBUtagRECT@@PAUHWND__@@@Z 10005dfb f i LineDisplay.obj
 0001:00004e87       ?DoVerbProperties@CComControlBase@ATL@@QAEJPBUtagRECT@@PAUHWND__@@@Z 10005e87 f i LineDisplay.obj
 0001:00004fae       ?DoVerbShow@?$IOleObjectImpl@VCOPOSLineDisplay@@@ATL@@QAEJPBUtagRECT@@PAUHWND__@@@Z 10005fae f i LineDisplay.obj
 0001:00004fd3       ?DoVerbUIActivate@?$IOleObjectImpl@VCOPOSLineDisplay@@@ATL@@QAEJPBUtagRECT@@PAUHWND__@@@Z 10005fd3 f i LineDisplay.obj
 0001:00005010       ?DoesVerbActivate@CComControlBase@ATL@@QAEHJ@Z 10006010 f i LineDisplay.obj
 0001:00005031       ?DoesVerbUIActivate@CComControlBase@ATL@@QAEHJ@Z 10006031 f i LineDisplay.obj
 0001:00005066       ?EndOfVar@CRegParser@ATL@@IAEHXZ 10006066 f i LineDisplay.obj
 0001:00005086       ?EscapeSingleQuote@CAtlModule@ATL@@SAXPA_WIPB_W@Z 10006086 f i LineDisplay.obj
 0001:000050d5       ?FindKey@?$CSimpleMap@PA_WPA_WVCExpansionVectorEqualHelper@ATL@@@ATL@@QBEHABQA_W@Z 100060d5 f i LineDisplay.obj
 0001:0000510c       ?FireTheEvent@?$CProxy_IOPOSEvents@VCOPOSLineDisplay@@@@IAEXPAVOposVariant@@IAAJPB_WJ@Z 1000610c f i LineDisplay.obj
 0001:0000519e       ?FireViewChange@CComControlBase@ATL@@QAEJXZ 1000619e f i LineDisplay.obj
 0001:000051e7       ?Fire_DirectIOEvent@?$CProxy_IOPOSEvents@VCOPOSLineDisplay@@@@QAEXJPAJPAPA_W@Z 100061e7 f i LineDisplay.obj
 0001:000052cd       ?Fire_StatusUpdateEvent@?$CProxy_IOPOSEvents@VCOPOSLineDisplay@@@@QAEXJ@Z 100062cd f i LineDisplay.obj
 0001:00005359       ?FreeHeap@?$CTempBuffer@_W$0EAA@VCCRTAllocator@ATL@@@ATL@@AAEXXZ 10006359 f i LineDisplay.obj
 0001:00005359       ?FreeHeap@?$CTempBuffer@_W$0BAA@VCCRTAllocator@ATL@@@ATL@@AAEXXZ 10006359 f i LineDisplay.obj
 0001:00005359       ?FreeHeap@?$CTempBuffer@E$0BAA@VCCRTAllocator@ATL@@@ATL@@AAEXXZ 10006359 f i LineDisplay.obj
 0001:00005362       ?GetAmbientLocaleID@CComControlBase@ATL@@QAEJAAK@Z 10006362 f i LineDisplay.obj
 0001:000053be       ?GetAmbientUserMode@CComControlBase@ATL@@QAEJAAH@Z 100063be f i LineDisplay.obj
 0001:0000542e       ?GetAt@CComDynamicUnkArray@ATL@@QAEPAUIUnknown@@H@Z 1000642e f i LineDisplay.obj
 0001:0000544a       ?GetClassObject@CComModule@ATL@@QAEJABU_GUID@@0PAPAX@Z 1000644a f i LineDisplay.obj
 0001:000054ec       ?GetConnMap@COPOSLineDisplay@@SAPBU_ATL_CONNMAP_ENTRY@ATL@@PAH@Z 100064ec f i LineDisplay.obj
 0001:0000555c       ?GetCookie@CComDynamicUnkArray@ATL@@QAGKPAPAUIUnknown@@@Z 1000655c f i LineDisplay.obj
 0001:00005594       ?GetIDsOfNames@CComTypeInfoHolder@ATL@@QAEJABU_GUID@@PAPA_WIKPAJ@Z 10006594 f i LineDisplay.obj
 0001:000056a2       ?GetKeyAt@?$CSimpleMap@PA_WPA_WVCExpansionVectorEqualHelper@ATL@@@ATL@@QBEAAPA_WH@Z 100066a2 f i LineDisplay.obj
 0001:000056c7       ?GetPagesHelper@?$ISpecifyPropertyPagesImpl@VCOPOSLineDisplay@@@ATL@@IAEJPAUtagCAUUID@@PBUATL_PROPMAP_ENTRY@2@@Z 100066c7 f i LineDisplay.obj
 0001:000057ee       ?GetProperty@?$CComPtr@UIDispatch@@@ATL@@SAJPAUIDispatch@@JPAUtagVARIANT@@@Z 100067ee f i LineDisplay.obj
 0001:0000583d       ?GetSizeMax@CComVariant@ATL@@QBEJPAT_ULARGE_INTEGER@@@Z 1000683d f i LineDisplay.obj
 0001:000059f7       ?GetStreamSize@CComBSTR@ATL@@SAKPA_W@Z 100069f7 f i LineDisplay.obj
 0001:00005a11       ?GetTI@CComTypeInfoHolder@ATL@@QAEJK@Z 10006a11 f i LineDisplay.obj
 0001:00005bfa       ?GetTI@CComTypeInfoHolder@ATL@@QAEJKPAPAUITypeInfo@@@Z 10006bfa f i LineDisplay.obj
 0001:00005c3c       ?GetUnknown@CComDynamicUnkArray@ATL@@QAGPAUIUnknown@@K@Z 10006c3c f i LineDisplay.obj
 0001:00005c5d       ?GetValueAt@?$CSimpleMap@PA_WPA_WVCExpansionVectorEqualHelper@ATL@@@ATL@@QBEAAPA_WH@Z 10006c5d f i LineDisplay.obj
 0001:00005c83       ?GetZoomInfo@CComControlBase@ATL@@QAEXAAUATL_DRAWINFO@@@Z 10006c83 f i LineDisplay.obj
 0001:00005d16       ?HKeyFromString@CRegParser@ATL@@KAPAUHKEY__@@PA_W@Z 10006d16 f i LineDisplay.obj
 0001:00005d44       ?HasSubKeys@CRegParser@ATL@@IAEHPAUHKEY__@@@Z 10006d44 f i LineDisplay.obj
 0001:00005d79       ?IDataObject_GetData@CComControlBase@ATL@@QAEJPAUtagFORMATETC@@PAUtagSTGMEDIUM@@@Z 10006d79 f i LineDisplay.obj
 0001:00005f1f       ?IOleInPlaceObject_InPlaceDeactivate@CComControlBase@ATL@@QAEJXZ 10006f1f f i LineDisplay.obj
 0001:00005fa6       ?IOleInPlaceObject_SetObjectRects@CComControlBase@ATL@@QAEJPBUtagRECT@@0@Z 10006fa6 f i LineDisplay.obj
 0001:00006073       ?IOleInPlaceObject_UIDeactivate@CComControlBase@ATL@@QAEJXZ 10007073 f i LineDisplay.obj
 0001:00006135       ?IOleObject_Advise@CComControlBase@ATL@@QAEJPAUIAdviseSink@@PAK@Z 10007135 f i LineDisplay.obj
 0001:0000615f       ?IOleObject_Close@CComControlBase@ATL@@QAEJK@Z 1000715f f i LineDisplay.obj
 0001:00006243       ?IOleObject_GetClientSite@CComControlBase@ATL@@QAEJPAPAUIOleClientSite@@@Z 10007243 f i LineDisplay.obj
 0001:0000626c       ?IOleObject_SetClientSite@CComControlBase@ATL@@QAEJPAUIOleClientSite@@@Z 1000726c f i LineDisplay.obj
 0001:000062ab       ?IOleObject_SetExtent@CComControlBase@ATL@@QAEJKPAUtagSIZE@@@Z 100072ab f i LineDisplay.obj
 0001:0000635f       ?IPSI_GetIPersistStreamInit@?$IPersistStorageImpl@VCOPOSLineDisplay@@@ATL@@AAEPAUIPersistStreamInit@@XZ 1000735f f i LineDisplay.obj
 0001:000063a1       ?IPersistStreamInit_Load@?$IPersistStreamInitImpl@VCOPOSLineDisplay@@@ATL@@QAEJPAUIStream@@PBUATL_PROPMAP_ENTRY@2@@Z 100073a1 f i LineDisplay.obj
 0001:000063cd       ?IPersistStreamInit_Save@?$IPersistStreamInitImpl@VCOPOSLineDisplay@@@ATL@@QAEJPAUIStream@@HPBUATL_PROPMAP_ENTRY@2@@Z 100073cd f i LineDisplay.obj
 0001:00006402       ?IQuickActivate_QuickActivate@CComControlBase@ATL@@QAEJPAUtagQACONTAINER@@PAUtagQACONTROL@@@Z 10007402 f i LineDisplay.obj
 0001:00006644       ?IViewObject_Draw@CComControlBase@ATL@@QAEJKJPAXPAUtagDVTARGETDEVICE@@PAUHDC__@@2PBU_RECTL@@3@Z 10007644 f i LineDisplay.obj
 0001:000066ec       ?InPlaceActivate@CComControlBase@ATL@@QAEJJPBUtagRECT@@@Z 100076ec f i LineDisplay.obj
 0001:0000695d       ?Init@?$CComEnumImpl@UIEnumConnectionPoints@@$1?_GUID_b196b285_bab4_101a_b69c_00aa00341d07@@3U__s_GUID@@BPAUIConnectionPoint@@V?$_CopyInterface@UIConnectionPoint@@@ATL@@@ATL@@QAEJPAPAUIConnectionPoint@@0PAUIUnknown@@W4CComEnumFlags@2@@Z 1000795d f i LineDisplay.obj
 0001:00006a3c       ?Init@?$CComEnumImpl@UIEnumConnections@@$1?_GUID_b196b287_bab4_101a_b69c_00aa00341d07@@3U__s_GUID@@BUtagCONNECTDATA@@V?$_Copy@UtagCONNECTDATA@@@ATL@@@ATL@@QAEJPAUtagCONNECTDATA@@0PAUIUnknown@@W4CComEnumFlags@2@@Z 10007a3c f i LineDisplay.obj
 0001:00006b1b       ?Init@CComModule@ATL@@QAEJPAU_ATL_OBJMAP_ENTRY30@2@PAUHINSTANCE__@@PBU_GUID@@@Z 10007b1b f i LineDisplay.obj
 0001:00006b7a       ?Init@CDynamicStdCallThunk2@ATL@@QAEHKPAX@Z 10007b7a f i LineDisplay.obj
 0001:00006ba5       ?InlineIsEqualUnknown@ATL@@YGHABU_GUID@@@Z 10007ba5 f i LineDisplay.obj
 0001:00006bcd       ?InternalGetSite@CComControlBase@ATL@@QAEJABU_GUID@@PAPAX@Z 10007bcd f i LineDisplay.obj
 0001:00006bfb       ?InternalSetAtIndex@?$CSimpleMap@PA_WPA_WVCExpansionVectorEqualHelper@ATL@@@ATL@@QAEXHABQA_W0@Z 10007bfb f i LineDisplay.obj
 0001:00006c25       ?Invoke@CComTypeInfoHolder@ATL@@QAEJPAUIDispatch@@JABU_GUID@@KGPAUtagDISPPARAMS@@PAUtagVARIANT@@PAUtagEXCEPINFO@@PAI@Z 10007c25 f i LineDisplay.obj
 0001:00006c68       ?IsEqualObject@?$CComPtrBase@UITypeInfo@@@ATL@@QAE_NPAUIUnknown@@@Z 10007c68 f i LineDisplay.obj
 0001:00006c68       ?IsEqualObject@?$CComPtrBase@UIOleClientSite@@@ATL@@QAE_NPAUIUnknown@@@Z 10007c68 f i LineDisplay.obj
 0001:00006cd5       ?IsSpace@CRegParser@ATL@@IAEH_W@Z 10007cd5 f i LineDisplay.obj
 0001:00006cff       ?LoadNameCache@CComTypeInfoHolder@ATL@@QAEJPAUITypeInfo@@@Z 10007cff f i LineDisplay.obj
 0001:00006e4d       ?Lookup@?$CSimpleMap@PA_WPA_WVCExpansionVectorEqualHelper@ATL@@@ATL@@QBEPA_WABQA_W@Z 10007e4d f i LineDisplay.obj
 0001:00006e73       ?NextToken@CRegParser@ATL@@IAEJPA_W@Z 10007e73 f i LineDisplay.obj
 0001:00006fab       ?OnKillFocus@CComControlBase@ATL@@QAEJIIJAAH@Z 10007fab f i LineDisplay.obj
 0001:00007006       ?OnMouseActivate@CComControlBase@ATL@@QAEJIIJAAH@Z 10008006 f i LineDisplay.obj
 0001:00007074       ?OnPaint@CComControlBase@ATL@@QAEJIIJAAH@Z 10008074 f i LineDisplay.obj
 0001:00007126       ?OnSetFocus@CComControlBase@ATL@@QAEJIIJAAH@Z 10008126 f i LineDisplay.obj
 0001:000071af       ?Open@CRegKey@ATL@@QAEJPAUHKEY__@@PB_WK@Z 100081af f i LineDisplay.obj
 0001:00007204       ?PreProcessBuffer@CRegParser@ATL@@QAEJPA_WPAPA_W@Z 10008204 f i LineDisplay.obj
 0001:0000746e       ?ProcessWindowMessage@?$CComControl@VCOPOSLineDisplay@@V?$CWindowImpl@VCOPOSLineDisplay@@VCWindow@ATL@@V?$CWinTraits@$0FGAAAAAA@$0A@@3@@ATL@@@ATL@@UAEHPAUHWND__@@IIJAAJK@Z 1000846e f i LineDisplay.obj
 0001:0000750d       ?PutProperty@?$CComPtr@UIDispatch@@@ATL@@SAJPAUIDispatch@@JPAUtagVARIANT@@@Z 1000850d f i LineDisplay.obj
 0001:0000759f       ?ReadFromStream@CComBSTR@ATL@@QAEJPAUIStream@@@Z 1000859f f i LineDisplay.obj
 0001:000076cd       ?ReadFromStream@CComVariant@ATL@@QAEJPAUIStream@@GTClassesAllowedInStream@2@K@Z 100086cd f i LineDisplay.obj
 0001:00007853       ?RecurseDeleteKey@CRegKey@ATL@@QAEJPB_W@Z 10008853 f i LineDisplay.obj
 0001:00007915       ?RegCreateKeyExW@CAtlTransactionManager@ATL@@QAEJPAUHKEY__@@PB_WKPA_WKKQAU_SECURITY_ATTRIBUTES@@PAPAU3@PAK@Z 10008915 f i LineDisplay.obj
 0001:00007978       ?RegDeleteKeyW@CAtlTransactionManager@ATL@@QAEJPAUHKEY__@@PB_W@Z 10008978 f i LineDisplay.obj
 0001:000079ca       ?RegOpenKeyExW@CAtlTransactionManager@ATL@@QAEJPAUHKEY__@@PB_WKKPAPAU3@@Z 100089ca f i LineDisplay.obj
 0001:00007a21       ?Register@_ATL_WNDCLASSINFOW@ATL@@QAEGPAP6GJPAUHWND__@@IIJ@Z@Z 10008a21 f i LineDisplay.obj
 0001:00007a41       ?RegisterBuffer@CRegParser@ATL@@QAEJPA_WH@Z 10008a41 f i LineDisplay.obj
 0001:00007b7a       ?RegisterFromResource@CRegObject@ATL@@IAEJPB_W00H@Z 10008b7a f i LineDisplay.obj
 0001:00007cb0       ?RegisterServer@?$CAtlModuleT@VCComModule@ATL@@@ATL@@QAEJHPBU_GUID@@@Z 10008cb0 f i LineDisplay.obj
 0001:00007cde       ?RegisterServer@CComModule@ATL@@QAEJHPBU_GUID@@@Z 10008cde f i LineDisplay.obj
 0001:00007d54       ?RegisterSubkeys@CRegParser@ATL@@IAEJPA_WPAUHKEY__@@HH@Z 10008d54 f i LineDisplay.obj
 0001:00008326       ?Remove@CComDynamicUnkArray@ATL@@QAEHK@Z 10009326 f i LineDisplay.obj
 0001:0000834f       ?RemoveAll@?$CSimpleMap@PA_WPA_WVCExpansionVectorEqualHelper@ATL@@@ATL@@QAEXXZ 1000934f f i LineDisplay.obj
 0001:0000837b       ?ResourceRegisterSz@CRegObject@ATL@@QAGJPB_W00@Z 1000937b f i LineDisplay.obj
 0001:000083a8       ?ResourceUnregisterSz@CRegObject@ATL@@QAGJPB_W00@Z 100093a8 f i LineDisplay.obj
 0001:000083d5       ?SendOnDataChange@CComControlBase@ATL@@QAEJK@Z 100093d5 f i LineDisplay.obj
 0001:00008422       ?SetControlFocus@CComControlBase@ATL@@QAEHH@Z 10009422 f i LineDisplay.obj
 0001:000084bf       ?SetMultiStringValue@CRegKey@ATL@@QAEJPB_W0@Z 100094bf f i LineDisplay.obj
 0001:0000851b       ?SetStringValue@CRegKey@ATL@@QAEJPB_W0K@Z 1000951b f i LineDisplay.obj
 0001:00008564       ?SkipAssignment@CRegParser@ATL@@IAEJPA_W@Z 10009564 f i LineDisplay.obj
 0001:000085c9       ?SkipWhiteSpace@CRegParser@ATL@@IAEXXZ 100095c9 f i LineDisplay.obj
 0001:000085eb       ?StrChrW@CRegParser@ATL@@KAPA_WPA_W_W@Z 100095eb f i LineDisplay.obj
 0001:00008628       ?Term@CAtlModule@ATL@@QAEXXZ 10009628 f i LineDisplay.obj
 0001:00008661       ?Term@CComModule@ATL@@QAEXXZ 10009661 f i LineDisplay.obj
 0001:000086b9       ?UnregisterServer@?$CAtlModuleT@VCComModule@ATL@@@ATL@@QAEJHPBU_GUID@@@Z 100096b9 f i LineDisplay.obj
 0001:000086df       ?UnregisterServer@CComModule@ATL@@QAEJHPBU_GUID@@@Z 100096df f i LineDisplay.obj
 0001:00008755       ?UpdateRegistryFromResource@CAtlModule@ATL@@QAGJIHPAU_ATL_REGMAP_ENTRY@2@@Z 10009755 f i LineDisplay.obj
 0001:00008920       ?UpdateRegistryFromResource@CAtlModule@ATL@@QAGJPB_WHPAU_ATL_REGMAP_ENTRY@2@@Z 10009920 f i LineDisplay.obj
 0001:00008af1       ?VTFromRegType@CRegParser@ATL@@KAHPB_WAAG@Z 10009af1 f i LineDisplay.obj
 0001:00008b5e       ?WindowProc@?$CWindowImplBaseT@VCWindow@ATL@@V?$CWinTraits@$0FGAAAAAA@$0A@@2@@ATL@@SGJPAUHWND__@@IIJ@Z 10009b5e f i LineDisplay.obj
 0001:00008c50       ?WriteToStream@CComBSTR@ATL@@QAEJPAUIStream@@@Z 10009c50 f i LineDisplay.obj
 0001:00008ca7       ?WriteToStream@CComVariant@ATL@@QAEJPAUIStream@@@Z 10009ca7 f i LineDisplay.obj
 0001:00008e21       ?WriteToStream@CComVariant@ATL@@QAEJPAUIStream@@G@Z 10009e21 f i LineDisplay.obj
 0001:00008e8a       ?_AtlInitialConstruct@?$CComObjectRootEx@VCComMultiThreadModel@ATL@@@ATL@@QAEJXZ 10009e8a f i LineDisplay.obj
 0001:00008e9f       ?_AtlVerifyStackAvailable@_ATL_SAFE_ALLOCA_IMPL@ATL@@YA_NK@Z 10009e9f f i LineDisplay.obj
 0001:00008f1d       ?atlCreate@?$CWindowImpl@VCOPOSLineDisplay@@VCWindow@ATL@@V?$CWinTraits@$0FGAAAAAA@$0A@@3@@ATL@@QAEPAUHWND__@@PAU3@V_U_RECT@2@PB_WKKV_U_MENUorID@2@PAX@Z 10009f1d f i LineDisplay.obj
 0001:00008f61       ?atlCreate@?$CWindowImplBaseT@VCWindow@ATL@@V?$CWinTraits@$0FGAAAAAA@$0A@@2@@ATL@@QAEPAUHWND__@@PAU3@V_U_RECT@2@PB_WKKV_U_MENUorID@2@GPAX@Z 10009f61 f i LineDisplay.obj
 0001:00008ffd       ?atlCreate@CRegKey@ATL@@QAEJPAUHKEY__@@PB_WPA_WKKPAU_SECURITY_ATTRIBUTES@@PAK@Z 10009ffd f i LineDisplay.obj
 0001:0000906c       ?copy@?$_Copy@UtagCONNECTDATA@@@ATL@@SAJPAUtagCONNECTDATA@@PBU3@@Z 1000a06c f i LineDisplay.obj
 0001:000090a2       ?copy@?$_CopyInterface@UIConnectionPoint@@@ATL@@SAJPAPAUIConnectionPoint@@PBQAU3@@Z 1000a0a2 f i LineDisplay.obj
 0001:000090d0       ?memcpy_s@Checked@ATL@@YAXPAXIPBXI@Z 1000a0d0 f i LineDisplay.obj
 0001:000090ef       ?ocscpy_s@@YA_NPA_WIPB_W@Z 1000a0ef f i LineDisplay.obj
 0001:0000911e       ?ocslen@@YAHPB_W@Z         1000a11e f i LineDisplay.obj
 0001:0000913e       ?wcscpy_s@Checked@ATL@@YAXPA_WIPB_W@Z 1000a13e f i LineDisplay.obj
 0001:0000915a       _DllCanUnloadNow@0         1000a15a f   LineDisplay.obj
 0001:00009166       _DllGetClassObject@12      1000a166 f   LineDisplay.obj
 0001:00009174       _DllMain@12                1000a174 f   LineDisplay.obj
 0001:000091b6       _DllRegisterServer@0       1000a1b6 f   LineDisplay.obj
 0001:000091c5       _DllUnregisterServer@0     1000a1c5 f   LineDisplay.obj
 0001:000091d4       _InlineIsEqualGUID         1000a1d4 f i LineDisplay.obj
 0001:00009204       ___local_stdio_printf_options 1000a204 f i LineDisplay.obj
 0001:0000920a       __vswprintf_s_l            1000a20a f i LineDisplay.obj
 0001:000092b7       _swprintf_s                1000a2b7 f i LineDisplay.obj
 0001:000092d3       ??0?$CComControl@VCOPOSLineDisplay@@V?$CWindowImpl@VCOPOSLineDisplay@@VCWindow@ATL@@V?$CWinTraits@$0FGAAAAAA@$0A@@3@@ATL@@@ATL@@QAE@XZ 1000a2d3 f i LineDisplayImpl.obj
 0001:000092fa       ??0CComControlBase@ATL@@QAE@AAPAUHWND__@@@Z 1000a2fa f i LineDisplayImpl.obj
 0001:00009344       ??0COPOSLineDisplay@@QAE@XZ 1000a344 f   LineDisplayImpl.obj
 0001:00009393       ??1?$CComControl@VCOPOSLineDisplay@@V?$CWindowImpl@VCOPOSLineDisplay@@VCWindow@ATL@@V?$CWinTraits@$0FGAAAAAA@$0A@@3@@ATL@@@ATL@@UAE@XZ 1000a393 f i LineDisplayImpl.obj
 0001:000093ac       ??1?$IConnectionPointImpl@VCOPOSLineDisplay@@$1?IID_IPropertyNotifySink@@3U_GUID@@BVCComDynamicUnkArray@ATL@@@ATL@@QAE@XZ 1000a3ac f i LineDisplayImpl.obj
 0001:000093ac       ??1?$IConnectionPointImpl@VCOPOSLineDisplay@@$1?DIID__IOPOSLineDisplayEvents@@3U_GUID@@BVCComDynamicUnkArray@ATL@@@ATL@@QAE@XZ 1000a3ac f i LineDisplayImpl.obj
 0001:000093e9       ??1CComControlBase@ATL@@UAE@XZ 1000a3e9 f i LineDisplayImpl.obj
 0001:0000944c       ??1COPOSLineDisplay@@UAE@XZ 1000a44c f   LineDisplayImpl.obj
 0001:00009494       ??1OposVariantResult@@QAE@XZ 1000a494 f i LineDisplayImpl.obj
 0001:000094b5       ??1_CW@@QAE@XZ             1000a4b5 f i LineDisplayImpl.obj
 0001:000094ce       ?CheckHealth@COPOSLineDisplay@@UAGJJPAJ@Z 1000a4ce f   LineDisplayImpl.obj
 0001:0000951d       ?ClaimDevice@COPOSLineDisplay@@UAGJJPAJ@Z 1000a51d f   LineDisplayImpl.obj
 0001:00009592       ?ClearDescriptors@COPOSLineDisplay@@UAGJPAJ@Z 1000a592 f   LineDisplayImpl.obj
 0001:000095ad       ?ClearText@COPOSLineDisplay@@UAGJPAJ@Z 1000a5ad f   LineDisplayImpl.obj
 0001:000095c8       ?Close@COPOSLineDisplay@@UAGJPAJ@Z 1000a5c8 f   LineDisplayImpl.obj
 0001:00009636       ?CompareFirmwareVersion@COPOSLineDisplay@@UAGJPA_WPAJ1@Z 1000a636 f   LineDisplayImpl.obj
 0001:000096b6       ?CreateWindow@COPOSLineDisplay@@UAGJJJJJJJPAJ@Z 1000a6b6 f   LineDisplayImpl.obj
 0001:00009779       ?DefineGlyph@COPOSLineDisplay@@UAGJJPA_WPAJ@Z 1000a779 f   LineDisplayImpl.obj
 0001:000097f5       ?DestroyWindow@COPOSLineDisplay@@UAGJPAJ@Z 1000a7f5 f   LineDisplayImpl.obj
 0001:00009810       ?DirectIO@COPOSLineDisplay@@UAGJJPAJPAPA_W0@Z 1000a810 f   LineDisplayImpl.obj
 0001:000098be       ?DisplayBitmap@COPOSLineDisplay@@UAGJPA_WJJJPAJ@Z 1000a8be f   LineDisplayImpl.obj
 0001:0000996d       ?DisplayText@COPOSLineDisplay@@UAGJPA_WJPAJ@Z 1000a96d f   LineDisplayImpl.obj
 0001:000099e9       ?DisplayTextAt@COPOSLineDisplay@@UAGJJJPA_WJPAJ@Z 1000a9e9 f   LineDisplayImpl.obj
 0001:00009a98       ?DoInvoke@COPOSLineDisplay@@IAEJJPAVOposVariant@@IHPAJ_N@Z 1000aa98 f   LineDisplayImpl.obj
 0001:00009b5a       ?EventClose@COPOSLineDisplay@@IAEXXZ 1000ab5a f i LineDisplayImpl.obj
 0001:00009b8d       ?EventInit@COPOSLineDisplay@@IAEJXZ 1000ab8d f i LineDisplayImpl.obj
 0001:00009c59       ?EventUninit@COPOSLineDisplay@@IAEXXZ 1000ac59 f i LineDisplayImpl.obj
 0001:00009cab       ?EventWindowProc@COPOSLineDisplay@@IAGJIIJ@Z 1000acab f i LineDisplayImpl.obj
 0001:00009d22       ?FinalConstruct@COPOSLineDisplay@@QAEJXZ 1000ad22 f   LineDisplayImpl.obj
 0001:00009d5b       ?FireEventCleanup@COPOSLineDisplay@@IAEXXZ 1000ad5b f i LineDisplayImpl.obj
 0001:00009d71       ?FireEventSetup@COPOSLineDisplay@@IAE_NXZ 1000ad71 f i LineDisplayImpl.obj
 0001:00009da5       ?FreezeEvents@COPOSLineDisplay@@MAGJH@Z 1000ada5 f   LineDisplayImpl.obj
 0001:00009df6       ?GetOposProp@COPOSLineDisplay@@IAEJJPAFJ@Z 1000adf6 f   LineDisplayImpl.obj
 0001:00009e19       ?GetOposProp@COPOSLineDisplay@@IAEJJPAJJ@Z 1000ae19 f   LineDisplayImpl.obj
 0001:00009ed7       ?GetOposProp@COPOSLineDisplay@@IAEJJPAPA_WJ@Z 1000aed7 f   LineDisplayImpl.obj
 0001:00009fa2       ?OnDraw@COPOSLineDisplay@@MAEJAAUATL_DRAWINFO@@@Z 1000afa2 f   LineDisplayImpl.obj
 0001:0000a042       ?Open@COPOSLineDisplay@@UAGJPA_WPAJ@Z 1000b042 f   LineDisplayImpl.obj
 0001:0000a7d9       ?ReadCharacterAtCursor@COPOSLineDisplay@@UAGJPAJ0@Z 1000b7d9 f   LineDisplayImpl.obj
 0001:0000a830       ?RefreshWindow@COPOSLineDisplay@@UAGJJPAJ@Z 1000b830 f   LineDisplayImpl.obj
 0001:0000a87f       ?ReleaseDevice@COPOSLineDisplay@@UAGJPAJ@Z 1000b87f f   LineDisplayImpl.obj
 0001:0000a8ce       ?ResetStatistics@COPOSLineDisplay@@UAGJPA_WPAJ@Z 1000b8ce f   LineDisplayImpl.obj
 0001:0000a925       ?RetrieveStatistics@COPOSLineDisplay@@UAGJPAPA_WPAJ@Z 1000b925 f   LineDisplayImpl.obj
 0001:0000a97c       ?SOProcessID@COPOSLineDisplay@@UAGJPAJ@Z 1000b97c f   LineDisplayImpl.obj
 0001:0000a990       ?ScrollText@COPOSLineDisplay@@UAGJJJPAJ@Z 1000b990 f   LineDisplayImpl.obj
 0001:0000aa04       ?SetBitmap@COPOSLineDisplay@@UAGJJPA_WJJJPAJ@Z 1000ba04 f   LineDisplayImpl.obj
 0001:0000aac7       ?SetCOFreezeEvents@COPOSLineDisplay@@IAEXF@Z 1000bac7 f   LineDisplayImpl.obj
 0001:0000ab52       ?SetDescriptor@COPOSLineDisplay@@UAGJJJPAJ@Z 1000bb52 f   LineDisplayImpl.obj
 0001:0000abc6       ?SetOposProp@COPOSLineDisplay@@IAEJJJJ@Z 1000bbc6 f   LineDisplayImpl.obj
 0001:0000aca4       ?UpdateFirmware@COPOSLineDisplay@@UAGJPA_WPAJ@Z 1000bca4 f   LineDisplayImpl.obj
 0001:0000acfb       ?UpdateStatistics@COPOSLineDisplay@@UAGJPA_WPAJ@Z 1000bcfb f   LineDisplayImpl.obj
 0001:0000ad52       ?get_BinaryConversion@COPOSLineDisplay@@UAGJPAJ@Z 1000bd52 f   LineDisplayImpl.obj
 0001:0000ad68       ?get_BlinkRate@COPOSLineDisplay@@UAGJPAJ@Z 1000bd68 f   LineDisplayImpl.obj
 0001:0000ad81       ?get_CapBitmap@COPOSLineDisplay@@UAGJPAF@Z 1000bd81 f   LineDisplayImpl.obj
 0001:0000ad9a       ?get_CapBlink@COPOSLineDisplay@@UAGJPAJ@Z 1000bd9a f   LineDisplayImpl.obj
 0001:0000adb3       ?get_CapBlinkRate@COPOSLineDisplay@@UAGJPAF@Z 1000bdb3 f   LineDisplayImpl.obj
 0001:0000adcc       ?get_CapBrightness@COPOSLineDisplay@@UAGJPAF@Z 1000bdcc f   LineDisplayImpl.obj
 0001:0000ade5       ?get_CapCharacterSet@COPOSLineDisplay@@UAGJPAJ@Z 1000bde5 f   LineDisplayImpl.obj
 0001:0000adfe       ?get_CapCompareFirmwareVersion@COPOSLineDisplay@@UAGJPAF@Z 1000bdfe f   LineDisplayImpl.obj
 0001:0000ae17       ?get_CapCursorType@COPOSLineDisplay@@UAGJPAJ@Z 1000be17 f   LineDisplayImpl.obj
 0001:0000ae30       ?get_CapCustomGlyph@COPOSLineDisplay@@UAGJPAF@Z 1000be30 f   LineDisplayImpl.obj
 0001:0000ae49       ?get_CapDescriptors@COPOSLineDisplay@@UAGJPAF@Z 1000be49 f   LineDisplayImpl.obj
 0001:0000ae62       ?get_CapHMarquee@COPOSLineDisplay@@UAGJPAF@Z 1000be62 f   LineDisplayImpl.obj
 0001:0000ae7b       ?get_CapICharWait@COPOSLineDisplay@@UAGJPAF@Z 1000be7b f   LineDisplayImpl.obj
 0001:0000ae94       ?get_CapMapCharacterSet@COPOSLineDisplay@@UAGJPAF@Z 1000be94 f   LineDisplayImpl.obj
 0001:0000aead       ?get_CapPowerReporting@COPOSLineDisplay@@UAGJPAJ@Z 1000bead f   LineDisplayImpl.obj
 0001:0000aec6       ?get_CapReadBack@COPOSLineDisplay@@UAGJPAJ@Z 1000bec6 f   LineDisplayImpl.obj
 0001:0000aedf       ?get_CapReverse@COPOSLineDisplay@@UAGJPAJ@Z 1000bedf f   LineDisplayImpl.obj
 0001:0000aef8       ?get_CapScreenMode@COPOSLineDisplay@@UAGJPAF@Z 1000bef8 f   LineDisplayImpl.obj
 0001:0000af11       ?get_CapStatisticsReporting@COPOSLineDisplay@@UAGJPAF@Z 1000bf11 f   LineDisplayImpl.obj
 0001:0000af2a       ?get_CapUpdateFirmware@COPOSLineDisplay@@UAGJPAF@Z 1000bf2a f   LineDisplayImpl.obj
 0001:0000af43       ?get_CapUpdateStatistics@COPOSLineDisplay@@UAGJPAF@Z 1000bf43 f   LineDisplayImpl.obj
 0001:0000af5c       ?get_CapVMarquee@COPOSLineDisplay@@UAGJPAF@Z 1000bf5c f   LineDisplayImpl.obj
 0001:0000af75       ?get_CharacterSet@COPOSLineDisplay@@UAGJPAJ@Z 1000bf75 f   LineDisplayImpl.obj
 0001:0000af8e       ?get_CharacterSetList@COPOSLineDisplay@@UAGJPAPA_W@Z 1000bf8e f   LineDisplayImpl.obj
 0001:0000afa7       ?get_CheckHealthText@COPOSLineDisplay@@UAGJPAPA_W@Z 1000bfa7 f   LineDisplayImpl.obj
 0001:0000afc0       ?get_Claimed@COPOSLineDisplay@@UAGJPAF@Z 1000bfc0 f   LineDisplayImpl.obj
 0001:0000afd6       ?get_Columns@COPOSLineDisplay@@UAGJPAJ@Z 1000bfd6 f   LineDisplayImpl.obj
 0001:0000afef       ?get_ControlObjectDescription@COPOSLineDisplay@@UAGJPAPA_W@Z 1000bfef f   LineDisplayImpl.obj
 0001:0000b02c       ?get_ControlObjectVersion@COPOSLineDisplay@@UAGJPAJ@Z 1000c02c f   LineDisplayImpl.obj
 0001:0000b03f       ?get_CurrentWindow@COPOSLineDisplay@@UAGJPAJ@Z 1000c03f f   LineDisplayImpl.obj
 0001:0000b058       ?get_CursorColumn@COPOSLineDisplay@@UAGJPAJ@Z 1000c058 f   LineDisplayImpl.obj
 0001:0000b071       ?get_CursorRow@COPOSLineDisplay@@UAGJPAJ@Z 1000c071 f   LineDisplayImpl.obj
 0001:0000b08a       ?get_CursorType@COPOSLineDisplay@@UAGJPAJ@Z 1000c08a f   LineDisplayImpl.obj
 0001:0000b0a3       ?get_CursorUpdate@COPOSLineDisplay@@UAGJPAF@Z 1000c0a3 f   LineDisplayImpl.obj
 0001:0000b0bc       ?get_CustomGlyphList@COPOSLineDisplay@@UAGJPAPA_W@Z 1000c0bc f   LineDisplayImpl.obj
 0001:0000b0d5       ?get_DeviceBrightness@COPOSLineDisplay@@UAGJPAJ@Z 1000c0d5 f   LineDisplayImpl.obj
 0001:0000b0ee       ?get_DeviceColumns@COPOSLineDisplay@@UAGJPAJ@Z 1000c0ee f   LineDisplayImpl.obj
 0001:0000b107       ?get_DeviceDescription@COPOSLineDisplay@@UAGJPAPA_W@Z 1000c107 f   LineDisplayImpl.obj
 0001:0000b120       ?get_DeviceDescriptors@COPOSLineDisplay@@UAGJPAJ@Z 1000c120 f   LineDisplayImpl.obj
 0001:0000b139       ?get_DeviceEnabled@COPOSLineDisplay@@UAGJPAF@Z 1000c139 f   LineDisplayImpl.obj
 0001:0000b14f       ?get_DeviceName@COPOSLineDisplay@@UAGJPAPA_W@Z 1000c14f f   LineDisplayImpl.obj
 0001:0000b168       ?get_DeviceRows@COPOSLineDisplay@@UAGJPAJ@Z 1000c168 f   LineDisplayImpl.obj
 0001:0000b181       ?get_DeviceWindows@COPOSLineDisplay@@UAGJPAJ@Z 1000c181 f   LineDisplayImpl.obj
 0001:0000b19a       ?get_FreezeEvents@COPOSLineDisplay@@UAGJPAF@Z 1000c19a f   LineDisplayImpl.obj
 0001:0000b1b0       ?get_GlyphHeight@COPOSLineDisplay@@UAGJPAJ@Z 1000c1b0 f   LineDisplayImpl.obj
 0001:0000b1c9       ?get_GlyphWidth@COPOSLineDisplay@@UAGJPAJ@Z 1000c1c9 f   LineDisplayImpl.obj
 0001:0000b1e2       ?get_InterCharacterWait@COPOSLineDisplay@@UAGJPAJ@Z 1000c1e2 f   LineDisplayImpl.obj
 0001:0000b1fb       ?get_MapCharacterSet@COPOSLineDisplay@@UAGJPAF@Z 1000c1fb f   LineDisplayImpl.obj
 0001:0000b214       ?get_MarqueeFormat@COPOSLineDisplay@@UAGJPAJ@Z 1000c214 f   LineDisplayImpl.obj
 0001:0000b22d       ?get_MarqueeRepeatWait@COPOSLineDisplay@@UAGJPAJ@Z 1000c22d f   LineDisplayImpl.obj
 0001:0000b246       ?get_MarqueeType@COPOSLineDisplay@@UAGJPAJ@Z 1000c246 f   LineDisplayImpl.obj
 0001:0000b25f       ?get_MarqueeUnitWait@COPOSLineDisplay@@UAGJPAJ@Z 1000c25f f   LineDisplayImpl.obj
 0001:0000b278       ?get_MaximumX@COPOSLineDisplay@@UAGJPAJ@Z 1000c278 f   LineDisplayImpl.obj
 0001:0000b291       ?get_MaximumY@COPOSLineDisplay@@UAGJPAJ@Z 1000c291 f   LineDisplayImpl.obj
 0001:0000b2aa       ?get_OpenResult@COPOSLineDisplay@@UAGJPAJ@Z 1000c2aa f   LineDisplayImpl.obj
 0001:0000b2c1       ?get_PowerNotify@COPOSLineDisplay@@UAGJPAJ@Z 1000c2c1 f   LineDisplayImpl.obj
 0001:0000b2d7       ?get_PowerState@COPOSLineDisplay@@UAGJPAJ@Z 1000c2d7 f   LineDisplayImpl.obj
[...]
 0002:00002cfc       ?candidate_modules@?1??try_get_SetThreadStackGuarantee@@YAP6GHPAK@ZXZ@4QBW4module_id@?A0x391cf84c@@B 10021cfc     libucrt:winapi_thunks.obj
 0002:00002d20       ?strings@?1??fp_format_nan_or_infinity@@YAHW4__acrt_fp_class@@_NPADI1@Z@4QAY03QBDA 10021d20     libucrt:cvt.obj
 0002:00003268       ?_mb_locale_names@@3QBQB_WB 10022268     libucrt:mbctype.obj
 0002:00003ab0       ?LcidToLocaleNameTable@?A0x881e4c05@@3QBULcidToLocaleName@1@B 10022ab0     libucrt:lcidtoname_downlevel.obj
 0002:00004bd8       ?LocaleNameToIndexTable@?A0x881e4c05@@3QBULocaleNameIndex@1@B 10023bd8     libucrt:lcidtoname_downlevel.obj
 0002:00006430       ?large_power_indices@?1??multiply_by_power_of_ten@__crt_strtox@@YA_NAAUbig_integer@2@I@Z@4QBUunpack_index@?1??12@YA_N0I@Z@B 10025430     libucrt:cfout.obj
 0002:00006510       LOG_name                   10025510     libucrt:log10_impl.obj
 0002:00006520       _One                       10025520     libucrt:ceil_pentium4.obj
 0002:00006530       _Bns                       10025530     libucrt:ceil_pentium4.obj
 0002:00006540       _Zero                      10025540     libucrt:ceil_pentium4.obj
 0002:00006550       _S                         10025550     libucrt:ceil_pentium4.obj
 0002:00006560       _NegZero                   10025560     libucrt:ceil_pentium4.obj
 0002:00006570       emask                      10025570     libucrt:log10_pentium4.obj
 0002:00006580       CC                         10025580     libucrt:log10_pentium4.obj
 0002:00006590       Magic                      10025590     libucrt:log10_pentium4.obj
 0002:000065a0       hi_mask                    100255a0     libucrt:log10_pentium4.obj
 0002:000065b0       LOG10_2                    100255b0     libucrt:log10_pentium4.obj
 0002:000065c0       place_L                    100255c0     libucrt:log10_pentium4.obj
 0002:000065e0       One                        100255e0     libucrt:log10_pentium4.obj
 0002:000065f0       Zero                       100255f0     libucrt:log10_pentium4.obj
 0002:00006600       Two52                      10025600     libucrt:log10_pentium4.obj
 0002:00006610       Infs                       10025610     libucrt:log10_pentium4.obj
 0002:00006620       NaN                        10025620     libucrt:log10_pentium4.obj
 0002:00006630       coeff                      10025630     libucrt:log10_pentium4.obj
 0002:0000668e       _log2max                   1002568e     libucrt:87tran.obj
 0002:00006698       _smallarg                  10025698     libucrt:87tran.obj
 0002:000066a2       _half                      100256a2     libucrt:87tran.obj
 0002:000066ee       One                        100256ee     libucrt:87disp.obj
 0002:000066f6       Three                      100256f6     libucrt:87disp.obj
 0002:000066fe       XAMtoTagTab                100256fe     libucrt:87disp.obj
 0002:00006710       One                        10025710     libucrt:common.obj
 0002:00006724       DblMax                     10025724     libucrt:common.obj
 0002:0000672c       DblMin                     1002572c     libucrt:common.obj
 0002:00006734       IeeeAdjO                   10025734     libucrt:common.obj
 0002:0000673c       IeeeAdjU                   1002573c     libucrt:common.obj
 0002:00006744       _infinity                  10025744     libucrt:common.obj
 0002:0000674c       _zero                      1002574c     libucrt:common.obj
 0002:00006798       _over                      10025798     libucrt:fpctrl.obj
 0002:000067a4       _under                     100257a4     libucrt:fpctrl.obj
 0002:00006fd8       ?_names@?1??_get_fname@@9@9 10025fd8     libucrt:fpexcept.obj
 0002:00007828       __sehtable$?_AtlVerifyStackAvailable@_ATL_SAFE_ALLOCA_IMPL@ATL@@YA_NK@Z 10026828     LineDisplay.obj
 0002:00007848       __sehtable$___scrt_is_nonwritable_in_current_image 10026848     LIBCMT:utility.obj
 0002:00007864       __catchsym$??2@YAPAXIABUnothrow_t@std@@@Z$2 10026864     LIBCMT:new_scalar_nothrow.obj
 0002:00007874       __unwindtable$??2@YAPAXIABUnothrow_t@std@@@Z 10026874     LIBCMT:new_scalar_nothrow.obj
 0002:00007884       __tryblocktable$??2@YAPAXIABUnothrow_t@std@@@Z 10026884     LIBCMT:new_scalar_nothrow.obj
 0002:00007898       __ehfuncinfo$??2@YAPAXIABUnothrow_t@std@@@Z 10026898     LIBCMT:new_scalar_nothrow.obj
 0002:000078c0       __sehtable$?dllmain_crt_process_attach@@YAHQAUHINSTANCE__@@QAX@Z 100268c0     LIBCMT:dll_dllmain.obj
 0002:000078e0       __sehtable$?dllmain_crt_process_detach@@YAH_N@Z 100268e0     LIBCMT:dll_dllmain.obj
 0002:00007900       __sehtable$?dllmain_dispatch@@YAHQAUHINSTANCE__@@KQAX@Z 10026900     LIBCMT:dll_dllmain.obj
 0002:000079b0       __sehtable$?FrameUnwindToState@__FrameHandler3@@SAXPAUEHRegistrationNode@@PAXPBU_s_FuncInfo@@H@Z 100269b0     libvcruntime:frame.obj
 0002:000079d8       __sehtable$?CallCatchBlock@@YAPAXPAUEHExceptionRecord@@PAUEHRegistrationNode@@PAU_CONTEXT@@PBU_s_FuncInfo@@PAXHK@Z 100269d8     libvcruntime:frame.obj
 0002:00007a00       __catchsym$?CallUnexpected@@YAXPBU_s_ESTypeList@@@Z$2 10026a00     libvcruntime:frame.obj
 0002:00007a10       __unwindtable$?CallUnexpected@@YAXPBU_s_ESTypeList@@@Z 10026a10     libvcruntime:frame.obj
 0002:00007a20       __tryblocktable$?CallUnexpected@@YAXPBU_s_ESTypeList@@@Z 10026a20     libvcruntime:frame.obj
 0002:00007a34       __ehfuncinfo$?CallUnexpected@@YAXPBU_s_ESTypeList@@@Z 10026a34     libvcruntime:frame.obj
 0002:00007a58       __sehtable$??$BuildCatchObjectHelperInternal@V__FrameHandler3@@@@YAHPAUEHExceptionRecord@@PAXPBU_s_HandlerType@@PBU_s_CatchableType@@@Z 10026a58     libvcruntime:frame.obj
 0002:00007a78       __sehtable$??$BuildCatchObjectInternal@V__FrameHandler3@@@@YAXPAUEHExceptionRecord@@PAXPBU_s_HandlerType@@PBU_s_CatchableType@@@Z 10026a78     libvcruntime:frame.obj
 0002:00007ad0       __sehtable$___DestructExceptionObject 10026ad0     libvcruntime:ehhelpers.obj
 0002:00007af0       __sehtable$??R<lambda_6e4b09c48022b2350581041d5f6b0c4c>@@QBE@XZ 10026af0     libucrt:exit.obj
 0002:00007b10       __sehtable$??$?RV<lambda_03b1d95aef87969028cfba75ccab2455>@@AAV<lambda_6e4b09c48022b2350581041d5f6b0c4c>@@V<lambda_22bdf7517842c4b3e53723af5aa32b9e>@@@?$__crt_seh_guarded_call@X@@QAEX$$QAV<lambda_03b1d95aef87969028cfba75ccab2455>@@AAV<lambda_6e4b09c48022b2350581041d5f6b0c4c>@@$$QAV<lambda_22bdf7517842c4b3e53723af5aa32b9e>@@@Z 10026b10     libucrt:exit.obj
 0002:00007b30       __sehtable$??$?RV<lambda_8e746cf0007f6ed984d6f78af1fec997>@@AAV<lambda_22ebabd17bc4fa466a2aca6d8deb888d>@@V<lambda_18ed0c0b38a6dc0daf1e7ac6d6adf05e>@@@?$__crt_seh_guarded_call@H@@QAEH$$QAV<lambda_8e746cf0007f6ed984d6f78af1fec997>@@AAV<lambda_22ebabd17bc4fa466a2aca6d8deb888d>@@$$QAV<lambda_18ed0c0b38a6dc0daf1e7ac6d6adf05e>@@@Z 10026b30     libucrt:onexit.obj
 0002:00007b50       __sehtable$??$?RV<lambda_69a2805e680e0e292e8ba93315fe43a8>@@AAV<lambda_f03950bc5685219e0bcd2087efbe011e>@@V<lambda_03fcd07e894ec930e3f35da366ca99d6>@@@?$__crt_seh_guarded_call@H@@QAEH$$QAV<lambda_69a2805e680e0e292e8ba93315fe43a8>@@AAV<lambda_f03950bc5685219e0bcd2087efbe011e>@@$$QAV<lambda_03fcd07e894ec930e3f35da366ca99d6>@@@Z 10026b50     libucrt:onexit.obj
 0002:00007b70       __sehtable$__query_new_handler 10026b70     libucrt:new_handler.obj
 0002:00007b90       __sehtable$_terminate      10026b90     libucrt:terminate.obj
 0002:00007bb0       __sehtable$??$?RV<lambda_15ade71b0218206bbe3333a0c9b79046>@@AAV<lambda_da44e0f8b0f19ba52fefafb335991732>@@V<lambda_207f2d024fc103971653565357d6cd41>@@@?$__crt_seh_guarded_call@X@@QAEX$$QAV<lambda_15ade71b0218206bbe3333a0c9b79046>@@AAV<lambda_da44e0f8b0f19ba52fefafb335991732>@@$$QAV<lambda_207f2d024fc103971653565357d6cd41>@@@Z 10026bb0     libucrt:per_thread_data.obj
 0002:00007bd0       __sehtable$??$?RV<lambda_a7e850c220f1c8d1e6efeecdedd162c6>@@AAV<lambda_46720907175c18b6c9d2717bc0d2d362>@@V<lambda_9048902d66e8d99359bc9897bbb930a8>@@@?$__crt_seh_guarded_call@X@@QAEX$$QAV<lambda_a7e850c220f1c8d1e6efeecdedd162c6>@@AAV<lambda_46720907175c18b6c9d2717bc0d2d362>@@$$QAV<lambda_9048902d66e8d99359bc9897bbb930a8>@@@Z 10026bd0     libucrt:per_thread_data.obj
 0002:00007bf0       __sehtable$??$?RV<lambda_38edbb1296d33220d7e4dd0ed76b244a>@@AAV<lambda_5ce1d447e08cb34b2473517608e21441>@@V<lambda_fb385d3da700c9147fc39e65dd577a8c>@@@?$__crt_seh_guarded_call@X@@QAEX$$QAV<lambda_38edbb1296d33220d7e4dd0ed76b244a>@@AAV<lambda_5ce1d447e08cb34b2473517608e21441>@@$$QAV<lambda_fb385d3da700c9147fc39e65dd577a8c>@@@Z 10026bf0     libucrt:per_thread_data.obj
 0002:00007c10       __sehtable$??$?RV<lambda_6affb1475c98b40b75cdec977db92e3c>@@AAV<lambda_b8d4b9c228a6ecc3f80208dbb4b4a104>@@V<lambda_608742c3c92a14382c1684fc64f96c88>@@@?$__crt_seh_guarded_call@X@@QAEX$$QAV<lambda_6affb1475c98b40b75cdec977db92e3c>@@AAV<lambda_b8d4b9c228a6ecc3f80208dbb4b4a104>@@$$QAV<lambda_608742c3c92a14382c1684fc64f96c88>@@@Z 10026c10     libucrt:per_thread_data.obj
 0002:00007c30       __sehtable$??$?RV<lambda_e5124f882df8998aaf41531e079ba474>@@AAV<lambda_3e16ef9562a7dcce91392c22ab16ea36>@@V<lambda_e25ca0880e6ef98be67edffd8c599615>@@@?$__crt_seh_guarded_call@X@@QAEX$$QAV<lambda_e5124f882df8998aaf41531e079ba474>@@AAV<lambda_3e16ef9562a7dcce91392c22ab16ea36>@@$$QAV<lambda_e25ca0880e6ef98be67edffd8c599615>@@@Z 10026c30     libucrt:wsetlocale.obj
 0002:00007c50       __sehtable$___acrt_initialize_lowio 10026c50     libucrt:ioinit.obj
 0002:00007c70       __sehtable$?update_thread_multibyte_data_internal@@YAPAU__crt_multibyte_data@@QAU__acrt_ptd@@QAPAU1@@Z 10026c70     libucrt:mbctype.obj
 0002:00007c90       __sehtable$??$?RV<lambda_ceb1ee4838e85a9d631eb091e2fbe199>@@AAV<lambda_ae742caa10f662c28703da3d2ea5e57e>@@V<lambda_cd08b5d6af4937fe54fc07d0c9bf6b37>@@@?$__crt_seh_guarded_call@X@@QAEX$$QAV<lambda_ceb1ee4838e85a9d631eb091e2fbe199>@@AAV<lambda_ae742caa10f662c28703da3d2ea5e57e>@@$$QAV<lambda_cd08b5d6af4937fe54fc07d0c9bf6b37>@@@Z 10026c90     libucrt:mbctype.obj
 0002:00007cb0       __sehtable$_raise          10026cb0     libucrt:signal.obj
 0002:00007cd0       __sehtable$??$?RV<lambda_cbab9ec6f41b0180b23cc171c22676b0>@@AAV<lambda_44731a7d0e6d81c3e6aa82d741081786>@@V<lambda_4b292cb8dd18144e164572427af410ab>@@@?$__crt_seh_guarded_call@P6AXH@Z@@QAEP6AXH@Z$$QAV<lambda_cbab9ec6f41b0180b23cc171c22676b0>@@AAV<lambda_44731a7d0e6d81c3e6aa82d741081786>@@$$QAV<lambda_4b292cb8dd18144e164572427af410ab>@@@Z 10026cd0     libucrt:signal.obj
 0002:00007cf0       __sehtable$??$?RV<lambda_2866be3712abc81a800a822484c830d8>@@AAV<lambda_39ca0ed439415581b5b15c265174cece>@@V<lambda_2b24c74d71094a6cd0cb82e44167d71b>@@@?$__crt_seh_guarded_call@X@@QAEX$$QAV<lambda_2866be3712abc81a800a822484c830d8>@@AAV<lambda_39ca0ed439415581b5b15c265174cece>@@$$QAV<lambda_2b24c74d71094a6cd0cb82e44167d71b>@@@Z 10026cf0     libucrt:fflush.obj
 0002:00007d10       __sehtable$??$?RV<lambda_2cc53f568c5a2bb6f192f930a45d44ea>@@AAV<lambda_ab61a845afdef5b7c387490eaf3616ee>@@V<lambda_c2ffc0b7726aa6be21d5f0026187e748>@@@?$__crt_seh_guarded_call@X@@QAEX$$QAV<lambda_2cc53f568c5a2bb6f192f930a45d44ea>@@AAV<lambda_ab61a845afdef5b7c387490eaf3616ee>@@$$QAV<lambda_c2ffc0b7726aa6be21d5f0026187e748>@@@Z 10026d10     libucrt:fflush.obj
 0002:00007d30       __sehtable$___acrt_update_thread_locale_data 10026d30     libucrt:locale_refcounting.obj
 0002:00007d50       __sehtable$__fcloseall     10026d50     libucrt:closeall.obj
 0002:00007d70       __sehtable$___acrt_lowio_ensure_fh_exists 10026d70     libucrt:osfinfo.obj
 0002:00007d90       __sehtable$??$?RV<lambda_9e9de3de5fa147e2223d7db92bc10aa6>@@AAV<lambda_38ce7e780aa69e748d6df282ebc68efe>@@V<lambda_8ca6da459f0f6780f1cff60fdc3d00e5>@@@?$__crt_seh_guarded_call@H@@QAEH$$QAV<lambda_9e9de3de5fa147e2223d7db92bc10aa6>@@AAV<lambda_38ce7e780aa69e748d6df282ebc68efe>@@$$QAV<lambda_8ca6da459f0f6780f1cff60fdc3d00e5>@@@Z 10026d90     libucrt:commit.obj
 0002:00007db0       __sehtable$__write         10026db0     libucrt:write.obj
 0002:00007dd0       __sehtable$_fclose         10026dd0     libucrt:fclose.obj
 0002:00007df0       __sehtable$??$?RV<lambda_218ce3db14220d0be481dae8ef3383b6>@@AAV<lambda_628dfdc04ba53c8bfc02c9951375f3f5>@@V<lambda_57dc472bd5c9d5f3b2cbca59b8a843ae>@@@?$__crt_seh_guarded_call@H@@QAEH$$QAV<lambda_218ce3db14220d0be481dae8ef3383b6>@@AAV<lambda_628dfdc04ba53c8bfc02c9951375f3f5>@@$$QAV<lambda_57dc472bd5c9d5f3b2cbca59b8a843ae>@@@Z 10026df0     libucrt:close.obj
 0002:00007e10       __sehtable$__IsNonwritableInCurrentImage 10026e10     LIBCMT:pesect.obj
 0002:00007e40       .edata                     10026e40     OPOSLineDisplay.exp
 0002:00007e68       rgpv                       10026e68     OPOSLineDisplay.exp
 0002:00007e78       rgszName                   10026e78     OPOSLineDisplay.exp
 0002:00007e88       rgwOrd                     10026e88     OPOSLineDisplay.exp
 0002:00007e90       szName                     10026e90     OPOSLineDisplay.exp
 0002:00007ea4       $N00001                    10026ea4     OPOSLineDisplay.exp
 0002:00007eb4       $N00002                    10026eb4     OPOSLineDisplay.exp
 0002:00007ec6       $N00003                    10026ec6     OPOSLineDisplay.exp
 0002:00007ed8       $N00004                    10026ed8     OPOSLineDisplay.exp
 0002:000084e6       .idata$6                   100274e6     kernel32:KERNEL32.dll
 0002:000086fa       .idata$6                   100276fa     user32:USER32.dll
 0002:0000882e       .idata$6                   1002782e     gdi32:GDI32.dll
 0002:000088d4       .idata$6                   100278d4     advapi32:ADVAPI32.dll
 0002:000089f0       .idata$6                   100279f0     ole32:ole32.dll
 0002:000089fa       .idata$6                   100279fa     oleaut32:OLEAUT32.dll
 0003:00000110       ?ObjectMap@@3PAU_ATL_OBJMAP_ENTRY30@ATL@@A 10028110     LineDisplay.obj
 0003:000001c0       ?s_SOMethodNames@@3PAPADA  100281c0     LineDisplayImpl.obj
 0003:00000238       ?s_RequiredMethodsPerRelease@@3PAHA 10028238     LineDisplayImpl.obj
 0003:00000280       ?__vcrt_flsindex@@3KA      10028280     libvcruntime:per_thread_data.obj
 0003:000002a0       ?errno_no_memory@@3HA      100282a0     libucrt:errno.obj
 0003:000002a4       ?doserrno_no_memory@@3KA   100282a4     libucrt:errno.obj
 0003:000002b0       ?__acrt_flsindex@@3KA      100282b0     libucrt:per_thread_data.obj
 0003:00000648       __mbctypes                 10028648     libucrt:mbctype.obj
 0003:00000750       __mbcasemaps               10028750     libucrt:mbctype.obj
 0003:00000850       ?__rgctypeflag@@3PADA      10028850     libucrt:mbctype.obj
 0003:00000858       ?__rgcode_page_info@@3PAUcode_page_info@@A 10028858     libucrt:mbctype.obj
 0003:00000ab0       ?__dcrt_lowio_console_output_handle@@3PAXA 10028ab0     libucrt:initcon.obj
 0003:00000c48       ?is_initialized_as_dll@@3_NA 10028c48     LIBCMT:utility.obj
 0003:00000c49       ?module_local_atexit_table_initialized@@3_NA 10028c49     LIBCMT:utility.obj
 0003:00000c4c       ?module_local_atexit_table@@3U_onexit_table_t@@A 10028c4c     LIBCMT:utility.obj
 0003:00000c58       ?module_local_at_quick_exit_table@@3U_onexit_table_t@@A 10028c58     LIBCMT:utility.obj
 0003:00000c64       ?g_tss_cv@@3U_RTL_CONDITION_VARIABLE@@A 10028c64     LIBCMT:thread_safe_statics.obj
 0003:00000c68       ?g_tss_event@@3PAXA        10028c68     LIBCMT:thread_safe_statics.obj
 0003:00000c6c       ?g_tss_mutex@@3U_RTL_CRITICAL_SECTION@@A 10028c6c     LIBCMT:thread_safe_statics.obj
 0003:00000c84       ?g_sleep_condition_variable_cs@@3P6GHPAU_RTL_CONDITION_VARIABLE@@PAU_RTL_CRITICAL_SECTION@@K@ZA 10028c84     LIBCMT:thread_safe_statics.obj
 0003:00000c88       ?g_wake_all_condition_variable@@3P6GXPAU_RTL_CONDITION_VARIABLE@@@ZA 10028c88     LIBCMT:thread_safe_statics.obj
 0003:00000c90       _GS_ExceptionRecord        10028c90     LIBCMT:gs_report.obj
 0003:00000ce0       _GS_ContextRecord          10028ce0     LIBCMT:gs_report.obj
 0003:00000fb0       ?__proc_attached@@3HA      10028fb0     LIBCMT:dll_dllmain.obj
 0003:0000100c       ?AllocateData@@3P6GPAUAtlThunkData_t@@XZA 1002900c     atls:atlthunk.obj
 0003:00001010       ?InitData@@3P6GXPAUAtlThunkData_t@@PAXI@ZA 10029010     atls:atlthunk.obj
 0003:00001014       ?DataToCode@@3P6GP6GJPAUHWND__@@IIJ@ZPAUAtlThunkData_t@@@ZA 10029014     atls:atlthunk.obj
 0003:00001018       ?FreeData@@3P6GXPAUAtlThunkData_t@@@ZA 10029018     atls:atlthunk.obj
 0003:0000101c       ?Initialized@@3_NA         1002901c     atls:atlthunk.obj
 0003:00001028       ?__vcrt_startup_thread_ptd@@3U__vcrt_ptd@@A 10029028     libvcruntime:per_thread_data.obj
 0003:00001050       ___vcrt_lock_table         10029050     libvcruntime:locks.obj
 0003:00001068       ___vcrt_locks_initialized  10029068     libvcruntime:locks.obj
 0003:00001094       ?heap@@3V_HeapManager@@A   10029094     libvcruntime:undname.obj
 0003:000010a8       ?module_handles@@3PAPAUHINSTANCE__@@A 100290a8     libvcruntime:winapi_downlevel.obj
 0003:000010b4       ?function_pointers@@3PAPAXA 100290b4     libvcruntime:winapi_downlevel.obj
 0003:000010cc       ?__acrt_invalid_parameter_handler@@3V?$dual_state_global@P6AXPB_W00II@Z@__crt_state_management@@A 100290cc     libucrt:invalid_parameter.obj
 0003:000010d0       ?c_termination_complete@@3JA 100290d0     libucrt:exit.obj
 0003:000010d4       ?thread_local_exit_callback_func@@3P6GXPAXK0@ZA 100290d4     libucrt:exit.obj
 0003:000010e0       ?program_name@?1???$common_configure_argv@D@@YAHW4_crt_argv_mode@@@Z@4PADA 100290e0     libucrt:argv_parsing.obj
 0003:00001210       ?__acrt_new_handler@@3V?$dual_state_global@P6AHI@Z@__crt_state_management@@A 10029210     libucrt:new_handler.obj
 0003:00001218       ?module_handles@@3PAPAUHINSTANCE__@@A 10029218     libucrt:winapi_thunks.obj
 0003:00001268       ?encoded_function_pointers@@3PAPAXA 10029268     libucrt:winapi_thunks.obj
 0003:000012f0       ?internal_state@?1??_mbtowc_l@@9@4U_Mbstatet@@A 100292f0     libucrt:mbtowc.obj
 0003:00001300       ?enable_percent_n@@3IA     10029300     libucrt:printf_count_output.obj
 0003:00001520       ?__acrt_lock_table@@3PAU_RTL_CRITICAL_SECTION@@A 10029520     libucrt:locks.obj
 0003:00001670       ?__acrt_locks_initialized@@3IA 10029670     libucrt:locks.obj
 0003:00001680       ?fSystemSet@@3HA           10029680     libucrt:mbctype.obj
 0003:00001684       ?initialized@?1??__acrt_initialize_multibyte@@9@4_NA 10029684     libucrt:mbctype.obj
 0003:000016a4       ?ctrlc_action@@3V?$dual_state_global@P6AXH@Z@__crt_state_management@@A 100296a4     libucrt:signal.obj
 0003:000016a8       ?ctrlbreak_action@@3V?$dual_state_global@P6AXH@Z@__crt_state_management@@A 100296a8     libucrt:signal.obj
 0003:000016ac       ?abort_action@@3V?$dual_state_global@P6AXH@Z@__crt_state_management@@A 100296ac     libucrt:signal.obj
 0003:000016b0       ?term_action@@3V?$dual_state_global@P6AXH@Z@__crt_state_management@@A 100296b0     libucrt:signal.obj
 0003:000016b4       ?user_matherr@@3V?$dual_state_global@P6AHPAU_exception@@@Z@__crt_state_management@@A 100296b4     libucrt:matherr.obj
 0003:000016b8       ?__acrt_global_new_mode@@3V?$dual_state_global@J@__crt_state_management@@A 100296b8     libucrt:new_mode.obj
 0003:000016c4       ?internal_pst@?1??__mbrtoc32_utf8@__crt_mbstring@@YAIPA_UPBDIPAU_Mbstatet@@@Z@4U3@A 100296c4     libucrt:mbrtoc32.obj
 0003:000016cc       ?__acrt_app_type@@3W4_crt_app_type@@A 100296cc     libucrt:report_runtime_error.obj
 0003:000016d4       __pmatherr_set             100296d4     libucrt:libm_error.obj
 0004:00000220       $R000000                   1002a220     LineDisplay.res
 0004:00000b98       $R000978                   1002ab98     LineDisplay.res
 0004:00000c80       $R000A60                   1002ac80     LineDisplay.res
 0004:00000ee8       $R000CC8                   1002aee8     LineDisplay.res
 0004:00001450       $R001230                   1002b450     LineDisplay.res
 0004:000058f8       $R0056D8                   1002f8f8     LineDisplay.res
 0004:00005930       $R005710                   1002f930     LineDisplay.res
