 OPOSElectronicValueRW

 Timestamp is 5d429de1 (Thu Aug  1 17:08:01 2019)

 Preferred load address is 10000000

 Start         Length     Name                   Class
 0001:00000000 00000080H .text$di                CODE
 0001:00000080 0001f373H .text$mn                CODE
 0001:0001f3f3 00000036H .text$x                 CODE
 0001:0001f429 00000042H .text$yd                CODE
 0002:00000000 000002fcH .idata$5                DATA
 0002:000002fc 00000004H .00cfg                  DATA
 0002:00000300 00000004H .CRT$XCA                DATA
 0002:00000304 00000004H .CRT$XCL                DATA
 0002:00000308 00000010H .CRT$XCU                DATA
 0002:00000318 00000004H .CRT$XCZ                DATA
 0002:0000031c 00000004H .CRT$XIA                DATA
 0002:00000320 00000010H .CRT$XIC                DATA
 0002:00000330 00000004H .CRT$XIZ                DATA
 0002:00000334 00000004H .CRT$XLA                DATA
 0002:00000338 00000004H .CRT$XLZ                DATA
 0002:0000033c 00000004H .CRT$XPA                DATA
 0002:00000340 00000008H .CRT$XPX                DATA
 0002:00000348 00000004H .CRT$XPXA               DATA
 0002:0000034c 00000004H .CRT$XPZ                DATA
 0002:00000350 00000004H .CRT$XTA                DATA
 0002:00000354 0000000cH .CRT$XTZ                DATA
 0002:00000358 00000000H .gfids$y                DATA
 0002:00000360 0000748cH .rdata                  DATA
 0002:000077ec 00000018H .rdata$T                DATA
 0002:00007804 0000017cH .rdata$r                DATA
 0002:00007980 0000001cH .rdata$sxdata           DATA
 0002:0000799c 000003e4H .rdata$zzzdbg           DATA
 0002:00007d80 00000004H .rtc$IAA                DATA
 0002:00007d84 00000004H .rtc$IZZ                DATA
 0002:00007d88 00000004H .rtc$TAA                DATA
 0002:00007d8c 00000004H .rtc$TZZ                DATA
 0002:00007d90 00000004H .tls                    DATA
 0002:00007d94 00000004H .tls$                   DATA
 0002:00007d98 00000008H .tls$ZZZ                DATA
 0002:00007da0 00000604H .xdata$x                DATA
 0002:000083a4 00000004H ATL$__a                 DATA
 0002:000083a8 00000008H ATL$__z                 DATA
 0002:000083b0 000000b4H .edata                  DATA
 0002:00008464 00000078H .idata$2                DATA
 0002:000084dc 00000014H .idata$3                DATA
 0002:000084f0 000002fcH .idata$4                DATA
 0002:000087ec 00000bc8H .idata$6                DATA
 0003:00000000 00000b60H .data                   DATA
 0003:00000b60 00000098H .data$r                 DATA
 0003:00000bf8 00000b80H .bss                    DATA
 0004:00000000 00000220H .rsrc$01                DATA
 0004:00000220 00007e88H .rsrc$02                DATA

  Address         Publics by Value              Rva+Base       Lib:Object

 0000:00000000       ___dynamic_value_reloc_table 00000000     <absolute>
 0000:00000000       ___guard_fids_count        00000000     <absolute>
 0000:00000000       ___guard_longjmp_table     00000000     <absolute>
 0000:00000000       ___hybrid_code_map_count   00000000     <absolute>
 0000:00000000       __except_list              00000000     <absolute>
 0000:00000000       ___guard_fids_table        00000000     <absolute>
 0000:00000000       ___hybrid_auxiliary_iat    00000000     <absolute>
 0000:00000000       ___guard_longjmp_count     00000000     <absolute>
 0000:00000000       ___guard_iat_table         00000000     <absolute>
 0000:00000000       ___guard_iat_count         00000000     <absolute>
 0000:00000000       ___volatile_metadata       00000000     <absolute>
 0000:00000000       ___AbsoluteZero            00000000     <absolute>
 0000:00000000       ___enclave_config          00000000     <absolute>
 0000:00000000       ___hybrid_code_map         00000000     <absolute>
 0000:00000007       ___safe_se_handler_count   00000007     <absolute>
 0000:0000002c       __tls_array                0000002c     <absolute>
 0000:00000100       ___guard_flags             00000100     <absolute>
 0000:00000000       ___ImageBase               10000000     <linker-defined>
 0001:00000080       ?DupWide@_CW@@AAEXXZ       10001080 f   CWString.obj
 0001:0000009c       ?cw_dup@@YGXPBDAAHAAPA_W1@Z 1000109c f   CWString.obj
 0001:0000010b       ?cw_memcpy@@YGHPA_WPBDH@Z  1000110b f   CWString.obj
 0001:00000137       ?cw_strcpy@@YAHPA_WPBD@Z   10001137 f   CWString.obj
 0001:0000014a       ?cw_strlen@@YAHPBD@Z       1000114a f   CWString.obj
 0001:00000163       ??0CAtlComModule@ATL@@QAE@XZ 10001163 f i OposVariant.obj
 0001:000001a8       ??0CAtlWinModule@ATL@@QAE@XZ 100011a8 f i OposVariant.obj
 0001:000001df       ??0OposDispParms@@QAE@PAVOposVariant@@H@Z 100011df f   OposVariant.obj
 0001:00000250       ??1OposDispParms@@QAE@XZ   10001250 f   OposVariant.obj
 0001:0000025e       ??A?$CSimpleArray@GV?$CSimpleArrayEqualHelper@G@ATL@@@ATL@@QAEAAGH@Z 1000125e f i OposVariant.obj
 0001:00000283       ??_Estringdispid@CComTypeInfoHolder@ATL@@QAEPAXI@Z 10001283 f i OposVariant.obj
 0001:000002ef       ?AtlWinModuleInit@ATL@@YGJPAU_ATL_WIN_MODULE70@1@@Z 100012ef f i OposVariant.obj
 0001:00000315       ?AtlWinModuleTerm@ATL@@YGJPAU_ATL_WIN_MODULE70@1@PAUHINSTANCE__@@@Z 10001315 f i OposVariant.obj
 0001:00000378       ?ChangeBSTR@OposVariant@@QAEXPAPA_WAAJ@Z 10001378 f   OposVariant.obj
 0001:000003b9       ?ChangeCURRENCY@OposVariant@@QAEXPATtagCY@@AAJ@Z 100013b9 f   OposVariant.obj
 0001:00000408       ?ChangeLONG@OposVariant@@QAEXPAJAAJ@Z 10001408 f   OposVariant.obj
 0001:00000449       ?GetLONG@OposVariant@@QAEJXZ 10001449 f   OposVariant.obj
 0001:00000464       ?Init@CComCriticalSection@ATL@@QAEJXZ 10001464 f i OposVariant.obj
 0001:0000048c       ?RemoveAll@?$CSimpleArray@GV?$CSimpleArrayEqualHelper@G@ATL@@@ATL@@QAEXXZ 1000148c f i OposVariant.obj
 0001:0000048c       ?RemoveAll@?$CSimpleArray@PAUHINSTANCE__@@V?$CSimpleArrayEqualHelper@PAUHINSTANCE__@@@ATL@@@ATL@@QAEXXZ 1000148c f i atls:atlbase.obj
 0001:000004a9       ?SetBSTR@OposVariant@@QAEXPA_WAAJ@Z 100014a9 f   OposVariant.obj
 0001:000004dd       ?SetBSTR_Copy@OposVariant@@QAEXPA_WAAJ@Z 100014dd f   OposVariant.obj
 0001:0000052d       ?SetBSTR_InOutPtr@OposVariant@@QAE_NPAPA_WAAJ@Z 1000152d f   OposVariant.obj
 0001:00000564       ?SetCURRENCY@OposVariant@@QAEXTtagCY@@@Z 10001564 f   OposVariant.obj
 0001:0000058c       ?SetDispatch_Ptr@OposVariant@@QAEXPAUIDispatch@@AAJ@Z 1000158c f   OposVariant.obj
 0001:000005c7       ?SetLONG@OposVariant@@QAEXJ@Z 100015c7 f   OposVariant.obj
 0001:000005e9       ?SetLONG_Ptr@OposVariant@@QAEXPAJAAJ@Z 100015e9 f   OposVariant.obj
 0001:0000061c       ?SetString@OposVariant@@QAEXPB_WAAJ@Z 1000161c f   OposVariant.obj
 0001:00000662       ?SetVARIANT_BOOL@OposVariant@@QAEXF@Z 10001662 f   OposVariant.obj
 0001:0000068c       ?Term@CAtlComModule@ATL@@QAEXXZ 1000168c f i OposVariant.obj
 0001:000006d6       ?_AtlRaiseException@ATL@@YAXKK@Z 100016d6 f i OposVariant.obj
 0001:000006eb       ?CreateInstance@?$CComCreator@V?$CComObjectCached@VCComClassFactory@ATL@@@ATL@@@ATL@@SGJPAXABU_GUID@@PAPAX@Z 100016eb f i ElectronicValueRW.obj
 0001:0000077e       ?CreateInstance@?$CComCreator2@V?$CComCreator@V?$CComObject@VCOPOSElectronicValueRW@@@ATL@@@ATL@@V?$CComCreator@V?$CComAggObject@VCOPOSElectronicValueRW@@@ATL@@@2@@ATL@@SGJPAXABU_GUID@@PAPAX@Z 1000177e f i ElectronicValueRW.obj
 0001:0000079e       ?Next@?$CComEnumImpl@UIEnumConnectionPoints@@$1?_GUID_b196b285_bab4_101a_b69c_00aa00341d07@@3U__s_GUID@@BPAUIConnectionPoint@@V?$_CopyInterface@UIConnectionPoint@@@ATL@@@ATL@@UAGJKPAPAUIConnectionPoint@@PAK@Z 1000179e f i ElectronicValueRW.obj
 0001:00000875       ?Skip@?$CComEnumImpl@UIEnumConnectionPoints@@$1?_GUID_b196b285_bab4_101a_b69c_00aa00341d07@@3U__s_GUID@@BPAUIConnectionPoint@@V?$_CopyInterface@UIConnectionPoint@@@ATL@@@ATL@@UAGJK@Z 10001875 f i ElectronicValueRW.obj
 0001:000008a2       ?Reset@?$CComEnumImpl@UIEnumConnectionPoints@@$1?_GUID_b196b285_bab4_101a_b69c_00aa00341d07@@3U__s_GUID@@BPAUIConnectionPoint@@V?$_CopyInterface@UIConnectionPoint@@@ATL@@@ATL@@UAGJXZ 100018a2 f i ElectronicValueRW.obj
 0001:000008a2       ?Reset@?$CComEnumImpl@UIEnumConnections@@$1?_GUID_b196b287_bab4_101a_b69c_00aa00341d07@@3U__s_GUID@@BUtagCONNECTDATA@@V?$_Copy@UtagCONNECTDATA@@@ATL@@@ATL@@UAGJXZ 100018a2 f i ElectronicValueRW.obj
 0001:000008b4       ?Clone@?$CComEnumImpl@UIEnumConnectionPoints@@$1?_GUID_b196b285_bab4_101a_b69c_00aa00341d07@@3U__s_GUID@@BPAUIConnectionPoint@@V?$_CopyInterface@UIConnectionPoint@@@ATL@@@ATL@@UAGJPAPAUIEnumConnectionPoints@@@Z 100018b4 f i ElectronicValueRW.obj
 0001:00000995       ?AddRef@?$CComObject@V?$CComEnum@UIEnumConnectionPoints@@$1?_GUID_b196b285_bab4_101a_b69c_00aa00341d07@@3U__s_GUID@@BPAUIConnectionPoint@@V?$_CopyInterface@UIConnectionPoint@@@ATL@@VCComSingleThreadModel@6@@ATL@@@ATL@@UAGKXZ 10001995 f i ElectronicValueRW.obj
 0001:00000995       ?AddRef@?$CComObject@V?$CComEnum@UIEnumConnections@@$1?_GUID_b196b287_bab4_101a_b69c_00aa00341d07@@3U__s_GUID@@BUtagCONNECTDATA@@V?$_Copy@UtagCONNECTDATA@@@ATL@@VCComSingleThreadModel@6@@ATL@@@ATL@@UAGKXZ 10001995 f i ElectronicValueRW.obj
 0001:000009a6       ?Release@?$CComObject@V?$CComEnum@UIEnumConnectionPoints@@$1?_GUID_b196b285_bab4_101a_b69c_00aa00341d07@@3U__s_GUID@@BPAUIConnectionPoint@@V?$_CopyInterface@UIConnectionPoint@@@ATL@@VCComSingleThreadModel@6@@ATL@@@ATL@@UAGKXZ 100019a6 f i ElectronicValueRW.obj
 0001:000009a6       ?Release@?$CComObject@V?$CComEnum@UIEnumConnections@@$1?_GUID_b196b287_bab4_101a_b69c_00aa00341d07@@3U__s_GUID@@BUtagCONNECTDATA@@V?$_Copy@UtagCONNECTDATA@@@ATL@@VCComSingleThreadModel@6@@ATL@@@ATL@@UAGKXZ 100019a6 f i ElectronicValueRW.obj
 0001:000009e2       ?QueryInterface@?$CComObject@V?$CComEnum@UIEnumConnectionPoints@@$1?_GUID_b196b285_bab4_101a_b69c_00aa00341d07@@3U__s_GUID@@BPAUIConnectionPoint@@V?$_CopyInterface@UIConnectionPoint@@@ATL@@VCComSingleThreadModel@6@@ATL@@@ATL@@UAGJABU_GUID@@PAPAX@Z 100019e2 f i ElectronicValueRW.obj
 0001:000009fc       ??_G?$CComObject@V?$CComEnum@UIEnumConnectionPoints@@$1?_GUID_b196b285_bab4_101a_b69c_00aa00341d07@@3U__s_GUID@@BPAUIConnectionPoint@@V?$_CopyInterface@UIConnectionPoint@@@ATL@@VCComSingleThreadModel@6@@ATL@@@ATL@@UAEPAXI@Z 100019fc f i ElectronicValueRW.obj
 0001:000009fc       ??_E?$CComObject@V?$CComEnum@UIEnumConnectionPoints@@$1?_GUID_b196b285_bab4_101a_b69c_00aa00341d07@@3U__s_GUID@@BPAUIConnectionPoint@@V?$_CopyInterface@UIConnectionPoint@@@ATL@@VCComSingleThreadModel@6@@ATL@@@ATL@@UAEPAXI@Z 100019fc f i ElectronicValueRW.obj
 0001:00000a1e       ?Lock@CAtlModule@ATL@@UAEJXZ 10001a1e f i ElectronicValueRW.obj
 0001:00000a28       ?Unlock@CAtlModule@ATL@@UAEJXZ 10001a28 f i ElectronicValueRW.obj
 0001:00000a32       ?GetLockCount@CAtlModule@ATL@@UAEJXZ 10001a32 f i ElectronicValueRW.obj
 0001:00000a36       ?GetGITPtr@CAtlModule@ATL@@UAEJPAPAUIGlobalInterfaceTable@@@Z 10001a36 f i ElectronicValueRW.obj
 0001:00000a82       ?AddRef@?$CComObjectCached@VCComClassFactory@ATL@@@ATL@@UAGKXZ 10001a82 f i ElectronicValueRW.obj
 0001:00000aa9       ?Release@?$CComObjectCached@VCComClassFactory@ATL@@@ATL@@UAGKXZ 10001aa9 f i ElectronicValueRW.obj
 0001:00000adf       ?QueryInterface@?$CComObjectCached@VCComClassFactory@ATL@@@ATL@@UAGJABU_GUID@@PAPAX@Z 10001adf f i ElectronicValueRW.obj
 0001:00000af9       ??_E?$CComObjectCached@VCComClassFactory@ATL@@@ATL@@UAEPAXI@Z 10001af9 f i ElectronicValueRW.obj
 0001:00000af9       ??_G?$CComObjectCached@VCComClassFactory@ATL@@@ATL@@UAEPAXI@Z 10001af9 f i ElectronicValueRW.obj
 0001:00000b1b       ?AddCommonRGSReplacements@?$CAtlModuleT@VCComModule@ATL@@@ATL@@UAEJPAUIRegistrarBase@@@Z 10001b1b f i ElectronicValueRW.obj
 0001:00000b35       ?UpdateRegistryFromResourceD@CComModule@ATL@@UAGJIHPAU_ATL_REGMAP_ENTRY@2@@Z 10001b35 f i ElectronicValueRW.obj
 0001:00000b35       ?UpdateRegistryFromResourceD@CComModule@ATL@@UAGJPB_WHPAU_ATL_REGMAP_ENTRY@2@@Z 10001b35 f i ElectronicValueRW.obj
 0001:00000b3d       ?UpdateRegistryFromResource@CComModule@ATL@@UAGJPB_WHPAU_ATL_REGMAP_ENTRY@2@@Z 10001b3d f i ElectronicValueRW.obj
 0001:00000b46       ?UpdateRegistryFromResource@CComModule@ATL@@UAGJIHPAU_ATL_REGMAP_ENTRY@2@@Z 10001b46 f i ElectronicValueRW.obj
 0001:00000b4f       ??_GCComModule@ATL@@UAEPAXI@Z 10001b4f f i ElectronicValueRW.obj
 0001:00000b4f       ??_ECComModule@ATL@@UAEPAXI@Z 10001b4f f i ElectronicValueRW.obj
 0001:00000b77       ?AddRef@?$CComAggObject@VCOPOSElectronicValueRW@@@ATL@@UAGKXZ 10001b77 f i ElectronicValueRW.obj
 0001:00000b88       ?Release@?$CComAggObject@VCOPOSElectronicValueRW@@@ATL@@UAGKXZ 10001b88 f i ElectronicValueRW.obj
 0001:00000bc4       ?QueryInterface@?$CComAggObject@VCOPOSElectronicValueRW@@@ATL@@UAGJABU_GUID@@PAPAX@Z 10001bc4 f i ElectronicValueRW.obj
 0001:00000c13       ?AddRef@?$CComContainedObject@VCOPOSElectronicValueRW@@@ATL@@UAGKXZ 10001c13 f i ElectronicValueRW.obj
 0001:00000c29       ?Release@?$CComContainedObject@VCOPOSElectronicValueRW@@@ATL@@UAGKXZ 10001c29 f i ElectronicValueRW.obj
 0001:00000c3f       ?OnDrawAdvanced@CComControlBase@ATL@@UAEJAAUATL_DRAWINFO@@@Z 10001c3f f i ElectronicValueRW.obj
 0001:00000d2e       ?QueryInterface@?$CComContainedObject@VCOPOSElectronicValueRW@@@ATL@@UAGJABU_GUID@@PAPAX@Z 10001d2e f i ElectronicValueRW.obj
 0001:00000d49       ??_E?$CComAggObject@VCOPOSElectronicValueRW@@@ATL@@UAEPAXI@Z 10001d49 f i ElectronicValueRW.obj
 0001:00000d49       ??_G?$CComAggObject@VCOPOSElectronicValueRW@@@ATL@@UAEPAXI@Z 10001d49 f i ElectronicValueRW.obj
 0001:00000d6e       ?AddRef@?$CComObject@VCOPOSElectronicValueRW@@@ATL@@UAGKXZ 10001d6e f i ElectronicValueRW.obj
 0001:00000d85       ?Release@?$CComObject@VCOPOSElectronicValueRW@@@ATL@@UAGKXZ 10001d85 f i ElectronicValueRW.obj
 0001:00000dc7       ?QueryInterface@?$CComObject@VCOPOSElectronicValueRW@@@ATL@@UAGJABU_GUID@@PAPAX@Z 10001dc7 f i ElectronicValueRW.obj
 0001:00000de1       ?EnumFormatEtc@?$IDataObjectImpl@VCOPOSElectronicValueRW@@@ATL@@UAGJKPAPAUIEnumFORMATETC@@@Z 10001de1 f i ElectronicValueRW.obj
 0001:00000de1       ?SetMoniker@?$IOleObjectImpl@VCOPOSElectronicValueRW@@@ATL@@UAGJKPAUIMoniker@@@Z 10001de1 f i ElectronicValueRW.obj
 0001:00000de1       ?GetCanonicalFormatEtc@?$IDataObjectImpl@VCOPOSElectronicValueRW@@@ATL@@UAGJPAUtagFORMATETC@@0@Z 10001de1 f i ElectronicValueRW.obj
 0001:00000de1       ?GetRect@?$IViewObjectExImpl@VCOPOSElectronicValueRW@@@ATL@@UAGJKPAU_RECTL@@@Z 10001de1 f i ElectronicValueRW.obj
 0001:00000de1       ?GetDataHere@?$IDataObjectImpl@VCOPOSElectronicValueRW@@@ATL@@UAGJPAUtagFORMATETC@@PAUtagSTGMEDIUM@@@Z 10001de1 f i ElectronicValueRW.obj
 0001:00000de1       ?QueryInterface@CRegObject@ATL@@UAGJABU_GUID@@PAPAX@Z 10001de1 f i ElectronicValueRW.obj
 0001:00000de1       ?GetClipboardData@?$IOleObjectImpl@VCOPOSElectronicValueRW@@@ATL@@UAGJKPAPAUIDataObject@@@Z 10001de1 f i ElectronicValueRW.obj
 0001:00000de9       ?AddRef@CRegObject@ATL@@UAGKXZ 10001de9 f i ElectronicValueRW.obj
 0001:00000def       ?Update@?$IOleObjectImpl@VCOPOSElectronicValueRW@@@ATL@@UAGJXZ 10001def f i ElectronicValueRW.obj
 0001:00000def       ?HandsOffStorage@?$IPersistStorageImpl@VCOPOSElectronicValueRW@@@ATL@@UAGJXZ 10001def f i ElectronicValueRW.obj
 0001:00000def       ?Release@CRegObject@ATL@@UAGKXZ 10001def f i ElectronicValueRW.obj
 0001:00000def       ?IsUpToDate@?$IOleObjectImpl@VCOPOSElectronicValueRW@@@ATL@@UAGJXZ 10001def f i ElectronicValueRW.obj
 0001:00000df4       ?AddReplacement@CRegObject@ATL@@UAGJPB_W0@Z 10001df4 f i ElectronicValueRW.obj
 0001:00000e2d       ?ClearReplacements@CRegObject@ATL@@UAGJXZ 10001e2d f i ElectronicValueRW.obj
 0001:00000e3f       ??_GCRegObject@ATL@@UAEPAXI@Z 10001e3f f i ElectronicValueRW.obj
 0001:00000e3f       ??_ECRegObject@ATL@@UAEPAXI@Z 10001e3f f i ElectronicValueRW.obj
 0001:00000e61       ?Next@?$CComEnumImpl@UIEnumConnections@@$1?_GUID_b196b287_bab4_101a_b69c_00aa00341d07@@3U__s_GUID@@BUtagCONNECTDATA@@V?$_Copy@UtagCONNECTDATA@@@ATL@@@ATL@@UAGJKPAUtagCONNECTDATA@@PAK@Z 10001e61 f i ElectronicValueRW.obj
 0001:00000f38       ?Skip@?$CComEnumImpl@UIEnumConnections@@$1?_GUID_b196b287_bab4_101a_b69c_00aa00341d07@@3U__s_GUID@@BUtagCONNECTDATA@@V?$_Copy@UtagCONNECTDATA@@@ATL@@@ATL@@UAGJK@Z 10001f38 f i ElectronicValueRW.obj
 0001:00000f65       ?Clone@?$CComEnumImpl@UIEnumConnections@@$1?_GUID_b196b287_bab4_101a_b69c_00aa00341d07@@3U__s_GUID@@BUtagCONNECTDATA@@V?$_Copy@UtagCONNECTDATA@@@ATL@@@ATL@@UAGJPAPAUIEnumConnections@@@Z 10001f65 f i ElectronicValueRW.obj
 0001:00001046       ?QueryInterface@?$CComObject@V?$CComEnum@UIEnumConnections@@$1?_GUID_b196b287_bab4_101a_b69c_00aa00341d07@@3U__s_GUID@@BUtagCONNECTDATA@@V?$_Copy@UtagCONNECTDATA@@@ATL@@VCComSingleThreadModel@6@@ATL@@@ATL@@UAGJABU_GUID@@PAPAX@Z 10002046 f i ElectronicValueRW.obj
 0001:00001060       ??_G?$CComObject@V?$CComEnum@UIEnumConnections@@$1?_GUID_b196b287_bab4_101a_b69c_00aa00341d07@@3U__s_GUID@@BUtagCONNECTDATA@@V?$_Copy@UtagCONNECTDATA@@@ATL@@VCComSingleThreadModel@6@@ATL@@@ATL@@UAEPAXI@Z 10002060 f i ElectronicValueRW.obj
 0001:00001060       ??_E?$CComObject@V?$CComEnum@UIEnumConnections@@$1?_GUID_b196b287_bab4_101a_b69c_00aa00341d07@@3U__s_GUID@@BUtagCONNECTDATA@@V?$_Copy@UtagCONNECTDATA@@@ATL@@VCComSingleThreadModel@6@@ATL@@@ATL@@UAEPAXI@Z 10002060 f i ElectronicValueRW.obj
 0001:00001082       ?GetWindowProc@?$CWindowImplBaseT@VCWindow@ATL@@V?$CWinTraits@$0FGAAAAAA@$0A@@2@@ATL@@UAEP6GJPAUHWND__@@IIJ@ZXZ 10002082 f i ElectronicValueRW.obj
 0001:00001088       ?StartWindowProc@?$CWindowImplBaseT@VCWindow@ATL@@V?$CWinTraits@$0FGAAAAAA@$0A@@2@@ATL@@SGJPAUHWND__@@IIJ@Z 10002088 f i ElectronicValueRW.obj
 0001:000010dc       ??_E?$CComObject@VCOPOSElectronicValueRW@@@ATL@@W3AEPAXI@Z 100020dc f i ElectronicValueRW.obj
 0001:000010e4       ??_E?$CComObject@VCOPOSElectronicValueRW@@@ATL@@WEM@AEPAXI@Z 100020e4 f i ElectronicValueRW.obj
 0001:000010ec       ?QueryInterface@?$CComObject@VCOPOSElectronicValueRW@@@ATL@@WHA@AGJABU_GUID@@PAPAX@Z 100020ec f i ElectronicValueRW.obj
 0001:000010f6       ?AddRef@?$CComObject@VCOPOSElectronicValueRW@@@ATL@@WHA@AGKXZ 100020f6 f i ElectronicValueRW.obj
 0001:00001100       ?Release@?$CComObject@VCOPOSElectronicValueRW@@@ATL@@WHA@AGKXZ 10002100 f i ElectronicValueRW.obj
 0001:0000110a       ?QueryInterface@?$CComObject@VCOPOSElectronicValueRW@@@ATL@@WHE@AGJABU_GUID@@PAPAX@Z 1000210a f i ElectronicValueRW.obj
 0001:00001114       ?AddRef@?$CComObject@VCOPOSElectronicValueRW@@@ATL@@WHE@AGKXZ 10002114 f i ElectronicValueRW.obj
 0001:0000111e       ?Release@?$CComObject@VCOPOSElectronicValueRW@@@ATL@@WHE@AGKXZ 1000211e f i ElectronicValueRW.obj
 0001:00001128       ?QueryInterface@?$CComObject@VCOPOSElectronicValueRW@@@ATL@@WHI@AGJABU_GUID@@PAPAX@Z 10002128 f i ElectronicValueRW.obj
 0001:00001132       ?AddRef@?$CComObject@VCOPOSElectronicValueRW@@@ATL@@WHI@AGKXZ 10002132 f i ElectronicValueRW.obj
 0001:0000113c       ?Release@?$CComObject@VCOPOSElectronicValueRW@@@ATL@@WHI@AGKXZ 1000213c f i ElectronicValueRW.obj
 0001:00001146       ?QueryInterface@?$CComObject@VCOPOSElectronicValueRW@@@ATL@@WHM@AGJABU_GUID@@PAPAX@Z 10002146 f i ElectronicValueRW.obj
 0001:00001150       ?AddRef@?$CComObject@VCOPOSElectronicValueRW@@@ATL@@WHM@AGKXZ 10002150 f i ElectronicValueRW.obj
 0001:0000115a       ?Release@?$CComObject@VCOPOSElectronicValueRW@@@ATL@@WHM@AGKXZ 1000215a f i ElectronicValueRW.obj
 0001:00001164       ?QueryInterface@?$CComObject@VCOPOSElectronicValueRW@@@ATL@@WIA@AGJABU_GUID@@PAPAX@Z 10002164 f i ElectronicValueRW.obj
 0001:00001171       ?AddRef@?$CComObject@VCOPOSElectronicValueRW@@@ATL@@WIA@AGKXZ 10002171 f i ElectronicValueRW.obj
 0001:0000117e       ?Release@?$CComObject@VCOPOSElectronicValueRW@@@ATL@@WIA@AGKXZ 1000217e f i ElectronicValueRW.obj
 0001:0000118b       ?OnFinalMessage@?$CWindowImplBaseT@VCWindow@ATL@@V?$CWinTraits@$0FGAAAAAA@$0A@@2@@ATL@@UAEXPAUHWND__@@@Z 1000218b f i ElectronicValueRW.obj
 0001:0000118b       ?ObjectMain@CComObjectRootBase@ATL@@SGX_N@Z 1000218b f i ElectronicValueRW.obj
 0001:0000118e       ?QueryInterface@?$CComObject@VCOPOSElectronicValueRW@@@ATL@@WIE@AGJABU_GUID@@PAPAX@Z 1000218e f i ElectronicValueRW.obj
 0001:0000119b       ?AddRef@?$CComObject@VCOPOSElectronicValueRW@@@ATL@@WIE@AGKXZ 1000219b f i ElectronicValueRW.obj
 0001:000011a8       ?Release@?$CComObject@VCOPOSElectronicValueRW@@@ATL@@WIE@AGKXZ 100021a8 f i ElectronicValueRW.obj
 0001:000011b5       ?QueryInterface@?$CComObject@VCOPOSElectronicValueRW@@@ATL@@WII@AGJABU_GUID@@PAPAX@Z 100021b5 f i ElectronicValueRW.obj
 0001:000011c2       ?AddRef@?$CComObject@VCOPOSElectronicValueRW@@@ATL@@WII@AGKXZ 100021c2 f i ElectronicValueRW.obj
 0001:000011cf       ?Release@?$CComObject@VCOPOSElectronicValueRW@@@ATL@@WII@AGKXZ 100021cf f i ElectronicValueRW.obj
 0001:000011dc       ?QueryInterface@?$CComObject@VCOPOSElectronicValueRW@@@ATL@@WIM@AGJABU_GUID@@PAPAX@Z 100021dc f i ElectronicValueRW.obj
 0001:000011e9       ?AddRef@?$CComObject@VCOPOSElectronicValueRW@@@ATL@@WIM@AGKXZ 100021e9 f i ElectronicValueRW.obj
 0001:000011f6       ?Release@?$CComObject@VCOPOSElectronicValueRW@@@ATL@@WIM@AGKXZ 100021f6 f i ElectronicValueRW.obj
 0001:00001203       ?QueryInterface@?$CComObject@VCOPOSElectronicValueRW@@@ATL@@WJA@AGJABU_GUID@@PAPAX@Z 10002203 f i ElectronicValueRW.obj
 0001:00001210       ?AddRef@?$CComObject@VCOPOSElectronicValueRW@@@ATL@@WJA@AGKXZ 10002210 f i ElectronicValueRW.obj
 0001:0000121d       ?Release@?$CComObject@VCOPOSElectronicValueRW@@@ATL@@WJA@AGKXZ 1000221d f i ElectronicValueRW.obj
 0001:0000122a       ?QueryInterface@?$CComObject@VCOPOSElectronicValueRW@@@ATL@@WJE@AGJABU_GUID@@PAPAX@Z 1000222a f i ElectronicValueRW.obj
 0001:00001237       ?AddRef@?$CComObject@VCOPOSElectronicValueRW@@@ATL@@WJE@AGKXZ 10002237 f i ElectronicValueRW.obj
 0001:00001244       ?Release@?$CComObject@VCOPOSElectronicValueRW@@@ATL@@WJE@AGKXZ 10002244 f i ElectronicValueRW.obj
 0001:00001251       ?QueryInterface@?$CComObject@VCOPOSElectronicValueRW@@@ATL@@WJI@AGJABU_GUID@@PAPAX@Z 10002251 f i ElectronicValueRW.obj
 0001:0000125e       ?AddRef@?$CComObject@VCOPOSElectronicValueRW@@@ATL@@WJI@AGKXZ 1000225e f i ElectronicValueRW.obj
 0001:0000126b       ?Release@?$CComObject@VCOPOSElectronicValueRW@@@ATL@@WJI@AGKXZ 1000226b f i ElectronicValueRW.obj
 0001:00001278       ?QueryInterface@?$CComObject@VCOPOSElectronicValueRW@@@ATL@@WJM@AGJABU_GUID@@PAPAX@Z 10002278 f i ElectronicValueRW.obj
 0001:00001285       ?AddRef@?$CComObject@VCOPOSElectronicValueRW@@@ATL@@WJM@AGKXZ 10002285 f i ElectronicValueRW.obj
 0001:00001292       ?Release@?$CComObject@VCOPOSElectronicValueRW@@@ATL@@WJM@AGKXZ 10002292 f i ElectronicValueRW.obj
 0001:0000129f       ?QueryInterface@?$CComObject@VCOPOSElectronicValueRW@@@ATL@@WKA@AGJABU_GUID@@PAPAX@Z 1000229f f i ElectronicValueRW.obj
 0001:000012ac       ?AddRef@?$CComObject@VCOPOSElectronicValueRW@@@ATL@@WKA@AGKXZ 100022ac f i ElectronicValueRW.obj
 0001:000012b9       ?Release@?$CComObject@VCOPOSElectronicValueRW@@@ATL@@WKA@AGKXZ 100022b9 f i ElectronicValueRW.obj
 0001:000012c6       ?AddRef@?$CComObject@VCOPOSElectronicValueRW@@@ATL@@WKI@AGKXZ 100022c6 f i ElectronicValueRW.obj
 0001:000012d3       ?Release@?$CComObject@VCOPOSElectronicValueRW@@@ATL@@WKI@AGKXZ 100022d3 f i ElectronicValueRW.obj
 0001:000012e0       ?AddRef@?$CComObject@VCOPOSElectronicValueRW@@@ATL@@WLE@AGKXZ 100022e0 f i ElectronicValueRW.obj
 0001:000012ed       ?Release@?$CComObject@VCOPOSElectronicValueRW@@@ATL@@WLE@AGKXZ 100022ed f i ElectronicValueRW.obj
 0001:000012fa       ??_E?$CComContainedObject@VCOPOSElectronicValueRW@@@ATL@@W3AEPAXI@Z 100022fa f i ElectronicValueRW.obj
 0001:00001302       ??_E?$CComContainedObject@VCOPOSElectronicValueRW@@@ATL@@WEM@AEPAXI@Z 10002302 f i ElectronicValueRW.obj
 0001:0000130a       ?QueryInterface@?$CComContainedObject@VCOPOSElectronicValueRW@@@ATL@@WHA@AGJABU_GUID@@PAPAX@Z 1000230a f i ElectronicValueRW.obj
 0001:00001314       ?AddRef@?$CComContainedObject@VCOPOSElectronicValueRW@@@ATL@@WHA@AGKXZ 10002314 f i ElectronicValueRW.obj
 0001:0000131e       ?Release@?$CComContainedObject@VCOPOSElectronicValueRW@@@ATL@@WHA@AGKXZ 1000231e f i ElectronicValueRW.obj
 0001:00001328       ?QueryInterface@?$CComContainedObject@VCOPOSElectronicValueRW@@@ATL@@WHE@AGJABU_GUID@@PAPAX@Z 10002328 f i ElectronicValueRW.obj
 0001:00001332       ?AddRef@?$CComContainedObject@VCOPOSElectronicValueRW@@@ATL@@WHE@AGKXZ 10002332 f i ElectronicValueRW.obj
 0001:0000133c       ?Release@?$CComContainedObject@VCOPOSElectronicValueRW@@@ATL@@WHE@AGKXZ 1000233c f i ElectronicValueRW.obj
 0001:00001346       ?QueryInterface@?$CComContainedObject@VCOPOSElectronicValueRW@@@ATL@@WHI@AGJABU_GUID@@PAPAX@Z 10002346 f i ElectronicValueRW.obj
 0001:00001350       ?AddRef@?$CComContainedObject@VCOPOSElectronicValueRW@@@ATL@@WHI@AGKXZ 10002350 f i ElectronicValueRW.obj
 0001:0000135a       ?Release@?$CComContainedObject@VCOPOSElectronicValueRW@@@ATL@@WHI@AGKXZ 1000235a f i ElectronicValueRW.obj
 0001:00001364       ?QueryInterface@?$CComContainedObject@VCOPOSElectronicValueRW@@@ATL@@WHM@AGJABU_GUID@@PAPAX@Z 10002364 f i ElectronicValueRW.obj
 0001:0000136e       ?AddRef@?$CComContainedObject@VCOPOSElectronicValueRW@@@ATL@@WHM@AGKXZ 1000236e f i ElectronicValueRW.obj
 0001:00001378       ?Release@?$CComContainedObject@VCOPOSElectronicValueRW@@@ATL@@WHM@AGKXZ 10002378 f i ElectronicValueRW.obj
 0001:00001382       ?QueryInterface@?$CComContainedObject@VCOPOSElectronicValueRW@@@ATL@@WIA@AGJABU_GUID@@PAPAX@Z 10002382 f i ElectronicValueRW.obj
 0001:0000138f       ?AddRef@?$CComContainedObject@VCOPOSElectronicValueRW@@@ATL@@WIA@AGKXZ 1000238f f i ElectronicValueRW.obj
 0001:0000139c       ?Release@?$CComContainedObject@VCOPOSElectronicValueRW@@@ATL@@WIA@AGKXZ 1000239c f i ElectronicValueRW.obj
 0001:000013a9       ?QueryInterface@?$CComContainedObject@VCOPOSElectronicValueRW@@@ATL@@WIE@AGJABU_GUID@@PAPAX@Z 100023a9 f i ElectronicValueRW.obj
 0001:000013b6       ?AddRef@?$CComContainedObject@VCOPOSElectronicValueRW@@@ATL@@WIE@AGKXZ 100023b6 f i ElectronicValueRW.obj
 0001:000013c3       ?Release@?$CComContainedObject@VCOPOSElectronicValueRW@@@ATL@@WIE@AGKXZ 100023c3 f i ElectronicValueRW.obj
 0001:000013d0       ?QueryInterface@?$CComContainedObject@VCOPOSElectronicValueRW@@@ATL@@WII@AGJABU_GUID@@PAPAX@Z 100023d0 f i ElectronicValueRW.obj
 0001:000013dd       ?AddRef@?$CComContainedObject@VCOPOSElectronicValueRW@@@ATL@@WII@AGKXZ 100023dd f i ElectronicValueRW.obj
 0001:000013ea       ?Release@?$CComContainedObject@VCOPOSElectronicValueRW@@@ATL@@WII@AGKXZ 100023ea f i ElectronicValueRW.obj
 0001:000013f7       ?QueryInterface@?$CComContainedObject@VCOPOSElectronicValueRW@@@ATL@@WIM@AGJABU_GUID@@PAPAX@Z 100023f7 f i ElectronicValueRW.obj
 0001:00001404       ?AddRef@?$CComContainedObject@VCOPOSElectronicValueRW@@@ATL@@WIM@AGKXZ 10002404 f i ElectronicValueRW.obj
 0001:00001411       ?Release@?$CComContainedObject@VCOPOSElectronicValueRW@@@ATL@@WIM@AGKXZ 10002411 f i ElectronicValueRW.obj
 0001:0000141e       ?QueryInterface@?$CComContainedObject@VCOPOSElectronicValueRW@@@ATL@@WJA@AGJABU_GUID@@PAPAX@Z 1000241e f i ElectronicValueRW.obj
 0001:0000142b       ?AddRef@?$CComContainedObject@VCOPOSElectronicValueRW@@@ATL@@WJA@AGKXZ 1000242b f i ElectronicValueRW.obj
 0001:00001438       ?Release@?$CComContainedObject@VCOPOSElectronicValueRW@@@ATL@@WJA@AGKXZ 10002438 f i ElectronicValueRW.obj
 0001:00001445       ?QueryInterface@?$CComContainedObject@VCOPOSElectronicValueRW@@@ATL@@WJE@AGJABU_GUID@@PAPAX@Z 10002445 f i ElectronicValueRW.obj
 0001:00001452       ?AddRef@?$CComContainedObject@VCOPOSElectronicValueRW@@@ATL@@WJE@AGKXZ 10002452 f i ElectronicValueRW.obj
 0001:0000145f       ?Release@?$CComContainedObject@VCOPOSElectronicValueRW@@@ATL@@WJE@AGKXZ 1000245f f i ElectronicValueRW.obj
 0001:0000146c       ?QueryInterface@?$CComContainedObject@VCOPOSElectronicValueRW@@@ATL@@WJI@AGJABU_GUID@@PAPAX@Z 1000246c f i ElectronicValueRW.obj
 0001:00001479       ?AddRef@?$CComContainedObject@VCOPOSElectronicValueRW@@@ATL@@WJI@AGKXZ 10002479 f i ElectronicValueRW.obj
 0001:00001486       ?Release@?$CComContainedObject@VCOPOSElectronicValueRW@@@ATL@@WJI@AGKXZ 10002486 f i ElectronicValueRW.obj
 0001:00001493       ?QueryInterface@?$CComContainedObject@VCOPOSElectronicValueRW@@@ATL@@WJM@AGJABU_GUID@@PAPAX@Z 10002493 f i ElectronicValueRW.obj
 0001:000014a0       ?AddRef@?$CComContainedObject@VCOPOSElectronicValueRW@@@ATL@@WJM@AGKXZ 100024a0 f i ElectronicValueRW.obj
 0001:000014ad       ?Release@?$CComContainedObject@VCOPOSElectronicValueRW@@@ATL@@WJM@AGKXZ 100024ad f i ElectronicValueRW.obj
 0001:000014ba       ?QueryInterface@?$CComContainedObject@VCOPOSElectronicValueRW@@@ATL@@WKA@AGJABU_GUID@@PAPAX@Z 100024ba f i ElectronicValueRW.obj
 0001:000014c7       ?AddRef@?$CComContainedObject@VCOPOSElectronicValueRW@@@ATL@@WKA@AGKXZ 100024c7 f i ElectronicValueRW.obj
 0001:000014d4       ?Release@?$CComContainedObject@VCOPOSElectronicValueRW@@@ATL@@WKA@AGKXZ 100024d4 f i ElectronicValueRW.obj
 0001:000014e1       ?AddRef@?$CComContainedObject@VCOPOSElectronicValueRW@@@ATL@@WKI@AGKXZ 100024e1 f i ElectronicValueRW.obj
 0001:000014ee       ?Release@?$CComContainedObject@VCOPOSElectronicValueRW@@@ATL@@WKI@AGKXZ 100024ee f i ElectronicValueRW.obj
 0001:000014fb       ?AddRef@?$CComContainedObject@VCOPOSElectronicValueRW@@@ATL@@WLE@AGKXZ 100024fb f i ElectronicValueRW.obj
 0001:00001508       ?Release@?$CComContainedObject@VCOPOSElectronicValueRW@@@ATL@@WLE@AGKXZ 10002508 f i ElectronicValueRW.obj
 0001:00001515       ?GetTypeInfoCount@?$IDispatchImpl@UIOPOSElectronicValueRW@@$1?IID_IOPOSElectronicValueRW@@3U_GUID@@B$1?LIBID_OposElectronicValueRW_CCO@@3U3@B$00$0A@VCComTypeInfoHolder@ATL@@@ATL@@UAGJPAI@Z 10002515 f i ElectronicValueRW.obj
 0001:00001532       ?GetTypeInfo@?$IDispatchImpl@UIOPOSElectronicValueRW@@$1?IID_IOPOSElectronicValueRW@@3U_GUID@@B$1?LIBID_OposElectronicValueRW_CCO@@3U3@B$00$0A@VCComTypeInfoHolder@ATL@@@ATL@@UAGJIKPAPAUITypeInfo@@@Z 10002532 f i ElectronicValueRW.obj
 0001:00001556       ?GetIDsOfNames@?$IDispatchImpl@UIOPOSElectronicValueRW@@$1?IID_IOPOSElectronicValueRW@@3U_GUID@@B$1?LIBID_OposElectronicValueRW_CCO@@3U3@B$00$0A@VCComTypeInfoHolder@ATL@@@ATL@@UAGJABU_GUID@@PAPA_WIKPAJ@Z 10002556 f i ElectronicValueRW.obj
 0001:00001576       ?Invoke@?$IDispatchImpl@UIOPOSElectronicValueRW@@$1?IID_IOPOSElectronicValueRW@@3U_GUID@@B$1?LIBID_OposElectronicValueRW_CCO@@3U3@B$00$0A@VCComTypeInfoHolder@ATL@@@ATL@@UAGJJABU_GUID@@KGPAUtagDISPPARAMS@@PAUtagVARIANT@@PAUtagEXCEPINFO@@PAI@Z 10002576 f i ElectronicValueRW.obj
 0001:00001584       ?CreateControlWindow@?$CComControl@VCOPOSElectronicValueRW@@V?$CWindowImpl@VCOPOSElectronicValueRW@@VCWindow@ATL@@V?$CWinTraits@$0FGAAAAAA@$0A@@3@@ATL@@@ATL@@UAEPAUHWND__@@PAU3@AAUtagRECT@@@Z 10002584 f i ElectronicValueRW.obj
 0001:000015b3       ?ControlQueryInterface@?$CComControl@VCOPOSElectronicValueRW@@V?$CWindowImpl@VCOPOSElectronicValueRW@@VCWindow@ATL@@V?$CWinTraits@$0FGAAAAAA@$0A@@3@@ATL@@@ATL@@UAEJABU_GUID@@PAPAX@Z 100025b3 f i ElectronicValueRW.obj
 0001:000015ce       ?GetClassID@?$IPersistStorageImpl@VCOPOSElectronicValueRW@@@ATL@@UAGJPAU_GUID@@@Z 100025ce f i ElectronicValueRW.obj
 0001:000015ce       ?GetUserClassID@?$IOleObjectImpl@VCOPOSElectronicValueRW@@@ATL@@UAGJPAU_GUID@@@Z 100025ce f i ElectronicValueRW.obj
 0001:000015ce       ?GetClassID@?$IPersistStreamInitImpl@VCOPOSElectronicValueRW@@@ATL@@UAGJPAU_GUID@@@Z 100025ce f i ElectronicValueRW.obj
 0001:000015f2       ?IsDirty@?$IPersistStreamInitImpl@VCOPOSElectronicValueRW@@@ATL@@UAGJXZ 100025f2 f i ElectronicValueRW.obj
 0001:00001611       ?Load@?$IPersistStreamInitImpl@VCOPOSElectronicValueRW@@@ATL@@UAGJPAUIStream@@@Z 10002611 f i ElectronicValueRW.obj
 0001:00001630       ?Save@?$IPersistStreamInitImpl@VCOPOSElectronicValueRW@@@ATL@@UAGJPAUIStream@@H@Z 10002630 f i ElectronicValueRW.obj
 0001:00001652       ?GetSizeMax@?$IPersistStreamInitImpl@VCOPOSElectronicValueRW@@@ATL@@UAGJPAT_ULARGE_INTEGER@@@Z 10002652 f i ElectronicValueRW.obj
 0001:00001807       ?InitNew@?$IPersistStreamInitImpl@VCOPOSElectronicValueRW@@@ATL@@UAGJXZ 10002807 f i ElectronicValueRW.obj
 0001:00001824       ?QueryGetData@?$IDataObjectImpl@VCOPOSElectronicValueRW@@@ATL@@UAGJPAUtagFORMATETC@@@Z 10002824 f i ElectronicValueRW.obj
 0001:00001824       ?Unfreeze@?$IViewObjectExImpl@VCOPOSElectronicValueRW@@@ATL@@UAGJK@Z 10002824 f i ElectronicValueRW.obj
 0001:00001824       ?ContextSensitiveHelp@?$IOleInPlaceActiveObjectImpl@VCOPOSElectronicValueRW@@@ATL@@UAGJH@Z 10002824 f i ElectronicValueRW.obj
 0001:00001824       ?GetDropTarget@?$IOleInPlaceObjectWindowlessImpl@VCOPOSElectronicValueRW@@@ATL@@UAGJPAPAUIDropTarget@@@Z 10002824 f i ElectronicValueRW.obj
 0001:00001824       ?OnMnemonic@?$IOleControlImpl@VCOPOSElectronicValueRW@@@ATL@@UAGJPAUtagMSG@@@Z 10002824 f i ElectronicValueRW.obj
 0001:00001824       ?ContextSensitiveHelp@?$IOleInPlaceObjectWindowlessImpl@VCOPOSElectronicValueRW@@@ATL@@UAGJH@Z 10002824 f i ElectronicValueRW.obj
 0001:00001824       ?SetColorScheme@?$IOleObjectImpl@VCOPOSElectronicValueRW@@@ATL@@UAGJPAUtagLOGPALETTE@@@Z 10002824 f i ElectronicValueRW.obj
 0001:00001824       ?GetControlInfo@?$IOleControlImpl@VCOPOSElectronicValueRW@@@ATL@@UAGJPAUtagCONTROLINFO@@@Z 10002824 f i ElectronicValueRW.obj
 0001:0000182c       ?EnableModeless@?$IOleInPlaceActiveObjectImpl@VCOPOSElectronicValueRW@@@ATL@@UAGJH@Z 1000282c f i ElectronicValueRW.obj
 0001:0000182c       ?OnFrameWindowActivate@?$IOleInPlaceActiveObjectImpl@VCOPOSElectronicValueRW@@@ATL@@UAGJH@Z 1000282c f i ElectronicValueRW.obj
 0001:0000182c       ?OnAmbientPropertyChange@?$IOleControlImpl@VCOPOSElectronicValueRW@@@ATL@@UAGJJ@Z 1000282c f i ElectronicValueRW.obj
 0001:0000182c       ?SaveCompleted@?$IPersistStorageImpl@VCOPOSElectronicValueRW@@@ATL@@UAGJPAUIStorage@@@Z 1000282c f i ElectronicValueRW.obj
 0001:00001831       ?SetClientSite@?$IOleObjectImpl@VCOPOSElectronicValueRW@@@ATL@@UAGJPAUIOleClientSite@@@Z 10002831 f i ElectronicValueRW.obj
 0001:0000184e       ?GetClientSite@?$IOleObjectImpl@VCOPOSElectronicValueRW@@@ATL@@UAGJPAPAUIOleClientSite@@@Z 1000284e f i ElectronicValueRW.obj
 0001:0000186b       ?SetHostNames@?$IOleObjectImpl@VCOPOSElectronicValueRW@@@ATL@@UAGJPB_W0@Z 1000286b f i ElectronicValueRW.obj
 0001:00001870       ?Close@?$IOleObjectImpl@VCOPOSElectronicValueRW@@@ATL@@UAGJK@Z 10002870 f i ElectronicValueRW.obj
 0001:0000188d       ?SetData@?$IDataObjectImpl@VCOPOSElectronicValueRW@@@ATL@@UAGJPAUtagFORMATETC@@PAUtagSTGMEDIUM@@H@Z 1000288d f i ElectronicValueRW.obj
 0001:0000188d       ?InitFromData@?$IOleObjectImpl@VCOPOSElectronicValueRW@@@ATL@@UAGJPAUIDataObject@@HK@Z 1000288d f i ElectronicValueRW.obj
 0001:0000188d       ?GetMoniker@?$IOleObjectImpl@VCOPOSElectronicValueRW@@@ATL@@UAGJKKPAPAUIMoniker@@@Z 1000288d f i ElectronicValueRW.obj
 0001:00001895       ?DoVerb@?$IOleObjectImpl@VCOPOSElectronicValueRW@@@ATL@@UAGJJPAUtagMSG@@PAUIOleClientSite@@JPAUHWND__@@PBUtagRECT@@@Z 10002895 f i ElectronicValueRW.obj
 0001:000019ad       ?EnumVerbs@?$IOleObjectImpl@VCOPOSElectronicValueRW@@@ATL@@UAGJPAPAUIEnumOLEVERB@@@Z 100029ad f i ElectronicValueRW.obj
 0001:000019cf       ?GetUserType@?$IOleObjectImpl@VCOPOSElectronicValueRW@@@ATL@@UAGJKPAPA_W@Z 100029cf f i ElectronicValueRW.obj
 0001:000019e7       ?SetExtent@?$IOleObjectImpl@VCOPOSElectronicValueRW@@@ATL@@UAGJKPAUtagSIZE@@@Z 100029e7 f i ElectronicValueRW.obj
 0001:00001a07       ?GetExtent@?$IOleObjectImpl@VCOPOSElectronicValueRW@@@ATL@@UAGJKPAUtagSIZE@@@Z 10002a07 f i ElectronicValueRW.obj
 0001:00001a45       ?Advise@?$IOleObjectImpl@VCOPOSElectronicValueRW@@@ATL@@UAGJPAUIAdviseSink@@PAK@Z 10002a45 f i ElectronicValueRW.obj
 0001:00001a65       ?Unadvise@?$IOleObjectImpl@VCOPOSElectronicValueRW@@@ATL@@UAGJK@Z 10002a65 f i ElectronicValueRW.obj
 0001:00001a94       ?EnumAdvise@?$IOleObjectImpl@VCOPOSElectronicValueRW@@@ATL@@UAGJPAPAUIEnumSTATDATA@@@Z 10002a94 f i ElectronicValueRW.obj
 0001:00001ad4       ?GetMiscStatus@?$IOleObjectImpl@VCOPOSElectronicValueRW@@@ATL@@UAGJKPAK@Z 10002ad4 f i ElectronicValueRW.obj
 0001:00001aec       ?GetWindow@?$IOleInPlaceActiveObjectImpl@VCOPOSElectronicValueRW@@@ATL@@UAGJPAPAUHWND__@@@Z 10002aec f i ElectronicValueRW.obj
 0001:00001b39       ?TranslateAcceleratorW@?$IOleInPlaceActiveObjectImpl@VCOPOSElectronicValueRW@@@ATL@@UAGJPAUtagMSG@@@Z 10002b39 f i ElectronicValueRW.obj
 0001:00001bd7       ?OnDocWindowActivate@?$IOleInPlaceActiveObjectImpl@VCOPOSElectronicValueRW@@@ATL@@UAGJH@Z 10002bd7 f i ElectronicValueRW.obj
 0001:00001bf9       ?ResizeBorder@?$IOleInPlaceActiveObjectImpl@VCOPOSElectronicValueRW@@@ATL@@UAGJPBUtagRECT@@PAUIOleInPlaceUIWindow@@H@Z 10002bf9 f i ElectronicValueRW.obj
 0001:00001bfe       ?Draw@?$IViewObjectExImpl@VCOPOSElectronicValueRW@@@ATL@@UAGJKJPAXPAUtagDVTARGETDEVICE@@PAUHDC__@@2PBU_RECTL@@3P6GHK@ZK@Z 10002bfe f i ElectronicValueRW.obj
 0001:00001c30       ?GetColorSet@?$IViewObjectExImpl@VCOPOSElectronicValueRW@@@ATL@@UAGJKJPAXPAUtagDVTARGETDEVICE@@PAUHDC__@@PAPAUtagLOGPALETTE@@@Z 10002c30 f i ElectronicValueRW.obj
 0001:00001c38       ?Freeze@?$IViewObjectExImpl@VCOPOSElectronicValueRW@@@ATL@@UAGJKJPAXPAK@Z 10002c38 f i ElectronicValueRW.obj
 0001:00001c40       ?SetAdvise@?$IViewObjectExImpl@VCOPOSElectronicValueRW@@@ATL@@UAGJKKPAUIAdviseSink@@@Z 10002c40 f i ElectronicValueRW.obj
 0001:00001c5f       ?GetAdvise@?$IViewObjectExImpl@VCOPOSElectronicValueRW@@@ATL@@UAGJPAK0PAPAUIAdviseSink@@@Z 10002c5f f i ElectronicValueRW.obj
 0001:00001c94       ?GetExtent@?$IViewObjectExImpl@VCOPOSElectronicValueRW@@@ATL@@UAGJKJPAUtagDVTARGETDEVICE@@PAUtagSIZE@@@Z 10002c94 f i ElectronicValueRW.obj
 0001:00001cc5       ?GetViewStatus@?$IViewObjectExImpl@VCOPOSElectronicValueRW@@@ATL@@UAGJPAK@Z 10002cc5 f i ElectronicValueRW.obj
 0001:00001ce2       ?QueryHitPoint@?$IViewObjectExImpl@VCOPOSElectronicValueRW@@@ATL@@UAGJKPBUtagRECT@@UtagPOINT@@JPAK@Z 10002ce2 f i ElectronicValueRW.obj
 0001:00001d23       ?QueryHitRect@?$IViewObjectExImpl@VCOPOSElectronicValueRW@@@ATL@@UAGJKPBUtagRECT@@0JPAK@Z 10002d23 f i ElectronicValueRW.obj
 0001:00001d7e       ?GetNaturalExtent@?$IViewObjectExImpl@VCOPOSElectronicValueRW@@@ATL@@UAGJKJPAUtagDVTARGETDEVICE@@PAUHDC__@@PAUtagExtentInfo@@PAUtagSIZE@@@Z 10002d7e f i ElectronicValueRW.obj
 0001:00001dc9       ?GetWindow@?$IOleInPlaceObjectWindowlessImpl@VCOPOSElectronicValueRW@@@ATL@@UAGJPAPAUHWND__@@@Z 10002dc9 f i ElectronicValueRW.obj
 0001:00001e16       ?InPlaceDeactivate@?$IOleInPlaceObjectWindowlessImpl@VCOPOSElectronicValueRW@@@ATL@@UAGJXZ 10002e16 f i ElectronicValueRW.obj
 0001:00001e30       ?UIDeactivate@?$IOleInPlaceObjectWindowlessImpl@VCOPOSElectronicValueRW@@@ATL@@UAGJXZ 10002e30 f i ElectronicValueRW.obj
 0001:00001e4a       ?SetObjectRects@?$IOleInPlaceObjectWindowlessImpl@VCOPOSElectronicValueRW@@@ATL@@UAGJPBUtagRECT@@0@Z 10002e4a f i ElectronicValueRW.obj
 0001:00001e6a       ?ReactivateAndUndo@?$IOleInPlaceObjectWindowlessImpl@VCOPOSElectronicValueRW@@@ATL@@UAGJXZ 10002e6a f i ElectronicValueRW.obj
 0001:00001e72       ?OnWindowMessage@?$IOleInPlaceObjectWindowlessImpl@VCOPOSElectronicValueRW@@@ATL@@UAGJIIJPAJ@Z 10002e72 f i ElectronicValueRW.obj
 0001:00001ee2       ?EnumConnectionPoints@?$IConnectionPointContainerImpl@VCOPOSElectronicValueRW@@@ATL@@UAGJPAPAUIEnumConnectionPoints@@@Z 10002ee2 f i ElectronicValueRW.obj
 0001:0000205c       ?FindConnectionPoint@?$IConnectionPointContainerImpl@VCOPOSElectronicValueRW@@@ATL@@UAGJABU_GUID@@PAPAUIConnectionPoint@@@Z 1000305c f i ElectronicValueRW.obj
 0001:000020ff       ?IsDirty@?$IPersistStorageImpl@VCOPOSElectronicValueRW@@@ATL@@UAGJXZ 100030ff f i ElectronicValueRW.obj
 0001:00002133       ?InitNew@?$IPersistStorageImpl@VCOPOSElectronicValueRW@@@ATL@@UAGJPAUIStorage@@@Z 10003133 f i ElectronicValueRW.obj
 0001:00002167       ?Load@?$IPersistStorageImpl@VCOPOSElectronicValueRW@@@ATL@@UAGJPAUIStorage@@@Z 10003167 f i ElectronicValueRW.obj
 0001:000021d3       ?Save@?$IPersistStorageImpl@VCOPOSElectronicValueRW@@@ATL@@UAGJPAUIStorage@@H@Z 100031d3 f i ElectronicValueRW.obj
 0001:00002246       ?GetPages@?$ISpecifyPropertyPagesImpl@VCOPOSElectronicValueRW@@@ATL@@UAGJPAUtagCAUUID@@@Z 10003246 f i ElectronicValueRW.obj
 0001:0000225d       ?QuickActivate@?$IQuickActivateImpl@VCOPOSElectronicValueRW@@@ATL@@UAGJPAUtagQACONTAINER@@PAUtagQACONTROL@@@Z 1000325d f i ElectronicValueRW.obj
 0001:00002280       ?SetContentExtent@?$IQuickActivateImpl@VCOPOSElectronicValueRW@@@ATL@@UAGJPAUtagSIZE@@@Z 10003280 f i ElectronicValueRW.obj
 0001:000022ac       ?GetContentExtent@?$IQuickActivateImpl@VCOPOSElectronicValueRW@@@ATL@@UAGJPAUtagSIZE@@@Z 100032ac f i ElectronicValueRW.obj
 0001:000022cc       ?GetData@?$IDataObjectImpl@VCOPOSElectronicValueRW@@@ATL@@UAGJPAUtagFORMATETC@@PAUtagSTGMEDIUM@@@Z 100032cc f i ElectronicValueRW.obj
 0001:000022ef       ?DAdvise@?$IDataObjectImpl@VCOPOSElectronicValueRW@@@ATL@@UAGJPAUtagFORMATETC@@KPAUIAdviseSink@@PAK@Z 100032ef f i ElectronicValueRW.obj
 0001:00002330       ?DUnadvise@?$IDataObjectImpl@VCOPOSElectronicValueRW@@@ATL@@UAGJK@Z 10003330 f i ElectronicValueRW.obj
 0001:0000235e       ?EnumDAdvise@?$IDataObjectImpl@VCOPOSElectronicValueRW@@@ATL@@UAGJPAPAUIEnumSTATDATA@@@Z 1000335e f i ElectronicValueRW.obj
 0001:0000239d       ?GetClassInfoW@?$IProvideClassInfo2Impl@$1?CLSID_OPOSElectronicValueRW@@3U_GUID@@B$1?DIID__IOPOSElectronicValueRWEvents@@3U2@B$1?LIBID_OposElectronicValueRW_CCO@@3U2@B$00$0A@VCComTypeInfoHolder@ATL@@@ATL@@UAGJPAPAUITypeInfo@@@Z 1000339d f i ElectronicValueRW.obj
 0001:000023b3       ?GetGUID@?$IProvideClassInfo2Impl@$1?CLSID_OPOSElectronicValueRW@@3U_GUID@@B$1?DIID__IOPOSElectronicValueRWEvents@@3U2@B$1?LIBID_OposElectronicValueRW_CCO@@3U2@B$00$0A@VCComTypeInfoHolder@ATL@@@ATL@@UAGJKPAU_GUID@@@Z 100033b3 f i ElectronicValueRW.obj
 0001:000023f1       __get_startup_argv_mode    100033f1 f i LIBCMT:argv_mode.obj
 0001:000023f1       ?FAccessAllowed@?$IObjectSafetyImpl@VCOPOSElectronicValueRW@@$02@ATL@@MAEHXZ 100033f1 f i ElectronicValueRW.obj
 0001:000023f5       ?GetInterfaceSafetyOptions@?$IObjectSafetyImpl@VCOPOSElectronicValueRW@@$02@ATL@@UAGJABU_GUID@@PAK1@Z 100033f5 f i ElectronicValueRW.obj
 0001:00002469       ?SetInterfaceSafetyOptions@?$IObjectSafetyImpl@VCOPOSElectronicValueRW@@$02@ATL@@UAGJABU_GUID@@KK@Z 10003469 f i ElectronicValueRW.obj
 0001:000024e3       ?_LocCPQueryInterface@?$IConnectionPointImpl@VCOPOSElectronicValueRW@@$1?IID_IPropertyNotifySink@@3U_GUID@@BVCComDynamicUnkArray@ATL@@@ATL@@UAGJABU_GUID@@PAPAX@Z 100034e3 f i ElectronicValueRW.obj
 0001:000024e3       ?_LocCPQueryInterface@?$IConnectionPointImpl@VCOPOSElectronicValueRW@@$1?DIID__IOPOSElectronicValueRWEvents@@3U_GUID@@BVCComDynamicUnkArray@ATL@@@ATL@@UAGJABU_GUID@@PAPAX@Z 100034e3 f i ElectronicValueRW.obj
 0001:00002530       ?GetConnectionInterface@?$IConnectionPointImpl@VCOPOSElectronicValueRW@@$1?IID_IPropertyNotifySink@@3U_GUID@@BVCComDynamicUnkArray@ATL@@@ATL@@UAGJPAU_GUID@@@Z 10003530 f i ElectronicValueRW.obj
 0001:00002554       ?GetConnectionPointContainer@?$IConnectionPointImpl@VCOPOSElectronicValueRW@@$1?IID_IPropertyNotifySink@@3U_GUID@@BVCComDynamicUnkArray@ATL@@@ATL@@UAGJPAPAUIConnectionPointContainer@@@Z 10003554 f i ElectronicValueRW.obj
 0001:00002577       ?Advise@?$IConnectionPointImpl@VCOPOSElectronicValueRW@@$1?DIID__IOPOSElectronicValueRWEvents@@3U_GUID@@BVCComDynamicUnkArray@ATL@@@ATL@@UAGJPAUIUnknown@@PAK@Z 10003577 f i ElectronicValueRW.obj
 0001:00002577       ?Advise@?$IConnectionPointImpl@VCOPOSElectronicValueRW@@$1?IID_IPropertyNotifySink@@3U_GUID@@BVCComDynamicUnkArray@ATL@@@ATL@@UAGJPAUIUnknown@@PAK@Z 10003577 f i ElectronicValueRW.obj
 0001:00002618       ?Unadvise@?$IConnectionPointImpl@VCOPOSElectronicValueRW@@$1?IID_IPropertyNotifySink@@3U_GUID@@BVCComDynamicUnkArray@ATL@@@ATL@@UAGJK@Z 10003618 f i ElectronicValueRW.obj
 0001:00002618       ?Unadvise@?$IConnectionPointImpl@VCOPOSElectronicValueRW@@$1?DIID__IOPOSElectronicValueRWEvents@@3U_GUID@@BVCComDynamicUnkArray@ATL@@@ATL@@UAGJK@Z 10003618 f i ElectronicValueRW.obj
 0001:00002658       ?EnumConnections@?$IConnectionPointImpl@VCOPOSElectronicValueRW@@$1?DIID__IOPOSElectronicValueRWEvents@@3U_GUID@@BVCComDynamicUnkArray@ATL@@@ATL@@UAGJPAPAUIEnumConnections@@@Z 10003658 f i ElectronicValueRW.obj
 0001:00002658       ?EnumConnections@?$IConnectionPointImpl@VCOPOSElectronicValueRW@@$1?IID_IPropertyNotifySink@@3U_GUID@@BVCComDynamicUnkArray@ATL@@@ATL@@UAGJPAPAUIEnumConnections@@@Z 10003658 f i ElectronicValueRW.obj
 0001:0000275e       ?GetCategoryMap@CComObjectRootBase@ATL@@SAPBU_ATL_CATMAP_ENTRY@2@XZ 1000375e f i ElectronicValueRW.obj
 0001:0000275e       ?GetObjectDescription@?$CComCoClass@VCOPOSElectronicValueRW@@$1?CLSID_OPOSElectronicValueRW@@3U_GUID@@B@ATL@@SGPB_WXZ 1000375e f i ElectronicValueRW.obj
 0001:00002761       ?GetConnectionInterface@?$IConnectionPointImpl@VCOPOSElectronicValueRW@@$1?DIID__IOPOSElectronicValueRWEvents@@3U_GUID@@BVCComDynamicUnkArray@ATL@@@ATL@@UAGJPAU_GUID@@@Z 10003761 f i ElectronicValueRW.obj
 0001:00002785       ?GetConnectionPointContainer@?$IConnectionPointImpl@VCOPOSElectronicValueRW@@$1?DIID__IOPOSElectronicValueRWEvents@@3U_GUID@@BVCComDynamicUnkArray@ATL@@@ATL@@UAGJPAPAUIConnectionPointContainer@@@Z 10003785 f i ElectronicValueRW.obj
 0001:000027a8       ?UpdateRegistry@COPOSElectronicValueRW@@SGJH@Z 100037a8 f i ElectronicValueRW.obj
 0001:000027c0       ?ProcessWindowMessage@COPOSElectronicValueRW@@UAEHPAUHWND__@@IIJAAJK@Z 100037c0 f i ElectronicValueRW.obj
 0001:00002809       ?SOData@COPOSElectronicValueRW@@MAGJJ@Z 10003809 f i ElectronicValueRW.obj
 0001:00002842       ?SODirectIO@COPOSElectronicValueRW@@MAGJJPAJPAPA_W@Z 10003842 f i ElectronicValueRW.obj
 0001:0000288b       ?SOError@COPOSElectronicValueRW@@MAGJJJJPAJ@Z 1000388b f i ElectronicValueRW.obj
 0001:000028e0       ?SOOutputComplete@COPOSElectronicValueRW@@MAGJJ@Z 100038e0 f i ElectronicValueRW.obj
 0001:00002919       ?SOStatusUpdate@COPOSElectronicValueRW@@MAGJJ@Z 10003919 f i ElectronicValueRW.obj
 0001:00002952       ?SOTransition@COPOSElectronicValueRW@@MAGJJPAJPAPA_W@Z 10003952 f i ElectronicValueRW.obj
 0001:0000299b       ?CreateInstance@CComClassFactory@ATL@@UAGJPAUIUnknown@@ABU_GUID@@PAPAX@Z 1000399b f i ElectronicValueRW.obj
 0001:000029d9       ?LockServer@CComClassFactory@ATL@@UAGJH@Z 100039d9 f i ElectronicValueRW.obj
 0001:000029f8       ??_ECComClassFactory@ATL@@UAEPAXI@Z 100039f8 f i ElectronicValueRW.obj
 0001:000029f8       ??_GCComClassFactory@ATL@@UAEPAXI@Z 100039f8 f i ElectronicValueRW.obj
 0001:00002a23       ??$?4UITypeInfo2@@@?$CComPtr@UITypeInfo@@@ATL@@QAEPAUITypeInfo@@ABV?$CComPtr@UITypeInfo2@@@1@@Z 10003a23 f i ElectronicValueRW.obj
 0001:00002a50       ??$AtlAdd@K@ATL@@YAJPAKKK@Z 10003a50 f i ElectronicValueRW.obj
 0001:00002a73       ??$AtlAdd@_K@ATL@@YAJPA_K_K1@Z 10003a73 f i ElectronicValueRW.obj
 0001:00002aab       ??$AtlAddThrow@K@ATL@@YAKKK@Z 10003aab f i ElectronicValueRW.obj
 0001:00002ad1       ??$AtlModuleRegisterWndClassInfoT@VAtlModuleRegisterWndClassInfoParamW@ATL@@@ATL@@YAGPAU_ATL_BASE_MODULE70@0@PAU_ATL_WIN_MODULE70@0@PAU_ATL_WNDCLASSINFOW@0@PAP6GJPAUHWND__@@IIJ@ZVAtlModuleRegisterWndClassInfoParamW@0@@Z 10003ad1 f i ElectronicValueRW.obj
 0001:00002c1f       ??$AtlMultiply@H@ATL@@YAJPAHHH@Z 10003c1f f i ElectronicValueRW.obj
 0001:00002c57       ??$AtlMultiply@I@ATL@@YAJPAIII@Z 10003c57 f i ElectronicValueRW.obj
 0001:00002c57       ??$AtlMultiply@K@ATL@@YAJPAKKK@Z 10003c57 f i ElectronicValueRW.obj
 0001:00002c79       ??$AtlMultiplyThrow@I@ATL@@YAIII@Z 10003c79 f i ElectronicValueRW.obj
 0001:00002c9f       ??0?$CComAggObject@VCOPOSElectronicValueRW@@@ATL@@QAE@PAX@Z 10003c9f f i ElectronicValueRW.obj
 0001:00002ccc       ??0?$CComContainedObject@VCOPOSElectronicValueRW@@@ATL@@QAE@PAX@Z 10003ccc f i ElectronicValueRW.obj
 0001:00002d85       ??0?$CComObject@V?$CComEnum@UIEnumConnectionPoints@@$1?_GUID_b196b285_bab4_101a_b69c_00aa00341d07@@3U__s_GUID@@BPAUIConnectionPoint@@V?$_CopyInterface@UIConnectionPoint@@@ATL@@VCComSingleThreadModel@6@@ATL@@@ATL@@QAE@PAX@Z 10003d85 f i ElectronicValueRW.obj
 0001:00002db3       ??0?$CComObject@V?$CComEnum@UIEnumConnections@@$1?_GUID_b196b287_bab4_101a_b69c_00aa00341d07@@3U__s_GUID@@BUtagCONNECTDATA@@V?$_Copy@UtagCONNECTDATA@@@ATL@@VCComSingleThreadModel@6@@ATL@@@ATL@@QAE@PAX@Z 10003db3 f i ElectronicValueRW.obj
 0001:00002de1       ??0?$CComObject@VCOPOSElectronicValueRW@@@ATL@@QAE@PAX@Z 10003de1 f i ElectronicValueRW.obj
 0001:00002e98       ??0?$CComQIPtr@UIOleControlSite@@$1?_GUID_b196b289_bab4_101a_b69c_00aa00341d07@@3U__s_GUID@@B@ATL@@QAE@PAUIUnknown@@@Z 10003e98 f i ElectronicValueRW.obj
 0001:00002ec1       ??0CAtlModule@ATL@@QAE@XZ  10003ec1 f i ElectronicValueRW.obj
 0001:00002f02       ??0CParseBuffer@CRegParser@ATL@@QAE@H@Z 10003f02 f i ElectronicValueRW.obj
 0001:00002f38       ??0_ATL_MSG@ATL@@QAE@PAUHWND__@@IIJH@Z 10003f38 f i ElectronicValueRW.obj
 0001:00002f70       ??1?$CComAggObject@VCOPOSElectronicValueRW@@@ATL@@UAE@XZ 10003f70 f i ElectronicValueRW.obj
 0001:00002f94       ??1?$CComEnumImpl@UIEnumConnectionPoints@@$1?_GUID_b196b285_bab4_101a_b69c_00aa00341d07@@3U__s_GUID@@BPAUIConnectionPoint@@V?$_CopyInterface@UIConnectionPoint@@@ATL@@@ATL@@UAE@XZ 10003f94 f i ElectronicValueRW.obj
 0001:00002fd4       ??1?$CComEnumImpl@UIEnumConnections@@$1?_GUID_b196b287_bab4_101a_b69c_00aa00341d07@@3U__s_GUID@@BUtagCONNECTDATA@@V?$_Copy@UtagCONNECTDATA@@@ATL@@@ATL@@UAE@XZ 10003fd4 f i ElectronicValueRW.obj
 0001:00003014       ??1?$CComObject@V?$CComEnum@UIEnumConnectionPoints@@$1?_GUID_b196b285_bab4_101a_b69c_00aa00341d07@@3U__s_GUID@@BPAUIConnectionPoint@@V?$_CopyInterface@UIConnectionPoint@@@ATL@@VCComSingleThreadModel@6@@ATL@@@ATL@@UAE@XZ 10004014 f i ElectronicValueRW.obj
 0001:00003037       ??1?$CComObject@V?$CComEnum@UIEnumConnections@@$1?_GUID_b196b287_bab4_101a_b69c_00aa00341d07@@3U__s_GUID@@BUtagCONNECTDATA@@V?$_Copy@UtagCONNECTDATA@@@ATL@@VCComSingleThreadModel@6@@ATL@@@ATL@@UAE@XZ 10004037 f i ElectronicValueRW.obj
 0001:0000305a       ??1?$CComObject@VCOPOSElectronicValueRW@@@ATL@@UAE@XZ 1000405a f i ElectronicValueRW.obj
 0001:00003118       ??1?$CComObjectCached@VCComClassFactory@ATL@@@ATL@@UAE@XZ 10004118 f i ElectronicValueRW.obj
 0001:0000312e       ??1?$CComObjectRootEx@VCComMultiThreadModel@ATL@@@ATL@@QAE@XZ 1000412e f i ElectronicValueRW.obj
 0001:00003143       ??1CRegObject@ATL@@UAE@XZ  10004143 f i ElectronicValueRW.obj
 0001:00003163       ??4?$CComPtr@UIAdviseSink@@@ATL@@QAEPAUIAdviseSink@@PAU2@@Z 10004163 f i ElectronicValueRW.obj
 0001:00003163       ??4?$CComPtr@UIOleClientSite@@@ATL@@QAEPAUIOleClientSite@@PAU2@@Z 10004163 f i ElectronicValueRW.obj
 0001:00003163       ??4?$CComPtr@UIUnknown@@@ATL@@QAEPAUIUnknown@@PAU2@@Z 10004163 f i ElectronicValueRW.obj
 0001:00003197       ??4?$CComQIPtr@UIOleObject@@$1?_GUID_00000112_0000_0000_c000_000000000046@@3U__s_GUID@@B@ATL@@QAEPAUIOleObject@@PAUIUnknown@@@Z 10004197 f i ElectronicValueRW.obj
 0001:000031bc       ??4?$CComQIPtr@UISpecifyPropertyPages@@$1?_GUID_b196b28b_bab4_101a_b69c_00aa00341d07@@3U__s_GUID@@B@ATL@@QAEPAUISpecifyPropertyPages@@PAUIUnknown@@@Z 100041bc f i ElectronicValueRW.obj
 0001:000031e1       ??_G?$CComContainedObject@VCOPOSElectronicValueRW@@@ATL@@UAEPAXI@Z 100041e1 f i ElectronicValueRW.obj
 0001:000031e1       ??_E?$CComContainedObject@VCOPOSElectronicValueRW@@@ATL@@UAEPAXI@Z 100041e1 f i ElectronicValueRW.obj
 0001:00003206       ??_G?$CComObject@VCOPOSElectronicValueRW@@@ATL@@UAEPAXI@Z 10004206 f i ElectronicValueRW.obj
 0001:00003206       ??_E?$CComObject@VCOPOSElectronicValueRW@@@ATL@@UAEPAXI@Z 10004206 f i ElectronicValueRW.obj
 0001:0000322b       ?Add@?$CSimpleArray@GV?$CSimpleArrayEqualHelper@G@ATL@@@ATL@@QAEHABG@Z 1000422b f i ElectronicValueRW.obj
 0001:000032af       ?Add@?$CSimpleMap@PA_WPA_WVCExpansionVectorEqualHelper@ATL@@@ATL@@QAEHABQA_W0@Z 100042af f i ElectronicValueRW.obj
 0001:00003304       ?Add@CComDynamicUnkArray@ATL@@QAEKPAUIUnknown@@@Z 10004304 f i ElectronicValueRW.obj
 0001:000033ba       ?Add@CExpansionVector@ATL@@QAEHPB_W0@Z 100043ba f i ElectronicValueRW.obj
 0001:000034be       ?AddString@CParseBuffer@CRegParser@ATL@@QAEHPB_W@Z 100044be f i ElectronicValueRW.obj
 0001:000034f3       ?AddValue@CRegParser@ATL@@IAEJAAVCRegKey@2@PB_WPA_W@Z 100044f3 f i ElectronicValueRW.obj
 0001:00003814       ?Allocate@?$CAtlSafeAllocBufferManager@VCCRTAllocator@ATL@@@_ATL_SAFE_ALLOCA_IMPL@ATL@@QAEPAXK@Z 10004814 f i ElectronicValueRW.obj
 0001:00003841       ?Allocate@?$CTempBuffer@E$0BAA@VCCRTAllocator@ATL@@@ATL@@QAEPAEI@Z 10004841 f i ElectronicValueRW.obj
 0001:00003870       ?Allocate@?$CTempBuffer@_W$0BAA@VCCRTAllocator@ATL@@@ATL@@QAEPA_WI@Z 10004870 f i ElectronicValueRW.obj
 0001:0000389f       ?Allocate@?$CTempBuffer@_W$0EAA@VCCRTAllocator@ATL@@@ATL@@QAEPA_WI@Z 1000489f f i ElectronicValueRW.obj
 0001:000038ce       ?AllocateHeap@?$CTempBuffer@_W$0EAA@VCCRTAllocator@ATL@@@ATL@@AAEXI@Z 100048ce f i ElectronicValueRW.obj
 0001:000038ce       ?AllocateHeap@?$CTempBuffer@E$0BAA@VCCRTAllocator@ATL@@@ATL@@AAEXI@Z 100048ce f i ElectronicValueRW.obj
 0001:000038ce       ?AllocateHeap@?$CTempBuffer@_W$0BAA@VCCRTAllocator@ATL@@@ATL@@AAEXI@Z 100048ce f i ElectronicValueRW.obj
 0001:000038f3       ?Append@CParseBuffer@CRegParser@ATL@@QAEHPB_WH@Z 100048f3 f i ElectronicValueRW.obj
 0001:00003981       ?AtlCallTermFunc@ATL@@YGXPAU_ATL_MODULE70@1@@Z 10004981 f i ElectronicValueRW.obj
 0001:000039c5       ?AtlCoTaskMemCAlloc@ATL@@YAPAXKK@Z 100049c5 f i ElectronicValueRW.obj
 0001:000039f2       ?AtlCoTaskMemRecalloc@ATL@@YAPAXPAXKK@Z 100049f2 f i ElectronicValueRW.obj
 0001:00003a22       ?AtlComModuleGetClassObject@ATL@@YGJPAU_ATL_COM_MODULE70@1@ABU_GUID@@1PAPAX@Z 10004a22 f i ElectronicValueRW.obj
 0001:00003b15       ?AtlComModuleRegisterServer@ATL@@YGJPAU_ATL_COM_MODULE70@1@HPBU_GUID@@@Z 10004b15 f i ElectronicValueRW.obj
 0001:00003b9d       ?AtlComModuleUnregisterServer@ATL@@YGJPAU_ATL_COM_MODULE70@1@HPBU_GUID@@@Z 10004b9d f i ElectronicValueRW.obj
 0001:00003c25       ?AtlComQIPtrAssign2@ATL@@YAXPAPAUIUnknown@@PAU2@ABU_GUID@@@Z 10004c25 f i ElectronicValueRW.obj
 0001:00003c54       ?AtlCreateTargetDC@ATL@@YGPAUHDC__@@PAU2@PAUtagDVTARGETDEVICE@@@Z 10004c54 f i ElectronicValueRW.obj
 0001:00003cbd       ?AtlCrtErrorCheck@ATL@@YAHH@Z 10004cbd f i ElectronicValueRW.obj
 0001:00003cf8       ?AtlHiMetricToPixel@ATL@@YGXPBUtagSIZE@@PAU2@@Z 10004cf8 f i ElectronicValueRW.obj
 0001:00003d6d       ?AtlHresultFromLastError@ATL@@YAJXZ 10004d6d f i ElectronicValueRW.obj
 0001:00003d84       ?AtlHresultFromWin32@ATL@@YAJK@Z 10004d84 f i ElectronicValueRW.obj
 0001:00003d99       ?AtlIPersistStreamInit_Load@ATL@@YGJPAUIStream@@PBUATL_PROPMAP_ENTRY@1@PAXPAUIUnknown@@@Z 10004d99 f i ElectronicValueRW.obj
 0001:00003f79       ?AtlIPersistStreamInit_Save@ATL@@YGJPAUIStream@@HPBUATL_PROPMAP_ENTRY@1@PAXPAUIUnknown@@@Z 10004f79 f i ElectronicValueRW.obj
 0001:00004111       ?AtlInternalOleLoadFromStream@ATL@@YAJPAUIStream@@ABU_GUID@@PAPAXTClassesAllowedInStream@1@K@Z 10005111 f i ElectronicValueRW.obj
 0001:00004237       ?AtlInternalQueryInterface@ATL@@YGJPAXPBU_ATL_INTMAP_ENTRY@1@ABU_GUID@@PAPAX@Z 10005237 f i ElectronicValueRW.obj
 0001:000042da       ?AtlLoadTypeLib@ATL@@YGJPAUHINSTANCE__@@PB_WPAPA_WPAPAUITypeLib@@@Z 100052da f i ElectronicValueRW.obj
 0001:000044b8       ?AtlModuleAddTermFunc@ATL@@YGJPAU_ATL_MODULE70@1@P6GXK@ZK@Z 100054b8 f i ElectronicValueRW.obj
 0001:00004515       ?AtlRegisterClassCategoriesHelper@ATL@@YGJABU_GUID@@PBU_ATL_CATMAP_ENTRY@1@H@Z 10005515 f i ElectronicValueRW.obj
 0001:000047f5       ?AtlRegisterTypeLib@ATL@@YGJPAUHINSTANCE__@@PB_W@Z 100057f5 f i ElectronicValueRW.obj
 0001:0000497d       ?AtlThrowImpl@ATL@@YGXJ@Z  1000597d f i ElectronicValueRW.obj
 0001:0000499b       ?AtlUnRegisterTypeLib@ATL@@YGJPAUHINSTANCE__@@PB_W@Z 1000599b f i ElectronicValueRW.obj
 0001:00004a46       ?AtlWinModuleAddCreateWndData@ATL@@YGXPAU_ATL_WIN_MODULE70@1@PAU_AtlCreateWndData@1@PAX@Z 10005a46 f i ElectronicValueRW.obj
 0001:00004a9a       ?AtlWinModuleExtractCreateWndData@ATL@@YGPAXPAU_ATL_WIN_MODULE70@1@@Z 10005a9a f i ElectronicValueRW.obj
 0001:00004afd       ?AtlWinModuleRegisterClassExW@ATL@@YGGPAU_ATL_WIN_MODULE70@1@PBUtagWNDCLASSEXW@@@Z 10005afd f i ElectronicValueRW.obj
 0001:00004b3c       ?CanForceRemoveKey@CRegParser@ATL@@IAEHPB_W@Z 10005b3c f i ElectronicValueRW.obj
 0001:00004b6b       ?ChToByte@CRegParser@ATL@@KAE_W@Z 10005b6b f i ElectronicValueRW.obj
 0001:00004b9e       ?Cleanup@CComTypeInfoHolder@ATL@@SGXK@Z 10005b9e f i ElectronicValueRW.obj
 0001:00004bd1       ?ClearReplacements@CExpansionVector@ATL@@QAEJXZ 10005bd1 f i ElectronicValueRW.obj
 0001:00004c0e       ?Close@CRegKey@ATL@@QAEJXZ 10005c0e f i ElectronicValueRW.obj
 0001:00004c28       ?CreateInstance@?$CComCreator@V?$CComAggObject@VCOPOSElectronicValueRW@@@ATL@@@ATL@@SGJPAXABU_GUID@@PAPAX@Z 10005c28 f i ElectronicValueRW.obj
 0001:00004c9e       ?CreateInstance@?$CComCreator@V?$CComObject@VCOPOSElectronicValueRW@@@ATL@@@ATL@@SGJPAXABU_GUID@@PAPAX@Z 10005c9e f i ElectronicValueRW.obj
 0001:00004d1f       ?CreateInstance@?$CComObject@V?$CComEnum@UIEnumConnectionPoints@@$1?_GUID_b196b285_bab4_101a_b69c_00aa00341d07@@3U__s_GUID@@BPAUIConnectionPoint@@V?$_CopyInterface@UIConnectionPoint@@@ATL@@VCComSingleThreadModel@6@@ATL@@@ATL@@SGJPAPAV12@@Z 10005d1f f i ElectronicValueRW.obj
 0001:00004d66       ?CreateInstance@?$CComObject@V?$CComEnum@UIEnumConnections@@$1?_GUID_b196b287_bab4_101a_b69c_00aa00341d07@@3U__s_GUID@@BUtagCONNECTDATA@@V?$_Copy@UtagCONNECTDATA@@@ATL@@VCComSingleThreadModel@6@@ATL@@@ATL@@SGJPAPAV12@@Z 10005d66 f i ElectronicValueRW.obj
 0001:00004dad       ?DefaultReflectionHandler@?$CWindowImplRoot@VCWindow@ATL@@@ATL@@SAHPAUHWND__@@IIJAAJ@Z 10005dad f i ElectronicValueRW.obj
 0001:00004e20       ?DeleteSubKey@CRegKey@ATL@@QAEJPB_W@Z 10005e20 f i ElectronicValueRW.obj
 0001:00004e99       ?DoEvent@COPOSElectronicValueRW@@IAEXIIJ@Z 10005e99 f i ElectronicValueRW.obj
 0001:00004f19       ?DoVerbHide@?$IOleObjectImpl@VCOPOSElectronicValueRW@@@ATL@@QAEJPBUtagRECT@@PAUHWND__@@@Z 10005f19 f i ElectronicValueRW.obj
 0001:00004f4f       ?DoVerbInPlaceActivate@?$IOleObjectImpl@VCOPOSElectronicValueRW@@@ATL@@QAEJPBUtagRECT@@PAUHWND__@@@Z 10005f4f f i ElectronicValueRW.obj
 0001:00004f82       ?DoVerbPrimary@?$IOleObjectImpl@VCOPOSElectronicValueRW@@@ATL@@QAEJPBUtagRECT@@PAUHWND__@@@Z 10005f82 f i ElectronicValueRW.obj
 0001:0000500e       ?DoVerbProperties@CComControlBase@ATL@@QAEJPBUtagRECT@@PAUHWND__@@@Z 1000600e f i ElectronicValueRW.obj
 0001:00005135       ?DoVerbShow@?$IOleObjectImpl@VCOPOSElectronicValueRW@@@ATL@@QAEJPBUtagRECT@@PAUHWND__@@@Z 10006135 f i ElectronicValueRW.obj
 0001:0000515a       ?DoVerbUIActivate@?$IOleObjectImpl@VCOPOSElectronicValueRW@@@ATL@@QAEJPBUtagRECT@@PAUHWND__@@@Z 1000615a f i ElectronicValueRW.obj
 0001:00005197       ?DoesVerbActivate@CComControlBase@ATL@@QAEHJ@Z 10006197 f i ElectronicValueRW.obj
 0001:000051b8       ?DoesVerbUIActivate@CComControlBase@ATL@@QAEHJ@Z 100061b8 f i ElectronicValueRW.obj
 0001:000051ed       ?EndOfVar@CRegParser@ATL@@IAEHXZ 100061ed f i ElectronicValueRW.obj
 0001:0000520d       ?EscapeSingleQuote@CAtlModule@ATL@@SAXPA_WIPB_W@Z 1000620d f i ElectronicValueRW.obj
 0001:0000525c       ?FindKey@?$CSimpleMap@PA_WPA_WVCExpansionVectorEqualHelper@ATL@@@ATL@@QBEHABQA_W@Z 1000625c f i ElectronicValueRW.obj
 0001:00005293       ?FireTheEvent@?$CProxy_IOPOSEvents@VCOPOSElectronicValueRW@@@@IAEXPAVOposVariant@@IAAJPB_WJ@Z 10006293 f i ElectronicValueRW.obj
 0001:00005325       ?FireViewChange@CComControlBase@ATL@@QAEJXZ 10006325 f i ElectronicValueRW.obj
 0001:0000536e       ?Fire_DataEvent@?$CProxy_IOPOSEvents@VCOPOSElectronicValueRW@@@@QAEXJ@Z 1000636e f i ElectronicValueRW.obj
 0001:000053fa       ?Fire_DirectIOEvent@?$CProxy_IOPOSEvents@VCOPOSElectronicValueRW@@@@QAEXJPAJPAPA_W@Z 100063fa f i ElectronicValueRW.obj
 0001:000054e0       ?Fire_ErrorEvent@?$CProxy_IOPOSEvents@VCOPOSElectronicValueRW@@@@QAEXJJJPAJ@Z 100064e0 f i ElectronicValueRW.obj
 0001:000055c7       ?Fire_OutputCompleteEvent@?$CProxy_IOPOSEvents@VCOPOSElectronicValueRW@@@@QAEXJ@Z 100065c7 f i ElectronicValueRW.obj
 0001:00005653       ?Fire_StatusUpdateEvent@?$CProxy_IOPOSEvents@VCOPOSElectronicValueRW@@@@QAEXJ@Z 10006653 f i ElectronicValueRW.obj
 0001:000056df       ?Fire_TransitionEvent@?$CProxy_IOPOSEvents@VCOPOSElectronicValueRW@@@@QAEXJPAJPAPA_W@Z 100066df f i ElectronicValueRW.obj
 0001:000057c5       ?FreeHeap@?$CTempBuffer@E$0BAA@VCCRTAllocator@ATL@@@ATL@@AAEXXZ 100067c5 f i ElectronicValueRW.obj
 0001:000057c5       ?FreeHeap@?$CTempBuffer@_W$0BAA@VCCRTAllocator@ATL@@@ATL@@AAEXXZ 100067c5 f i ElectronicValueRW.obj
 0001:000057c5       ?FreeHeap@?$CTempBuffer@_W$0EAA@VCCRTAllocator@ATL@@@ATL@@AAEXXZ 100067c5 f i ElectronicValueRW.obj
 0001:000057ce       ?GetAmbientLocaleID@CComControlBase@ATL@@QAEJAAK@Z 100067ce f i ElectronicValueRW.obj
 0001:0000582a       ?GetAmbientUserMode@CComControlBase@ATL@@QAEJAAH@Z 1000682a f i ElectronicValueRW.obj
 0001:0000589a       ?GetAt@CComDynamicUnkArray@ATL@@QAEPAUIUnknown@@H@Z 1000689a f i ElectronicValueRW.obj
 0001:000058b6       ?GetClassObject@CComModule@ATL@@QAEJABU_GUID@@0PAPAX@Z 100068b6 f i ElectronicValueRW.obj
 0001:00005958       ?GetConnMap@COPOSElectronicValueRW@@SAPBU_ATL_CONNMAP_ENTRY@ATL@@PAH@Z 10006958 f i ElectronicValueRW.obj
 0001:000059c8       ?GetCookie@CComDynamicUnkArray@ATL@@QAGKPAPAUIUnknown@@@Z 100069c8 f i ElectronicValueRW.obj
 0001:00005a00       ?GetIDsOfNames@CComTypeInfoHolder@ATL@@QAEJABU_GUID@@PAPA_WIKPAJ@Z 10006a00 f i ElectronicValueRW.obj
 0001:00005b0e       ?GetKeyAt@?$CSimpleMap@PA_WPA_WVCExpansionVectorEqualHelper@ATL@@@ATL@@QBEAAPA_WH@Z 10006b0e f i ElectronicValueRW.obj
 0001:00005b33       ?GetPagesHelper@?$ISpecifyPropertyPagesImpl@VCOPOSElectronicValueRW@@@ATL@@IAEJPAUtagCAUUID@@PBUATL_PROPMAP_ENTRY@2@@Z 10006b33 f i ElectronicValueRW.obj
 0001:00005c5a       ?GetProperty@?$CComPtr@UIDispatch@@@ATL@@SAJPAUIDispatch@@JPAUtagVARIANT@@@Z 10006c5a f i ElectronicValueRW.obj
 0001:00005ca9       ?GetSizeMax@CComVariant@ATL@@QBEJPAT_ULARGE_INTEGER@@@Z 10006ca9 f i ElectronicValueRW.obj
 0001:00005e63       ?GetStreamSize@CComBSTR@ATL@@SAKPA_W@Z 10006e63 f i ElectronicValueRW.obj
 0001:00005e7d       ?GetTI@CComTypeInfoHolder@ATL@@QAEJK@Z 10006e7d f i ElectronicValueRW.obj
 0001:00006066       ?GetTI@CComTypeInfoHolder@ATL@@QAEJKPAPAUITypeInfo@@@Z 10007066 f i ElectronicValueRW.obj
 0001:000060a8       ?GetUnknown@CComDynamicUnkArray@ATL@@QAGPAUIUnknown@@K@Z 100070a8 f i ElectronicValueRW.obj
 0001:000060c9       ?GetValueAt@?$CSimpleMap@PA_WPA_WVCExpansionVectorEqualHelper@ATL@@@ATL@@QBEAAPA_WH@Z 100070c9 f i ElectronicValueRW.obj
 0001:000060ef       ?GetZoomInfo@CComControlBase@ATL@@QAEXAAUATL_DRAWINFO@@@Z 100070ef f i ElectronicValueRW.obj
 0001:00006182       ?HKeyFromString@CRegParser@ATL@@KAPAUHKEY__@@PA_W@Z 10007182 f i ElectronicValueRW.obj
 0001:000061b0       ?HasSubKeys@CRegParser@ATL@@IAEHPAUHKEY__@@@Z 100071b0 f i ElectronicValueRW.obj
 0001:000061e5       ?IDataObject_GetData@CComControlBase@ATL@@QAEJPAUtagFORMATETC@@PAUtagSTGMEDIUM@@@Z 100071e5 f i ElectronicValueRW.obj
 0001:0000638b       ?IOleInPlaceObject_InPlaceDeactivate@CComControlBase@ATL@@QAEJXZ 1000738b f i ElectronicValueRW.obj
 0001:00006412       ?IOleInPlaceObject_SetObjectRects@CComControlBase@ATL@@QAEJPBUtagRECT@@0@Z 10007412 f i ElectronicValueRW.obj
 0001:000064df       ?IOleInPlaceObject_UIDeactivate@CComControlBase@ATL@@QAEJXZ 100074df f i ElectronicValueRW.obj
 0001:000065a1       ?IOleObject_Advise@CComControlBase@ATL@@QAEJPAUIAdviseSink@@PAK@Z 100075a1 f i ElectronicValueRW.obj
 0001:000065cb       ?IOleObject_Close@CComControlBase@ATL@@QAEJK@Z 100075cb f i ElectronicValueRW.obj
 0001:000066af       ?IOleObject_GetClientSite@CComControlBase@ATL@@QAEJPAPAUIOleClientSite@@@Z 100076af f i ElectronicValueRW.obj
 0001:000066d8       ?IOleObject_SetClientSite@CComControlBase@ATL@@QAEJPAUIOleClientSite@@@Z 100076d8 f i ElectronicValueRW.obj
 0001:00006717       ?IOleObject_SetExtent@CComControlBase@ATL@@QAEJKPAUtagSIZE@@@Z 10007717 f i ElectronicValueRW.obj
 0001:000067cb       ?IPSI_GetIPersistStreamInit@?$IPersistStorageImpl@VCOPOSElectronicValueRW@@@ATL@@AAEPAUIPersistStreamInit@@XZ 100077cb f i ElectronicValueRW.obj
 0001:0000680d       ?IPersistStreamInit_Load@?$IPersistStreamInitImpl@VCOPOSElectronicValueRW@@@ATL@@QAEJPAUIStream@@PBUATL_PROPMAP_ENTRY@2@@Z 1000780d f i ElectronicValueRW.obj
 0001:00006839       ?IPersistStreamInit_Save@?$IPersistStreamInitImpl@VCOPOSElectronicValueRW@@@ATL@@QAEJPAUIStream@@HPBUATL_PROPMAP_ENTRY@2@@Z 10007839 f i ElectronicValueRW.obj
 0001:0000686e       ?IQuickActivate_QuickActivate@CComControlBase@ATL@@QAEJPAUtagQACONTAINER@@PAUtagQACONTROL@@@Z 1000786e f i ElectronicValueRW.obj
 0001:00006ab0       ?IViewObject_Draw@CComControlBase@ATL@@QAEJKJPAXPAUtagDVTARGETDEVICE@@PAUHDC__@@2PBU_RECTL@@3@Z 10007ab0 f i ElectronicValueRW.obj
 0001:00006b58       ?InPlaceActivate@CComControlBase@ATL@@QAEJJPBUtagRECT@@@Z 10007b58 f i ElectronicValueRW.obj
 0001:00006dc9       ?Init@?$CComEnumImpl@UIEnumConnectionPoints@@$1?_GUID_b196b285_bab4_101a_b69c_00aa00341d07@@3U__s_GUID@@BPAUIConnectionPoint@@V?$_CopyInterface@UIConnectionPoint@@@ATL@@@ATL@@QAEJPAPAUIConnectionPoint@@0PAUIUnknown@@W4CComEnumFlags@2@@Z 10007dc9 f i ElectronicValueRW.obj
 0001:00006ea8       ?Init@?$CComEnumImpl@UIEnumConnections@@$1?_GUID_b196b287_bab4_101a_b69c_00aa00341d07@@3U__s_GUID@@BUtagCONNECTDATA@@V?$_Copy@UtagCONNECTDATA@@@ATL@@@ATL@@QAEJPAUtagCONNECTDATA@@0PAUIUnknown@@W4CComEnumFlags@2@@Z 10007ea8 f i ElectronicValueRW.obj
 0001:00006f87       ?Init@CComModule@ATL@@QAEJPAU_ATL_OBJMAP_ENTRY30@2@PAUHINSTANCE__@@PBU_GUID@@@Z 10007f87 f i ElectronicValueRW.obj
 0001:00006fe6       ?Init@CDynamicStdCallThunk2@ATL@@QAEHKPAX@Z 10007fe6 f i ElectronicValueRW.obj
 0001:00007011       ?InlineIsEqualUnknown@ATL@@YGHABU_GUID@@@Z 10008011 f i ElectronicValueRW.obj
 0001:00007039       ?InternalGetSite@CComControlBase@ATL@@QAEJABU_GUID@@PAPAX@Z 10008039 f i ElectronicValueRW.obj
 0001:00007067       ?InternalSetAtIndex@?$CSimpleMap@PA_WPA_WVCExpansionVectorEqualHelper@ATL@@@ATL@@QAEXHABQA_W0@Z 10008067 f i ElectronicValueRW.obj
 0001:00007091       ?Invoke@CComTypeInfoHolder@ATL@@QAEJPAUIDispatch@@JABU_GUID@@KGPAUtagDISPPARAMS@@PAUtagVARIANT@@PAUtagEXCEPINFO@@PAI@Z 10008091 f i ElectronicValueRW.obj
 0001:000070d4       ?IsEqualObject@?$CComPtrBase@UITypeInfo@@@ATL@@QAE_NPAUIUnknown@@@Z 100080d4 f i ElectronicValueRW.obj
 0001:000070d4       ?IsEqualObject@?$CComPtrBase@UIOleClientSite@@@ATL@@QAE_NPAUIUnknown@@@Z 100080d4 f i ElectronicValueRW.obj
 0001:00007141       ?IsSpace@CRegParser@ATL@@IAEH_W@Z 10008141 f i ElectronicValueRW.obj
 0001:0000716b       ?LoadNameCache@CComTypeInfoHolder@ATL@@QAEJPAUITypeInfo@@@Z 1000816b f i ElectronicValueRW.obj
 0001:000072b9       ?Lookup@?$CSimpleMap@PA_WPA_WVCExpansionVectorEqualHelper@ATL@@@ATL@@QBEPA_WABQA_W@Z 100082b9 f i ElectronicValueRW.obj
 0001:000072df       ?NextToken@CRegParser@ATL@@IAEJPA_W@Z 100082df f i ElectronicValueRW.obj
 0001:00007417       ?OnKillFocus@CComControlBase@ATL@@QAEJIIJAAH@Z 10008417 f i ElectronicValueRW.obj
 0001:00007472       ?OnMouseActivate@CComControlBase@ATL@@QAEJIIJAAH@Z 10008472 f i ElectronicValueRW.obj
 0001:000074e0       ?OnPaint@CComControlBase@ATL@@QAEJIIJAAH@Z 100084e0 f i ElectronicValueRW.obj
 0001:00007592       ?OnSetFocus@CComControlBase@ATL@@QAEJIIJAAH@Z 10008592 f i ElectronicValueRW.obj
 0001:0000761b       ?Open@CRegKey@ATL@@QAEJPAUHKEY__@@PB_WK@Z 1000861b f i ElectronicValueRW.obj
 0001:00007670       ?PreProcessBuffer@CRegParser@ATL@@QAEJPA_WPAPA_W@Z 10008670 f i ElectronicValueRW.obj
 0001:000078da       ?ProcessWindowMessage@?$CComControl@VCOPOSElectronicValueRW@@V?$CWindowImpl@VCOPOSElectronicValueRW@@VCWindow@ATL@@V?$CWinTraits@$0FGAAAAAA@$0A@@3@@ATL@@@ATL@@UAEHPAUHWND__@@IIJAAJK@Z 100088da f i ElectronicValueRW.obj
 0001:00007979       ?PutProperty@?$CComPtr@UIDispatch@@@ATL@@SAJPAUIDispatch@@JPAUtagVARIANT@@@Z 10008979 f i ElectronicValueRW.obj
 0001:00007a0b       ?ReadFromStream@CComBSTR@ATL@@QAEJPAUIStream@@@Z 10008a0b f i ElectronicValueRW.obj
 0001:00007b39       ?ReadFromStream@CComVariant@ATL@@QAEJPAUIStream@@GTClassesAllowedInStream@2@K@Z 10008b39 f i ElectronicValueRW.obj
 0001:00007cbf       ?RecurseDeleteKey@CRegKey@ATL@@QAEJPB_W@Z 10008cbf f i ElectronicValueRW.obj
 0001:00007d81       ?RegCreateKeyExW@CAtlTransactionManager@ATL@@QAEJPAUHKEY__@@PB_WKPA_WKKQAU_SECURITY_ATTRIBUTES@@PAPAU3@PAK@Z 10008d81 f i ElectronicValueRW.obj
 0001:00007de4       ?RegDeleteKeyW@CAtlTransactionManager@ATL@@QAEJPAUHKEY__@@PB_W@Z 10008de4 f i ElectronicValueRW.obj
 0001:00007e36       ?RegOpenKeyExW@CAtlTransactionManager@ATL@@QAEJPAUHKEY__@@PB_WKKPAPAU3@@Z 10008e36 f i ElectronicValueRW.obj
 0001:00007e8d       ?Register@_ATL_WNDCLASSINFOW@ATL@@QAEGPAP6GJPAUHWND__@@IIJ@Z@Z 10008e8d f i ElectronicValueRW.obj
 0001:00007ead       ?RegisterBuffer@CRegParser@ATL@@QAEJPA_WH@Z 10008ead f i ElectronicValueRW.obj
 0001:00007fe6       ?RegisterFromResource@CRegObject@ATL@@IAEJPB_W00H@Z 10008fe6 f i ElectronicValueRW.obj
 0001:0000811c       ?RegisterServer@?$CAtlModuleT@VCComModule@ATL@@@ATL@@QAEJHPBU_GUID@@@Z 1000911c f i ElectronicValueRW.obj
 0001:0000814a       ?RegisterServer@CComModule@ATL@@QAEJHPBU_GUID@@@Z 1000914a f i ElectronicValueRW.obj
 0001:000081c0       ?RegisterSubkeys@CRegParser@ATL@@IAEJPA_WPAUHKEY__@@HH@Z 100091c0 f i ElectronicValueRW.obj
 0001:00008792       ?Remove@CComDynamicUnkArray@ATL@@QAEHK@Z 10009792 f i ElectronicValueRW.obj
 0001:000087bb       ?RemoveAll@?$CSimpleMap@PA_WPA_WVCExpansionVectorEqualHelper@ATL@@@ATL@@QAEXXZ 100097bb f i ElectronicValueRW.obj
 0001:000087e7       ?ResourceRegisterSz@CRegObject@ATL@@QAGJPB_W00@Z 100097e7 f i ElectronicValueRW.obj
 0001:00008814       ?ResourceUnregisterSz@CRegObject@ATL@@QAGJPB_W00@Z 10009814 f i ElectronicValueRW.obj
 0001:00008841       ?SendOnDataChange@CComControlBase@ATL@@QAEJK@Z 10009841 f i ElectronicValueRW.obj
 0001:0000888e       ?SetControlFocus@CComControlBase@ATL@@QAEHH@Z 1000988e f i ElectronicValueRW.obj
 0001:0000892b       ?SetMultiStringValue@CRegKey@ATL@@QAEJPB_W0@Z 1000992b f i ElectronicValueRW.obj
 0001:00008987       ?SetStringValue@CRegKey@ATL@@QAEJPB_W0K@Z 10009987 f i ElectronicValueRW.obj
 0001:000089d0       ?SkipAssignment@CRegParser@ATL@@IAEJPA_W@Z 100099d0 f i ElectronicValueRW.obj
 0001:00008a35       ?SkipWhiteSpace@CRegParser@ATL@@IAEXXZ 10009a35 f i ElectronicValueRW.obj
 0001:00008a57       ?StrChrW@CRegParser@ATL@@KAPA_WPA_W_W@Z 10009a57 f i ElectronicValueRW.obj
 0001:00008a94       ?Term@CAtlModule@ATL@@QAEXXZ 10009a94 f i ElectronicValueRW.obj
 0001:00008acd       ?Term@CComModule@ATL@@QAEXXZ 10009acd f i ElectronicValueRW.obj
 0001:00008b25       ?UnregisterServer@?$CAtlModuleT@VCComModule@ATL@@@ATL@@QAEJHPBU_GUID@@@Z 10009b25 f i ElectronicValueRW.obj
 0001:00008b4b       ?UnregisterServer@CComModule@ATL@@QAEJHPBU_GUID@@@Z 10009b4b f i ElectronicValueRW.obj
 0001:00008bc1       ?UpdateRegistryFromResource@CAtlModule@ATL@@QAGJIHPAU_ATL_REGMAP_ENTRY@2@@Z 10009bc1 f i ElectronicValueRW.obj
 0001:00008d8c       ?UpdateRegistryFromResource@CAtlModule@ATL@@QAGJPB_WHPAU_ATL_REGMAP_ENTRY@2@@Z 10009d8c f i ElectronicValueRW.obj
 0001:00008f5d       ?VTFromRegType@CRegParser@ATL@@KAHPB_WAAG@Z 10009f5d f i ElectronicValueRW.obj
 0001:00008fca       ?WindowProc@?$CWindowImplBaseT@VCWindow@ATL@@V?$CWinTraits@$0FGAAAAAA@$0A@@2@@ATL@@SGJPAUHWND__@@IIJ@Z 10009fca f i ElectronicValueRW.obj
 0001:000090bc       ?WriteToStream@CComBSTR@ATL@@QAEJPAUIStream@@@Z 1000a0bc f i ElectronicValueRW.obj
 0001:00009113       ?WriteToStream@CComVariant@ATL@@QAEJPAUIStream@@@Z 1000a113 f i ElectronicValueRW.obj
 0001:0000928d       ?WriteToStream@CComVariant@ATL@@QAEJPAUIStream@@G@Z 1000a28d f i ElectronicValueRW.obj
 0001:000092f6       ?_AtlInitialConstruct@?$CComObjectRootEx@VCComMultiThreadModel@ATL@@@ATL@@QAEJXZ 1000a2f6 f i ElectronicValueRW.obj
 0001:0000930b       ?_AtlVerifyStackAvailable@_ATL_SAFE_ALLOCA_IMPL@ATL@@YA_NK@Z 1000a30b f i ElectronicValueRW.obj
 0001:00009389       ?atlCreate@?$CWindowImpl@VCOPOSElectronicValueRW@@VCWindow@ATL@@V?$CWinTraits@$0FGAAAAAA@$0A@@3@@ATL@@QAEPAUHWND__@@PAU3@V_U_RECT@2@PB_WKKV_U_MENUorID@2@PAX@Z 1000a389 f i ElectronicValueRW.obj
 0001:000093cd       ?atlCreate@?$CWindowImplBaseT@VCWindow@ATL@@V?$CWinTraits@$0FGAAAAAA@$0A@@2@@ATL@@QAEPAUHWND__@@PAU3@V_U_RECT@2@PB_WKKV_U_MENUorID@2@GPAX@Z 1000a3cd f i ElectronicValueRW.obj
 0001:00009469       ?atlCreate@CRegKey@ATL@@QAEJPAUHKEY__@@PB_WPA_WKKPAU_SECURITY_ATTRIBUTES@@PAK@Z 1000a469 f i ElectronicValueRW.obj
 0001:000094d8       ?copy@?$_Copy@UtagCONNECTDATA@@@ATL@@SAJPAUtagCONNECTDATA@@PBU3@@Z 1000a4d8 f i ElectronicValueRW.obj
 0001:0000950e       ?copy@?$_CopyInterface@UIConnectionPoint@@@ATL@@SAJPAPAUIConnectionPoint@@PBQAU3@@Z 1000a50e f i ElectronicValueRW.obj
 0001:0000953c       ?memcpy_s@Checked@ATL@@YAXPAXIPBXI@Z 1000a53c f i ElectronicValueRW.obj
 0001:0000955b       ?ocscpy_s@@YA_NPA_WIPB_W@Z 1000a55b f i ElectronicValueRW.obj
 0001:0000958a       ?ocslen@@YAHPB_W@Z         1000a58a f i ElectronicValueRW.obj
 0001:000095aa       ?wcscpy_s@Checked@ATL@@YAXPA_WIPB_W@Z 1000a5aa f i ElectronicValueRW.obj
 0001:000095c6       _DllCanUnloadNow@0         1000a5c6 f   ElectronicValueRW.obj
 0001:000095d2       _DllGetClassObject@12      1000a5d2 f   ElectronicValueRW.obj
 0001:000095e0       _DllMain@12                1000a5e0 f   ElectronicValueRW.obj
 0001:00009622       _DllRegisterServer@0       1000a622 f   ElectronicValueRW.obj
 0001:00009631       _DllUnregisterServer@0     1000a631 f   ElectronicValueRW.obj
 0001:00009640       _InlineIsEqualGUID         1000a640 f i ElectronicValueRW.obj
 0001:00009670       ___local_stdio_printf_options 1000a670 f i ElectronicValueRW.obj
 0001:00009676       __vswprintf_s_l            1000a676 f i ElectronicValueRW.obj
 0001:00009723       _swprintf_s                1000a723 f i ElectronicValueRW.obj
 0001:0000973f       ??0?$CComControl@VCOPOSElectronicValueRW@@V?$CWindowImpl@VCOPOSElectronicValueRW@@VCWindow@ATL@@V?$CWinTraits@$0FGAAAAAA@$0A@@3@@ATL@@@ATL@@QAE@XZ 1000a73f f i ElectronicValueRWImpl.obj
 0001:00009766       ??0?$CProxy_IOPOSEvents@VCOPOSElectronicValueRW@@@@QAE@XZ 1000a766 f i ElectronicValueRWImpl.obj
 0001:0000978c       ??0CComControlBase@ATL@@QAE@AAPAUHWND__@@@Z 1000a78c f i ElectronicValueRWImpl.obj
 0001:000097d6       ??0COPOSElectronicValueRW@@QAE@XZ 1000a7d6 f   ElectronicValueRWImpl.obj
 0001:0000980c       ??1?$CComControl@VCOPOSElectronicValueRW@@V?$CWindowImpl@VCOPOSElectronicValueRW@@VCWindow@ATL@@V?$CWinTraits@$0FGAAAAAA@$0A@@3@@ATL@@@ATL@@UAE@XZ 1000a80c f i ElectronicValueRWImpl.obj
 0001:00009825       ??1?$IConnectionPointImpl@VCOPOSElectronicValueRW@@$1?DIID__IOPOSElectronicValueRWEvents@@3U_GUID@@BVCComDynamicUnkArray@ATL@@@ATL@@QAE@XZ 1000a825 f i ElectronicValueRWImpl.obj
 0001:00009825       ??1?$IConnectionPointImpl@VCOPOSElectronicValueRW@@$1?IID_IPropertyNotifySink@@3U_GUID@@BVCComDynamicUnkArray@ATL@@@ATL@@QAE@XZ 1000a825 f i ElectronicValueRWImpl.obj
 0001:00009862       ??1CComControlBase@ATL@@UAE@XZ 1000a862 f i ElectronicValueRWImpl.obj
 0001:000098c5       ??1COPOSElectronicValueRW@@UAE@XZ 1000a8c5 f   ElectronicValueRWImpl.obj
 0001:0000990d       ??1OposVariantResult@@QAE@XZ 1000a90d f i ElectronicValueRWImpl.obj
 0001:0000992e       ??1_CW@@QAE@XZ             1000a92e f i ElectronicValueRWImpl.obj
 0001:00009947       ?AccessDailyLog@COPOSElectronicValueRW@@UAGJJJJPAJ@Z 1000a947 f   ElectronicValueRWImpl.obj
 0001:000099dd       ?AccessData@COPOSElectronicValueRW@@UAGJJPAJPAPA_W0@Z 1000a9dd f   ElectronicValueRWImpl.obj
 0001:00009a8b       ?AccessLog@COPOSElectronicValueRW@@UAGJJJJPAJ@Z 1000aa8b f   ElectronicValueRWImpl.obj
 0001:00009b21       ?ActivateEVService@COPOSElectronicValueRW@@UAGJPAJPAPA_W0@Z 1000ab21 f   ElectronicValueRWImpl.obj
 0001:00009ba1       ?ActivateService@COPOSElectronicValueRW@@UAGJPAJPAPA_W0@Z 1000aba1 f   ElectronicValueRWImpl.obj
 0001:00009c21       ?AddValue@COPOSElectronicValueRW@@UAGJJJPAJ@Z 1000ac21 f   ElectronicValueRWImpl.obj
 0001:00009c95       ?AuthorizeCompletion@COPOSElectronicValueRW@@UAGJJTtagCY@@0JPAJ@Z 1000ac95 f   ElectronicValueRWImpl.obj
 0001:00009d3c       ?AuthorizePreSales@COPOSElectronicValueRW@@UAGJJTtagCY@@0JPAJ@Z 1000ad3c f   ElectronicValueRWImpl.obj
 0001:00009de3       ?AuthorizeRefund@COPOSElectronicValueRW@@UAGJJTtagCY@@0JPAJ@Z 1000ade3 f   ElectronicValueRWImpl.obj
 0001:00009e8a       ?AuthorizeSales@COPOSElectronicValueRW@@UAGJJTtagCY@@0JPAJ@Z 1000ae8a f   ElectronicValueRWImpl.obj
 0001:00009f31       ?AuthorizeVoid@COPOSElectronicValueRW@@UAGJJTtagCY@@0JPAJ@Z 1000af31 f   ElectronicValueRWImpl.obj
 0001:00009fd8       ?AuthorizeVoidPreSales@COPOSElectronicValueRW@@UAGJJTtagCY@@0JPAJ@Z 1000afd8 f   ElectronicValueRWImpl.obj
 0001:0000a07f       ?BeginDetection@COPOSElectronicValueRW@@UAGJJJPAJ@Z 1000b07f f   ElectronicValueRWImpl.obj
 0001:0000a0f3       ?BeginRemoval@COPOSElectronicValueRW@@UAGJJPAJ@Z 1000b0f3 f   ElectronicValueRWImpl.obj
 0001:0000a142       ?CancelValue@COPOSElectronicValueRW@@UAGJJJPAJ@Z 1000b142 f   ElectronicValueRWImpl.obj
 0001:0000a1b6       ?CaptureCard@COPOSElectronicValueRW@@UAGJPAJ@Z 1000b1b6 f   ElectronicValueRWImpl.obj
 0001:0000a1d1       ?CashDeposit@COPOSElectronicValueRW@@UAGJJTtagCY@@JPAJ@Z 1000b1d1 f   ElectronicValueRWImpl.obj
 0001:0000a26a       ?CheckCard@COPOSElectronicValueRW@@UAGJJJPAJ@Z 1000b26a f   ElectronicValueRWImpl.obj
 0001:0000a2de       ?CheckHealth@COPOSElectronicValueRW@@UAGJJPAJ@Z 1000b2de f   ElectronicValueRWImpl.obj
 0001:0000a32d       ?CheckServiceRegistrationToMedium@COPOSElectronicValueRW@@UAGJJJPAJ@Z 1000b32d f   ElectronicValueRWImpl.obj
 0001:0000a3a1       ?ClaimDevice@COPOSElectronicValueRW@@UAGJJPAJ@Z 1000b3a1 f   ElectronicValueRWImpl.obj
 0001:0000a416       ?ClearInput@COPOSElectronicValueRW@@UAGJPAJ@Z 1000b416 f   ElectronicValueRWImpl.obj
 0001:0000a431       ?ClearInputProperties@COPOSElectronicValueRW@@UAGJPAJ@Z 1000b431 f   ElectronicValueRWImpl.obj
 0001:0000a44c       ?ClearOutput@COPOSElectronicValueRW@@UAGJPAJ@Z 1000b44c f   ElectronicValueRWImpl.obj
 0001:0000a467       ?ClearParameterInformation@COPOSElectronicValueRW@@UAGJPAJ@Z 1000b467 f   ElectronicValueRWImpl.obj
 0001:0000a482       ?Close@COPOSElectronicValueRW@@UAGJPAJ@Z 1000b482 f   ElectronicValueRWImpl.obj
 0001:0000a4f0       ?CloseDailyEVService@COPOSElectronicValueRW@@UAGJPAJPAPA_W0@Z 1000b4f0 f   ElectronicValueRWImpl.obj
 0001:0000a570       ?CompareFirmwareVersion@COPOSElectronicValueRW@@UAGJPA_WPAJ1@Z 1000b570 f   ElectronicValueRWImpl.obj
 0001:0000a5f0       ?DeactivateEVService@COPOSElectronicValueRW@@UAGJPAJPAPA_W0@Z 1000b5f0 f   ElectronicValueRWImpl.obj
 0001:0000a670       ?DirectIO@COPOSElectronicValueRW@@UAGJJPAJPAPA_W0@Z 1000b670 f   ElectronicValueRWImpl.obj
 0001:0000a71e       ?DoInvoke@COPOSElectronicValueRW@@IAEJJPAVOposVariant@@IHPAJ_N@Z 1000b71e f   ElectronicValueRWImpl.obj
 0001:0000a7e0       ?EndDetection@COPOSElectronicValueRW@@UAGJPAJ@Z 1000b7e0 f   ElectronicValueRWImpl.obj
 0001:0000a7fb       ?EndRemoval@COPOSElectronicValueRW@@UAGJPAJ@Z 1000b7fb f   ElectronicValueRWImpl.obj
 0001:0000a816       ?EnumerateCardServices@COPOSElectronicValueRW@@UAGJPAJ@Z 1000b816 f   ElectronicValueRWImpl.obj
 0001:0000a831       ?EventClose@COPOSElectronicValueRW@@IAEXXZ 1000b831 f i ElectronicValueRWImpl.obj
 0001:0000a864       ?EventInit@COPOSElectronicValueRW@@IAEJXZ 1000b864 f i ElectronicValueRWImpl.obj
 0001:0000a930       ?EventUninit@COPOSElectronicValueRW@@IAEXXZ 1000b930 f i ElectronicValueRWImpl.obj
[...]
 0002:00003288       ?strings@?1??fp_format_nan_or_infinity@@YAHW4__acrt_fp_class@@_NPADI1@Z@4QAY03QBDA 10024288     libucrt:cvt.obj
 0002:000037d0       ?_mb_locale_names@@3QBQB_WB 100247d0     libucrt:mbctype.obj
 0002:00004018       ?LcidToLocaleNameTable@?A0x881e4c05@@3QBULcidToLocaleName@1@B 10025018     libucrt:lcidtoname_downlevel.obj
 0002:00005140       ?LocaleNameToIndexTable@?A0x881e4c05@@3QBULocaleNameIndex@1@B 10026140     libucrt:lcidtoname_downlevel.obj
 0002:00006998       ?large_power_indices@?1??multiply_by_power_of_ten@__crt_strtox@@YA_NAAUbig_integer@2@I@Z@4QBUunpack_index@?1??12@YA_N0I@Z@B 10027998     libucrt:cfout.obj
 0002:00006a80       LOG_name                   10027a80     libucrt:log10_impl.obj
 0002:00006a90       _One                       10027a90     libucrt:ceil_pentium4.obj
 0002:00006aa0       _Bns                       10027aa0     libucrt:ceil_pentium4.obj
 0002:00006ab0       _Zero                      10027ab0     libucrt:ceil_pentium4.obj
 0002:00006ac0       _S                         10027ac0     libucrt:ceil_pentium4.obj
 0002:00006ad0       _NegZero                   10027ad0     libucrt:ceil_pentium4.obj
 0002:00006ae0       emask                      10027ae0     libucrt:log10_pentium4.obj
 0002:00006af0       CC                         10027af0     libucrt:log10_pentium4.obj
 0002:00006b00       Magic                      10027b00     libucrt:log10_pentium4.obj
 0002:00006b10       hi_mask                    10027b10     libucrt:log10_pentium4.obj
 0002:00006b20       LOG10_2                    10027b20     libucrt:log10_pentium4.obj
 0002:00006b30       place_L                    10027b30     libucrt:log10_pentium4.obj
 0002:00006b50       One                        10027b50     libucrt:log10_pentium4.obj
 0002:00006b60       Zero                       10027b60     libucrt:log10_pentium4.obj
 0002:00006b70       Two52                      10027b70     libucrt:log10_pentium4.obj
 0002:00006b80       Infs                       10027b80     libucrt:log10_pentium4.obj
 0002:00006b90       NaN                        10027b90     libucrt:log10_pentium4.obj
 0002:00006ba0       coeff                      10027ba0     libucrt:log10_pentium4.obj
 0002:00006bfe       _log2max                   10027bfe     libucrt:87tran.obj
 0002:00006c08       _smallarg                  10027c08     libucrt:87tran.obj
 0002:00006c12       _half                      10027c12     libucrt:87tran.obj
 0002:00006c5e       One                        10027c5e     libucrt:87disp.obj
 0002:00006c66       Three                      10027c66     libucrt:87disp.obj
 0002:00006c6e       XAMtoTagTab                10027c6e     libucrt:87disp.obj
 0002:00006c80       One                        10027c80     libucrt:common.obj
 0002:00006c94       DblMax                     10027c94     libucrt:common.obj
 0002:00006c9c       DblMin                     10027c9c     libucrt:common.obj
 0002:00006ca4       IeeeAdjO                   10027ca4     libucrt:common.obj
 0002:00006cac       IeeeAdjU                   10027cac     libucrt:common.obj
 0002:00006cb4       _infinity                  10027cb4     libucrt:common.obj
 0002:00006cbc       _zero                      10027cbc     libucrt:common.obj
 0002:00006d08       _over                      10027d08     libucrt:fpctrl.obj
 0002:00006d14       _under                     10027d14     libucrt:fpctrl.obj
 0002:00007548       ?_names@?1??_get_fname@@9@9 10028548     libucrt:fpexcept.obj
 0002:00007da0       __sehtable$?_AtlVerifyStackAvailable@_ATL_SAFE_ALLOCA_IMPL@ATL@@YA_NK@Z 10028da0     ElectronicValueRW.obj
 0002:00007dc0       __sehtable$___scrt_is_nonwritable_in_current_image 10028dc0     LIBCMT:utility.obj
 0002:00007ddc       __catchsym$??2@YAPAXIABUnothrow_t@std@@@Z$2 10028ddc     LIBCMT:new_scalar_nothrow.obj
 0002:00007dec       __unwindtable$??2@YAPAXIABUnothrow_t@std@@@Z 10028dec     LIBCMT:new_scalar_nothrow.obj
 0002:00007dfc       __tryblocktable$??2@YAPAXIABUnothrow_t@std@@@Z 10028dfc     LIBCMT:new_scalar_nothrow.obj
 0002:00007e10       __ehfuncinfo$??2@YAPAXIABUnothrow_t@std@@@Z 10028e10     LIBCMT:new_scalar_nothrow.obj
 0002:00007e38       __sehtable$?dllmain_crt_process_attach@@YAHQAUHINSTANCE__@@QAX@Z 10028e38     LIBCMT:dll_dllmain.obj
 0002:00007e58       __sehtable$?dllmain_crt_process_detach@@YAH_N@Z 10028e58     LIBCMT:dll_dllmain.obj
 0002:00007e78       __sehtable$?dllmain_dispatch@@YAHQAUHINSTANCE__@@KQAX@Z 10028e78     LIBCMT:dll_dllmain.obj
 0002:00007f28       __sehtable$?FrameUnwindToState@__FrameHandler3@@SAXPAUEHRegistrationNode@@PAXPBU_s_FuncInfo@@H@Z 10028f28     libvcruntime:frame.obj
 0002:00007f50       __sehtable$?CallCatchBlock@@YAPAXPAUEHExceptionRecord@@PAUEHRegistrationNode@@PAU_CONTEXT@@PBU_s_FuncInfo@@PAXHK@Z 10028f50     libvcruntime:frame.obj
 0002:00007f78       __catchsym$?CallUnexpected@@YAXPBU_s_ESTypeList@@@Z$2 10028f78     libvcruntime:frame.obj
 0002:00007f88       __unwindtable$?CallUnexpected@@YAXPBU_s_ESTypeList@@@Z 10028f88     libvcruntime:frame.obj
 0002:00007f98       __tryblocktable$?CallUnexpected@@YAXPBU_s_ESTypeList@@@Z 10028f98     libvcruntime:frame.obj
 0002:00007fac       __ehfuncinfo$?CallUnexpected@@YAXPBU_s_ESTypeList@@@Z 10028fac     libvcruntime:frame.obj
 0002:00007fd0       __sehtable$??$BuildCatchObjectHelperInternal@V__FrameHandler3@@@@YAHPAUEHExceptionRecord@@PAXPBU_s_HandlerType@@PBU_s_CatchableType@@@Z 10028fd0     libvcruntime:frame.obj
 0002:00007ff0       __sehtable$??$BuildCatchObjectInternal@V__FrameHandler3@@@@YAXPAUEHExceptionRecord@@PAXPBU_s_HandlerType@@PBU_s_CatchableType@@@Z 10028ff0     libvcruntime:frame.obj
 0002:00008048       __sehtable$___DestructExceptionObject 10029048     libvcruntime:ehhelpers.obj
 0002:00008068       __sehtable$??R<lambda_6e4b09c48022b2350581041d5f6b0c4c>@@QBE@XZ 10029068     libucrt:exit.obj
 0002:00008088       __sehtable$??$?RV<lambda_03b1d95aef87969028cfba75ccab2455>@@AAV<lambda_6e4b09c48022b2350581041d5f6b0c4c>@@V<lambda_22bdf7517842c4b3e53723af5aa32b9e>@@@?$__crt_seh_guarded_call@X@@QAEX$$QAV<lambda_03b1d95aef87969028cfba75ccab2455>@@AAV<lambda_6e4b09c48022b2350581041d5f6b0c4c>@@$$QAV<lambda_22bdf7517842c4b3e53723af5aa32b9e>@@@Z 10029088     libucrt:exit.obj
 0002:000080a8       __sehtable$??$?RV<lambda_8e746cf0007f6ed984d6f78af1fec997>@@AAV<lambda_22ebabd17bc4fa466a2aca6d8deb888d>@@V<lambda_18ed0c0b38a6dc0daf1e7ac6d6adf05e>@@@?$__crt_seh_guarded_call@H@@QAEH$$QAV<lambda_8e746cf0007f6ed984d6f78af1fec997>@@AAV<lambda_22ebabd17bc4fa466a2aca6d8deb888d>@@$$QAV<lambda_18ed0c0b38a6dc0daf1e7ac6d6adf05e>@@@Z 100290a8     libucrt:onexit.obj
 0002:000080c8       __sehtable$??$?RV<lambda_69a2805e680e0e292e8ba93315fe43a8>@@AAV<lambda_f03950bc5685219e0bcd2087efbe011e>@@V<lambda_03fcd07e894ec930e3f35da366ca99d6>@@@?$__crt_seh_guarded_call@H@@QAEH$$QAV<lambda_69a2805e680e0e292e8ba93315fe43a8>@@AAV<lambda_f03950bc5685219e0bcd2087efbe011e>@@$$QAV<lambda_03fcd07e894ec930e3f35da366ca99d6>@@@Z 100290c8     libucrt:onexit.obj
 0002:000080e8       __sehtable$__query_new_handler 100290e8     libucrt:new_handler.obj
 0002:00008108       __sehtable$_terminate      10029108     libucrt:terminate.obj
 0002:00008128       __sehtable$??$?RV<lambda_15ade71b0218206bbe3333a0c9b79046>@@AAV<lambda_da44e0f8b0f19ba52fefafb335991732>@@V<lambda_207f2d024fc103971653565357d6cd41>@@@?$__crt_seh_guarded_call@X@@QAEX$$QAV<lambda_15ade71b0218206bbe3333a0c9b79046>@@AAV<lambda_da44e0f8b0f19ba52fefafb335991732>@@$$QAV<lambda_207f2d024fc103971653565357d6cd41>@@@Z 10029128     libucrt:per_thread_data.obj
 0002:00008148       __sehtable$??$?RV<lambda_a7e850c220f1c8d1e6efeecdedd162c6>@@AAV<lambda_46720907175c18b6c9d2717bc0d2d362>@@V<lambda_9048902d66e8d99359bc9897bbb930a8>@@@?$__crt_seh_guarded_call@X@@QAEX$$QAV<lambda_a7e850c220f1c8d1e6efeecdedd162c6>@@AAV<lambda_46720907175c18b6c9d2717bc0d2d362>@@$$QAV<lambda_9048902d66e8d99359bc9897bbb930a8>@@@Z 10029148     libucrt:per_thread_data.obj
 0002:00008168       __sehtable$??$?RV<lambda_38edbb1296d33220d7e4dd0ed76b244a>@@AAV<lambda_5ce1d447e08cb34b2473517608e21441>@@V<lambda_fb385d3da700c9147fc39e65dd577a8c>@@@?$__crt_seh_guarded_call@X@@QAEX$$QAV<lambda_38edbb1296d33220d7e4dd0ed76b244a>@@AAV<lambda_5ce1d447e08cb34b2473517608e21441>@@$$QAV<lambda_fb385d3da700c9147fc39e65dd577a8c>@@@Z 10029168     libucrt:per_thread_data.obj
 0002:00008188       __sehtable$??$?RV<lambda_6affb1475c98b40b75cdec977db92e3c>@@AAV<lambda_b8d4b9c228a6ecc3f80208dbb4b4a104>@@V<lambda_608742c3c92a14382c1684fc64f96c88>@@@?$__crt_seh_guarded_call@X@@QAEX$$QAV<lambda_6affb1475c98b40b75cdec977db92e3c>@@AAV<lambda_b8d4b9c228a6ecc3f80208dbb4b4a104>@@$$QAV<lambda_608742c3c92a14382c1684fc64f96c88>@@@Z 10029188     libucrt:per_thread_data.obj
 0002:000081a8       __sehtable$??$?RV<lambda_e5124f882df8998aaf41531e079ba474>@@AAV<lambda_3e16ef9562a7dcce91392c22ab16ea36>@@V<lambda_e25ca0880e6ef98be67edffd8c599615>@@@?$__crt_seh_guarded_call@X@@QAEX$$QAV<lambda_e5124f882df8998aaf41531e079ba474>@@AAV<lambda_3e16ef9562a7dcce91392c22ab16ea36>@@$$QAV<lambda_e25ca0880e6ef98be67edffd8c599615>@@@Z 100291a8     libucrt:wsetlocale.obj
 0002:000081c8       __sehtable$___acrt_initialize_lowio 100291c8     libucrt:ioinit.obj
 0002:000081e8       __sehtable$?update_thread_multibyte_data_internal@@YAPAU__crt_multibyte_data@@QAU__acrt_ptd@@QAPAU1@@Z 100291e8     libucrt:mbctype.obj
 0002:00008208       __sehtable$??$?RV<lambda_ceb1ee4838e85a9d631eb091e2fbe199>@@AAV<lambda_ae742caa10f662c28703da3d2ea5e57e>@@V<lambda_cd08b5d6af4937fe54fc07d0c9bf6b37>@@@?$__crt_seh_guarded_call@X@@QAEX$$QAV<lambda_ceb1ee4838e85a9d631eb091e2fbe199>@@AAV<lambda_ae742caa10f662c28703da3d2ea5e57e>@@$$QAV<lambda_cd08b5d6af4937fe54fc07d0c9bf6b37>@@@Z 10029208     libucrt:mbctype.obj
 0002:00008228       __sehtable$_raise          10029228     libucrt:signal.obj
 0002:00008248       __sehtable$??$?RV<lambda_cbab9ec6f41b0180b23cc171c22676b0>@@AAV<lambda_44731a7d0e6d81c3e6aa82d741081786>@@V<lambda_4b292cb8dd18144e164572427af410ab>@@@?$__crt_seh_guarded_call@P6AXH@Z@@QAEP6AXH@Z$$QAV<lambda_cbab9ec6f41b0180b23cc171c22676b0>@@AAV<lambda_44731a7d0e6d81c3e6aa82d741081786>@@$$QAV<lambda_4b292cb8dd18144e164572427af410ab>@@@Z 10029248     libucrt:signal.obj
 0002:00008268       __sehtable$??$?RV<lambda_2866be3712abc81a800a822484c830d8>@@AAV<lambda_39ca0ed439415581b5b15c265174cece>@@V<lambda_2b24c74d71094a6cd0cb82e44167d71b>@@@?$__crt_seh_guarded_call@X@@QAEX$$QAV<lambda_2866be3712abc81a800a822484c830d8>@@AAV<lambda_39ca0ed439415581b5b15c265174cece>@@$$QAV<lambda_2b24c74d71094a6cd0cb82e44167d71b>@@@Z 10029268     libucrt:fflush.obj
 0002:00008288       __sehtable$??$?RV<lambda_2cc53f568c5a2bb6f192f930a45d44ea>@@AAV<lambda_ab61a845afdef5b7c387490eaf3616ee>@@V<lambda_c2ffc0b7726aa6be21d5f0026187e748>@@@?$__crt_seh_guarded_call@X@@QAEX$$QAV<lambda_2cc53f568c5a2bb6f192f930a45d44ea>@@AAV<lambda_ab61a845afdef5b7c387490eaf3616ee>@@$$QAV<lambda_c2ffc0b7726aa6be21d5f0026187e748>@@@Z 10029288     libucrt:fflush.obj
 0002:000082a8       __sehtable$___acrt_update_thread_locale_data 100292a8     libucrt:locale_refcounting.obj
 0002:000082c8       __sehtable$__fcloseall     100292c8     libucrt:closeall.obj
 0002:000082e8       __sehtable$___acrt_lowio_ensure_fh_exists 100292e8     libucrt:osfinfo.obj
 0002:00008308       __sehtable$??$?RV<lambda_9e9de3de5fa147e2223d7db92bc10aa6>@@AAV<lambda_38ce7e780aa69e748d6df282ebc68efe>@@V<lambda_8ca6da459f0f6780f1cff60fdc3d00e5>@@@?$__crt_seh_guarded_call@H@@QAEH$$QAV<lambda_9e9de3de5fa147e2223d7db92bc10aa6>@@AAV<lambda_38ce7e780aa69e748d6df282ebc68efe>@@$$QAV<lambda_8ca6da459f0f6780f1cff60fdc3d00e5>@@@Z 10029308     libucrt:commit.obj
 0002:00008328       __sehtable$__write         10029328     libucrt:write.obj
 0002:00008348       __sehtable$_fclose         10029348     libucrt:fclose.obj
 0002:00008368       __sehtable$??$?RV<lambda_218ce3db14220d0be481dae8ef3383b6>@@AAV<lambda_628dfdc04ba53c8bfc02c9951375f3f5>@@V<lambda_57dc472bd5c9d5f3b2cbca59b8a843ae>@@@?$__crt_seh_guarded_call@H@@QAEH$$QAV<lambda_218ce3db14220d0be481dae8ef3383b6>@@AAV<lambda_628dfdc04ba53c8bfc02c9951375f3f5>@@$$QAV<lambda_57dc472bd5c9d5f3b2cbca59b8a843ae>@@@Z 10029368     libucrt:close.obj
 0002:00008388       __sehtable$__IsNonwritableInCurrentImage 10029388     LIBCMT:pesect.obj
 0002:000083b0       .edata                     100293b0     OPOSElectronicValueRW.exp
 0002:000083d8       rgpv                       100293d8     OPOSElectronicValueRW.exp
 0002:000083e8       rgszName                   100293e8     OPOSElectronicValueRW.exp
 0002:000083f8       rgwOrd                     100293f8     OPOSElectronicValueRW.exp
 0002:00008400       szName                     10029400     OPOSElectronicValueRW.exp
 0002:0000841a       $N00001                    1002941a     OPOSElectronicValueRW.exp
 0002:0000842a       $N00002                    1002942a     OPOSElectronicValueRW.exp
 0002:0000843c       $N00003                    1002943c     OPOSElectronicValueRW.exp
 0002:0000844e       $N00004                    1002944e     OPOSElectronicValueRW.exp
 0002:00008a5e       .idata$6                   10029a5e     kernel32:KERNEL32.dll
 0002:00008c72       .idata$6                   10029c72     user32:USER32.dll
 0002:00008da6       .idata$6                   10029da6     gdi32:GDI32.dll
 0002:00008e4c       .idata$6                   10029e4c     advapi32:ADVAPI32.dll
 0002:00008f68       .idata$6                   10029f68     ole32:ole32.dll
 0002:00008f72       .idata$6                   10029f72     oleaut32:OLEAUT32.dll
 0003:00000110       ?ObjectMap@@3PAU_ATL_OBJMAP_ENTRY30@ATL@@A 1002b110     ElectronicValueRW.obj
 0003:000001d0       ?s_SOMethodNames@@3PAPADA  1002b1d0     ElectronicValueRWImpl.obj
 0003:000002dc       ?s_RequiredMethodsPerRelease@@3PAHA 1002b2dc     ElectronicValueRWImpl.obj
 0003:00000310       ?__vcrt_flsindex@@3KA      1002b310     libvcruntime:per_thread_data.obj
 0003:00000330       ?errno_no_memory@@3HA      1002b330     libucrt:errno.obj
 0003:00000334       ?doserrno_no_memory@@3KA   1002b334     libucrt:errno.obj
 0003:00000340       ?__acrt_flsindex@@3KA      1002b340     libucrt:per_thread_data.obj
 0003:000006d8       __mbctypes                 1002b6d8     libucrt:mbctype.obj
 0003:000007e0       __mbcasemaps               1002b7e0     libucrt:mbctype.obj
 0003:000008e0       ?__rgctypeflag@@3PADA      1002b8e0     libucrt:mbctype.obj
 0003:000008e8       ?__rgcode_page_info@@3PAUcode_page_info@@A 1002b8e8     libucrt:mbctype.obj
 0003:00000b40       ?__dcrt_lowio_console_output_handle@@3PAXA 1002bb40     libucrt:initcon.obj
 0003:00000cd8       ?is_initialized_as_dll@@3_NA 1002bcd8     LIBCMT:utility.obj
 0003:00000cd9       ?module_local_atexit_table_initialized@@3_NA 1002bcd9     LIBCMT:utility.obj
 0003:00000cdc       ?module_local_atexit_table@@3U_onexit_table_t@@A 1002bcdc     LIBCMT:utility.obj
 0003:00000ce8       ?module_local_at_quick_exit_table@@3U_onexit_table_t@@A 1002bce8     LIBCMT:utility.obj
 0003:00000cf4       ?g_tss_cv@@3U_RTL_CONDITION_VARIABLE@@A 1002bcf4     LIBCMT:thread_safe_statics.obj
 0003:00000cf8       ?g_tss_event@@3PAXA        1002bcf8     LIBCMT:thread_safe_statics.obj
 0003:00000cfc       ?g_tss_mutex@@3U_RTL_CRITICAL_SECTION@@A 1002bcfc     LIBCMT:thread_safe_statics.obj
 0003:00000d14       ?g_sleep_condition_variable_cs@@3P6GHPAU_RTL_CONDITION_VARIABLE@@PAU_RTL_CRITICAL_SECTION@@K@ZA 1002bd14     LIBCMT:thread_safe_statics.obj
 0003:00000d18       ?g_wake_all_condition_variable@@3P6GXPAU_RTL_CONDITION_VARIABLE@@@ZA 1002bd18     LIBCMT:thread_safe_statics.obj
 0003:00000d20       _GS_ExceptionRecord        1002bd20     LIBCMT:gs_report.obj
 0003:00000d70       _GS_ContextRecord          1002bd70     LIBCMT:gs_report.obj
 0003:00001040       ?__proc_attached@@3HA      1002c040     LIBCMT:dll_dllmain.obj
 0003:0000109c       ?AllocateData@@3P6GPAUAtlThunkData_t@@XZA 1002c09c     atls:atlthunk.obj
 0003:000010a0       ?InitData@@3P6GXPAUAtlThunkData_t@@PAXI@ZA 1002c0a0     atls:atlthunk.obj
 0003:000010a4       ?DataToCode@@3P6GP6GJPAUHWND__@@IIJ@ZPAUAtlThunkData_t@@@ZA 1002c0a4     atls:atlthunk.obj
 0003:000010a8       ?FreeData@@3P6GXPAUAtlThunkData_t@@@ZA 1002c0a8     atls:atlthunk.obj
 0003:000010ac       ?Initialized@@3_NA         1002c0ac     atls:atlthunk.obj
 0003:000010b8       ?__vcrt_startup_thread_ptd@@3U__vcrt_ptd@@A 1002c0b8     libvcruntime:per_thread_data.obj
 0003:000010e0       ___vcrt_lock_table         1002c0e0     libvcruntime:locks.obj
 0003:000010f8       ___vcrt_locks_initialized  1002c0f8     libvcruntime:locks.obj
 0003:00001124       ?heap@@3V_HeapManager@@A   1002c124     libvcruntime:undname.obj
 0003:00001138       ?module_handles@@3PAPAUHINSTANCE__@@A 1002c138     libvcruntime:winapi_downlevel.obj
 0003:00001144       ?function_pointers@@3PAPAXA 1002c144     libvcruntime:winapi_downlevel.obj
 0003:0000115c       ?__acrt_invalid_parameter_handler@@3V?$dual_state_global@P6AXPB_W00II@Z@__crt_state_management@@A 1002c15c     libucrt:invalid_parameter.obj
 0003:00001160       ?c_termination_complete@@3JA 1002c160     libucrt:exit.obj
 0003:00001164       ?thread_local_exit_callback_func@@3P6GXPAXK0@ZA 1002c164     libucrt:exit.obj
 0003:00001170       ?program_name@?1???$common_configure_argv@D@@YAHW4_crt_argv_mode@@@Z@4PADA 1002c170     libucrt:argv_parsing.obj
 0003:000012a0       ?__acrt_new_handler@@3V?$dual_state_global@P6AHI@Z@__crt_state_management@@A 1002c2a0     libucrt:new_handler.obj
 0003:000012a8       ?module_handles@@3PAPAUHINSTANCE__@@A 1002c2a8     libucrt:winapi_thunks.obj
 0003:000012f8       ?encoded_function_pointers@@3PAPAXA 1002c2f8     libucrt:winapi_thunks.obj
 0003:00001380       ?internal_state@?1??_mbtowc_l@@9@4U_Mbstatet@@A 1002c380     libucrt:mbtowc.obj
 0003:00001390       ?enable_percent_n@@3IA     1002c390     libucrt:printf_count_output.obj
 0003:000015b0       ?__acrt_lock_table@@3PAU_RTL_CRITICAL_SECTION@@A 1002c5b0     libucrt:locks.obj
 0003:00001700       ?__acrt_locks_initialized@@3IA 1002c700     libucrt:locks.obj
 0003:00001710       ?fSystemSet@@3HA           1002c710     libucrt:mbctype.obj
 0003:00001714       ?initialized@?1??__acrt_initialize_multibyte@@9@4_NA 1002c714     libucrt:mbctype.obj
 0003:00001734       ?ctrlc_action@@3V?$dual_state_global@P6AXH@Z@__crt_state_management@@A 1002c734     libucrt:signal.obj
 0003:00001738       ?ctrlbreak_action@@3V?$dual_state_global@P6AXH@Z@__crt_state_management@@A 1002c738     libucrt:signal.obj
 0003:0000173c       ?abort_action@@3V?$dual_state_global@P6AXH@Z@__crt_state_management@@A 1002c73c     libucrt:signal.obj
 0003:00001740       ?term_action@@3V?$dual_state_global@P6AXH@Z@__crt_state_management@@A 1002c740     libucrt:signal.obj
 0003:00001744       ?user_matherr@@3V?$dual_state_global@P6AHPAU_exception@@@Z@__crt_state_management@@A 1002c744     libucrt:matherr.obj
 0003:00001748       ?__acrt_global_new_mode@@3V?$dual_state_global@J@__crt_state_management@@A 1002c748     libucrt:new_mode.obj
 0003:00001754       ?internal_pst@?1??__mbrtoc32_utf8@__crt_mbstring@@YAIPA_UPBDIPAU_Mbstatet@@@Z@4U3@A 1002c754     libucrt:mbrtoc32.obj
 0003:0000175c       ?__acrt_app_type@@3W4_crt_app_type@@A 1002c75c     libucrt:report_runtime_error.obj
 0003:00001764       __pmatherr_set             1002c764     libucrt:libm_error.obj
 0004:00000220       $R000000                   1002d220     ElectronicValueRW.res
 0004:00000bb8       $R000998                   1002dbb8     ElectronicValueRW.res
 0004:00000ca0       $R000A80                   1002dca0     ElectronicValueRW.res
 0004:00000f08       $R000CE8                   1002df08     ElectronicValueRW.res
 0004:00001410       $R0011F0                   1002e410     ElectronicValueRW.res
 0004:00007ee0       $R007CC0                   10034ee0     ElectronicValueRW.res
 0004:00007f28       $R007D08                   10034f28     ElectronicValueRW.res
