 OPOSPINPad

 Timestamp is 5d429eff (Thu Aug  1 17:12:47 2019)

 Preferred load address is 10000000

 Start         Length     Name                   Class
 0001:00000000 00000080H .text$di                CODE
 0001:00000080 0001da53H .text$mn                CODE
 0001:0001dad3 00000036H .text$x                 CODE
 0001:0001db09 00000042H .text$yd                CODE
 0002:00000000 000002fcH .idata$5                DATA
 0002:000002fc 00000004H .00cfg                  DATA
 0002:00000300 00000004H .CRT$XCA                DATA
 0002:00000304 00000004H .CRT$XCL                DATA
 0002:00000308 00000010H .CRT$XCU                DATA
 0002:00000318 00000004H .CRT$XCZ                DATA
 0002:0000031c 00000004H .CRT$XIA                DATA
 0002:00000320 00000010H .CRT$XIC                DATA
 0002:00000330 00000004H .CRT$XIZ                DATA
 0002:00000334 00000004H .CRT$XLA                DATA
 0002:00000338 00000004H .CRT$XLZ                DATA
 0002:0000033c 00000004H .CRT$XPA                DATA
 0002:00000340 00000008H .CRT$XPX                DATA
 0002:00000348 00000004H .CRT$XPXA               DATA
 0002:0000034c 00000004H .CRT$XPZ                DATA
 0002:00000350 00000004H .CRT$XTA                DATA
 0002:00000354 0000000cH .CRT$XTZ                DATA
 0002:00000358 00000000H .gfids$y                DATA
 0002:00000360 00006e5cH .rdata                  DATA
 0002:000071bc 00000018H .rdata$T                DATA
 0002:000071d4 0000017cH .rdata$r                DATA
 0002:00007350 0000001cH .rdata$sxdata           DATA
 0002:0000736c 000003dcH .rdata$zzzdbg           DATA
 0002:00007748 00000004H .rtc$IAA                DATA
 0002:0000774c 00000004H .rtc$IZZ                DATA
 0002:00007750 00000004H .rtc$TAA                DATA
 0002:00007754 00000004H .rtc$TZZ                DATA
 0002:00007758 00000004H .tls                    DATA
 0002:0000775c 00000004H .tls$                   DATA
 0002:00007760 00000008H .tls$ZZZ                DATA
 0002:00007768 00000604H .xdata$x                DATA
 0002:00007d6c 00000004H ATL$__a                 DATA
 0002:00007d70 00000010H ATL$__z                 DATA
 0002:00007d80 000000a8H .edata                  DATA
 0002:00007e28 00000078H .idata$2                DATA
 0002:00007ea0 00000014H .idata$3                DATA
 0002:00007eb4 000002fcH .idata$4                DATA
 0002:000081b0 00000bc8H .idata$6                DATA
 0003:00000000 00000ab0H .data                   DATA
 0003:00000ab0 00000098H .data$r                 DATA
 0003:00000b48 00000b80H .bss                    DATA
 0004:00000000 00000220H .rsrc$01                DATA
 0004:00000220 00004b30H .rsrc$02                DATA

  Address         Publics by Value              Rva+Base       Lib:Object

 0000:00000000       ___guard_fids_count        00000000     <absolute>
 0000:00000000       ___hybrid_code_map_count   00000000     <absolute>
 0000:00000000       ___hybrid_auxiliary_iat    00000000     <absolute>
 0000:00000000       ___guard_iat_count         00000000     <absolute>
 0000:00000000       ___guard_fids_table        00000000     <absolute>
 0000:00000000       ___guard_longjmp_table     00000000     <absolute>
 0000:00000000       ___volatile_metadata       00000000     <absolute>
 0000:00000000       ___guard_iat_table         00000000     <absolute>
 0000:00000000       ___AbsoluteZero            00000000     <absolute>
 0000:00000000       ___dynamic_value_reloc_table 00000000     <absolute>
 0000:00000000       __except_list              00000000     <absolute>
 0000:00000000       ___guard_longjmp_count     00000000     <absolute>
 0000:00000000       ___enclave_config          00000000     <absolute>
 0000:00000000       ___hybrid_code_map         00000000     <absolute>
 0000:00000007       ___safe_se_handler_count   00000007     <absolute>
 0000:0000002c       __tls_array                0000002c     <absolute>
 0000:00000100       ___guard_flags             00000100     <absolute>
 0000:00000000       ___ImageBase               10000000     <linker-defined>
 0001:00000080       ?DupWide@_CW@@AAEXXZ       10001080 f   CWString.obj
 0001:0000009c       ?cw_dup@@YGXPBDAAHAAPA_W1@Z 1000109c f   CWString.obj
 0001:0000010b       ?cw_memcpy@@YGHPA_WPBDH@Z  1000110b f   CWString.obj
 0001:00000137       ?cw_strcpy@@YAHPA_WPBD@Z   10001137 f   CWString.obj
 0001:0000014a       ?cw_strlen@@YAHPBD@Z       1000114a f   CWString.obj
 0001:00000163       ??0CAtlComModule@ATL@@QAE@XZ 10001163 f i OposVariant.obj
 0001:000001a8       ??0CAtlWinModule@ATL@@QAE@XZ 100011a8 f i OposVariant.obj
 0001:000001df       ??0OposDispParms@@QAE@PAVOposVariant@@H@Z 100011df f   OposVariant.obj
 0001:00000250       ??1OposDispParms@@QAE@XZ   10001250 f   OposVariant.obj
 0001:0000025e       ??A?$CSimpleArray@GV?$CSimpleArrayEqualHelper@G@ATL@@@ATL@@QAEAAGH@Z 1000125e f i OposVariant.obj
 0001:00000283       ??_Estringdispid@CComTypeInfoHolder@ATL@@QAEPAXI@Z 10001283 f i OposVariant.obj
 0001:000002ef       ?AtlWinModuleInit@ATL@@YGJPAU_ATL_WIN_MODULE70@1@@Z 100012ef f i OposVariant.obj
 0001:00000315       ?AtlWinModuleTerm@ATL@@YGJPAU_ATL_WIN_MODULE70@1@PAUHINSTANCE__@@@Z 10001315 f i OposVariant.obj
 0001:00000378       ?ChangeBSTR@OposVariant@@QAEXPAPA_WAAJ@Z 10001378 f   OposVariant.obj
 0001:000003b9       ?ChangeCURRENCY@OposVariant@@QAEXPATtagCY@@AAJ@Z 100013b9 f   OposVariant.obj
 0001:00000408       ?ChangeLONG@OposVariant@@QAEXPAJAAJ@Z 10001408 f   OposVariant.obj
 0001:00000449       ?GetLONG@OposVariant@@QAEJXZ 10001449 f   OposVariant.obj
 0001:00000464       ?Init@CComCriticalSection@ATL@@QAEJXZ 10001464 f i OposVariant.obj
 0001:0000048c       ?RemoveAll@?$CSimpleArray@PAUHINSTANCE__@@V?$CSimpleArrayEqualHelper@PAUHINSTANCE__@@@ATL@@@ATL@@QAEXXZ 1000148c f i atls:atlbase.obj
 0001:0000048c       ?RemoveAll@?$CSimpleArray@GV?$CSimpleArrayEqualHelper@G@ATL@@@ATL@@QAEXXZ 1000148c f i OposVariant.obj
 0001:000004a9       ?SetBSTR@OposVariant@@QAEXPA_WAAJ@Z 100014a9 f   OposVariant.obj
 0001:000004dd       ?SetBSTR_Copy@OposVariant@@QAEXPA_WAAJ@Z 100014dd f   OposVariant.obj
 0001:0000052d       ?SetBSTR_InOutPtr@OposVariant@@QAE_NPAPA_WAAJ@Z 1000152d f   OposVariant.obj
 0001:00000564       ?SetBSTR_OutPtr@OposVariant@@QAE_NPAPA_WAAJ@Z 10001564 f   OposVariant.obj
 0001:00000580       ?SetCURRENCY@OposVariant@@QAEXTtagCY@@@Z 10001580 f   OposVariant.obj
 0001:000005a8       ?SetDispatch_Ptr@OposVariant@@QAEXPAUIDispatch@@AAJ@Z 100015a8 f   OposVariant.obj
 0001:000005e3       ?SetLONG@OposVariant@@QAEXJ@Z 100015e3 f   OposVariant.obj
 0001:00000605       ?SetLONG_Ptr@OposVariant@@QAEXPAJAAJ@Z 10001605 f   OposVariant.obj
 0001:00000638       ?SetString@OposVariant@@QAEXPB_WAAJ@Z 10001638 f   OposVariant.obj
 0001:0000067e       ?SetVARIANT_BOOL@OposVariant@@QAEXF@Z 1000167e f   OposVariant.obj
 0001:000006a8       ?Term@CAtlComModule@ATL@@QAEXXZ 100016a8 f i OposVariant.obj
 0001:000006f2       ?_AtlRaiseException@ATL@@YAXKK@Z 100016f2 f i OposVariant.obj
 0001:00000707       ?AddRef@?$CComObjectCached@VCComClassFactory@ATL@@@ATL@@UAGKXZ 10001707 f i PINPad.obj
 0001:0000072e       ?Release@?$CComObjectCached@VCComClassFactory@ATL@@@ATL@@UAGKXZ 1000172e f i PINPad.obj
 0001:00000764       ?QueryInterface@?$CComObjectCached@VCComClassFactory@ATL@@@ATL@@UAGJABU_GUID@@PAPAX@Z 10001764 f i PINPad.obj
 0001:0000077e       ??_G?$CComObjectCached@VCComClassFactory@ATL@@@ATL@@UAEPAXI@Z 1000177e f i PINPad.obj
 0001:0000077e       ??_E?$CComObjectCached@VCComClassFactory@ATL@@@ATL@@UAEPAXI@Z 1000177e f i PINPad.obj
 0001:000007a0       ?AddRef@?$CComAggObject@VCOPOSPINPad@@@ATL@@UAGKXZ 100017a0 f i PINPad.obj
 0001:000007b1       ?Release@?$CComAggObject@VCOPOSPINPad@@@ATL@@UAGKXZ 100017b1 f i PINPad.obj
 0001:000007ed       ?QueryInterface@?$CComAggObject@VCOPOSPINPad@@@ATL@@UAGJABU_GUID@@PAPAX@Z 100017ed f i PINPad.obj
 0001:0000083c       ?AddRef@?$CComContainedObject@VCOPOSPINPad@@@ATL@@UAGKXZ 1000183c f i PINPad.obj
 0001:00000852       ?Release@?$CComContainedObject@VCOPOSPINPad@@@ATL@@UAGKXZ 10001852 f i PINPad.obj
 0001:00000868       ?QueryInterface@?$CComContainedObject@VCOPOSPINPad@@@ATL@@UAGJABU_GUID@@PAPAX@Z 10001868 f i PINPad.obj
 0001:00000883       ??_G?$CComAggObject@VCOPOSPINPad@@@ATL@@UAEPAXI@Z 10001883 f i PINPad.obj
 0001:00000883       ??_E?$CComAggObject@VCOPOSPINPad@@@ATL@@UAEPAXI@Z 10001883 f i PINPad.obj
 0001:000008a8       ?AddRef@?$CComObject@VCOPOSPINPad@@@ATL@@UAGKXZ 100018a8 f i PINPad.obj
 0001:000008bf       ?Release@?$CComObject@VCOPOSPINPad@@@ATL@@UAGKXZ 100018bf f i PINPad.obj
 0001:00000901       ?QueryInterface@?$CComObject@VCOPOSPINPad@@@ATL@@UAGJABU_GUID@@PAPAX@Z 10001901 f i PINPad.obj
 0001:0000091b       ?Lock@CAtlModule@ATL@@UAEJXZ 1000191b f i PINPad.obj
 0001:00000925       ?Unlock@CAtlModule@ATL@@UAEJXZ 10001925 f i PINPad.obj
 0001:0000092f       ?GetLockCount@CAtlModule@ATL@@UAEJXZ 1000192f f i PINPad.obj
 0001:00000933       ?GetGITPtr@CAtlModule@ATL@@UAEJPAPAUIGlobalInterfaceTable@@@Z 10001933 f i PINPad.obj
 0001:0000097f       ?AddCommonRGSReplacements@?$CAtlModuleT@VCComModule@ATL@@@ATL@@UAEJPAUIRegistrarBase@@@Z 1000197f f i PINPad.obj
 0001:00000999       ?UpdateRegistryFromResourceD@CComModule@ATL@@UAGJPB_WHPAU_ATL_REGMAP_ENTRY@2@@Z 10001999 f i PINPad.obj
 0001:00000999       ?UpdateRegistryFromResourceD@CComModule@ATL@@UAGJIHPAU_ATL_REGMAP_ENTRY@2@@Z 10001999 f i PINPad.obj
 0001:000009a1       ?UpdateRegistryFromResource@CComModule@ATL@@UAGJPB_WHPAU_ATL_REGMAP_ENTRY@2@@Z 100019a1 f i PINPad.obj
 0001:000009aa       ?UpdateRegistryFromResource@CComModule@ATL@@UAGJIHPAU_ATL_REGMAP_ENTRY@2@@Z 100019aa f i PINPad.obj
 0001:000009b3       ??_GCComModule@ATL@@UAEPAXI@Z 100019b3 f i PINPad.obj
 0001:000009b3       ??_ECComModule@ATL@@UAEPAXI@Z 100019b3 f i PINPad.obj
 0001:000009db       ?OnDrawAdvanced@CComControlBase@ATL@@UAEJAAUATL_DRAWINFO@@@Z 100019db f i PINPad.obj
 0001:00000aca       ?Next@?$CComEnumImpl@UIEnumConnections@@$1?_GUID_b196b287_bab4_101a_b69c_00aa00341d07@@3U__s_GUID@@BUtagCONNECTDATA@@V?$_Copy@UtagCONNECTDATA@@@ATL@@@ATL@@UAGJKPAUtagCONNECTDATA@@PAK@Z 10001aca f i PINPad.obj
 0001:00000ba1       ?Skip@?$CComEnumImpl@UIEnumConnections@@$1?_GUID_b196b287_bab4_101a_b69c_00aa00341d07@@3U__s_GUID@@BUtagCONNECTDATA@@V?$_Copy@UtagCONNECTDATA@@@ATL@@@ATL@@UAGJK@Z 10001ba1 f i PINPad.obj
 0001:00000bce       ?Reset@?$CComEnumImpl@UIEnumConnectionPoints@@$1?_GUID_b196b285_bab4_101a_b69c_00aa00341d07@@3U__s_GUID@@BPAUIConnectionPoint@@V?$_CopyInterface@UIConnectionPoint@@@ATL@@@ATL@@UAGJXZ 10001bce f i PINPad.obj
 0001:00000bce       ?Reset@?$CComEnumImpl@UIEnumConnections@@$1?_GUID_b196b287_bab4_101a_b69c_00aa00341d07@@3U__s_GUID@@BUtagCONNECTDATA@@V?$_Copy@UtagCONNECTDATA@@@ATL@@@ATL@@UAGJXZ 10001bce f i PINPad.obj
 0001:00000be0       ?Clone@?$CComEnumImpl@UIEnumConnections@@$1?_GUID_b196b287_bab4_101a_b69c_00aa00341d07@@3U__s_GUID@@BUtagCONNECTDATA@@V?$_Copy@UtagCONNECTDATA@@@ATL@@@ATL@@UAGJPAPAUIEnumConnections@@@Z 10001be0 f i PINPad.obj
 0001:00000cc1       ?AddRef@?$CComObject@V?$CComEnum@UIEnumConnectionPoints@@$1?_GUID_b196b285_bab4_101a_b69c_00aa00341d07@@3U__s_GUID@@BPAUIConnectionPoint@@V?$_CopyInterface@UIConnectionPoint@@@ATL@@VCComSingleThreadModel@6@@ATL@@@ATL@@UAGKXZ 10001cc1 f i PINPad.obj
 0001:00000cc1       ?AddRef@?$CComObject@V?$CComEnum@UIEnumConnections@@$1?_GUID_b196b287_bab4_101a_b69c_00aa00341d07@@3U__s_GUID@@BUtagCONNECTDATA@@V?$_Copy@UtagCONNECTDATA@@@ATL@@VCComSingleThreadModel@6@@ATL@@@ATL@@UAGKXZ 10001cc1 f i PINPad.obj
 0001:00000cd2       ?Release@?$CComObject@V?$CComEnum@UIEnumConnections@@$1?_GUID_b196b287_bab4_101a_b69c_00aa00341d07@@3U__s_GUID@@BUtagCONNECTDATA@@V?$_Copy@UtagCONNECTDATA@@@ATL@@VCComSingleThreadModel@6@@ATL@@@ATL@@UAGKXZ 10001cd2 f i PINPad.obj
 0001:00000cd2       ?Release@?$CComObject@V?$CComEnum@UIEnumConnectionPoints@@$1?_GUID_b196b285_bab4_101a_b69c_00aa00341d07@@3U__s_GUID@@BPAUIConnectionPoint@@V?$_CopyInterface@UIConnectionPoint@@@ATL@@VCComSingleThreadModel@6@@ATL@@@ATL@@UAGKXZ 10001cd2 f i PINPad.obj
 0001:00000d0e       ?QueryInterface@?$CComObject@V?$CComEnum@UIEnumConnections@@$1?_GUID_b196b287_bab4_101a_b69c_00aa00341d07@@3U__s_GUID@@BUtagCONNECTDATA@@V?$_Copy@UtagCONNECTDATA@@@ATL@@VCComSingleThreadModel@6@@ATL@@@ATL@@UAGJABU_GUID@@PAPAX@Z 10001d0e f i PINPad.obj
 0001:00000d28       ??_G?$CComObject@V?$CComEnum@UIEnumConnections@@$1?_GUID_b196b287_bab4_101a_b69c_00aa00341d07@@3U__s_GUID@@BUtagCONNECTDATA@@V?$_Copy@UtagCONNECTDATA@@@ATL@@VCComSingleThreadModel@6@@ATL@@@ATL@@UAEPAXI@Z 10001d28 f i PINPad.obj
 0001:00000d28       ??_E?$CComObject@V?$CComEnum@UIEnumConnections@@$1?_GUID_b196b287_bab4_101a_b69c_00aa00341d07@@3U__s_GUID@@BUtagCONNECTDATA@@V?$_Copy@UtagCONNECTDATA@@@ATL@@VCComSingleThreadModel@6@@ATL@@@ATL@@UAEPAXI@Z 10001d28 f i PINPad.obj
 0001:00000d4a       ?GetRect@?$IViewObjectExImpl@VCOPOSPINPad@@@ATL@@UAGJKPAU_RECTL@@@Z 10001d4a f i PINPad.obj
 0001:00000d4a       ?EnumFormatEtc@?$IDataObjectImpl@VCOPOSPINPad@@@ATL@@UAGJKPAPAUIEnumFORMATETC@@@Z 10001d4a f i PINPad.obj
 0001:00000d4a       ?SetMoniker@?$IOleObjectImpl@VCOPOSPINPad@@@ATL@@UAGJKPAUIMoniker@@@Z 10001d4a f i PINPad.obj
 0001:00000d4a       ?QueryInterface@CRegObject@ATL@@UAGJABU_GUID@@PAPAX@Z 10001d4a f i PINPad.obj
 0001:00000d4a       ?GetCanonicalFormatEtc@?$IDataObjectImpl@VCOPOSPINPad@@@ATL@@UAGJPAUtagFORMATETC@@0@Z 10001d4a f i PINPad.obj
 0001:00000d4a       ?GetDataHere@?$IDataObjectImpl@VCOPOSPINPad@@@ATL@@UAGJPAUtagFORMATETC@@PAUtagSTGMEDIUM@@@Z 10001d4a f i PINPad.obj
 0001:00000d4a       ?GetClipboardData@?$IOleObjectImpl@VCOPOSPINPad@@@ATL@@UAGJKPAPAUIDataObject@@@Z 10001d4a f i PINPad.obj
 0001:00000d52       ?AddRef@CRegObject@ATL@@UAGKXZ 10001d52 f i PINPad.obj
 0001:00000d58       ?Release@CRegObject@ATL@@UAGKXZ 10001d58 f i PINPad.obj
 0001:00000d58       ?Update@?$IOleObjectImpl@VCOPOSPINPad@@@ATL@@UAGJXZ 10001d58 f i PINPad.obj
 0001:00000d58       ?HandsOffStorage@?$IPersistStorageImpl@VCOPOSPINPad@@@ATL@@UAGJXZ 10001d58 f i PINPad.obj
 0001:00000d58       ?IsUpToDate@?$IOleObjectImpl@VCOPOSPINPad@@@ATL@@UAGJXZ 10001d58 f i PINPad.obj
 0001:00000d5d       ?AddReplacement@CRegObject@ATL@@UAGJPB_W0@Z 10001d5d f i PINPad.obj
 0001:00000d96       ?ClearReplacements@CRegObject@ATL@@UAGJXZ 10001d96 f i PINPad.obj
 0001:00000da8       ??_ECRegObject@ATL@@UAEPAXI@Z 10001da8 f i PINPad.obj
 0001:00000da8       ??_GCRegObject@ATL@@UAEPAXI@Z 10001da8 f i PINPad.obj
 0001:00000dca       ??_E?$CComObject@VCOPOSPINPad@@@ATL@@W3AEPAXI@Z 10001dca f i PINPad.obj
 0001:00000dd2       ??_E?$CComObject@VCOPOSPINPad@@@ATL@@WEM@AEPAXI@Z 10001dd2 f i PINPad.obj
 0001:00000dda       ?QueryInterface@?$CComObject@VCOPOSPINPad@@@ATL@@WHA@AGJABU_GUID@@PAPAX@Z 10001dda f i PINPad.obj
 0001:00000de4       ?AddRef@?$CComObject@VCOPOSPINPad@@@ATL@@WHA@AGKXZ 10001de4 f i PINPad.obj
 0001:00000dee       ?Release@?$CComObject@VCOPOSPINPad@@@ATL@@WHA@AGKXZ 10001dee f i PINPad.obj
 0001:00000df8       ?QueryInterface@?$CComObject@VCOPOSPINPad@@@ATL@@WHE@AGJABU_GUID@@PAPAX@Z 10001df8 f i PINPad.obj
 0001:00000e02       ?AddRef@?$CComObject@VCOPOSPINPad@@@ATL@@WHE@AGKXZ 10001e02 f i PINPad.obj
 0001:00000e0c       ?Release@?$CComObject@VCOPOSPINPad@@@ATL@@WHE@AGKXZ 10001e0c f i PINPad.obj
 0001:00000e16       ?QueryInterface@?$CComObject@VCOPOSPINPad@@@ATL@@WHI@AGJABU_GUID@@PAPAX@Z 10001e16 f i PINPad.obj
 0001:00000e20       ?AddRef@?$CComObject@VCOPOSPINPad@@@ATL@@WHI@AGKXZ 10001e20 f i PINPad.obj
 0001:00000e2a       ?Release@?$CComObject@VCOPOSPINPad@@@ATL@@WHI@AGKXZ 10001e2a f i PINPad.obj
 0001:00000e34       ?QueryInterface@?$CComObject@VCOPOSPINPad@@@ATL@@WHM@AGJABU_GUID@@PAPAX@Z 10001e34 f i PINPad.obj
 0001:00000e3e       ?AddRef@?$CComObject@VCOPOSPINPad@@@ATL@@WHM@AGKXZ 10001e3e f i PINPad.obj
 0001:00000e48       ?Release@?$CComObject@VCOPOSPINPad@@@ATL@@WHM@AGKXZ 10001e48 f i PINPad.obj
 0001:00000e52       ?QueryInterface@?$CComObject@VCOPOSPINPad@@@ATL@@WIA@AGJABU_GUID@@PAPAX@Z 10001e52 f i PINPad.obj
 0001:00000e5f       ?AddRef@?$CComObject@VCOPOSPINPad@@@ATL@@WIA@AGKXZ 10001e5f f i PINPad.obj
 0001:00000e6c       ?Release@?$CComObject@VCOPOSPINPad@@@ATL@@WIA@AGKXZ 10001e6c f i PINPad.obj
 0001:00000e79       ?QueryInterface@?$CComObject@VCOPOSPINPad@@@ATL@@WIE@AGJABU_GUID@@PAPAX@Z 10001e79 f i PINPad.obj
 0001:00000e86       ?AddRef@?$CComObject@VCOPOSPINPad@@@ATL@@WIE@AGKXZ 10001e86 f i PINPad.obj
 0001:00000e93       ?Release@?$CComObject@VCOPOSPINPad@@@ATL@@WIE@AGKXZ 10001e93 f i PINPad.obj
 0001:00000ea0       ?QueryInterface@?$CComObject@VCOPOSPINPad@@@ATL@@WII@AGJABU_GUID@@PAPAX@Z 10001ea0 f i PINPad.obj
 0001:00000ead       ?AddRef@?$CComObject@VCOPOSPINPad@@@ATL@@WII@AGKXZ 10001ead f i PINPad.obj
 0001:00000eba       ?Release@?$CComObject@VCOPOSPINPad@@@ATL@@WII@AGKXZ 10001eba f i PINPad.obj
 0001:00000ec7       ?QueryInterface@?$CComObject@VCOPOSPINPad@@@ATL@@WIM@AGJABU_GUID@@PAPAX@Z 10001ec7 f i PINPad.obj
 0001:00000ed4       ?AddRef@?$CComObject@VCOPOSPINPad@@@ATL@@WIM@AGKXZ 10001ed4 f i PINPad.obj
 0001:00000ee1       ?Release@?$CComObject@VCOPOSPINPad@@@ATL@@WIM@AGKXZ 10001ee1 f i PINPad.obj
 0001:00000eee       ?QueryInterface@?$CComObject@VCOPOSPINPad@@@ATL@@WJA@AGJABU_GUID@@PAPAX@Z 10001eee f i PINPad.obj
 0001:00000efb       ?AddRef@?$CComObject@VCOPOSPINPad@@@ATL@@WJA@AGKXZ 10001efb f i PINPad.obj
 0001:00000f08       ?Release@?$CComObject@VCOPOSPINPad@@@ATL@@WJA@AGKXZ 10001f08 f i PINPad.obj
 0001:00000f15       ?QueryInterface@?$CComObject@VCOPOSPINPad@@@ATL@@WJE@AGJABU_GUID@@PAPAX@Z 10001f15 f i PINPad.obj
 0001:00000f22       ?AddRef@?$CComObject@VCOPOSPINPad@@@ATL@@WJE@AGKXZ 10001f22 f i PINPad.obj
 0001:00000f2f       ?Release@?$CComObject@VCOPOSPINPad@@@ATL@@WJE@AGKXZ 10001f2f f i PINPad.obj
 0001:00000f3c       ?QueryInterface@?$CComObject@VCOPOSPINPad@@@ATL@@WJI@AGJABU_GUID@@PAPAX@Z 10001f3c f i PINPad.obj
 0001:00000f49       ?AddRef@?$CComObject@VCOPOSPINPad@@@ATL@@WJI@AGKXZ 10001f49 f i PINPad.obj
 0001:00000f56       ?Release@?$CComObject@VCOPOSPINPad@@@ATL@@WJI@AGKXZ 10001f56 f i PINPad.obj
 0001:00000f63       ?QueryInterface@?$CComObject@VCOPOSPINPad@@@ATL@@WJM@AGJABU_GUID@@PAPAX@Z 10001f63 f i PINPad.obj
 0001:00000f70       ?AddRef@?$CComObject@VCOPOSPINPad@@@ATL@@WJM@AGKXZ 10001f70 f i PINPad.obj
 0001:00000f7d       ?Release@?$CComObject@VCOPOSPINPad@@@ATL@@WJM@AGKXZ 10001f7d f i PINPad.obj
 0001:00000f8a       ?QueryInterface@?$CComObject@VCOPOSPINPad@@@ATL@@WKA@AGJABU_GUID@@PAPAX@Z 10001f8a f i PINPad.obj
 0001:00000f97       ?AddRef@?$CComObject@VCOPOSPINPad@@@ATL@@WKA@AGKXZ 10001f97 f i PINPad.obj
 0001:00000fa4       ?Release@?$CComObject@VCOPOSPINPad@@@ATL@@WKA@AGKXZ 10001fa4 f i PINPad.obj
 0001:00000fb1       ?AddRef@?$CComObject@VCOPOSPINPad@@@ATL@@WKI@AGKXZ 10001fb1 f i PINPad.obj
 0001:00000fbe       ?Release@?$CComObject@VCOPOSPINPad@@@ATL@@WKI@AGKXZ 10001fbe f i PINPad.obj
 0001:00000fcb       ?AddRef@?$CComObject@VCOPOSPINPad@@@ATL@@WLE@AGKXZ 10001fcb f i PINPad.obj
 0001:00000fd8       ?Release@?$CComObject@VCOPOSPINPad@@@ATL@@WLE@AGKXZ 10001fd8 f i PINPad.obj
 0001:00000fe5       ??_E?$CComContainedObject@VCOPOSPINPad@@@ATL@@W3AEPAXI@Z 10001fe5 f i PINPad.obj
 0001:00000fed       ??_E?$CComContainedObject@VCOPOSPINPad@@@ATL@@WEM@AEPAXI@Z 10001fed f i PINPad.obj
 0001:00000ff5       ?QueryInterface@?$CComContainedObject@VCOPOSPINPad@@@ATL@@WHA@AGJABU_GUID@@PAPAX@Z 10001ff5 f i PINPad.obj
 0001:00000fff       ?AddRef@?$CComContainedObject@VCOPOSPINPad@@@ATL@@WHA@AGKXZ 10001fff f i PINPad.obj
 0001:00001009       ?Release@?$CComContainedObject@VCOPOSPINPad@@@ATL@@WHA@AGKXZ 10002009 f i PINPad.obj
 0001:00001013       ?QueryInterface@?$CComContainedObject@VCOPOSPINPad@@@ATL@@WHE@AGJABU_GUID@@PAPAX@Z 10002013 f i PINPad.obj
 0001:0000101d       ?AddRef@?$CComContainedObject@VCOPOSPINPad@@@ATL@@WHE@AGKXZ 1000201d f i PINPad.obj
 0001:00001027       ?Release@?$CComContainedObject@VCOPOSPINPad@@@ATL@@WHE@AGKXZ 10002027 f i PINPad.obj
 0001:00001031       ?QueryInterface@?$CComContainedObject@VCOPOSPINPad@@@ATL@@WHI@AGJABU_GUID@@PAPAX@Z 10002031 f i PINPad.obj
 0001:0000103b       ?AddRef@?$CComContainedObject@VCOPOSPINPad@@@ATL@@WHI@AGKXZ 1000203b f i PINPad.obj
 0001:00001045       ?Release@?$CComContainedObject@VCOPOSPINPad@@@ATL@@WHI@AGKXZ 10002045 f i PINPad.obj
 0001:0000104f       ?QueryInterface@?$CComContainedObject@VCOPOSPINPad@@@ATL@@WHM@AGJABU_GUID@@PAPAX@Z 1000204f f i PINPad.obj
 0001:00001059       ?AddRef@?$CComContainedObject@VCOPOSPINPad@@@ATL@@WHM@AGKXZ 10002059 f i PINPad.obj
 0001:00001063       ?Release@?$CComContainedObject@VCOPOSPINPad@@@ATL@@WHM@AGKXZ 10002063 f i PINPad.obj
 0001:0000106d       ?QueryInterface@?$CComContainedObject@VCOPOSPINPad@@@ATL@@WIA@AGJABU_GUID@@PAPAX@Z 1000206d f i PINPad.obj
 0001:0000107a       ?AddRef@?$CComContainedObject@VCOPOSPINPad@@@ATL@@WIA@AGKXZ 1000207a f i PINPad.obj
 0001:00001087       ?Release@?$CComContainedObject@VCOPOSPINPad@@@ATL@@WIA@AGKXZ 10002087 f i PINPad.obj
 0001:00001094       ?QueryInterface@?$CComContainedObject@VCOPOSPINPad@@@ATL@@WIE@AGJABU_GUID@@PAPAX@Z 10002094 f i PINPad.obj
 0001:000010a1       ?AddRef@?$CComContainedObject@VCOPOSPINPad@@@ATL@@WIE@AGKXZ 100020a1 f i PINPad.obj
 0001:000010ae       ?Release@?$CComContainedObject@VCOPOSPINPad@@@ATL@@WIE@AGKXZ 100020ae f i PINPad.obj
 0001:000010bb       ?QueryInterface@?$CComContainedObject@VCOPOSPINPad@@@ATL@@WII@AGJABU_GUID@@PAPAX@Z 100020bb f i PINPad.obj
 0001:000010c8       ?AddRef@?$CComContainedObject@VCOPOSPINPad@@@ATL@@WII@AGKXZ 100020c8 f i PINPad.obj
 0001:000010d5       ?Release@?$CComContainedObject@VCOPOSPINPad@@@ATL@@WII@AGKXZ 100020d5 f i PINPad.obj
 0001:000010e2       ?QueryInterface@?$CComContainedObject@VCOPOSPINPad@@@ATL@@WIM@AGJABU_GUID@@PAPAX@Z 100020e2 f i PINPad.obj
 0001:000010ef       ?AddRef@?$CComContainedObject@VCOPOSPINPad@@@ATL@@WIM@AGKXZ 100020ef f i PINPad.obj
 0001:000010fc       ?Release@?$CComContainedObject@VCOPOSPINPad@@@ATL@@WIM@AGKXZ 100020fc f i PINPad.obj
 0001:00001109       ?QueryInterface@?$CComContainedObject@VCOPOSPINPad@@@ATL@@WJA@AGJABU_GUID@@PAPAX@Z 10002109 f i PINPad.obj
 0001:00001116       ?AddRef@?$CComContainedObject@VCOPOSPINPad@@@ATL@@WJA@AGKXZ 10002116 f i PINPad.obj
 0001:00001123       ?Release@?$CComContainedObject@VCOPOSPINPad@@@ATL@@WJA@AGKXZ 10002123 f i PINPad.obj
 0001:00001130       ?QueryInterface@?$CComContainedObject@VCOPOSPINPad@@@ATL@@WJE@AGJABU_GUID@@PAPAX@Z 10002130 f i PINPad.obj
 0001:0000113d       ?AddRef@?$CComContainedObject@VCOPOSPINPad@@@ATL@@WJE@AGKXZ 1000213d f i PINPad.obj
 0001:0000114a       ?Release@?$CComContainedObject@VCOPOSPINPad@@@ATL@@WJE@AGKXZ 1000214a f i PINPad.obj
 0001:00001157       ?QueryInterface@?$CComContainedObject@VCOPOSPINPad@@@ATL@@WJI@AGJABU_GUID@@PAPAX@Z 10002157 f i PINPad.obj
 0001:00001164       ?AddRef@?$CComContainedObject@VCOPOSPINPad@@@ATL@@WJI@AGKXZ 10002164 f i PINPad.obj
 0001:00001171       ?Release@?$CComContainedObject@VCOPOSPINPad@@@ATL@@WJI@AGKXZ 10002171 f i PINPad.obj
 0001:0000117e       ?QueryInterface@?$CComContainedObject@VCOPOSPINPad@@@ATL@@WJM@AGJABU_GUID@@PAPAX@Z 1000217e f i PINPad.obj
 0001:0000118b       ?AddRef@?$CComContainedObject@VCOPOSPINPad@@@ATL@@WJM@AGKXZ 1000218b f i PINPad.obj
 0001:00001198       ?Release@?$CComContainedObject@VCOPOSPINPad@@@ATL@@WJM@AGKXZ 10002198 f i PINPad.obj
 0001:000011a5       ?QueryInterface@?$CComContainedObject@VCOPOSPINPad@@@ATL@@WKA@AGJABU_GUID@@PAPAX@Z 100021a5 f i PINPad.obj
 0001:000011b2       ?AddRef@?$CComContainedObject@VCOPOSPINPad@@@ATL@@WKA@AGKXZ 100021b2 f i PINPad.obj
 0001:000011bf       ?Release@?$CComContainedObject@VCOPOSPINPad@@@ATL@@WKA@AGKXZ 100021bf f i PINPad.obj
 0001:000011cc       ?AddRef@?$CComContainedObject@VCOPOSPINPad@@@ATL@@WKI@AGKXZ 100021cc f i PINPad.obj
 0001:000011d9       ?Release@?$CComContainedObject@VCOPOSPINPad@@@ATL@@WKI@AGKXZ 100021d9 f i PINPad.obj
 0001:000011e6       ?AddRef@?$CComContainedObject@VCOPOSPINPad@@@ATL@@WLE@AGKXZ 100021e6 f i PINPad.obj
 0001:000011f3       ?Release@?$CComContainedObject@VCOPOSPINPad@@@ATL@@WLE@AGKXZ 100021f3 f i PINPad.obj
 0001:00001200       ?GetWindowProc@?$CWindowImplBaseT@VCWindow@ATL@@V?$CWinTraits@$0FGAAAAAA@$0A@@2@@ATL@@UAEP6GJPAUHWND__@@IIJ@ZXZ 10002200 f i PINPad.obj
 0001:00001206       ?StartWindowProc@?$CWindowImplBaseT@VCWindow@ATL@@V?$CWinTraits@$0FGAAAAAA@$0A@@2@@ATL@@SGJPAUHWND__@@IIJ@Z 10002206 f i PINPad.obj
 0001:0000125a       ?OnFinalMessage@?$CWindowImplBaseT@VCWindow@ATL@@V?$CWinTraits@$0FGAAAAAA@$0A@@2@@ATL@@UAEXPAUHWND__@@@Z 1000225a f i PINPad.obj
 0001:0000125a       ?ObjectMain@CComObjectRootBase@ATL@@SGX_N@Z 1000225a f i PINPad.obj
 0001:0000125d       ?GetTypeInfoCount@?$IDispatchImpl@UIOPOSPINPad@@$1?IID_IOPOSPINPad@@3U_GUID@@B$1?LIBID_OposPINPad_CCO@@3U3@B$00$0A@VCComTypeInfoHolder@ATL@@@ATL@@UAGJPAI@Z 1000225d f i PINPad.obj
 0001:0000127a       ?GetTypeInfo@?$IDispatchImpl@UIOPOSPINPad@@$1?IID_IOPOSPINPad@@3U_GUID@@B$1?LIBID_OposPINPad_CCO@@3U3@B$00$0A@VCComTypeInfoHolder@ATL@@@ATL@@UAGJIKPAPAUITypeInfo@@@Z 1000227a f i PINPad.obj
 0001:0000129e       ?GetIDsOfNames@?$IDispatchImpl@UIOPOSPINPad@@$1?IID_IOPOSPINPad@@3U_GUID@@B$1?LIBID_OposPINPad_CCO@@3U3@B$00$0A@VCComTypeInfoHolder@ATL@@@ATL@@UAGJABU_GUID@@PAPA_WIKPAJ@Z 1000229e f i PINPad.obj
 0001:000012be       ?Invoke@?$IDispatchImpl@UIOPOSPINPad@@$1?IID_IOPOSPINPad@@3U_GUID@@B$1?LIBID_OposPINPad_CCO@@3U3@B$00$0A@VCComTypeInfoHolder@ATL@@@ATL@@UAGJJABU_GUID@@KGPAUtagDISPPARAMS@@PAUtagVARIANT@@PAUtagEXCEPINFO@@PAI@Z 100022be f i PINPad.obj
 0001:000012cc       ?CreateControlWindow@?$CComControl@VCOPOSPINPad@@V?$CWindowImpl@VCOPOSPINPad@@VCWindow@ATL@@V?$CWinTraits@$0FGAAAAAA@$0A@@3@@ATL@@@ATL@@UAEPAUHWND__@@PAU3@AAUtagRECT@@@Z 100022cc f i PINPad.obj
 0001:000012fb       ?ControlQueryInterface@?$CComControl@VCOPOSPINPad@@V?$CWindowImpl@VCOPOSPINPad@@VCWindow@ATL@@V?$CWinTraits@$0FGAAAAAA@$0A@@3@@ATL@@@ATL@@UAEJABU_GUID@@PAPAX@Z 100022fb f i PINPad.obj
 0001:00001316       ?GetClassID@?$IPersistStreamInitImpl@VCOPOSPINPad@@@ATL@@UAGJPAU_GUID@@@Z 10002316 f i PINPad.obj
 0001:00001316       ?GetUserClassID@?$IOleObjectImpl@VCOPOSPINPad@@@ATL@@UAGJPAU_GUID@@@Z 10002316 f i PINPad.obj
 0001:00001316       ?GetClassID@?$IPersistStorageImpl@VCOPOSPINPad@@@ATL@@UAGJPAU_GUID@@@Z 10002316 f i PINPad.obj
 0001:0000133a       ?IsDirty@?$IPersistStreamInitImpl@VCOPOSPINPad@@@ATL@@UAGJXZ 1000233a f i PINPad.obj
 0001:00001359       ?Load@?$IPersistStreamInitImpl@VCOPOSPINPad@@@ATL@@UAGJPAUIStream@@@Z 10002359 f i PINPad.obj
 0001:00001378       ?Save@?$IPersistStreamInitImpl@VCOPOSPINPad@@@ATL@@UAGJPAUIStream@@H@Z 10002378 f i PINPad.obj
 0001:0000139a       ?GetSizeMax@?$IPersistStreamInitImpl@VCOPOSPINPad@@@ATL@@UAGJPAT_ULARGE_INTEGER@@@Z 1000239a f i PINPad.obj
 0001:0000154f       ?InitNew@?$IPersistStreamInitImpl@VCOPOSPINPad@@@ATL@@UAGJXZ 1000254f f i PINPad.obj
 0001:0000156c       ?GetDropTarget@?$IOleInPlaceObjectWindowlessImpl@VCOPOSPINPad@@@ATL@@UAGJPAPAUIDropTarget@@@Z 1000256c f i PINPad.obj
 0001:0000156c       ?GetControlInfo@?$IOleControlImpl@VCOPOSPINPad@@@ATL@@UAGJPAUtagCONTROLINFO@@@Z 1000256c f i PINPad.obj
 0001:0000156c       ?SetColorScheme@?$IOleObjectImpl@VCOPOSPINPad@@@ATL@@UAGJPAUtagLOGPALETTE@@@Z 1000256c f i PINPad.obj
 0001:0000156c       ?SOOutputCompleteDummy@COPOSPINPad@@MAGJJ@Z 1000256c f i PINPad.obj
 0001:0000156c       ?Unfreeze@?$IViewObjectExImpl@VCOPOSPINPad@@@ATL@@UAGJK@Z 1000256c f i PINPad.obj
 0001:0000156c       ?OnMnemonic@?$IOleControlImpl@VCOPOSPINPad@@@ATL@@UAGJPAUtagMSG@@@Z 1000256c f i PINPad.obj
 0001:0000156c       ?ContextSensitiveHelp@?$IOleInPlaceActiveObjectImpl@VCOPOSPINPad@@@ATL@@UAGJH@Z 1000256c f i PINPad.obj
 0001:0000156c       ?ContextSensitiveHelp@?$IOleInPlaceObjectWindowlessImpl@VCOPOSPINPad@@@ATL@@UAGJH@Z 1000256c f i PINPad.obj
 0001:0000156c       ?QueryGetData@?$IDataObjectImpl@VCOPOSPINPad@@@ATL@@UAGJPAUtagFORMATETC@@@Z 1000256c f i PINPad.obj
 0001:00001574       ?SaveCompleted@?$IPersistStorageImpl@VCOPOSPINPad@@@ATL@@UAGJPAUIStorage@@@Z 10002574 f i PINPad.obj
 0001:00001574       ?OnAmbientPropertyChange@?$IOleControlImpl@VCOPOSPINPad@@@ATL@@UAGJJ@Z 10002574 f i PINPad.obj
 0001:00001574       ?OnFrameWindowActivate@?$IOleInPlaceActiveObjectImpl@VCOPOSPINPad@@@ATL@@UAGJH@Z 10002574 f i PINPad.obj
 0001:00001574       ?EnableModeless@?$IOleInPlaceActiveObjectImpl@VCOPOSPINPad@@@ATL@@UAGJH@Z 10002574 f i PINPad.obj
 0001:00001579       ?SetClientSite@?$IOleObjectImpl@VCOPOSPINPad@@@ATL@@UAGJPAUIOleClientSite@@@Z 10002579 f i PINPad.obj
 0001:00001596       ?GetClientSite@?$IOleObjectImpl@VCOPOSPINPad@@@ATL@@UAGJPAPAUIOleClientSite@@@Z 10002596 f i PINPad.obj
 0001:000015b3       ?SetHostNames@?$IOleObjectImpl@VCOPOSPINPad@@@ATL@@UAGJPB_W0@Z 100025b3 f i PINPad.obj
 0001:000015b8       ?Close@?$IOleObjectImpl@VCOPOSPINPad@@@ATL@@UAGJK@Z 100025b8 f i PINPad.obj
 0001:000015d5       ?GetMoniker@?$IOleObjectImpl@VCOPOSPINPad@@@ATL@@UAGJKKPAPAUIMoniker@@@Z 100025d5 f i PINPad.obj
 0001:000015d5       ?InitFromData@?$IOleObjectImpl@VCOPOSPINPad@@@ATL@@UAGJPAUIDataObject@@HK@Z 100025d5 f i PINPad.obj
 0001:000015d5       ?SetData@?$IDataObjectImpl@VCOPOSPINPad@@@ATL@@UAGJPAUtagFORMATETC@@PAUtagSTGMEDIUM@@H@Z 100025d5 f i PINPad.obj
 0001:000015dd       ?DoVerb@?$IOleObjectImpl@VCOPOSPINPad@@@ATL@@UAGJJPAUtagMSG@@PAUIOleClientSite@@JPAUHWND__@@PBUtagRECT@@@Z 100025dd f i PINPad.obj
 0001:000016f5       ?EnumVerbs@?$IOleObjectImpl@VCOPOSPINPad@@@ATL@@UAGJPAPAUIEnumOLEVERB@@@Z 100026f5 f i PINPad.obj
 0001:00001717       ?GetUserType@?$IOleObjectImpl@VCOPOSPINPad@@@ATL@@UAGJKPAPA_W@Z 10002717 f i PINPad.obj
 0001:0000172f       ?SetExtent@?$IOleObjectImpl@VCOPOSPINPad@@@ATL@@UAGJKPAUtagSIZE@@@Z 1000272f f i PINPad.obj
 0001:0000174f       ?GetExtent@?$IOleObjectImpl@VCOPOSPINPad@@@ATL@@UAGJKPAUtagSIZE@@@Z 1000274f f i PINPad.obj
 0001:0000178d       ?Advise@?$IOleObjectImpl@VCOPOSPINPad@@@ATL@@UAGJPAUIAdviseSink@@PAK@Z 1000278d f i PINPad.obj
 0001:000017ad       ?Unadvise@?$IOleObjectImpl@VCOPOSPINPad@@@ATL@@UAGJK@Z 100027ad f i PINPad.obj
 0001:000017dc       ?EnumAdvise@?$IOleObjectImpl@VCOPOSPINPad@@@ATL@@UAGJPAPAUIEnumSTATDATA@@@Z 100027dc f i PINPad.obj
 0001:0000181c       ?GetMiscStatus@?$IOleObjectImpl@VCOPOSPINPad@@@ATL@@UAGJKPAK@Z 1000281c f i PINPad.obj
 0001:00001834       ?GetWindow@?$IOleInPlaceActiveObjectImpl@VCOPOSPINPad@@@ATL@@UAGJPAPAUHWND__@@@Z 10002834 f i PINPad.obj
 0001:00001881       ?TranslateAcceleratorW@?$IOleInPlaceActiveObjectImpl@VCOPOSPINPad@@@ATL@@UAGJPAUtagMSG@@@Z 10002881 f i PINPad.obj
 0001:0000191f       ?OnDocWindowActivate@?$IOleInPlaceActiveObjectImpl@VCOPOSPINPad@@@ATL@@UAGJH@Z 1000291f f i PINPad.obj
 0001:00001941       ?ResizeBorder@?$IOleInPlaceActiveObjectImpl@VCOPOSPINPad@@@ATL@@UAGJPBUtagRECT@@PAUIOleInPlaceUIWindow@@H@Z 10002941 f i PINPad.obj
 0001:00001946       ?Draw@?$IViewObjectExImpl@VCOPOSPINPad@@@ATL@@UAGJKJPAXPAUtagDVTARGETDEVICE@@PAUHDC__@@2PBU_RECTL@@3P6GHK@ZK@Z 10002946 f i PINPad.obj
 0001:00001978       ?GetColorSet@?$IViewObjectExImpl@VCOPOSPINPad@@@ATL@@UAGJKJPAXPAUtagDVTARGETDEVICE@@PAUHDC__@@PAPAUtagLOGPALETTE@@@Z 10002978 f i PINPad.obj
 0001:00001980       ?Freeze@?$IViewObjectExImpl@VCOPOSPINPad@@@ATL@@UAGJKJPAXPAK@Z 10002980 f i PINPad.obj
 0001:00001988       ?SetAdvise@?$IViewObjectExImpl@VCOPOSPINPad@@@ATL@@UAGJKKPAUIAdviseSink@@@Z 10002988 f i PINPad.obj
 0001:000019a7       ?GetAdvise@?$IViewObjectExImpl@VCOPOSPINPad@@@ATL@@UAGJPAK0PAPAUIAdviseSink@@@Z 100029a7 f i PINPad.obj
 0001:000019dc       ?GetExtent@?$IViewObjectExImpl@VCOPOSPINPad@@@ATL@@UAGJKJPAUtagDVTARGETDEVICE@@PAUtagSIZE@@@Z 100029dc f i PINPad.obj
 0001:00001a0d       ?GetViewStatus@?$IViewObjectExImpl@VCOPOSPINPad@@@ATL@@UAGJPAK@Z 10002a0d f i PINPad.obj
 0001:00001a2a       ?QueryHitPoint@?$IViewObjectExImpl@VCOPOSPINPad@@@ATL@@UAGJKPBUtagRECT@@UtagPOINT@@JPAK@Z 10002a2a f i PINPad.obj
 0001:00001a6b       ?QueryHitRect@?$IViewObjectExImpl@VCOPOSPINPad@@@ATL@@UAGJKPBUtagRECT@@0JPAK@Z 10002a6b f i PINPad.obj
 0001:00001ac6       ?GetNaturalExtent@?$IViewObjectExImpl@VCOPOSPINPad@@@ATL@@UAGJKJPAUtagDVTARGETDEVICE@@PAUHDC__@@PAUtagExtentInfo@@PAUtagSIZE@@@Z 10002ac6 f i PINPad.obj
 0001:00001b11       ?GetWindow@?$IOleInPlaceObjectWindowlessImpl@VCOPOSPINPad@@@ATL@@UAGJPAPAUHWND__@@@Z 10002b11 f i PINPad.obj
 0001:00001b5e       ?InPlaceDeactivate@?$IOleInPlaceObjectWindowlessImpl@VCOPOSPINPad@@@ATL@@UAGJXZ 10002b5e f i PINPad.obj
 0001:00001b78       ?UIDeactivate@?$IOleInPlaceObjectWindowlessImpl@VCOPOSPINPad@@@ATL@@UAGJXZ 10002b78 f i PINPad.obj
 0001:00001b92       ?SetObjectRects@?$IOleInPlaceObjectWindowlessImpl@VCOPOSPINPad@@@ATL@@UAGJPBUtagRECT@@0@Z 10002b92 f i PINPad.obj
 0001:00001bb2       ?ReactivateAndUndo@?$IOleInPlaceObjectWindowlessImpl@VCOPOSPINPad@@@ATL@@UAGJXZ 10002bb2 f i PINPad.obj
 0001:00001bba       ?OnWindowMessage@?$IOleInPlaceObjectWindowlessImpl@VCOPOSPINPad@@@ATL@@UAGJIIJPAJ@Z 10002bba f i PINPad.obj
 0001:00001c2a       ?EnumConnectionPoints@?$IConnectionPointContainerImpl@VCOPOSPINPad@@@ATL@@UAGJPAPAUIEnumConnectionPoints@@@Z 10002c2a f i PINPad.obj
 0001:00001da4       ?FindConnectionPoint@?$IConnectionPointContainerImpl@VCOPOSPINPad@@@ATL@@UAGJABU_GUID@@PAPAUIConnectionPoint@@@Z 10002da4 f i PINPad.obj
 0001:00001e47       ?IsDirty@?$IPersistStorageImpl@VCOPOSPINPad@@@ATL@@UAGJXZ 10002e47 f i PINPad.obj
 0001:00001e7b       ?InitNew@?$IPersistStorageImpl@VCOPOSPINPad@@@ATL@@UAGJPAUIStorage@@@Z 10002e7b f i PINPad.obj
 0001:00001eaf       ?Load@?$IPersistStorageImpl@VCOPOSPINPad@@@ATL@@UAGJPAUIStorage@@@Z 10002eaf f i PINPad.obj
 0001:00001f1b       ?Save@?$IPersistStorageImpl@VCOPOSPINPad@@@ATL@@UAGJPAUIStorage@@H@Z 10002f1b f i PINPad.obj
 0001:00001f8e       ?GetPages@?$ISpecifyPropertyPagesImpl@VCOPOSPINPad@@@ATL@@UAGJPAUtagCAUUID@@@Z 10002f8e f i PINPad.obj
 0001:00001fa5       ?QuickActivate@?$IQuickActivateImpl@VCOPOSPINPad@@@ATL@@UAGJPAUtagQACONTAINER@@PAUtagQACONTROL@@@Z 10002fa5 f i PINPad.obj
 0001:00001fc8       ?SetContentExtent@?$IQuickActivateImpl@VCOPOSPINPad@@@ATL@@UAGJPAUtagSIZE@@@Z 10002fc8 f i PINPad.obj
 0001:00001ff4       ?GetContentExtent@?$IQuickActivateImpl@VCOPOSPINPad@@@ATL@@UAGJPAUtagSIZE@@@Z 10002ff4 f i PINPad.obj
 0001:00002014       ?GetData@?$IDataObjectImpl@VCOPOSPINPad@@@ATL@@UAGJPAUtagFORMATETC@@PAUtagSTGMEDIUM@@@Z 10003014 f i PINPad.obj
 0001:00002037       ?DAdvise@?$IDataObjectImpl@VCOPOSPINPad@@@ATL@@UAGJPAUtagFORMATETC@@KPAUIAdviseSink@@PAK@Z 10003037 f i PINPad.obj
 0001:00002078       ?DUnadvise@?$IDataObjectImpl@VCOPOSPINPad@@@ATL@@UAGJK@Z 10003078 f i PINPad.obj
 0001:000020a6       ?EnumDAdvise@?$IDataObjectImpl@VCOPOSPINPad@@@ATL@@UAGJPAPAUIEnumSTATDATA@@@Z 100030a6 f i PINPad.obj
 0001:000020e5       ?GetClassInfoW@?$IProvideClassInfo2Impl@$1?CLSID_OPOSPINPad@@3U_GUID@@B$1?DIID__IOPOSPINPadEvents@@3U2@B$1?LIBID_OposPINPad_CCO@@3U2@B$00$0A@VCComTypeInfoHolder@ATL@@@ATL@@UAGJPAPAUITypeInfo@@@Z 100030e5 f i PINPad.obj
 0001:000020fb       ?GetGUID@?$IProvideClassInfo2Impl@$1?CLSID_OPOSPINPad@@3U_GUID@@B$1?DIID__IOPOSPINPadEvents@@3U2@B$1?LIBID_OposPINPad_CCO@@3U2@B$00$0A@VCComTypeInfoHolder@ATL@@@ATL@@UAGJKPAU_GUID@@@Z 100030fb f i PINPad.obj
 0001:00002139       __get_startup_argv_mode    10003139 f i LIBCMT:argv_mode.obj
 0001:00002139       ?FAccessAllowed@?$IObjectSafetyImpl@VCOPOSPINPad@@$02@ATL@@MAEHXZ 10003139 f i PINPad.obj
 0001:0000213d       ?GetInterfaceSafetyOptions@?$IObjectSafetyImpl@VCOPOSPINPad@@$02@ATL@@UAGJABU_GUID@@PAK1@Z 1000313d f i PINPad.obj
 0001:000021b1       ?SetInterfaceSafetyOptions@?$IObjectSafetyImpl@VCOPOSPINPad@@$02@ATL@@UAGJABU_GUID@@KK@Z 100031b1 f i PINPad.obj
 0001:0000222b       ?_LocCPQueryInterface@?$IConnectionPointImpl@VCOPOSPINPad@@$1?IID_IPropertyNotifySink@@3U_GUID@@BVCComDynamicUnkArray@ATL@@@ATL@@UAGJABU_GUID@@PAPAX@Z 1000322b f i PINPad.obj
 0001:0000222b       ?_LocCPQueryInterface@?$IConnectionPointImpl@VCOPOSPINPad@@$1?DIID__IOPOSPINPadEvents@@3U_GUID@@BVCComDynamicUnkArray@ATL@@@ATL@@UAGJABU_GUID@@PAPAX@Z 1000322b f i PINPad.obj
 0001:00002278       ?GetConnectionInterface@?$IConnectionPointImpl@VCOPOSPINPad@@$1?IID_IPropertyNotifySink@@3U_GUID@@BVCComDynamicUnkArray@ATL@@@ATL@@UAGJPAU_GUID@@@Z 10003278 f i PINPad.obj
 0001:0000229c       ?GetConnectionPointContainer@?$IConnectionPointImpl@VCOPOSPINPad@@$1?IID_IPropertyNotifySink@@3U_GUID@@BVCComDynamicUnkArray@ATL@@@ATL@@UAGJPAPAUIConnectionPointContainer@@@Z 1000329c f i PINPad.obj
 0001:000022bf       ?Advise@?$IConnectionPointImpl@VCOPOSPINPad@@$1?DIID__IOPOSPINPadEvents@@3U_GUID@@BVCComDynamicUnkArray@ATL@@@ATL@@UAGJPAUIUnknown@@PAK@Z 100032bf f i PINPad.obj
 0001:000022bf       ?Advise@?$IConnectionPointImpl@VCOPOSPINPad@@$1?IID_IPropertyNotifySink@@3U_GUID@@BVCComDynamicUnkArray@ATL@@@ATL@@UAGJPAUIUnknown@@PAK@Z 100032bf f i PINPad.obj
 0001:00002360       ?Unadvise@?$IConnectionPointImpl@VCOPOSPINPad@@$1?IID_IPropertyNotifySink@@3U_GUID@@BVCComDynamicUnkArray@ATL@@@ATL@@UAGJK@Z 10003360 f i PINPad.obj
 0001:00002360       ?Unadvise@?$IConnectionPointImpl@VCOPOSPINPad@@$1?DIID__IOPOSPINPadEvents@@3U_GUID@@BVCComDynamicUnkArray@ATL@@@ATL@@UAGJK@Z 10003360 f i PINPad.obj
 0001:000023a0       ?EnumConnections@?$IConnectionPointImpl@VCOPOSPINPad@@$1?IID_IPropertyNotifySink@@3U_GUID@@BVCComDynamicUnkArray@ATL@@@ATL@@UAGJPAPAUIEnumConnections@@@Z 100033a0 f i PINPad.obj
 0001:000023a0       ?EnumConnections@?$IConnectionPointImpl@VCOPOSPINPad@@$1?DIID__IOPOSPINPadEvents@@3U_GUID@@BVCComDynamicUnkArray@ATL@@@ATL@@UAGJPAPAUIEnumConnections@@@Z 100033a0 f i PINPad.obj
 0001:000024a6       ?GetObjectDescription@?$CComCoClass@VCOPOSPINPad@@$1?CLSID_OPOSPINPad@@3U_GUID@@B@ATL@@SGPB_WXZ 100034a6 f i PINPad.obj
 0001:000024a6       ?GetCategoryMap@CComObjectRootBase@ATL@@SAPBU_ATL_CATMAP_ENTRY@2@XZ 100034a6 f i PINPad.obj
 0001:000024a9       ?GetConnectionInterface@?$IConnectionPointImpl@VCOPOSPINPad@@$1?DIID__IOPOSPINPadEvents@@3U_GUID@@BVCComDynamicUnkArray@ATL@@@ATL@@UAGJPAU_GUID@@@Z 100034a9 f i PINPad.obj
 0001:000024cd       ?GetConnectionPointContainer@?$IConnectionPointImpl@VCOPOSPINPad@@$1?DIID__IOPOSPINPadEvents@@3U_GUID@@BVCComDynamicUnkArray@ATL@@@ATL@@UAGJPAPAUIConnectionPointContainer@@@Z 100034cd f i PINPad.obj
 0001:000024f0       ?UpdateRegistry@COPOSPINPad@@SGJH@Z 100034f0 f i PINPad.obj
 0001:00002508       ?ProcessWindowMessage@COPOSPINPad@@UAEHPAUHWND__@@IIJAAJK@Z 10003508 f i PINPad.obj
 0001:00002551       ?SOData@COPOSPINPad@@MAGJJ@Z 10003551 f i PINPad.obj
 0001:0000258a       ?SODirectIO@COPOSPINPad@@MAGJJPAJPAPA_W@Z 1000358a f i PINPad.obj
 0001:000025d3       ?SOError@COPOSPINPad@@MAGJJJJPAJ@Z 100035d3 f i PINPad.obj
 0001:00002628       ?SOStatusUpdate@COPOSPINPad@@MAGJJ@Z 10003628 f i PINPad.obj
 0001:00002661       ?CreateInstance@?$CComCreator@V?$CComObjectCached@VCComClassFactory@ATL@@@ATL@@@ATL@@SGJPAXABU_GUID@@PAPAX@Z 10003661 f i PINPad.obj
 0001:000026f4       ?CreateInstance@?$CComCreator2@V?$CComCreator@V?$CComObject@VCOPOSPINPad@@@ATL@@@ATL@@V?$CComCreator@V?$CComAggObject@VCOPOSPINPad@@@ATL@@@2@@ATL@@SGJPAXABU_GUID@@PAPAX@Z 100036f4 f i PINPad.obj
 0001:00002714       ?Next@?$CComEnumImpl@UIEnumConnectionPoints@@$1?_GUID_b196b285_bab4_101a_b69c_00aa00341d07@@3U__s_GUID@@BPAUIConnectionPoint@@V?$_CopyInterface@UIConnectionPoint@@@ATL@@@ATL@@UAGJKPAPAUIConnectionPoint@@PAK@Z 10003714 f i PINPad.obj
 0001:000027eb       ?Skip@?$CComEnumImpl@UIEnumConnectionPoints@@$1?_GUID_b196b285_bab4_101a_b69c_00aa00341d07@@3U__s_GUID@@BPAUIConnectionPoint@@V?$_CopyInterface@UIConnectionPoint@@@ATL@@@ATL@@UAGJK@Z 100037eb f i PINPad.obj
 0001:00002818       ?Clone@?$CComEnumImpl@UIEnumConnectionPoints@@$1?_GUID_b196b285_bab4_101a_b69c_00aa00341d07@@3U__s_GUID@@BPAUIConnectionPoint@@V?$_CopyInterface@UIConnectionPoint@@@ATL@@@ATL@@UAGJPAPAUIEnumConnectionPoints@@@Z 10003818 f i PINPad.obj
 0001:000028f9       ?QueryInterface@?$CComObject@V?$CComEnum@UIEnumConnectionPoints@@$1?_GUID_b196b285_bab4_101a_b69c_00aa00341d07@@3U__s_GUID@@BPAUIConnectionPoint@@V?$_CopyInterface@UIConnectionPoint@@@ATL@@VCComSingleThreadModel@6@@ATL@@@ATL@@UAGJABU_GUID@@PAPAX@Z 100038f9 f i PINPad.obj
 0001:00002913       ??_E?$CComObject@V?$CComEnum@UIEnumConnectionPoints@@$1?_GUID_b196b285_bab4_101a_b69c_00aa00341d07@@3U__s_GUID@@BPAUIConnectionPoint@@V?$_CopyInterface@UIConnectionPoint@@@ATL@@VCComSingleThreadModel@6@@ATL@@@ATL@@UAEPAXI@Z 10003913 f i PINPad.obj
 0001:00002913       ??_G?$CComObject@V?$CComEnum@UIEnumConnectionPoints@@$1?_GUID_b196b285_bab4_101a_b69c_00aa00341d07@@3U__s_GUID@@BPAUIConnectionPoint@@V?$_CopyInterface@UIConnectionPoint@@@ATL@@VCComSingleThreadModel@6@@ATL@@@ATL@@UAEPAXI@Z 10003913 f i PINPad.obj
 0001:00002935       ?CreateInstance@CComClassFactory@ATL@@UAGJPAUIUnknown@@ABU_GUID@@PAPAX@Z 10003935 f i PINPad.obj
 0001:00002973       ?LockServer@CComClassFactory@ATL@@UAGJH@Z 10003973 f i PINPad.obj
 0001:00002992       ??_ECComClassFactory@ATL@@UAEPAXI@Z 10003992 f i PINPad.obj
 0001:00002992       ??_GCComClassFactory@ATL@@UAEPAXI@Z 10003992 f i PINPad.obj
 0001:000029bd       ??$?4UITypeInfo2@@@?$CComPtr@UITypeInfo@@@ATL@@QAEPAUITypeInfo@@ABV?$CComPtr@UITypeInfo2@@@1@@Z 100039bd f i PINPad.obj
 0001:000029ea       ??$AtlAdd@K@ATL@@YAJPAKKK@Z 100039ea f i PINPad.obj
 0001:00002a0d       ??$AtlAdd@_K@ATL@@YAJPA_K_K1@Z 10003a0d f i PINPad.obj
 0001:00002a45       ??$AtlAddThrow@K@ATL@@YAKKK@Z 10003a45 f i PINPad.obj
 0001:00002a6b       ??$AtlModuleRegisterWndClassInfoT@VAtlModuleRegisterWndClassInfoParamW@ATL@@@ATL@@YAGPAU_ATL_BASE_MODULE70@0@PAU_ATL_WIN_MODULE70@0@PAU_ATL_WNDCLASSINFOW@0@PAP6GJPAUHWND__@@IIJ@ZVAtlModuleRegisterWndClassInfoParamW@0@@Z 10003a6b f i PINPad.obj
 0001:00002bb9       ??$AtlMultiply@H@ATL@@YAJPAHHH@Z 10003bb9 f i PINPad.obj
 0001:00002bf1       ??$AtlMultiply@I@ATL@@YAJPAIII@Z 10003bf1 f i PINPad.obj
 0001:00002bf1       ??$AtlMultiply@K@ATL@@YAJPAKKK@Z 10003bf1 f i PINPad.obj
 0001:00002c13       ??$AtlMultiplyThrow@I@ATL@@YAIII@Z 10003c13 f i PINPad.obj
 0001:00002c39       ??0?$CComAggObject@VCOPOSPINPad@@@ATL@@QAE@PAX@Z 10003c39 f i PINPad.obj
 0001:00002c66       ??0?$CComContainedObject@VCOPOSPINPad@@@ATL@@QAE@PAX@Z 10003c66 f i PINPad.obj
 0001:00002d1f       ??0?$CComObject@V?$CComEnum@UIEnumConnectionPoints@@$1?_GUID_b196b285_bab4_101a_b69c_00aa00341d07@@3U__s_GUID@@BPAUIConnectionPoint@@V?$_CopyInterface@UIConnectionPoint@@@ATL@@VCComSingleThreadModel@6@@ATL@@@ATL@@QAE@PAX@Z 10003d1f f i PINPad.obj
 0001:00002d4d       ??0?$CComObject@V?$CComEnum@UIEnumConnections@@$1?_GUID_b196b287_bab4_101a_b69c_00aa00341d07@@3U__s_GUID@@BUtagCONNECTDATA@@V?$_Copy@UtagCONNECTDATA@@@ATL@@VCComSingleThreadModel@6@@ATL@@@ATL@@QAE@PAX@Z 10003d4d f i PINPad.obj
 0001:00002d7b       ??0?$CComObject@VCOPOSPINPad@@@ATL@@QAE@PAX@Z 10003d7b f i PINPad.obj
 0001:00002e32       ??0?$CComQIPtr@UIOleControlSite@@$1?_GUID_b196b289_bab4_101a_b69c_00aa00341d07@@3U__s_GUID@@B@ATL@@QAE@PAUIUnknown@@@Z 10003e32 f i PINPad.obj
 0001:00002e5b       ??0CAtlModule@ATL@@QAE@XZ  10003e5b f i PINPad.obj
 0001:00002e9c       ??0CParseBuffer@CRegParser@ATL@@QAE@H@Z 10003e9c f i PINPad.obj
 0001:00002ed2       ??0_ATL_MSG@ATL@@QAE@PAUHWND__@@IIJH@Z 10003ed2 f i PINPad.obj
 0001:00002f0a       ??1?$CComAggObject@VCOPOSPINPad@@@ATL@@UAE@XZ 10003f0a f i PINPad.obj
 0001:00002f2e       ??1?$CComEnumImpl@UIEnumConnectionPoints@@$1?_GUID_b196b285_bab4_101a_b69c_00aa00341d07@@3U__s_GUID@@BPAUIConnectionPoint@@V?$_CopyInterface@UIConnectionPoint@@@ATL@@@ATL@@UAE@XZ 10003f2e f i PINPad.obj
 0001:00002f6e       ??1?$CComEnumImpl@UIEnumConnections@@$1?_GUID_b196b287_bab4_101a_b69c_00aa00341d07@@3U__s_GUID@@BUtagCONNECTDATA@@V?$_Copy@UtagCONNECTDATA@@@ATL@@@ATL@@UAE@XZ 10003f6e f i PINPad.obj
 0001:00002fae       ??1?$CComObject@V?$CComEnum@UIEnumConnectionPoints@@$1?_GUID_b196b285_bab4_101a_b69c_00aa00341d07@@3U__s_GUID@@BPAUIConnectionPoint@@V?$_CopyInterface@UIConnectionPoint@@@ATL@@VCComSingleThreadModel@6@@ATL@@@ATL@@UAE@XZ 10003fae f i PINPad.obj
 0001:00002fd1       ??1?$CComObject@V?$CComEnum@UIEnumConnections@@$1?_GUID_b196b287_bab4_101a_b69c_00aa00341d07@@3U__s_GUID@@BUtagCONNECTDATA@@V?$_Copy@UtagCONNECTDATA@@@ATL@@VCComSingleThreadModel@6@@ATL@@@ATL@@UAE@XZ 10003fd1 f i PINPad.obj
 0001:00002ff4       ??1?$CComObject@VCOPOSPINPad@@@ATL@@UAE@XZ 10003ff4 f i PINPad.obj
 0001:000030b2       ??1?$CComObjectCached@VCComClassFactory@ATL@@@ATL@@UAE@XZ 100040b2 f i PINPad.obj
 0001:000030c8       ??1?$CComObjectRootEx@VCComMultiThreadModel@ATL@@@ATL@@QAE@XZ 100040c8 f i PINPad.obj
 0001:000030dd       ??1CRegObject@ATL@@UAE@XZ  100040dd f i PINPad.obj
 0001:000030fd       ??4?$CComPtr@UIUnknown@@@ATL@@QAEPAUIUnknown@@PAU2@@Z 100040fd f i PINPad.obj
 0001:000030fd       ??4?$CComPtr@UIAdviseSink@@@ATL@@QAEPAUIAdviseSink@@PAU2@@Z 100040fd f i PINPad.obj
 0001:000030fd       ??4?$CComPtr@UIOleClientSite@@@ATL@@QAEPAUIOleClientSite@@PAU2@@Z 100040fd f i PINPad.obj
 0001:00003131       ??4?$CComQIPtr@UIOleObject@@$1?_GUID_00000112_0000_0000_c000_000000000046@@3U__s_GUID@@B@ATL@@QAEPAUIOleObject@@PAUIUnknown@@@Z 10004131 f i PINPad.obj
 0001:00003156       ??4?$CComQIPtr@UISpecifyPropertyPages@@$1?_GUID_b196b28b_bab4_101a_b69c_00aa00341d07@@3U__s_GUID@@B@ATL@@QAEPAUISpecifyPropertyPages@@PAUIUnknown@@@Z 10004156 f i PINPad.obj
 0001:0000317b       ??_E?$CComContainedObject@VCOPOSPINPad@@@ATL@@UAEPAXI@Z 1000417b f i PINPad.obj
 0001:0000317b       ??_G?$CComContainedObject@VCOPOSPINPad@@@ATL@@UAEPAXI@Z 1000417b f i PINPad.obj
 0001:000031a0       ??_G?$CComObject@VCOPOSPINPad@@@ATL@@UAEPAXI@Z 100041a0 f i PINPad.obj
 0001:000031a0       ??_E?$CComObject@VCOPOSPINPad@@@ATL@@UAEPAXI@Z 100041a0 f i PINPad.obj
 0001:000031c5       ?Add@?$CSimpleArray@GV?$CSimpleArrayEqualHelper@G@ATL@@@ATL@@QAEHABG@Z 100041c5 f i PINPad.obj
 0001:00003249       ?Add@?$CSimpleMap@PA_WPA_WVCExpansionVectorEqualHelper@ATL@@@ATL@@QAEHABQA_W0@Z 10004249 f i PINPad.obj
 0001:0000329e       ?Add@CComDynamicUnkArray@ATL@@QAEKPAUIUnknown@@@Z 1000429e f i PINPad.obj
 0001:00003354       ?Add@CExpansionVector@ATL@@QAEHPB_W0@Z 10004354 f i PINPad.obj
 0001:00003458       ?AddString@CParseBuffer@CRegParser@ATL@@QAEHPB_W@Z 10004458 f i PINPad.obj
 0001:0000348d       ?AddValue@CRegParser@ATL@@IAEJAAVCRegKey@2@PB_WPA_W@Z 1000448d f i PINPad.obj
 0001:000037ae       ?Allocate@?$CAtlSafeAllocBufferManager@VCCRTAllocator@ATL@@@_ATL_SAFE_ALLOCA_IMPL@ATL@@QAEPAXK@Z 100047ae f i PINPad.obj
 0001:000037db       ?Allocate@?$CTempBuffer@E$0BAA@VCCRTAllocator@ATL@@@ATL@@QAEPAEI@Z 100047db f i PINPad.obj
 0001:0000380a       ?Allocate@?$CTempBuffer@_W$0BAA@VCCRTAllocator@ATL@@@ATL@@QAEPA_WI@Z 1000480a f i PINPad.obj
 0001:00003839       ?Allocate@?$CTempBuffer@_W$0EAA@VCCRTAllocator@ATL@@@ATL@@QAEPA_WI@Z 10004839 f i PINPad.obj
 0001:00003868       ?AllocateHeap@?$CTempBuffer@E$0BAA@VCCRTAllocator@ATL@@@ATL@@AAEXI@Z 10004868 f i PINPad.obj
 0001:00003868       ?AllocateHeap@?$CTempBuffer@_W$0BAA@VCCRTAllocator@ATL@@@ATL@@AAEXI@Z 10004868 f i PINPad.obj
 0001:00003868       ?AllocateHeap@?$CTempBuffer@_W$0EAA@VCCRTAllocator@ATL@@@ATL@@AAEXI@Z 10004868 f i PINPad.obj
 0001:0000388d       ?Append@CParseBuffer@CRegParser@ATL@@QAEHPB_WH@Z 1000488d f i PINPad.obj
 0001:0000391b       ?AtlCallTermFunc@ATL@@YGXPAU_ATL_MODULE70@1@@Z 1000491b f i PINPad.obj
 0001:0000395f       ?AtlCoTaskMemCAlloc@ATL@@YAPAXKK@Z 1000495f f i PINPad.obj
 0001:0000398c       ?AtlCoTaskMemRecalloc@ATL@@YAPAXPAXKK@Z 1000498c f i PINPad.obj
 0001:000039bc       ?AtlComModuleGetClassObject@ATL@@YGJPAU_ATL_COM_MODULE70@1@ABU_GUID@@1PAPAX@Z 100049bc f i PINPad.obj
 0001:00003aaf       ?AtlComModuleRegisterServer@ATL@@YGJPAU_ATL_COM_MODULE70@1@HPBU_GUID@@@Z 10004aaf f i PINPad.obj
 0001:00003b37       ?AtlComModuleUnregisterServer@ATL@@YGJPAU_ATL_COM_MODULE70@1@HPBU_GUID@@@Z 10004b37 f i PINPad.obj
 0001:00003bbf       ?AtlComQIPtrAssign2@ATL@@YAXPAPAUIUnknown@@PAU2@ABU_GUID@@@Z 10004bbf f i PINPad.obj
 0001:00003bee       ?AtlCreateTargetDC@ATL@@YGPAUHDC__@@PAU2@PAUtagDVTARGETDEVICE@@@Z 10004bee f i PINPad.obj
 0001:00003c57       ?AtlCrtErrorCheck@ATL@@YAHH@Z 10004c57 f i PINPad.obj
 0001:00003c92       ?AtlHiMetricToPixel@ATL@@YGXPBUtagSIZE@@PAU2@@Z 10004c92 f i PINPad.obj
 0001:00003d07       ?AtlHresultFromLastError@ATL@@YAJXZ 10004d07 f i PINPad.obj
 0001:00003d1e       ?AtlHresultFromWin32@ATL@@YAJK@Z 10004d1e f i PINPad.obj
 0001:00003d33       ?AtlIPersistStreamInit_Load@ATL@@YGJPAUIStream@@PBUATL_PROPMAP_ENTRY@1@PAXPAUIUnknown@@@Z 10004d33 f i PINPad.obj
 0001:00003f13       ?AtlIPersistStreamInit_Save@ATL@@YGJPAUIStream@@HPBUATL_PROPMAP_ENTRY@1@PAXPAUIUnknown@@@Z 10004f13 f i PINPad.obj
 0001:000040ab       ?AtlInternalOleLoadFromStream@ATL@@YAJPAUIStream@@ABU_GUID@@PAPAXTClassesAllowedInStream@1@K@Z 100050ab f i PINPad.obj
 0001:000041d1       ?AtlInternalQueryInterface@ATL@@YGJPAXPBU_ATL_INTMAP_ENTRY@1@ABU_GUID@@PAPAX@Z 100051d1 f i PINPad.obj
 0001:00004274       ?AtlLoadTypeLib@ATL@@YGJPAUHINSTANCE__@@PB_WPAPA_WPAPAUITypeLib@@@Z 10005274 f i PINPad.obj
 0001:00004452       ?AtlModuleAddTermFunc@ATL@@YGJPAU_ATL_MODULE70@1@P6GXK@ZK@Z 10005452 f i PINPad.obj
 0001:000044af       ?AtlRegisterClassCategoriesHelper@ATL@@YGJABU_GUID@@PBU_ATL_CATMAP_ENTRY@1@H@Z 100054af f i PINPad.obj
 0001:0000478f       ?AtlRegisterTypeLib@ATL@@YGJPAUHINSTANCE__@@PB_W@Z 1000578f f i PINPad.obj
 0001:00004917       ?AtlThrowImpl@ATL@@YGXJ@Z  10005917 f i PINPad.obj
 0001:00004935       ?AtlUnRegisterTypeLib@ATL@@YGJPAUHINSTANCE__@@PB_W@Z 10005935 f i PINPad.obj
 0001:000049e0       ?AtlWinModuleAddCreateWndData@ATL@@YGXPAU_ATL_WIN_MODULE70@1@PAU_AtlCreateWndData@1@PAX@Z 100059e0 f i PINPad.obj
 0001:00004a34       ?AtlWinModuleExtractCreateWndData@ATL@@YGPAXPAU_ATL_WIN_MODULE70@1@@Z 10005a34 f i PINPad.obj
 0001:00004a97       ?AtlWinModuleRegisterClassExW@ATL@@YGGPAU_ATL_WIN_MODULE70@1@PBUtagWNDCLASSEXW@@@Z 10005a97 f i PINPad.obj
 0001:00004ad6       ?CanForceRemoveKey@CRegParser@ATL@@IAEHPB_W@Z 10005ad6 f i PINPad.obj
 0001:00004b05       ?ChToByte@CRegParser@ATL@@KAE_W@Z 10005b05 f i PINPad.obj
 0001:00004b38       ?Cleanup@CComTypeInfoHolder@ATL@@SGXK@Z 10005b38 f i PINPad.obj
 0001:00004b6b       ?ClearReplacements@CExpansionVector@ATL@@QAEJXZ 10005b6b f i PINPad.obj
 0001:00004ba8       ?Close@CRegKey@ATL@@QAEJXZ 10005ba8 f i PINPad.obj
 0001:00004bc2       ?CreateInstance@?$CComCreator@V?$CComAggObject@VCOPOSPINPad@@@ATL@@@ATL@@SGJPAXABU_GUID@@PAPAX@Z 10005bc2 f i PINPad.obj
 0001:00004c38       ?CreateInstance@?$CComCreator@V?$CComObject@VCOPOSPINPad@@@ATL@@@ATL@@SGJPAXABU_GUID@@PAPAX@Z 10005c38 f i PINPad.obj
 0001:00004cb9       ?CreateInstance@?$CComObject@V?$CComEnum@UIEnumConnectionPoints@@$1?_GUID_b196b285_bab4_101a_b69c_00aa00341d07@@3U__s_GUID@@BPAUIConnectionPoint@@V?$_CopyInterface@UIConnectionPoint@@@ATL@@VCComSingleThreadModel@6@@ATL@@@ATL@@SGJPAPAV12@@Z 10005cb9 f i PINPad.obj
 0001:00004d00       ?CreateInstance@?$CComObject@V?$CComEnum@UIEnumConnections@@$1?_GUID_b196b287_bab4_101a_b69c_00aa00341d07@@3U__s_GUID@@BUtagCONNECTDATA@@V?$_Copy@UtagCONNECTDATA@@@ATL@@VCComSingleThreadModel@6@@ATL@@@ATL@@SGJPAPAV12@@Z 10005d00 f i PINPad.obj
 0001:00004d47       ?DefaultReflectionHandler@?$CWindowImplRoot@VCWindow@ATL@@@ATL@@SAHPAUHWND__@@IIJAAJ@Z 10005d47 f i PINPad.obj
 0001:00004dba       ?DeleteSubKey@CRegKey@ATL@@QAEJPB_W@Z 10005dba f i PINPad.obj
 0001:00004e33       ?DoEvent@COPOSPINPad@@IAEXIIJ@Z 10005e33 f i PINPad.obj
 0001:00004eb3       ?DoVerbHide@?$IOleObjectImpl@VCOPOSPINPad@@@ATL@@QAEJPBUtagRECT@@PAUHWND__@@@Z 10005eb3 f i PINPad.obj
 0001:00004ee9       ?DoVerbInPlaceActivate@?$IOleObjectImpl@VCOPOSPINPad@@@ATL@@QAEJPBUtagRECT@@PAUHWND__@@@Z 10005ee9 f i PINPad.obj
 0001:00004f1c       ?DoVerbPrimary@?$IOleObjectImpl@VCOPOSPINPad@@@ATL@@QAEJPBUtagRECT@@PAUHWND__@@@Z 10005f1c f i PINPad.obj
 0001:00004fa8       ?DoVerbProperties@CComControlBase@ATL@@QAEJPBUtagRECT@@PAUHWND__@@@Z 10005fa8 f i PINPad.obj
 0001:000050cf       ?DoVerbShow@?$IOleObjectImpl@VCOPOSPINPad@@@ATL@@QAEJPBUtagRECT@@PAUHWND__@@@Z 100060cf f i PINPad.obj
 0001:000050f4       ?DoVerbUIActivate@?$IOleObjectImpl@VCOPOSPINPad@@@ATL@@QAEJPBUtagRECT@@PAUHWND__@@@Z 100060f4 f i PINPad.obj
 0001:00005131       ?DoesVerbActivate@CComControlBase@ATL@@QAEHJ@Z 10006131 f i PINPad.obj
 0001:00005152       ?DoesVerbUIActivate@CComControlBase@ATL@@QAEHJ@Z 10006152 f i PINPad.obj
 0001:00005187       ?EndOfVar@CRegParser@ATL@@IAEHXZ 10006187 f i PINPad.obj
 0001:000051a7       ?EscapeSingleQuote@CAtlModule@ATL@@SAXPA_WIPB_W@Z 100061a7 f i PINPad.obj
 0001:000051f6       ?FindKey@?$CSimpleMap@PA_WPA_WVCExpansionVectorEqualHelper@ATL@@@ATL@@QBEHABQA_W@Z 100061f6 f i PINPad.obj
 0001:0000522d       ?FireTheEvent@?$CProxy_IOPOSEvents@VCOPOSPINPad@@@@IAEXPAVOposVariant@@IAAJPB_WJ@Z 1000622d f i PINPad.obj
 0001:000052bf       ?FireViewChange@CComControlBase@ATL@@QAEJXZ 100062bf f i PINPad.obj
 0001:00005308       ?Fire_DataEvent@?$CProxy_IOPOSEvents@VCOPOSPINPad@@@@QAEXJ@Z 10006308 f i PINPad.obj
 0001:00005394       ?Fire_DirectIOEvent@?$CProxy_IOPOSEvents@VCOPOSPINPad@@@@QAEXJPAJPAPA_W@Z 10006394 f i PINPad.obj
 0001:0000547a       ?Fire_ErrorEvent@?$CProxy_IOPOSEvents@VCOPOSPINPad@@@@QAEXJJJPAJ@Z 1000647a f i PINPad.obj
 0001:00005561       ?Fire_StatusUpdateEvent@?$CProxy_IOPOSEvents@VCOPOSPINPad@@@@QAEXJ@Z 10006561 f i PINPad.obj
 0001:000055ed       ?FreeHeap@?$CTempBuffer@_W$0BAA@VCCRTAllocator@ATL@@@ATL@@AAEXXZ 100065ed f i PINPad.obj
 0001:000055ed       ?FreeHeap@?$CTempBuffer@E$0BAA@VCCRTAllocator@ATL@@@ATL@@AAEXXZ 100065ed f i PINPad.obj
 0001:000055ed       ?FreeHeap@?$CTempBuffer@_W$0EAA@VCCRTAllocator@ATL@@@ATL@@AAEXXZ 100065ed f i PINPad.obj
 0001:000055f6       ?GetAmbientLocaleID@CComControlBase@ATL@@QAEJAAK@Z 100065f6 f i PINPad.obj
 0001:00005652       ?GetAmbientUserMode@CComControlBase@ATL@@QAEJAAH@Z 10006652 f i PINPad.obj
 0001:000056c2       ?GetAt@CComDynamicUnkArray@ATL@@QAEPAUIUnknown@@H@Z 100066c2 f i PINPad.obj
 0001:000056de       ?GetClassObject@CComModule@ATL@@QAEJABU_GUID@@0PAPAX@Z 100066de f i PINPad.obj
 0001:00005780       ?GetConnMap@COPOSPINPad@@SAPBU_ATL_CONNMAP_ENTRY@ATL@@PAH@Z 10006780 f i PINPad.obj
 0001:000057f0       ?GetCookie@CComDynamicUnkArray@ATL@@QAGKPAPAUIUnknown@@@Z 100067f0 f i PINPad.obj
 0001:00005828       ?GetIDsOfNames@CComTypeInfoHolder@ATL@@QAEJABU_GUID@@PAPA_WIKPAJ@Z 10006828 f i PINPad.obj
 0001:00005936       ?GetKeyAt@?$CSimpleMap@PA_WPA_WVCExpansionVectorEqualHelper@ATL@@@ATL@@QBEAAPA_WH@Z 10006936 f i PINPad.obj
 0001:0000595b       ?GetPagesHelper@?$ISpecifyPropertyPagesImpl@VCOPOSPINPad@@@ATL@@IAEJPAUtagCAUUID@@PBUATL_PROPMAP_ENTRY@2@@Z 1000695b f i PINPad.obj
 0001:00005a82       ?GetProperty@?$CComPtr@UIDispatch@@@ATL@@SAJPAUIDispatch@@JPAUtagVARIANT@@@Z 10006a82 f i PINPad.obj
 0001:00005ad1       ?GetSizeMax@CComVariant@ATL@@QBEJPAT_ULARGE_INTEGER@@@Z 10006ad1 f i PINPad.obj
 0001:00005c8b       ?GetStreamSize@CComBSTR@ATL@@SAKPA_W@Z 10006c8b f i PINPad.obj
 0001:00005ca5       ?GetTI@CComTypeInfoHolder@ATL@@QAEJK@Z 10006ca5 f i PINPad.obj
 0001:00005e8e       ?GetTI@CComTypeInfoHolder@ATL@@QAEJKPAPAUITypeInfo@@@Z 10006e8e f i PINPad.obj
 0001:00005ed0       ?GetUnknown@CComDynamicUnkArray@ATL@@QAGPAUIUnknown@@K@Z 10006ed0 f i PINPad.obj
 0001:00005ef1       ?GetValueAt@?$CSimpleMap@PA_WPA_WVCExpansionVectorEqualHelper@ATL@@@ATL@@QBEAAPA_WH@Z 10006ef1 f i PINPad.obj
 0001:00005f17       ?GetZoomInfo@CComControlBase@ATL@@QAEXAAUATL_DRAWINFO@@@Z 10006f17 f i PINPad.obj
 0001:00005faa       ?HKeyFromString@CRegParser@ATL@@KAPAUHKEY__@@PA_W@Z 10006faa f i PINPad.obj
 0001:00005fd8       ?HasSubKeys@CRegParser@ATL@@IAEHPAUHKEY__@@@Z 10006fd8 f i PINPad.obj
 0001:0000600d       ?IDataObject_GetData@CComControlBase@ATL@@QAEJPAUtagFORMATETC@@PAUtagSTGMEDIUM@@@Z 1000700d f i PINPad.obj
 0001:000061b3       ?IOleInPlaceObject_InPlaceDeactivate@CComControlBase@ATL@@QAEJXZ 100071b3 f i PINPad.obj
 0001:0000623a       ?IOleInPlaceObject_SetObjectRects@CComControlBase@ATL@@QAEJPBUtagRECT@@0@Z 1000723a f i PINPad.obj
 0001:00006307       ?IOleInPlaceObject_UIDeactivate@CComControlBase@ATL@@QAEJXZ 10007307 f i PINPad.obj
 0001:000063c9       ?IOleObject_Advise@CComControlBase@ATL@@QAEJPAUIAdviseSink@@PAK@Z 100073c9 f i PINPad.obj
 0001:000063f3       ?IOleObject_Close@CComControlBase@ATL@@QAEJK@Z 100073f3 f i PINPad.obj
 0001:000064d7       ?IOleObject_GetClientSite@CComControlBase@ATL@@QAEJPAPAUIOleClientSite@@@Z 100074d7 f i PINPad.obj
 0001:00006500       ?IOleObject_SetClientSite@CComControlBase@ATL@@QAEJPAUIOleClientSite@@@Z 10007500 f i PINPad.obj
 0001:0000653f       ?IOleObject_SetExtent@CComControlBase@ATL@@QAEJKPAUtagSIZE@@@Z 1000753f f i PINPad.obj
 0001:000065f3       ?IPSI_GetIPersistStreamInit@?$IPersistStorageImpl@VCOPOSPINPad@@@ATL@@AAEPAUIPersistStreamInit@@XZ 100075f3 f i PINPad.obj
 0001:00006635       ?IPersistStreamInit_Load@?$IPersistStreamInitImpl@VCOPOSPINPad@@@ATL@@QAEJPAUIStream@@PBUATL_PROPMAP_ENTRY@2@@Z 10007635 f i PINPad.obj
 0001:00006661       ?IPersistStreamInit_Save@?$IPersistStreamInitImpl@VCOPOSPINPad@@@ATL@@QAEJPAUIStream@@HPBUATL_PROPMAP_ENTRY@2@@Z 10007661 f i PINPad.obj
 0001:00006696       ?IQuickActivate_QuickActivate@CComControlBase@ATL@@QAEJPAUtagQACONTAINER@@PAUtagQACONTROL@@@Z 10007696 f i PINPad.obj
 0001:000068d8       ?IViewObject_Draw@CComControlBase@ATL@@QAEJKJPAXPAUtagDVTARGETDEVICE@@PAUHDC__@@2PBU_RECTL@@3@Z 100078d8 f i PINPad.obj
 0001:00006980       ?InPlaceActivate@CComControlBase@ATL@@QAEJJPBUtagRECT@@@Z 10007980 f i PINPad.obj
 0001:00006bf1       ?Init@?$CComEnumImpl@UIEnumConnectionPoints@@$1?_GUID_b196b285_bab4_101a_b69c_00aa00341d07@@3U__s_GUID@@BPAUIConnectionPoint@@V?$_CopyInterface@UIConnectionPoint@@@ATL@@@ATL@@QAEJPAPAUIConnectionPoint@@0PAUIUnknown@@W4CComEnumFlags@2@@Z 10007bf1 f i PINPad.obj
 0001:00006cd0       ?Init@?$CComEnumImpl@UIEnumConnections@@$1?_GUID_b196b287_bab4_101a_b69c_00aa00341d07@@3U__s_GUID@@BUtagCONNECTDATA@@V?$_Copy@UtagCONNECTDATA@@@ATL@@@ATL@@QAEJPAUtagCONNECTDATA@@0PAUIUnknown@@W4CComEnumFlags@2@@Z 10007cd0 f i PINPad.obj
 0001:00006daf       ?Init@CComModule@ATL@@QAEJPAU_ATL_OBJMAP_ENTRY30@2@PAUHINSTANCE__@@PBU_GUID@@@Z 10007daf f i PINPad.obj
 0001:00006e0e       ?Init@CDynamicStdCallThunk2@ATL@@QAEHKPAX@Z 10007e0e f i PINPad.obj
 0001:00006e39       ?InlineIsEqualUnknown@ATL@@YGHABU_GUID@@@Z 10007e39 f i PINPad.obj
 0001:00006e61       ?InternalGetSite@CComControlBase@ATL@@QAEJABU_GUID@@PAPAX@Z 10007e61 f i PINPad.obj
 0001:00006e8f       ?InternalSetAtIndex@?$CSimpleMap@PA_WPA_WVCExpansionVectorEqualHelper@ATL@@@ATL@@QAEXHABQA_W0@Z 10007e8f f i PINPad.obj
 0001:00006eb9       ?Invoke@CComTypeInfoHolder@ATL@@QAEJPAUIDispatch@@JABU_GUID@@KGPAUtagDISPPARAMS@@PAUtagVARIANT@@PAUtagEXCEPINFO@@PAI@Z 10007eb9 f i PINPad.obj
 0001:00006efc       ?IsEqualObject@?$CComPtrBase@UITypeInfo@@@ATL@@QAE_NPAUIUnknown@@@Z 10007efc f i PINPad.obj
 0001:00006efc       ?IsEqualObject@?$CComPtrBase@UIOleClientSite@@@ATL@@QAE_NPAUIUnknown@@@Z 10007efc f i PINPad.obj
 0001:00006f69       ?IsSpace@CRegParser@ATL@@IAEH_W@Z 10007f69 f i PINPad.obj
 0001:00006f93       ?LoadNameCache@CComTypeInfoHolder@ATL@@QAEJPAUITypeInfo@@@Z 10007f93 f i PINPad.obj
 0001:000070e1       ?Lookup@?$CSimpleMap@PA_WPA_WVCExpansionVectorEqualHelper@ATL@@@ATL@@QBEPA_WABQA_W@Z 100080e1 f i PINPad.obj
 0001:00007107       ?NextToken@CRegParser@ATL@@IAEJPA_W@Z 10008107 f i PINPad.obj
 0001:0000723f       ?OnKillFocus@CComControlBase@ATL@@QAEJIIJAAH@Z 1000823f f i PINPad.obj
 0001:0000729a       ?OnMouseActivate@CComControlBase@ATL@@QAEJIIJAAH@Z 1000829a f i PINPad.obj
 0001:00007308       ?OnPaint@CComControlBase@ATL@@QAEJIIJAAH@Z 10008308 f i PINPad.obj
 0001:000073ba       ?OnSetFocus@CComControlBase@ATL@@QAEJIIJAAH@Z 100083ba f i PINPad.obj
 0001:00007443       ?Open@CRegKey@ATL@@QAEJPAUHKEY__@@PB_WK@Z 10008443 f i PINPad.obj
 0001:00007498       ?PreProcessBuffer@CRegParser@ATL@@QAEJPA_WPAPA_W@Z 10008498 f i PINPad.obj
 0001:00007702       ?ProcessWindowMessage@?$CComControl@VCOPOSPINPad@@V?$CWindowImpl@VCOPOSPINPad@@VCWindow@ATL@@V?$CWinTraits@$0FGAAAAAA@$0A@@3@@ATL@@@ATL@@UAEHPAUHWND__@@IIJAAJK@Z 10008702 f i PINPad.obj
 0001:000077a1       ?PutProperty@?$CComPtr@UIDispatch@@@ATL@@SAJPAUIDispatch@@JPAUtagVARIANT@@@Z 100087a1 f i PINPad.obj
 0001:00007833       ?ReadFromStream@CComBSTR@ATL@@QAEJPAUIStream@@@Z 10008833 f i PINPad.obj
 0001:00007961       ?ReadFromStream@CComVariant@ATL@@QAEJPAUIStream@@GTClassesAllowedInStream@2@K@Z 10008961 f i PINPad.obj
 0001:00007ae7       ?RecurseDeleteKey@CRegKey@ATL@@QAEJPB_W@Z 10008ae7 f i PINPad.obj
 0001:00007ba9       ?RegCreateKeyExW@CAtlTransactionManager@ATL@@QAEJPAUHKEY__@@PB_WKPA_WKKQAU_SECURITY_ATTRIBUTES@@PAPAU3@PAK@Z 10008ba9 f i PINPad.obj
 0001:00007c0c       ?RegDeleteKeyW@CAtlTransactionManager@ATL@@QAEJPAUHKEY__@@PB_W@Z 10008c0c f i PINPad.obj
 0001:00007c5e       ?RegOpenKeyExW@CAtlTransactionManager@ATL@@QAEJPAUHKEY__@@PB_WKKPAPAU3@@Z 10008c5e f i PINPad.obj
 0001:00007cb5       ?Register@_ATL_WNDCLASSINFOW@ATL@@QAEGPAP6GJPAUHWND__@@IIJ@Z@Z 10008cb5 f i PINPad.obj
 0001:00007cd5       ?RegisterBuffer@CRegParser@ATL@@QAEJPA_WH@Z 10008cd5 f i PINPad.obj
 0001:00007e0e       ?RegisterFromResource@CRegObject@ATL@@IAEJPB_W00H@Z 10008e0e f i PINPad.obj
 0001:00007f44       ?RegisterServer@?$CAtlModuleT@VCComModule@ATL@@@ATL@@QAEJHPBU_GUID@@@Z 10008f44 f i PINPad.obj
 0001:00007f72       ?RegisterServer@CComModule@ATL@@QAEJHPBU_GUID@@@Z 10008f72 f i PINPad.obj
 0001:00007fe8       ?RegisterSubkeys@CRegParser@ATL@@IAEJPA_WPAUHKEY__@@HH@Z 10008fe8 f i PINPad.obj
 0001:000085ba       ?Remove@CComDynamicUnkArray@ATL@@QAEHK@Z 100095ba f i PINPad.obj
 0001:000085e3       ?RemoveAll@?$CSimpleMap@PA_WPA_WVCExpansionVectorEqualHelper@ATL@@@ATL@@QAEXXZ 100095e3 f i PINPad.obj
 0001:0000860f       ?ResourceRegisterSz@CRegObject@ATL@@QAGJPB_W00@Z 1000960f f i PINPad.obj
 0001:0000863c       ?ResourceUnregisterSz@CRegObject@ATL@@QAGJPB_W00@Z 1000963c f i PINPad.obj
 0001:00008669       ?SendOnDataChange@CComControlBase@ATL@@QAEJK@Z 10009669 f i PINPad.obj
 0001:000086b6       ?SetControlFocus@CComControlBase@ATL@@QAEHH@Z 100096b6 f i PINPad.obj
 0001:00008753       ?SetMultiStringValue@CRegKey@ATL@@QAEJPB_W0@Z 10009753 f i PINPad.obj
 0001:000087af       ?SetStringValue@CRegKey@ATL@@QAEJPB_W0K@Z 100097af f i PINPad.obj
 0001:000087f8       ?SkipAssignment@CRegParser@ATL@@IAEJPA_W@Z 100097f8 f i PINPad.obj
 0001:0000885d       ?SkipWhiteSpace@CRegParser@ATL@@IAEXXZ 1000985d f i PINPad.obj
 0001:0000887f       ?StrChrW@CRegParser@ATL@@KAPA_WPA_W_W@Z 1000987f f i PINPad.obj
 0001:000088bc       ?Term@CAtlModule@ATL@@QAEXXZ 100098bc f i PINPad.obj
 0001:000088f5       ?Term@CComModule@ATL@@QAEXXZ 100098f5 f i PINPad.obj
 0001:0000894d       ?UnregisterServer@?$CAtlModuleT@VCComModule@ATL@@@ATL@@QAEJHPBU_GUID@@@Z 1000994d f i PINPad.obj
 0001:00008973       ?UnregisterServer@CComModule@ATL@@QAEJHPBU_GUID@@@Z 10009973 f i PINPad.obj
 0001:000089e9       ?UpdateRegistryFromResource@CAtlModule@ATL@@QAGJIHPAU_ATL_REGMAP_ENTRY@2@@Z 100099e9 f i PINPad.obj
 0001:00008bb4       ?UpdateRegistryFromResource@CAtlModule@ATL@@QAGJPB_WHPAU_ATL_REGMAP_ENTRY@2@@Z 10009bb4 f i PINPad.obj
 0001:00008d85       ?VTFromRegType@CRegParser@ATL@@KAHPB_WAAG@Z 10009d85 f i PINPad.obj
 0001:00008df2       ?WindowProc@?$CWindowImplBaseT@VCWindow@ATL@@V?$CWinTraits@$0FGAAAAAA@$0A@@2@@ATL@@SGJPAUHWND__@@IIJ@Z 10009df2 f i PINPad.obj
 0001:00008ee4       ?WriteToStream@CComBSTR@ATL@@QAEJPAUIStream@@@Z 10009ee4 f i PINPad.obj
 0001:00008f3b       ?WriteToStream@CComVariant@ATL@@QAEJPAUIStream@@@Z 10009f3b f i PINPad.obj
 0001:000090b5       ?WriteToStream@CComVariant@ATL@@QAEJPAUIStream@@G@Z 1000a0b5 f i PINPad.obj
 0001:0000911e       ?_AtlInitialConstruct@?$CComObjectRootEx@VCComMultiThreadModel@ATL@@@ATL@@QAEJXZ 1000a11e f i PINPad.obj
 0001:00009133       ?_AtlVerifyStackAvailable@_ATL_SAFE_ALLOCA_IMPL@ATL@@YA_NK@Z 1000a133 f i PINPad.obj
 0001:000091b1       ?atlCreate@?$CWindowImpl@VCOPOSPINPad@@VCWindow@ATL@@V?$CWinTraits@$0FGAAAAAA@$0A@@3@@ATL@@QAEPAUHWND__@@PAU3@V_U_RECT@2@PB_WKKV_U_MENUorID@2@PAX@Z 1000a1b1 f i PINPad.obj
 0001:000091f5       ?atlCreate@?$CWindowImplBaseT@VCWindow@ATL@@V?$CWinTraits@$0FGAAAAAA@$0A@@2@@ATL@@QAEPAUHWND__@@PAU3@V_U_RECT@2@PB_WKKV_U_MENUorID@2@GPAX@Z 1000a1f5 f i PINPad.obj
 0001:00009291       ?atlCreate@CRegKey@ATL@@QAEJPAUHKEY__@@PB_WPA_WKKPAU_SECURITY_ATTRIBUTES@@PAK@Z 1000a291 f i PINPad.obj
 0001:00009300       ?copy@?$_Copy@UtagCONNECTDATA@@@ATL@@SAJPAUtagCONNECTDATA@@PBU3@@Z 1000a300 f i PINPad.obj
 0001:00009336       ?copy@?$_CopyInterface@UIConnectionPoint@@@ATL@@SAJPAPAUIConnectionPoint@@PBQAU3@@Z 1000a336 f i PINPad.obj
 0001:00009364       ?memcpy_s@Checked@ATL@@YAXPAXIPBXI@Z 1000a364 f i PINPad.obj
 0001:00009383       ?ocscpy_s@@YA_NPA_WIPB_W@Z 1000a383 f i PINPad.obj
 0001:000093b2       ?ocslen@@YAHPB_W@Z         1000a3b2 f i PINPad.obj
 0001:000093d2       ?wcscpy_s@Checked@ATL@@YAXPA_WIPB_W@Z 1000a3d2 f i PINPad.obj
 0001:000093ee       _DllCanUnloadNow@0         1000a3ee f   PINPad.obj
 0001:000093fa       _DllGetClassObject@12      1000a3fa f   PINPad.obj
 0001:00009408       _DllMain@12                1000a408 f   PINPad.obj
 0001:0000944a       _DllRegisterServer@0       1000a44a f   PINPad.obj
 0001:00009459       _DllUnregisterServer@0     1000a459 f   PINPad.obj
 0001:00009468       _InlineIsEqualGUID         1000a468 f i PINPad.obj
 0001:00009498       ___local_stdio_printf_options 1000a498 f i PINPad.obj
 0001:0000949e       __vswprintf_s_l            1000a49e f i PINPad.obj
 0001:0000954b       _swprintf_s                1000a54b f i PINPad.obj
 0001:00009567       ??0?$CComControl@VCOPOSPINPad@@V?$CWindowImpl@VCOPOSPINPad@@VCWindow@ATL@@V?$CWinTraits@$0FGAAAAAA@$0A@@3@@ATL@@@ATL@@QAE@XZ 1000a567 f i PINPadImpl.obj
 0001:0000958e       ??0?$CProxy_IOPOSEvents@VCOPOSPINPad@@@@QAE@XZ 1000a58e f i PINPadImpl.obj
 0001:000095ae       ??0CComControlBase@ATL@@QAE@AAPAUHWND__@@@Z 1000a5ae f i PINPadImpl.obj
 0001:000095f8       ??0COPOSPINPad@@QAE@XZ     1000a5f8 f   PINPadImpl.obj
 0001:0000962e       ??1?$CComControl@VCOPOSPINPad@@V?$CWindowImpl@VCOPOSPINPad@@VCWindow@ATL@@V?$CWinTraits@$0FGAAAAAA@$0A@@3@@ATL@@@ATL@@UAE@XZ 1000a62e f i PINPadImpl.obj
 0001:00009647       ??1?$IConnectionPointImpl@VCOPOSPINPad@@$1?DIID__IOPOSPINPadEvents@@3U_GUID@@BVCComDynamicUnkArray@ATL@@@ATL@@QAE@XZ 1000a647 f i PINPadImpl.obj
 0001:00009647       ??1?$IConnectionPointImpl@VCOPOSPINPad@@$1?IID_IPropertyNotifySink@@3U_GUID@@BVCComDynamicUnkArray@ATL@@@ATL@@QAE@XZ 1000a647 f i PINPadImpl.obj
 0001:00009684       ??1CComControlBase@ATL@@UAE@XZ 1000a684 f i PINPadImpl.obj
 0001:000096e7       ??1COPOSPINPad@@UAE@XZ     1000a6e7 f   PINPadImpl.obj
 0001:0000972f       ??1OposVariantResult@@QAE@XZ 1000a72f f i PINPadImpl.obj
 0001:00009750       ??1_CW@@QAE@XZ             1000a750 f i PINPadImpl.obj
 0001:00009769       ?BeginEFTTransaction@COPOSPINPad@@UAGJPA_WJPAJ@Z 1000a769 f   PINPadImpl.obj
 0001:000097e5       ?CheckHealth@COPOSPINPad@@UAGJJPAJ@Z 1000a7e5 f   PINPadImpl.obj
 0001:00009834       ?ClaimDevice@COPOSPINPad@@UAGJJPAJ@Z 1000a834 f   PINPadImpl.obj
 0001:000098a9       ?ClearInput@COPOSPINPad@@UAGJPAJ@Z 1000a8a9 f   PINPadImpl.obj
 0001:000098c4       ?ClearInputProperties@COPOSPINPad@@UAGJPAJ@Z 1000a8c4 f   PINPadImpl.obj
 0001:000098df       ?Close@COPOSPINPad@@UAGJPAJ@Z 1000a8df f   PINPadImpl.obj
 0001:0000994d       ?CompareFirmwareVersion@COPOSPINPad@@UAGJPA_WPAJ1@Z 1000a94d f   PINPadImpl.obj
 0001:000099cd       ?ComputeMAC@COPOSPINPad@@UAGJPA_WPAPA_WPAJ@Z 1000a9cd f   PINPadImpl.obj
 0001:00009a4d       ?DirectIO@COPOSPINPad@@UAGJJPAJPAPA_W0@Z 1000aa4d f   PINPadImpl.obj
 0001:00009afb       ?DoInvoke@COPOSPINPad@@IAEJJPAVOposVariant@@IHPAJ_N@Z 1000aafb f   PINPadImpl.obj
 0001:00009bbd       ?EnablePINEntry@COPOSPINPad@@UAGJPAJ@Z 1000abbd f   PINPadImpl.obj
 0001:00009bd8       ?EndEFTTransaction@COPOSPINPad@@UAGJJPAJ@Z 1000abd8 f   PINPadImpl.obj
 0001:00009c27       ?EventClose@COPOSPINPad@@IAEXXZ 1000ac27 f i PINPadImpl.obj
 0001:00009c5a       ?EventInit@COPOSPINPad@@IAEJXZ 1000ac5a f i PINPadImpl.obj
 0001:00009d26       ?EventUninit@COPOSPINPad@@IAEXXZ 1000ad26 f i PINPadImpl.obj
 0001:00009d78       ?EventWindowProc@COPOSPINPad@@IAGJIIJ@Z 1000ad78 f i PINPadImpl.obj
 0001:00009e4c       ?FinalConstruct@COPOSPINPad@@QAEJXZ 1000ae4c f   PINPadImpl.obj
 0001:00009e85       ?FireEventCleanup@COPOSPINPad@@IAEXXZ 1000ae85 f i PINPadImpl.obj
 0001:00009e9b       ?FireEventSetup@COPOSPINPad@@IAE_NXZ 1000ae9b f i PINPadImpl.obj
 0001:00009ecf       ?FreezeEvents@COPOSPINPad@@MAGJH@Z 1000aecf f   PINPadImpl.obj
 0001:00009f2f       ?GetOposProp@COPOSPINPad@@IAEJJPAFJ@Z 1000af2f f   PINPadImpl.obj
 0001:00009f52       ?GetOposProp@COPOSPINPad@@IAEJJPAJJ@Z 1000af52 f   PINPadImpl.obj
 0001:0000a010       ?GetOposProp@COPOSPINPad@@IAEJJPAPA_WJ@Z 1000b010 f   PINPadImpl.obj
 0001:0000a0db       ?OnDraw@COPOSPINPad@@MAEJAAUATL_DRAWINFO@@@Z 1000b0db f   PINPadImpl.obj
 0001:0000a17b       ?Open@COPOSPINPad@@UAGJPA_WPAJ@Z 1000b17b f   PINPadImpl.obj
 0001:0000a918       ?ReleaseDevice@COPOSPINPad@@UAGJPAJ@Z 1000b918 f   PINPadImpl.obj
 0001:0000a967       ?ResetStatistics@COPOSPINPad@@UAGJPA_WPAJ@Z 1000b967 f   PINPadImpl.obj
 0001:0000a9be       ?RetrieveStatistics@COPOSPINPad@@UAGJPAPA_WPAJ@Z 1000b9be f   PINPadImpl.obj
 0001:0000aa15       ?SOProcessID@COPOSPINPad@@UAGJPAJ@Z 1000ba15 f   PINPadImpl.obj
 0001:0000aa29       ?SetCOFreezeEvents@COPOSPINPad@@IAEXF@Z 1000ba29 f   PINPadImpl.obj
 0001:0000aab4       ?SetOposProp@COPOSPINPad@@IAEJJJJ@Z 1000bab4 f   PINPadImpl.obj
 0001:0000ab92       ?SetOposProp@COPOSPINPad@@IAEJJPA_WJ@Z 1000bb92 f   PINPadImpl.obj
 0001:0000ac7e       ?UpdateFirmware@COPOSPINPad@@UAGJPA_WPAJ@Z 1000bc7e f   PINPadImpl.obj
 0001:0000acd5       ?UpdateKey@COPOSPINPad@@UAGJJPA_WPAJ@Z 1000bcd5 f   PINPadImpl.obj
 0001:0000ad51       ?UpdateStatistics@COPOSPINPad@@UAGJPA_WPAJ@Z 1000bd51 f   PINPadImpl.obj
 0001:0000ada8       ?VerifyMAC@COPOSPINPad@@UAGJPA_WPAJ@Z 1000bda8 f   PINPadImpl.obj
 0001:0000adff       ?get_AccountNumber@COPOSPINPad@@UAGJPAPA_W@Z 1000bdff f   PINPadImpl.obj
 0001:0000ae18       ?get_AdditionalSecurityInformation@COPOSPINPad@@UAGJPAPA_W@Z 1000be18 f   PINPadImpl.obj
 0001:0000ae31       ?get_Amount@COPOSPINPad@@UAGJPATtagCY@@@Z 1000be31 f   PINPadImpl.obj
 0001:0000aec2       ?get_AvailableLanguagesList@COPOSPINPad@@UAGJPAPA_W@Z 1000bec2 f   PINPadImpl.obj
 0001:0000aedb       ?get_AvailablePromptsList@COPOSPINPad@@UAGJPAPA_W@Z 1000bedb f   PINPadImpl.obj
 0001:0000aef4       ?get_BinaryConversion@COPOSPINPad@@UAGJPAJ@Z 1000bef4 f   PINPadImpl.obj
 0001:0000af0a       ?get_CapCompareFirmwareVersion@COPOSPINPad@@UAGJPAF@Z 1000bf0a f   PINPadImpl.obj
 0001:0000af23       ?get_CapDisplay@COPOSPINPad@@UAGJPAJ@Z 1000bf23 f   PINPadImpl.obj
 0001:0000af3c       ?get_CapKeyboard@COPOSPINPad@@UAGJPAF@Z 1000bf3c f   PINPadImpl.obj
 0001:0000af55       ?get_CapLanguage@COPOSPINPad@@UAGJPAJ@Z 1000bf55 f   PINPadImpl.obj
 0001:0000af6e       ?get_CapMACCalculation@COPOSPINPad@@UAGJPAF@Z 1000bf6e f   PINPadImpl.obj
 0001:0000af87       ?get_CapPowerReporting@COPOSPINPad@@UAGJPAJ@Z 1000bf87 f   PINPadImpl.obj
 0001:0000afa0       ?get_CapStatisticsReporting@COPOSPINPad@@UAGJPAF@Z 1000bfa0 f   PINPadImpl.obj
 0001:0000afb9       ?get_CapTone@COPOSPINPad@@UAGJPAF@Z 1000bfb9 f   PINPadImpl.obj
 0001:0000afd2       ?get_CapUpdateFirmware@COPOSPINPad@@UAGJPAF@Z 1000bfd2 f   PINPadImpl.obj
 0001:0000afeb       ?get_CapUpdateStatistics@COPOSPINPad@@UAGJPAF@Z 1000bfeb f   PINPadImpl.obj
 0001:0000b004       ?get_CheckHealthText@COPOSPINPad@@UAGJPAPA_W@Z 1000c004 f   PINPadImpl.obj
 0001:0000b01d       ?get_Claimed@COPOSPINPad@@UAGJPAF@Z 1000c01d f   PINPadImpl.obj
 0001:0000b033       ?get_ControlObjectDescription@COPOSPINPad@@UAGJPAPA_W@Z 1000c033 f   PINPadImpl.obj
 0001:0000b070       ?get_ControlObjectVersion@COPOSPINPad@@UAGJPAJ@Z 1000c070 f   PINPadImpl.obj
 0001:0000b083       ?get_DataCount@COPOSPINPad@@UAGJPAJ@Z 1000c083 f   PINPadImpl.obj
 0001:0000b099       ?get_DataEventEnabled@COPOSPINPad@@UAGJPAF@Z 1000c099 f   PINPadImpl.obj
 0001:0000b0af       ?get_DeviceDescription@COPOSPINPad@@UAGJPAPA_W@Z 1000c0af f   PINPadImpl.obj
 0001:0000b0c8       ?get_DeviceEnabled@COPOSPINPad@@UAGJPAF@Z 1000c0c8 f   PINPadImpl.obj
 0001:0000b0de       ?get_DeviceName@COPOSPINPad@@UAGJPAPA_W@Z 1000c0de f   PINPadImpl.obj
 0001:0000b0f7       ?get_EncryptedPIN@COPOSPINPad@@UAGJPAPA_W@Z 1000c0f7 f   PINPadImpl.obj
 0001:0000b110       ?get_FreezeEvents@COPOSPINPad@@UAGJPAF@Z 1000c110 f   PINPadImpl.obj
 0001:0000b126       ?get_MaximumPINLength@COPOSPINPad@@UAGJPAJ@Z 1000c126 f   PINPadImpl.obj
 0001:0000b13f       ?get_MerchantID@COPOSPINPad@@UAGJPAPA_W@Z 1000c13f f   PINPadImpl.obj
 0001:0000b158       ?get_MinimumPINLength@COPOSPINPad@@UAGJPAJ@Z 1000c158 f   PINPadImpl.obj
 0001:0000b171       ?get_OpenResult@COPOSPINPad@@UAGJPAJ@Z 1000c171 f   PINPadImpl.obj
 0001:0000b188       ?get_PINEntryEnabled@COPOSPINPad@@UAGJPAF@Z 1000c188 f   PINPadImpl.obj
 0001:0000b1a1       ?get_PowerNotify@COPOSPINPad@@UAGJPAJ@Z 1000c1a1 f   PINPadImpl.obj
 0001:0000b1b7       ?get_PowerState@COPOSPINPad@@UAGJPAJ@Z 1000c1b7 f   PINPadImpl.obj
 0001:0000b1cd       ?get_Prompt@COPOSPINPad@@UAGJPAJ@Z 1000c1cd f   PINPadImpl.obj
 0001:0000b1e6       ?get_PromptLanguage@COPOSPINPad@@UAGJPAJ@Z 1000c1e6 f   PINPadImpl.obj
 0001:0000b1ff       ?get_ResultCode@COPOSPINPad@@UAGJPAJ@Z 1000c1ff f   PINPadImpl.obj
 0001:0000b23d       ?get_ResultCodeExtended@COPOSPINPad@@UAGJPAJ@Z 1000c23d f   PINPadImpl.obj
 0001:0000b253       ?get_ServiceObjectDescription@COPOSPINPad@@UAGJPAPA_W@Z 1000c253 f   PINPadImpl.obj
 0001:0000b26c       ?get_ServiceObjectVersion@COPOSPINPad@@UAGJPAJ@Z 1000c26c f   PINPadImpl.obj
 0001:0000b282       ?get_State@COPOSPINPad@@UAGJPAJ@Z 1000c282 f   PINPadImpl.obj
 0001:0000b2ae       ?get_TerminalID@COPOSPINPad@@UAGJPAPA_W@Z 1000c2ae f   PINPadImpl.obj
 0001:0000b2c7       ?get_Track1Data@COPOSPINPad@@UAGJPAPA_W@Z 1000c2c7 f   PINPadImpl.obj
 0001:0000b2e0       ?get_Track2Data@COPOSPINPad@@UAGJPAPA_W@Z 1000c2e0 f   PINPadImpl.obj
 0001:0000b2f9       ?get_Track3Data@COPOSPINPad@@UAGJPAPA_W@Z 1000c2f9 f   PINPadImpl.obj
 0001:0000b312       ?get_Track4Data@COPOSPINPad@@UAGJPAPA_W@Z 1000c312 f   PINPadImpl.obj
 0001:0000b32b       ?get_TransactionType@COPOSPINPad@@UAGJPAJ@Z 1000c32b f   PINPadImpl.obj
 0001:0000b344       ?put_AccountNumber@COPOSPINPad@@UAGJPA_W@Z 1000c344 f   PINPadImpl.obj
 0001:0000b35d       ?put_Amount@COPOSPINPad@@UAGJTtagCY@@@Z 1000c35d f   PINPadImpl.obj
 0001:0000b3fe       ?put_BinaryConversion@COPOSPINPad@@UAGJJ@Z 1000c3fe f   PINPadImpl.obj
 0001:0000b414       ?put_DataEventEnabled@COPOSPINPad@@UAGJF@Z 1000c414 f   PINPadImpl.obj
 0001:0000b431       ?put_DeviceEnabled@COPOSPINPad@@UAGJF@Z 1000c431 f   PINPadImpl.obj
 0001:0000b44e       ?put_FreezeEvents@COPOSPINPad@@UAGJF@Z 1000c44e f   PINPadImpl.obj
 0001:0000b49a       ?put_MaximumPINLength@COPOSPINPad@@UAGJJ@Z 1000c49a f   PINPadImpl.obj
 0001:0000b4b3       ?put_MerchantID@COPOSPINPad@@UAGJPA_W@Z 1000c4b3 f   PINPadImpl.obj
 0001:0000b4cc       ?put_MinimumPINLength@COPOSPINPad@@UAGJJ@Z 1000c4cc f   PINPadImpl.obj
 0001:0000b4e5       ?put_PowerNotify@COPOSPINPad@@UAGJJ@Z 1000c4e5 f   PINPadImpl.obj
 0001:0000b4fb       ?put_Prompt@COPOSPINPad@@UAGJJ@Z 1000c4fb f   PINPadImpl.obj
 0001:0000b514       ?put_PromptLanguage@COPOSPINPad@@UAGJJ@Z 1000c514 f   PINPadImpl.obj
 0001:0000b52d       ?put_TerminalID@COPOSPINPad@@UAGJPA_W@Z 1000c52d f   PINPadImpl.obj
 0001:0000b546       ?put_Track1Data@COPOSPINPad@@UAGJPA_W@Z 1000c546 f   PINPadImpl.obj
 0001:0000b55f       ?put_Track2Data@COPOSPINPad@@UAGJPA_W@Z 1000c55f f   PINPadImpl.obj
 0001:0000b578       ?put_Track3Data@COPOSPINPad@@UAGJPA_W@Z 1000c578 f   PINPadImpl.obj
 0001:0000b591       ?put_Track4Data@COPOSPINPad@@UAGJPA_W@Z 1000c591 f   PINPadImpl.obj
 0001:0000b5aa       ?put_TransactionType@COPOSPINPad@@UAGJJ@Z 1000c5aa f   PINPadImpl.obj
 0001:0000b5c3       ?s_EventWindowProc@COPOSPINPad@@KGJPAUHWND__@@IIJ@Z 1000c5c3 f i PINPadImpl.obj
 0001:0000b615       ??_U@YAPAXI@Z              1000c615 f   LIBCMT:new_array.obj
 0001:0000b61e       ??3@YAXPAXI@Z              1000c61e f   LIBCMT:delete_scalar_size.obj
 0001:0000b62c       ??_V@YAXPAX@Z              1000c62c f   LIBCMT:delete_array.obj
 0001:0000b631       ??_V@YAXPAXI@Z             1000c631 f   LIBCMT:delete_array_size.obj
 0001:0000b683       ___scrt_acquire_startup_lock 1000c683 f   LIBCMT:utility.obj
 0001:0000b6b5       ___scrt_dllmain_after_initialize_c 1000c6b5 f   LIBCMT:utility.obj
 0001:0000b6e0       ___scrt_dllmain_before_initialize_c 1000c6e0 f   LIBCMT:utility.obj
 0001:0000b6ee       ___scrt_dllmain_crt_thread_attach 1000c6ee f   LIBCMT:utility.obj
 0001:0000b70d       ___scrt_dllmain_crt_thread_detach 1000c70d f   LIBCMT:utility.obj
 0001:0000b71a       ___scrt_dllmain_exception_filter 1000c71a f   LIBCMT:utility.obj
 0001:0000b74e       ___scrt_dllmain_uninitialize_c 1000c74e f   LIBCMT:utility.obj
 0001:0000b771       ___scrt_dllmain_uninitialize_critical 1000c771 f   LIBCMT:utility.obj
 0001:0000b77e       ___scrt_initialize_crt     1000c77e f   LIBCMT:utility.obj
 0001:0000b7b7       ___scrt_initialize_onexit_tables 1000c7b7 f   LIBCMT:utility.obj
 0001:0000b83e       ___scrt_is_nonwritable_in_current_image 1000c83e f   LIBCMT:utility.obj
 0001:0000b8d2       ___scrt_release_startup_lock 1000c8d2 f   LIBCMT:utility.obj
 0001:0000b8ef       ___scrt_uninitialize_crt   1000c8ef f   LIBCMT:utility.obj
 0001:0000b917       __onexit                   1000c917 f   LIBCMT:utility.obj
 0001:0000b944       _atexit                    1000c944 f   LIBCMT:utility.obj
 0001:0000b959       ??3@YAXPAX@Z               1000c959 f   LIBCMT:delete_scalar.obj
 0001:0000ba23       __Init_thread_footer       1000ca23 f   LIBCMT:thread_safe_statics.obj
 0001:0000ba6d       __Init_thread_header       1000ca6d f   LIBCMT:thread_safe_statics.obj
 0001:0000babf       __Init_thread_notify       1000cabf f   LIBCMT:thread_safe_statics.obj
 0001:0000baf5       __Init_thread_wait         1000caf5 f   LIBCMT:thread_safe_statics.obj
 0001:0000bb43       ___raise_securityfailure   1000cb43 f   LIBCMT:gs_report.obj
 0001:0000bb6b       ___report_gsfailure        1000cb6b f   LIBCMT:gs_report.obj
 0001:0000bc64       ___report_rangecheckfailure 1000cc64 f   LIBCMT:gs_report.obj
 0001:0000bc70       ___report_securityfailure  1000cc70 f   LIBCMT:gs_report.obj
 0001:0000bd3e       ??2@YAPAXIABUnothrow_t@std@@@Z 1000cd3e f   LIBCMT:new_scalar_nothrow.obj
 0001:0000bd8e       ??_U@YAPAXIABUnothrow_t@std@@@Z 1000cd8e f   LIBCMT:new_array_nothrow.obj
 0001:0000bd97       @__security_check_cookie@4 1000cd97 f   LIBCMT:secchk.obj
 0001:0000bdb0       __SEH_prolog4_GS           1000cdb0 f   LIBCMT:sehprolg4gs.obj
 0001:0000bdf9       __SEH_epilog4_GS           1000cdf9 f   LIBCMT:sehprolg4gs.obj
 0001:0000be10       __alloca_probe_16          1000ce10 f   LIBCMT:alloca16.obj
 0001:0000be26       __alloca_probe_8           1000ce26     LIBCMT:alloca16.obj
 0001:0000be40       __alloca_probe             1000ce40 f   LIBCMT:chkstk.obj
 0001:0000be40       __chkstk                   1000ce40 f   LIBCMT:chkstk.obj
 0001:0000c188       __DllMainCRTStartup@12     1000d188 f   LIBCMT:dll_dllmain.obj
 0001:0000c1ab       ??2@YAPAXI@Z               1000d1ab f   LIBCMT:new_scalar.obj
 0001:0000c1db       ___isa_available_init      1000d1db f   LIBCMT:cpu_disp.obj
 0001:0000c372       ___scrt_is_ucrt_dll_in_use 1000d372 f   LIBCMT:ucrt_detection.obj
 0001:0000c37e       ___scrt_fastfail           1000d37e f   LIBCMT:utility_desktop.obj
 0001:0000c498       __crt_debugger_hook        1000d498 f   LIBCMT:utility_desktop.obj
[...]
 0002:00002c34       ?candidate_modules@?1??try_get_SetThreadStackGuarantee@@YAP6GHPAK@ZXZ@4QBW4module_id@?A0x391cf84c@@B 10021c34     libucrt:winapi_thunks.obj
 0002:00002c58       ?strings@?1??fp_format_nan_or_infinity@@YAHW4__acrt_fp_class@@_NPADI1@Z@4QAY03QBDA 10021c58     libucrt:cvt.obj
 0002:000031a0       ?_mb_locale_names@@3QBQB_WB 100221a0     libucrt:mbctype.obj
 0002:000039e8       ?LcidToLocaleNameTable@?A0x881e4c05@@3QBULcidToLocaleName@1@B 100229e8     libucrt:lcidtoname_downlevel.obj
 0002:00004b10       ?LocaleNameToIndexTable@?A0x881e4c05@@3QBULocaleNameIndex@1@B 10023b10     libucrt:lcidtoname_downlevel.obj
 0002:00006368       ?large_power_indices@?1??multiply_by_power_of_ten@__crt_strtox@@YA_NAAUbig_integer@2@I@Z@4QBUunpack_index@?1??12@YA_N0I@Z@B 10025368     libucrt:cfout.obj
 0002:00006450       LOG_name                   10025450     libucrt:log10_impl.obj
 0002:00006460       _One                       10025460     libucrt:ceil_pentium4.obj
 0002:00006470       _Bns                       10025470     libucrt:ceil_pentium4.obj
 0002:00006480       _Zero                      10025480     libucrt:ceil_pentium4.obj
 0002:00006490       _S                         10025490     libucrt:ceil_pentium4.obj
 0002:000064a0       _NegZero                   100254a0     libucrt:ceil_pentium4.obj
 0002:000064b0       emask                      100254b0     libucrt:log10_pentium4.obj
 0002:000064c0       CC                         100254c0     libucrt:log10_pentium4.obj
 0002:000064d0       Magic                      100254d0     libucrt:log10_pentium4.obj
 0002:000064e0       hi_mask                    100254e0     libucrt:log10_pentium4.obj
 0002:000064f0       LOG10_2                    100254f0     libucrt:log10_pentium4.obj
 0002:00006500       place_L                    10025500     libucrt:log10_pentium4.obj
 0002:00006520       One                        10025520     libucrt:log10_pentium4.obj
 0002:00006530       Zero                       10025530     libucrt:log10_pentium4.obj
 0002:00006540       Two52                      10025540     libucrt:log10_pentium4.obj
 0002:00006550       Infs                       10025550     libucrt:log10_pentium4.obj
 0002:00006560       NaN                        10025560     libucrt:log10_pentium4.obj
 0002:00006570       coeff                      10025570     libucrt:log10_pentium4.obj
 0002:000065ce       _log2max                   100255ce     libucrt:87tran.obj
 0002:000065d8       _smallarg                  100255d8     libucrt:87tran.obj
 0002:000065e2       _half                      100255e2     libucrt:87tran.obj
 0002:0000662e       One                        1002562e     libucrt:87disp.obj
 0002:00006636       Three                      10025636     libucrt:87disp.obj
 0002:0000663e       XAMtoTagTab                1002563e     libucrt:87disp.obj
 0002:00006650       One                        10025650     libucrt:common.obj
 0002:00006664       DblMax                     10025664     libucrt:common.obj
 0002:0000666c       DblMin                     1002566c     libucrt:common.obj
 0002:00006674       IeeeAdjO                   10025674     libucrt:common.obj
 0002:0000667c       IeeeAdjU                   1002567c     libucrt:common.obj
 0002:00006684       _infinity                  10025684     libucrt:common.obj
 0002:0000668c       _zero                      1002568c     libucrt:common.obj
 0002:000066d8       _over                      100256d8     libucrt:fpctrl.obj
 0002:000066e4       _under                     100256e4     libucrt:fpctrl.obj
 0002:00006f18       ?_names@?1??_get_fname@@9@9 10025f18     libucrt:fpexcept.obj
 0002:00007768       __sehtable$?_AtlVerifyStackAvailable@_ATL_SAFE_ALLOCA_IMPL@ATL@@YA_NK@Z 10026768     PINPad.obj
 0002:00007788       __sehtable$___scrt_is_nonwritable_in_current_image 10026788     LIBCMT:utility.obj
 0002:000077a4       __catchsym$??2@YAPAXIABUnothrow_t@std@@@Z$2 100267a4     LIBCMT:new_scalar_nothrow.obj
 0002:000077b4       __unwindtable$??2@YAPAXIABUnothrow_t@std@@@Z 100267b4     LIBCMT:new_scalar_nothrow.obj
 0002:000077c4       __tryblocktable$??2@YAPAXIABUnothrow_t@std@@@Z 100267c4     LIBCMT:new_scalar_nothrow.obj
 0002:000077d8       __ehfuncinfo$??2@YAPAXIABUnothrow_t@std@@@Z 100267d8     LIBCMT:new_scalar_nothrow.obj
 0002:00007800       __sehtable$?dllmain_crt_process_attach@@YAHQAUHINSTANCE__@@QAX@Z 10026800     LIBCMT:dll_dllmain.obj
 0002:00007820       __sehtable$?dllmain_crt_process_detach@@YAH_N@Z 10026820     LIBCMT:dll_dllmain.obj
 0002:00007840       __sehtable$?dllmain_dispatch@@YAHQAUHINSTANCE__@@KQAX@Z 10026840     LIBCMT:dll_dllmain.obj
 0002:000078f0       __sehtable$?FrameUnwindToState@__FrameHandler3@@SAXPAUEHRegistrationNode@@PAXPBU_s_FuncInfo@@H@Z 100268f0     libvcruntime:frame.obj
 0002:00007918       __sehtable$?CallCatchBlock@@YAPAXPAUEHExceptionRecord@@PAUEHRegistrationNode@@PAU_CONTEXT@@PBU_s_FuncInfo@@PAXHK@Z 10026918     libvcruntime:frame.obj
 0002:00007940       __catchsym$?CallUnexpected@@YAXPBU_s_ESTypeList@@@Z$2 10026940     libvcruntime:frame.obj
 0002:00007950       __unwindtable$?CallUnexpected@@YAXPBU_s_ESTypeList@@@Z 10026950     libvcruntime:frame.obj
 0002:00007960       __tryblocktable$?CallUnexpected@@YAXPBU_s_ESTypeList@@@Z 10026960     libvcruntime:frame.obj
 0002:00007974       __ehfuncinfo$?CallUnexpected@@YAXPBU_s_ESTypeList@@@Z 10026974     libvcruntime:frame.obj
 0002:00007998       __sehtable$??$BuildCatchObjectHelperInternal@V__FrameHandler3@@@@YAHPAUEHExceptionRecord@@PAXPBU_s_HandlerType@@PBU_s_CatchableType@@@Z 10026998     libvcruntime:frame.obj
 0002:000079b8       __sehtable$??$BuildCatchObjectInternal@V__FrameHandler3@@@@YAXPAUEHExceptionRecord@@PAXPBU_s_HandlerType@@PBU_s_CatchableType@@@Z 100269b8     libvcruntime:frame.obj
 0002:00007a10       __sehtable$___DestructExceptionObject 10026a10     libvcruntime:ehhelpers.obj
 0002:00007a30       __sehtable$??R<lambda_6e4b09c48022b2350581041d5f6b0c4c>@@QBE@XZ 10026a30     libucrt:exit.obj
 0002:00007a50       __sehtable$??$?RV<lambda_03b1d95aef87969028cfba75ccab2455>@@AAV<lambda_6e4b09c48022b2350581041d5f6b0c4c>@@V<lambda_22bdf7517842c4b3e53723af5aa32b9e>@@@?$__crt_seh_guarded_call@X@@QAEX$$QAV<lambda_03b1d95aef87969028cfba75ccab2455>@@AAV<lambda_6e4b09c48022b2350581041d5f6b0c4c>@@$$QAV<lambda_22bdf7517842c4b3e53723af5aa32b9e>@@@Z 10026a50     libucrt:exit.obj
 0002:00007a70       __sehtable$??$?RV<lambda_8e746cf0007f6ed984d6f78af1fec997>@@AAV<lambda_22ebabd17bc4fa466a2aca6d8deb888d>@@V<lambda_18ed0c0b38a6dc0daf1e7ac6d6adf05e>@@@?$__crt_seh_guarded_call@H@@QAEH$$QAV<lambda_8e746cf0007f6ed984d6f78af1fec997>@@AAV<lambda_22ebabd17bc4fa466a2aca6d8deb888d>@@$$QAV<lambda_18ed0c0b38a6dc0daf1e7ac6d6adf05e>@@@Z 10026a70     libucrt:onexit.obj
 0002:00007a90       __sehtable$??$?RV<lambda_69a2805e680e0e292e8ba93315fe43a8>@@AAV<lambda_f03950bc5685219e0bcd2087efbe011e>@@V<lambda_03fcd07e894ec930e3f35da366ca99d6>@@@?$__crt_seh_guarded_call@H@@QAEH$$QAV<lambda_69a2805e680e0e292e8ba93315fe43a8>@@AAV<lambda_f03950bc5685219e0bcd2087efbe011e>@@$$QAV<lambda_03fcd07e894ec930e3f35da366ca99d6>@@@Z 10026a90     libucrt:onexit.obj
 0002:00007ab0       __sehtable$__query_new_handler 10026ab0     libucrt:new_handler.obj
 0002:00007ad0       __sehtable$_terminate      10026ad0     libucrt:terminate.obj
 0002:00007af0       __sehtable$??$?RV<lambda_15ade71b0218206bbe3333a0c9b79046>@@AAV<lambda_da44e0f8b0f19ba52fefafb335991732>@@V<lambda_207f2d024fc103971653565357d6cd41>@@@?$__crt_seh_guarded_call@X@@QAEX$$QAV<lambda_15ade71b0218206bbe3333a0c9b79046>@@AAV<lambda_da44e0f8b0f19ba52fefafb335991732>@@$$QAV<lambda_207f2d024fc103971653565357d6cd41>@@@Z 10026af0     libucrt:per_thread_data.obj
 0002:00007b10       __sehtable$??$?RV<lambda_a7e850c220f1c8d1e6efeecdedd162c6>@@AAV<lambda_46720907175c18b6c9d2717bc0d2d362>@@V<lambda_9048902d66e8d99359bc9897bbb930a8>@@@?$__crt_seh_guarded_call@X@@QAEX$$QAV<lambda_a7e850c220f1c8d1e6efeecdedd162c6>@@AAV<lambda_46720907175c18b6c9d2717bc0d2d362>@@$$QAV<lambda_9048902d66e8d99359bc9897bbb930a8>@@@Z 10026b10     libucrt:per_thread_data.obj
 0002:00007b30       __sehtable$??$?RV<lambda_38edbb1296d33220d7e4dd0ed76b244a>@@AAV<lambda_5ce1d447e08cb34b2473517608e21441>@@V<lambda_fb385d3da700c9147fc39e65dd577a8c>@@@?$__crt_seh_guarded_call@X@@QAEX$$QAV<lambda_38edbb1296d33220d7e4dd0ed76b244a>@@AAV<lambda_5ce1d447e08cb34b2473517608e21441>@@$$QAV<lambda_fb385d3da700c9147fc39e65dd577a8c>@@@Z 10026b30     libucrt:per_thread_data.obj
 0002:00007b50       __sehtable$??$?RV<lambda_6affb1475c98b40b75cdec977db92e3c>@@AAV<lambda_b8d4b9c228a6ecc3f80208dbb4b4a104>@@V<lambda_608742c3c92a14382c1684fc64f96c88>@@@?$__crt_seh_guarded_call@X@@QAEX$$QAV<lambda_6affb1475c98b40b75cdec977db92e3c>@@AAV<lambda_b8d4b9c228a6ecc3f80208dbb4b4a104>@@$$QAV<lambda_608742c3c92a14382c1684fc64f96c88>@@@Z 10026b50     libucrt:per_thread_data.obj
 0002:00007b70       __sehtable$??$?RV<lambda_e5124f882df8998aaf41531e079ba474>@@AAV<lambda_3e16ef9562a7dcce91392c22ab16ea36>@@V<lambda_e25ca0880e6ef98be67edffd8c599615>@@@?$__crt_seh_guarded_call@X@@QAEX$$QAV<lambda_e5124f882df8998aaf41531e079ba474>@@AAV<lambda_3e16ef9562a7dcce91392c22ab16ea36>@@$$QAV<lambda_e25ca0880e6ef98be67edffd8c599615>@@@Z 10026b70     libucrt:wsetlocale.obj
 0002:00007b90       __sehtable$___acrt_initialize_lowio 10026b90     libucrt:ioinit.obj
 0002:00007bb0       __sehtable$?update_thread_multibyte_data_internal@@YAPAU__crt_multibyte_data@@QAU__acrt_ptd@@QAPAU1@@Z 10026bb0     libucrt:mbctype.obj
 0002:00007bd0       __sehtable$??$?RV<lambda_ceb1ee4838e85a9d631eb091e2fbe199>@@AAV<lambda_ae742caa10f662c28703da3d2ea5e57e>@@V<lambda_cd08b5d6af4937fe54fc07d0c9bf6b37>@@@?$__crt_seh_guarded_call@X@@QAEX$$QAV<lambda_ceb1ee4838e85a9d631eb091e2fbe199>@@AAV<lambda_ae742caa10f662c28703da3d2ea5e57e>@@$$QAV<lambda_cd08b5d6af4937fe54fc07d0c9bf6b37>@@@Z 10026bd0     libucrt:mbctype.obj
 0002:00007bf0       __sehtable$_raise          10026bf0     libucrt:signal.obj
 0002:00007c10       __sehtable$??$?RV<lambda_cbab9ec6f41b0180b23cc171c22676b0>@@AAV<lambda_44731a7d0e6d81c3e6aa82d741081786>@@V<lambda_4b292cb8dd18144e164572427af410ab>@@@?$__crt_seh_guarded_call@P6AXH@Z@@QAEP6AXH@Z$$QAV<lambda_cbab9ec6f41b0180b23cc171c22676b0>@@AAV<lambda_44731a7d0e6d81c3e6aa82d741081786>@@$$QAV<lambda_4b292cb8dd18144e164572427af410ab>@@@Z 10026c10     libucrt:signal.obj
 0002:00007c30       __sehtable$??$?RV<lambda_2866be3712abc81a800a822484c830d8>@@AAV<lambda_39ca0ed439415581b5b15c265174cece>@@V<lambda_2b24c74d71094a6cd0cb82e44167d71b>@@@?$__crt_seh_guarded_call@X@@QAEX$$QAV<lambda_2866be3712abc81a800a822484c830d8>@@AAV<lambda_39ca0ed439415581b5b15c265174cece>@@$$QAV<lambda_2b24c74d71094a6cd0cb82e44167d71b>@@@Z 10026c30     libucrt:fflush.obj
 0002:00007c50       __sehtable$??$?RV<lambda_2cc53f568c5a2bb6f192f930a45d44ea>@@AAV<lambda_ab61a845afdef5b7c387490eaf3616ee>@@V<lambda_c2ffc0b7726aa6be21d5f0026187e748>@@@?$__crt_seh_guarded_call@X@@QAEX$$QAV<lambda_2cc53f568c5a2bb6f192f930a45d44ea>@@AAV<lambda_ab61a845afdef5b7c387490eaf3616ee>@@$$QAV<lambda_c2ffc0b7726aa6be21d5f0026187e748>@@@Z 10026c50     libucrt:fflush.obj
 0002:00007c70       __sehtable$___acrt_update_thread_locale_data 10026c70     libucrt:locale_refcounting.obj
 0002:00007c90       __sehtable$__fcloseall     10026c90     libucrt:closeall.obj
 0002:00007cb0       __sehtable$___acrt_lowio_ensure_fh_exists 10026cb0     libucrt:osfinfo.obj
 0002:00007cd0       __sehtable$??$?RV<lambda_9e9de3de5fa147e2223d7db92bc10aa6>@@AAV<lambda_38ce7e780aa69e748d6df282ebc68efe>@@V<lambda_8ca6da459f0f6780f1cff60fdc3d00e5>@@@?$__crt_seh_guarded_call@H@@QAEH$$QAV<lambda_9e9de3de5fa147e2223d7db92bc10aa6>@@AAV<lambda_38ce7e780aa69e748d6df282ebc68efe>@@$$QAV<lambda_8ca6da459f0f6780f1cff60fdc3d00e5>@@@Z 10026cd0     libucrt:commit.obj
 0002:00007cf0       __sehtable$__write         10026cf0     libucrt:write.obj
 0002:00007d10       __sehtable$_fclose         10026d10     libucrt:fclose.obj
 0002:00007d30       __sehtable$??$?RV<lambda_218ce3db14220d0be481dae8ef3383b6>@@AAV<lambda_628dfdc04ba53c8bfc02c9951375f3f5>@@V<lambda_57dc472bd5c9d5f3b2cbca59b8a843ae>@@@?$__crt_seh_guarded_call@H@@QAEH$$QAV<lambda_218ce3db14220d0be481dae8ef3383b6>@@AAV<lambda_628dfdc04ba53c8bfc02c9951375f3f5>@@$$QAV<lambda_57dc472bd5c9d5f3b2cbca59b8a843ae>@@@Z 10026d30     libucrt:close.obj
 0002:00007d50       __sehtable$__IsNonwritableInCurrentImage 10026d50     LIBCMT:pesect.obj
 0002:00007d80       .edata                     10026d80     OPOSPINPad.exp
 0002:00007da8       rgpv                       10026da8     OPOSPINPad.exp
 0002:00007db8       rgszName                   10026db8     OPOSPINPad.exp
 0002:00007dc8       rgwOrd                     10026dc8     OPOSPINPad.exp
 0002:00007dd0       szName                     10026dd0     OPOSPINPad.exp
 0002:00007ddf       $N00001                    10026ddf     OPOSPINPad.exp
 0002:00007def       $N00002                    10026def     OPOSPINPad.exp
 0002:00007e01       $N00003                    10026e01     OPOSPINPad.exp
 0002:00007e13       $N00004                    10026e13     OPOSPINPad.exp
 0002:00008422       .idata$6                   10027422     kernel32:KERNEL32.dll
 0002:00008636       .idata$6                   10027636     user32:USER32.dll
 0002:0000876a       .idata$6                   1002776a     gdi32:GDI32.dll
 0002:00008810       .idata$6                   10027810     advapi32:ADVAPI32.dll
 0002:0000892c       .idata$6                   1002792c     ole32:ole32.dll
 0002:00008936       .idata$6                   10027936     oleaut32:OLEAUT32.dll
 0003:00000110       ?ObjectMap@@3PAU_ATL_OBJMAP_ENTRY30@ATL@@A 10028110     PINPad.obj
 0003:000001b0       ?s_SOMethodNames@@3PAPADA  100281b0     PINPadImpl.obj
 0003:0000021c       ?s_RequiredMethodsPerRelease@@3PAHA 1002821c     PINPadImpl.obj
 0003:00000260       ?__vcrt_flsindex@@3KA      10028260     libvcruntime:per_thread_data.obj
 0003:00000280       ?errno_no_memory@@3HA      10028280     libucrt:errno.obj
 0003:00000284       ?doserrno_no_memory@@3KA   10028284     libucrt:errno.obj
 0003:00000290       ?__acrt_flsindex@@3KA      10028290     libucrt:per_thread_data.obj
 0003:00000628       __mbctypes                 10028628     libucrt:mbctype.obj
 0003:00000730       __mbcasemaps               10028730     libucrt:mbctype.obj
 0003:00000830       ?__rgctypeflag@@3PADA      10028830     libucrt:mbctype.obj
 0003:00000838       ?__rgcode_page_info@@3PAUcode_page_info@@A 10028838     libucrt:mbctype.obj
 0003:00000a90       ?__dcrt_lowio_console_output_handle@@3PAXA 10028a90     libucrt:initcon.obj
 0003:00000c28       ?is_initialized_as_dll@@3_NA 10028c28     LIBCMT:utility.obj
 0003:00000c29       ?module_local_atexit_table_initialized@@3_NA 10028c29     LIBCMT:utility.obj
 0003:00000c2c       ?module_local_atexit_table@@3U_onexit_table_t@@A 10028c2c     LIBCMT:utility.obj
 0003:00000c38       ?module_local_at_quick_exit_table@@3U_onexit_table_t@@A 10028c38     LIBCMT:utility.obj
 0003:00000c44       ?g_tss_cv@@3U_RTL_CONDITION_VARIABLE@@A 10028c44     LIBCMT:thread_safe_statics.obj
 0003:00000c48       ?g_tss_event@@3PAXA        10028c48     LIBCMT:thread_safe_statics.obj
 0003:00000c4c       ?g_tss_mutex@@3U_RTL_CRITICAL_SECTION@@A 10028c4c     LIBCMT:thread_safe_statics.obj
 0003:00000c64       ?g_sleep_condition_variable_cs@@3P6GHPAU_RTL_CONDITION_VARIABLE@@PAU_RTL_CRITICAL_SECTION@@K@ZA 10028c64     LIBCMT:thread_safe_statics.obj
 0003:00000c68       ?g_wake_all_condition_variable@@3P6GXPAU_RTL_CONDITION_VARIABLE@@@ZA 10028c68     LIBCMT:thread_safe_statics.obj
 0003:00000c70       _GS_ExceptionRecord        10028c70     LIBCMT:gs_report.obj
 0003:00000cc0       _GS_ContextRecord          10028cc0     LIBCMT:gs_report.obj
 0003:00000f90       ?__proc_attached@@3HA      10028f90     LIBCMT:dll_dllmain.obj
 0003:00000fec       ?AllocateData@@3P6GPAUAtlThunkData_t@@XZA 10028fec     atls:atlthunk.obj
 0003:00000ff0       ?InitData@@3P6GXPAUAtlThunkData_t@@PAXI@ZA 10028ff0     atls:atlthunk.obj
 0003:00000ff4       ?DataToCode@@3P6GP6GJPAUHWND__@@IIJ@ZPAUAtlThunkData_t@@@ZA 10028ff4     atls:atlthunk.obj
 0003:00000ff8       ?FreeData@@3P6GXPAUAtlThunkData_t@@@ZA 10028ff8     atls:atlthunk.obj
 0003:00000ffc       ?Initialized@@3_NA         10028ffc     atls:atlthunk.obj
 0003:00001008       ?__vcrt_startup_thread_ptd@@3U__vcrt_ptd@@A 10029008     libvcruntime:per_thread_data.obj
 0003:00001030       ___vcrt_lock_table         10029030     libvcruntime:locks.obj
 0003:00001048       ___vcrt_locks_initialized  10029048     libvcruntime:locks.obj
 0003:00001074       ?heap@@3V_HeapManager@@A   10029074     libvcruntime:undname.obj
 0003:00001088       ?module_handles@@3PAPAUHINSTANCE__@@A 10029088     libvcruntime:winapi_downlevel.obj
 0003:00001094       ?function_pointers@@3PAPAXA 10029094     libvcruntime:winapi_downlevel.obj
 0003:000010ac       ?__acrt_invalid_parameter_handler@@3V?$dual_state_global@P6AXPB_W00II@Z@__crt_state_management@@A 100290ac     libucrt:invalid_parameter.obj
 0003:000010b0       ?c_termination_complete@@3JA 100290b0     libucrt:exit.obj
 0003:000010b4       ?thread_local_exit_callback_func@@3P6GXPAXK0@ZA 100290b4     libucrt:exit.obj
 0003:000010c0       ?program_name@?1???$common_configure_argv@D@@YAHW4_crt_argv_mode@@@Z@4PADA 100290c0     libucrt:argv_parsing.obj
 0003:000011f0       ?__acrt_new_handler@@3V?$dual_state_global@P6AHI@Z@__crt_state_management@@A 100291f0     libucrt:new_handler.obj
 0003:000011f8       ?module_handles@@3PAPAUHINSTANCE__@@A 100291f8     libucrt:winapi_thunks.obj
 0003:00001248       ?encoded_function_pointers@@3PAPAXA 10029248     libucrt:winapi_thunks.obj
 0003:000012d0       ?internal_state@?1??_mbtowc_l@@9@4U_Mbstatet@@A 100292d0     libucrt:mbtowc.obj
 0003:000012e0       ?enable_percent_n@@3IA     100292e0     libucrt:printf_count_output.obj
 0003:00001500       ?__acrt_lock_table@@3PAU_RTL_CRITICAL_SECTION@@A 10029500     libucrt:locks.obj
 0003:00001650       ?__acrt_locks_initialized@@3IA 10029650     libucrt:locks.obj
 0003:00001660       ?fSystemSet@@3HA           10029660     libucrt:mbctype.obj
 0003:00001664       ?initialized@?1??__acrt_initialize_multibyte@@9@4_NA 10029664     libucrt:mbctype.obj
 0003:00001684       ?ctrlc_action@@3V?$dual_state_global@P6AXH@Z@__crt_state_management@@A 10029684     libucrt:signal.obj
 0003:00001688       ?ctrlbreak_action@@3V?$dual_state_global@P6AXH@Z@__crt_state_management@@A 10029688     libucrt:signal.obj
 0003:0000168c       ?abort_action@@3V?$dual_state_global@P6AXH@Z@__crt_state_management@@A 1002968c     libucrt:signal.obj
 0003:00001690       ?term_action@@3V?$dual_state_global@P6AXH@Z@__crt_state_management@@A 10029690     libucrt:signal.obj
 0003:00001694       ?user_matherr@@3V?$dual_state_global@P6AHPAU_exception@@@Z@__crt_state_management@@A 10029694     libucrt:matherr.obj
 0003:00001698       ?__acrt_global_new_mode@@3V?$dual_state_global@J@__crt_state_management@@A 10029698     libucrt:new_mode.obj
 0003:000016a4       ?internal_pst@?1??__mbrtoc32_utf8@__crt_mbstring@@YAIPA_UPBDIPAU_Mbstatet@@@Z@4U3@A 100296a4     libucrt:mbrtoc32.obj
 0003:000016ac       ?__acrt_app_type@@3W4_crt_app_type@@A 100296ac     libucrt:report_runtime_error.obj
 0003:000016b4       __pmatherr_set             100296b4     libucrt:libm_error.obj
 0004:00000220       $R000000                   1002a220     PINPad.res
 0004:00000b78       $R000958                   1002ab78     PINPad.res
 0004:00000c60       $R000A40                   1002ac60     PINPad.res
 0004:00000ec8       $R000CA8                   1002aec8     PINPad.res
 0004:000013d0       $R0011B0                   1002b3d0     PINPad.res
 0004:00004ba0       $R004980                   1002eba0     PINPad.res
 0004:00004bd0       $R0049B0                   1002ebd0     PINPad.res
