 OPOSTotals

 Timestamp is 5defab4f (Tue Dec 10 23:27:27 2019)

 Preferred load address is 10000000

 Start         Length     Name                   Class
 0001:00000000 00000080H .text$di                CODE
 0001:00000080 0001dad3H .text$mn                CODE
 0001:0001db53 00000036H .text$x                 CODE
 0001:0001db89 00000042H .text$yd                CODE
 0002:00000000 000002fcH .idata$5                DATA
 0002:000002fc 00000004H .00cfg                  DATA
 0002:00000300 00000004H .CRT$XCA                DATA
 0002:00000304 00000004H .CRT$XCL                DATA
 0002:00000308 00000010H .CRT$XCU                DATA
 0002:00000318 00000004H .CRT$XCZ                DATA
 0002:0000031c 00000004H .CRT$XIA                DATA
 0002:00000320 00000010H .CRT$XIC                DATA
 0002:00000330 00000004H .CRT$XIZ                DATA
 0002:00000334 00000004H .CRT$XLA                DATA
 0002:00000338 00000004H .CRT$XLZ                DATA
 0002:0000033c 00000004H .CRT$XPA                DATA
 0002:00000340 00000008H .CRT$XPX                DATA
 0002:00000348 00000004H .CRT$XPXA               DATA
 0002:0000034c 00000004H .CRT$XPZ                DATA
 0002:00000350 00000004H .CRT$XTA                DATA
 0002:00000354 0000000cH .CRT$XTZ                DATA
 0002:00000358 00000000H .gfids$y                DATA
 0002:00000360 00006f3cH .rdata                  DATA
 0002:0000729c 00000018H .rdata$T                DATA
 0002:000072b4 0000017cH .rdata$r                DATA
 0002:00007430 0000001cH .rdata$sxdata           DATA
 0002:0000744c 000003dcH .rdata$zzzdbg           DATA
 0002:00007828 00000004H .rtc$IAA                DATA
 0002:0000782c 00000004H .rtc$IZZ                DATA
 0002:00007830 00000004H .rtc$TAA                DATA
 0002:00007834 00000004H .rtc$TZZ                DATA
 0002:00007838 00000004H .tls                    DATA
 0002:0000783c 00000004H .tls$                   DATA
 0002:00007840 00000008H .tls$ZZZ                DATA
 0002:00007848 0000060cH .xdata$x                DATA
 0002:00007e54 00000004H ATL$__a                 DATA
 0002:00007e58 00000008H ATL$__z                 DATA
 0002:00007e60 000000a8H .edata                  DATA
 0002:00007f08 00000078H .idata$2                DATA
 0002:00007f80 00000014H .idata$3                DATA
 0002:00007f94 000002fcH .idata$4                DATA
 0002:00008290 00000bc8H .idata$6                DATA
 0003:00000000 00000ad0H .data                   DATA
 0003:00000ad0 00000098H .data$r                 DATA
 0003:00000b68 00000b80H .bss                    DATA
 0004:00000000 00000220H .rsrc$01                DATA
 0004:00000220 000040f0H .rsrc$02                DATA

  Address         Publics by Value              Rva+Base       Lib:Object

 0000:00000000       ___guard_fids_count        00000000     <absolute>
 0000:00000000       ___guard_iat_count         00000000     <absolute>
 0000:00000000       ___hybrid_code_map_count   00000000     <absolute>
 0000:00000000       ___dynamic_value_reloc_table 00000000     <absolute>
 0000:00000000       ___guard_longjmp_count     00000000     <absolute>
 0000:00000000       __except_list              00000000     <absolute>
 0000:00000000       ___guard_fids_table        00000000     <absolute>
 0000:00000000       ___guard_longjmp_table     00000000     <absolute>
 0000:00000000       ___hybrid_auxiliary_iat    00000000     <absolute>
 0000:00000000       ___guard_iat_table         00000000     <absolute>
 0000:00000000       ___volatile_metadata       00000000     <absolute>
 0000:00000000       ___enclave_config          00000000     <absolute>
 0000:00000000       ___AbsoluteZero            00000000     <absolute>
 0000:00000000       ___hybrid_code_map         00000000     <absolute>
 0000:00000007       ___safe_se_handler_count   00000007     <absolute>
 0000:0000002c       __tls_array                0000002c     <absolute>
 0000:00000100       ___guard_flags             00000100     <absolute>
 0000:00000000       ___ImageBase               10000000     <linker-defined>
 0001:00000080       ?DupWide@_CW@@AAEXXZ       10001080 f   CWString.obj
 0001:0000009c       ?cw_dup@@YGXPBDAAHAAPA_W1@Z 1000109c f   CWString.obj
 0001:00000124       ?cw_memcpy@@YGHPA_WPBDH@Z  10001124 f   CWString.obj
 0001:00000150       ?cw_strcpy@@YAHPA_WPBD@Z   10001150 f   CWString.obj
 0001:00000163       ?cw_strlen@@YAHPBD@Z       10001163 f   CWString.obj
 0001:0000017c       ??0CAtlComModule@ATL@@QAE@XZ 1000117c f i OposVariant.obj
 0001:000001c1       ??0CAtlWinModule@ATL@@QAE@XZ 100011c1 f i OposVariant.obj
 0001:000001f8       ??0OposDispParms@@QAE@PAVOposVariant@@H@Z 100011f8 f   OposVariant.obj
 0001:00000269       ??1OposDispParms@@QAE@XZ   10001269 f   OposVariant.obj
 0001:00000277       ??A?$CSimpleArray@GV?$CSimpleArrayEqualHelper@G@ATL@@@ATL@@QAEAAGH@Z 10001277 f i OposVariant.obj
 0001:0000029c       ??_Estringdispid@CComTypeInfoHolder@ATL@@QAEPAXI@Z 1000129c f i OposVariant.obj
 0001:00000308       ?AtlWinModuleInit@ATL@@YGJPAU_ATL_WIN_MODULE70@1@@Z 10001308 f i OposVariant.obj
 0001:0000032e       ?AtlWinModuleTerm@ATL@@YGJPAU_ATL_WIN_MODULE70@1@PAUHINSTANCE__@@@Z 1000132e f i OposVariant.obj
 0001:00000391       ?ChangeBSTR@OposVariant@@QAEXPAPA_WAAJ@Z 10001391 f   OposVariant.obj
 0001:000003d2       ?ChangeLONG@OposVariant@@QAEXPAJAAJ@Z 100013d2 f   OposVariant.obj
 0001:00000413       ?GetLONG@OposVariant@@QAEJXZ 10001413 f   OposVariant.obj
 0001:0000042e       ?Init@CComCriticalSection@ATL@@QAEJXZ 1000142e f i OposVariant.obj
 0001:00000456       ?RemoveAll@?$CSimpleArray@PAUHINSTANCE__@@V?$CSimpleArrayEqualHelper@PAUHINSTANCE__@@@ATL@@@ATL@@QAEXXZ 10001456 f i atls:atlbase.obj
 0001:00000456       ?RemoveAll@?$CSimpleArray@GV?$CSimpleArrayEqualHelper@G@ATL@@@ATL@@QAEXXZ 10001456 f i OposVariant.obj
 0001:00000473       ?SetBSTR@OposVariant@@QAEXPA_WAAJ@Z 10001473 f   OposVariant.obj
 0001:000004a7       ?SetBSTR_Copy@OposVariant@@QAEXPA_WAAJ@Z 100014a7 f   OposVariant.obj
 0001:000004f7       ?SetBSTR_InOutPtr@OposVariant@@QAE_NPAPA_WAAJ@Z 100014f7 f   OposVariant.obj
 0001:0000052e       ?SetBSTR_OutPtr@OposVariant@@QAE_NPAPA_WAAJ@Z 1000152e f   OposVariant.obj
 0001:0000054a       ?SetDispatch_Ptr@OposVariant@@QAEXPAUIDispatch@@AAJ@Z 1000154a f   OposVariant.obj
 0001:00000585       ?SetLONG@OposVariant@@QAEXJ@Z 10001585 f   OposVariant.obj
 0001:000005a7       ?SetLONG_Ptr@OposVariant@@QAEXPAJAAJ@Z 100015a7 f   OposVariant.obj
 0001:000005da       ?SetString@OposVariant@@QAEXPB_WAAJ@Z 100015da f   OposVariant.obj
 0001:00000620       ?SetVARIANT_BOOL@OposVariant@@QAEXF@Z 10001620 f   OposVariant.obj
 0001:0000064a       ?Term@CAtlComModule@ATL@@QAEXXZ 1000164a f i OposVariant.obj
 0001:00000694       ?_AtlRaiseException@ATL@@YAXKK@Z 10001694 f i OposVariant.obj
 0001:000006a9       ?CreateInstance@CComClassFactory@ATL@@UAGJPAUIUnknown@@ABU_GUID@@PAPAX@Z 100016a9 f i Totals.obj
 0001:000006e7       ?LockServer@CComClassFactory@ATL@@UAGJH@Z 100016e7 f i Totals.obj
 0001:00000706       ??_ECComClassFactory@ATL@@UAEPAXI@Z 10001706 f i Totals.obj
 0001:00000706       ??_GCComClassFactory@ATL@@UAEPAXI@Z 10001706 f i Totals.obj
 0001:00000731       ?GetWindowProc@?$CWindowImplBaseT@VCWindow@ATL@@V?$CWinTraits@$0FGAAAAAA@$0A@@2@@ATL@@UAEP6GJPAUHWND__@@IIJ@ZXZ 10001731 f i Totals.obj
 0001:00000737       ?StartWindowProc@?$CWindowImplBaseT@VCWindow@ATL@@V?$CWinTraits@$0FGAAAAAA@$0A@@2@@ATL@@SGJPAUHWND__@@IIJ@Z 10001737 f i Totals.obj
 0001:0000078b       ?ObjectMain@CComObjectRootBase@ATL@@SGX_N@Z 1000178b f i Totals.obj
 0001:0000078b       ?OnFinalMessage@?$CWindowImplBaseT@VCWindow@ATL@@V?$CWinTraits@$0FGAAAAAA@$0A@@2@@ATL@@UAEXPAUHWND__@@@Z 1000178b f i Totals.obj
 0001:0000078e       ?GetTypeInfoCount@?$IDispatchImpl@UIOPOSTotals@@$1?IID_IOPOSTotals@@3U_GUID@@B$1?LIBID_OposTotals_CCO@@3U3@B$00$0A@VCComTypeInfoHolder@ATL@@@ATL@@UAGJPAI@Z 1000178e f i Totals.obj
 0001:000007ab       ?GetTypeInfo@?$IDispatchImpl@UIOPOSTotals@@$1?IID_IOPOSTotals@@3U_GUID@@B$1?LIBID_OposTotals_CCO@@3U3@B$00$0A@VCComTypeInfoHolder@ATL@@@ATL@@UAGJIKPAPAUITypeInfo@@@Z 100017ab f i Totals.obj
 0001:000007cf       ?GetIDsOfNames@?$IDispatchImpl@UIOPOSTotals@@$1?IID_IOPOSTotals@@3U_GUID@@B$1?LIBID_OposTotals_CCO@@3U3@B$00$0A@VCComTypeInfoHolder@ATL@@@ATL@@UAGJABU_GUID@@PAPA_WIKPAJ@Z 100017cf f i Totals.obj
 0001:000007ef       ?Invoke@?$IDispatchImpl@UIOPOSTotals@@$1?IID_IOPOSTotals@@3U_GUID@@B$1?LIBID_OposTotals_CCO@@3U3@B$00$0A@VCComTypeInfoHolder@ATL@@@ATL@@UAGJJABU_GUID@@KGPAUtagDISPPARAMS@@PAUtagVARIANT@@PAUtagEXCEPINFO@@PAI@Z 100017ef f i Totals.obj
 0001:000007fd       ?CreateControlWindow@?$CComControl@VCOPOSTotals@@V?$CWindowImpl@VCOPOSTotals@@VCWindow@ATL@@V?$CWinTraits@$0FGAAAAAA@$0A@@3@@ATL@@@ATL@@UAEPAUHWND__@@PAU3@AAUtagRECT@@@Z 100017fd f i Totals.obj
 0001:0000082c       ?ControlQueryInterface@?$CComControl@VCOPOSTotals@@V?$CWindowImpl@VCOPOSTotals@@VCWindow@ATL@@V?$CWinTraits@$0FGAAAAAA@$0A@@3@@ATL@@@ATL@@UAEJABU_GUID@@PAPAX@Z 1000182c f i Totals.obj
 0001:00000847       ?GetClassID@?$IPersistStorageImpl@VCOPOSTotals@@@ATL@@UAGJPAU_GUID@@@Z 10001847 f i Totals.obj
 0001:00000847       ?GetClassID@?$IPersistStreamInitImpl@VCOPOSTotals@@@ATL@@UAGJPAU_GUID@@@Z 10001847 f i Totals.obj
 0001:00000847       ?GetUserClassID@?$IOleObjectImpl@VCOPOSTotals@@@ATL@@UAGJPAU_GUID@@@Z 10001847 f i Totals.obj
 0001:0000086b       ?IsDirty@?$IPersistStreamInitImpl@VCOPOSTotals@@@ATL@@UAGJXZ 1000186b f i Totals.obj
 0001:0000088a       ?Load@?$IPersistStreamInitImpl@VCOPOSTotals@@@ATL@@UAGJPAUIStream@@@Z 1000188a f i Totals.obj
 0001:000008a9       ?Save@?$IPersistStreamInitImpl@VCOPOSTotals@@@ATL@@UAGJPAUIStream@@H@Z 100018a9 f i Totals.obj
 0001:000008cb       ?GetSizeMax@?$IPersistStreamInitImpl@VCOPOSTotals@@@ATL@@UAGJPAT_ULARGE_INTEGER@@@Z 100018cb f i Totals.obj
 0001:00000aaa       ?InitNew@?$IPersistStreamInitImpl@VCOPOSTotals@@@ATL@@UAGJXZ 10001aaa f i Totals.obj
 0001:00000ac7       ?SODataDummy@COPOSTotals@@MAGJJ@Z 10001ac7 f i Totals.obj
 0001:00000ac7       ?GetControlInfo@?$IOleControlImpl@VCOPOSTotals@@@ATL@@UAGJPAUtagCONTROLINFO@@@Z 10001ac7 f i Totals.obj
 0001:00000ac7       ?SOOutputCompleteDummy@COPOSTotals@@MAGJJ@Z 10001ac7 f i Totals.obj
 0001:00000ac7       ?ContextSensitiveHelp@?$IOleInPlaceObjectWindowlessImpl@VCOPOSTotals@@@ATL@@UAGJH@Z 10001ac7 f i Totals.obj
 0001:00000ac7       ?ContextSensitiveHelp@?$IOleInPlaceActiveObjectImpl@VCOPOSTotals@@@ATL@@UAGJH@Z 10001ac7 f i Totals.obj
 0001:00000ac7       ?Unfreeze@?$IViewObjectExImpl@VCOPOSTotals@@@ATL@@UAGJK@Z 10001ac7 f i Totals.obj
 0001:00000ac7       ?QueryGetData@?$IDataObjectImpl@VCOPOSTotals@@@ATL@@UAGJPAUtagFORMATETC@@@Z 10001ac7 f i Totals.obj
 0001:00000ac7       ?SetColorScheme@?$IOleObjectImpl@VCOPOSTotals@@@ATL@@UAGJPAUtagLOGPALETTE@@@Z 10001ac7 f i Totals.obj
 0001:00000ac7       ?GetDropTarget@?$IOleInPlaceObjectWindowlessImpl@VCOPOSTotals@@@ATL@@UAGJPAPAUIDropTarget@@@Z 10001ac7 f i Totals.obj
 0001:00000ac7       ?OnMnemonic@?$IOleControlImpl@VCOPOSTotals@@@ATL@@UAGJPAUtagMSG@@@Z 10001ac7 f i Totals.obj
 0001:00000acf       ?OnAmbientPropertyChange@?$IOleControlImpl@VCOPOSTotals@@@ATL@@UAGJJ@Z 10001acf f i Totals.obj
 0001:00000acf       ?EnableModeless@?$IOleInPlaceActiveObjectImpl@VCOPOSTotals@@@ATL@@UAGJH@Z 10001acf f i Totals.obj
 0001:00000acf       ?SaveCompleted@?$IPersistStorageImpl@VCOPOSTotals@@@ATL@@UAGJPAUIStorage@@@Z 10001acf f i Totals.obj
 0001:00000acf       ?OnFrameWindowActivate@?$IOleInPlaceActiveObjectImpl@VCOPOSTotals@@@ATL@@UAGJH@Z 10001acf f i Totals.obj
 0001:00000ad4       ?SetClientSite@?$IOleObjectImpl@VCOPOSTotals@@@ATL@@UAGJPAUIOleClientSite@@@Z 10001ad4 f i Totals.obj
 0001:00000af1       ?GetClientSite@?$IOleObjectImpl@VCOPOSTotals@@@ATL@@UAGJPAPAUIOleClientSite@@@Z 10001af1 f i Totals.obj
 0001:00000b0e       ?SetHostNames@?$IOleObjectImpl@VCOPOSTotals@@@ATL@@UAGJPB_W0@Z 10001b0e f i Totals.obj
 0001:00000b13       ?Close@?$IOleObjectImpl@VCOPOSTotals@@@ATL@@UAGJK@Z 10001b13 f i Totals.obj
 0001:00000b30       ?GetRect@?$IViewObjectExImpl@VCOPOSTotals@@@ATL@@UAGJKPAU_RECTL@@@Z 10001b30 f i Totals.obj
 0001:00000b30       ?SetMoniker@?$IOleObjectImpl@VCOPOSTotals@@@ATL@@UAGJKPAUIMoniker@@@Z 10001b30 f i Totals.obj
 0001:00000b30       ?GetDataHere@?$IDataObjectImpl@VCOPOSTotals@@@ATL@@UAGJPAUtagFORMATETC@@PAUtagSTGMEDIUM@@@Z 10001b30 f i Totals.obj
 0001:00000b30       ?QueryInterface@CRegObject@ATL@@UAGJABU_GUID@@PAPAX@Z 10001b30 f i Totals.obj
 0001:00000b30       ?GetCanonicalFormatEtc@?$IDataObjectImpl@VCOPOSTotals@@@ATL@@UAGJPAUtagFORMATETC@@0@Z 10001b30 f i Totals.obj
 0001:00000b30       ?GetClipboardData@?$IOleObjectImpl@VCOPOSTotals@@@ATL@@UAGJKPAPAUIDataObject@@@Z 10001b30 f i Totals.obj
 0001:00000b30       ?EnumFormatEtc@?$IDataObjectImpl@VCOPOSTotals@@@ATL@@UAGJKPAPAUIEnumFORMATETC@@@Z 10001b30 f i Totals.obj
 0001:00000b38       ?InitFromData@?$IOleObjectImpl@VCOPOSTotals@@@ATL@@UAGJPAUIDataObject@@HK@Z 10001b38 f i Totals.obj
 0001:00000b38       ?GetMoniker@?$IOleObjectImpl@VCOPOSTotals@@@ATL@@UAGJKKPAPAUIMoniker@@@Z 10001b38 f i Totals.obj
 0001:00000b38       ?SetData@?$IDataObjectImpl@VCOPOSTotals@@@ATL@@UAGJPAUtagFORMATETC@@PAUtagSTGMEDIUM@@H@Z 10001b38 f i Totals.obj
 0001:00000b40       ?DoVerb@?$IOleObjectImpl@VCOPOSTotals@@@ATL@@UAGJJPAUtagMSG@@PAUIOleClientSite@@JPAUHWND__@@PBUtagRECT@@@Z 10001b40 f i Totals.obj
 0001:00000c34       ?EnumVerbs@?$IOleObjectImpl@VCOPOSTotals@@@ATL@@UAGJPAPAUIEnumOLEVERB@@@Z 10001c34 f i Totals.obj
 0001:00000c56       ?Release@CRegObject@ATL@@UAGKXZ 10001c56 f i Totals.obj
 0001:00000c56       ?IsUpToDate@?$IOleObjectImpl@VCOPOSTotals@@@ATL@@UAGJXZ 10001c56 f i Totals.obj
 0001:00000c56       ?HandsOffStorage@?$IPersistStorageImpl@VCOPOSTotals@@@ATL@@UAGJXZ 10001c56 f i Totals.obj
 0001:00000c56       ?Update@?$IOleObjectImpl@VCOPOSTotals@@@ATL@@UAGJXZ 10001c56 f i Totals.obj
 0001:00000c5b       ?GetUserType@?$IOleObjectImpl@VCOPOSTotals@@@ATL@@UAGJKPAPA_W@Z 10001c5b f i Totals.obj
 0001:00000c73       ?SetExtent@?$IOleObjectImpl@VCOPOSTotals@@@ATL@@UAGJKPAUtagSIZE@@@Z 10001c73 f i Totals.obj
 0001:00000c93       ?GetExtent@?$IOleObjectImpl@VCOPOSTotals@@@ATL@@UAGJKPAUtagSIZE@@@Z 10001c93 f i Totals.obj
 0001:00000cd1       ?Advise@?$IOleObjectImpl@VCOPOSTotals@@@ATL@@UAGJPAUIAdviseSink@@PAK@Z 10001cd1 f i Totals.obj
 0001:00000cf1       ?Unadvise@?$IOleObjectImpl@VCOPOSTotals@@@ATL@@UAGJK@Z 10001cf1 f i Totals.obj
 0001:00000d20       ?EnumAdvise@?$IOleObjectImpl@VCOPOSTotals@@@ATL@@UAGJPAPAUIEnumSTATDATA@@@Z 10001d20 f i Totals.obj
 0001:00000d60       ?GetMiscStatus@?$IOleObjectImpl@VCOPOSTotals@@@ATL@@UAGJKPAK@Z 10001d60 f i Totals.obj
 0001:00000d78       ?GetWindow@?$IOleInPlaceActiveObjectImpl@VCOPOSTotals@@@ATL@@UAGJPAPAUHWND__@@@Z 10001d78 f i Totals.obj
 0001:00000dc5       ?TranslateAcceleratorW@?$IOleInPlaceActiveObjectImpl@VCOPOSTotals@@@ATL@@UAGJPAUtagMSG@@@Z 10001dc5 f i Totals.obj
 0001:00000e73       ?OnDocWindowActivate@?$IOleInPlaceActiveObjectImpl@VCOPOSTotals@@@ATL@@UAGJH@Z 10001e73 f i Totals.obj
 0001:00000e95       ?ResizeBorder@?$IOleInPlaceActiveObjectImpl@VCOPOSTotals@@@ATL@@UAGJPBUtagRECT@@PAUIOleInPlaceUIWindow@@H@Z 10001e95 f i Totals.obj
 0001:00000e9a       ?Draw@?$IViewObjectExImpl@VCOPOSTotals@@@ATL@@UAGJKJPAXPAUtagDVTARGETDEVICE@@PAUHDC__@@2PBU_RECTL@@3P6GHK@ZK@Z 10001e9a f i Totals.obj
 0001:00000ecc       ?GetColorSet@?$IViewObjectExImpl@VCOPOSTotals@@@ATL@@UAGJKJPAXPAUtagDVTARGETDEVICE@@PAUHDC__@@PAPAUtagLOGPALETTE@@@Z 10001ecc f i Totals.obj
 0001:00000ed4       ?Freeze@?$IViewObjectExImpl@VCOPOSTotals@@@ATL@@UAGJKJPAXPAK@Z 10001ed4 f i Totals.obj
 0001:00000ed4       ?SOErrorDummy@COPOSTotals@@MAGJJJJPAJ@Z 10001ed4 f i Totals.obj
 0001:00000edc       ?SetAdvise@?$IViewObjectExImpl@VCOPOSTotals@@@ATL@@UAGJKKPAUIAdviseSink@@@Z 10001edc f i Totals.obj
 0001:00000efb       ?GetAdvise@?$IViewObjectExImpl@VCOPOSTotals@@@ATL@@UAGJPAK0PAPAUIAdviseSink@@@Z 10001efb f i Totals.obj
 0001:00000f30       ?GetExtent@?$IViewObjectExImpl@VCOPOSTotals@@@ATL@@UAGJKJPAUtagDVTARGETDEVICE@@PAUtagSIZE@@@Z 10001f30 f i Totals.obj
 0001:00000f61       ?GetViewStatus@?$IViewObjectExImpl@VCOPOSTotals@@@ATL@@UAGJPAK@Z 10001f61 f i Totals.obj
 0001:00000f7e       ?QueryHitPoint@?$IViewObjectExImpl@VCOPOSTotals@@@ATL@@UAGJKPBUtagRECT@@UtagPOINT@@JPAK@Z 10001f7e f i Totals.obj
 0001:00000fbf       ?QueryHitRect@?$IViewObjectExImpl@VCOPOSTotals@@@ATL@@UAGJKPBUtagRECT@@0JPAK@Z 10001fbf f i Totals.obj
 0001:0000101a       ?GetNaturalExtent@?$IViewObjectExImpl@VCOPOSTotals@@@ATL@@UAGJKJPAUtagDVTARGETDEVICE@@PAUHDC__@@PAUtagExtentInfo@@PAUtagSIZE@@@Z 1000201a f i Totals.obj
 0001:00001065       ?GetWindow@?$IOleInPlaceObjectWindowlessImpl@VCOPOSTotals@@@ATL@@UAGJPAPAUHWND__@@@Z 10002065 f i Totals.obj
 0001:000010b2       ?InPlaceDeactivate@?$IOleInPlaceObjectWindowlessImpl@VCOPOSTotals@@@ATL@@UAGJXZ 100020b2 f i Totals.obj
 0001:000010cc       ?UIDeactivate@?$IOleInPlaceObjectWindowlessImpl@VCOPOSTotals@@@ATL@@UAGJXZ 100020cc f i Totals.obj
 0001:000010e6       ?SetObjectRects@?$IOleInPlaceObjectWindowlessImpl@VCOPOSTotals@@@ATL@@UAGJPBUtagRECT@@0@Z 100020e6 f i Totals.obj
 0001:00001106       ?ReactivateAndUndo@?$IOleInPlaceObjectWindowlessImpl@VCOPOSTotals@@@ATL@@UAGJXZ 10002106 f i Totals.obj
 0001:0000110e       ?OnWindowMessage@?$IOleInPlaceObjectWindowlessImpl@VCOPOSTotals@@@ATL@@UAGJIIJPAJ@Z 1000210e f i Totals.obj
 0001:0000117e       ?EnumConnectionPoints@?$IConnectionPointContainerImpl@VCOPOSTotals@@@ATL@@UAGJPAPAUIEnumConnectionPoints@@@Z 1000217e f i Totals.obj
 0001:000012f8       ?FindConnectionPoint@?$IConnectionPointContainerImpl@VCOPOSTotals@@@ATL@@UAGJABU_GUID@@PAPAUIConnectionPoint@@@Z 100022f8 f i Totals.obj
 0001:0000139b       ?IsDirty@?$IPersistStorageImpl@VCOPOSTotals@@@ATL@@UAGJXZ 1000239b f i Totals.obj
 0001:000013cf       ?InitNew@?$IPersistStorageImpl@VCOPOSTotals@@@ATL@@UAGJPAUIStorage@@@Z 100023cf f i Totals.obj
 0001:00001403       ?Load@?$IPersistStorageImpl@VCOPOSTotals@@@ATL@@UAGJPAUIStorage@@@Z 10002403 f i Totals.obj
 0001:0000146f       ?Save@?$IPersistStorageImpl@VCOPOSTotals@@@ATL@@UAGJPAUIStorage@@H@Z 1000246f f i Totals.obj
 0001:000014e2       ?GetPages@?$ISpecifyPropertyPagesImpl@VCOPOSTotals@@@ATL@@UAGJPAUtagCAUUID@@@Z 100024e2 f i Totals.obj
 0001:000014f9       ?QuickActivate@?$IQuickActivateImpl@VCOPOSTotals@@@ATL@@UAGJPAUtagQACONTAINER@@PAUtagQACONTROL@@@Z 100024f9 f i Totals.obj
 0001:0000151c       ?SetContentExtent@?$IQuickActivateImpl@VCOPOSTotals@@@ATL@@UAGJPAUtagSIZE@@@Z 1000251c f i Totals.obj
 0001:00001548       ?GetContentExtent@?$IQuickActivateImpl@VCOPOSTotals@@@ATL@@UAGJPAUtagSIZE@@@Z 10002548 f i Totals.obj
 0001:00001582       ?GetData@?$IDataObjectImpl@VCOPOSTotals@@@ATL@@UAGJPAUtagFORMATETC@@PAUtagSTGMEDIUM@@@Z 10002582 f i Totals.obj
 0001:000015a5       ?DAdvise@?$IDataObjectImpl@VCOPOSTotals@@@ATL@@UAGJPAUtagFORMATETC@@KPAUIAdviseSink@@PAK@Z 100025a5 f i Totals.obj
 0001:000015e6       ?DUnadvise@?$IDataObjectImpl@VCOPOSTotals@@@ATL@@UAGJK@Z 100025e6 f i Totals.obj
 0001:00001614       ?EnumDAdvise@?$IDataObjectImpl@VCOPOSTotals@@@ATL@@UAGJPAPAUIEnumSTATDATA@@@Z 10002614 f i Totals.obj
 0001:00001653       ?GetClassInfoW@?$IProvideClassInfo2Impl@$1?CLSID_OPOSTotals@@3U_GUID@@B$1?DIID__IOPOSTotalsEvents@@3U2@B$1?LIBID_OposTotals_CCO@@3U2@B$00$0A@VCComTypeInfoHolder@ATL@@@ATL@@UAGJPAPAUITypeInfo@@@Z 10002653 f i Totals.obj
 0001:00001669       ?GetGUID@?$IProvideClassInfo2Impl@$1?CLSID_OPOSTotals@@3U_GUID@@B$1?DIID__IOPOSTotalsEvents@@3U2@B$1?LIBID_OposTotals_CCO@@3U2@B$00$0A@VCComTypeInfoHolder@ATL@@@ATL@@UAGJKPAU_GUID@@@Z 10002669 f i Totals.obj
 0001:000016a7       ?FAccessAllowed@?$IObjectSafetyImpl@VCOPOSTotals@@$02@ATL@@MAEHXZ 100026a7 f i Totals.obj
 0001:000016a7       __get_startup_argv_mode    100026a7 f i LIBCMT:argv_mode.obj
 0001:000016ab       ?GetInterfaceSafetyOptions@?$IObjectSafetyImpl@VCOPOSTotals@@$02@ATL@@UAGJABU_GUID@@PAK1@Z 100026ab f i Totals.obj
 0001:0000171f       ?SetInterfaceSafetyOptions@?$IObjectSafetyImpl@VCOPOSTotals@@$02@ATL@@UAGJABU_GUID@@KK@Z 1000271f f i Totals.obj
 0001:00001799       ?_LocCPQueryInterface@?$IConnectionPointImpl@VCOPOSTotals@@$1?DIID__IOPOSTotalsEvents@@3U_GUID@@BVCComDynamicUnkArray@ATL@@@ATL@@UAGJABU_GUID@@PAPAX@Z 10002799 f i Totals.obj
 0001:00001799       ?_LocCPQueryInterface@?$IConnectionPointImpl@VCOPOSTotals@@$1?IID_IPropertyNotifySink@@3U_GUID@@BVCComDynamicUnkArray@ATL@@@ATL@@UAGJABU_GUID@@PAPAX@Z 10002799 f i Totals.obj
 0001:000017e6       ?GetConnectionInterface@?$IConnectionPointImpl@VCOPOSTotals@@$1?IID_IPropertyNotifySink@@3U_GUID@@BVCComDynamicUnkArray@ATL@@@ATL@@UAGJPAU_GUID@@@Z 100027e6 f i Totals.obj
 0001:0000180a       ?GetConnectionPointContainer@?$IConnectionPointImpl@VCOPOSTotals@@$1?IID_IPropertyNotifySink@@3U_GUID@@BVCComDynamicUnkArray@ATL@@@ATL@@UAGJPAPAUIConnectionPointContainer@@@Z 1000280a f i Totals.obj
 0001:0000182d       ?Advise@?$IConnectionPointImpl@VCOPOSTotals@@$1?IID_IPropertyNotifySink@@3U_GUID@@BVCComDynamicUnkArray@ATL@@@ATL@@UAGJPAUIUnknown@@PAK@Z 1000282d f i Totals.obj
 0001:0000182d       ?Advise@?$IConnectionPointImpl@VCOPOSTotals@@$1?DIID__IOPOSTotalsEvents@@3U_GUID@@BVCComDynamicUnkArray@ATL@@@ATL@@UAGJPAUIUnknown@@PAK@Z 1000282d f i Totals.obj
 0001:000018ce       ?Unadvise@?$IConnectionPointImpl@VCOPOSTotals@@$1?DIID__IOPOSTotalsEvents@@3U_GUID@@BVCComDynamicUnkArray@ATL@@@ATL@@UAGJK@Z 100028ce f i Totals.obj
 0001:000018ce       ?Unadvise@?$IConnectionPointImpl@VCOPOSTotals@@$1?IID_IPropertyNotifySink@@3U_GUID@@BVCComDynamicUnkArray@ATL@@@ATL@@UAGJK@Z 100028ce f i Totals.obj
 0001:0000190e       ?EnumConnections@?$IConnectionPointImpl@VCOPOSTotals@@$1?IID_IPropertyNotifySink@@3U_GUID@@BVCComDynamicUnkArray@ATL@@@ATL@@UAGJPAPAUIEnumConnections@@@Z 1000290e f i Totals.obj
 0001:0000190e       ?EnumConnections@?$IConnectionPointImpl@VCOPOSTotals@@$1?DIID__IOPOSTotalsEvents@@3U_GUID@@BVCComDynamicUnkArray@ATL@@@ATL@@UAGJPAPAUIEnumConnections@@@Z 1000290e f i Totals.obj
 0001:00001a14       ?GetObjectDescription@?$CComCoClass@VCOPOSTotals@@$1?CLSID_OPOSTotals@@3U_GUID@@B@ATL@@SGPB_WXZ 10002a14 f i Totals.obj
 0001:00001a14       ?GetCategoryMap@CComObjectRootBase@ATL@@SAPBU_ATL_CATMAP_ENTRY@2@XZ 10002a14 f i Totals.obj
 0001:00001a17       ?GetConnectionInterface@?$IConnectionPointImpl@VCOPOSTotals@@$1?DIID__IOPOSTotalsEvents@@3U_GUID@@BVCComDynamicUnkArray@ATL@@@ATL@@UAGJPAU_GUID@@@Z 10002a17 f i Totals.obj
 0001:00001a3b       ?GetConnectionPointContainer@?$IConnectionPointImpl@VCOPOSTotals@@$1?DIID__IOPOSTotalsEvents@@3U_GUID@@BVCComDynamicUnkArray@ATL@@@ATL@@UAGJPAPAUIConnectionPointContainer@@@Z 10002a3b f i Totals.obj
 0001:00001a5e       ?UpdateRegistry@COPOSTotals@@SGJH@Z 10002a5e f i Totals.obj
 0001:00001a76       ?ProcessWindowMessage@COPOSTotals@@UAEHPAUHWND__@@IIJAAJK@Z 10002a76 f i Totals.obj
 0001:00001abf       ?SODirectIO@COPOSTotals@@MAGJJPAJPAPA_W@Z 10002abf f i Totals.obj
 0001:00001b08       ?SOStatusUpdate@COPOSTotals@@MAGJJ@Z 10002b08 f i Totals.obj
 0001:00001b41       ?Lock@CAtlModule@ATL@@UAEJXZ 10002b41 f i Totals.obj
 0001:00001b4b       ?Unlock@CAtlModule@ATL@@UAEJXZ 10002b4b f i Totals.obj
 0001:00001b55       ?GetLockCount@CAtlModule@ATL@@UAEJXZ 10002b55 f i Totals.obj
 0001:00001b59       ?GetGITPtr@CAtlModule@ATL@@UAEJPAPAUIGlobalInterfaceTable@@@Z 10002b59 f i Totals.obj
 0001:00001ba5       ?AddCommonRGSReplacements@?$CAtlModuleT@VCComModule@ATL@@@ATL@@UAEJPAUIRegistrarBase@@@Z 10002ba5 f i Totals.obj
 0001:00001bbf       ?UpdateRegistryFromResourceD@CComModule@ATL@@UAGJIHPAU_ATL_REGMAP_ENTRY@2@@Z 10002bbf f i Totals.obj
 0001:00001bbf       ?UpdateRegistryFromResourceD@CComModule@ATL@@UAGJPB_WHPAU_ATL_REGMAP_ENTRY@2@@Z 10002bbf f i Totals.obj
 0001:00001bc7       ?UpdateRegistryFromResource@CComModule@ATL@@UAGJPB_WHPAU_ATL_REGMAP_ENTRY@2@@Z 10002bc7 f i Totals.obj
 0001:00001bd0       ?UpdateRegistryFromResource@CComModule@ATL@@UAGJIHPAU_ATL_REGMAP_ENTRY@2@@Z 10002bd0 f i Totals.obj
 0001:00001bd9       ?CreateInstance@?$CComCreator@V?$CComObjectCached@VCComClassFactory@ATL@@@ATL@@@ATL@@SGJPAXABU_GUID@@PAPAX@Z 10002bd9 f i Totals.obj
 0001:00001c85       ??_ECComModule@ATL@@UAEPAXI@Z 10002c85 f i Totals.obj
 0001:00001c85       ??_GCComModule@ATL@@UAEPAXI@Z 10002c85 f i Totals.obj
 0001:00001cad       ?CreateInstance@?$CComCreator2@V?$CComCreator@V?$CComObject@VCOPOSTotals@@@ATL@@@ATL@@V?$CComCreator@V?$CComAggObject@VCOPOSTotals@@@ATL@@@2@@ATL@@SGJPAXABU_GUID@@PAPAX@Z 10002cad f i Totals.obj
 0001:00001ccd       ?AddRef@?$CComObjectCached@VCComClassFactory@ATL@@@ATL@@UAGKXZ 10002ccd f i Totals.obj
 0001:00001cf4       ?Release@?$CComObjectCached@VCComClassFactory@ATL@@@ATL@@UAGKXZ 10002cf4 f i Totals.obj
 0001:00001d2a       ?QueryInterface@?$CComObjectCached@VCComClassFactory@ATL@@@ATL@@UAGJABU_GUID@@PAPAX@Z 10002d2a f i Totals.obj
 0001:00001d44       ??_G?$CComObjectCached@VCComClassFactory@ATL@@@ATL@@UAEPAXI@Z 10002d44 f i Totals.obj
 0001:00001d44       ??_E?$CComObjectCached@VCComClassFactory@ATL@@@ATL@@UAEPAXI@Z 10002d44 f i Totals.obj
 0001:00001d66       ?Next@?$CComEnumImpl@UIEnumConnectionPoints@@$1?_GUID_b196b285_bab4_101a_b69c_00aa00341d07@@3U__s_GUID@@BPAUIConnectionPoint@@V?$_CopyInterface@UIConnectionPoint@@@ATL@@@ATL@@UAGJKPAPAUIConnectionPoint@@PAK@Z 10002d66 f i Totals.obj
 0001:00001e3d       ?Skip@?$CComEnumImpl@UIEnumConnectionPoints@@$1?_GUID_b196b285_bab4_101a_b69c_00aa00341d07@@3U__s_GUID@@BPAUIConnectionPoint@@V?$_CopyInterface@UIConnectionPoint@@@ATL@@@ATL@@UAGJK@Z 10002e3d f i Totals.obj
 0001:00001e6a       ?Reset@?$CComEnumImpl@UIEnumConnections@@$1?_GUID_b196b287_bab4_101a_b69c_00aa00341d07@@3U__s_GUID@@BUtagCONNECTDATA@@V?$_Copy@UtagCONNECTDATA@@@ATL@@@ATL@@UAGJXZ 10002e6a f i Totals.obj
 0001:00001e6a       ?Reset@?$CComEnumImpl@UIEnumConnectionPoints@@$1?_GUID_b196b285_bab4_101a_b69c_00aa00341d07@@3U__s_GUID@@BPAUIConnectionPoint@@V?$_CopyInterface@UIConnectionPoint@@@ATL@@@ATL@@UAGJXZ 10002e6a f i Totals.obj
 0001:00001e7c       ?Clone@?$CComEnumImpl@UIEnumConnectionPoints@@$1?_GUID_b196b285_bab4_101a_b69c_00aa00341d07@@3U__s_GUID@@BPAUIConnectionPoint@@V?$_CopyInterface@UIConnectionPoint@@@ATL@@@ATL@@UAGJPAPAUIEnumConnectionPoints@@@Z 10002e7c f i Totals.obj
 0001:00001f5d       ?AddRef@?$CComObject@V?$CComEnum@UIEnumConnections@@$1?_GUID_b196b287_bab4_101a_b69c_00aa00341d07@@3U__s_GUID@@BUtagCONNECTDATA@@V?$_Copy@UtagCONNECTDATA@@@ATL@@VCComSingleThreadModel@6@@ATL@@@ATL@@UAGKXZ 10002f5d f i Totals.obj
 0001:00001f5d       ?AddRef@?$CComObject@V?$CComEnum@UIEnumConnectionPoints@@$1?_GUID_b196b285_bab4_101a_b69c_00aa00341d07@@3U__s_GUID@@BPAUIConnectionPoint@@V?$_CopyInterface@UIConnectionPoint@@@ATL@@VCComSingleThreadModel@6@@ATL@@@ATL@@UAGKXZ 10002f5d f i Totals.obj
 0001:00001f6e       ?Release@?$CComObject@V?$CComEnum@UIEnumConnections@@$1?_GUID_b196b287_bab4_101a_b69c_00aa00341d07@@3U__s_GUID@@BUtagCONNECTDATA@@V?$_Copy@UtagCONNECTDATA@@@ATL@@VCComSingleThreadModel@6@@ATL@@@ATL@@UAGKXZ 10002f6e f i Totals.obj
 0001:00001f6e       ?Release@?$CComObject@V?$CComEnum@UIEnumConnectionPoints@@$1?_GUID_b196b285_bab4_101a_b69c_00aa00341d07@@3U__s_GUID@@BPAUIConnectionPoint@@V?$_CopyInterface@UIConnectionPoint@@@ATL@@VCComSingleThreadModel@6@@ATL@@@ATL@@UAGKXZ 10002f6e f i Totals.obj
 0001:00001faa       ?QueryInterface@?$CComObject@V?$CComEnum@UIEnumConnectionPoints@@$1?_GUID_b196b285_bab4_101a_b69c_00aa00341d07@@3U__s_GUID@@BPAUIConnectionPoint@@V?$_CopyInterface@UIConnectionPoint@@@ATL@@VCComSingleThreadModel@6@@ATL@@@ATL@@UAGJABU_GUID@@PAPAX@Z 10002faa f i Totals.obj
 0001:00001fc4       ??_G?$CComObject@V?$CComEnum@UIEnumConnectionPoints@@$1?_GUID_b196b285_bab4_101a_b69c_00aa00341d07@@3U__s_GUID@@BPAUIConnectionPoint@@V?$_CopyInterface@UIConnectionPoint@@@ATL@@VCComSingleThreadModel@6@@ATL@@@ATL@@UAEPAXI@Z 10002fc4 f i Totals.obj
 0001:00001fc4       ??_E?$CComObject@V?$CComEnum@UIEnumConnectionPoints@@$1?_GUID_b196b285_bab4_101a_b69c_00aa00341d07@@3U__s_GUID@@BPAUIConnectionPoint@@V?$_CopyInterface@UIConnectionPoint@@@ATL@@VCComSingleThreadModel@6@@ATL@@@ATL@@UAEPAXI@Z 10002fc4 f i Totals.obj
 0001:00001fe6       ?AddRef@CRegObject@ATL@@UAGKXZ 10002fe6 f i Totals.obj
 0001:00001fec       ?AddReplacement@CRegObject@ATL@@UAGJPB_W0@Z 10002fec f i Totals.obj
 0001:00002025       ?ClearReplacements@CRegObject@ATL@@UAGJXZ 10003025 f i Totals.obj
 0001:00002037       ??_ECRegObject@ATL@@UAEPAXI@Z 10003037 f i Totals.obj
 0001:00002037       ??_GCRegObject@ATL@@UAEPAXI@Z 10003037 f i Totals.obj
 0001:00002059       ?AddRef@?$CComAggObject@VCOPOSTotals@@@ATL@@UAGKXZ 10003059 f i Totals.obj
 0001:0000206a       ?Release@?$CComAggObject@VCOPOSTotals@@@ATL@@UAGKXZ 1000306a f i Totals.obj
 0001:000020a6       ?QueryInterface@?$CComAggObject@VCOPOSTotals@@@ATL@@UAGJABU_GUID@@PAPAX@Z 100030a6 f i Totals.obj
 0001:000020f5       ?AddRef@?$CComContainedObject@VCOPOSTotals@@@ATL@@UAGKXZ 100030f5 f i Totals.obj
 0001:0000210b       ?Release@?$CComContainedObject@VCOPOSTotals@@@ATL@@UAGKXZ 1000310b f i Totals.obj
 0001:00002121       ?QueryInterface@?$CComContainedObject@VCOPOSTotals@@@ATL@@UAGJABU_GUID@@PAPAX@Z 10003121 f i Totals.obj
 0001:0000213c       ??_G?$CComAggObject@VCOPOSTotals@@@ATL@@UAEPAXI@Z 1000313c f i Totals.obj
 0001:0000213c       ??_E?$CComAggObject@VCOPOSTotals@@@ATL@@UAEPAXI@Z 1000313c f i Totals.obj
 0001:00002161       ?AddRef@?$CComObject@VCOPOSTotals@@@ATL@@UAGKXZ 10003161 f i Totals.obj
 0001:00002178       ?Release@?$CComObject@VCOPOSTotals@@@ATL@@UAGKXZ 10003178 f i Totals.obj
 0001:000021ba       ?QueryInterface@?$CComObject@VCOPOSTotals@@@ATL@@UAGJABU_GUID@@PAPAX@Z 100031ba f i Totals.obj
 0001:000021d4       ?OnDrawAdvanced@CComControlBase@ATL@@UAEJAAUATL_DRAWINFO@@@Z 100031d4 f i Totals.obj
 0001:000022c7       ?Next@?$CComEnumImpl@UIEnumConnections@@$1?_GUID_b196b287_bab4_101a_b69c_00aa00341d07@@3U__s_GUID@@BUtagCONNECTDATA@@V?$_Copy@UtagCONNECTDATA@@@ATL@@@ATL@@UAGJKPAUtagCONNECTDATA@@PAK@Z 100032c7 f i Totals.obj
 0001:0000239e       ?Skip@?$CComEnumImpl@UIEnumConnections@@$1?_GUID_b196b287_bab4_101a_b69c_00aa00341d07@@3U__s_GUID@@BUtagCONNECTDATA@@V?$_Copy@UtagCONNECTDATA@@@ATL@@@ATL@@UAGJK@Z 1000339e f i Totals.obj
 0001:000023cb       ?Clone@?$CComEnumImpl@UIEnumConnections@@$1?_GUID_b196b287_bab4_101a_b69c_00aa00341d07@@3U__s_GUID@@BUtagCONNECTDATA@@V?$_Copy@UtagCONNECTDATA@@@ATL@@@ATL@@UAGJPAPAUIEnumConnections@@@Z 100033cb f i Totals.obj
 0001:000024ac       ?QueryInterface@?$CComObject@V?$CComEnum@UIEnumConnections@@$1?_GUID_b196b287_bab4_101a_b69c_00aa00341d07@@3U__s_GUID@@BUtagCONNECTDATA@@V?$_Copy@UtagCONNECTDATA@@@ATL@@VCComSingleThreadModel@6@@ATL@@@ATL@@UAGJABU_GUID@@PAPAX@Z 100034ac f i Totals.obj
 0001:000024c6       ??_G?$CComObject@V?$CComEnum@UIEnumConnections@@$1?_GUID_b196b287_bab4_101a_b69c_00aa00341d07@@3U__s_GUID@@BUtagCONNECTDATA@@V?$_Copy@UtagCONNECTDATA@@@ATL@@VCComSingleThreadModel@6@@ATL@@@ATL@@UAEPAXI@Z 100034c6 f i Totals.obj
 0001:000024c6       ??_E?$CComObject@V?$CComEnum@UIEnumConnections@@$1?_GUID_b196b287_bab4_101a_b69c_00aa00341d07@@3U__s_GUID@@BUtagCONNECTDATA@@V?$_Copy@UtagCONNECTDATA@@@ATL@@VCComSingleThreadModel@6@@ATL@@@ATL@@UAEPAXI@Z 100034c6 f i Totals.obj
 0001:000024e8       ??_E?$CComObject@VCOPOSTotals@@@ATL@@W3AEPAXI@Z 100034e8 f i Totals.obj
 0001:000024f0       ??_E?$CComObject@VCOPOSTotals@@@ATL@@WEM@AEPAXI@Z 100034f0 f i Totals.obj
 0001:000024f8       ?QueryInterface@?$CComObject@VCOPOSTotals@@@ATL@@WHA@AGJABU_GUID@@PAPAX@Z 100034f8 f i Totals.obj
 0001:00002502       ?AddRef@?$CComObject@VCOPOSTotals@@@ATL@@WHA@AGKXZ 10003502 f i Totals.obj
 0001:0000250c       ?Release@?$CComObject@VCOPOSTotals@@@ATL@@WHA@AGKXZ 1000350c f i Totals.obj
 0001:00002516       ?QueryInterface@?$CComObject@VCOPOSTotals@@@ATL@@WHE@AGJABU_GUID@@PAPAX@Z 10003516 f i Totals.obj
 0001:00002520       ?AddRef@?$CComObject@VCOPOSTotals@@@ATL@@WHE@AGKXZ 10003520 f i Totals.obj
 0001:0000252a       ?Release@?$CComObject@VCOPOSTotals@@@ATL@@WHE@AGKXZ 1000352a f i Totals.obj
 0001:00002534       ?QueryInterface@?$CComObject@VCOPOSTotals@@@ATL@@WHI@AGJABU_GUID@@PAPAX@Z 10003534 f i Totals.obj
 0001:0000253e       ?AddRef@?$CComObject@VCOPOSTotals@@@ATL@@WHI@AGKXZ 1000353e f i Totals.obj
 0001:00002548       ?Release@?$CComObject@VCOPOSTotals@@@ATL@@WHI@AGKXZ 10003548 f i Totals.obj
 0001:00002552       ?QueryInterface@?$CComObject@VCOPOSTotals@@@ATL@@WHM@AGJABU_GUID@@PAPAX@Z 10003552 f i Totals.obj
 0001:0000255c       ?AddRef@?$CComObject@VCOPOSTotals@@@ATL@@WHM@AGKXZ 1000355c f i Totals.obj
 0001:00002566       ?Release@?$CComObject@VCOPOSTotals@@@ATL@@WHM@AGKXZ 10003566 f i Totals.obj
 0001:00002570       ?QueryInterface@?$CComObject@VCOPOSTotals@@@ATL@@WIA@AGJABU_GUID@@PAPAX@Z 10003570 f i Totals.obj
 0001:0000257d       ?AddRef@?$CComObject@VCOPOSTotals@@@ATL@@WIA@AGKXZ 1000357d f i Totals.obj
 0001:0000258a       ?Release@?$CComObject@VCOPOSTotals@@@ATL@@WIA@AGKXZ 1000358a f i Totals.obj
 0001:00002597       ?QueryInterface@?$CComObject@VCOPOSTotals@@@ATL@@WIE@AGJABU_GUID@@PAPAX@Z 10003597 f i Totals.obj
 0001:000025a4       ?AddRef@?$CComObject@VCOPOSTotals@@@ATL@@WIE@AGKXZ 100035a4 f i Totals.obj
 0001:000025b1       ?Release@?$CComObject@VCOPOSTotals@@@ATL@@WIE@AGKXZ 100035b1 f i Totals.obj
 0001:000025be       ?QueryInterface@?$CComObject@VCOPOSTotals@@@ATL@@WII@AGJABU_GUID@@PAPAX@Z 100035be f i Totals.obj
 0001:000025cb       ?AddRef@?$CComObject@VCOPOSTotals@@@ATL@@WII@AGKXZ 100035cb f i Totals.obj
 0001:000025d8       ?Release@?$CComObject@VCOPOSTotals@@@ATL@@WII@AGKXZ 100035d8 f i Totals.obj
 0001:000025e5       ?QueryInterface@?$CComObject@VCOPOSTotals@@@ATL@@WIM@AGJABU_GUID@@PAPAX@Z 100035e5 f i Totals.obj
 0001:000025f2       ?AddRef@?$CComObject@VCOPOSTotals@@@ATL@@WIM@AGKXZ 100035f2 f i Totals.obj
 0001:000025ff       ?Release@?$CComObject@VCOPOSTotals@@@ATL@@WIM@AGKXZ 100035ff f i Totals.obj
 0001:0000260c       ?QueryInterface@?$CComObject@VCOPOSTotals@@@ATL@@WJA@AGJABU_GUID@@PAPAX@Z 1000360c f i Totals.obj
 0001:00002619       ?AddRef@?$CComObject@VCOPOSTotals@@@ATL@@WJA@AGKXZ 10003619 f i Totals.obj
 0001:00002626       ?Release@?$CComObject@VCOPOSTotals@@@ATL@@WJA@AGKXZ 10003626 f i Totals.obj
 0001:00002633       ?QueryInterface@?$CComObject@VCOPOSTotals@@@ATL@@WJE@AGJABU_GUID@@PAPAX@Z 10003633 f i Totals.obj
 0001:00002640       ?AddRef@?$CComObject@VCOPOSTotals@@@ATL@@WJE@AGKXZ 10003640 f i Totals.obj
 0001:0000264d       ?Release@?$CComObject@VCOPOSTotals@@@ATL@@WJE@AGKXZ 1000364d f i Totals.obj
 0001:0000265a       ?QueryInterface@?$CComObject@VCOPOSTotals@@@ATL@@WJI@AGJABU_GUID@@PAPAX@Z 1000365a f i Totals.obj
 0001:00002667       ?AddRef@?$CComObject@VCOPOSTotals@@@ATL@@WJI@AGKXZ 10003667 f i Totals.obj
 0001:00002674       ?Release@?$CComObject@VCOPOSTotals@@@ATL@@WJI@AGKXZ 10003674 f i Totals.obj
 0001:00002681       ?QueryInterface@?$CComObject@VCOPOSTotals@@@ATL@@WJM@AGJABU_GUID@@PAPAX@Z 10003681 f i Totals.obj
 0001:0000268e       ?AddRef@?$CComObject@VCOPOSTotals@@@ATL@@WJM@AGKXZ 1000368e f i Totals.obj
 0001:0000269b       ?Release@?$CComObject@VCOPOSTotals@@@ATL@@WJM@AGKXZ 1000369b f i Totals.obj
 0001:000026a8       ?QueryInterface@?$CComObject@VCOPOSTotals@@@ATL@@WKA@AGJABU_GUID@@PAPAX@Z 100036a8 f i Totals.obj
 0001:000026b5       ?AddRef@?$CComObject@VCOPOSTotals@@@ATL@@WKA@AGKXZ 100036b5 f i Totals.obj
 0001:000026c2       ?Release@?$CComObject@VCOPOSTotals@@@ATL@@WKA@AGKXZ 100036c2 f i Totals.obj
 0001:000026cf       ?AddRef@?$CComObject@VCOPOSTotals@@@ATL@@WKI@AGKXZ 100036cf f i Totals.obj
 0001:000026dc       ?Release@?$CComObject@VCOPOSTotals@@@ATL@@WKI@AGKXZ 100036dc f i Totals.obj
 0001:000026e9       ?AddRef@?$CComObject@VCOPOSTotals@@@ATL@@WLE@AGKXZ 100036e9 f i Totals.obj
 0001:000026f6       ?Release@?$CComObject@VCOPOSTotals@@@ATL@@WLE@AGKXZ 100036f6 f i Totals.obj
 0001:00002703       ??_E?$CComContainedObject@VCOPOSTotals@@@ATL@@W3AEPAXI@Z 10003703 f i Totals.obj
 0001:0000270b       ??_E?$CComContainedObject@VCOPOSTotals@@@ATL@@WEM@AEPAXI@Z 1000370b f i Totals.obj
 0001:00002713       ?QueryInterface@?$CComContainedObject@VCOPOSTotals@@@ATL@@WHA@AGJABU_GUID@@PAPAX@Z 10003713 f i Totals.obj
 0001:0000271d       ?AddRef@?$CComContainedObject@VCOPOSTotals@@@ATL@@WHA@AGKXZ 1000371d f i Totals.obj
 0001:00002727       ?Release@?$CComContainedObject@VCOPOSTotals@@@ATL@@WHA@AGKXZ 10003727 f i Totals.obj
 0001:00002731       ?QueryInterface@?$CComContainedObject@VCOPOSTotals@@@ATL@@WHE@AGJABU_GUID@@PAPAX@Z 10003731 f i Totals.obj
 0001:0000273b       ?AddRef@?$CComContainedObject@VCOPOSTotals@@@ATL@@WHE@AGKXZ 1000373b f i Totals.obj
 0001:00002745       ?Release@?$CComContainedObject@VCOPOSTotals@@@ATL@@WHE@AGKXZ 10003745 f i Totals.obj
 0001:0000274f       ?QueryInterface@?$CComContainedObject@VCOPOSTotals@@@ATL@@WHI@AGJABU_GUID@@PAPAX@Z 1000374f f i Totals.obj
 0001:00002759       ?AddRef@?$CComContainedObject@VCOPOSTotals@@@ATL@@WHI@AGKXZ 10003759 f i Totals.obj
 0001:00002763       ?Release@?$CComContainedObject@VCOPOSTotals@@@ATL@@WHI@AGKXZ 10003763 f i Totals.obj
 0001:0000276d       ?QueryInterface@?$CComContainedObject@VCOPOSTotals@@@ATL@@WHM@AGJABU_GUID@@PAPAX@Z 1000376d f i Totals.obj
 0001:00002777       ?AddRef@?$CComContainedObject@VCOPOSTotals@@@ATL@@WHM@AGKXZ 10003777 f i Totals.obj
 0001:00002781       ?Release@?$CComContainedObject@VCOPOSTotals@@@ATL@@WHM@AGKXZ 10003781 f i Totals.obj
 0001:0000278b       ?QueryInterface@?$CComContainedObject@VCOPOSTotals@@@ATL@@WIA@AGJABU_GUID@@PAPAX@Z 1000378b f i Totals.obj
 0001:00002798       ?AddRef@?$CComContainedObject@VCOPOSTotals@@@ATL@@WIA@AGKXZ 10003798 f i Totals.obj
 0001:000027a5       ?Release@?$CComContainedObject@VCOPOSTotals@@@ATL@@WIA@AGKXZ 100037a5 f i Totals.obj
 0001:000027b2       ?QueryInterface@?$CComContainedObject@VCOPOSTotals@@@ATL@@WIE@AGJABU_GUID@@PAPAX@Z 100037b2 f i Totals.obj
 0001:000027bf       ?AddRef@?$CComContainedObject@VCOPOSTotals@@@ATL@@WIE@AGKXZ 100037bf f i Totals.obj
 0001:000027cc       ?Release@?$CComContainedObject@VCOPOSTotals@@@ATL@@WIE@AGKXZ 100037cc f i Totals.obj
 0001:000027d9       ?QueryInterface@?$CComContainedObject@VCOPOSTotals@@@ATL@@WII@AGJABU_GUID@@PAPAX@Z 100037d9 f i Totals.obj
 0001:000027e6       ?AddRef@?$CComContainedObject@VCOPOSTotals@@@ATL@@WII@AGKXZ 100037e6 f i Totals.obj
 0001:000027f3       ?Release@?$CComContainedObject@VCOPOSTotals@@@ATL@@WII@AGKXZ 100037f3 f i Totals.obj
 0001:00002800       ?QueryInterface@?$CComContainedObject@VCOPOSTotals@@@ATL@@WIM@AGJABU_GUID@@PAPAX@Z 10003800 f i Totals.obj
 0001:0000280d       ?AddRef@?$CComContainedObject@VCOPOSTotals@@@ATL@@WIM@AGKXZ 1000380d f i Totals.obj
 0001:0000281a       ?Release@?$CComContainedObject@VCOPOSTotals@@@ATL@@WIM@AGKXZ 1000381a f i Totals.obj
 0001:00002827       ?QueryInterface@?$CComContainedObject@VCOPOSTotals@@@ATL@@WJA@AGJABU_GUID@@PAPAX@Z 10003827 f i Totals.obj
 0001:00002834       ?AddRef@?$CComContainedObject@VCOPOSTotals@@@ATL@@WJA@AGKXZ 10003834 f i Totals.obj
 0001:00002841       ?Release@?$CComContainedObject@VCOPOSTotals@@@ATL@@WJA@AGKXZ 10003841 f i Totals.obj
 0001:0000284e       ?QueryInterface@?$CComContainedObject@VCOPOSTotals@@@ATL@@WJE@AGJABU_GUID@@PAPAX@Z 1000384e f i Totals.obj
 0001:0000285b       ?AddRef@?$CComContainedObject@VCOPOSTotals@@@ATL@@WJE@AGKXZ 1000385b f i Totals.obj
 0001:00002868       ?Release@?$CComContainedObject@VCOPOSTotals@@@ATL@@WJE@AGKXZ 10003868 f i Totals.obj
 0001:00002875       ?QueryInterface@?$CComContainedObject@VCOPOSTotals@@@ATL@@WJI@AGJABU_GUID@@PAPAX@Z 10003875 f i Totals.obj
 0001:00002882       ?AddRef@?$CComContainedObject@VCOPOSTotals@@@ATL@@WJI@AGKXZ 10003882 f i Totals.obj
 0001:0000288f       ?Release@?$CComContainedObject@VCOPOSTotals@@@ATL@@WJI@AGKXZ 1000388f f i Totals.obj
 0001:0000289c       ?QueryInterface@?$CComContainedObject@VCOPOSTotals@@@ATL@@WJM@AGJABU_GUID@@PAPAX@Z 1000389c f i Totals.obj
 0001:000028a9       ?AddRef@?$CComContainedObject@VCOPOSTotals@@@ATL@@WJM@AGKXZ 100038a9 f i Totals.obj
 0001:000028b6       ?Release@?$CComContainedObject@VCOPOSTotals@@@ATL@@WJM@AGKXZ 100038b6 f i Totals.obj
 0001:000028c3       ?QueryInterface@?$CComContainedObject@VCOPOSTotals@@@ATL@@WKA@AGJABU_GUID@@PAPAX@Z 100038c3 f i Totals.obj
 0001:000028d0       ?AddRef@?$CComContainedObject@VCOPOSTotals@@@ATL@@WKA@AGKXZ 100038d0 f i Totals.obj
 0001:000028dd       ?Release@?$CComContainedObject@VCOPOSTotals@@@ATL@@WKA@AGKXZ 100038dd f i Totals.obj
 0001:000028ea       ?AddRef@?$CComContainedObject@VCOPOSTotals@@@ATL@@WKI@AGKXZ 100038ea f i Totals.obj
 0001:000028f7       ?Release@?$CComContainedObject@VCOPOSTotals@@@ATL@@WKI@AGKXZ 100038f7 f i Totals.obj
 0001:00002904       ?AddRef@?$CComContainedObject@VCOPOSTotals@@@ATL@@WLE@AGKXZ 10003904 f i Totals.obj
 0001:00002911       ?Release@?$CComContainedObject@VCOPOSTotals@@@ATL@@WLE@AGKXZ 10003911 f i Totals.obj
 0001:0000291e       ??$?4UITypeInfo2@@@?$CComPtr@UITypeInfo@@@ATL@@QAEPAUITypeInfo@@ABV?$CComPtr@UITypeInfo2@@@1@@Z 1000391e f i Totals.obj
 0001:0000294b       ??$AtlAdd@K@ATL@@YAJPAKKK@Z 1000394b f i Totals.obj
 0001:0000296e       ??$AtlAdd@_K@ATL@@YAJPA_K_K1@Z 1000396e f i Totals.obj
 0001:000029a6       ??$AtlAddThrow@K@ATL@@YAKKK@Z 100039a6 f i Totals.obj
 0001:000029cc       ??$AtlModuleRegisterWndClassInfoT@VAtlModuleRegisterWndClassInfoParamW@ATL@@@ATL@@YAGPAU_ATL_BASE_MODULE70@0@PAU_ATL_WIN_MODULE70@0@PAU_ATL_WNDCLASSINFOW@0@PAP6GJPAUHWND__@@IIJ@ZVAtlModuleRegisterWndClassInfoParamW@0@@Z 100039cc f i Totals.obj
 0001:00002b1a       ??$AtlMultiply@H@ATL@@YAJPAHHH@Z 10003b1a f i Totals.obj
 0001:00002b52       ??$AtlMultiply@K@ATL@@YAJPAKKK@Z 10003b52 f i Totals.obj
 0001:00002b52       ??$AtlMultiply@I@ATL@@YAJPAIII@Z 10003b52 f i Totals.obj
 0001:00002b74       ??$AtlMultiplyThrow@I@ATL@@YAIII@Z 10003b74 f i Totals.obj
 0001:00002b9a       ??0?$CComAggObject@VCOPOSTotals@@@ATL@@QAE@PAX@Z 10003b9a f i Totals.obj
 0001:00002bc7       ??0?$CComContainedObject@VCOPOSTotals@@@ATL@@QAE@PAX@Z 10003bc7 f i Totals.obj
 0001:00002c80       ??0?$CComObject@V?$CComEnum@UIEnumConnectionPoints@@$1?_GUID_b196b285_bab4_101a_b69c_00aa00341d07@@3U__s_GUID@@BPAUIConnectionPoint@@V?$_CopyInterface@UIConnectionPoint@@@ATL@@VCComSingleThreadModel@6@@ATL@@@ATL@@QAE@PAX@Z 10003c80 f i Totals.obj
 0001:00002cae       ??0?$CComObject@V?$CComEnum@UIEnumConnections@@$1?_GUID_b196b287_bab4_101a_b69c_00aa00341d07@@3U__s_GUID@@BUtagCONNECTDATA@@V?$_Copy@UtagCONNECTDATA@@@ATL@@VCComSingleThreadModel@6@@ATL@@@ATL@@QAE@PAX@Z 10003cae f i Totals.obj
 0001:00002cdc       ??0?$CComObject@VCOPOSTotals@@@ATL@@QAE@PAX@Z 10003cdc f i Totals.obj
 0001:00002d93       ??0?$CComQIPtr@UIOleControlSite@@$1?_GUID_b196b289_bab4_101a_b69c_00aa00341d07@@3U__s_GUID@@B@ATL@@QAE@PAUIUnknown@@@Z 10003d93 f i Totals.obj
 0001:00002dbc       ??0CAtlModule@ATL@@QAE@XZ  10003dbc f i Totals.obj
 0001:00002dfd       ??0CParseBuffer@CRegParser@ATL@@QAE@H@Z 10003dfd f i Totals.obj
 0001:00002e33       ??0_ATL_MSG@ATL@@QAE@PAUHWND__@@IIJH@Z 10003e33 f i Totals.obj
 0001:00002e6b       ??1?$CComAggObject@VCOPOSTotals@@@ATL@@UAE@XZ 10003e6b f i Totals.obj
 0001:00002e8f       ??1?$CComEnumImpl@UIEnumConnectionPoints@@$1?_GUID_b196b285_bab4_101a_b69c_00aa00341d07@@3U__s_GUID@@BPAUIConnectionPoint@@V?$_CopyInterface@UIConnectionPoint@@@ATL@@@ATL@@UAE@XZ 10003e8f f i Totals.obj
 0001:00002ecf       ??1?$CComEnumImpl@UIEnumConnections@@$1?_GUID_b196b287_bab4_101a_b69c_00aa00341d07@@3U__s_GUID@@BUtagCONNECTDATA@@V?$_Copy@UtagCONNECTDATA@@@ATL@@@ATL@@UAE@XZ 10003ecf f i Totals.obj
 0001:00002f0f       ??1?$CComObject@V?$CComEnum@UIEnumConnectionPoints@@$1?_GUID_b196b285_bab4_101a_b69c_00aa00341d07@@3U__s_GUID@@BPAUIConnectionPoint@@V?$_CopyInterface@UIConnectionPoint@@@ATL@@VCComSingleThreadModel@6@@ATL@@@ATL@@UAE@XZ 10003f0f f i Totals.obj
 0001:00002f32       ??1?$CComObject@V?$CComEnum@UIEnumConnections@@$1?_GUID_b196b287_bab4_101a_b69c_00aa00341d07@@3U__s_GUID@@BUtagCONNECTDATA@@V?$_Copy@UtagCONNECTDATA@@@ATL@@VCComSingleThreadModel@6@@ATL@@@ATL@@UAE@XZ 10003f32 f i Totals.obj
 0001:00002f55       ??1?$CComObject@VCOPOSTotals@@@ATL@@UAE@XZ 10003f55 f i Totals.obj
 0001:00003013       ??1?$CComObjectCached@VCComClassFactory@ATL@@@ATL@@UAE@XZ 10004013 f i Totals.obj
 0001:00003029       ??1?$CComObjectRootEx@VCComMultiThreadModel@ATL@@@ATL@@QAE@XZ 10004029 f i Totals.obj
 0001:0000303e       ??1CRegObject@ATL@@UAE@XZ  1000403e f i Totals.obj
 0001:0000305e       ??4?$CComPtr@UIAdviseSink@@@ATL@@QAEPAUIAdviseSink@@PAU2@@Z 1000405e f i Totals.obj
 0001:0000305e       ??4?$CComPtr@UIUnknown@@@ATL@@QAEPAUIUnknown@@PAU2@@Z 1000405e f i Totals.obj
 0001:0000305e       ??4?$CComPtr@UIOleClientSite@@@ATL@@QAEPAUIOleClientSite@@PAU2@@Z 1000405e f i Totals.obj
 0001:00003092       ??_G?$CComContainedObject@VCOPOSTotals@@@ATL@@UAEPAXI@Z 10004092 f i Totals.obj
 0001:00003092       ??_E?$CComContainedObject@VCOPOSTotals@@@ATL@@UAEPAXI@Z 10004092 f i Totals.obj
 0001:000030b7       ??_G?$CComObject@VCOPOSTotals@@@ATL@@UAEPAXI@Z 100040b7 f i Totals.obj
 0001:000030b7       ??_E?$CComObject@VCOPOSTotals@@@ATL@@UAEPAXI@Z 100040b7 f i Totals.obj
 0001:000030dc       ?Add@?$CSimpleArray@GV?$CSimpleArrayEqualHelper@G@ATL@@@ATL@@QAEHABG@Z 100040dc f i Totals.obj
 0001:00003160       ?Add@?$CSimpleMap@PA_WPA_WVCExpansionVectorEqualHelper@ATL@@@ATL@@QAEHABQA_W0@Z 10004160 f i Totals.obj
 0001:000031b5       ?Add@CComDynamicUnkArray@ATL@@QAEKPAUIUnknown@@@Z 100041b5 f i Totals.obj
 0001:0000326b       ?Add@CExpansionVector@ATL@@QAEHPB_W0@Z 1000426b f i Totals.obj
 0001:00003374       ?AddString@CParseBuffer@CRegParser@ATL@@QAEHPB_W@Z 10004374 f i Totals.obj
 0001:000033a9       ?AddTermFunc@CAtlModule@ATL@@QAEJP6GXK@ZK@Z 100043a9 f i Totals.obj
 0001:0000340c       ?AddValue@CRegParser@ATL@@IAEJAAVCRegKey@2@PB_WPA_W@Z 1000440c f i Totals.obj
 0001:00003726       ?Allocate@?$CAtlSafeAllocBufferManager@VCCRTAllocator@ATL@@@_ATL_SAFE_ALLOCA_IMPL@ATL@@QAEPAXK@Z 10004726 f i Totals.obj
 0001:00003753       ?Allocate@?$CTempBuffer@E$0BAA@VCCRTAllocator@ATL@@@ATL@@QAEPAEI@Z 10004753 f i Totals.obj
 0001:00003782       ?Allocate@?$CTempBuffer@_W$0BAA@VCCRTAllocator@ATL@@@ATL@@QAEPA_WI@Z 10004782 f i Totals.obj
 0001:000037b1       ?Allocate@?$CTempBuffer@_W$0EAA@VCCRTAllocator@ATL@@@ATL@@QAEPA_WI@Z 100047b1 f i Totals.obj
 0001:000037e0       ?AllocateHeap@?$CTempBuffer@_W$0EAA@VCCRTAllocator@ATL@@@ATL@@AAEXI@Z 100047e0 f i Totals.obj
 0001:000037e0       ?AllocateHeap@?$CTempBuffer@E$0BAA@VCCRTAllocator@ATL@@@ATL@@AAEXI@Z 100047e0 f i Totals.obj
 0001:000037e0       ?AllocateHeap@?$CTempBuffer@_W$0BAA@VCCRTAllocator@ATL@@@ATL@@AAEXI@Z 100047e0 f i Totals.obj
 0001:00003805       ?Append@CParseBuffer@CRegParser@ATL@@QAEHPB_WH@Z 10004805 f i Totals.obj
 0001:00003893       ?AtlCoTaskMemCAlloc@ATL@@YAPAXKK@Z 10004893 f i Totals.obj
 0001:000038c0       ?AtlCoTaskMemRecalloc@ATL@@YAPAXPAXKK@Z 100048c0 f i Totals.obj
 0001:000038f0       ?AtlComModuleGetClassObject@ATL@@YGJPAU_ATL_COM_MODULE70@1@ABU_GUID@@1PAPAX@Z 100048f0 f i Totals.obj
 0001:000039e3       ?AtlComModuleRegisterServer@ATL@@YGJPAU_ATL_COM_MODULE70@1@HPBU_GUID@@@Z 100049e3 f i Totals.obj
 0001:00003a6b       ?AtlComModuleUnregisterServer@ATL@@YGJPAU_ATL_COM_MODULE70@1@HPBU_GUID@@@Z 10004a6b f i Totals.obj
 0001:00003af3       ?AtlComQIPtrAssign2@ATL@@YAXPAPAUIUnknown@@PAU2@ABU_GUID@@@Z 10004af3 f i Totals.obj
 0001:00003b22       ?AtlCreateTargetDC@ATL@@YGPAUHDC__@@PAU2@PAUtagDVTARGETDEVICE@@@Z 10004b22 f i Totals.obj
 0001:00003b8b       ?AtlCrtErrorCheck@ATL@@YAHH@Z 10004b8b f i Totals.obj
 0001:00003bc6       ?AtlHiMetricToPixel@ATL@@YGXPBUtagSIZE@@PAU2@@Z 10004bc6 f i Totals.obj
 0001:00003c3b       ?AtlHresultFromLastError@ATL@@YAJXZ 10004c3b f i Totals.obj
 0001:00003c52       ?AtlHresultFromWin32@ATL@@YAJK@Z 10004c52 f i Totals.obj
 0001:00003c67       ?AtlInternalOleLoadFromStream@ATL@@YAJPAUIStream@@ABU_GUID@@PAPAXTClassesAllowedInStream@1@K@Z 10004c67 f i Totals.obj
 0001:00003d8d       ?AtlInternalQueryInterface@ATL@@YGJPAXPBU_ATL_INTMAP_ENTRY@1@ABU_GUID@@PAPAX@Z 10004d8d f i Totals.obj
 0001:00003e30       ?AtlLoadTypeLib@ATL@@YGJPAUHINSTANCE__@@PB_WPAPA_WPAPAUITypeLib@@@Z 10004e30 f i Totals.obj
 0001:0000400e       ?AtlRegisterClassCategoriesHelper@ATL@@YGJABU_GUID@@PBU_ATL_CATMAP_ENTRY@1@H@Z 1000500e f i Totals.obj
 0001:0000430a       ?AtlRegisterTypeLib@ATL@@YGJPAUHINSTANCE__@@PB_W@Z 1000530a f i Totals.obj
 0001:00004492       ?AtlThrowImpl@ATL@@YGXJ@Z  10005492 f i Totals.obj
 0001:000044b0       ?AtlUnRegisterTypeLib@ATL@@YGJPAUHINSTANCE__@@PB_W@Z 100054b0 f i Totals.obj
 0001:0000455b       ?AtlWinModuleAddCreateWndData@ATL@@YGXPAU_ATL_WIN_MODULE70@1@PAU_AtlCreateWndData@1@PAX@Z 1000555b f i Totals.obj
 0001:000045af       ?AtlWinModuleExtractCreateWndData@ATL@@YGPAXPAU_ATL_WIN_MODULE70@1@@Z 100055af f i Totals.obj
 0001:00004612       ?AtlWinModuleRegisterClassExW@ATL@@YGGPAU_ATL_WIN_MODULE70@1@PBUtagWNDCLASSEXW@@@Z 10005612 f i Totals.obj
 0001:00004651       ?CanForceRemoveKey@CRegParser@ATL@@IAEHPB_W@Z 10005651 f i Totals.obj
 0001:00004680       ?ChToByte@CRegParser@ATL@@KAE_W@Z 10005680 f i Totals.obj
 0001:000046b3       ?Cleanup@CComTypeInfoHolder@ATL@@SGXK@Z 100056b3 f i Totals.obj
 0001:000046e6       ?ClearReplacements@CExpansionVector@ATL@@QAEJXZ 100056e6 f i Totals.obj
 0001:00004723       ?Close@CRegKey@ATL@@QAEJXZ 10005723 f i Totals.obj
 0001:0000473d       ?CreateInstance@?$CComCreator@V?$CComAggObject@VCOPOSTotals@@@ATL@@@ATL@@SGJPAXABU_GUID@@PAPAX@Z 1000573d f i Totals.obj
 0001:000047b3       ?CreateInstance@?$CComCreator@V?$CComObject@VCOPOSTotals@@@ATL@@@ATL@@SGJPAXABU_GUID@@PAPAX@Z 100057b3 f i Totals.obj
 0001:00004834       ?CreateInstance@?$CComObject@V?$CComEnum@UIEnumConnectionPoints@@$1?_GUID_b196b285_bab4_101a_b69c_00aa00341d07@@3U__s_GUID@@BPAUIConnectionPoint@@V?$_CopyInterface@UIConnectionPoint@@@ATL@@VCComSingleThreadModel@6@@ATL@@@ATL@@SGJPAPAV12@@Z 10005834 f i Totals.obj
 0001:0000487b       ?CreateInstance@?$CComObject@V?$CComEnum@UIEnumConnections@@$1?_GUID_b196b287_bab4_101a_b69c_00aa00341d07@@3U__s_GUID@@BUtagCONNECTDATA@@V?$_Copy@UtagCONNECTDATA@@@ATL@@VCComSingleThreadModel@6@@ATL@@@ATL@@SGJPAPAV12@@Z 1000587b f i Totals.obj
 0001:000048c2       ?DefaultReflectionHandler@?$CWindowImplRoot@VCWindow@ATL@@@ATL@@SAHPAUHWND__@@IIJAAJ@Z 100058c2 f i Totals.obj
 0001:00004935       ?DeleteSubKey@CRegKey@ATL@@QAEJPB_W@Z 10005935 f i Totals.obj
 0001:000049ae       ?DoEvent@COPOSTotals@@IAEXIIJ@Z 100059ae f i Totals.obj
 0001:00004a2e       ?DoVerbHide@?$IOleObjectImpl@VCOPOSTotals@@@ATL@@QAEJPBUtagRECT@@PAUHWND__@@@Z 10005a2e f i Totals.obj
 0001:00004a64       ?DoVerbInPlaceActivate@?$IOleObjectImpl@VCOPOSTotals@@@ATL@@QAEJPBUtagRECT@@PAUHWND__@@@Z 10005a64 f i Totals.obj
 0001:00004a97       ?DoVerbPrimary@?$IOleObjectImpl@VCOPOSTotals@@@ATL@@QAEJPBUtagRECT@@PAUHWND__@@@Z 10005a97 f i Totals.obj
 0001:00004b23       ?DoVerbProperties@CComControlBase@ATL@@QAEJPBUtagRECT@@PAUHWND__@@@Z 10005b23 f i Totals.obj
 0001:00004ca2       ?DoVerbUIActivate@?$IOleObjectImpl@VCOPOSTotals@@@ATL@@QAEJPBUtagRECT@@PAUHWND__@@@Z 10005ca2 f i Totals.obj
 0001:00004cdf       ?DoesVerbActivate@CComControlBase@ATL@@QAEHJ@Z 10005cdf f i Totals.obj
 0001:00004d00       ?DoesVerbUIActivate@CComControlBase@ATL@@QAEHJ@Z 10005d00 f i Totals.obj
 0001:00004d35       ?EndOfVar@CRegParser@ATL@@IAEHXZ 10005d35 f i Totals.obj
 0001:00004d55       ?EscapeSingleQuote@CAtlModule@ATL@@SAXPA_WIPB_W@Z 10005d55 f i Totals.obj
 0001:00004da4       ?FindKey@?$CSimpleMap@PA_WPA_WVCExpansionVectorEqualHelper@ATL@@@ATL@@QBEHABQA_W@Z 10005da4 f i Totals.obj
 0001:00004ddb       ?FireTheEvent@?$CProxy_IOPOSEvents@VCOPOSTotals@@@@IAEXPAVOposVariant@@IAAJPB_WJ@Z 10005ddb f i Totals.obj
 0001:00004e6d       ?FireViewChange@CComControlBase@ATL@@QAEJXZ 10005e6d f i Totals.obj
 0001:00004eb6       ?Fire_DirectIOEvent@?$CProxy_IOPOSEvents@VCOPOSTotals@@@@QAEXJPAJPAPA_W@Z 10005eb6 f i Totals.obj
 0001:00004f9f       ?Fire_StatusUpdateEvent@?$CProxy_IOPOSEvents@VCOPOSTotals@@@@QAEXJ@Z 10005f9f f i Totals.obj
 0001:00005032       ?FreeHeap@?$CTempBuffer@E$0BAA@VCCRTAllocator@ATL@@@ATL@@AAEXXZ 10006032 f i Totals.obj
 0001:00005032       ?FreeHeap@?$CTempBuffer@_W$0BAA@VCCRTAllocator@ATL@@@ATL@@AAEXXZ 10006032 f i Totals.obj
 0001:00005032       ?FreeHeap@?$CTempBuffer@_W$0EAA@VCCRTAllocator@ATL@@@ATL@@AAEXXZ 10006032 f i Totals.obj
 0001:0000503b       ?GetAmbientLocaleID@CComControlBase@ATL@@QAEJAAK@Z 1000603b f i Totals.obj
 0001:00005097       ?GetAmbientUserMode@CComControlBase@ATL@@QAEJAAH@Z 10006097 f i Totals.obj
 0001:00005107       ?GetAt@CComDynamicUnkArray@ATL@@QAEPAUIUnknown@@H@Z 10006107 f i Totals.obj
 0001:00005123       ?GetClassObject@CComModule@ATL@@QAEJABU_GUID@@0PAPAX@Z 10006123 f i Totals.obj
 0001:000051c5       ?GetConnMap@COPOSTotals@@SAPBU_ATL_CONNMAP_ENTRY@ATL@@PAH@Z 100061c5 f i Totals.obj
 0001:00005235       ?GetCookie@CComDynamicUnkArray@ATL@@QAGKPAPAUIUnknown@@@Z 10006235 f i Totals.obj
 0001:0000526d       ?GetIDsOfNames@CComTypeInfoHolder@ATL@@QAEJABU_GUID@@PAPA_WIKPAJ@Z 1000626d f i Totals.obj
 0001:00005394       ?GetKeyAt@?$CSimpleMap@PA_WPA_WVCExpansionVectorEqualHelper@ATL@@@ATL@@QBEAAPA_WH@Z 10006394 f i Totals.obj
 0001:000053b9       ?GetPagesHelper@?$ISpecifyPropertyPagesImpl@VCOPOSTotals@@@ATL@@IAEJPAUtagCAUUID@@PBUATL_PROPMAP_ENTRY@2@@Z 100063b9 f i Totals.obj
 0001:000054e0       ?GetProperty@?$CComPtr@UIDispatch@@@ATL@@SAJPAUIDispatch@@JPAUtagVARIANT@@@Z 100064e0 f i Totals.obj
 0001:0000552f       ?GetSizeMax@CComVariant@ATL@@QBEJPAT_ULARGE_INTEGER@@@Z 1000652f f i Totals.obj
 0001:000056f5       ?GetTI@CComTypeInfoHolder@ATL@@QAEJK@Z 100066f5 f i Totals.obj
 0001:000058d4       ?GetTI@CComTypeInfoHolder@ATL@@QAEJKPAPAUITypeInfo@@@Z 100068d4 f i Totals.obj
 0001:00005916       ?GetUnknown@CComDynamicUnkArray@ATL@@QAGPAUIUnknown@@K@Z 10006916 f i Totals.obj
 0001:00005937       ?GetValueAt@?$CSimpleMap@PA_WPA_WVCExpansionVectorEqualHelper@ATL@@@ATL@@QBEAAPA_WH@Z 10006937 f i Totals.obj
 0001:0000595d       ?GetZoomInfo@CComControlBase@ATL@@QAEXAAUATL_DRAWINFO@@@Z 1000695d f i Totals.obj
 0001:000059f0       ?HKeyFromString@CRegParser@ATL@@KAPAUHKEY__@@PA_W@Z 100069f0 f i Totals.obj
 0001:00005a1e       ?HasSubKeys@CRegParser@ATL@@IAEHPAUHKEY__@@@Z 10006a1e f i Totals.obj
 0001:00005a53       ?IDataObject_GetData@CComControlBase@ATL@@QAEJPAUtagFORMATETC@@PAUtagSTGMEDIUM@@@Z 10006a53 f i Totals.obj
 0001:00005bf9       ?IOleInPlaceObject_InPlaceDeactivate@CComControlBase@ATL@@QAEJXZ 10006bf9 f i Totals.obj
 0001:00005c80       ?IOleInPlaceObject_SetObjectRects@CComControlBase@ATL@@QAEJPBUtagRECT@@0@Z 10006c80 f i Totals.obj
 0001:00005d4d       ?IOleInPlaceObject_UIDeactivate@CComControlBase@ATL@@QAEJXZ 10006d4d f i Totals.obj
 0001:00005e0f       ?IOleObject_Advise@CComControlBase@ATL@@QAEJPAUIAdviseSink@@PAK@Z 10006e0f f i Totals.obj
 0001:00005e39       ?IOleObject_Close@CComControlBase@ATL@@QAEJK@Z 10006e39 f i Totals.obj
 0001:00005f1d       ?IOleObject_GetClientSite@CComControlBase@ATL@@QAEJPAPAUIOleClientSite@@@Z 10006f1d f i Totals.obj
 0001:00005f46       ?IOleObject_SetClientSite@CComControlBase@ATL@@QAEJPAUIOleClientSite@@@Z 10006f46 f i Totals.obj
 0001:00005f85       ?IOleObject_SetExtent@CComControlBase@ATL@@QAEJKPAUtagSIZE@@@Z 10006f85 f i Totals.obj
 0001:00006039       ?IPSI_GetIPersistStreamInit@?$IPersistStorageImpl@VCOPOSTotals@@@ATL@@AAEPAUIPersistStreamInit@@XZ 10007039 f i Totals.obj
 0001:000060e1       ?IPersistStreamInit_Load@?$IPersistStreamInitImpl@VCOPOSTotals@@@ATL@@QAEJPAUIStream@@PBUATL_PROPMAP_ENTRY@2@@Z 100070e1 f i Totals.obj
 0001:0000635d       ?IPersistStreamInit_Save@?$IPersistStreamInitImpl@VCOPOSTotals@@@ATL@@QAEJPAUIStream@@HPBUATL_PROPMAP_ENTRY@2@@Z 1000735d f i Totals.obj
 0001:0000654b       ?IQuickActivate_QuickActivate@CComControlBase@ATL@@QAEJPAUtagQACONTAINER@@PAUtagQACONTROL@@@Z 1000754b f i Totals.obj
 0001:0000678d       ?IViewObject_Draw@CComControlBase@ATL@@QAEJKJPAXPAUtagDVTARGETDEVICE@@PAUHDC__@@2PBU_RECTL@@3@Z 1000778d f i Totals.obj
 0001:00006835       ?InPlaceActivate@CComControlBase@ATL@@QAEJJPBUtagRECT@@@Z 10007835 f i Totals.obj
 0001:00006aa6       ?Init@?$CComEnumImpl@UIEnumConnectionPoints@@$1?_GUID_b196b285_bab4_101a_b69c_00aa00341d07@@3U__s_GUID@@BPAUIConnectionPoint@@V?$_CopyInterface@UIConnectionPoint@@@ATL@@@ATL@@QAEJPAPAUIConnectionPoint@@0PAUIUnknown@@W4CComEnumFlags@2@@Z 10007aa6 f i Totals.obj
 0001:00006b85       ?Init@?$CComEnumImpl@UIEnumConnections@@$1?_GUID_b196b287_bab4_101a_b69c_00aa00341d07@@3U__s_GUID@@BUtagCONNECTDATA@@V?$_Copy@UtagCONNECTDATA@@@ATL@@@ATL@@QAEJPAUtagCONNECTDATA@@0PAUIUnknown@@W4CComEnumFlags@2@@Z 10007b85 f i Totals.obj
 0001:00006c64       ?Init@CComModule@ATL@@QAEJPAU_ATL_OBJMAP_ENTRY30@2@PAUHINSTANCE__@@PBU_GUID@@@Z 10007c64 f i Totals.obj
 0001:00006cc3       ?Init@CDynamicStdCallThunk2@ATL@@QAEHKPAX@Z 10007cc3 f i Totals.obj
 0001:00006cee       ?InlineIsEqualUnknown@ATL@@YGHABU_GUID@@@Z 10007cee f i Totals.obj
 0001:00006d16       ?InternalSetAtIndex@?$CSimpleMap@PA_WPA_WVCExpansionVectorEqualHelper@ATL@@@ATL@@QAEXHABQA_W0@Z 10007d16 f i Totals.obj
 0001:00006d40       ?Invoke@CComTypeInfoHolder@ATL@@QAEJPAUIDispatch@@JABU_GUID@@KGPAUtagDISPPARAMS@@PAUtagVARIANT@@PAUtagEXCEPINFO@@PAI@Z 10007d40 f i Totals.obj
 0001:00006d83       ?IsEqualObject@?$CComPtrBase@UITypeInfo@@@ATL@@QAE_NPAUIUnknown@@@Z 10007d83 f i Totals.obj
 0001:00006d83       ?IsEqualObject@?$CComPtrBase@UIOleClientSite@@@ATL@@QAE_NPAUIUnknown@@@Z 10007d83 f i Totals.obj
 0001:00006df0       ?IsSpace@CRegParser@ATL@@IAEH_W@Z 10007df0 f i Totals.obj
 0001:00006e1a       ?LoadNameCache@CComTypeInfoHolder@ATL@@QAEJPAUITypeInfo@@@Z 10007e1a f i Totals.obj
 0001:00006f66       ?Lookup@?$CSimpleMap@PA_WPA_WVCExpansionVectorEqualHelper@ATL@@@ATL@@QBEPA_WABQA_W@Z 10007f66 f i Totals.obj
 0001:00006f8c       ?NextToken@CRegParser@ATL@@IAEJPA_W@Z 10007f8c f i Totals.obj
 0001:000070c4       ?OnKillFocus@CComControlBase@ATL@@QAEJIIJAAH@Z 100080c4 f i Totals.obj
 0001:0000711f       ?OnMouseActivate@CComControlBase@ATL@@QAEJIIJAAH@Z 1000811f f i Totals.obj
 0001:0000718d       ?OnPaint@CComControlBase@ATL@@QAEJIIJAAH@Z 1000818d f i Totals.obj
 0001:0000723f       ?OnSetFocus@CComControlBase@ATL@@QAEJIIJAAH@Z 1000823f f i Totals.obj
 0001:000072c8       ?Open@CRegKey@ATL@@QAEJPAUHKEY__@@PB_WK@Z 100082c8 f i Totals.obj
 0001:0000731d       ?PreProcessBuffer@CRegParser@ATL@@QAEJPA_WPAPA_W@Z 1000831d f i Totals.obj
 0001:00007587       ?ProcessWindowMessage@?$CComControl@VCOPOSTotals@@V?$CWindowImpl@VCOPOSTotals@@VCWindow@ATL@@V?$CWinTraits@$0FGAAAAAA@$0A@@3@@ATL@@@ATL@@UAEHPAUHWND__@@IIJAAJK@Z 10008587 f i Totals.obj
 0001:00007626       ?ReadFromStream@CComBSTR@ATL@@QAEJPAUIStream@@@Z 10008626 f i Totals.obj
 0001:00007754       ?ReadFromStream@CComVariant@ATL@@QAEJPAUIStream@@GTClassesAllowedInStream@2@K@Z 10008754 f i Totals.obj
 0001:000078da       ?RecurseDeleteKey@CRegKey@ATL@@QAEJPB_W@Z 100088da f i Totals.obj
 0001:000079c8       ?RegCreateKeyExW@CAtlTransactionManager@ATL@@QAEJPAUHKEY__@@PB_WKPA_WKKQAU_SECURITY_ATTRIBUTES@@PAPAU3@PAK@Z 100089c8 f i Totals.obj
 0001:00007a2b       ?RegDeleteKeyW@CAtlTransactionManager@ATL@@QAEJPAUHKEY__@@PB_W@Z 10008a2b f i Totals.obj
 0001:00007a7d       ?RegOpenKeyExW@CAtlTransactionManager@ATL@@QAEJPAUHKEY__@@PB_WKKPAPAU3@@Z 10008a7d f i Totals.obj
 0001:00007ad4       ?Register@_ATL_WNDCLASSINFOW@ATL@@QAEGPAP6GJPAUHWND__@@IIJ@Z@Z 10008ad4 f i Totals.obj
 0001:00007af4       ?RegisterBuffer@CRegParser@ATL@@QAEJPA_WH@Z 10008af4 f i Totals.obj
 0001:00007c2d       ?RegisterFromResource@CRegObject@ATL@@IAEJPB_W00H@Z 10008c2d f i Totals.obj
 0001:00007d63       ?RegisterServer@?$CAtlModuleT@VCComModule@ATL@@@ATL@@QAEJHPBU_GUID@@@Z 10008d63 f i Totals.obj
 0001:00007d91       ?RegisterServer@CComModule@ATL@@QAEJHPBU_GUID@@@Z 10008d91 f i Totals.obj
 0001:00007e07       ?RegisterSubkeys@CRegParser@ATL@@IAEJPA_WPAUHKEY__@@HH@Z 10008e07 f i Totals.obj
 0001:000084ae       ?Remove@CComDynamicUnkArray@ATL@@QAEHK@Z 100094ae f i Totals.obj
 0001:000084d7       ?RemoveAll@?$CSimpleMap@PA_WPA_WVCExpansionVectorEqualHelper@ATL@@@ATL@@QAEXXZ 100094d7 f i Totals.obj
 0001:00008503       ?ResourceRegisterSz@CRegObject@ATL@@QAGJPB_W00@Z 10009503 f i Totals.obj
 0001:00008530       ?ResourceUnregisterSz@CRegObject@ATL@@QAGJPB_W00@Z 10009530 f i Totals.obj
 0001:0000855d       ?SendOnDataChange@CComControlBase@ATL@@QAEJK@Z 1000955d f i Totals.obj
 0001:000085aa       ?SetControlFocus@CComControlBase@ATL@@QAEHH@Z 100095aa f i Totals.obj
 0001:00008647       ?SetMultiStringValue@CRegKey@ATL@@QAEJPB_W0@Z 10009647 f i Totals.obj
 0001:000086a3       ?SetStringValue@CRegKey@ATL@@QAEJPB_W0K@Z 100096a3 f i Totals.obj
 0001:000086ec       ?SkipAssignment@CRegParser@ATL@@IAEJPA_W@Z 100096ec f i Totals.obj
 0001:00008751       ?SkipWhiteSpace@CRegParser@ATL@@IAEXXZ 10009751 f i Totals.obj
 0001:00008773       ?StrChrW@CRegParser@ATL@@KAPA_WPA_W_W@Z 10009773 f i Totals.obj
 0001:000087b0       ?Term@CAtlModule@ATL@@QAEXXZ 100097b0 f i Totals.obj
 0001:00008803       ?Term@CComModule@ATL@@QAEXXZ 10009803 f i Totals.obj
 0001:0000885b       ?UnregisterServer@?$CAtlModuleT@VCComModule@ATL@@@ATL@@QAEJHPBU_GUID@@@Z 1000985b f i Totals.obj
 0001:00008881       ?UnregisterServer@CComModule@ATL@@QAEJHPBU_GUID@@@Z 10009881 f i Totals.obj
 0001:000088f7       ?UpdateRegistryFromResource@CAtlModule@ATL@@QAGJIHPAU_ATL_REGMAP_ENTRY@2@@Z 100098f7 f i Totals.obj
 0001:00008ac2       ?UpdateRegistryFromResource@CAtlModule@ATL@@QAGJPB_WHPAU_ATL_REGMAP_ENTRY@2@@Z 10009ac2 f i Totals.obj
 0001:00008c93       ?VTFromRegType@CRegParser@ATL@@KAHPB_WAAG@Z 10009c93 f i Totals.obj
 0001:00008d00       ?WindowProc@?$CWindowImplBaseT@VCWindow@ATL@@V?$CWinTraits@$0FGAAAAAA@$0A@@2@@ATL@@SGJPAUHWND__@@IIJ@Z 10009d00 f i Totals.obj
 0001:00008df2       ?WriteToStream@CComBSTR@ATL@@QAEJPAUIStream@@@Z 10009df2 f i Totals.obj
 0001:00008e54       ?WriteToStream@CComVariant@ATL@@QAEJPAUIStream@@@Z 10009e54 f i Totals.obj
 0001:00008fce       ?WriteToStream@CComVariant@ATL@@QAEJPAUIStream@@G@Z 10009fce f i Totals.obj
 0001:00009037       ?_AtlInitialConstruct@?$CComObjectRootEx@VCComMultiThreadModel@ATL@@@ATL@@QAEJXZ 1000a037 f i Totals.obj
 0001:0000904c       ?_AtlVerifyStackAvailable@_ATL_SAFE_ALLOCA_IMPL@ATL@@YA_NK@Z 1000a04c f i Totals.obj
 0001:000090ca       ?atlCreate@?$CWindowImpl@VCOPOSTotals@@VCWindow@ATL@@V?$CWinTraits@$0FGAAAAAA@$0A@@3@@ATL@@QAEPAUHWND__@@PAU3@V_U_RECT@2@PB_WKKV_U_MENUorID@2@PAX@Z 1000a0ca f i Totals.obj
 0001:0000910e       ?atlCreate@?$CWindowImplBaseT@VCWindow@ATL@@V?$CWinTraits@$0FGAAAAAA@$0A@@2@@ATL@@QAEPAUHWND__@@PAU3@V_U_RECT@2@PB_WKKV_U_MENUorID@2@GPAX@Z 1000a10e f i Totals.obj
 0001:000091aa       ?copy@?$_Copy@UtagCONNECTDATA@@@ATL@@SAJPAUtagCONNECTDATA@@PBU3@@Z 1000a1aa f i Totals.obj
 0001:000091e0       ?copy@?$_CopyInterface@UIConnectionPoint@@@ATL@@SAJPAPAUIConnectionPoint@@PBQAU3@@Z 1000a1e0 f i Totals.obj
 0001:0000920e       ?memcpy_s@Checked@ATL@@YAXPAXIPBXI@Z 1000a20e f i Totals.obj
 0001:0000922d       ?ocscpy_s@@YA_NPA_WIPB_W@Z 1000a22d f i Totals.obj
 0001:00009277       ?wcscpy_s@Checked@ATL@@YAXPA_WIPB_W@Z 1000a277 f i Totals.obj
 0001:00009293       _DllCanUnloadNow@0         1000a293 f   Totals.obj
 0001:0000929f       _DllGetClassObject@12      1000a29f f   Totals.obj
 0001:000092ad       _DllMain@12                1000a2ad f   Totals.obj
 0001:000092ef       _DllRegisterServer@0       1000a2ef f   Totals.obj
 0001:000092fe       _DllUnregisterServer@0     1000a2fe f   Totals.obj
 0001:0000930d       _InlineIsEqualGUID         1000a30d f i Totals.obj
 0001:0000933d       ___local_stdio_printf_options 1000a33d f i Totals.obj
 0001:00009343       __vswprintf_s_l            1000a343 f i Totals.obj
 0001:000093f0       _swprintf_s                1000a3f0 f i Totals.obj
 0001:0000940c       ??0?$CComControl@VCOPOSTotals@@V?$CWindowImpl@VCOPOSTotals@@VCWindow@ATL@@V?$CWinTraits@$0FGAAAAAA@$0A@@3@@ATL@@@ATL@@QAE@XZ 1000a40c f i TotalsImpl.obj
 0001:00009433       ??0CComControlBase@ATL@@QAE@AAPAUHWND__@@@Z 1000a433 f i TotalsImpl.obj
 0001:0000947d       ??0COPOSTotals@@QAE@XZ     1000a47d f   TotalsImpl.obj
 0001:000094cc       ??1?$CComControl@VCOPOSTotals@@V?$CWindowImpl@VCOPOSTotals@@VCWindow@ATL@@V?$CWinTraits@$0FGAAAAAA@$0A@@3@@ATL@@@ATL@@UAE@XZ 1000a4cc f i TotalsImpl.obj
 0001:000094e5       ??1?$IConnectionPointImpl@VCOPOSTotals@@$1?IID_IPropertyNotifySink@@3U_GUID@@BVCComDynamicUnkArray@ATL@@@ATL@@QAE@XZ 1000a4e5 f i TotalsImpl.obj
 0001:000094e5       ??1?$IConnectionPointImpl@VCOPOSTotals@@$1?DIID__IOPOSTotalsEvents@@3U_GUID@@BVCComDynamicUnkArray@ATL@@@ATL@@QAE@XZ 1000a4e5 f i TotalsImpl.obj
 0001:00009522       ??1CComControlBase@ATL@@UAE@XZ 1000a522 f i TotalsImpl.obj
 0001:00009585       ??1COPOSTotals@@UAE@XZ     1000a585 f   TotalsImpl.obj
 0001:000095cd       ?BeginTrans@COPOSTotals@@UAGJPAJ@Z 1000a5cd f   TotalsImpl.obj
 0001:000095e8       ?CheckHealth@COPOSTotals@@UAGJJPAJ@Z 1000a5e8 f   TotalsImpl.obj
 0001:00009637       ?ClaimDevice@COPOSTotals@@UAGJJPAJ@Z 1000a637 f   TotalsImpl.obj
 0001:000096a5       ?ClaimFile@COPOSTotals@@UAGJJJPAJ@Z 1000a6a5 f   TotalsImpl.obj
 0001:00009719       ?Close@COPOSTotals@@UAGJPAJ@Z 1000a719 f   TotalsImpl.obj
 0001:00009787       ?CommitTrans@COPOSTotals@@UAGJPAJ@Z 1000a787 f   TotalsImpl.obj
 0001:000097a2       ?CompareFirmwareVersion@COPOSTotals@@UAGJPA_WPAJ1@Z 1000a7a2 f   TotalsImpl.obj
 0001:00009822       ?Create@COPOSTotals@@UAGJPA_WPAJJF1@Z 1000a822 f   TotalsImpl.obj
 0001:000098db       ?Delete@COPOSTotals@@UAGJPA_WPAJ@Z 1000a8db f   TotalsImpl.obj
 0001:00009932       ?DirectIO@COPOSTotals@@UAGJJPAJPAPA_W0@Z 1000a932 f   TotalsImpl.obj
 0001:000099e0       ?DoInvoke@COPOSTotals@@IAEJJPAVOposVariant@@IHPAJ_N@Z 1000a9e0 f   TotalsImpl.obj
 0001:00009abc       ?EventClose@COPOSTotals@@IAEXXZ 1000aabc f i TotalsImpl.obj
 0001:00009aef       ?EventInit@COPOSTotals@@IAEJXZ 1000aaef f i TotalsImpl.obj
 0001:00009bbb       ?EventUninit@COPOSTotals@@IAEXXZ 1000abbb f i TotalsImpl.obj
 0001:00009c0d       ?EventWindowProc@COPOSTotals@@IAGJIIJ@Z 1000ac0d f i TotalsImpl.obj
 0001:00009c84       ?FinalConstruct@COPOSTotals@@QAEJXZ 1000ac84 f   TotalsImpl.obj
 0001:00009cbd       ?Find@COPOSTotals@@UAGJPA_WPAJ11@Z 1000acbd f   TotalsImpl.obj
 0001:00009d75       ?FindByIndex@COPOSTotals@@UAGJJPAPA_WPAJ@Z 1000ad75 f   TotalsImpl.obj
 0001:00009df1       ?FireEventCleanup@COPOSTotals@@IAEXXZ 1000adf1 f i TotalsImpl.obj
 0001:00009e07       ?FireEventSetup@COPOSTotals@@IAE_NXZ 1000ae07 f i TotalsImpl.obj
 0001:00009e3b       ?FreezeEvents@COPOSTotals@@MAGJH@Z 1000ae3b f   TotalsImpl.obj
 0001:00009e8c       ?GetOposProp@COPOSTotals@@IAEJJPAFJ@Z 1000ae8c f   TotalsImpl.obj
 0001:00009eaf       ?GetOposProp@COPOSTotals@@IAEJJPAJJ@Z 1000aeaf f   TotalsImpl.obj
 0001:00009f7e       ?GetOposProp@COPOSTotals@@IAEJJPAPA_WJ@Z 1000af7e f   TotalsImpl.obj
 0001:0000a05a       ?OnDraw@COPOSTotals@@MAEJAAUATL_DRAWINFO@@@Z 1000b05a f   TotalsImpl.obj
 0001:0000a0fa       ?Open@COPOSTotals@@UAGJPA_WPAJ@Z 1000b0fa f   TotalsImpl.obj
 0001:0000a93a       ?Read@COPOSTotals@@UAGJJPAPA_WJJPAJ@Z 1000b93a f   TotalsImpl.obj
 0001:0000a9e9       ?RecalculateValidationData@COPOSTotals@@UAGJJPAJ@Z 1000b9e9 f   TotalsImpl.obj
 0001:0000aa38       ?ReleaseDevice@COPOSTotals@@UAGJPAJ@Z 1000ba38 f   TotalsImpl.obj
 0001:0000aa6f       ?ReleaseFile@COPOSTotals@@UAGJJPAJ@Z 1000ba6f f   TotalsImpl.obj
 0001:0000aabe       ?Rename@COPOSTotals@@UAGJJPA_WPAJ@Z 1000babe f   TotalsImpl.obj
 0001:0000ab3a       ?ResetStatistics@COPOSTotals@@UAGJPA_WPAJ@Z 1000bb3a f   TotalsImpl.obj
 0001:0000ab91       ?RetrieveStatistics@COPOSTotals@@UAGJPAPA_WPAJ@Z 1000bb91 f   TotalsImpl.obj
 0001:0000abe8       ?Rollback@COPOSTotals@@UAGJPAJ@Z 1000bbe8 f   TotalsImpl.obj
 0001:0000ac03       ?SOProcessID@COPOSTotals@@UAGJPAJ@Z 1000bc03 f   TotalsImpl.obj
 0001:0000ac17       ?SetAll@COPOSTotals@@UAGJJJPAJ@Z 1000bc17 f   TotalsImpl.obj
 0001:0000ac8b       ?SetCOFreezeEvents@COPOSTotals@@IAEXF@Z 1000bc8b f   TotalsImpl.obj
 0001:0000ad2b       ?SetOposProp@COPOSTotals@@IAEJJJJ@Z 1000bd2b f   TotalsImpl.obj
 0001:0000ae22       ?UpdateFirmware@COPOSTotals@@UAGJPA_WPAJ@Z 1000be22 f   TotalsImpl.obj
 0001:0000ae79       ?UpdateStatistics@COPOSTotals@@UAGJPA_WPAJ@Z 1000be79 f   TotalsImpl.obj
 0001:0000aed0       ?ValidateData@COPOSTotals@@UAGJJPAJ@Z 1000bed0 f   TotalsImpl.obj
 0001:0000af1f       ?Write@COPOSTotals@@UAGJJPA_WJJPAJ@Z 1000bf1f f   TotalsImpl.obj
 0001:0000afce       ?get_BinaryConversion@COPOSTotals@@UAGJPAJ@Z 1000bfce f   TotalsImpl.obj
 0001:0000afe4       ?get_CapCompareFirmwareVersion@COPOSTotals@@UAGJPAF@Z 1000bfe4 f   TotalsImpl.obj
 0001:0000affd       ?get_CapErrorDetection@COPOSTotals@@UAGJPAF@Z 1000bffd f   TotalsImpl.obj
 0001:0000b016       ?get_CapPowerReporting@COPOSTotals@@UAGJPAJ@Z 1000c016 f   TotalsImpl.obj
 0001:0000b02f       ?get_CapSingleFile@COPOSTotals@@UAGJPAF@Z 1000c02f f   TotalsImpl.obj
 0001:0000b048       ?get_CapStatisticsReporting@COPOSTotals@@UAGJPAF@Z 1000c048 f   TotalsImpl.obj
 0001:0000b061       ?get_CapTransactions@COPOSTotals@@UAGJPAF@Z 1000c061 f   TotalsImpl.obj
 0001:0000b07a       ?get_CapUpdateFirmware@COPOSTotals@@UAGJPAF@Z 1000c07a f   TotalsImpl.obj
 0001:0000b093       ?get_CapUpdateStatistics@COPOSTotals@@UAGJPAF@Z 1000c093 f   TotalsImpl.obj
 0001:0000b0ac       ?get_CheckHealthText@COPOSTotals@@UAGJPAPA_W@Z 1000c0ac f   TotalsImpl.obj
 0001:0000b0c5       ?get_Claimed@COPOSTotals@@UAGJPAF@Z 1000c0c5 f   TotalsImpl.obj
 0001:0000b0db       ?get_ControlObjectDescription@COPOSTotals@@UAGJPAPA_W@Z 1000c0db f   TotalsImpl.obj
 0001:0000b129       ?get_ControlObjectVersion@COPOSTotals@@UAGJPAJ@Z 1000c129 f   TotalsImpl.obj
 0001:0000b13c       ?get_DeviceDescription@COPOSTotals@@UAGJPAPA_W@Z 1000c13c f   TotalsImpl.obj
 0001:0000b155       ?get_DeviceEnabled@COPOSTotals@@UAGJPAF@Z 1000c155 f   TotalsImpl.obj
 0001:0000b16b       ?get_DeviceName@COPOSTotals@@UAGJPAPA_W@Z 1000c16b f   TotalsImpl.obj
 0001:0000b184       ?get_FreeData@COPOSTotals@@UAGJPAJ@Z 1000c184 f   TotalsImpl.obj
 0001:0000b19d       ?get_FreezeEvents@COPOSTotals@@UAGJPAF@Z 1000c19d f   TotalsImpl.obj
 0001:0000b1b3       ?get_NumberOfFiles@COPOSTotals@@UAGJPAJ@Z 1000c1b3 f   TotalsImpl.obj
 0001:0000b1cc       ?get_OpenResult@COPOSTotals@@UAGJPAJ@Z 1000c1cc f   TotalsImpl.obj
 0001:0000b1e3       ?get_PowerNotify@COPOSTotals@@UAGJPAJ@Z 1000c1e3 f   TotalsImpl.obj
 0001:0000b1f9       ?get_PowerState@COPOSTotals@@UAGJPAJ@Z 1000c1f9 f   TotalsImpl.obj
 0001:0000b20f       ?get_ResultCode@COPOSTotals@@UAGJPAJ@Z 1000c20f f   TotalsImpl.obj
 0001:0000b24d       ?get_ResultCodeExtended@COPOSTotals@@UAGJPAJ@Z 1000c24d f   TotalsImpl.obj
 0001:0000b263       ?get_ServiceObjectDescription@COPOSTotals@@UAGJPAPA_W@Z 1000c263 f   TotalsImpl.obj
 0001:0000b27c       ?get_ServiceObjectVersion@COPOSTotals@@UAGJPAJ@Z 1000c27c f   TotalsImpl.obj
 0001:0000b292       ?get_State@COPOSTotals@@UAGJPAJ@Z 1000c292 f   TotalsImpl.obj
 0001:0000b2be       ?get_TotalsSize@COPOSTotals@@UAGJPAJ@Z 1000c2be f   TotalsImpl.obj
 0001:0000b2d7       ?get_TransactionInProgress@COPOSTotals@@UAGJPAF@Z 1000c2d7 f   TotalsImpl.obj
 0001:0000b2f0       ?put_BinaryConversion@COPOSTotals@@UAGJJ@Z 1000c2f0 f   TotalsImpl.obj
 0001:0000b306       ?put_DeviceEnabled@COPOSTotals@@UAGJF@Z 1000c306 f   TotalsImpl.obj
 0001:0000b323       ?put_FreezeEvents@COPOSTotals@@UAGJF@Z 1000c323 f   TotalsImpl.obj
 0001:0000b36f       ?put_PowerNotify@COPOSTotals@@UAGJJ@Z 1000c36f f   TotalsImpl.obj
 0001:0000b385       ?s_EventWindowProc@COPOSTotals@@KGJPAUHWND__@@IIJ@Z 1000c385 f i TotalsImpl.obj
 0001:0000b3d7       ??_U@YAPAXI@Z              1000c3d7 f   LIBCMT:new_array.obj
 0001:0000b3e0       ??3@YAXPAXI@Z              1000c3e0 f   LIBCMT:delete_scalar_size.obj
 0001:0000b3ee       ??_V@YAXPAX@Z              1000c3ee f   LIBCMT:delete_array.obj
 0001:0000b3f3       ??_V@YAXPAXI@Z             1000c3f3 f   LIBCMT:delete_array_size.obj
 0001:0000b445       ___scrt_acquire_startup_lock 1000c445 f   LIBCMT:utility.obj
 0001:0000b477       ___scrt_dllmain_after_initialize_c 1000c477 f   LIBCMT:utility.obj
 0001:0000b4a2       ___scrt_dllmain_before_initialize_c 1000c4a2 f   LIBCMT:utility.obj
 0001:0000b4b0       ___scrt_dllmain_crt_thread_attach 1000c4b0 f   LIBCMT:utility.obj
 0001:0000b4cf       ___scrt_dllmain_crt_thread_detach 1000c4cf f   LIBCMT:utility.obj
 0001:0000b4dc       ___scrt_dllmain_exception_filter 1000c4dc f   LIBCMT:utility.obj
 0001:0000b510       ___scrt_dllmain_uninitialize_c 1000c510 f   LIBCMT:utility.obj
 0001:0000b533       ___scrt_dllmain_uninitialize_critical 1000c533 f   LIBCMT:utility.obj
 0001:0000b540       ___scrt_initialize_crt     1000c540 f   LIBCMT:utility.obj
 0001:0000b579       ___scrt_initialize_onexit_tables 1000c579 f   LIBCMT:utility.obj
 0001:0000b600       ___scrt_is_nonwritable_in_current_image 1000c600 f   LIBCMT:utility.obj
 0001:0000b694       ___scrt_release_startup_lock 1000c694 f   LIBCMT:utility.obj
 0001:0000b6b1       ___scrt_uninitialize_crt   1000c6b1 f   LIBCMT:utility.obj
 0001:0000b6d9       __onexit                   1000c6d9 f   LIBCMT:utility.obj
 0001:0000b706       _atexit                    1000c706 f   LIBCMT:utility.obj
 0001:0000b71b       ??3@YAXPAX@Z               1000c71b f   LIBCMT:delete_scalar.obj
 0001:0000b7e5       __Init_thread_footer       1000c7e5 f   LIBCMT:thread_safe_statics.obj
 0001:0000b82f       __Init_thread_header       1000c82f f   LIBCMT:thread_safe_statics.obj
 0001:0000b881       __Init_thread_notify       1000c881 f   LIBCMT:thread_safe_statics.obj
 0001:0000b8b7       __Init_thread_wait         1000c8b7 f   LIBCMT:thread_safe_statics.obj
 0001:0000b905       ___raise_securityfailure   1000c905 f   LIBCMT:gs_report.obj
 0001:0000b92d       ___report_gsfailure        1000c92d f   LIBCMT:gs_report.obj
 0001:0000ba26       ___report_rangecheckfailure 1000ca26 f   LIBCMT:gs_report.obj
 0001:0000ba32       ___report_securityfailure  1000ca32 f   LIBCMT:gs_report.obj
 0001:0000bb00       ??2@YAPAXIABUnothrow_t@std@@@Z 1000cb00 f   LIBCMT:new_scalar_nothrow.obj
 0001:0000bb50       ??_U@YAPAXIABUnothrow_t@std@@@Z 1000cb50 f   LIBCMT:new_array_nothrow.obj
 0001:0000bb59       @__security_check_cookie@4 1000cb59 f   LIBCMT:secchk.obj
 0001:0000bb70       __SEH_prolog4_GS           1000cb70 f   LIBCMT:sehprolg4gs.obj
 0001:0000bbb9       __SEH_epilog4_GS           1000cbb9 f   LIBCMT:sehprolg4gs.obj
 0001:0000bbd0       __alloca_probe_16          1000cbd0 f   LIBCMT:alloca16.obj
 0001:0000bbe6       __alloca_probe_8           1000cbe6     LIBCMT:alloca16.obj
 0001:0000bc00       __chkstk                   1000cc00 f   LIBCMT:chkstk.obj
 0001:0000bc00       __alloca_probe             1000cc00 f   LIBCMT:chkstk.obj
 0001:0000bf68       __DllMainCRTStartup@12     1000cf68 f   LIBCMT:dll_dllmain.obj
 0001:0000bf8b       ??2@YAPAXI@Z               1000cf8b f   LIBCMT:new_scalar.obj
 0001:0000bfbb       ___isa_available_init      1000cfbb f   LIBCMT:cpu_disp.obj
 0001:0000c18b       ___scrt_is_ucrt_dll_in_use 1000d18b f   LIBCMT:ucrt_detection.obj
 0001:0000c197       ___scrt_fastfail           1000d197 f   LIBCMT:utility_desktop.obj
 0001:0000c2b1       __crt_debugger_hook        1000d2b1 f   LIBCMT:utility_desktop.obj
 0001:0000c2c0       __SEH_prolog4              1000d2c0 f   LIBCMT:sehprolg4.obj
 0001:0000c306       __SEH_epilog4              1000d306 f   LIBCMT:sehprolg4.obj
 0001:0000c31b       @_guard_check_icall_nop@4  1000d31b f i LIBCMT:guard_support.obj
 0001:0000c369       ___security_init_cookie    1000d369 f   LIBCMT:gs_support.obj
 0001:0000c3b4       ?__scrt_initialize_type_info@@YAXXZ 1000d3b4 f   LIBCMT:tncleanup.obj
 0001:0000c3c0       ?__scrt_uninitialize_type_info@@YAXXZ 1000d3c0 f   LIBCMT:tncleanup.obj
 0001:0000c3cc       ___local_stdio_scanf_options 1000d3cc f i LIBCMT:default_local_stdio_options.obj
 0001:0000c3d2       ___scrt_initialize_default_local_stdio_options 1000d3d2 f   LIBCMT:default_local_stdio_options.obj
 0001:0000c3ef       ___scrt_get_dyn_tls_init_callback 1000d3ef f   LIBCMT:dyn_tls_init.obj
 0001:0000c3f5       __RTC_Initialize           1000d3f5 f   LIBCMT:initsect.obj
 0001:0000c421       __RTC_Terminate            1000d421 f   LIBCMT:initsect.obj
 0001:0000c44d       ??0bad_alloc@std@@QAE@ABV01@@Z 1000d44d f i LIBCMT:throw_bad_alloc.obj
 0001:0000c468       ??0bad_alloc@std@@QAE@XZ   1000d468 f i LIBCMT:throw_bad_alloc.obj
 0001:0000c480       ??0bad_array_new_length@std@@QAE@ABV01@@Z 1000d480 f i LIBCMT:throw_bad_alloc.obj
 0001:0000c49b       ??0bad_array_new_length@std@@QAE@XZ 1000d49b f i LIBCMT:throw_bad_alloc.obj
 0001:0000c4b3       ??0exception@std@@QAE@ABV01@@Z 1000d4b3 f i LIBCMT:throw_bad_alloc.obj
 0001:0000c4df       ??1bad_array_new_length@std@@UAE@XZ 1000d4df f i LIBCMT:throw_bad_alloc.obj
 0001:0000c4df       ??1bad_exception@std@@UAE@XZ 1000d4df f i libvcruntime:frame.obj
 0001:0000c4df       ??1bad_alloc@std@@UAE@XZ   1000d4df f i LIBCMT:throw_bad_alloc.obj
 0001:0000c4f0       ??_Eexception@std@@UAEPAXI@Z 1000d4f0 f i LIBCMT:throw_bad_alloc.obj
 0001:0000c4f0       ??_Ebad_exception@std@@UAEPAXI@Z 1000d4f0 f i libvcruntime:frame.obj
 0001:0000c4f0       ??_Ebad_array_new_length@std@@UAEPAXI@Z 1000d4f0 f i LIBCMT:throw_bad_alloc.obj
 0001:0000c4f0       ??_Gbad_exception@std@@UAEPAXI@Z 1000d4f0 f i libvcruntime:frame.obj
 0001:0000c4f0       ??_Gbad_alloc@std@@UAEPAXI@Z 1000d4f0 f i LIBCMT:throw_bad_alloc.obj
 0001:0000c4f0       ??_Gbad_array_new_length@std@@UAEPAXI@Z 1000d4f0 f i LIBCMT:throw_bad_alloc.obj
 0001:0000c4f0       ??_Ebad_alloc@std@@UAEPAXI@Z 1000d4f0 f i LIBCMT:throw_bad_alloc.obj
 0001:0000c4f0       ??_Gexception@std@@UAEPAXI@Z 1000d4f0 f i LIBCMT:throw_bad_alloc.obj
 0001:0000c51d       ?__scrt_throw_std_bad_alloc@@YAXXZ 1000d51d f   LIBCMT:throw_bad_alloc.obj
 0001:0000c53a       ?__scrt_throw_std_bad_array_new_length@@YAXXZ 1000d53a f   LIBCMT:throw_bad_alloc.obj
 0001:0000c557       ?what@exception@std@@UBEPBDXZ 1000d557 f i LIBCMT:throw_bad_alloc.obj
 0001:0000c564       ??_Etype_info@@UAEPAXI@Z   1000d564 f i LIBCMT:std_type_info_static.obj
 0001:0000c564       ??_Gtype_info@@UAEPAXI@Z   1000d564 f i LIBCMT:std_type_info_static.obj
 0001:0000c587       ??0CAtlBaseModule@ATL@@QAE@XZ 1000d587 f   atls:atlbase.obj
 0001:0000c5da       ??0_ATL_BASE_MODULE70@ATL@@QAE@XZ 1000d5da f i atls:atlbase.obj
 0001:0000c5fd       ??1CAtlBaseModule@ATL@@QAE@XZ 1000d5fd f   atls:atlbase.obj
 0001:0000c6ea       ?Init@_stdcallthunk@ATL@@QAEHKPAX@Z 1000d6ea f i atls:atlthunk.obj
 0001:0000c71f       ?__AllocStdCallThunk_cmn@@YAPAXXZ 1000d71f f   atls:atlthunk.obj
 0001:0000c7e5       ?__FreeStdCallThunk_cmn@@YAXPAX@Z 1000d7e5 f   atls:atlthunk.obj
 0001:0000c880       _AtlThunk_AllocateData@0   1000d880 f   atls:atlthunk.obj
 0001:0000c8e5       _AtlThunk_DataToCode@4     1000d8e5 f   atls:atlthunk.obj
 0001:0000c92c       _AtlThunk_FreeData@4       1000d92c f   atls:atlthunk.obj
 0001:0000c982       _AtlThunk_InitData@12      1000d982 f   atls:atlthunk.obj
 0001:0000c9d1       __get_purecall_handler     1000d9d1 f   libvcruntime:purevirt.obj
 0001:0000c9d7       __purecall                 1000d9d7 f   libvcruntime:purevirt.obj
 0001:0000c9f3       _wcsstr                    1000d9f3 f   libvcruntime:wcsstr.obj
 0001:0000ccb0       __except_handler4          1000dcb0 f   libvcruntime:chandler4.obj
 0001:0000ce0e       _memcmp                    1000de0e f   libvcruntime:memcmp.obj
 0001:0000ddc0       _memcpy                    1000edc0 f   libvcruntime:memcpy.obj
 0001:0000e340       _memset                    1000f340 f   libvcruntime:memset.obj
 0001:0000e49a       ___vcrt_initialize         1000f49a f   libvcruntime:initialization.obj
[...]
 0002:00002d30       ?strings@?1??fp_format_nan_or_infinity@@YAHW4__acrt_fp_class@@_NPADI1@Z@4QAY03QBDA 10021d30     libucrt:cvt.obj
 0002:00003278       ?_mb_locale_names@@3QBQB_WB 10022278     libucrt:mbctype.obj
 0002:00003ac0       ?LcidToLocaleNameTable@?A0x881e4c05@@3QBULcidToLocaleName@1@B 10022ac0     libucrt:lcidtoname_downlevel.obj
 0002:00004be8       ?LocaleNameToIndexTable@?A0x881e4c05@@3QBULocaleNameIndex@1@B 10023be8     libucrt:lcidtoname_downlevel.obj
 0002:00006440       ?large_power_indices@?1??multiply_by_power_of_ten@__crt_strtox@@YA_NAAUbig_integer@2@I@Z@4QBUunpack_index@?1??12@YA_N0I@Z@B 10025440     libucrt:cfout.obj
 0002:00006520       LOG_name                   10025520     libucrt:log10_impl.obj
 0002:00006530       _One                       10025530     libucrt:ceil_pentium4.obj
 0002:00006540       _Bns                       10025540     libucrt:ceil_pentium4.obj
 0002:00006550       _Zero                      10025550     libucrt:ceil_pentium4.obj
 0002:00006560       _S                         10025560     libucrt:ceil_pentium4.obj
 0002:00006570       _NegZero                   10025570     libucrt:ceil_pentium4.obj
 0002:00006580       emask                      10025580     libucrt:log10_pentium4.obj
 0002:00006590       CC                         10025590     libucrt:log10_pentium4.obj
 0002:000065a0       Magic                      100255a0     libucrt:log10_pentium4.obj
 0002:000065b0       hi_mask                    100255b0     libucrt:log10_pentium4.obj
 0002:000065c0       LOG10_2                    100255c0     libucrt:log10_pentium4.obj
 0002:000065d0       place_L                    100255d0     libucrt:log10_pentium4.obj
 0002:000065f0       One                        100255f0     libucrt:log10_pentium4.obj
 0002:00006600       Zero                       10025600     libucrt:log10_pentium4.obj
 0002:00006610       Two52                      10025610     libucrt:log10_pentium4.obj
 0002:00006620       Infs                       10025620     libucrt:log10_pentium4.obj
 0002:00006630       NaN                        10025630     libucrt:log10_pentium4.obj
 0002:00006640       coeff                      10025640     libucrt:log10_pentium4.obj
 0002:0000669e       _log2max                   1002569e     libucrt:87tran.obj
 0002:000066a8       _smallarg                  100256a8     libucrt:87tran.obj
 0002:000066b2       _half                      100256b2     libucrt:87tran.obj
 0002:000066fe       One                        100256fe     libucrt:87disp.obj
 0002:00006706       Three                      10025706     libucrt:87disp.obj
 0002:0000670e       XAMtoTagTab                1002570e     libucrt:87disp.obj
 0002:00006720       One                        10025720     libucrt:common.obj
 0002:00006734       DblMax                     10025734     libucrt:common.obj
 0002:0000673c       DblMin                     1002573c     libucrt:common.obj
 0002:00006744       IeeeAdjO                   10025744     libucrt:common.obj
 0002:0000674c       IeeeAdjU                   1002574c     libucrt:common.obj
 0002:00006754       _infinity                  10025754     libucrt:common.obj
 0002:0000675c       _zero                      1002575c     libucrt:common.obj
 0002:000067a8       _over                      100257a8     libucrt:fpctrl.obj
 0002:000067b4       _under                     100257b4     libucrt:fpctrl.obj
 0002:00006fe8       ?_names@?1??_get_fname@@9@9 10025fe8     libucrt:fpexcept.obj
 0002:00007190       two32                      10026190     LIBCMT:ftol2.obj
 0002:00007194       two63                      10026194     LIBCMT:ftol2.obj
 0002:00007198       _NaN                       10026198     LIBCMT:ftol2.obj
 0002:00007848       __sehtable$?_AtlVerifyStackAvailable@_ATL_SAFE_ALLOCA_IMPL@ATL@@YA_NK@Z 10026848     Totals.obj
 0002:00007868       __sehtable$___scrt_is_nonwritable_in_current_image 10026868     LIBCMT:utility.obj
 0002:00007884       __catchsym$??2@YAPAXIABUnothrow_t@std@@@Z$2 10026884     LIBCMT:new_scalar_nothrow.obj
 0002:00007894       __unwindtable$??2@YAPAXIABUnothrow_t@std@@@Z 10026894     LIBCMT:new_scalar_nothrow.obj
 0002:000078a4       __tryblocktable$??2@YAPAXIABUnothrow_t@std@@@Z 100268a4     LIBCMT:new_scalar_nothrow.obj
 0002:000078b8       __ehfuncinfo$??2@YAPAXIABUnothrow_t@std@@@Z 100268b8     LIBCMT:new_scalar_nothrow.obj
 0002:000078e0       __sehtable$?dllmain_crt_process_attach@@YAHQAUHINSTANCE__@@QAX@Z 100268e0     LIBCMT:dll_dllmain.obj
 0002:00007900       __sehtable$?dllmain_crt_process_detach@@YAH_N@Z 10026900     LIBCMT:dll_dllmain.obj
 0002:00007928       __sehtable$?dllmain_dispatch@@YAHQAUHINSTANCE__@@KQAX@Z 10026928     LIBCMT:dll_dllmain.obj
 0002:000079d8       __sehtable$___DestructExceptionObject 100269d8     libvcruntime:ehhelpers.obj
 0002:000079f8       __sehtable$?FrameUnwindToState@__FrameHandler3@@SAXPAUEHRegistrationNode@@PAXPBU_s_FuncInfo@@H@Z 100269f8     libvcruntime:frame.obj
 0002:00007a20       __sehtable$?CallCatchBlock@@YAPAXPAUEHExceptionRecord@@PAUEHRegistrationNode@@PAU_CONTEXT@@PBU_s_FuncInfo@@PAXHK@Z 10026a20     libvcruntime:frame.obj
 0002:00007a48       __catchsym$?CallUnexpected@@YAXPBU_s_ESTypeList@@@Z$2 10026a48     libvcruntime:frame.obj
 0002:00007a58       __unwindtable$?CallUnexpected@@YAXPBU_s_ESTypeList@@@Z 10026a58     libvcruntime:frame.obj
 0002:00007a68       __tryblocktable$?CallUnexpected@@YAXPBU_s_ESTypeList@@@Z 10026a68     libvcruntime:frame.obj
 0002:00007a7c       __ehfuncinfo$?CallUnexpected@@YAXPBU_s_ESTypeList@@@Z 10026a7c     libvcruntime:frame.obj
 0002:00007aa0       __sehtable$??$BuildCatchObjectHelperInternal@V__FrameHandler3@@@@YAHPAUEHExceptionRecord@@PAXPBU_s_HandlerType@@PBU_s_CatchableType@@@Z 10026aa0     libvcruntime:frame.obj
 0002:00007ac0       __sehtable$??$BuildCatchObjectInternal@V__FrameHandler3@@@@YAXPAUEHExceptionRecord@@PAXPBU_s_HandlerType@@PBU_s_CatchableType@@@Z 10026ac0     libvcruntime:frame.obj
 0002:00007b18       __sehtable$??R<lambda_6e4b09c48022b2350581041d5f6b0c4c>@@QBE@XZ 10026b18     libucrt:exit.obj
 0002:00007b38       __sehtable$??$?RV<lambda_03b1d95aef87969028cfba75ccab2455>@@AAV<lambda_6e4b09c48022b2350581041d5f6b0c4c>@@V<lambda_22bdf7517842c4b3e53723af5aa32b9e>@@@?$__crt_seh_guarded_call@X@@QAEX$$QAV<lambda_03b1d95aef87969028cfba75ccab2455>@@AAV<lambda_6e4b09c48022b2350581041d5f6b0c4c>@@$$QAV<lambda_22bdf7517842c4b3e53723af5aa32b9e>@@@Z 10026b38     libucrt:exit.obj
 0002:00007b58       __sehtable$??$?RV<lambda_8e746cf0007f6ed984d6f78af1fec997>@@AAV<lambda_22ebabd17bc4fa466a2aca6d8deb888d>@@V<lambda_18ed0c0b38a6dc0daf1e7ac6d6adf05e>@@@?$__crt_seh_guarded_call@H@@QAEH$$QAV<lambda_8e746cf0007f6ed984d6f78af1fec997>@@AAV<lambda_22ebabd17bc4fa466a2aca6d8deb888d>@@$$QAV<lambda_18ed0c0b38a6dc0daf1e7ac6d6adf05e>@@@Z 10026b58     libucrt:onexit.obj
 0002:00007b78       __sehtable$??$?RV<lambda_69a2805e680e0e292e8ba93315fe43a8>@@AAV<lambda_f03950bc5685219e0bcd2087efbe011e>@@V<lambda_03fcd07e894ec930e3f35da366ca99d6>@@@?$__crt_seh_guarded_call@H@@QAEH$$QAV<lambda_69a2805e680e0e292e8ba93315fe43a8>@@AAV<lambda_f03950bc5685219e0bcd2087efbe011e>@@$$QAV<lambda_03fcd07e894ec930e3f35da366ca99d6>@@@Z 10026b78     libucrt:onexit.obj
 0002:00007b98       __sehtable$__query_new_handler 10026b98     libucrt:new_handler.obj
 0002:00007bb8       __sehtable$_terminate      10026bb8     libucrt:terminate.obj
 0002:00007bd8       __sehtable$??$?RV<lambda_15ade71b0218206bbe3333a0c9b79046>@@AAV<lambda_da44e0f8b0f19ba52fefafb335991732>@@V<lambda_207f2d024fc103971653565357d6cd41>@@@?$__crt_seh_guarded_call@X@@QAEX$$QAV<lambda_15ade71b0218206bbe3333a0c9b79046>@@AAV<lambda_da44e0f8b0f19ba52fefafb335991732>@@$$QAV<lambda_207f2d024fc103971653565357d6cd41>@@@Z 10026bd8     libucrt:per_thread_data.obj
 0002:00007bf8       __sehtable$??$?RV<lambda_a7e850c220f1c8d1e6efeecdedd162c6>@@AAV<lambda_46720907175c18b6c9d2717bc0d2d362>@@V<lambda_9048902d66e8d99359bc9897bbb930a8>@@@?$__crt_seh_guarded_call@X@@QAEX$$QAV<lambda_a7e850c220f1c8d1e6efeecdedd162c6>@@AAV<lambda_46720907175c18b6c9d2717bc0d2d362>@@$$QAV<lambda_9048902d66e8d99359bc9897bbb930a8>@@@Z 10026bf8     libucrt:per_thread_data.obj
 0002:00007c18       __sehtable$??$?RV<lambda_38edbb1296d33220d7e4dd0ed76b244a>@@AAV<lambda_5ce1d447e08cb34b2473517608e21441>@@V<lambda_fb385d3da700c9147fc39e65dd577a8c>@@@?$__crt_seh_guarded_call@X@@QAEX$$QAV<lambda_38edbb1296d33220d7e4dd0ed76b244a>@@AAV<lambda_5ce1d447e08cb34b2473517608e21441>@@$$QAV<lambda_fb385d3da700c9147fc39e65dd577a8c>@@@Z 10026c18     libucrt:per_thread_data.obj
 0002:00007c38       __sehtable$??$?RV<lambda_6affb1475c98b40b75cdec977db92e3c>@@AAV<lambda_b8d4b9c228a6ecc3f80208dbb4b4a104>@@V<lambda_608742c3c92a14382c1684fc64f96c88>@@@?$__crt_seh_guarded_call@X@@QAEX$$QAV<lambda_6affb1475c98b40b75cdec977db92e3c>@@AAV<lambda_b8d4b9c228a6ecc3f80208dbb4b4a104>@@$$QAV<lambda_608742c3c92a14382c1684fc64f96c88>@@@Z 10026c38     libucrt:per_thread_data.obj
 0002:00007c58       __sehtable$??$?RV<lambda_e5124f882df8998aaf41531e079ba474>@@AAV<lambda_3e16ef9562a7dcce91392c22ab16ea36>@@V<lambda_e25ca0880e6ef98be67edffd8c599615>@@@?$__crt_seh_guarded_call@X@@QAEX$$QAV<lambda_e5124f882df8998aaf41531e079ba474>@@AAV<lambda_3e16ef9562a7dcce91392c22ab16ea36>@@$$QAV<lambda_e25ca0880e6ef98be67edffd8c599615>@@@Z 10026c58     libucrt:wsetlocale.obj
 0002:00007c78       __sehtable$___acrt_initialize_lowio 10026c78     libucrt:ioinit.obj
 0002:00007c98       __sehtable$?update_thread_multibyte_data_internal@@YAPAU__crt_multibyte_data@@QAU__acrt_ptd@@QAPAU1@@Z 10026c98     libucrt:mbctype.obj
 0002:00007cb8       __sehtable$??$?RV<lambda_ceb1ee4838e85a9d631eb091e2fbe199>@@AAV<lambda_ae742caa10f662c28703da3d2ea5e57e>@@V<lambda_cd08b5d6af4937fe54fc07d0c9bf6b37>@@@?$__crt_seh_guarded_call@X@@QAEX$$QAV<lambda_ceb1ee4838e85a9d631eb091e2fbe199>@@AAV<lambda_ae742caa10f662c28703da3d2ea5e57e>@@$$QAV<lambda_cd08b5d6af4937fe54fc07d0c9bf6b37>@@@Z 10026cb8     libucrt:mbctype.obj
 0002:00007cd8       __sehtable$_raise          10026cd8     libucrt:signal.obj
 0002:00007cf8       __sehtable$??$?RV<lambda_cbab9ec6f41b0180b23cc171c22676b0>@@AAV<lambda_44731a7d0e6d81c3e6aa82d741081786>@@V<lambda_4b292cb8dd18144e164572427af410ab>@@@?$__crt_seh_guarded_call@P6AXH@Z@@QAEP6AXH@Z$$QAV<lambda_cbab9ec6f41b0180b23cc171c22676b0>@@AAV<lambda_44731a7d0e6d81c3e6aa82d741081786>@@$$QAV<lambda_4b292cb8dd18144e164572427af410ab>@@@Z 10026cf8     libucrt:signal.obj
 0002:00007d18       __sehtable$??$?RV<lambda_2866be3712abc81a800a822484c830d8>@@AAV<lambda_39ca0ed439415581b5b15c265174cece>@@V<lambda_2b24c74d71094a6cd0cb82e44167d71b>@@@?$__crt_seh_guarded_call@X@@QAEX$$QAV<lambda_2866be3712abc81a800a822484c830d8>@@AAV<lambda_39ca0ed439415581b5b15c265174cece>@@$$QAV<lambda_2b24c74d71094a6cd0cb82e44167d71b>@@@Z 10026d18     libucrt:fflush.obj
 0002:00007d38       __sehtable$??$?RV<lambda_2cc53f568c5a2bb6f192f930a45d44ea>@@AAV<lambda_ab61a845afdef5b7c387490eaf3616ee>@@V<lambda_c2ffc0b7726aa6be21d5f0026187e748>@@@?$__crt_seh_guarded_call@X@@QAEX$$QAV<lambda_2cc53f568c5a2bb6f192f930a45d44ea>@@AAV<lambda_ab61a845afdef5b7c387490eaf3616ee>@@$$QAV<lambda_c2ffc0b7726aa6be21d5f0026187e748>@@@Z 10026d38     libucrt:fflush.obj
 0002:00007d58       __sehtable$___acrt_update_thread_locale_data 10026d58     libucrt:locale_refcounting.obj
 0002:00007d78       __sehtable$__fcloseall     10026d78     libucrt:closeall.obj
 0002:00007d98       __sehtable$___acrt_lowio_ensure_fh_exists 10026d98     libucrt:osfinfo.obj
 0002:00007db8       __sehtable$??$?RV<lambda_9e9de3de5fa147e2223d7db92bc10aa6>@@AAV<lambda_38ce7e780aa69e748d6df282ebc68efe>@@V<lambda_8ca6da459f0f6780f1cff60fdc3d00e5>@@@?$__crt_seh_guarded_call@H@@QAEH$$QAV<lambda_9e9de3de5fa147e2223d7db92bc10aa6>@@AAV<lambda_38ce7e780aa69e748d6df282ebc68efe>@@$$QAV<lambda_8ca6da459f0f6780f1cff60fdc3d00e5>@@@Z 10026db8     libucrt:commit.obj
 0002:00007dd8       __sehtable$__write         10026dd8     libucrt:write.obj
 0002:00007df8       __sehtable$_fclose         10026df8     libucrt:fclose.obj
 0002:00007e18       __sehtable$??$?RV<lambda_218ce3db14220d0be481dae8ef3383b6>@@AAV<lambda_628dfdc04ba53c8bfc02c9951375f3f5>@@V<lambda_57dc472bd5c9d5f3b2cbca59b8a843ae>@@@?$__crt_seh_guarded_call@H@@QAEH$$QAV<lambda_218ce3db14220d0be481dae8ef3383b6>@@AAV<lambda_628dfdc04ba53c8bfc02c9951375f3f5>@@$$QAV<lambda_57dc472bd5c9d5f3b2cbca59b8a843ae>@@@Z 10026e18     libucrt:close.obj
 0002:00007e38       __sehtable$__IsNonwritableInCurrentImage 10026e38     LIBCMT:pesect.obj
 0002:00007e60       .edata                     10026e60     OPOSTotals.exp
 0002:00007e88       rgpv                       10026e88     OPOSTotals.exp
 0002:00007e98       rgszName                   10026e98     OPOSTotals.exp
 0002:00007ea8       rgwOrd                     10026ea8     OPOSTotals.exp
 0002:00007eb0       szName                     10026eb0     OPOSTotals.exp
 0002:00007ebf       $N00001                    10026ebf     OPOSTotals.exp
 0002:00007ecf       $N00002                    10026ecf     OPOSTotals.exp
 0002:00007ee1       $N00003                    10026ee1     OPOSTotals.exp
 0002:00007ef3       $N00004                    10026ef3     OPOSTotals.exp
 0002:00008502       .idata$6                   10027502     kernel32:KERNEL32.dll
 0002:00008716       .idata$6                   10027716     user32:USER32.dll
 0002:0000884a       .idata$6                   1002784a     gdi32:GDI32.dll
 0002:000088f0       .idata$6                   100278f0     advapi32:ADVAPI32.dll
 0002:00008a0c       .idata$6                   10027a0c     ole32:ole32.dll
 0002:00008a16       .idata$6                   10027a16     oleaut32:OLEAUT32.dll
 0003:00000110       ?ObjectMap@@3PAU_ATL_OBJMAP_ENTRY30@ATL@@A 10028110     Totals.obj
 0003:000001c0       ?s_SOMethodNames@@3PAPADA  100281c0     TotalsImpl.obj
 0003:00000240       ?s_RequiredMethodsPerRelease@@3PAHA 10028240     TotalsImpl.obj
 0003:00000280       ?__vcrt_flsindex@@3KA      10028280     libvcruntime:per_thread_data.obj
 0003:000002a0       ?errno_no_memory@@3HA      100282a0     libucrt:errno.obj
 0003:000002a4       ?doserrno_no_memory@@3KA   100282a4     libucrt:errno.obj
 0003:000002b0       ?__acrt_flsindex@@3KA      100282b0     libucrt:per_thread_data.obj
 0003:00000648       __mbctypes                 10028648     libucrt:mbctype.obj
 0003:00000750       __mbcasemaps               10028750     libucrt:mbctype.obj
 0003:00000850       ?__rgctypeflag@@3PADA      10028850     libucrt:mbctype.obj
 0003:00000858       ?__rgcode_page_info@@3PAUcode_page_info@@A 10028858     libucrt:mbctype.obj
 0003:00000ab0       ?__dcrt_lowio_console_output_handle@@3PAXA 10028ab0     libucrt:initcon.obj
 0003:00000c48       ?is_initialized_as_dll@@3_NA 10028c48     LIBCMT:utility.obj
 0003:00000c49       ?module_local_atexit_table_initialized@@3_NA 10028c49     LIBCMT:utility.obj
 0003:00000c4c       ?module_local_atexit_table@@3U_onexit_table_t@@A 10028c4c     LIBCMT:utility.obj
 0003:00000c58       ?module_local_at_quick_exit_table@@3U_onexit_table_t@@A 10028c58     LIBCMT:utility.obj
 0003:00000c64       ?g_tss_cv@@3U_RTL_CONDITION_VARIABLE@@A 10028c64     LIBCMT:thread_safe_statics.obj
 0003:00000c68       ?g_tss_event@@3PAXA        10028c68     LIBCMT:thread_safe_statics.obj
 0003:00000c6c       ?g_tss_mutex@@3U_RTL_CRITICAL_SECTION@@A 10028c6c     LIBCMT:thread_safe_statics.obj
 0003:00000c84       ?g_sleep_condition_variable_cs@@3P6GHPAU_RTL_CONDITION_VARIABLE@@PAU_RTL_CRITICAL_SECTION@@K@ZA 10028c84     LIBCMT:thread_safe_statics.obj
 0003:00000c88       ?g_wake_all_condition_variable@@3P6GXPAU_RTL_CONDITION_VARIABLE@@@ZA 10028c88     LIBCMT:thread_safe_statics.obj
 0003:00000c90       _GS_ExceptionRecord        10028c90     LIBCMT:gs_report.obj
 0003:00000ce0       _GS_ContextRecord          10028ce0     LIBCMT:gs_report.obj
 0003:00000fb0       ?__proc_attached@@3HA      10028fb0     LIBCMT:dll_dllmain.obj
 0003:0000100c       ?AllocateData@@3P6GPAUAtlThunkData_t@@XZA 1002900c     atls:atlthunk.obj
 0003:00001010       ?InitData@@3P6GXPAUAtlThunkData_t@@PAXI@ZA 10029010     atls:atlthunk.obj
 0003:00001014       ?DataToCode@@3P6GP6GJPAUHWND__@@IIJ@ZPAUAtlThunkData_t@@@ZA 10029014     atls:atlthunk.obj
 0003:00001018       ?FreeData@@3P6GXPAUAtlThunkData_t@@@ZA 10029018     atls:atlthunk.obj
 0003:0000101c       ?Initialized@@3_NA         1002901c     atls:atlthunk.obj
 0003:0000102c       ?__vcrt_startup_thread_ptd@@3U__vcrt_ptd@@A 1002902c     libvcruntime:per_thread_data.obj
 0003:00001054       ___vcrt_lock_table         10029054     libvcruntime:locks.obj
 0003:0000106c       ___vcrt_locks_initialized  1002906c     libvcruntime:locks.obj
 0003:00001098       ?heap@@3V_HeapManager@@A   10029098     libvcruntime:undname.obj
 0003:000010ac       ?module_handles@@3PAPAUHINSTANCE__@@A 100290ac     libvcruntime:winapi_downlevel.obj
 0003:000010b8       ?function_pointers@@3PAPAXA 100290b8     libvcruntime:winapi_downlevel.obj
 0003:000010cc       ?__acrt_invalid_parameter_handler@@3V?$dual_state_global@P6AXPB_W00II@Z@__crt_state_management@@A 100290cc     libucrt:invalid_parameter.obj
 0003:000010d0       ?c_termination_complete@@3JA 100290d0     libucrt:exit.obj
 0003:000010d4       ?thread_local_exit_callback_func@@3P6GXPAXK0@ZA 100290d4     libucrt:exit.obj
 0003:000010e0       ?program_name@?1???$common_configure_argv@D@@YAHW4_crt_argv_mode@@@Z@4PADA 100290e0     libucrt:argv_parsing.obj
 0003:00001210       ?__acrt_new_handler@@3V?$dual_state_global@P6AHI@Z@__crt_state_management@@A 10029210     libucrt:new_handler.obj
 0003:00001218       ?module_handles@@3PAPAUHINSTANCE__@@A 10029218     libucrt:winapi_thunks.obj
 0003:00001268       ?encoded_function_pointers@@3PAPAXA 10029268     libucrt:winapi_thunks.obj
 0003:000012f0       ?internal_state@?1??_mbtowc_l@@9@4U_Mbstatet@@A 100292f0     libucrt:mbtowc.obj
 0003:00001300       ?enable_percent_n@@3IA     10029300     libucrt:printf_count_output.obj
 0003:00001520       ?__acrt_lock_table@@3PAU_RTL_CRITICAL_SECTION@@A 10029520     libucrt:locks.obj
 0003:00001670       ?__acrt_locks_initialized@@3IA 10029670     libucrt:locks.obj
 0003:00001680       ?fSystemSet@@3HA           10029680     libucrt:mbctype.obj
 0003:00001684       ?initialized@?1??__acrt_initialize_multibyte@@9@4_NA 10029684     libucrt:mbctype.obj
 0003:000016a4       ?ctrlc_action@@3V?$dual_state_global@P6AXH@Z@__crt_state_management@@A 100296a4     libucrt:signal.obj
 0003:000016a8       ?ctrlbreak_action@@3V?$dual_state_global@P6AXH@Z@__crt_state_management@@A 100296a8     libucrt:signal.obj
 0003:000016ac       ?abort_action@@3V?$dual_state_global@P6AXH@Z@__crt_state_management@@A 100296ac     libucrt:signal.obj
 0003:000016b0       ?term_action@@3V?$dual_state_global@P6AXH@Z@__crt_state_management@@A 100296b0     libucrt:signal.obj
 0003:000016b4       ?user_matherr@@3V?$dual_state_global@P6AHPAU_exception@@@Z@__crt_state_management@@A 100296b4     libucrt:matherr.obj
 0003:000016b8       ?__acrt_global_new_mode@@3V?$dual_state_global@J@__crt_state_management@@A 100296b8     libucrt:new_mode.obj
 0003:000016c4       ?internal_pst@?1??__mbrtoc32_utf8@__crt_mbstring@@YAIPA_UPBDIPAU_Mbstatet@@@Z@4U3@A 100296c4     libucrt:mbrtoc32.obj
 0003:000016cc       ?__acrt_app_type@@3W4_crt_app_type@@A 100296cc     libucrt:report_runtime_error.obj
 0003:000016d4       __pmatherr_set             100296d4     libucrt:libm_error.obj
 0004:00000220       $R000000                   1002a220     Totals.res
 0004:00000ba0       $R000980                   1002aba0     Totals.res
 0004:00000c88       $R000A68                   1002ac88     Totals.res
 0004:00000ef0       $R000CD0                   1002aef0     Totals.res
 0004:00001438       $R001218                   1002b438     Totals.res
 0004:00004160       $R003F40                   1002e160     Totals.res
 0004:00004190       $R003F70                   1002e190     Totals.res
