 OPOSBumpBar

 Timestamp is 5c44372f (Sun Jan 20 17:54:07 2019)

 Preferred load address is 10000000

 Start         Length     Name                   Class
 0001:00000000 00000080H .text$di                CODE
 0001:00000080 0001ce9bH .text$mn                CODE
 0001:0001cf1b 00000051H .text$x                 CODE
 0001:0001cf6c 00000042H .text$yd                CODE
 0002:00000000 00000300H .idata$5                DATA
 0002:00000300 00000004H .00cfg                  DATA
 0002:00000304 00000004H .CRT$XCA                DATA
 0002:00000308 00000004H .CRT$XCL                DATA
 0002:0000030c 00000010H .CRT$XCU                DATA
 0002:0000031c 00000004H .CRT$XCZ                DATA
 0002:00000320 00000004H .CRT$XIA                DATA
 0002:00000324 00000010H .CRT$XIC                DATA
 0002:00000334 00000004H .CRT$XIZ                DATA
 0002:00000338 00000004H .CRT$XLA                DATA
 0002:0000033c 00000004H .CRT$XLZ                DATA
 0002:00000340 00000004H .CRT$XPA                DATA
 0002:00000344 00000008H .CRT$XPX                DATA
 0002:0000034c 00000004H .CRT$XPXA               DATA
 0002:00000350 00000004H .CRT$XPZ                DATA
 0002:00000354 00000004H .CRT$XTA                DATA
 0002:00000358 00000008H .CRT$XTZ                DATA
 0002:0000035c 00000000H .gfids$x                DATA
 0002:0000035c 00000000H .gfids$y                DATA
 0002:00000360 00006e28H .rdata                  DATA
 0002:00007188 00000018H .rdata$T                DATA
 0002:000071a0 00000180H .rdata$r                DATA
 0002:00007320 00000020H .rdata$sxdata           DATA
 0002:00007340 000003dcH .rdata$zzzdbg           DATA
 0002:0000771c 00000004H .rtc$IAA                DATA
 0002:00007720 00000004H .rtc$IZZ                DATA
 0002:00007724 00000004H .rtc$TAA                DATA
 0002:00007728 00000004H .rtc$TZZ                DATA
 0002:0000772c 00000004H .tls                    DATA
 0002:00007730 00000004H .tls$                   DATA
 0002:00007734 00000004H .tls$ZZZ                DATA
 0002:00007738 000005f4H .xdata$x                DATA
 0002:00007d2c 00000004H ATL$__a                 DATA
 0002:00007d30 00000010H ATL$__z                 DATA
 0002:00007d40 000000a8H .edata                  DATA
 0002:00007de8 00000078H .idata$2                DATA
 0002:00007e60 00000014H .idata$3                DATA
 0002:00007e74 00000300H .idata$4                DATA
 0002:00008174 00000bdeH .idata$6                DATA
 0003:00000000 00000990H .data                   DATA
 0003:00000990 00000098H .data$r                 DATA
 0003:00000a28 00000b5cH .bss                    DATA
 0004:00000000 00000220H .rsrc$01                DATA
 0004:00000220 00004270H .rsrc$02                DATA

  Address         Publics by Value              Rva+Base       Lib:Object

 0000:00000000       ___guard_fids_count        00000000     <absolute>
 0000:00000000       ___hybrid_code_map_count   00000000     <absolute>
 0000:00000000       ___hybrid_auxiliary_iat    00000000     <absolute>
 0000:00000000       ___guard_iat_count         00000000     <absolute>
 0000:00000000       ___guard_fids_table        00000000     <absolute>
 0000:00000000       ___guard_longjmp_table     00000000     <absolute>
 0000:00000000       ___volatile_metadata       00000000     <absolute>
 0000:00000000       ___guard_iat_table         00000000     <absolute>
 0000:00000000       __except_list              00000000     <absolute>
 0000:00000000       ___dynamic_value_reloc_table 00000000     <absolute>
 0000:00000000       ___enclave_config          00000000     <absolute>
 0000:00000000       ___guard_longjmp_count     00000000     <absolute>
 0000:00000000       ___hybrid_code_map         00000000     <absolute>
 0000:00000008       ___safe_se_handler_count   00000008     <absolute>
 0000:0000002c       __tls_array                0000002c     <absolute>
 0000:00000100       ___guard_flags             00000100     <absolute>
 0000:00000000       ___ImageBase               10000000     <linker-defined>
 0001:00000080       ?DupWide@_CW@@AAEXXZ       10001080 f   CWString.obj
 0001:0000009c       ?cw_dup@@YGXPBDAAHAAPA_W1@Z 1000109c f   CWString.obj
 0001:0000010b       ?cw_memcpy@@YGHPA_WPBDH@Z  1000110b f   CWString.obj
 0001:00000137       ?cw_strcpy@@YAHPA_WPBD@Z   10001137 f   CWString.obj
 0001:0000014a       ?cw_strlen@@YAHPBD@Z       1000114a f   CWString.obj
 0001:00000163       ??0CAtlComModule@ATL@@QAE@XZ 10001163 f i OposVariant.obj
 0001:000001a8       ??0CAtlWinModule@ATL@@QAE@XZ 100011a8 f i OposVariant.obj
 0001:000001df       ??0OposDispParms@@QAE@PAVOposVariant@@H@Z 100011df f   OposVariant.obj
 0001:00000250       ??1OposDispParms@@QAE@XZ   10001250 f   OposVariant.obj
 0001:0000025e       ??A?$CSimpleArray@GV?$CSimpleArrayEqualHelper@G@ATL@@@ATL@@QAEAAGH@Z 1000125e f i OposVariant.obj
 0001:00000283       ??_Estringdispid@CComTypeInfoHolder@ATL@@QAEPAXI@Z 10001283 f i OposVariant.obj
 0001:000002ef       ?AtlWinModuleInit@ATL@@YGJPAU_ATL_WIN_MODULE70@1@@Z 100012ef f i OposVariant.obj
 0001:00000315       ?AtlWinModuleTerm@ATL@@YGJPAU_ATL_WIN_MODULE70@1@PAUHINSTANCE__@@@Z 10001315 f i OposVariant.obj
 0001:00000378       ?ChangeBSTR@OposVariant@@QAEXPAPA_WAAJ@Z 10001378 f   OposVariant.obj
 0001:000003b9       ?ChangeLONG@OposVariant@@QAEXPAJAAJ@Z 100013b9 f   OposVariant.obj
 0001:000003fa       ?GetLONG@OposVariant@@QAEJXZ 100013fa f   OposVariant.obj
 0001:00000415       ?Init@CComCriticalSection@ATL@@QAEJXZ 10001415 f i OposVariant.obj
 0001:0000043d       ?RemoveAll@?$CSimpleArray@PAUHINSTANCE__@@V?$CSimpleArrayEqualHelper@PAUHINSTANCE__@@@ATL@@@ATL@@QAEXXZ 1000143d f i atls:atlbase.obj
 0001:0000043d       ?RemoveAll@?$CSimpleArray@GV?$CSimpleArrayEqualHelper@G@ATL@@@ATL@@QAEXXZ 1000143d f i OposVariant.obj
 0001:0000045a       ?SetBSTR@OposVariant@@QAEXPA_WAAJ@Z 1000145a f   OposVariant.obj
 0001:0000048e       ?SetBSTR_Copy@OposVariant@@QAEXPA_WAAJ@Z 1000148e f   OposVariant.obj
 0001:000004de       ?SetBSTR_InOutPtr@OposVariant@@QAE_NPAPA_WAAJ@Z 100014de f   OposVariant.obj
 0001:00000515       ?SetDispatch_Ptr@OposVariant@@QAEXPAUIDispatch@@AAJ@Z 10001515 f   OposVariant.obj
 0001:00000550       ?SetLONG@OposVariant@@QAEXJ@Z 10001550 f   OposVariant.obj
 0001:00000572       ?SetLONG_Ptr@OposVariant@@QAEXPAJAAJ@Z 10001572 f   OposVariant.obj
 0001:000005a5       ?SetString@OposVariant@@QAEXPB_WAAJ@Z 100015a5 f   OposVariant.obj
 0001:000005eb       ?SetVARIANT_BOOL@OposVariant@@QAEXF@Z 100015eb f   OposVariant.obj
 0001:00000615       ?Term@CAtlComModule@ATL@@QAEXXZ 10001615 f i OposVariant.obj
 0001:0000065f       ?_AtlRaiseException@ATL@@YAXKK@Z 1000165f f i OposVariant.obj
 0001:00000674       ?AddRef@?$CComObjectCached@VCComClassFactory@ATL@@@ATL@@UAGKXZ 10001674 f i BumpBar.obj
 0001:0000069b       ?Release@?$CComObjectCached@VCComClassFactory@ATL@@@ATL@@UAGKXZ 1000169b f i BumpBar.obj
 0001:000006d1       ?QueryInterface@?$CComObjectCached@VCComClassFactory@ATL@@@ATL@@UAGJABU_GUID@@PAPAX@Z 100016d1 f i BumpBar.obj
 0001:000006eb       ??_E?$CComObjectCached@VCComClassFactory@ATL@@@ATL@@UAEPAXI@Z 100016eb f i BumpBar.obj
 0001:000006eb       ??_G?$CComObjectCached@VCComClassFactory@ATL@@@ATL@@UAEPAXI@Z 100016eb f i BumpBar.obj
 0001:0000070d       ?AddRef@?$CComAggObject@VCOPOSBumpBar@@@ATL@@UAGKXZ 1000170d f i BumpBar.obj
 0001:0000071e       ?Release@?$CComAggObject@VCOPOSBumpBar@@@ATL@@UAGKXZ 1000171e f i BumpBar.obj
 0001:0000075a       ?QueryInterface@?$CComAggObject@VCOPOSBumpBar@@@ATL@@UAGJABU_GUID@@PAPAX@Z 1000175a f i BumpBar.obj
 0001:000007a9       ?AddRef@?$CComContainedObject@VCOPOSBumpBar@@@ATL@@UAGKXZ 100017a9 f i BumpBar.obj
 0001:000007bf       ?Release@?$CComContainedObject@VCOPOSBumpBar@@@ATL@@UAGKXZ 100017bf f i BumpBar.obj
 0001:000007d5       ?QueryInterface@?$CComContainedObject@VCOPOSBumpBar@@@ATL@@UAGJABU_GUID@@PAPAX@Z 100017d5 f i BumpBar.obj
 0001:000007f0       ??_E?$CComAggObject@VCOPOSBumpBar@@@ATL@@UAEPAXI@Z 100017f0 f i BumpBar.obj
 0001:000007f0       ??_G?$CComAggObject@VCOPOSBumpBar@@@ATL@@UAEPAXI@Z 100017f0 f i BumpBar.obj
 0001:00000815       ?AddRef@?$CComObject@VCOPOSBumpBar@@@ATL@@UAGKXZ 10001815 f i BumpBar.obj
 0001:0000082c       ?Release@?$CComObject@VCOPOSBumpBar@@@ATL@@UAGKXZ 1000182c f i BumpBar.obj
 0001:0000086e       ?QueryInterface@?$CComObject@VCOPOSBumpBar@@@ATL@@UAGJABU_GUID@@PAPAX@Z 1000186e f i BumpBar.obj
 0001:00000888       ?ObjectMain@CComObjectRootBase@ATL@@SGX_N@Z 10001888 f i BumpBar.obj
 0001:00000888       ?OnFinalMessage@?$CWindowImplBaseT@VCWindow@ATL@@V?$CWinTraits@$0FGAAAAAA@$0A@@2@@ATL@@UAEXPAUHWND__@@@Z 10001888 f i BumpBar.obj
 0001:0000088b       ?GetCategoryMap@CComObjectRootBase@ATL@@SAPBU_ATL_CATMAP_ENTRY@2@XZ 1000188b f i BumpBar.obj
 0001:0000088b       ?GetObjectDescription@?$CComCoClass@VCOPOSBumpBar@@$1?CLSID_OPOSBumpBar@@3U_GUID@@B@ATL@@SGPB_WXZ 1000188b f i BumpBar.obj
 0001:0000088e       ?CreateInstance@CComClassFactory@ATL@@UAGJPAUIUnknown@@ABU_GUID@@PAPAX@Z 1000188e f i BumpBar.obj
 0001:000008cc       ?LockServer@CComClassFactory@ATL@@UAGJH@Z 100018cc f i BumpBar.obj
 0001:000008eb       ??_ECComClassFactory@ATL@@UAEPAXI@Z 100018eb f i BumpBar.obj
 0001:000008eb       ??_GCComClassFactory@ATL@@UAEPAXI@Z 100018eb f i BumpBar.obj
 0001:00000916       ?OnDrawAdvanced@CComControlBase@ATL@@UAEJAAUATL_DRAWINFO@@@Z 10001916 f i BumpBar.obj
 0001:00000a05       ?Next@?$CComEnumImpl@UIEnumConnections@@$1?_GUID_b196b287_bab4_101a_b69c_00aa00341d07@@3U__s_GUID@@BUtagCONNECTDATA@@V?$_Copy@UtagCONNECTDATA@@@ATL@@@ATL@@UAGJKPAUtagCONNECTDATA@@PAK@Z 10001a05 f i BumpBar.obj
 0001:00000adc       ?Skip@?$CComEnumImpl@UIEnumConnections@@$1?_GUID_b196b287_bab4_101a_b69c_00aa00341d07@@3U__s_GUID@@BUtagCONNECTDATA@@V?$_Copy@UtagCONNECTDATA@@@ATL@@@ATL@@UAGJK@Z 10001adc f i BumpBar.obj
 0001:00000b09       ?Reset@?$CComEnumImpl@UIEnumConnectionPoints@@$1?_GUID_b196b285_bab4_101a_b69c_00aa00341d07@@3U__s_GUID@@BPAUIConnectionPoint@@V?$_CopyInterface@UIConnectionPoint@@@ATL@@@ATL@@UAGJXZ 10001b09 f i BumpBar.obj
 0001:00000b09       ?Reset@?$CComEnumImpl@UIEnumConnections@@$1?_GUID_b196b287_bab4_101a_b69c_00aa00341d07@@3U__s_GUID@@BUtagCONNECTDATA@@V?$_Copy@UtagCONNECTDATA@@@ATL@@@ATL@@UAGJXZ 10001b09 f i BumpBar.obj
 0001:00000b1b       ?Clone@?$CComEnumImpl@UIEnumConnections@@$1?_GUID_b196b287_bab4_101a_b69c_00aa00341d07@@3U__s_GUID@@BUtagCONNECTDATA@@V?$_Copy@UtagCONNECTDATA@@@ATL@@@ATL@@UAGJPAPAUIEnumConnections@@@Z 10001b1b f i BumpBar.obj
 0001:00000bfa       ?AddRef@?$CComObject@V?$CComEnum@UIEnumConnectionPoints@@$1?_GUID_b196b285_bab4_101a_b69c_00aa00341d07@@3U__s_GUID@@BPAUIConnectionPoint@@V?$_CopyInterface@UIConnectionPoint@@@ATL@@VCComSingleThreadModel@6@@ATL@@@ATL@@UAGKXZ 10001bfa f i BumpBar.obj
 0001:00000bfa       ?AddRef@?$CComObject@V?$CComEnum@UIEnumConnections@@$1?_GUID_b196b287_bab4_101a_b69c_00aa00341d07@@3U__s_GUID@@BUtagCONNECTDATA@@V?$_Copy@UtagCONNECTDATA@@@ATL@@VCComSingleThreadModel@6@@ATL@@@ATL@@UAGKXZ 10001bfa f i BumpBar.obj
 0001:00000c0b       ?Release@?$CComObject@V?$CComEnum@UIEnumConnectionPoints@@$1?_GUID_b196b285_bab4_101a_b69c_00aa00341d07@@3U__s_GUID@@BPAUIConnectionPoint@@V?$_CopyInterface@UIConnectionPoint@@@ATL@@VCComSingleThreadModel@6@@ATL@@@ATL@@UAGKXZ 10001c0b f i BumpBar.obj
 0001:00000c0b       ?Release@?$CComObject@V?$CComEnum@UIEnumConnections@@$1?_GUID_b196b287_bab4_101a_b69c_00aa00341d07@@3U__s_GUID@@BUtagCONNECTDATA@@V?$_Copy@UtagCONNECTDATA@@@ATL@@VCComSingleThreadModel@6@@ATL@@@ATL@@UAGKXZ 10001c0b f i BumpBar.obj
 0001:00000c47       ?QueryInterface@?$CComObject@V?$CComEnum@UIEnumConnections@@$1?_GUID_b196b287_bab4_101a_b69c_00aa00341d07@@3U__s_GUID@@BUtagCONNECTDATA@@V?$_Copy@UtagCONNECTDATA@@@ATL@@VCComSingleThreadModel@6@@ATL@@@ATL@@UAGJABU_GUID@@PAPAX@Z 10001c47 f i BumpBar.obj
 0001:00000c61       ??_E?$CComObject@V?$CComEnum@UIEnumConnections@@$1?_GUID_b196b287_bab4_101a_b69c_00aa00341d07@@3U__s_GUID@@BUtagCONNECTDATA@@V?$_Copy@UtagCONNECTDATA@@@ATL@@VCComSingleThreadModel@6@@ATL@@@ATL@@UAEPAXI@Z 10001c61 f i BumpBar.obj
 0001:00000c61       ??_G?$CComObject@V?$CComEnum@UIEnumConnections@@$1?_GUID_b196b287_bab4_101a_b69c_00aa00341d07@@3U__s_GUID@@BUtagCONNECTDATA@@V?$_Copy@UtagCONNECTDATA@@@ATL@@VCComSingleThreadModel@6@@ATL@@@ATL@@UAEPAXI@Z 10001c61 f i BumpBar.obj
 0001:00000c83       ??_E?$CComObject@VCOPOSBumpBar@@@ATL@@W3AEPAXI@Z 10001c83 f i BumpBar.obj
 0001:00000c8b       ??_E?$CComObject@VCOPOSBumpBar@@@ATL@@WEM@AEPAXI@Z 10001c8b f i BumpBar.obj
 0001:00000c93       ?QueryInterface@?$CComObject@VCOPOSBumpBar@@@ATL@@WHA@AGJABU_GUID@@PAPAX@Z 10001c93 f i BumpBar.obj
 0001:00000c9d       ?AddRef@?$CComObject@VCOPOSBumpBar@@@ATL@@WHA@AGKXZ 10001c9d f i BumpBar.obj
 0001:00000ca7       ?Release@?$CComObject@VCOPOSBumpBar@@@ATL@@WHA@AGKXZ 10001ca7 f i BumpBar.obj
 0001:00000cb1       ?QueryInterface@?$CComObject@VCOPOSBumpBar@@@ATL@@WHE@AGJABU_GUID@@PAPAX@Z 10001cb1 f i BumpBar.obj
 0001:00000cbb       ?AddRef@?$CComObject@VCOPOSBumpBar@@@ATL@@WHE@AGKXZ 10001cbb f i BumpBar.obj
 0001:00000cc5       ?Release@?$CComObject@VCOPOSBumpBar@@@ATL@@WHE@AGKXZ 10001cc5 f i BumpBar.obj
 0001:00000ccf       ?QueryInterface@?$CComObject@VCOPOSBumpBar@@@ATL@@WHI@AGJABU_GUID@@PAPAX@Z 10001ccf f i BumpBar.obj
 0001:00000cd9       ?AddRef@?$CComObject@VCOPOSBumpBar@@@ATL@@WHI@AGKXZ 10001cd9 f i BumpBar.obj
 0001:00000ce3       ?Release@?$CComObject@VCOPOSBumpBar@@@ATL@@WHI@AGKXZ 10001ce3 f i BumpBar.obj
 0001:00000ced       ?QueryInterface@?$CComObject@VCOPOSBumpBar@@@ATL@@WHM@AGJABU_GUID@@PAPAX@Z 10001ced f i BumpBar.obj
 0001:00000cf7       ?AddRef@?$CComObject@VCOPOSBumpBar@@@ATL@@WHM@AGKXZ 10001cf7 f i BumpBar.obj
 0001:00000d01       ?Release@?$CComObject@VCOPOSBumpBar@@@ATL@@WHM@AGKXZ 10001d01 f i BumpBar.obj
 0001:00000d0b       ?QueryInterface@?$CComObject@VCOPOSBumpBar@@@ATL@@WIA@AGJABU_GUID@@PAPAX@Z 10001d0b f i BumpBar.obj
 0001:00000d18       ?AddRef@?$CComObject@VCOPOSBumpBar@@@ATL@@WIA@AGKXZ 10001d18 f i BumpBar.obj
 0001:00000d25       ?Release@?$CComObject@VCOPOSBumpBar@@@ATL@@WIA@AGKXZ 10001d25 f i BumpBar.obj
 0001:00000d32       ?QueryInterface@?$CComObject@VCOPOSBumpBar@@@ATL@@WIE@AGJABU_GUID@@PAPAX@Z 10001d32 f i BumpBar.obj
 0001:00000d3f       ?AddRef@?$CComObject@VCOPOSBumpBar@@@ATL@@WIE@AGKXZ 10001d3f f i BumpBar.obj
 0001:00000d4c       ?Release@?$CComObject@VCOPOSBumpBar@@@ATL@@WIE@AGKXZ 10001d4c f i BumpBar.obj
 0001:00000d59       ?QueryInterface@?$CComObject@VCOPOSBumpBar@@@ATL@@WII@AGJABU_GUID@@PAPAX@Z 10001d59 f i BumpBar.obj
 0001:00000d66       ?AddRef@?$CComObject@VCOPOSBumpBar@@@ATL@@WII@AGKXZ 10001d66 f i BumpBar.obj
 0001:00000d73       ?Release@?$CComObject@VCOPOSBumpBar@@@ATL@@WII@AGKXZ 10001d73 f i BumpBar.obj
 0001:00000d80       ?QueryInterface@?$CComObject@VCOPOSBumpBar@@@ATL@@WIM@AGJABU_GUID@@PAPAX@Z 10001d80 f i BumpBar.obj
 0001:00000d8d       ?AddRef@?$CComObject@VCOPOSBumpBar@@@ATL@@WIM@AGKXZ 10001d8d f i BumpBar.obj
 0001:00000d9a       ?Release@?$CComObject@VCOPOSBumpBar@@@ATL@@WIM@AGKXZ 10001d9a f i BumpBar.obj
 0001:00000da7       ?QueryInterface@?$CComObject@VCOPOSBumpBar@@@ATL@@WJA@AGJABU_GUID@@PAPAX@Z 10001da7 f i BumpBar.obj
 0001:00000db4       ?AddRef@?$CComObject@VCOPOSBumpBar@@@ATL@@WJA@AGKXZ 10001db4 f i BumpBar.obj
 0001:00000dc1       ?Release@?$CComObject@VCOPOSBumpBar@@@ATL@@WJA@AGKXZ 10001dc1 f i BumpBar.obj
 0001:00000dce       ?QueryInterface@?$CComObject@VCOPOSBumpBar@@@ATL@@WJE@AGJABU_GUID@@PAPAX@Z 10001dce f i BumpBar.obj
 0001:00000ddb       ?AddRef@?$CComObject@VCOPOSBumpBar@@@ATL@@WJE@AGKXZ 10001ddb f i BumpBar.obj
 0001:00000de8       ?Release@?$CComObject@VCOPOSBumpBar@@@ATL@@WJE@AGKXZ 10001de8 f i BumpBar.obj
 0001:00000df5       ?QueryInterface@?$CComObject@VCOPOSBumpBar@@@ATL@@WJI@AGJABU_GUID@@PAPAX@Z 10001df5 f i BumpBar.obj
 0001:00000e02       ?AddRef@?$CComObject@VCOPOSBumpBar@@@ATL@@WJI@AGKXZ 10001e02 f i BumpBar.obj
 0001:00000e0f       ?Release@?$CComObject@VCOPOSBumpBar@@@ATL@@WJI@AGKXZ 10001e0f f i BumpBar.obj
 0001:00000e1c       ?QueryInterface@?$CComObject@VCOPOSBumpBar@@@ATL@@WJM@AGJABU_GUID@@PAPAX@Z 10001e1c f i BumpBar.obj
 0001:00000e29       ?AddRef@?$CComObject@VCOPOSBumpBar@@@ATL@@WJM@AGKXZ 10001e29 f i BumpBar.obj
 0001:00000e36       ?Release@?$CComObject@VCOPOSBumpBar@@@ATL@@WJM@AGKXZ 10001e36 f i BumpBar.obj
 0001:00000e43       ?QueryInterface@?$CComObject@VCOPOSBumpBar@@@ATL@@WKA@AGJABU_GUID@@PAPAX@Z 10001e43 f i BumpBar.obj
 0001:00000e50       ?AddRef@?$CComObject@VCOPOSBumpBar@@@ATL@@WKA@AGKXZ 10001e50 f i BumpBar.obj
 0001:00000e5d       ?Release@?$CComObject@VCOPOSBumpBar@@@ATL@@WKA@AGKXZ 10001e5d f i BumpBar.obj
 0001:00000e6a       ?AddRef@?$CComObject@VCOPOSBumpBar@@@ATL@@WKI@AGKXZ 10001e6a f i BumpBar.obj
 0001:00000e77       ?Release@?$CComObject@VCOPOSBumpBar@@@ATL@@WKI@AGKXZ 10001e77 f i BumpBar.obj
 0001:00000e84       ?AddRef@?$CComObject@VCOPOSBumpBar@@@ATL@@WLE@AGKXZ 10001e84 f i BumpBar.obj
 0001:00000e91       ?Release@?$CComObject@VCOPOSBumpBar@@@ATL@@WLE@AGKXZ 10001e91 f i BumpBar.obj
 0001:00000e9e       ??_E?$CComContainedObject@VCOPOSBumpBar@@@ATL@@W3AEPAXI@Z 10001e9e f i BumpBar.obj
 0001:00000ea6       ??_E?$CComContainedObject@VCOPOSBumpBar@@@ATL@@WEM@AEPAXI@Z 10001ea6 f i BumpBar.obj
 0001:00000eae       ?QueryInterface@?$CComContainedObject@VCOPOSBumpBar@@@ATL@@WHA@AGJABU_GUID@@PAPAX@Z 10001eae f i BumpBar.obj
 0001:00000eb8       ?AddRef@?$CComContainedObject@VCOPOSBumpBar@@@ATL@@WHA@AGKXZ 10001eb8 f i BumpBar.obj
 0001:00000ec2       ?Release@?$CComContainedObject@VCOPOSBumpBar@@@ATL@@WHA@AGKXZ 10001ec2 f i BumpBar.obj
 0001:00000ecc       ?QueryInterface@?$CComContainedObject@VCOPOSBumpBar@@@ATL@@WHE@AGJABU_GUID@@PAPAX@Z 10001ecc f i BumpBar.obj
 0001:00000ed6       ?AddRef@?$CComContainedObject@VCOPOSBumpBar@@@ATL@@WHE@AGKXZ 10001ed6 f i BumpBar.obj
 0001:00000ee0       ?Release@?$CComContainedObject@VCOPOSBumpBar@@@ATL@@WHE@AGKXZ 10001ee0 f i BumpBar.obj
 0001:00000eea       ?QueryInterface@?$CComContainedObject@VCOPOSBumpBar@@@ATL@@WHI@AGJABU_GUID@@PAPAX@Z 10001eea f i BumpBar.obj
 0001:00000ef4       ?AddRef@?$CComContainedObject@VCOPOSBumpBar@@@ATL@@WHI@AGKXZ 10001ef4 f i BumpBar.obj
 0001:00000efe       ?Release@?$CComContainedObject@VCOPOSBumpBar@@@ATL@@WHI@AGKXZ 10001efe f i BumpBar.obj
 0001:00000f08       ?QueryInterface@?$CComContainedObject@VCOPOSBumpBar@@@ATL@@WHM@AGJABU_GUID@@PAPAX@Z 10001f08 f i BumpBar.obj
 0001:00000f12       ?AddRef@?$CComContainedObject@VCOPOSBumpBar@@@ATL@@WHM@AGKXZ 10001f12 f i BumpBar.obj
 0001:00000f1c       ?Release@?$CComContainedObject@VCOPOSBumpBar@@@ATL@@WHM@AGKXZ 10001f1c f i BumpBar.obj
 0001:00000f26       ?QueryInterface@?$CComContainedObject@VCOPOSBumpBar@@@ATL@@WIA@AGJABU_GUID@@PAPAX@Z 10001f26 f i BumpBar.obj
 0001:00000f33       ?AddRef@?$CComContainedObject@VCOPOSBumpBar@@@ATL@@WIA@AGKXZ 10001f33 f i BumpBar.obj
 0001:00000f40       ?Release@?$CComContainedObject@VCOPOSBumpBar@@@ATL@@WIA@AGKXZ 10001f40 f i BumpBar.obj
 0001:00000f4d       ?QueryInterface@?$CComContainedObject@VCOPOSBumpBar@@@ATL@@WIE@AGJABU_GUID@@PAPAX@Z 10001f4d f i BumpBar.obj
 0001:00000f5a       ?AddRef@?$CComContainedObject@VCOPOSBumpBar@@@ATL@@WIE@AGKXZ 10001f5a f i BumpBar.obj
 0001:00000f67       ?Release@?$CComContainedObject@VCOPOSBumpBar@@@ATL@@WIE@AGKXZ 10001f67 f i BumpBar.obj
 0001:00000f74       ?QueryInterface@?$CComContainedObject@VCOPOSBumpBar@@@ATL@@WII@AGJABU_GUID@@PAPAX@Z 10001f74 f i BumpBar.obj
 0001:00000f81       ?AddRef@?$CComContainedObject@VCOPOSBumpBar@@@ATL@@WII@AGKXZ 10001f81 f i BumpBar.obj
 0001:00000f8e       ?Release@?$CComContainedObject@VCOPOSBumpBar@@@ATL@@WII@AGKXZ 10001f8e f i BumpBar.obj
 0001:00000f9b       ?QueryInterface@?$CComContainedObject@VCOPOSBumpBar@@@ATL@@WIM@AGJABU_GUID@@PAPAX@Z 10001f9b f i BumpBar.obj
 0001:00000fa8       ?AddRef@?$CComContainedObject@VCOPOSBumpBar@@@ATL@@WIM@AGKXZ 10001fa8 f i BumpBar.obj
 0001:00000fb5       ?Release@?$CComContainedObject@VCOPOSBumpBar@@@ATL@@WIM@AGKXZ 10001fb5 f i BumpBar.obj
 0001:00000fc2       ?QueryInterface@?$CComContainedObject@VCOPOSBumpBar@@@ATL@@WJA@AGJABU_GUID@@PAPAX@Z 10001fc2 f i BumpBar.obj
 0001:00000fcf       ?AddRef@?$CComContainedObject@VCOPOSBumpBar@@@ATL@@WJA@AGKXZ 10001fcf f i BumpBar.obj
 0001:00000fdc       ?Release@?$CComContainedObject@VCOPOSBumpBar@@@ATL@@WJA@AGKXZ 10001fdc f i BumpBar.obj
 0001:00000fe9       ?QueryInterface@?$CComContainedObject@VCOPOSBumpBar@@@ATL@@WJE@AGJABU_GUID@@PAPAX@Z 10001fe9 f i BumpBar.obj
 0001:00000ff6       ?AddRef@?$CComContainedObject@VCOPOSBumpBar@@@ATL@@WJE@AGKXZ 10001ff6 f i BumpBar.obj
 0001:00001003       ?Release@?$CComContainedObject@VCOPOSBumpBar@@@ATL@@WJE@AGKXZ 10002003 f i BumpBar.obj
 0001:00001010       ?QueryInterface@?$CComContainedObject@VCOPOSBumpBar@@@ATL@@WJI@AGJABU_GUID@@PAPAX@Z 10002010 f i BumpBar.obj
 0001:0000101d       ?AddRef@?$CComContainedObject@VCOPOSBumpBar@@@ATL@@WJI@AGKXZ 1000201d f i BumpBar.obj
 0001:0000102a       ?Release@?$CComContainedObject@VCOPOSBumpBar@@@ATL@@WJI@AGKXZ 1000202a f i BumpBar.obj
 0001:00001037       ?QueryInterface@?$CComContainedObject@VCOPOSBumpBar@@@ATL@@WJM@AGJABU_GUID@@PAPAX@Z 10002037 f i BumpBar.obj
 0001:00001044       ?AddRef@?$CComContainedObject@VCOPOSBumpBar@@@ATL@@WJM@AGKXZ 10002044 f i BumpBar.obj
 0001:00001051       ?Release@?$CComContainedObject@VCOPOSBumpBar@@@ATL@@WJM@AGKXZ 10002051 f i BumpBar.obj
 0001:0000105e       ?QueryInterface@?$CComContainedObject@VCOPOSBumpBar@@@ATL@@WKA@AGJABU_GUID@@PAPAX@Z 1000205e f i BumpBar.obj
 0001:0000106b       ?AddRef@?$CComContainedObject@VCOPOSBumpBar@@@ATL@@WKA@AGKXZ 1000206b f i BumpBar.obj
 0001:00001078       ?Release@?$CComContainedObject@VCOPOSBumpBar@@@ATL@@WKA@AGKXZ 10002078 f i BumpBar.obj
 0001:00001085       ?AddRef@?$CComContainedObject@VCOPOSBumpBar@@@ATL@@WKI@AGKXZ 10002085 f i BumpBar.obj
 0001:00001092       ?Release@?$CComContainedObject@VCOPOSBumpBar@@@ATL@@WKI@AGKXZ 10002092 f i BumpBar.obj
 0001:0000109f       ?AddRef@?$CComContainedObject@VCOPOSBumpBar@@@ATL@@WLE@AGKXZ 1000209f f i BumpBar.obj
 0001:000010ac       ?Release@?$CComContainedObject@VCOPOSBumpBar@@@ATL@@WLE@AGKXZ 100020ac f i BumpBar.obj
 0001:000010b9       ?Lock@CAtlModule@ATL@@UAEJXZ 100020b9 f i BumpBar.obj
 0001:000010c3       ?Unlock@CAtlModule@ATL@@UAEJXZ 100020c3 f i BumpBar.obj
 0001:000010cd       ?GetLockCount@CAtlModule@ATL@@UAEJXZ 100020cd f i BumpBar.obj
 0001:000010d1       ?GetGITPtr@CAtlModule@ATL@@UAEJPAPAUIGlobalInterfaceTable@@@Z 100020d1 f i BumpBar.obj
 0001:0000111d       ?AddCommonRGSReplacements@?$CAtlModuleT@VCComModule@ATL@@@ATL@@UAEJPAUIRegistrarBase@@@Z 1000211d f i BumpBar.obj
 0001:00001137       ?UpdateRegistryFromResourceD@CComModule@ATL@@UAGJIHPAU_ATL_REGMAP_ENTRY@2@@Z 10002137 f i BumpBar.obj
 0001:00001137       ?UpdateRegistryFromResourceD@CComModule@ATL@@UAGJPB_WHPAU_ATL_REGMAP_ENTRY@2@@Z 10002137 f i BumpBar.obj
 0001:0000113f       ?UpdateRegistryFromResource@CComModule@ATL@@UAGJPB_WHPAU_ATL_REGMAP_ENTRY@2@@Z 1000213f f i BumpBar.obj
 0001:00001148       ?UpdateRegistryFromResource@CComModule@ATL@@UAGJIHPAU_ATL_REGMAP_ENTRY@2@@Z 10002148 f i BumpBar.obj
 0001:00001151       ??_ECComModule@ATL@@UAEPAXI@Z 10002151 f i BumpBar.obj
 0001:00001151       ??_GCComModule@ATL@@UAEPAXI@Z 10002151 f i BumpBar.obj
 0001:00001179       ?GetWindowProc@?$CWindowImplBaseT@VCWindow@ATL@@V?$CWinTraits@$0FGAAAAAA@$0A@@2@@ATL@@UAEP6GJPAUHWND__@@IIJ@ZXZ 10002179 f i BumpBar.obj
 0001:0000117f       ?StartWindowProc@?$CWindowImplBaseT@VCWindow@ATL@@V?$CWinTraits@$0FGAAAAAA@$0A@@2@@ATL@@SGJPAUHWND__@@IIJ@Z 1000217f f i BumpBar.obj
 0001:000011d3       ?GetTypeInfoCount@?$IDispatchImpl@UIOPOSBumpBar@@$1?IID_IOPOSBumpBar@@3U_GUID@@B$1?LIBID_OposBumpBar_CCO@@3U3@B$00$0A@VCComTypeInfoHolder@ATL@@@ATL@@UAGJPAI@Z 100021d3 f i BumpBar.obj
 0001:000011f0       ?GetTypeInfo@?$IDispatchImpl@UIOPOSBumpBar@@$1?IID_IOPOSBumpBar@@3U_GUID@@B$1?LIBID_OposBumpBar_CCO@@3U3@B$00$0A@VCComTypeInfoHolder@ATL@@@ATL@@UAGJIKPAPAUITypeInfo@@@Z 100021f0 f i BumpBar.obj
 0001:00001214       ?GetIDsOfNames@?$IDispatchImpl@UIOPOSBumpBar@@$1?IID_IOPOSBumpBar@@3U_GUID@@B$1?LIBID_OposBumpBar_CCO@@3U3@B$00$0A@VCComTypeInfoHolder@ATL@@@ATL@@UAGJABU_GUID@@PAPA_WIKPAJ@Z 10002214 f i BumpBar.obj
 0001:00001234       ?Invoke@?$IDispatchImpl@UIOPOSBumpBar@@$1?IID_IOPOSBumpBar@@3U_GUID@@B$1?LIBID_OposBumpBar_CCO@@3U3@B$00$0A@VCComTypeInfoHolder@ATL@@@ATL@@UAGJJABU_GUID@@KGPAUtagDISPPARAMS@@PAUtagVARIANT@@PAUtagEXCEPINFO@@PAI@Z 10002234 f i BumpBar.obj
 0001:00001242       ?CreateControlWindow@?$CComControl@VCOPOSBumpBar@@V?$CWindowImpl@VCOPOSBumpBar@@VCWindow@ATL@@V?$CWinTraits@$0FGAAAAAA@$0A@@3@@ATL@@@ATL@@UAEPAUHWND__@@PAU3@AAUtagRECT@@@Z 10002242 f i BumpBar.obj
 0001:00001271       ?ControlQueryInterface@?$CComControl@VCOPOSBumpBar@@V?$CWindowImpl@VCOPOSBumpBar@@VCWindow@ATL@@V?$CWinTraits@$0FGAAAAAA@$0A@@3@@ATL@@@ATL@@UAEJABU_GUID@@PAPAX@Z 10002271 f i BumpBar.obj
 0001:0000128c       ?GetClassID@?$IPersistStorageImpl@VCOPOSBumpBar@@@ATL@@UAGJPAU_GUID@@@Z 1000228c f i BumpBar.obj
 0001:0000128c       ?GetClassID@?$IPersistStreamInitImpl@VCOPOSBumpBar@@@ATL@@UAGJPAU_GUID@@@Z 1000228c f i BumpBar.obj
 0001:0000128c       ?GetUserClassID@?$IOleObjectImpl@VCOPOSBumpBar@@@ATL@@UAGJPAU_GUID@@@Z 1000228c f i BumpBar.obj
 0001:000012b0       ?IsDirty@?$IPersistStreamInitImpl@VCOPOSBumpBar@@@ATL@@UAGJXZ 100022b0 f i BumpBar.obj
 0001:000012cf       ?Load@?$IPersistStreamInitImpl@VCOPOSBumpBar@@@ATL@@UAGJPAUIStream@@@Z 100022cf f i BumpBar.obj
 0001:000012ee       ?Save@?$IPersistStreamInitImpl@VCOPOSBumpBar@@@ATL@@UAGJPAUIStream@@H@Z 100022ee f i BumpBar.obj
 0001:00001310       ?GetSizeMax@?$IPersistStreamInitImpl@VCOPOSBumpBar@@@ATL@@UAGJPAT_ULARGE_INTEGER@@@Z 10002310 f i BumpBar.obj
 0001:000014c5       ?InitNew@?$IPersistStreamInitImpl@VCOPOSBumpBar@@@ATL@@UAGJXZ 100024c5 f i BumpBar.obj
 0001:000014e2       ?ContextSensitiveHelp@?$IOleInPlaceActiveObjectImpl@VCOPOSBumpBar@@@ATL@@UAGJH@Z 100024e2 f i BumpBar.obj
 0001:000014e2       ?SetColorScheme@?$IOleObjectImpl@VCOPOSBumpBar@@@ATL@@UAGJPAUtagLOGPALETTE@@@Z 100024e2 f i BumpBar.obj
 0001:000014e2       ?QueryGetData@?$IDataObjectImpl@VCOPOSBumpBar@@@ATL@@UAGJPAUtagFORMATETC@@@Z 100024e2 f i BumpBar.obj
 0001:000014e2       ?Unfreeze@?$IViewObjectExImpl@VCOPOSBumpBar@@@ATL@@UAGJK@Z 100024e2 f i BumpBar.obj
 0001:000014e2       ?GetDropTarget@?$IOleInPlaceObjectWindowlessImpl@VCOPOSBumpBar@@@ATL@@UAGJPAPAUIDropTarget@@@Z 100024e2 f i BumpBar.obj
 0001:000014e2       ?GetControlInfo@?$IOleControlImpl@VCOPOSBumpBar@@@ATL@@UAGJPAUtagCONTROLINFO@@@Z 100024e2 f i BumpBar.obj
 0001:000014e2       ?OnMnemonic@?$IOleControlImpl@VCOPOSBumpBar@@@ATL@@UAGJPAUtagMSG@@@Z 100024e2 f i BumpBar.obj
 0001:000014e2       ?ContextSensitiveHelp@?$IOleInPlaceObjectWindowlessImpl@VCOPOSBumpBar@@@ATL@@UAGJH@Z 100024e2 f i BumpBar.obj
 0001:000014ea       ?SaveCompleted@?$IPersistStorageImpl@VCOPOSBumpBar@@@ATL@@UAGJPAUIStorage@@@Z 100024ea f i BumpBar.obj
 0001:000014ea       ?OnFrameWindowActivate@?$IOleInPlaceActiveObjectImpl@VCOPOSBumpBar@@@ATL@@UAGJH@Z 100024ea f i BumpBar.obj
 0001:000014ea       ?EnableModeless@?$IOleInPlaceActiveObjectImpl@VCOPOSBumpBar@@@ATL@@UAGJH@Z 100024ea f i BumpBar.obj
 0001:000014ea       ?OnAmbientPropertyChange@?$IOleControlImpl@VCOPOSBumpBar@@@ATL@@UAGJJ@Z 100024ea f i BumpBar.obj
 0001:000014ef       ?SetClientSite@?$IOleObjectImpl@VCOPOSBumpBar@@@ATL@@UAGJPAUIOleClientSite@@@Z 100024ef f i BumpBar.obj
 0001:0000150c       ?GetClientSite@?$IOleObjectImpl@VCOPOSBumpBar@@@ATL@@UAGJPAPAUIOleClientSite@@@Z 1000250c f i BumpBar.obj
 0001:00001529       ?SetHostNames@?$IOleObjectImpl@VCOPOSBumpBar@@@ATL@@UAGJPB_W0@Z 10002529 f i BumpBar.obj
 0001:0000152e       ?Close@?$IOleObjectImpl@VCOPOSBumpBar@@@ATL@@UAGJK@Z 1000252e f i BumpBar.obj
 0001:0000154b       ?EnumFormatEtc@?$IDataObjectImpl@VCOPOSBumpBar@@@ATL@@UAGJKPAPAUIEnumFORMATETC@@@Z 1000254b f i BumpBar.obj
 0001:0000154b       ?GetCanonicalFormatEtc@?$IDataObjectImpl@VCOPOSBumpBar@@@ATL@@UAGJPAUtagFORMATETC@@0@Z 1000254b f i BumpBar.obj
 0001:0000154b       ?GetDataHere@?$IDataObjectImpl@VCOPOSBumpBar@@@ATL@@UAGJPAUtagFORMATETC@@PAUtagSTGMEDIUM@@@Z 1000254b f i BumpBar.obj
 0001:0000154b       ?SetMoniker@?$IOleObjectImpl@VCOPOSBumpBar@@@ATL@@UAGJKPAUIMoniker@@@Z 1000254b f i BumpBar.obj
 0001:0000154b       ?QueryInterface@CRegObject@ATL@@UAGJABU_GUID@@PAPAX@Z 1000254b f i BumpBar.obj
 0001:0000154b       ?GetClipboardData@?$IOleObjectImpl@VCOPOSBumpBar@@@ATL@@UAGJKPAPAUIDataObject@@@Z 1000254b f i BumpBar.obj
 0001:0000154b       ?GetRect@?$IViewObjectExImpl@VCOPOSBumpBar@@@ATL@@UAGJKPAU_RECTL@@@Z 1000254b f i BumpBar.obj
 0001:00001553       ?GetMoniker@?$IOleObjectImpl@VCOPOSBumpBar@@@ATL@@UAGJKKPAPAUIMoniker@@@Z 10002553 f i BumpBar.obj
 0001:00001553       ?SetData@?$IDataObjectImpl@VCOPOSBumpBar@@@ATL@@UAGJPAUtagFORMATETC@@PAUtagSTGMEDIUM@@H@Z 10002553 f i BumpBar.obj
 0001:00001553       ?InitFromData@?$IOleObjectImpl@VCOPOSBumpBar@@@ATL@@UAGJPAUIDataObject@@HK@Z 10002553 f i BumpBar.obj
 0001:0000155b       ?DoVerb@?$IOleObjectImpl@VCOPOSBumpBar@@@ATL@@UAGJJPAUtagMSG@@PAUIOleClientSite@@JPAUHWND__@@PBUtagRECT@@@Z 1000255b f i BumpBar.obj
 0001:00001673       ?EnumVerbs@?$IOleObjectImpl@VCOPOSBumpBar@@@ATL@@UAGJPAPAUIEnumOLEVERB@@@Z 10002673 f i BumpBar.obj
 0001:00001695       ?Update@?$IOleObjectImpl@VCOPOSBumpBar@@@ATL@@UAGJXZ 10002695 f i BumpBar.obj
 0001:00001695       ?IsUpToDate@?$IOleObjectImpl@VCOPOSBumpBar@@@ATL@@UAGJXZ 10002695 f i BumpBar.obj
 0001:00001695       ?Release@CRegObject@ATL@@UAGKXZ 10002695 f i BumpBar.obj
 0001:00001695       ?HandsOffStorage@?$IPersistStorageImpl@VCOPOSBumpBar@@@ATL@@UAGJXZ 10002695 f i BumpBar.obj
 0001:0000169a       ?GetUserType@?$IOleObjectImpl@VCOPOSBumpBar@@@ATL@@UAGJKPAPA_W@Z 1000269a f i BumpBar.obj
 0001:000016b2       ?SetExtent@?$IOleObjectImpl@VCOPOSBumpBar@@@ATL@@UAGJKPAUtagSIZE@@@Z 100026b2 f i BumpBar.obj
 0001:000016d2       ?GetExtent@?$IOleObjectImpl@VCOPOSBumpBar@@@ATL@@UAGJKPAUtagSIZE@@@Z 100026d2 f i BumpBar.obj
 0001:00001710       ?Advise@?$IOleObjectImpl@VCOPOSBumpBar@@@ATL@@UAGJPAUIAdviseSink@@PAK@Z 10002710 f i BumpBar.obj
 0001:00001730       ?Unadvise@?$IOleObjectImpl@VCOPOSBumpBar@@@ATL@@UAGJK@Z 10002730 f i BumpBar.obj
 0001:0000175f       ?EnumAdvise@?$IOleObjectImpl@VCOPOSBumpBar@@@ATL@@UAGJPAPAUIEnumSTATDATA@@@Z 1000275f f i BumpBar.obj
 0001:0000179f       ?GetMiscStatus@?$IOleObjectImpl@VCOPOSBumpBar@@@ATL@@UAGJKPAK@Z 1000279f f i BumpBar.obj
 0001:000017b7       ?GetWindow@?$IOleInPlaceActiveObjectImpl@VCOPOSBumpBar@@@ATL@@UAGJPAPAUHWND__@@@Z 100027b7 f i BumpBar.obj
 0001:00001804       ?TranslateAcceleratorW@?$IOleInPlaceActiveObjectImpl@VCOPOSBumpBar@@@ATL@@UAGJPAUtagMSG@@@Z 10002804 f i BumpBar.obj
 0001:000018a2       ?OnDocWindowActivate@?$IOleInPlaceActiveObjectImpl@VCOPOSBumpBar@@@ATL@@UAGJH@Z 100028a2 f i BumpBar.obj
 0001:000018c4       ?ResizeBorder@?$IOleInPlaceActiveObjectImpl@VCOPOSBumpBar@@@ATL@@UAGJPBUtagRECT@@PAUIOleInPlaceUIWindow@@H@Z 100028c4 f i BumpBar.obj
 0001:000018c9       ?Draw@?$IViewObjectExImpl@VCOPOSBumpBar@@@ATL@@UAGJKJPAXPAUtagDVTARGETDEVICE@@PAUHDC__@@2PBU_RECTL@@3P6GHK@ZK@Z 100028c9 f i BumpBar.obj
 0001:000018fb       ?GetColorSet@?$IViewObjectExImpl@VCOPOSBumpBar@@@ATL@@UAGJKJPAXPAUtagDVTARGETDEVICE@@PAUHDC__@@PAPAUtagLOGPALETTE@@@Z 100028fb f i BumpBar.obj
 0001:00001903       ?Freeze@?$IViewObjectExImpl@VCOPOSBumpBar@@@ATL@@UAGJKJPAXPAK@Z 10002903 f i BumpBar.obj
 0001:0000190b       ?SetAdvise@?$IViewObjectExImpl@VCOPOSBumpBar@@@ATL@@UAGJKKPAUIAdviseSink@@@Z 1000290b f i BumpBar.obj
 0001:0000192a       ?GetAdvise@?$IViewObjectExImpl@VCOPOSBumpBar@@@ATL@@UAGJPAK0PAPAUIAdviseSink@@@Z 1000292a f i BumpBar.obj
 0001:0000195f       ?GetExtent@?$IViewObjectExImpl@VCOPOSBumpBar@@@ATL@@UAGJKJPAUtagDVTARGETDEVICE@@PAUtagSIZE@@@Z 1000295f f i BumpBar.obj
 0001:00001990       ?GetViewStatus@?$IViewObjectExImpl@VCOPOSBumpBar@@@ATL@@UAGJPAK@Z 10002990 f i BumpBar.obj
 0001:000019ad       ?QueryHitPoint@?$IViewObjectExImpl@VCOPOSBumpBar@@@ATL@@UAGJKPBUtagRECT@@UtagPOINT@@JPAK@Z 100029ad f i BumpBar.obj
 0001:000019ee       ?QueryHitRect@?$IViewObjectExImpl@VCOPOSBumpBar@@@ATL@@UAGJKPBUtagRECT@@0JPAK@Z 100029ee f i BumpBar.obj
 0001:00001a49       ?GetNaturalExtent@?$IViewObjectExImpl@VCOPOSBumpBar@@@ATL@@UAGJKJPAUtagDVTARGETDEVICE@@PAUHDC__@@PAUtagExtentInfo@@PAUtagSIZE@@@Z 10002a49 f i BumpBar.obj
 0001:00001a94       ?GetWindow@?$IOleInPlaceObjectWindowlessImpl@VCOPOSBumpBar@@@ATL@@UAGJPAPAUHWND__@@@Z 10002a94 f i BumpBar.obj
 0001:00001ae1       ?InPlaceDeactivate@?$IOleInPlaceObjectWindowlessImpl@VCOPOSBumpBar@@@ATL@@UAGJXZ 10002ae1 f i BumpBar.obj
 0001:00001afb       ?UIDeactivate@?$IOleInPlaceObjectWindowlessImpl@VCOPOSBumpBar@@@ATL@@UAGJXZ 10002afb f i BumpBar.obj
 0001:00001b15       ?SetObjectRects@?$IOleInPlaceObjectWindowlessImpl@VCOPOSBumpBar@@@ATL@@UAGJPBUtagRECT@@0@Z 10002b15 f i BumpBar.obj
 0001:00001b35       ?ReactivateAndUndo@?$IOleInPlaceObjectWindowlessImpl@VCOPOSBumpBar@@@ATL@@UAGJXZ 10002b35 f i BumpBar.obj
 0001:00001b3d       ?OnWindowMessage@?$IOleInPlaceObjectWindowlessImpl@VCOPOSBumpBar@@@ATL@@UAGJIIJPAJ@Z 10002b3d f i BumpBar.obj
 0001:00001bad       ?EnumConnectionPoints@?$IConnectionPointContainerImpl@VCOPOSBumpBar@@@ATL@@UAGJPAPAUIEnumConnectionPoints@@@Z 10002bad f i BumpBar.obj
 0001:00001d27       ?FindConnectionPoint@?$IConnectionPointContainerImpl@VCOPOSBumpBar@@@ATL@@UAGJABU_GUID@@PAPAUIConnectionPoint@@@Z 10002d27 f i BumpBar.obj
 0001:00001dca       ?IsDirty@?$IPersistStorageImpl@VCOPOSBumpBar@@@ATL@@UAGJXZ 10002dca f i BumpBar.obj
 0001:00001dfe       ?InitNew@?$IPersistStorageImpl@VCOPOSBumpBar@@@ATL@@UAGJPAUIStorage@@@Z 10002dfe f i BumpBar.obj
 0001:00001e32       ?Load@?$IPersistStorageImpl@VCOPOSBumpBar@@@ATL@@UAGJPAUIStorage@@@Z 10002e32 f i BumpBar.obj
 0001:00001e9e       ?Save@?$IPersistStorageImpl@VCOPOSBumpBar@@@ATL@@UAGJPAUIStorage@@H@Z 10002e9e f i BumpBar.obj
 0001:00001f11       ?GetPages@?$ISpecifyPropertyPagesImpl@VCOPOSBumpBar@@@ATL@@UAGJPAUtagCAUUID@@@Z 10002f11 f i BumpBar.obj
 0001:00001f28       ?QuickActivate@?$IQuickActivateImpl@VCOPOSBumpBar@@@ATL@@UAGJPAUtagQACONTAINER@@PAUtagQACONTROL@@@Z 10002f28 f i BumpBar.obj
 0001:00001f4b       ?SetContentExtent@?$IQuickActivateImpl@VCOPOSBumpBar@@@ATL@@UAGJPAUtagSIZE@@@Z 10002f4b f i BumpBar.obj
 0001:00001f77       ?GetContentExtent@?$IQuickActivateImpl@VCOPOSBumpBar@@@ATL@@UAGJPAUtagSIZE@@@Z 10002f77 f i BumpBar.obj
 0001:00001f97       ?GetData@?$IDataObjectImpl@VCOPOSBumpBar@@@ATL@@UAGJPAUtagFORMATETC@@PAUtagSTGMEDIUM@@@Z 10002f97 f i BumpBar.obj
 0001:00001fba       ?DAdvise@?$IDataObjectImpl@VCOPOSBumpBar@@@ATL@@UAGJPAUtagFORMATETC@@KPAUIAdviseSink@@PAK@Z 10002fba f i BumpBar.obj
 0001:00001ffb       ?DUnadvise@?$IDataObjectImpl@VCOPOSBumpBar@@@ATL@@UAGJK@Z 10002ffb f i BumpBar.obj
 0001:00002029       ?EnumDAdvise@?$IDataObjectImpl@VCOPOSBumpBar@@@ATL@@UAGJPAPAUIEnumSTATDATA@@@Z 10003029 f i BumpBar.obj
 0001:00002068       ?GetClassInfoW@?$IProvideClassInfo2Impl@$1?CLSID_OPOSBumpBar@@3U_GUID@@B$1?DIID__IOPOSBumpBarEvents@@3U2@B$1?LIBID_OposBumpBar_CCO@@3U2@B$00$0A@VCComTypeInfoHolder@ATL@@@ATL@@UAGJPAPAUITypeInfo@@@Z 10003068 f i BumpBar.obj
 0001:0000207e       ?GetGUID@?$IProvideClassInfo2Impl@$1?CLSID_OPOSBumpBar@@3U_GUID@@B$1?DIID__IOPOSBumpBarEvents@@3U2@B$1?LIBID_OposBumpBar_CCO@@3U2@B$00$0A@VCComTypeInfoHolder@ATL@@@ATL@@UAGJKPAU_GUID@@@Z 1000307e f i BumpBar.obj
 0001:000020bc       __get_startup_argv_mode    100030bc f i LIBCMT:argv_mode.obj
 0001:000020bc       ?FAccessAllowed@?$IObjectSafetyImpl@VCOPOSBumpBar@@$02@ATL@@MAEHXZ 100030bc f i BumpBar.obj
 0001:000020c0       ?GetInterfaceSafetyOptions@?$IObjectSafetyImpl@VCOPOSBumpBar@@$02@ATL@@UAGJABU_GUID@@PAK1@Z 100030c0 f i BumpBar.obj
 0001:00002134       ?SetInterfaceSafetyOptions@?$IObjectSafetyImpl@VCOPOSBumpBar@@$02@ATL@@UAGJABU_GUID@@KK@Z 10003134 f i BumpBar.obj
 0001:000021ae       ?_LocCPQueryInterface@?$IConnectionPointImpl@VCOPOSBumpBar@@$1?DIID__IOPOSBumpBarEvents@@3U_GUID@@BVCComDynamicUnkArray@ATL@@@ATL@@UAGJABU_GUID@@PAPAX@Z 100031ae f i BumpBar.obj
 0001:000021ae       ?_LocCPQueryInterface@?$IConnectionPointImpl@VCOPOSBumpBar@@$1?IID_IPropertyNotifySink@@3U_GUID@@BVCComDynamicUnkArray@ATL@@@ATL@@UAGJABU_GUID@@PAPAX@Z 100031ae f i BumpBar.obj
 0001:000021fb       ?GetConnectionInterface@?$IConnectionPointImpl@VCOPOSBumpBar@@$1?IID_IPropertyNotifySink@@3U_GUID@@BVCComDynamicUnkArray@ATL@@@ATL@@UAGJPAU_GUID@@@Z 100031fb f i BumpBar.obj
 0001:0000221f       ?GetConnectionPointContainer@?$IConnectionPointImpl@VCOPOSBumpBar@@$1?IID_IPropertyNotifySink@@3U_GUID@@BVCComDynamicUnkArray@ATL@@@ATL@@UAGJPAPAUIConnectionPointContainer@@@Z 1000321f f i BumpBar.obj
 0001:00002242       ?Advise@?$IConnectionPointImpl@VCOPOSBumpBar@@$1?IID_IPropertyNotifySink@@3U_GUID@@BVCComDynamicUnkArray@ATL@@@ATL@@UAGJPAUIUnknown@@PAK@Z 10003242 f i BumpBar.obj
 0001:00002242       ?Advise@?$IConnectionPointImpl@VCOPOSBumpBar@@$1?DIID__IOPOSBumpBarEvents@@3U_GUID@@BVCComDynamicUnkArray@ATL@@@ATL@@UAGJPAUIUnknown@@PAK@Z 10003242 f i BumpBar.obj
 0001:000022e3       ?Unadvise@?$IConnectionPointImpl@VCOPOSBumpBar@@$1?IID_IPropertyNotifySink@@3U_GUID@@BVCComDynamicUnkArray@ATL@@@ATL@@UAGJK@Z 100032e3 f i BumpBar.obj
 0001:000022e3       ?Unadvise@?$IConnectionPointImpl@VCOPOSBumpBar@@$1?DIID__IOPOSBumpBarEvents@@3U_GUID@@BVCComDynamicUnkArray@ATL@@@ATL@@UAGJK@Z 100032e3 f i BumpBar.obj
 0001:00002323       ?EnumConnections@?$IConnectionPointImpl@VCOPOSBumpBar@@$1?DIID__IOPOSBumpBarEvents@@3U_GUID@@BVCComDynamicUnkArray@ATL@@@ATL@@UAGJPAPAUIEnumConnections@@@Z 10003323 f i BumpBar.obj
 0001:00002323       ?EnumConnections@?$IConnectionPointImpl@VCOPOSBumpBar@@$1?IID_IPropertyNotifySink@@3U_GUID@@BVCComDynamicUnkArray@ATL@@@ATL@@UAGJPAPAUIEnumConnections@@@Z 10003323 f i BumpBar.obj
 0001:00002429       ?GetConnectionInterface@?$IConnectionPointImpl@VCOPOSBumpBar@@$1?DIID__IOPOSBumpBarEvents@@3U_GUID@@BVCComDynamicUnkArray@ATL@@@ATL@@UAGJPAU_GUID@@@Z 10003429 f i BumpBar.obj
 0001:0000244d       ?GetConnectionPointContainer@?$IConnectionPointImpl@VCOPOSBumpBar@@$1?DIID__IOPOSBumpBarEvents@@3U_GUID@@BVCComDynamicUnkArray@ATL@@@ATL@@UAGJPAPAUIConnectionPointContainer@@@Z 1000344d f i BumpBar.obj
 0001:00002470       ?AddRef@CRegObject@ATL@@UAGKXZ 10003470 f i BumpBar.obj
 0001:00002476       ?AddReplacement@CRegObject@ATL@@UAGJPB_W0@Z 10003476 f i BumpBar.obj
 0001:000024af       ?ClearReplacements@CRegObject@ATL@@UAGJXZ 100034af f i BumpBar.obj
 0001:000024c1       ??_ECRegObject@ATL@@UAEPAXI@Z 100034c1 f i BumpBar.obj
 0001:000024c1       ??_GCRegObject@ATL@@UAEPAXI@Z 100034c1 f i BumpBar.obj
 0001:000024e3       ?UpdateRegistry@COPOSBumpBar@@SGJH@Z 100034e3 f i BumpBar.obj
 0001:000024fb       ?ProcessWindowMessage@COPOSBumpBar@@UAEHPAUHWND__@@IIJAAJK@Z 100034fb f i BumpBar.obj
 0001:00002544       ?SOData@COPOSBumpBar@@MAGJJ@Z 10003544 f i BumpBar.obj
 0001:0000257d       ?SODirectIO@COPOSBumpBar@@MAGJJPAJPAPA_W@Z 1000357d f i BumpBar.obj
 0001:000025c6       ?SOError@COPOSBumpBar@@MAGJJJJPAJ@Z 100035c6 f i BumpBar.obj
 0001:0000261b       ?SOOutputComplete@COPOSBumpBar@@MAGJJ@Z 1000361b f i BumpBar.obj
 0001:00002654       ?SOStatusUpdate@COPOSBumpBar@@MAGJJ@Z 10003654 f i BumpBar.obj
 0001:0000268d       ?CreateInstance@?$CComCreator@V?$CComObjectCached@VCComClassFactory@ATL@@@ATL@@@ATL@@SGJPAXABU_GUID@@PAPAX@Z 1000368d f i BumpBar.obj
 0001:00002720       ?CreateInstance@?$CComCreator2@V?$CComCreator@V?$CComObject@VCOPOSBumpBar@@@ATL@@@ATL@@V?$CComCreator@V?$CComAggObject@VCOPOSBumpBar@@@ATL@@@2@@ATL@@SGJPAXABU_GUID@@PAPAX@Z 10003720 f i BumpBar.obj
 0001:00002740       ?Next@?$CComEnumImpl@UIEnumConnectionPoints@@$1?_GUID_b196b285_bab4_101a_b69c_00aa00341d07@@3U__s_GUID@@BPAUIConnectionPoint@@V?$_CopyInterface@UIConnectionPoint@@@ATL@@@ATL@@UAGJKPAPAUIConnectionPoint@@PAK@Z 10003740 f i BumpBar.obj
 0001:00002817       ?Skip@?$CComEnumImpl@UIEnumConnectionPoints@@$1?_GUID_b196b285_bab4_101a_b69c_00aa00341d07@@3U__s_GUID@@BPAUIConnectionPoint@@V?$_CopyInterface@UIConnectionPoint@@@ATL@@@ATL@@UAGJK@Z 10003817 f i BumpBar.obj
 0001:00002844       ?Clone@?$CComEnumImpl@UIEnumConnectionPoints@@$1?_GUID_b196b285_bab4_101a_b69c_00aa00341d07@@3U__s_GUID@@BPAUIConnectionPoint@@V?$_CopyInterface@UIConnectionPoint@@@ATL@@@ATL@@UAGJPAPAUIEnumConnectionPoints@@@Z 10003844 f i BumpBar.obj
 0001:00002923       ?QueryInterface@?$CComObject@V?$CComEnum@UIEnumConnectionPoints@@$1?_GUID_b196b285_bab4_101a_b69c_00aa00341d07@@3U__s_GUID@@BPAUIConnectionPoint@@V?$_CopyInterface@UIConnectionPoint@@@ATL@@VCComSingleThreadModel@6@@ATL@@@ATL@@UAGJABU_GUID@@PAPAX@Z 10003923 f i BumpBar.obj
 0001:0000293d       ??_E?$CComObject@V?$CComEnum@UIEnumConnectionPoints@@$1?_GUID_b196b285_bab4_101a_b69c_00aa00341d07@@3U__s_GUID@@BPAUIConnectionPoint@@V?$_CopyInterface@UIConnectionPoint@@@ATL@@VCComSingleThreadModel@6@@ATL@@@ATL@@UAEPAXI@Z 1000393d f i BumpBar.obj
 0001:0000293d       ??_G?$CComObject@V?$CComEnum@UIEnumConnectionPoints@@$1?_GUID_b196b285_bab4_101a_b69c_00aa00341d07@@3U__s_GUID@@BPAUIConnectionPoint@@V?$_CopyInterface@UIConnectionPoint@@@ATL@@VCComSingleThreadModel@6@@ATL@@@ATL@@UAEPAXI@Z 1000393d f i BumpBar.obj
 0001:0000295f       ??$?4UITypeInfo2@@@?$CComPtr@UITypeInfo@@@ATL@@QAEPAUITypeInfo@@ABV?$CComPtr@UITypeInfo2@@@1@@Z 1000395f f i BumpBar.obj
 0001:0000298c       ??$AtlAdd@K@ATL@@YAJPAKKK@Z 1000398c f i BumpBar.obj
 0001:000029af       ??$AtlAdd@_K@ATL@@YAJPA_K_K1@Z 100039af f i BumpBar.obj
 0001:000029e7       ??$AtlAddThrow@K@ATL@@YAKKK@Z 100039e7 f i BumpBar.obj
 0001:00002a0d       ??$AtlModuleRegisterWndClassInfoT@VAtlModuleRegisterWndClassInfoParamW@ATL@@@ATL@@YAGPAU_ATL_BASE_MODULE70@0@PAU_ATL_WIN_MODULE70@0@PAU_ATL_WNDCLASSINFOW@0@PAP6GJPAUHWND__@@IIJ@ZVAtlModuleRegisterWndClassInfoParamW@0@@Z 10003a0d f i BumpBar.obj
 0001:00002b5b       ??$AtlMultiply@H@ATL@@YAJPAHHH@Z 10003b5b f i BumpBar.obj
 0001:00002b93       ??$AtlMultiply@I@ATL@@YAJPAIII@Z 10003b93 f i BumpBar.obj
 0001:00002b93       ??$AtlMultiply@K@ATL@@YAJPAKKK@Z 10003b93 f i BumpBar.obj
 0001:00002bb5       ??$AtlMultiplyThrow@I@ATL@@YAIII@Z 10003bb5 f i BumpBar.obj
 0001:00002bdb       ??0?$CComAggObject@VCOPOSBumpBar@@@ATL@@QAE@PAX@Z 10003bdb f i BumpBar.obj
 0001:00002c08       ??0?$CComContainedObject@VCOPOSBumpBar@@@ATL@@QAE@PAX@Z 10003c08 f i BumpBar.obj
 0001:00002cc1       ??0?$CComObject@V?$CComEnum@UIEnumConnectionPoints@@$1?_GUID_b196b285_bab4_101a_b69c_00aa00341d07@@3U__s_GUID@@BPAUIConnectionPoint@@V?$_CopyInterface@UIConnectionPoint@@@ATL@@VCComSingleThreadModel@6@@ATL@@@ATL@@QAE@PAX@Z 10003cc1 f i BumpBar.obj
 0001:00002cef       ??0?$CComObject@V?$CComEnum@UIEnumConnections@@$1?_GUID_b196b287_bab4_101a_b69c_00aa00341d07@@3U__s_GUID@@BUtagCONNECTDATA@@V?$_Copy@UtagCONNECTDATA@@@ATL@@VCComSingleThreadModel@6@@ATL@@@ATL@@QAE@PAX@Z 10003cef f i BumpBar.obj
 0001:00002d1d       ??0?$CComObject@VCOPOSBumpBar@@@ATL@@QAE@PAX@Z 10003d1d f i BumpBar.obj
 0001:00002dd4       ??0?$CComQIPtr@UIOleControlSite@@$1?_GUID_b196b289_bab4_101a_b69c_00aa00341d07@@3U__s_GUID@@B@ATL@@QAE@PAUIUnknown@@@Z 10003dd4 f i BumpBar.obj
 0001:00002dfd       ??0CAtlModule@ATL@@QAE@XZ  10003dfd f i BumpBar.obj
 0001:00002e3e       ??0CParseBuffer@CRegParser@ATL@@QAE@H@Z 10003e3e f i BumpBar.obj
 0001:00002e74       ??0_ATL_MSG@ATL@@QAE@PAUHWND__@@IIJH@Z 10003e74 f i BumpBar.obj
 0001:00002eac       ??1?$CComAggObject@VCOPOSBumpBar@@@ATL@@UAE@XZ 10003eac f i BumpBar.obj
 0001:00002ed0       ??1?$CComEnumImpl@UIEnumConnectionPoints@@$1?_GUID_b196b285_bab4_101a_b69c_00aa00341d07@@3U__s_GUID@@BPAUIConnectionPoint@@V?$_CopyInterface@UIConnectionPoint@@@ATL@@@ATL@@UAE@XZ 10003ed0 f i BumpBar.obj
 0001:00002f10       ??1?$CComEnumImpl@UIEnumConnections@@$1?_GUID_b196b287_bab4_101a_b69c_00aa00341d07@@3U__s_GUID@@BUtagCONNECTDATA@@V?$_Copy@UtagCONNECTDATA@@@ATL@@@ATL@@UAE@XZ 10003f10 f i BumpBar.obj
 0001:00002f50       ??1?$CComObject@V?$CComEnum@UIEnumConnectionPoints@@$1?_GUID_b196b285_bab4_101a_b69c_00aa00341d07@@3U__s_GUID@@BPAUIConnectionPoint@@V?$_CopyInterface@UIConnectionPoint@@@ATL@@VCComSingleThreadModel@6@@ATL@@@ATL@@UAE@XZ 10003f50 f i BumpBar.obj
 0001:00002f73       ??1?$CComObject@V?$CComEnum@UIEnumConnections@@$1?_GUID_b196b287_bab4_101a_b69c_00aa00341d07@@3U__s_GUID@@BUtagCONNECTDATA@@V?$_Copy@UtagCONNECTDATA@@@ATL@@VCComSingleThreadModel@6@@ATL@@@ATL@@UAE@XZ 10003f73 f i BumpBar.obj
 0001:00002f96       ??1?$CComObject@VCOPOSBumpBar@@@ATL@@UAE@XZ 10003f96 f i BumpBar.obj
 0001:00003054       ??1?$CComObjectCached@VCComClassFactory@ATL@@@ATL@@UAE@XZ 10004054 f i BumpBar.obj
 0001:0000306a       ??1?$CComObjectRootEx@VCComMultiThreadModel@ATL@@@ATL@@QAE@XZ 1000406a f i BumpBar.obj
 0001:0000307f       ??1CRegObject@ATL@@UAE@XZ  1000407f f i BumpBar.obj
 0001:0000309f       ??4?$CComPtr@UIUnknown@@@ATL@@QAEPAUIUnknown@@PAU2@@Z 1000409f f i BumpBar.obj
 0001:0000309f       ??4?$CComPtr@UIAdviseSink@@@ATL@@QAEPAUIAdviseSink@@PAU2@@Z 1000409f f i BumpBar.obj
 0001:0000309f       ??4?$CComPtr@UIOleClientSite@@@ATL@@QAEPAUIOleClientSite@@PAU2@@Z 1000409f f i BumpBar.obj
 0001:000030d3       ??4?$CComQIPtr@UIOleObject@@$1?_GUID_00000112_0000_0000_c000_000000000046@@3U__s_GUID@@B@ATL@@QAEPAUIOleObject@@PAUIUnknown@@@Z 100040d3 f i BumpBar.obj
 0001:000030f8       ??4?$CComQIPtr@UISpecifyPropertyPages@@$1?_GUID_b196b28b_bab4_101a_b69c_00aa00341d07@@3U__s_GUID@@B@ATL@@QAEPAUISpecifyPropertyPages@@PAUIUnknown@@@Z 100040f8 f i BumpBar.obj
 0001:0000311d       ??_E?$CComContainedObject@VCOPOSBumpBar@@@ATL@@UAEPAXI@Z 1000411d f i BumpBar.obj
 0001:0000311d       ??_G?$CComContainedObject@VCOPOSBumpBar@@@ATL@@UAEPAXI@Z 1000411d f i BumpBar.obj
 0001:00003142       ??_E?$CComObject@VCOPOSBumpBar@@@ATL@@UAEPAXI@Z 10004142 f i BumpBar.obj
 0001:00003142       ??_G?$CComObject@VCOPOSBumpBar@@@ATL@@UAEPAXI@Z 10004142 f i BumpBar.obj
 0001:00003167       ?Add@?$CSimpleArray@GV?$CSimpleArrayEqualHelper@G@ATL@@@ATL@@QAEHABG@Z 10004167 f i BumpBar.obj
 0001:000031eb       ?Add@?$CSimpleMap@PA_WPA_WVCExpansionVectorEqualHelper@ATL@@@ATL@@QAEHABQA_W0@Z 100041eb f i BumpBar.obj
 0001:00003240       ?Add@CComDynamicUnkArray@ATL@@QAEKPAUIUnknown@@@Z 10004240 f i BumpBar.obj
 0001:000032fb       ?Add@CExpansionVector@ATL@@QAEHPB_W0@Z 100042fb f i BumpBar.obj
 0001:000033ff       ?AddString@CParseBuffer@CRegParser@ATL@@QAEHPB_W@Z 100043ff f i BumpBar.obj
 0001:00003434       ?AddValue@CRegParser@ATL@@IAEJAAVCRegKey@2@PB_WPA_W@Z 10004434 f i BumpBar.obj
 0001:00003755       ?Allocate@?$CAtlSafeAllocBufferManager@VCCRTAllocator@ATL@@@_ATL_SAFE_ALLOCA_IMPL@ATL@@QAEPAXK@Z 10004755 f i BumpBar.obj
 0001:00003782       ?Allocate@?$CTempBuffer@E$0BAA@VCCRTAllocator@ATL@@@ATL@@QAEPAEI@Z 10004782 f i BumpBar.obj
 0001:000037b1       ?Allocate@?$CTempBuffer@_W$0BAA@VCCRTAllocator@ATL@@@ATL@@QAEPA_WI@Z 100047b1 f i BumpBar.obj
 0001:000037e0       ?Allocate@?$CTempBuffer@_W$0EAA@VCCRTAllocator@ATL@@@ATL@@QAEPA_WI@Z 100047e0 f i BumpBar.obj
 0001:0000380f       ?AllocateHeap@?$CTempBuffer@_W$0EAA@VCCRTAllocator@ATL@@@ATL@@AAEXI@Z 1000480f f i BumpBar.obj
 0001:0000380f       ?AllocateHeap@?$CTempBuffer@E$0BAA@VCCRTAllocator@ATL@@@ATL@@AAEXI@Z 1000480f f i BumpBar.obj
 0001:0000380f       ?AllocateHeap@?$CTempBuffer@_W$0BAA@VCCRTAllocator@ATL@@@ATL@@AAEXI@Z 1000480f f i BumpBar.obj
 0001:00003834       ?Append@CParseBuffer@CRegParser@ATL@@QAEHPB_WH@Z 10004834 f i BumpBar.obj
 0001:000038c2       ?AtlCallTermFunc@ATL@@YGXPAU_ATL_MODULE70@1@@Z 100048c2 f i BumpBar.obj
 0001:00003906       ?AtlCoTaskMemCAlloc@ATL@@YAPAXKK@Z 10004906 f i BumpBar.obj
 0001:00003933       ?AtlCoTaskMemRecalloc@ATL@@YAPAXPAXKK@Z 10004933 f i BumpBar.obj
 0001:00003963       ?AtlComModuleGetClassObject@ATL@@YGJPAU_ATL_COM_MODULE70@1@ABU_GUID@@1PAPAX@Z 10004963 f i BumpBar.obj
 0001:00003a56       ?AtlComModuleRegisterServer@ATL@@YGJPAU_ATL_COM_MODULE70@1@HPBU_GUID@@@Z 10004a56 f i BumpBar.obj
 0001:00003ade       ?AtlComModuleUnregisterServer@ATL@@YGJPAU_ATL_COM_MODULE70@1@HPBU_GUID@@@Z 10004ade f i BumpBar.obj
 0001:00003b66       ?AtlComQIPtrAssign2@ATL@@YAXPAPAUIUnknown@@PAU2@ABU_GUID@@@Z 10004b66 f i BumpBar.obj
 0001:00003b95       ?AtlCreateTargetDC@ATL@@YGPAUHDC__@@PAU2@PAUtagDVTARGETDEVICE@@@Z 10004b95 f i BumpBar.obj
 0001:00003bfe       ?AtlCrtErrorCheck@ATL@@YAHH@Z 10004bfe f i BumpBar.obj
 0001:00003c39       ?AtlHiMetricToPixel@ATL@@YGXPBUtagSIZE@@PAU2@@Z 10004c39 f i BumpBar.obj
 0001:00003cae       ?AtlHresultFromLastError@ATL@@YAJXZ 10004cae f i BumpBar.obj
 0001:00003cc5       ?AtlHresultFromWin32@ATL@@YAJK@Z 10004cc5 f i BumpBar.obj
 0001:00003cda       ?AtlIPersistStreamInit_Load@ATL@@YGJPAUIStream@@PBUATL_PROPMAP_ENTRY@1@PAXPAUIUnknown@@@Z 10004cda f i BumpBar.obj
 0001:00003eba       ?AtlIPersistStreamInit_Save@ATL@@YGJPAUIStream@@HPBUATL_PROPMAP_ENTRY@1@PAXPAUIUnknown@@@Z 10004eba f i BumpBar.obj
 0001:00004052       ?AtlInternalOleLoadFromStream@ATL@@YAJPAUIStream@@ABU_GUID@@PAPAXTClassesAllowedInStream@1@K@Z 10005052 f i BumpBar.obj
 0001:00004178       ?AtlInternalQueryInterface@ATL@@YGJPAXPBU_ATL_INTMAP_ENTRY@1@ABU_GUID@@PAPAX@Z 10005178 f i BumpBar.obj
 0001:0000421b       ?AtlLoadTypeLib@ATL@@YGJPAUHINSTANCE__@@PB_WPAPA_WPAPAUITypeLib@@@Z 1000521b f i BumpBar.obj
 0001:000043f9       ?AtlModuleAddTermFunc@ATL@@YGJPAU_ATL_MODULE70@1@P6GXK@ZK@Z 100053f9 f i BumpBar.obj
 0001:00004456       ?AtlRegisterClassCategoriesHelper@ATL@@YGJABU_GUID@@PBU_ATL_CATMAP_ENTRY@1@H@Z 10005456 f i BumpBar.obj
 0001:00004736       ?AtlRegisterTypeLib@ATL@@YGJPAUHINSTANCE__@@PB_W@Z 10005736 f i BumpBar.obj
 0001:000048be       ?AtlThrowImpl@ATL@@YGXJ@Z  100058be f i BumpBar.obj
 0001:000048dc       ?AtlUnRegisterTypeLib@ATL@@YGJPAUHINSTANCE__@@PB_W@Z 100058dc f i BumpBar.obj
 0001:00004987       ?AtlWinModuleAddCreateWndData@ATL@@YGXPAU_ATL_WIN_MODULE70@1@PAU_AtlCreateWndData@1@PAX@Z 10005987 f i BumpBar.obj
 0001:000049db       ?AtlWinModuleExtractCreateWndData@ATL@@YGPAXPAU_ATL_WIN_MODULE70@1@@Z 100059db f i BumpBar.obj
 0001:00004a3e       ?AtlWinModuleRegisterClassExW@ATL@@YGGPAU_ATL_WIN_MODULE70@1@PBUtagWNDCLASSEXW@@@Z 10005a3e f i BumpBar.obj
 0001:00004a7d       ?CanForceRemoveKey@CRegParser@ATL@@IAEHPB_W@Z 10005a7d f i BumpBar.obj
 0001:00004aac       ?ChToByte@CRegParser@ATL@@KAE_W@Z 10005aac f i BumpBar.obj
 0001:00004adf       ?Cleanup@CComTypeInfoHolder@ATL@@SGXK@Z 10005adf f i BumpBar.obj
 0001:00004b12       ?ClearReplacements@CExpansionVector@ATL@@QAEJXZ 10005b12 f i BumpBar.obj
 0001:00004b4f       ?Close@CRegKey@ATL@@QAEJXZ 10005b4f f i BumpBar.obj
 0001:00004b69       ?CreateInstance@?$CComCreator@V?$CComAggObject@VCOPOSBumpBar@@@ATL@@@ATL@@SGJPAXABU_GUID@@PAPAX@Z 10005b69 f i BumpBar.obj
 0001:00004bdf       ?CreateInstance@?$CComCreator@V?$CComObject@VCOPOSBumpBar@@@ATL@@@ATL@@SGJPAXABU_GUID@@PAPAX@Z 10005bdf f i BumpBar.obj
 0001:00004c60       ?CreateInstance@?$CComObject@V?$CComEnum@UIEnumConnectionPoints@@$1?_GUID_b196b285_bab4_101a_b69c_00aa00341d07@@3U__s_GUID@@BPAUIConnectionPoint@@V?$_CopyInterface@UIConnectionPoint@@@ATL@@VCComSingleThreadModel@6@@ATL@@@ATL@@SGJPAPAV12@@Z 10005c60 f i BumpBar.obj
 0001:00004ca7       ?CreateInstance@?$CComObject@V?$CComEnum@UIEnumConnections@@$1?_GUID_b196b287_bab4_101a_b69c_00aa00341d07@@3U__s_GUID@@BUtagCONNECTDATA@@V?$_Copy@UtagCONNECTDATA@@@ATL@@VCComSingleThreadModel@6@@ATL@@@ATL@@SGJPAPAV12@@Z 10005ca7 f i BumpBar.obj
 0001:00004cee       ?DefaultReflectionHandler@?$CWindowImplRoot@VCWindow@ATL@@@ATL@@SAHPAUHWND__@@IIJAAJ@Z 10005cee f i BumpBar.obj
 0001:00004d61       ?DeleteSubKey@CRegKey@ATL@@QAEJPB_W@Z 10005d61 f i BumpBar.obj
 0001:00004dda       ?DoEvent@COPOSBumpBar@@IAEXIIJ@Z 10005dda f i BumpBar.obj
 0001:00004e5a       ?DoVerbHide@?$IOleObjectImpl@VCOPOSBumpBar@@@ATL@@QAEJPBUtagRECT@@PAUHWND__@@@Z 10005e5a f i BumpBar.obj
 0001:00004e90       ?DoVerbInPlaceActivate@?$IOleObjectImpl@VCOPOSBumpBar@@@ATL@@QAEJPBUtagRECT@@PAUHWND__@@@Z 10005e90 f i BumpBar.obj
 0001:00004ec3       ?DoVerbPrimary@?$IOleObjectImpl@VCOPOSBumpBar@@@ATL@@QAEJPBUtagRECT@@PAUHWND__@@@Z 10005ec3 f i BumpBar.obj
 0001:00004f4f       ?DoVerbProperties@CComControlBase@ATL@@QAEJPBUtagRECT@@PAUHWND__@@@Z 10005f4f f i BumpBar.obj
 0001:00005076       ?DoVerbShow@?$IOleObjectImpl@VCOPOSBumpBar@@@ATL@@QAEJPBUtagRECT@@PAUHWND__@@@Z 10006076 f i BumpBar.obj
 0001:0000509b       ?DoVerbUIActivate@?$IOleObjectImpl@VCOPOSBumpBar@@@ATL@@QAEJPBUtagRECT@@PAUHWND__@@@Z 1000609b f i BumpBar.obj
 0001:000050d8       ?DoesVerbActivate@CComControlBase@ATL@@QAEHJ@Z 100060d8 f i BumpBar.obj
 0001:000050f9       ?DoesVerbUIActivate@CComControlBase@ATL@@QAEHJ@Z 100060f9 f i BumpBar.obj
 0001:0000512e       ?EndOfVar@CRegParser@ATL@@IAEHXZ 1000612e f i BumpBar.obj
 0001:0000514e       ?EscapeSingleQuote@CAtlModule@ATL@@SAXPA_WIPB_W@Z 1000614e f i BumpBar.obj
 0001:0000519d       ?FindKey@?$CSimpleMap@PA_WPA_WVCExpansionVectorEqualHelper@ATL@@@ATL@@QBEHABQA_W@Z 1000619d f i BumpBar.obj
 0001:000051d4       ?FireTheEvent@?$CProxy_IOPOSEvents@VCOPOSBumpBar@@@@IAEXPAVOposVariant@@IAAJPB_WJ@Z 100061d4 f i BumpBar.obj
 0001:00005266       ?FireViewChange@CComControlBase@ATL@@QAEJXZ 10006266 f i BumpBar.obj
 0001:000052af       ?Fire_DataEvent@?$CProxy_IOPOSEvents@VCOPOSBumpBar@@@@QAEXJ@Z 100062af f i BumpBar.obj
 0001:0000533b       ?Fire_DirectIOEvent@?$CProxy_IOPOSEvents@VCOPOSBumpBar@@@@QAEXJPAJPAPA_W@Z 1000633b f i BumpBar.obj
 0001:00005421       ?Fire_ErrorEvent@?$CProxy_IOPOSEvents@VCOPOSBumpBar@@@@QAEXJJJPAJ@Z 10006421 f i BumpBar.obj
 0001:00005508       ?Fire_OutputCompleteEvent@?$CProxy_IOPOSEvents@VCOPOSBumpBar@@@@QAEXJ@Z 10006508 f i BumpBar.obj
 0001:00005594       ?Fire_StatusUpdateEvent@?$CProxy_IOPOSEvents@VCOPOSBumpBar@@@@QAEXJ@Z 10006594 f i BumpBar.obj
 0001:00005620       ?FreeHeap@?$CTempBuffer@_W$0EAA@VCCRTAllocator@ATL@@@ATL@@AAEXXZ 10006620 f i BumpBar.obj
 0001:00005620       ?FreeHeap@?$CTempBuffer@E$0BAA@VCCRTAllocator@ATL@@@ATL@@AAEXXZ 10006620 f i BumpBar.obj
 0001:00005620       ?FreeHeap@?$CTempBuffer@_W$0BAA@VCCRTAllocator@ATL@@@ATL@@AAEXXZ 10006620 f i BumpBar.obj
 0001:00005629       ?GetAmbientLocaleID@CComControlBase@ATL@@QAEJAAK@Z 10006629 f i BumpBar.obj
 0001:00005685       ?GetAmbientUserMode@CComControlBase@ATL@@QAEJAAH@Z 10006685 f i BumpBar.obj
 0001:000056f5       ?GetAt@CComDynamicUnkArray@ATL@@QAEPAUIUnknown@@H@Z 100066f5 f i BumpBar.obj
 0001:00005711       ?GetClassObject@CComModule@ATL@@QAEJABU_GUID@@0PAPAX@Z 10006711 f i BumpBar.obj
 0001:000057b3       ?GetConnMap@COPOSBumpBar@@SAPBU_ATL_CONNMAP_ENTRY@ATL@@PAH@Z 100067b3 f i BumpBar.obj
 0001:00005823       ?GetCookie@CComDynamicUnkArray@ATL@@QAGKPAPAUIUnknown@@@Z 10006823 f i BumpBar.obj
 0001:0000585b       ?GetIDsOfNames@CComTypeInfoHolder@ATL@@QAEJABU_GUID@@PAPA_WIKPAJ@Z 1000685b f i BumpBar.obj
 0001:00005969       ?GetKeyAt@?$CSimpleMap@PA_WPA_WVCExpansionVectorEqualHelper@ATL@@@ATL@@QBEAAPA_WH@Z 10006969 f i BumpBar.obj
 0001:0000598e       ?GetPagesHelper@?$ISpecifyPropertyPagesImpl@VCOPOSBumpBar@@@ATL@@IAEJPAUtagCAUUID@@PBUATL_PROPMAP_ENTRY@2@@Z 1000698e f i BumpBar.obj
 0001:00005ab5       ?GetProperty@?$CComPtr@UIDispatch@@@ATL@@SAJPAUIDispatch@@JPAUtagVARIANT@@@Z 10006ab5 f i BumpBar.obj
 0001:00005b04       ?GetSizeMax@CComVariant@ATL@@QBEJPAT_ULARGE_INTEGER@@@Z 10006b04 f i BumpBar.obj
 0001:00005cbe       ?GetStreamSize@CComBSTR@ATL@@SAKPA_W@Z 10006cbe f i BumpBar.obj
 0001:00005cd8       ?GetTI@CComTypeInfoHolder@ATL@@QAEJK@Z 10006cd8 f i BumpBar.obj
 0001:00005ec1       ?GetTI@CComTypeInfoHolder@ATL@@QAEJKPAPAUITypeInfo@@@Z 10006ec1 f i BumpBar.obj
 0001:00005f03       ?GetUnknown@CComDynamicUnkArray@ATL@@QAGPAUIUnknown@@K@Z 10006f03 f i BumpBar.obj
 0001:00005f24       ?GetValueAt@?$CSimpleMap@PA_WPA_WVCExpansionVectorEqualHelper@ATL@@@ATL@@QBEAAPA_WH@Z 10006f24 f i BumpBar.obj
 0001:00005f4a       ?GetZoomInfo@CComControlBase@ATL@@QAEXAAUATL_DRAWINFO@@@Z 10006f4a f i BumpBar.obj
 0001:00005fdd       ?HKeyFromString@CRegParser@ATL@@KAPAUHKEY__@@PA_W@Z 10006fdd f i BumpBar.obj
 0001:0000600b       ?HasSubKeys@CRegParser@ATL@@IAEHPAUHKEY__@@@Z 1000700b f i BumpBar.obj
 0001:00006040       ?IDataObject_GetData@CComControlBase@ATL@@QAEJPAUtagFORMATETC@@PAUtagSTGMEDIUM@@@Z 10007040 f i BumpBar.obj
 0001:000061e6       ?IOleInPlaceObject_InPlaceDeactivate@CComControlBase@ATL@@QAEJXZ 100071e6 f i BumpBar.obj
 0001:0000626d       ?IOleInPlaceObject_SetObjectRects@CComControlBase@ATL@@QAEJPBUtagRECT@@0@Z 1000726d f i BumpBar.obj
 0001:0000633a       ?IOleInPlaceObject_UIDeactivate@CComControlBase@ATL@@QAEJXZ 1000733a f i BumpBar.obj
 0001:000063fc       ?IOleObject_Advise@CComControlBase@ATL@@QAEJPAUIAdviseSink@@PAK@Z 100073fc f i BumpBar.obj
 0001:00006426       ?IOleObject_Close@CComControlBase@ATL@@QAEJK@Z 10007426 f i BumpBar.obj
 0001:0000650a       ?IOleObject_GetClientSite@CComControlBase@ATL@@QAEJPAPAUIOleClientSite@@@Z 1000750a f i BumpBar.obj
 0001:00006533       ?IOleObject_SetClientSite@CComControlBase@ATL@@QAEJPAUIOleClientSite@@@Z 10007533 f i BumpBar.obj
 0001:00006572       ?IOleObject_SetExtent@CComControlBase@ATL@@QAEJKPAUtagSIZE@@@Z 10007572 f i BumpBar.obj
 0001:00006626       ?IPSI_GetIPersistStreamInit@?$IPersistStorageImpl@VCOPOSBumpBar@@@ATL@@AAEPAUIPersistStreamInit@@XZ 10007626 f i BumpBar.obj
 0001:00006668       ?IPersistStreamInit_Load@?$IPersistStreamInitImpl@VCOPOSBumpBar@@@ATL@@QAEJPAUIStream@@PBUATL_PROPMAP_ENTRY@2@@Z 10007668 f i BumpBar.obj
 0001:00006694       ?IPersistStreamInit_Save@?$IPersistStreamInitImpl@VCOPOSBumpBar@@@ATL@@QAEJPAUIStream@@HPBUATL_PROPMAP_ENTRY@2@@Z 10007694 f i BumpBar.obj
 0001:000066c9       ?IQuickActivate_QuickActivate@CComControlBase@ATL@@QAEJPAUtagQACONTAINER@@PAUtagQACONTROL@@@Z 100076c9 f i BumpBar.obj
 0001:0000690b       ?IViewObject_Draw@CComControlBase@ATL@@QAEJKJPAXPAUtagDVTARGETDEVICE@@PAUHDC__@@2PBU_RECTL@@3@Z 1000790b f i BumpBar.obj
 0001:000069b3       ?InPlaceActivate@CComControlBase@ATL@@QAEJJPBUtagRECT@@@Z 100079b3 f i BumpBar.obj
 0001:00006c24       ?Init@?$CComEnumImpl@UIEnumConnectionPoints@@$1?_GUID_b196b285_bab4_101a_b69c_00aa00341d07@@3U__s_GUID@@BPAUIConnectionPoint@@V?$_CopyInterface@UIConnectionPoint@@@ATL@@@ATL@@QAEJPAPAUIConnectionPoint@@0PAUIUnknown@@W4CComEnumFlags@2@@Z 10007c24 f i BumpBar.obj
 0001:00006d03       ?Init@?$CComEnumImpl@UIEnumConnections@@$1?_GUID_b196b287_bab4_101a_b69c_00aa00341d07@@3U__s_GUID@@BUtagCONNECTDATA@@V?$_Copy@UtagCONNECTDATA@@@ATL@@@ATL@@QAEJPAUtagCONNECTDATA@@0PAUIUnknown@@W4CComEnumFlags@2@@Z 10007d03 f i BumpBar.obj
 0001:00006de2       ?Init@CComModule@ATL@@QAEJPAU_ATL_OBJMAP_ENTRY30@2@PAUHINSTANCE__@@PBU_GUID@@@Z 10007de2 f i BumpBar.obj
 0001:00006e41       ?Init@CDynamicStdCallThunk2@ATL@@QAEHKPAX@Z 10007e41 f i BumpBar.obj
 0001:00006e6c       ?InlineIsEqualUnknown@ATL@@YGHABU_GUID@@@Z 10007e6c f i BumpBar.obj
 0001:00006e94       ?InternalGetSite@CComControlBase@ATL@@QAEJABU_GUID@@PAPAX@Z 10007e94 f i BumpBar.obj
 0001:00006ec2       ?InternalSetAtIndex@?$CSimpleMap@PA_WPA_WVCExpansionVectorEqualHelper@ATL@@@ATL@@QAEXHABQA_W0@Z 10007ec2 f i BumpBar.obj
 0001:00006eec       ?Invoke@CComTypeInfoHolder@ATL@@QAEJPAUIDispatch@@JABU_GUID@@KGPAUtagDISPPARAMS@@PAUtagVARIANT@@PAUtagEXCEPINFO@@PAI@Z 10007eec f i BumpBar.obj
 0001:00006f2f       ?IsEqualObject@?$CComPtrBase@UIOleClientSite@@@ATL@@QAE_NPAUIUnknown@@@Z 10007f2f f i BumpBar.obj
 0001:00006f2f       ?IsEqualObject@?$CComPtrBase@UITypeInfo@@@ATL@@QAE_NPAUIUnknown@@@Z 10007f2f f i BumpBar.obj
 0001:00006f9c       ?IsSpace@CRegParser@ATL@@IAEH_W@Z 10007f9c f i BumpBar.obj
 0001:00006fc6       ?LoadNameCache@CComTypeInfoHolder@ATL@@QAEJPAUITypeInfo@@@Z 10007fc6 f i BumpBar.obj
 0001:00007114       ?Lookup@?$CSimpleMap@PA_WPA_WVCExpansionVectorEqualHelper@ATL@@@ATL@@QBEPA_WABQA_W@Z 10008114 f i BumpBar.obj
 0001:0000713a       ?NextToken@CRegParser@ATL@@IAEJPA_W@Z 1000813a f i BumpBar.obj
 0001:00007272       ?OnKillFocus@CComControlBase@ATL@@QAEJIIJAAH@Z 10008272 f i BumpBar.obj
 0001:000072cd       ?OnMouseActivate@CComControlBase@ATL@@QAEJIIJAAH@Z 100082cd f i BumpBar.obj
 0001:0000733b       ?OnPaint@CComControlBase@ATL@@QAEJIIJAAH@Z 1000833b f i BumpBar.obj
 0001:000073ed       ?OnSetFocus@CComControlBase@ATL@@QAEJIIJAAH@Z 100083ed f i BumpBar.obj
 0001:00007476       ?Open@CRegKey@ATL@@QAEJPAUHKEY__@@PB_WK@Z 10008476 f i BumpBar.obj
 0001:000074cb       ?PreProcessBuffer@CRegParser@ATL@@QAEJPA_WPAPA_W@Z 100084cb f i BumpBar.obj
 0001:00007735       ?ProcessWindowMessage@?$CComControl@VCOPOSBumpBar@@V?$CWindowImpl@VCOPOSBumpBar@@VCWindow@ATL@@V?$CWinTraits@$0FGAAAAAA@$0A@@3@@ATL@@@ATL@@UAEHPAUHWND__@@IIJAAJK@Z 10008735 f i BumpBar.obj
 0001:000077d4       ?PutProperty@?$CComPtr@UIDispatch@@@ATL@@SAJPAUIDispatch@@JPAUtagVARIANT@@@Z 100087d4 f i BumpBar.obj
 0001:00007866       ?ReadFromStream@CComBSTR@ATL@@QAEJPAUIStream@@@Z 10008866 f i BumpBar.obj
 0001:00007994       ?ReadFromStream@CComVariant@ATL@@QAEJPAUIStream@@GTClassesAllowedInStream@2@K@Z 10008994 f i BumpBar.obj
 0001:00007b1a       ?RecurseDeleteKey@CRegKey@ATL@@QAEJPB_W@Z 10008b1a f i BumpBar.obj
 0001:00007bdc       ?RegCreateKeyExW@CAtlTransactionManager@ATL@@QAEJPAUHKEY__@@PB_WKPA_WKKQAU_SECURITY_ATTRIBUTES@@PAPAU3@PAK@Z 10008bdc f i BumpBar.obj
 0001:00007c3f       ?RegDeleteKeyW@CAtlTransactionManager@ATL@@QAEJPAUHKEY__@@PB_W@Z 10008c3f f i BumpBar.obj
 0001:00007c91       ?RegOpenKeyExW@CAtlTransactionManager@ATL@@QAEJPAUHKEY__@@PB_WKKPAPAU3@@Z 10008c91 f i BumpBar.obj
 0001:00007ce8       ?Register@_ATL_WNDCLASSINFOW@ATL@@QAEGPAP6GJPAUHWND__@@IIJ@Z@Z 10008ce8 f i BumpBar.obj
 0001:00007d08       ?RegisterBuffer@CRegParser@ATL@@QAEJPA_WH@Z 10008d08 f i BumpBar.obj
 0001:00007e41       ?RegisterFromResource@CRegObject@ATL@@IAEJPB_W00H@Z 10008e41 f i BumpBar.obj
 0001:00007f77       ?RegisterServer@?$CAtlModuleT@VCComModule@ATL@@@ATL@@QAEJHPBU_GUID@@@Z 10008f77 f i BumpBar.obj
 0001:00007fa5       ?RegisterServer@CComModule@ATL@@QAEJHPBU_GUID@@@Z 10008fa5 f i BumpBar.obj
 0001:0000801b       ?RegisterSubkeys@CRegParser@ATL@@IAEJPA_WPAUHKEY__@@HH@Z 1000901b f i BumpBar.obj
 0001:000085ea       ?Remove@CComDynamicUnkArray@ATL@@QAEHK@Z 100095ea f i BumpBar.obj
 0001:00008613       ?RemoveAll@?$CSimpleMap@PA_WPA_WVCExpansionVectorEqualHelper@ATL@@@ATL@@QAEXXZ 10009613 f i BumpBar.obj
 0001:0000863f       ?ResourceRegisterSz@CRegObject@ATL@@QAGJPB_W00@Z 1000963f f i BumpBar.obj
 0001:0000866c       ?ResourceUnregisterSz@CRegObject@ATL@@QAGJPB_W00@Z 1000966c f i BumpBar.obj
 0001:00008699       ?SendOnDataChange@CComControlBase@ATL@@QAEJK@Z 10009699 f i BumpBar.obj
 0001:000086e6       ?SetControlFocus@CComControlBase@ATL@@QAEHH@Z 100096e6 f i BumpBar.obj
 0001:00008783       ?SetMultiStringValue@CRegKey@ATL@@QAEJPB_W0@Z 10009783 f i BumpBar.obj
 0001:000087df       ?SetStringValue@CRegKey@ATL@@QAEJPB_W0K@Z 100097df f i BumpBar.obj
 0001:00008828       ?SkipAssignment@CRegParser@ATL@@IAEJPA_W@Z 10009828 f i BumpBar.obj
 0001:0000888d       ?SkipWhiteSpace@CRegParser@ATL@@IAEXXZ 1000988d f i BumpBar.obj
 0001:000088af       ?StrChrW@CRegParser@ATL@@KAPA_WPA_W_W@Z 100098af f i BumpBar.obj
 0001:000088ec       ?Term@CAtlModule@ATL@@QAEXXZ 100098ec f i BumpBar.obj
 0001:00008925       ?Term@CComModule@ATL@@QAEXXZ 10009925 f i BumpBar.obj
 0001:0000897d       ?UnregisterServer@?$CAtlModuleT@VCComModule@ATL@@@ATL@@QAEJHPBU_GUID@@@Z 1000997d f i BumpBar.obj
 0001:000089a3       ?UnregisterServer@CComModule@ATL@@QAEJHPBU_GUID@@@Z 100099a3 f i BumpBar.obj
 0001:00008a19       ?UpdateRegistryFromResource@CAtlModule@ATL@@QAGJIHPAU_ATL_REGMAP_ENTRY@2@@Z 10009a19 f i BumpBar.obj
 0001:00008be4       ?UpdateRegistryFromResource@CAtlModule@ATL@@QAGJPB_WHPAU_ATL_REGMAP_ENTRY@2@@Z 10009be4 f i BumpBar.obj
 0001:00008db5       ?VTFromRegType@CRegParser@ATL@@KAHPB_WAAG@Z 10009db5 f i BumpBar.obj
 0001:00008e22       ?WindowProc@?$CWindowImplBaseT@VCWindow@ATL@@V?$CWinTraits@$0FGAAAAAA@$0A@@2@@ATL@@SGJPAUHWND__@@IIJ@Z 10009e22 f i BumpBar.obj
 0001:00008f14       ?WriteToStream@CComBSTR@ATL@@QAEJPAUIStream@@@Z 10009f14 f i BumpBar.obj
 0001:00008f6b       ?WriteToStream@CComVariant@ATL@@QAEJPAUIStream@@@Z 10009f6b f i BumpBar.obj
 0001:000090e5       ?WriteToStream@CComVariant@ATL@@QAEJPAUIStream@@G@Z 1000a0e5 f i BumpBar.obj
 0001:0000914e       ?_AtlInitialConstruct@?$CComObjectRootEx@VCComMultiThreadModel@ATL@@@ATL@@QAEJXZ 1000a14e f i BumpBar.obj
 0001:00009163       ?_AtlVerifyStackAvailable@_ATL_SAFE_ALLOCA_IMPL@ATL@@YA_NK@Z 1000a163 f i BumpBar.obj
 0001:000091e1       ?atlCreate@?$CWindowImpl@VCOPOSBumpBar@@VCWindow@ATL@@V?$CWinTraits@$0FGAAAAAA@$0A@@3@@ATL@@QAEPAUHWND__@@PAU3@V_U_RECT@2@PB_WKKV_U_MENUorID@2@PAX@Z 1000a1e1 f i BumpBar.obj
 0001:00009225       ?atlCreate@?$CWindowImplBaseT@VCWindow@ATL@@V?$CWinTraits@$0FGAAAAAA@$0A@@2@@ATL@@QAEPAUHWND__@@PAU3@V_U_RECT@2@PB_WKKV_U_MENUorID@2@GPAX@Z 1000a225 f i BumpBar.obj
 0001:000092c1       ?atlCreate@CRegKey@ATL@@QAEJPAUHKEY__@@PB_WPA_WKKPAU_SECURITY_ATTRIBUTES@@PAK@Z 1000a2c1 f i BumpBar.obj
 0001:00009330       ?copy@?$_Copy@UtagCONNECTDATA@@@ATL@@SAJPAUtagCONNECTDATA@@PBU3@@Z 1000a330 f i BumpBar.obj
 0001:00009366       ?copy@?$_CopyInterface@UIConnectionPoint@@@ATL@@SAJPAPAUIConnectionPoint@@PBQAU3@@Z 1000a366 f i BumpBar.obj
 0001:00009394       ?memcpy_s@Checked@ATL@@YAXPAXIPBXI@Z 1000a394 f i BumpBar.obj
 0001:000093b3       ?ocscpy_s@@YA_NPA_WIPB_W@Z 1000a3b3 f i BumpBar.obj
 0001:000093e2       ?ocslen@@YAHPB_W@Z         1000a3e2 f i BumpBar.obj
 0001:00009402       ?wcscpy_s@Checked@ATL@@YAXPA_WIPB_W@Z 1000a402 f i BumpBar.obj
 0001:0000941e       _DllCanUnloadNow@0         1000a41e f   BumpBar.obj
 0001:0000942a       _DllGetClassObject@12      1000a42a f   BumpBar.obj
 0001:00009438       _DllMain@12                1000a438 f   BumpBar.obj
 0001:0000947a       _DllRegisterServer@0       1000a47a f   BumpBar.obj
 0001:00009489       _DllUnregisterServer@0     1000a489 f   BumpBar.obj
 0001:00009498       _InlineIsEqualGUID         1000a498 f i BumpBar.obj
 0001:000094c8       ___local_stdio_printf_options 1000a4c8 f i BumpBar.obj
 0001:000094ce       __vswprintf_s_l            1000a4ce f i BumpBar.obj
 0001:0000957b       _swprintf_s                1000a57b f i BumpBar.obj
 0001:00009597       ??0?$CComControl@VCOPOSBumpBar@@V?$CWindowImpl@VCOPOSBumpBar@@VCWindow@ATL@@V?$CWinTraits@$0FGAAAAAA@$0A@@3@@ATL@@@ATL@@QAE@XZ 1000a597 f i BumpBarImpl.obj
 0001:000095be       ??0?$CProxy_IOPOSEvents@VCOPOSBumpBar@@@@QAE@XZ 1000a5be f i BumpBarImpl.obj
 0001:000095e1       ??0CComControlBase@ATL@@QAE@AAPAUHWND__@@@Z 1000a5e1 f i BumpBarImpl.obj
 0001:0000962b       ??0COPOSBumpBar@@QAE@XZ    1000a62b f   BumpBarImpl.obj
 0001:00009661       ??1?$CComControl@VCOPOSBumpBar@@V?$CWindowImpl@VCOPOSBumpBar@@VCWindow@ATL@@V?$CWinTraits@$0FGAAAAAA@$0A@@3@@ATL@@@ATL@@UAE@XZ 1000a661 f i BumpBarImpl.obj
 0001:0000967a       ??1?$IConnectionPointImpl@VCOPOSBumpBar@@$1?IID_IPropertyNotifySink@@3U_GUID@@BVCComDynamicUnkArray@ATL@@@ATL@@QAE@XZ 1000a67a f i BumpBarImpl.obj
 0001:0000967a       ??1?$IConnectionPointImpl@VCOPOSBumpBar@@$1?DIID__IOPOSBumpBarEvents@@3U_GUID@@BVCComDynamicUnkArray@ATL@@@ATL@@QAE@XZ 1000a67a f i BumpBarImpl.obj
 0001:000096b7       ??1CComControlBase@ATL@@UAE@XZ 1000a6b7 f i BumpBarImpl.obj
 0001:0000971a       ??1COPOSBumpBar@@UAE@XZ    1000a71a f   BumpBarImpl.obj
 0001:00009762       ??1OposVariantResult@@QAE@XZ 1000a762 f i BumpBarImpl.obj
 0001:00009783       ??1_CW@@QAE@XZ             1000a783 f i BumpBarImpl.obj
 0001:0000979c       ?BumpBarSound@COPOSBumpBar@@UAGJJJJJJPAJ@Z 1000a79c f   BumpBarImpl.obj
 0001:00009848       ?CheckHealth@COPOSBumpBar@@UAGJJPAJ@Z 1000a848 f   BumpBarImpl.obj
 0001:00009897       ?ClaimDevice@COPOSBumpBar@@UAGJJPAJ@Z 1000a897 f   BumpBarImpl.obj
 0001:0000990c       ?ClearInput@COPOSBumpBar@@UAGJPAJ@Z 1000a90c f   BumpBarImpl.obj
 0001:00009927       ?ClearOutput@COPOSBumpBar@@UAGJPAJ@Z 1000a927 f   BumpBarImpl.obj
 0001:00009942       ?Close@COPOSBumpBar@@UAGJPAJ@Z 1000a942 f   BumpBarImpl.obj
 0001:000099b0       ?CompareFirmwareVersion@COPOSBumpBar@@UAGJPA_WPAJ1@Z 1000a9b0 f   BumpBarImpl.obj
 0001:00009a30       ?DirectIO@COPOSBumpBar@@UAGJJPAJPAPA_W0@Z 1000aa30 f   BumpBarImpl.obj
 0001:00009ade       ?DoInvoke@COPOSBumpBar@@IAEJJPAVOposVariant@@IHPAJ_N@Z 1000aade f   BumpBarImpl.obj
 0001:00009ba0       ?EventClose@COPOSBumpBar@@IAEXXZ 1000aba0 f i BumpBarImpl.obj
 0001:00009bd3       ?EventInit@COPOSBumpBar@@IAEJXZ 1000abd3 f i BumpBarImpl.obj
 0001:00009c9f       ?EventUninit@COPOSBumpBar@@IAEXXZ 1000ac9f f i BumpBarImpl.obj
 0001:00009cf1       ?EventWindowProc@COPOSBumpBar@@IAGJIIJ@Z 1000acf1 f i BumpBarImpl.obj
 0001:00009def       ?FinalConstruct@COPOSBumpBar@@QAEJXZ 1000adef f   BumpBarImpl.obj
 0001:00009e28       ?FireEventCleanup@COPOSBumpBar@@IAEXXZ 1000ae28 f i BumpBarImpl.obj
 0001:00009e3e       ?FireEventSetup@COPOSBumpBar@@IAE_NXZ 1000ae3e f i BumpBarImpl.obj
 0001:00009e72       ?FreezeEvents@COPOSBumpBar@@MAGJH@Z 1000ae72 f   BumpBarImpl.obj
 0001:00009ed2       ?GetOposProp@COPOSBumpBar@@IAEJJPAFJ@Z 1000aed2 f   BumpBarImpl.obj
 0001:00009ef5       ?GetOposProp@COPOSBumpBar@@IAEJJPAJJ@Z 1000aef5 f   BumpBarImpl.obj
 0001:00009fb3       ?GetOposProp@COPOSBumpBar@@IAEJJPAPA_WJ@Z 1000afb3 f   BumpBarImpl.obj
 0001:0000a07e       ?OnDraw@COPOSBumpBar@@MAEJAAUATL_DRAWINFO@@@Z 1000b07e f   BumpBarImpl.obj
 0001:0000a11e       ?Open@COPOSBumpBar@@UAGJPA_WPAJ@Z 1000b11e f   BumpBarImpl.obj
 0001:0000a8bb       ?ReleaseDevice@COPOSBumpBar@@UAGJPAJ@Z 1000b8bb f   BumpBarImpl.obj
 0001:0000a90a       ?ResetStatistics@COPOSBumpBar@@UAGJPA_WPAJ@Z 1000b90a f   BumpBarImpl.obj
 0001:0000a961       ?RetrieveStatistics@COPOSBumpBar@@UAGJPAPA_WPAJ@Z 1000b961 f   BumpBarImpl.obj
 0001:0000a9b8       ?SOProcessID@COPOSBumpBar@@UAGJPAJ@Z 1000b9b8 f   BumpBarImpl.obj
 0001:0000a9cc       ?SetCOFreezeEvents@COPOSBumpBar@@IAEXF@Z 1000b9cc f   BumpBarImpl.obj
 0001:0000aa57       ?SetKeyTranslation@COPOSBumpBar@@UAGJJJJPAJ@Z 1000ba57 f   BumpBarImpl.obj
 0001:0000aaed       ?SetOposProp@COPOSBumpBar@@IAEJJJJ@Z 1000baed f   BumpBarImpl.obj
 0001:0000abcb       ?UpdateFirmware@COPOSBumpBar@@UAGJPA_WPAJ@Z 1000bbcb f   BumpBarImpl.obj
 0001:0000ac22       ?UpdateStatistics@COPOSBumpBar@@UAGJPA_WPAJ@Z 1000bc22 f   BumpBarImpl.obj
 0001:0000ac79       ?get_AsyncMode@COPOSBumpBar@@UAGJPAF@Z 1000bc79 f   BumpBarImpl.obj
 0001:0000ac92       ?get_AutoToneDuration@COPOSBumpBar@@UAGJPAJ@Z 1000bc92 f   BumpBarImpl.obj
 0001:0000acab       ?get_AutoToneFrequency@COPOSBumpBar@@UAGJPAJ@Z 1000bcab f   BumpBarImpl.obj
 0001:0000acc4       ?get_BinaryConversion@COPOSBumpBar@@UAGJPAJ@Z 1000bcc4 f   BumpBarImpl.obj
 0001:0000acda       ?get_BumpBarDataCount@COPOSBumpBar@@UAGJPAJ@Z 1000bcda f   BumpBarImpl.obj
 0001:0000acf3       ?get_CapCompareFirmwareVersion@COPOSBumpBar@@UAGJPAF@Z 1000bcf3 f   BumpBarImpl.obj
 0001:0000ad0c       ?get_CapPowerReporting@COPOSBumpBar@@UAGJPAJ@Z 1000bd0c f   BumpBarImpl.obj
 0001:0000ad25       ?get_CapStatisticsReporting@COPOSBumpBar@@UAGJPAF@Z 1000bd25 f   BumpBarImpl.obj
 0001:0000ad3e       ?get_CapTone@COPOSBumpBar@@UAGJPAF@Z 1000bd3e f   BumpBarImpl.obj
 0001:0000ad57       ?get_CapUpdateFirmware@COPOSBumpBar@@UAGJPAF@Z 1000bd57 f   BumpBarImpl.obj
 0001:0000ad70       ?get_CapUpdateStatistics@COPOSBumpBar@@UAGJPAF@Z 1000bd70 f   BumpBarImpl.obj
 0001:0000ad89       ?get_CheckHealthText@COPOSBumpBar@@UAGJPAPA_W@Z 1000bd89 f   BumpBarImpl.obj
 0001:0000ada2       ?get_Claimed@COPOSBumpBar@@UAGJPAF@Z 1000bda2 f   BumpBarImpl.obj
 0001:0000adb8       ?get_ControlObjectDescription@COPOSBumpBar@@UAGJPAPA_W@Z 1000bdb8 f   BumpBarImpl.obj
 0001:0000adf5       ?get_ControlObjectVersion@COPOSBumpBar@@UAGJPAJ@Z 1000bdf5 f   BumpBarImpl.obj
 0001:0000ae08       ?get_CurrentUnitID@COPOSBumpBar@@UAGJPAJ@Z 1000be08 f   BumpBarImpl.obj
 0001:0000ae21       ?get_DataCount@COPOSBumpBar@@UAGJPAJ@Z 1000be21 f   BumpBarImpl.obj
 0001:0000ae37       ?get_DataEventEnabled@COPOSBumpBar@@UAGJPAF@Z 1000be37 f   BumpBarImpl.obj
 0001:0000ae4d       ?get_DeviceDescription@COPOSBumpBar@@UAGJPAPA_W@Z 1000be4d f   BumpBarImpl.obj
 0001:0000ae66       ?get_DeviceEnabled@COPOSBumpBar@@UAGJPAF@Z 1000be66 f   BumpBarImpl.obj
 0001:0000ae7c       ?get_DeviceName@COPOSBumpBar@@UAGJPAPA_W@Z 1000be7c f   BumpBarImpl.obj
 0001:0000ae95       ?get_ErrorString@COPOSBumpBar@@UAGJPAPA_W@Z 1000be95 f   BumpBarImpl.obj
 0001:0000aeae       ?get_ErrorUnits@COPOSBumpBar@@UAGJPAJ@Z 1000beae f   BumpBarImpl.obj
 0001:0000aec7       ?get_EventString@COPOSBumpBar@@UAGJPAPA_W@Z 1000bec7 f   BumpBarImpl.obj
 0001:0000aee0       ?get_EventUnitID@COPOSBumpBar@@UAGJPAJ@Z 1000bee0 f   BumpBarImpl.obj
 0001:0000aef9       ?get_EventUnits@COPOSBumpBar@@UAGJPAJ@Z 1000bef9 f   BumpBarImpl.obj
 0001:0000af12       ?get_FreezeEvents@COPOSBumpBar@@UAGJPAF@Z 1000bf12 f   BumpBarImpl.obj
 0001:0000af28       ?get_Keys@COPOSBumpBar@@UAGJPAJ@Z 1000bf28 f   BumpBarImpl.obj
 0001:0000af41       ?get_OpenResult@COPOSBumpBar@@UAGJPAJ@Z 1000bf41 f   BumpBarImpl.obj
 0001:0000af58       ?get_OutputID@COPOSBumpBar@@UAGJPAJ@Z 1000bf58 f   BumpBarImpl.obj
 0001:0000af6e       ?get_PowerNotify@COPOSBumpBar@@UAGJPAJ@Z 1000bf6e f   BumpBarImpl.obj
 0001:0000af84       ?get_PowerState@COPOSBumpBar@@UAGJPAJ@Z 1000bf84 f   BumpBarImpl.obj
 0001:0000af9a       ?get_ResultCode@COPOSBumpBar@@UAGJPAJ@Z 1000bf9a f   BumpBarImpl.obj
 0001:0000afd8       ?get_ResultCodeExtended@COPOSBumpBar@@UAGJPAJ@Z 1000bfd8 f   BumpBarImpl.obj
 0001:0000afee       ?get_ServiceObjectDescription@COPOSBumpBar@@UAGJPAPA_W@Z 1000bfee f   BumpBarImpl.obj
 0001:0000b007       ?get_ServiceObjectVersion@COPOSBumpBar@@UAGJPAJ@Z 1000c007 f   BumpBarImpl.obj
 0001:0000b01d       ?get_State@COPOSBumpBar@@UAGJPAJ@Z 1000c01d f   BumpBarImpl.obj
 0001:0000b049       ?get_Timeout@COPOSBumpBar@@UAGJPAJ@Z 1000c049 f   BumpBarImpl.obj
 0001:0000b062       ?get_UnitsOnline@COPOSBumpBar@@UAGJPAJ@Z 1000c062 f   BumpBarImpl.obj
 0001:0000b07b       ?put_AsyncMode@COPOSBumpBar@@UAGJF@Z 1000c07b f   BumpBarImpl.obj
 0001:0000b09b       ?put_AutoToneDuration@COPOSBumpBar@@UAGJJ@Z 1000c09b f   BumpBarImpl.obj
 0001:0000b0b4       ?put_AutoToneFrequency@COPOSBumpBar@@UAGJJ@Z 1000c0b4 f   BumpBarImpl.obj
 0001:0000b0cd       ?put_BinaryConversion@COPOSBumpBar@@UAGJJ@Z 1000c0cd f   BumpBarImpl.obj
 0001:0000b0e3       ?put_CurrentUnitID@COPOSBumpBar@@UAGJJ@Z 1000c0e3 f   BumpBarImpl.obj
 0001:0000b0fc       ?put_DataEventEnabled@COPOSBumpBar@@UAGJF@Z 1000c0fc f   BumpBarImpl.obj
 0001:0000b119       ?put_DeviceEnabled@COPOSBumpBar@@UAGJF@Z 1000c119 f   BumpBarImpl.obj
 0001:0000b136       ?put_FreezeEvents@COPOSBumpBar@@UAGJF@Z 1000c136 f   BumpBarImpl.obj
 0001:0000b182       ?put_PowerNotify@COPOSBumpBar@@UAGJJ@Z 1000c182 f   BumpBarImpl.obj
 0001:0000b198       ?put_Timeout@COPOSBumpBar@@UAGJJ@Z 1000c198 f   BumpBarImpl.obj
 0001:0000b1b1       ?s_EventWindowProc@COPOSBumpBar@@KGJPAUHWND__@@IIJ@Z 1000c1b1 f i BumpBarImpl.obj
 0001:0000b203       ??_U@YAPAXI@Z              1000c203 f   LIBCMT:new_array.obj
 0001:0000b20c       ??3@YAXPAXI@Z              1000c20c f   LIBCMT:delete_scalar_size.obj
 0001:0000b21a       ??_V@YAXPAX@Z              1000c21a f   LIBCMT:delete_array.obj
 0001:0000b21f       ??_V@YAXPAXI@Z             1000c21f f   LIBCMT:delete_array_size.obj
 0001:0000b22d       ??$__crt_fast_encode_pointer@PAP6AXXZ@@YAPAP6AXXZQAP6AXXZ@Z 1000c22d f i LIBCMT:utility.obj
 0001:0000b22d       ??$__crt_fast_encode_pointer@P6GXPAU_RTL_CONDITION_VARIABLE@@@Z@@YAP6GXPAU_RTL_CONDITION_VARIABLE@@@ZQ6GX0@Z@Z 1000c22d f i LIBCMT:thread_safe_statics.obj
 0001:0000b22d       ??$__crt_fast_encode_pointer@P6GHPAU_RTL_CONDITION_VARIABLE@@PAU_RTL_CRITICAL_SECTION@@K@Z@@YAP6GHPAU_RTL_CONDITION_VARIABLE@@PAU_RTL_CRITICAL_SECTION@@K@ZQ6GH01K@Z@Z 1000c22d f i LIBCMT:thread_safe_statics.obj
 0001:0000b22d       ??$__crt_fast_encode_pointer@PAX@@YAPAXQAX@Z 1000c22d f i libvcruntime:winapi_downlevel.obj
 0001:0000b28e       ___scrt_acquire_startup_lock 1000c28e f   LIBCMT:utility.obj
 0001:0000b2c0       ___scrt_dllmain_after_initialize_c 1000c2c0 f   LIBCMT:utility.obj
 0001:0000b2eb       ___scrt_dllmain_before_initialize_c 1000c2eb f   LIBCMT:utility.obj
 0001:0000b2f9       ___scrt_dllmain_crt_thread_attach 1000c2f9 f   LIBCMT:utility.obj
 0001:0000b318       ___scrt_dllmain_crt_thread_detach 1000c318 f   LIBCMT:utility.obj
 0001:0000b325       ___scrt_dllmain_exception_filter 1000c325 f   LIBCMT:utility.obj
 0001:0000b359       ___scrt_dllmain_uninitialize_c 1000c359 f   LIBCMT:utility.obj
 0001:0000b37c       ___scrt_dllmain_uninitialize_critical 1000c37c f   LIBCMT:utility.obj
 0001:0000b389       ___scrt_initialize_crt     1000c389 f   LIBCMT:utility.obj
 0001:0000b3c2       ___scrt_initialize_onexit_tables 1000c3c2 f   LIBCMT:utility.obj
 0001:0000b467       ___scrt_is_nonwritable_in_current_image 1000c467 f   LIBCMT:utility.obj
 0001:0000b4fb       ___scrt_release_startup_lock 1000c4fb f   LIBCMT:utility.obj
 0001:0000b518       ___scrt_uninitialize_crt   1000c518 f   LIBCMT:utility.obj
 0001:0000b540       __onexit                   1000c540 f   LIBCMT:utility.obj
 0001:0000b57b       _atexit                    1000c57b f   LIBCMT:utility.obj
 0001:0000b590       ??3@YAXPAX@Z               1000c590 f   LIBCMT:delete_scalar.obj
 0001:0000b6c7       __Init_thread_footer       1000c6c7 f   LIBCMT:thread_safe_statics.obj
 0001:0000b711       __Init_thread_header       1000c711 f   LIBCMT:thread_safe_statics.obj
 0001:0000b763       __Init_thread_notify       1000c763 f   LIBCMT:thread_safe_statics.obj
 0001:0000b7a5       __Init_thread_wait         1000c7a5 f   LIBCMT:thread_safe_statics.obj
 0001:0000b805       ___raise_securityfailure   1000c805 f   LIBCMT:gs_report.obj
 0001:0000b82d       ___report_gsfailure        1000c82d f   LIBCMT:gs_report.obj
 0001:0000b926       ___report_rangecheckfailure 1000c926 f   LIBCMT:gs_report.obj
 0001:0000b932       ___report_securityfailure  1000c932 f   LIBCMT:gs_report.obj
 0001:0000ba00       ??2@YAPAXIABUnothrow_t@std@@@Z 1000ca00 f   LIBCMT:new_scalar_nothrow.obj
 0001:0000ba50       ??_U@YAPAXIABUnothrow_t@std@@@Z 1000ca50 f   LIBCMT:new_array_nothrow.obj
 0001:0000ba59       @__security_check_cookie@4 1000ca59 f   LIBCMT:secchk.obj
 0001:0000ba70       __SEH_prolog4_GS           1000ca70 f   LIBCMT:sehprolg4gs.obj
 0001:0000bab9       __SEH_epilog4_GS           1000cab9 f   LIBCMT:sehprolg4gs.obj
 0001:0000bad0       __alloca_probe_16          1000cad0 f   LIBCMT:alloca16.obj
 0001:0000bae6       __alloca_probe_8           1000cae6     LIBCMT:alloca16.obj
 0001:0000bb00       __chkstk                   1000cb00 f   LIBCMT:chkstk.obj
 0001:0000bb00       __alloca_probe             1000cb00 f   LIBCMT:chkstk.obj
 0001:0000be4d       __DllMainCRTStartup@12     1000ce4d f   LIBCMT:dll_dllmain.obj
 0001:0000be70       ??2@YAPAXI@Z               1000ce70 f   LIBCMT:new_scalar.obj
 0001:0000bea0       ___isa_available_init      1000cea0 f   LIBCMT:cpu_disp.obj
 0001:0000c037       ___scrt_is_ucrt_dll_in_use 1000d037 f   LIBCMT:ucrt_detection.obj
 0001:0000c043       ___scrt_fastfail           1000d043 f   LIBCMT:utility_desktop.obj
 0001:0000c15d       __crt_debugger_hook        1000d15d f   LIBCMT:utility_desktop.obj
 0001:0000c170       __SEH_prolog4              1000d170 f   LIBCMT:sehprolg4.obj
 0001:0000c1b6       __SEH_epilog4              1000d1b6 f   LIBCMT:sehprolg4.obj
 0001:0000c1cb       @_guard_check_icall_nop@4  1000d1cb f i LIBCMT:guard_support.obj
 0001:0000c219       ___security_init_cookie    1000d219 f   LIBCMT:gs_support.obj
 0001:0000c264       ?__scrt_initialize_type_info@@YAXXZ 1000d264 f   LIBCMT:tncleanup.obj
 0001:0000c270       ?__scrt_uninitialize_type_info@@YAXXZ 1000d270 f   LIBCMT:tncleanup.obj
 0001:0000c27c       ___local_stdio_scanf_options 1000d27c f i LIBCMT:default_local_stdio_options.obj
[...]
 0002:00001b14       ?candidate_modules@?1??try_get_FlsGetValue@@YAP6GPAXK@ZXZ@4QBW4module_id@?A0x5d2a34d3@@B 1001fb14     libvcruntime:winapi_downlevel.obj
 0002:00001b28       ?candidate_modules@?1??try_get_FlsSetValue@@YAP6GHKPAX@ZXZ@4QBW4module_id@?A0x5d2a34d3@@B 1001fb28     libvcruntime:winapi_downlevel.obj
 0002:00001b3c       ?candidate_modules@?1??try_get_InitializeCriticalSectionEx@@YAP6GHPAU_RTL_CRITICAL_SECTION@@KK@ZXZ@4QBW4module_id@?A0x5d2a34d3@@B 1001fb3c     libvcruntime:winapi_downlevel.obj
 0002:00001b80       ?tokenTable@@3QBQBDB       1001fb80     libvcruntime:undname.obj
 0002:00001bc0       ?nameTable@@3QBQBDB        1001fbc0     libvcruntime:undname.obj
 0002:00001d08       ?rttiTable@@3QBQBDB        1001fd08     libvcruntime:undname.obj
 0002:00002320       _errtable                  10020320     libucrt:errno.obj
 0002:000025c8       ___acrt_initializers       100205c8     libucrt:initialization.obj
 0002:00002640       _module_names              10020640     libucrt:winapi_thunks.obj
 0002:00002b88       ?candidate_modules@?1??try_get_FlsAlloc@@YAP6GKP6GXPAX@Z@ZXZ@4QBW4module_id@?A0x352e5c4b@@B 10020b88     libucrt:winapi_thunks.obj
 0002:00002b9c       ?candidate_modules@?1??try_get_FlsFree@@YAP6GHK@ZXZ@4QBW4module_id@?A0x352e5c4b@@B 10020b9c     libucrt:winapi_thunks.obj
 0002:00002bac       ?candidate_modules@?1??try_get_FlsGetValue@@YAP6GPAXK@ZXZ@4QBW4module_id@?A0x352e5c4b@@B 10020bac     libucrt:winapi_thunks.obj
 0002:00002bc0       ?candidate_modules@?1??try_get_FlsSetValue@@YAP6GHKPAX@ZXZ@4QBW4module_id@?A0x352e5c4b@@B 10020bc0     libucrt:winapi_thunks.obj
 0002:00002bd4       ?candidate_modules@?1??try_get_GetCurrentPackageId@@YAP6GJPAIPAE@ZXZ@4QBW4module_id@?A0x352e5c4b@@B 10020bd4     libucrt:winapi_thunks.obj
 0002:00002bf0       ?candidate_modules@?1??try_get_InitializeCriticalSectionEx@@YAP6GHPAU_RTL_CRITICAL_SECTION@@KK@ZXZ@4QBW4module_id@?A0x352e5c4b@@B 10020bf0     libucrt:winapi_thunks.obj
 0002:00002c14       ?candidate_modules@?1??try_get_LCMapStringEx@@YAP6GHPB_WK0HPA_WHPAU_nlsversioninfo@@PAXJ@ZXZ@4QBW4module_id@?A0x352e5c4b@@B 10020c14     libucrt:winapi_thunks.obj
 0002:00002c2c       ?candidate_modules@?1??try_get_LocaleNameToLCID@@YAP6GKPB_WK@ZXZ@4QBW4module_id@?A0x352e5c4b@@B 10020c2c     libucrt:winapi_thunks.obj
 0002:00002c48       ?candidate_modules@?1??try_get_SetThreadStackGuarantee@@YAP6GHPAK@ZXZ@4QBW4module_id@?A0x352e5c4b@@B 10020c48     libucrt:winapi_thunks.obj
 0002:00003174       __mb_locale_names          10021174     libucrt:mbctype.obj
 0002:000039c0       _LcidToLocaleNameTable     100219c0     libucrt:lcidtoname_downlevel.obj
 0002:00004ae8       _LocaleNameToIndexTable    10022ae8     libucrt:lcidtoname_downlevel.obj
 0002:00006420       LOG_name                   10024420     libucrt:log10.obj
 0002:00006430       _One                       10024430     libucrt:ceil_pentium4.obj
 0002:00006440       _Bns                       10024440     libucrt:ceil_pentium4.obj
 0002:00006450       _Zero                      10024450     libucrt:ceil_pentium4.obj
 0002:00006460       _S                         10024460     libucrt:ceil_pentium4.obj
 0002:00006470       _NegZero                   10024470     libucrt:ceil_pentium4.obj
 0002:00006480       emask                      10024480     libucrt:log10_pentium4.obj
 0002:00006490       CC                         10024490     libucrt:log10_pentium4.obj
 0002:000064a0       Magic                      100244a0     libucrt:log10_pentium4.obj
 0002:000064b0       hi_mask                    100244b0     libucrt:log10_pentium4.obj
 0002:000064c0       LOG10_2                    100244c0     libucrt:log10_pentium4.obj
 0002:000064d0       place_L                    100244d0     libucrt:log10_pentium4.obj
 0002:000064f0       One                        100244f0     libucrt:log10_pentium4.obj
 0002:00006500       Zero                       10024500     libucrt:log10_pentium4.obj
 0002:00006510       Two52                      10024510     libucrt:log10_pentium4.obj
 0002:00006520       Infs                       10024520     libucrt:log10_pentium4.obj
 0002:00006530       NaN                        10024530     libucrt:log10_pentium4.obj
 0002:00006540       coeff                      10024540     libucrt:log10_pentium4.obj
 0002:0000659e       _log2max                   1002459e     libucrt:87tran.obj
 0002:000065a8       _smallarg                  100245a8     libucrt:87tran.obj
 0002:000065b2       _half                      100245b2     libucrt:87tran.obj
 0002:000065fe       One                        100245fe     libucrt:87disp.obj
 0002:00006606       Three                      10024606     libucrt:87disp.obj
 0002:0000660e       XAMtoTagTab                1002460e     libucrt:87disp.obj
 0002:00006620       One                        10024620     libucrt:common.obj
 0002:00006634       DblMax                     10024634     libucrt:common.obj
 0002:0000663c       DblMin                     1002463c     libucrt:common.obj
 0002:00006644       IeeeAdjO                   10024644     libucrt:common.obj
 0002:0000664c       IeeeAdjU                   1002464c     libucrt:common.obj
 0002:00006654       _infinity                  10024654     libucrt:common.obj
 0002:0000665c       _zero                      1002465c     libucrt:common.obj
 0002:00006698       _over                      10024698     libucrt:fpctrl.obj
 0002:000066a4       _under                     100246a4     libucrt:fpctrl.obj
 0002:00006f68       ?_names@?1??_get_fname@@9@9 10024f68     libucrt:fpexcept.obj
 0002:00007738       __sehtable$?_AtlVerifyStackAvailable@_ATL_SAFE_ALLOCA_IMPL@ATL@@YA_NK@Z 10025738     BumpBar.obj
 0002:00007758       __sehtable$___scrt_is_nonwritable_in_current_image 10025758     LIBCMT:utility.obj
 0002:00007774       __ehfuncinfo$?__scrt_initialize_thread_safe_statics_platform_specific@@YAXXZ 10025774     LIBCMT:thread_safe_statics.obj
 0002:00007798       __catchsym$??2@YAPAXIABUnothrow_t@std@@@Z$2 10025798     LIBCMT:new_scalar_nothrow.obj
 0002:000077a8       __unwindtable$??2@YAPAXIABUnothrow_t@std@@@Z 100257a8     LIBCMT:new_scalar_nothrow.obj
 0002:000077b8       __tryblocktable$??2@YAPAXIABUnothrow_t@std@@@Z 100257b8     LIBCMT:new_scalar_nothrow.obj
 0002:000077cc       __ehfuncinfo$??2@YAPAXIABUnothrow_t@std@@@Z 100257cc     LIBCMT:new_scalar_nothrow.obj
 0002:000077f0       __sehtable$?dllmain_crt_process_attach@@YAHQAUHINSTANCE__@@QAX@Z 100257f0     LIBCMT:dll_dllmain.obj
 0002:00007810       __sehtable$?dllmain_crt_process_detach@@YAH_N@Z 10025810     LIBCMT:dll_dllmain.obj
 0002:00007830       __sehtable$?dllmain_dispatch@@YAHQAUHINSTANCE__@@KQAX@Z 10025830     LIBCMT:dll_dllmain.obj
 0002:000078e0       __sehtable$?FrameUnwindToState@__FrameHandler3@@SAXPAUEHRegistrationNode@@PAXPBU_s_FuncInfo@@H@Z 100258e0     libvcruntime:frame.obj
 0002:00007908       __sehtable$?CallCatchBlock@@YAPAXPAUEHExceptionRecord@@PAUEHRegistrationNode@@PAU_CONTEXT@@PBU_s_FuncInfo@@PAXHK@Z 10025908     libvcruntime:frame.obj
 0002:00007930       __catchsym$?CallUnexpected@@YAXPBU_s_ESTypeList@@@Z$2 10025930     libvcruntime:frame.obj
 0002:00007940       __unwindtable$?CallUnexpected@@YAXPBU_s_ESTypeList@@@Z 10025940     libvcruntime:frame.obj
 0002:00007950       __tryblocktable$?CallUnexpected@@YAXPBU_s_ESTypeList@@@Z 10025950     libvcruntime:frame.obj
 0002:00007964       __ehfuncinfo$?CallUnexpected@@YAXPBU_s_ESTypeList@@@Z 10025964     libvcruntime:frame.obj
 0002:00007988       __sehtable$??$BuildCatchObjectHelperInternal@V__FrameHandler3@@@@YAHPAUEHExceptionRecord@@PAXPBU_s_HandlerType@@PBU_s_CatchableType@@@Z 10025988     libvcruntime:frame.obj
 0002:000079a8       __sehtable$??$BuildCatchObjectInternal@V__FrameHandler3@@@@YAXPAUEHExceptionRecord@@PAXPBU_s_HandlerType@@PBU_s_CatchableType@@@Z 100259a8     libvcruntime:frame.obj
 0002:00007a00       __sehtable$___DestructExceptionObject 10025a00     libvcruntime:ehhelpers.obj
 0002:00007a20       __sehtable$?common_exit@@YAXHW4_crt_exit_cleanup_mode@@W4_crt_exit_return_mode@@@Z 10025a20     libucrt:exit.obj
 0002:00007a48       __sehtable$??$?RV<lambda_800076c951b434888f4765a74a194fcc>@@AAV<lambda_4e60a939b0d047cfe11ddc22648dfba9>@@V<lambda_6dbb1268764f43b569ce7b67e331d33a>@@@?$__crt_seh_guarded_call@H@@QAEH$$QAV<lambda_800076c951b434888f4765a74a194fcc>@@AAV<lambda_4e60a939b0d047cfe11ddc22648dfba9>@@$$QAV<lambda_6dbb1268764f43b569ce7b67e331d33a>@@@Z 10025a48     libucrt:onexit.obj
 0002:00007a68       __sehtable$??$?RV<lambda_995298e7d72eb4c2aab26c0585b3abe5>@@AAV<lambda_275893d493268fdec8709772e3fcec0e>@@V<lambda_293819299cbf9a7022e18b56a874bb5c>@@@?$__crt_seh_guarded_call@H@@QAEH$$QAV<lambda_995298e7d72eb4c2aab26c0585b3abe5>@@AAV<lambda_275893d493268fdec8709772e3fcec0e>@@$$QAV<lambda_293819299cbf9a7022e18b56a874bb5c>@@@Z 10025a68     libucrt:onexit.obj
 0002:00007a88       __sehtable$__query_new_handler 10025a88     libucrt:new_handler.obj
 0002:00007aa8       __sehtable$_terminate      10025aa8     libucrt:terminate.obj
 0002:00007ac8       __sehtable$??$?RV<lambda_9df27f884b057bc3edfc946cb5b7cf47>@@AAV<lambda_e69574bed617af4e071282c136b37893>@@V<lambda_cc0d902bcbbeb830f749456577db4721>@@@?$__crt_seh_guarded_call@X@@QAEX$$QAV<lambda_9df27f884b057bc3edfc946cb5b7cf47>@@AAV<lambda_e69574bed617af4e071282c136b37893>@@$$QAV<lambda_cc0d902bcbbeb830f749456577db4721>@@@Z 10025ac8     libucrt:per_thread_data.obj
 0002:00007ae8       __sehtable$??$?RV<lambda_3518db117f0e7cdb002338c5d3c47b6c>@@AAV<lambda_b2ea41f6bbb362cd97d94c6828d90b61>@@V<lambda_abdedf541bb04549bc734292b4a045d4>@@@?$__crt_seh_guarded_call@X@@QAEX$$QAV<lambda_3518db117f0e7cdb002338c5d3c47b6c>@@AAV<lambda_b2ea41f6bbb362cd97d94c6828d90b61>@@$$QAV<lambda_abdedf541bb04549bc734292b4a045d4>@@@Z 10025ae8     libucrt:per_thread_data.obj
 0002:00007b08       __sehtable$??$?RV<lambda_51b6e8b1eb166f2a3faf91f424b38130>@@AAV<lambda_6250bd4b2a391816dd638c3bf72b0bcb>@@V<lambda_0b5a4a3e68152e1d9b943535f5f47bed>@@@?$__crt_seh_guarded_call@X@@QAEX$$QAV<lambda_51b6e8b1eb166f2a3faf91f424b38130>@@AAV<lambda_6250bd4b2a391816dd638c3bf72b0bcb>@@$$QAV<lambda_0b5a4a3e68152e1d9b943535f5f47bed>@@@Z 10025b08     libucrt:per_thread_data.obj
 0002:00007b28       __sehtable$??$?RV<lambda_5b71d36f03204c0beab531769a5b5694>@@AAV<lambda_be2b3da3f62db62e9dad5dc70221a656>@@V<lambda_8f9ce462984622f9bf76b59e2aaaf805>@@@?$__crt_seh_guarded_call@X@@QAEX$$QAV<lambda_5b71d36f03204c0beab531769a5b5694>@@AAV<lambda_be2b3da3f62db62e9dad5dc70221a656>@@$$QAV<lambda_8f9ce462984622f9bf76b59e2aaaf805>@@@Z 10025b28     libucrt:per_thread_data.obj
 0002:00007b48       __sehtable$___acrt_uninitialize_locale 10025b48     libucrt:wsetlocale.obj
 0002:00007b68       __sehtable$___acrt_initialize_lowio 10025b68     libucrt:ioinit.obj
 0002:00007b88       __sehtable$___acrt_update_thread_multibyte_data 10025b88     libucrt:mbctype.obj
 0002:00007ba8       __sehtable$??$?RV<lambda_978dc153c237d78434369da87b74ff60>@@AAV<lambda_ad1ced32f4ac17aa236e5ef05d6b3b7c>@@V<lambda_4a8533e2866a575feecb8298ce776b0d>@@@?$__crt_seh_guarded_call@X@@QAEX$$QAV<lambda_978dc153c237d78434369da87b74ff60>@@AAV<lambda_ad1ced32f4ac17aa236e5ef05d6b3b7c>@@$$QAV<lambda_4a8533e2866a575feecb8298ce776b0d>@@@Z 10025ba8     libucrt:mbctype.obj
 0002:00007bc8       __sehtable$_raise          10025bc8     libucrt:signal.obj
 0002:00007be8       __sehtable$??$?RV<lambda_a048d3beccc847880fc8490e18b82769>@@AAV<lambda_ec61778202f4f5fc7e7711acc23c3bca>@@V<lambda_f7496a158712204296dd6628a163878e>@@@?$__crt_seh_guarded_call@P6AXH@Z@@QAEP6AXH@Z$$QAV<lambda_a048d3beccc847880fc8490e18b82769>@@AAV<lambda_ec61778202f4f5fc7e7711acc23c3bca>@@$$QAV<lambda_f7496a158712204296dd6628a163878e>@@@Z 10025be8     libucrt:signal.obj
 0002:00007c08       __sehtable$___acrt_update_thread_locale_data 10025c08     libucrt:locale_refcounting.obj
 0002:00007c28       __sehtable$__fcloseall     10025c28     libucrt:closeall.obj
 0002:00007c48       __sehtable$_common_flush_all 10025c48     libucrt:fflush.obj
 0002:00007c70       __sehtable$___acrt_lowio_ensure_fh_exists 10025c70     libucrt:osfinfo.obj
 0002:00007c90       __sehtable$__write         10025c90     libucrt:write.obj
 0002:00007cb0       __sehtable$_fclose         10025cb0     libucrt:fclose.obj
 0002:00007cd0       __sehtable$??$?RV<lambda_61cee617f5178ae960314fd4d05640a0>@@AAV<lambda_6978c1fb23f02e42e1d9e99668cc68aa>@@V<lambda_9cd88cf8ad10232537feb2133f08c833>@@@?$__crt_seh_guarded_call@H@@QAEH$$QAV<lambda_61cee617f5178ae960314fd4d05640a0>@@AAV<lambda_6978c1fb23f02e42e1d9e99668cc68aa>@@$$QAV<lambda_9cd88cf8ad10232537feb2133f08c833>@@@Z 10025cd0     libucrt:commit.obj
 0002:00007cf0       __sehtable$??$?RV<lambda_123407a5e2ac06da108355a851863b7a>@@AAV<lambda_2fe9b910cf3cbf4a0ab98a02ba45b3ec>@@V<lambda_ae55bdf541ad94d75914d381c370e64d>@@@?$__crt_seh_guarded_call@H@@QAEH$$QAV<lambda_123407a5e2ac06da108355a851863b7a>@@AAV<lambda_2fe9b910cf3cbf4a0ab98a02ba45b3ec>@@$$QAV<lambda_ae55bdf541ad94d75914d381c370e64d>@@@Z 10025cf0     libucrt:close.obj
 0002:00007d10       __sehtable$__IsNonwritableInCurrentImage 10025d10     LIBCMT:pesect.obj
 0002:00007d40       .edata                     10025d40     OPOSBumpBar.exp
 0002:00007d68       rgpv                       10025d68     OPOSBumpBar.exp
 0002:00007d78       rgszName                   10025d78     OPOSBumpBar.exp
 0002:00007d88       rgwOrd                     10025d88     OPOSBumpBar.exp
 0002:00007d90       szName                     10025d90     OPOSBumpBar.exp
 0002:00007da0       $N00001                    10025da0     OPOSBumpBar.exp
 0002:00007db0       $N00002                    10025db0     OPOSBumpBar.exp
 0002:00007dc2       $N00003                    10025dc2     OPOSBumpBar.exp
 0002:00007dd4       $N00004                    10025dd4     OPOSBumpBar.exp
 0002:000083e6       .idata$6                   100263e6     kernel32:KERNEL32.dll
 0002:000085fa       .idata$6                   100265fa     user32:USER32.dll
 0002:0000872e       .idata$6                   1002672e     gdi32:GDI32.dll
 0002:000087d4       .idata$6                   100267d4     advapi32:ADVAPI32.dll
 0002:000088f0       .idata$6                   100268f0     ole32:ole32.dll
 0002:000088fa       .idata$6                   100268fa     oleaut32:OLEAUT32.dll
 0003:00000110       ?ObjectMap@@3PAU_ATL_OBJMAP_ENTRY30@ATL@@A 10027110     BumpBar.obj
 0003:000001b0       ?s_SOMethodNames@@3PAPADA  100271b0     BumpBarImpl.obj
 0003:00000204       ?s_RequiredMethodsPerRelease@@3PAHA 10027204     BumpBarImpl.obj
 0003:00000240       ?__vcrt_flsindex@@3KA      10027240     libvcruntime:per_thread_data.obj
 0003:00000260       _errno_no_memory           10027260     libucrt:errno.obj
 0003:00000264       _doserrno_no_memory        10027264     libucrt:errno.obj
 0003:00000270       ___acrt_flsindex           10027270     libucrt:per_thread_data.obj
 0003:000003e4       ___rgctypeflag             100273e4     libucrt:mbctype.obj
 0003:000003e8       ___rgcode_page_info        100273e8     libucrt:mbctype.obj
 0003:00000b08       ?is_initialized_as_dll@@3_NA 10027b08     LIBCMT:utility.obj
 0003:00000b09       ?module_local_atexit_table_initialized@@3_NA 10027b09     LIBCMT:utility.obj
 0003:00000b0c       ?module_local_atexit_table@@3U_onexit_table_t@@A 10027b0c     LIBCMT:utility.obj
 0003:00000b18       ?module_local_at_quick_exit_table@@3U_onexit_table_t@@A 10027b18     LIBCMT:utility.obj
 0003:00000b24       ?_Tss_mutex@@3U_RTL_CRITICAL_SECTION@@A 10027b24     LIBCMT:thread_safe_statics.obj
 0003:00000b3c       ?_Tss_cv@@3U_RTL_CONDITION_VARIABLE@@A 10027b3c     LIBCMT:thread_safe_statics.obj
 0003:00000b40       ?_Tss_event@@3PAXA         10027b40     LIBCMT:thread_safe_statics.obj
 0003:00000b44       ?encoded_sleep_condition_variable_cs@@3P6GHPAU_RTL_CONDITION_VARIABLE@@PAU_RTL_CRITICAL_SECTION@@K@ZA 10027b44     LIBCMT:thread_safe_statics.obj
 0003:00000b48       ?encoded_wake_all_condition_variable@@3P6GXPAU_RTL_CONDITION_VARIABLE@@@ZA 10027b48     LIBCMT:thread_safe_statics.obj
 0003:00000b50       _GS_ExceptionRecord        10027b50     LIBCMT:gs_report.obj
 0003:00000ba0       _GS_ContextRecord          10027ba0     LIBCMT:gs_report.obj
 0003:00000e70       ?__proc_attached@@3HA      10027e70     LIBCMT:dll_dllmain.obj
 0003:00000ecc       ?AllocateData@@3P6GPAUAtlThunkData_t@@XZA 10027ecc     atls:atlthunk.obj
 0003:00000ed0       ?InitData@@3P6GXPAUAtlThunkData_t@@PAXI@ZA 10027ed0     atls:atlthunk.obj
 0003:00000ed4       ?DataToCode@@3P6GP6GJPAUHWND__@@IIJ@ZPAUAtlThunkData_t@@@ZA 10027ed4     atls:atlthunk.obj
 0003:00000ed8       ?FreeData@@3P6GXPAUAtlThunkData_t@@@ZA 10027ed8     atls:atlthunk.obj
 0003:00000edc       ?Initialized@@3_NA         10027edc     atls:atlthunk.obj
 0003:00000ee8       ?__vcrt_startup_thread_ptd@@3U__vcrt_ptd@@A 10027ee8     libvcruntime:per_thread_data.obj
 0003:00000f10       ___vcrt_lock_table         10027f10     libvcruntime:locks.obj
 0003:00000f28       ___vcrt_locks_initialized  10027f28     libvcruntime:locks.obj
 0003:00000f2c       ?module_handles@@3PAPAUHINSTANCE__@@A 10027f2c     libvcruntime:winapi_downlevel.obj
 0003:00000f38       ?encoded_function_pointers@@3PAPAXA 10027f38     libvcruntime:winapi_downlevel.obj
 0003:00000f74       ?heap@@3V_HeapManager@@A   10027f74     libvcruntime:undname.obj
 0003:00000f8c       ___acrt_invalid_parameter_handler 10027f8c     libucrt:invalid_parameter.obj
 0003:00000f90       _c_termination_complete    10027f90     libucrt:exit.obj
 0003:00000f94       _thread_local_exit_callback_func 10027f94     libucrt:exit.obj
 0003:00000f98       ?c_exit_complete@?5??common_exit@@YAXHW4_crt_exit_cleanup_mode@@W4_crt_exit_return_mode@@@Z@4_NA 10027f98     libucrt:exit.obj
 0003:00000fa0       ?program_name@?5???$common_configure_argv@D@@YAHW4_crt_argv_mode@@@Z@4PADA 10027fa0     libucrt:argv_parsing.obj
 0003:000010d0       ___acrt_new_handler        100280d0     libucrt:new_handler.obj
 0003:000010d8       _module_handles            100280d8     libucrt:winapi_thunks.obj
 0003:00001128       _encoded_function_pointers 10028128     libucrt:winapi_thunks.obj
 0003:000011a8       ?state_cache@?1??__acrt_is_packaged_app@@9@4JA 100281a8     libucrt:winapi_thunks.obj
 0003:000011b4       _enable_percent_n          100281b4     libucrt:printf_count_output.obj
 0003:000013d0       ___acrt_lock_table         100283d0     libucrt:locks.obj
 0003:00001508       ___acrt_locks_initialized  10028508     libucrt:locks.obj
 0003:00001524       _fSystemSet                10028524     libucrt:mbctype.obj
 0003:00001528       ?initialized@?1??__acrt_initialize_multibyte@@9@4_NA 10028528     libucrt:mbctype.obj
 0003:00001548       _ctrlc_action              10028548     libucrt:signal.obj
 0003:0000154c       _ctrlbreak_action          1002854c     libucrt:signal.obj
 0003:00001550       _abort_action              10028550     libucrt:signal.obj
 0003:00001554       _term_action               10028554     libucrt:signal.obj
 0003:00001558       _user_matherr              10028558     libucrt:matherr.obj
 0003:0000155c       ___acrt_global_new_mode    1002855c     libucrt:new_mode.obj
 0003:00001568       ___acrt_app_type           10028568     libucrt:report_runtime_error.obj
 0003:00001570       __pmatherr_set             10028570     libucrt:libm_error.obj
 0004:00000220       $R000000                   10029220     BumpBar.res
 0004:00000b80       $R000960                   10029b80     BumpBar.res
 0004:00000c68       $R000A48                   10029c68     BumpBar.res
 0004:00000ed0       $R000CB0                   10029ed0     BumpBar.res
 0004:000013e0       $R0011C0                   1002a3e0     BumpBar.res
 0004:000042e0       $R0040C0                   1002d2e0     BumpBar.res
 0004:00004310       $R0040F0                   1002d310     BumpBar.res
