 OPOSTotals

 Timestamp is 61a75a91 (Wed Dec  1 20:20:49 2021)

 Preferred load address is 10000000

 Start         Length     Name                   Class
 0001:00000000 00000080H .text$di                CODE
 0001:00000080 0001ecf8H .text$mn                CODE
 0001:0001ed78 000000d8H .text$x                 CODE
 0001:0001ee50 00000042H .text$yd                CODE
 0002:00000000 000002fcH .idata$5                DATA
 0002:000002fc 00000008H .00cfg                  DATA
 0002:00000304 00000004H .CRT$XCA                DATA
 0002:00000308 00000004H .CRT$XCL                DATA
 0002:0000030c 00000010H .CRT$XCU                DATA
 0002:0000031c 00000004H .CRT$XCZ                DATA
 0002:00000320 00000004H .CRT$XIA                DATA
 0002:00000324 00000010H .CRT$XIC                DATA
 0002:00000334 00000004H .CRT$XIZ                DATA
 0002:00000338 00000004H .CRT$XLA                DATA
 0002:0000033c 00000004H .CRT$XLZ                DATA
 0002:00000340 00000004H .CRT$XPA                DATA
 0002:00000344 00000008H .CRT$XPX                DATA
 0002:0000034c 00000004H .CRT$XPXA               DATA
 0002:00000350 00000004H .CRT$XPZ                DATA
 0002:00000354 00000004H .CRT$XTA                DATA
 0002:00000358 00000008H .CRT$XTZ                DATA
 0002:0000035c 00000000H .gfids$y                DATA
 0002:00000360 00006e60H .rdata                  DATA
 0002:000071c0 00000000H .rdata$CastGuardVftablesA DATA
 0002:000071c0 00000000H .rdata$CastGuardVftablesC DATA
 0002:000071c0 00000018H .rdata$T                DATA
 0002:000071d8 00000178H .rdata$r                DATA
 0002:00007350 0000002cH .rdata$sxdata           DATA
 0002:0000737c 00000030H .rdata$voltmd           DATA
 0002:000073ac 00000408H .rdata$zzzdbg           DATA
 0002:000077b4 00000004H .rtc$IAA                DATA
 0002:000077b8 00000004H .rtc$IZZ                DATA
 0002:000077bc 00000004H .rtc$TAA                DATA
 0002:000077c0 00000004H .rtc$TZZ                DATA
 0002:000077c4 00000004H .tls                    DATA
 0002:000077c8 00000004H .tls$                   DATA
 0002:000077cc 00000004H .tls$ZZZ                DATA
 0002:000077d0 000006dcH .xdata$x                DATA
 0002:00007eac 00000004H ATL$__a                 DATA
 0002:00007eb0 00000010H ATL$__z                 DATA
 0002:00007ec0 000000a8H .edata                  DATA
 0002:00007f68 00000078H .idata$2                DATA
 0002:00007fe0 00000014H .idata$3                DATA
 0002:00007ff4 000002fcH .idata$4                DATA
 0002:000082f0 00000bceH .idata$6                DATA
 0003:00000000 00000ad0H .data                   DATA
 0003:00000ad0 00000080H .data$r                 DATA
 0003:00000b50 00000018H .data$rs                DATA
 0003:00000b68 00000b80H .bss                    DATA
 0004:00000000 00000220H .rsrc$01                DATA
 0004:00000220 000040f0H .rsrc$02                DATA

  Address         Publics by Value              Rva+Base       Lib:Object

 0000:00000000       ___guard_fids_count        00000000     <absolute>
 0000:00000000       ___guard_eh_cont_table     00000000     <absolute>
 0000:00000000       ___guard_longjmp_table     00000000     <absolute>
 0000:00000000       ___arm64x_extra_rfe_table  00000000     <absolute>
 0000:00000000       ___arm64x_redirection_metadata 00000000     <absolute>
 0000:00000000       ___guard_iat_count         00000000     <absolute>
 0000:00000000       ___guard_eh_cont_count     00000000     <absolute>
 0000:00000000       __except_list              00000000     <absolute>
 0000:00000000       ___x64_code_ranges_to_entry_points_count 00000000     <absolute>
 0000:00000000       ___hybrid_code_map_count   00000000     <absolute>
 0000:00000000       ___x64_code_ranges_to_entry_points 00000000     <absolute>
 0000:00000000       ___guard_iat_table         00000000     <absolute>
 0000:00000000       ___arm64x_native_entrypoint 00000000     <absolute>
 0000:00000000       ___hybrid_code_map         00000000     <absolute>
 0000:00000000       ___arm64x_extra_rfe_table_size 00000000     <absolute>
 0000:00000000       ___guard_longjmp_count     00000000     <absolute>
 0000:00000000       ___guard_check_icall_a64n_fptr 00000000     <absolute>
 0000:00000000       ___arm64x_redirection_metadata_count 00000000     <absolute>
 0000:00000000       ___hybrid_auxiliary_iat    00000000     <absolute>
 0000:00000000       ___dynamic_value_reloc_table 00000000     <absolute>
 0000:00000000       ___AbsoluteZero            00000000     <absolute>
 0000:00000000       ___enclave_config          00000000     <absolute>
 0000:00000000       ___guard_fids_table        00000000     <absolute>
 0000:00000000       ___hybrid_auxiliary_iat_copy 00000000     <absolute>
 0000:0000000b       ___safe_se_handler_count   0000000b     <absolute>
 0000:0000002c       __tls_array                0000002c     <absolute>
 0000:00000100       ___guard_flags             00000100     <absolute>
 0000:00000000       ___ImageBase               10000000     <linker-defined>
 0001:00000080       ?DupWide@_CW@@AAEXXZ       10001080 f   CWString.obj
 0001:0000009c       ?cw_dup@@YGXPBDAAHAAPA_W1@Z 1000109c f   CWString.obj
 0001:00000124       ?cw_memcpy@@YGHPA_WPBDH@Z  10001124 f   CWString.obj
 0001:00000150       ?cw_strcpy@@YAHPA_WPBD@Z   10001150 f   CWString.obj
 0001:00000163       ?cw_strlen@@YAHPBD@Z       10001163 f   CWString.obj
 0001:0000017c       ??0CAtlComModule@ATL@@QAE@XZ 1000117c f i OposVariant.obj
 0001:000001c1       ??0CAtlWinModule@ATL@@QAE@XZ 100011c1 f i OposVariant.obj
 0001:000001f8       ??0OposDispParms@@QAE@PAVOposVariant@@H@Z 100011f8 f   OposVariant.obj
 0001:00000269       ??1OposDispParms@@QAE@XZ   10001269 f   OposVariant.obj
 0001:00000277       ??A?$CSimpleArray@GV?$CSimpleArrayEqualHelper@G@ATL@@@ATL@@QAEAAGH@Z 10001277 f i OposVariant.obj
 0001:0000029c       ??_Estringdispid@CComTypeInfoHolder@ATL@@QAEPAXI@Z 1000129c f i OposVariant.obj
 0001:00000308       ?AtlWinModuleInit@ATL@@YGJPAU_ATL_WIN_MODULE70@1@@Z 10001308 f i OposVariant.obj
 0001:0000032e       ?AtlWinModuleTerm@ATL@@YGJPAU_ATL_WIN_MODULE70@1@PAUHINSTANCE__@@@Z 1000132e f i OposVariant.obj
 0001:00000391       ?ChangeBSTR@OposVariant@@QAEXPAPA_WAAJ@Z 10001391 f   OposVariant.obj
 0001:000003d2       ?ChangeLONG@OposVariant@@QAEXPAJAAJ@Z 100013d2 f   OposVariant.obj
 0001:00000413       ?GetLONG@OposVariant@@QAEJXZ 10001413 f   OposVariant.obj
 0001:0000042e       ?Init@CComCriticalSection@ATL@@QAEJXZ 1000142e f i OposVariant.obj
 0001:00000456       ?RemoveAll@?$CSimpleArray@GV?$CSimpleArrayEqualHelper@G@ATL@@@ATL@@QAEXXZ 10001456 f i OposVariant.obj
 0001:00000456       ?RemoveAll@?$CSimpleArray@PAUHINSTANCE__@@V?$CSimpleArrayEqualHelper@PAUHINSTANCE__@@@ATL@@@ATL@@QAEXXZ 10001456 f i atls:atlbase.obj
 0001:00000473       ?SetBSTR@OposVariant@@QAEXPA_WAAJ@Z 10001473 f   OposVariant.obj
 0001:000004a7       ?SetBSTR_Copy@OposVariant@@QAEXPA_WAAJ@Z 100014a7 f   OposVariant.obj
 0001:000004f7       ?SetBSTR_InOutPtr@OposVariant@@QAE_NPAPA_WAAJ@Z 100014f7 f   OposVariant.obj
 0001:0000052e       ?SetBSTR_OutPtr@OposVariant@@QAE_NPAPA_WAAJ@Z 1000152e f   OposVariant.obj
 0001:0000054a       ?SetDispatch_Ptr@OposVariant@@QAEXPAUIDispatch@@AAJ@Z 1000154a f   OposVariant.obj
 0001:00000585       ?SetLONG@OposVariant@@QAEXJ@Z 10001585 f   OposVariant.obj
 0001:000005a7       ?SetLONG_Ptr@OposVariant@@QAEXPAJAAJ@Z 100015a7 f   OposVariant.obj
 0001:000005da       ?SetString@OposVariant@@QAEXPB_WAAJ@Z 100015da f   OposVariant.obj
 0001:00000620       ?SetVARIANT_BOOL@OposVariant@@QAEXF@Z 10001620 f   OposVariant.obj
 0001:0000064a       ?Term@CAtlComModule@ATL@@QAEXXZ 1000164a f i OposVariant.obj
 0001:00000694       ?_AtlRaiseException@ATL@@YAXKK@Z 10001694 f i OposVariant.obj
 0001:000006a9       ?OnDrawAdvanced@CComControlBase@ATL@@UAEJAAUATL_DRAWINFO@@@Z 100016a9 f i Totals.obj
 0001:0000079c       ?Next@?$CComEnumImpl@UIEnumConnections@@$1?_GUID_b196b287_bab4_101a_b69c_00aa00341d07@@3U__s_GUID@@BUtagCONNECTDATA@@V?$_Copy@UtagCONNECTDATA@@@ATL@@@ATL@@UAGJKPAUtagCONNECTDATA@@PAK@Z 1000179c f i Totals.obj
 0001:0000086b       ?Skip@?$CComEnumImpl@UIEnumConnections@@$1?_GUID_b196b287_bab4_101a_b69c_00aa00341d07@@3U__s_GUID@@BUtagCONNECTDATA@@V?$_Copy@UtagCONNECTDATA@@@ATL@@@ATL@@UAGJK@Z 1000186b f i Totals.obj
 0001:00000898       ?Reset@?$CComEnumImpl@UIEnumConnectionPoints@@$1?_GUID_b196b285_bab4_101a_b69c_00aa00341d07@@3U__s_GUID@@BPAUIConnectionPoint@@V?$_CopyInterface@UIConnectionPoint@@@ATL@@@ATL@@UAGJXZ 10001898 f i Totals.obj
 0001:00000898       ?Reset@?$CComEnumImpl@UIEnumConnections@@$1?_GUID_b196b287_bab4_101a_b69c_00aa00341d07@@3U__s_GUID@@BUtagCONNECTDATA@@V?$_Copy@UtagCONNECTDATA@@@ATL@@@ATL@@UAGJXZ 10001898 f i Totals.obj
 0001:000008aa       ?Clone@?$CComEnumImpl@UIEnumConnections@@$1?_GUID_b196b287_bab4_101a_b69c_00aa00341d07@@3U__s_GUID@@BUtagCONNECTDATA@@V?$_Copy@UtagCONNECTDATA@@@ATL@@@ATL@@UAGJPAPAUIEnumConnections@@@Z 100018aa f i Totals.obj
 0001:0000098b       ?AddRef@?$CComObject@V?$CComEnum@UIEnumConnectionPoints@@$1?_GUID_b196b285_bab4_101a_b69c_00aa00341d07@@3U__s_GUID@@BPAUIConnectionPoint@@V?$_CopyInterface@UIConnectionPoint@@@ATL@@VCComSingleThreadModel@6@@ATL@@@ATL@@UAGKXZ 1000198b f i Totals.obj
 0001:0000098b       ?AddRef@?$CComObject@V?$CComEnum@UIEnumConnections@@$1?_GUID_b196b287_bab4_101a_b69c_00aa00341d07@@3U__s_GUID@@BUtagCONNECTDATA@@V?$_Copy@UtagCONNECTDATA@@@ATL@@VCComSingleThreadModel@6@@ATL@@@ATL@@UAGKXZ 1000198b f i Totals.obj
 0001:0000099c       ?Release@?$CComObject@V?$CComEnum@UIEnumConnections@@$1?_GUID_b196b287_bab4_101a_b69c_00aa00341d07@@3U__s_GUID@@BUtagCONNECTDATA@@V?$_Copy@UtagCONNECTDATA@@@ATL@@VCComSingleThreadModel@6@@ATL@@@ATL@@UAGKXZ 1000199c f i Totals.obj
 0001:0000099c       ?Release@?$CComObject@V?$CComEnum@UIEnumConnectionPoints@@$1?_GUID_b196b285_bab4_101a_b69c_00aa00341d07@@3U__s_GUID@@BPAUIConnectionPoint@@V?$_CopyInterface@UIConnectionPoint@@@ATL@@VCComSingleThreadModel@6@@ATL@@@ATL@@UAGKXZ 1000199c f i Totals.obj
 0001:000009d8       ?QueryInterface@?$CComObject@V?$CComEnum@UIEnumConnections@@$1?_GUID_b196b287_bab4_101a_b69c_00aa00341d07@@3U__s_GUID@@BUtagCONNECTDATA@@V?$_Copy@UtagCONNECTDATA@@@ATL@@VCComSingleThreadModel@6@@ATL@@@ATL@@UAGJABU_GUID@@PAPAX@Z 100019d8 f i Totals.obj
 0001:000009f2       ??_G?$CComObject@V?$CComEnum@UIEnumConnections@@$1?_GUID_b196b287_bab4_101a_b69c_00aa00341d07@@3U__s_GUID@@BUtagCONNECTDATA@@V?$_Copy@UtagCONNECTDATA@@@ATL@@VCComSingleThreadModel@6@@ATL@@@ATL@@UAEPAXI@Z 100019f2 f i Totals.obj
 0001:000009f2       ??_E?$CComObject@V?$CComEnum@UIEnumConnections@@$1?_GUID_b196b287_bab4_101a_b69c_00aa00341d07@@3U__s_GUID@@BUtagCONNECTDATA@@V?$_Copy@UtagCONNECTDATA@@@ATL@@VCComSingleThreadModel@6@@ATL@@@ATL@@UAEPAXI@Z 100019f2 f i Totals.obj
 0001:00000a14       ?OnFinalMessage@?$CWindowImplBaseT@VCWindow@ATL@@V?$CWinTraits@$0FGAAAAAA@$0A@@2@@ATL@@UAEXPAUHWND__@@@Z 10001a14 f i Totals.obj
 0001:00000a14       ?ObjectMain@CComObjectRootBase@ATL@@SGX_N@Z 10001a14 f i Totals.obj
 0001:00000a17       ?GetObjectDescription@?$CComCoClass@VCOPOSTotals@@$1?CLSID_OPOSTotals@@3U_GUID@@B@ATL@@SGPB_WXZ 10001a17 f i Totals.obj
 0001:00000a17       ?GetCategoryMap@CComObjectRootBase@ATL@@SAPBU_ATL_CATMAP_ENTRY@2@XZ 10001a17 f i Totals.obj
 0001:00000a1a       ?CreateInstance@CComClassFactory@ATL@@UAGJPAUIUnknown@@ABU_GUID@@PAPAX@Z 10001a1a f i Totals.obj
 0001:00000a58       ?LockServer@CComClassFactory@ATL@@UAGJH@Z 10001a58 f i Totals.obj
 0001:00000a77       ??_ECComClassFactory@ATL@@UAEPAXI@Z 10001a77 f i Totals.obj
 0001:00000a77       ??_GCComClassFactory@ATL@@UAEPAXI@Z 10001a77 f i Totals.obj
 0001:00000aa2       ??_E?$CComObject@VCOPOSTotals@@@ATL@@W3AEPAXI@Z 10001aa2 f i Totals.obj
 0001:00000aaa       ??_E?$CComObject@VCOPOSTotals@@@ATL@@WEM@AEPAXI@Z 10001aaa f i Totals.obj
 0001:00000ab2       ?QueryInterface@?$CComObject@VCOPOSTotals@@@ATL@@WHA@AGJABU_GUID@@PAPAX@Z 10001ab2 f i Totals.obj
 0001:00000abc       ?AddRef@?$CComObject@VCOPOSTotals@@@ATL@@WHA@AGKXZ 10001abc f i Totals.obj
 0001:00000ac6       ?Release@?$CComObject@VCOPOSTotals@@@ATL@@WHA@AGKXZ 10001ac6 f i Totals.obj
 0001:00000ad0       ?QueryInterface@?$CComObject@VCOPOSTotals@@@ATL@@WHE@AGJABU_GUID@@PAPAX@Z 10001ad0 f i Totals.obj
 0001:00000ada       ?AddRef@?$CComObject@VCOPOSTotals@@@ATL@@WHE@AGKXZ 10001ada f i Totals.obj
 0001:00000ae4       ?Release@?$CComObject@VCOPOSTotals@@@ATL@@WHE@AGKXZ 10001ae4 f i Totals.obj
 0001:00000aee       ?QueryInterface@?$CComObject@VCOPOSTotals@@@ATL@@WHI@AGJABU_GUID@@PAPAX@Z 10001aee f i Totals.obj
 0001:00000af8       ?AddRef@?$CComObject@VCOPOSTotals@@@ATL@@WHI@AGKXZ 10001af8 f i Totals.obj
 0001:00000b02       ?Release@?$CComObject@VCOPOSTotals@@@ATL@@WHI@AGKXZ 10001b02 f i Totals.obj
 0001:00000b0c       ?QueryInterface@?$CComObject@VCOPOSTotals@@@ATL@@WHM@AGJABU_GUID@@PAPAX@Z 10001b0c f i Totals.obj
 0001:00000b16       ?AddRef@?$CComObject@VCOPOSTotals@@@ATL@@WHM@AGKXZ 10001b16 f i Totals.obj
 0001:00000b20       ?Release@?$CComObject@VCOPOSTotals@@@ATL@@WHM@AGKXZ 10001b20 f i Totals.obj
 0001:00000b2a       ?QueryInterface@?$CComObject@VCOPOSTotals@@@ATL@@WIA@AGJABU_GUID@@PAPAX@Z 10001b2a f i Totals.obj
 0001:00000b37       ?AddRef@?$CComObject@VCOPOSTotals@@@ATL@@WIA@AGKXZ 10001b37 f i Totals.obj
 0001:00000b44       ?Release@?$CComObject@VCOPOSTotals@@@ATL@@WIA@AGKXZ 10001b44 f i Totals.obj
 0001:00000b51       ?QueryInterface@?$CComObject@VCOPOSTotals@@@ATL@@WIE@AGJABU_GUID@@PAPAX@Z 10001b51 f i Totals.obj
 0001:00000b5e       ?AddRef@?$CComObject@VCOPOSTotals@@@ATL@@WIE@AGKXZ 10001b5e f i Totals.obj
 0001:00000b6b       ?Release@?$CComObject@VCOPOSTotals@@@ATL@@WIE@AGKXZ 10001b6b f i Totals.obj
 0001:00000b78       ?QueryInterface@?$CComObject@VCOPOSTotals@@@ATL@@WII@AGJABU_GUID@@PAPAX@Z 10001b78 f i Totals.obj
 0001:00000b85       ?AddRef@?$CComObject@VCOPOSTotals@@@ATL@@WII@AGKXZ 10001b85 f i Totals.obj
 0001:00000b92       ?Release@?$CComObject@VCOPOSTotals@@@ATL@@WII@AGKXZ 10001b92 f i Totals.obj
 0001:00000b9f       ?QueryInterface@?$CComObject@VCOPOSTotals@@@ATL@@WIM@AGJABU_GUID@@PAPAX@Z 10001b9f f i Totals.obj
 0001:00000bac       ?AddRef@?$CComObject@VCOPOSTotals@@@ATL@@WIM@AGKXZ 10001bac f i Totals.obj
 0001:00000bb9       ?Release@?$CComObject@VCOPOSTotals@@@ATL@@WIM@AGKXZ 10001bb9 f i Totals.obj
 0001:00000bc6       ?QueryInterface@?$CComObject@VCOPOSTotals@@@ATL@@WJA@AGJABU_GUID@@PAPAX@Z 10001bc6 f i Totals.obj
 0001:00000bd3       ?AddRef@?$CComObject@VCOPOSTotals@@@ATL@@WJA@AGKXZ 10001bd3 f i Totals.obj
 0001:00000be0       ?Release@?$CComObject@VCOPOSTotals@@@ATL@@WJA@AGKXZ 10001be0 f i Totals.obj
 0001:00000bed       ?QueryInterface@?$CComObject@VCOPOSTotals@@@ATL@@WJE@AGJABU_GUID@@PAPAX@Z 10001bed f i Totals.obj
 0001:00000bfa       ?AddRef@?$CComObject@VCOPOSTotals@@@ATL@@WJE@AGKXZ 10001bfa f i Totals.obj
 0001:00000c07       ?Release@?$CComObject@VCOPOSTotals@@@ATL@@WJE@AGKXZ 10001c07 f i Totals.obj
 0001:00000c14       ?QueryInterface@?$CComObject@VCOPOSTotals@@@ATL@@WJI@AGJABU_GUID@@PAPAX@Z 10001c14 f i Totals.obj
 0001:00000c21       ?AddRef@?$CComObject@VCOPOSTotals@@@ATL@@WJI@AGKXZ 10001c21 f i Totals.obj
 0001:00000c2e       ?Release@?$CComObject@VCOPOSTotals@@@ATL@@WJI@AGKXZ 10001c2e f i Totals.obj
 0001:00000c3b       ?QueryInterface@?$CComObject@VCOPOSTotals@@@ATL@@WJM@AGJABU_GUID@@PAPAX@Z 10001c3b f i Totals.obj
 0001:00000c48       ?AddRef@?$CComObject@VCOPOSTotals@@@ATL@@WJM@AGKXZ 10001c48 f i Totals.obj
 0001:00000c55       ?Release@?$CComObject@VCOPOSTotals@@@ATL@@WJM@AGKXZ 10001c55 f i Totals.obj
 0001:00000c62       ?QueryInterface@?$CComObject@VCOPOSTotals@@@ATL@@WKA@AGJABU_GUID@@PAPAX@Z 10001c62 f i Totals.obj
 0001:00000c6f       ?AddRef@?$CComObject@VCOPOSTotals@@@ATL@@WKA@AGKXZ 10001c6f f i Totals.obj
 0001:00000c7c       ?Release@?$CComObject@VCOPOSTotals@@@ATL@@WKA@AGKXZ 10001c7c f i Totals.obj
 0001:00000c89       ?AddRef@?$CComObject@VCOPOSTotals@@@ATL@@WKI@AGKXZ 10001c89 f i Totals.obj
 0001:00000c96       ?Release@?$CComObject@VCOPOSTotals@@@ATL@@WKI@AGKXZ 10001c96 f i Totals.obj
 0001:00000ca3       ?AddRef@?$CComObject@VCOPOSTotals@@@ATL@@WLE@AGKXZ 10001ca3 f i Totals.obj
 0001:00000cb0       ?Release@?$CComObject@VCOPOSTotals@@@ATL@@WLE@AGKXZ 10001cb0 f i Totals.obj
 0001:00000cbd       ??_E?$CComContainedObject@VCOPOSTotals@@@ATL@@W3AEPAXI@Z 10001cbd f i Totals.obj
 0001:00000cc5       ??_E?$CComContainedObject@VCOPOSTotals@@@ATL@@WEM@AEPAXI@Z 10001cc5 f i Totals.obj
 0001:00000ccd       ?QueryInterface@?$CComContainedObject@VCOPOSTotals@@@ATL@@WHA@AGJABU_GUID@@PAPAX@Z 10001ccd f i Totals.obj
 0001:00000cd7       ?AddRef@?$CComContainedObject@VCOPOSTotals@@@ATL@@WHA@AGKXZ 10001cd7 f i Totals.obj
 0001:00000ce1       ?Release@?$CComContainedObject@VCOPOSTotals@@@ATL@@WHA@AGKXZ 10001ce1 f i Totals.obj
 0001:00000ceb       ?QueryInterface@?$CComContainedObject@VCOPOSTotals@@@ATL@@WHE@AGJABU_GUID@@PAPAX@Z 10001ceb f i Totals.obj
 0001:00000cf5       ?AddRef@?$CComContainedObject@VCOPOSTotals@@@ATL@@WHE@AGKXZ 10001cf5 f i Totals.obj
 0001:00000cff       ?Release@?$CComContainedObject@VCOPOSTotals@@@ATL@@WHE@AGKXZ 10001cff f i Totals.obj
 0001:00000d09       ?QueryInterface@?$CComContainedObject@VCOPOSTotals@@@ATL@@WHI@AGJABU_GUID@@PAPAX@Z 10001d09 f i Totals.obj
 0001:00000d13       ?AddRef@?$CComContainedObject@VCOPOSTotals@@@ATL@@WHI@AGKXZ 10001d13 f i Totals.obj
 0001:00000d1d       ?Release@?$CComContainedObject@VCOPOSTotals@@@ATL@@WHI@AGKXZ 10001d1d f i Totals.obj
 0001:00000d27       ?QueryInterface@?$CComContainedObject@VCOPOSTotals@@@ATL@@WHM@AGJABU_GUID@@PAPAX@Z 10001d27 f i Totals.obj
 0001:00000d31       ?AddRef@?$CComContainedObject@VCOPOSTotals@@@ATL@@WHM@AGKXZ 10001d31 f i Totals.obj
 0001:00000d3b       ?Release@?$CComContainedObject@VCOPOSTotals@@@ATL@@WHM@AGKXZ 10001d3b f i Totals.obj
 0001:00000d45       ?QueryInterface@?$CComContainedObject@VCOPOSTotals@@@ATL@@WIA@AGJABU_GUID@@PAPAX@Z 10001d45 f i Totals.obj
 0001:00000d52       ?AddRef@?$CComContainedObject@VCOPOSTotals@@@ATL@@WIA@AGKXZ 10001d52 f i Totals.obj
 0001:00000d5f       ?Release@?$CComContainedObject@VCOPOSTotals@@@ATL@@WIA@AGKXZ 10001d5f f i Totals.obj
 0001:00000d6c       ?QueryInterface@?$CComContainedObject@VCOPOSTotals@@@ATL@@WIE@AGJABU_GUID@@PAPAX@Z 10001d6c f i Totals.obj
 0001:00000d79       ?AddRef@?$CComContainedObject@VCOPOSTotals@@@ATL@@WIE@AGKXZ 10001d79 f i Totals.obj
 0001:00000d86       ?Release@?$CComContainedObject@VCOPOSTotals@@@ATL@@WIE@AGKXZ 10001d86 f i Totals.obj
 0001:00000d93       ?QueryInterface@?$CComContainedObject@VCOPOSTotals@@@ATL@@WII@AGJABU_GUID@@PAPAX@Z 10001d93 f i Totals.obj
 0001:00000da0       ?AddRef@?$CComContainedObject@VCOPOSTotals@@@ATL@@WII@AGKXZ 10001da0 f i Totals.obj
 0001:00000dad       ?Release@?$CComContainedObject@VCOPOSTotals@@@ATL@@WII@AGKXZ 10001dad f i Totals.obj
 0001:00000dba       ?QueryInterface@?$CComContainedObject@VCOPOSTotals@@@ATL@@WIM@AGJABU_GUID@@PAPAX@Z 10001dba f i Totals.obj
 0001:00000dc7       ?AddRef@?$CComContainedObject@VCOPOSTotals@@@ATL@@WIM@AGKXZ 10001dc7 f i Totals.obj
 0001:00000dd4       ?Release@?$CComContainedObject@VCOPOSTotals@@@ATL@@WIM@AGKXZ 10001dd4 f i Totals.obj
 0001:00000de1       ?QueryInterface@?$CComContainedObject@VCOPOSTotals@@@ATL@@WJA@AGJABU_GUID@@PAPAX@Z 10001de1 f i Totals.obj
 0001:00000dee       ?AddRef@?$CComContainedObject@VCOPOSTotals@@@ATL@@WJA@AGKXZ 10001dee f i Totals.obj
 0001:00000dfb       ?Release@?$CComContainedObject@VCOPOSTotals@@@ATL@@WJA@AGKXZ 10001dfb f i Totals.obj
 0001:00000e08       ?QueryInterface@?$CComContainedObject@VCOPOSTotals@@@ATL@@WJE@AGJABU_GUID@@PAPAX@Z 10001e08 f i Totals.obj
 0001:00000e15       ?AddRef@?$CComContainedObject@VCOPOSTotals@@@ATL@@WJE@AGKXZ 10001e15 f i Totals.obj
 0001:00000e22       ?Release@?$CComContainedObject@VCOPOSTotals@@@ATL@@WJE@AGKXZ 10001e22 f i Totals.obj
 0001:00000e2f       ?QueryInterface@?$CComContainedObject@VCOPOSTotals@@@ATL@@WJI@AGJABU_GUID@@PAPAX@Z 10001e2f f i Totals.obj
 0001:00000e3c       ?AddRef@?$CComContainedObject@VCOPOSTotals@@@ATL@@WJI@AGKXZ 10001e3c f i Totals.obj
 0001:00000e49       ?Release@?$CComContainedObject@VCOPOSTotals@@@ATL@@WJI@AGKXZ 10001e49 f i Totals.obj
 0001:00000e56       ?QueryInterface@?$CComContainedObject@VCOPOSTotals@@@ATL@@WJM@AGJABU_GUID@@PAPAX@Z 10001e56 f i Totals.obj
 0001:00000e63       ?AddRef@?$CComContainedObject@VCOPOSTotals@@@ATL@@WJM@AGKXZ 10001e63 f i Totals.obj
 0001:00000e70       ?Release@?$CComContainedObject@VCOPOSTotals@@@ATL@@WJM@AGKXZ 10001e70 f i Totals.obj
 0001:00000e7d       ?QueryInterface@?$CComContainedObject@VCOPOSTotals@@@ATL@@WKA@AGJABU_GUID@@PAPAX@Z 10001e7d f i Totals.obj
 0001:00000e8a       ?AddRef@?$CComContainedObject@VCOPOSTotals@@@ATL@@WKA@AGKXZ 10001e8a f i Totals.obj
 0001:00000e97       ?Release@?$CComContainedObject@VCOPOSTotals@@@ATL@@WKA@AGKXZ 10001e97 f i Totals.obj
 0001:00000ea4       ?AddRef@?$CComContainedObject@VCOPOSTotals@@@ATL@@WKI@AGKXZ 10001ea4 f i Totals.obj
 0001:00000eb1       ?Release@?$CComContainedObject@VCOPOSTotals@@@ATL@@WKI@AGKXZ 10001eb1 f i Totals.obj
 0001:00000ebe       ?AddRef@?$CComContainedObject@VCOPOSTotals@@@ATL@@WLE@AGKXZ 10001ebe f i Totals.obj
 0001:00000ecb       ?Release@?$CComContainedObject@VCOPOSTotals@@@ATL@@WLE@AGKXZ 10001ecb f i Totals.obj
 0001:00000ed8       ?GetWindowProc@?$CWindowImplBaseT@VCWindow@ATL@@V?$CWinTraits@$0FGAAAAAA@$0A@@2@@ATL@@UAEP6GJPAUHWND__@@IIJ@ZXZ 10001ed8 f i Totals.obj
 0001:00000ede       ?StartWindowProc@?$CWindowImplBaseT@VCWindow@ATL@@V?$CWinTraits@$0FGAAAAAA@$0A@@2@@ATL@@SGJPAUHWND__@@IIJ@Z 10001ede f i Totals.obj
 0001:00000f32       ?GetTypeInfoCount@?$IDispatchImpl@UIOPOSTotals@@$1?IID_IOPOSTotals@@3U_GUID@@B$1?LIBID_OposTotals_CCO@@3U3@B$00$0A@VCComTypeInfoHolder@ATL@@@ATL@@UAGJPAI@Z 10001f32 f i Totals.obj
 0001:00000f4f       ?GetTypeInfo@?$IDispatchImpl@UIOPOSTotals@@$1?IID_IOPOSTotals@@3U_GUID@@B$1?LIBID_OposTotals_CCO@@3U3@B$00$0A@VCComTypeInfoHolder@ATL@@@ATL@@UAGJIKPAPAUITypeInfo@@@Z 10001f4f f i Totals.obj
 0001:00000f73       ?GetIDsOfNames@?$IDispatchImpl@UIOPOSTotals@@$1?IID_IOPOSTotals@@3U_GUID@@B$1?LIBID_OposTotals_CCO@@3U3@B$00$0A@VCComTypeInfoHolder@ATL@@@ATL@@UAGJABU_GUID@@PAPA_WIKPAJ@Z 10001f73 f i Totals.obj
 0001:00000f93       ?Invoke@?$IDispatchImpl@UIOPOSTotals@@$1?IID_IOPOSTotals@@3U_GUID@@B$1?LIBID_OposTotals_CCO@@3U3@B$00$0A@VCComTypeInfoHolder@ATL@@@ATL@@UAGJJABU_GUID@@KGPAUtagDISPPARAMS@@PAUtagVARIANT@@PAUtagEXCEPINFO@@PAI@Z 10001f93 f i Totals.obj
 0001:00000fa1       ?CreateControlWindow@?$CComControl@VCOPOSTotals@@V?$CWindowImpl@VCOPOSTotals@@VCWindow@ATL@@V?$CWinTraits@$0FGAAAAAA@$0A@@3@@ATL@@@ATL@@UAEPAUHWND__@@PAU3@AAUtagRECT@@@Z 10001fa1 f i Totals.obj
 0001:00000fd0       ?ControlQueryInterface@?$CComControl@VCOPOSTotals@@V?$CWindowImpl@VCOPOSTotals@@VCWindow@ATL@@V?$CWinTraits@$0FGAAAAAA@$0A@@3@@ATL@@@ATL@@UAEJABU_GUID@@PAPAX@Z 10001fd0 f i Totals.obj
 0001:00000feb       ?GetUserClassID@?$IOleObjectImpl@VCOPOSTotals@@@ATL@@UAGJPAU_GUID@@@Z 10001feb f i Totals.obj
 0001:00000feb       ?GetClassID@?$IPersistStreamInitImpl@VCOPOSTotals@@@ATL@@UAGJPAU_GUID@@@Z 10001feb f i Totals.obj
 0001:00000feb       ?GetClassID@?$IPersistStorageImpl@VCOPOSTotals@@@ATL@@UAGJPAU_GUID@@@Z 10001feb f i Totals.obj
 0001:0000100f       ?IsDirty@?$IPersistStreamInitImpl@VCOPOSTotals@@@ATL@@UAGJXZ 1000200f f i Totals.obj
 0001:0000102e       ?Load@?$IPersistStreamInitImpl@VCOPOSTotals@@@ATL@@UAGJPAUIStream@@@Z 1000202e f i Totals.obj
 0001:0000104d       ?Save@?$IPersistStreamInitImpl@VCOPOSTotals@@@ATL@@UAGJPAUIStream@@H@Z 1000204d f i Totals.obj
 0001:0000106f       ?GetSizeMax@?$IPersistStreamInitImpl@VCOPOSTotals@@@ATL@@UAGJPAT_ULARGE_INTEGER@@@Z 1000206f f i Totals.obj
 0001:0000124e       ?InitNew@?$IPersistStreamInitImpl@VCOPOSTotals@@@ATL@@UAGJXZ 1000224e f i Totals.obj
 0001:0000126b       ?Unfreeze@?$IViewObjectExImpl@VCOPOSTotals@@@ATL@@UAGJK@Z 1000226b f i Totals.obj
 0001:0000126b       ?SetColorScheme@?$IOleObjectImpl@VCOPOSTotals@@@ATL@@UAGJPAUtagLOGPALETTE@@@Z 1000226b f i Totals.obj
 0001:0000126b       ?QueryGetData@?$IDataObjectImpl@VCOPOSTotals@@@ATL@@UAGJPAUtagFORMATETC@@@Z 1000226b f i Totals.obj
 0001:0000126b       ?GetDropTarget@?$IOleInPlaceObjectWindowlessImpl@VCOPOSTotals@@@ATL@@UAGJPAPAUIDropTarget@@@Z 1000226b f i Totals.obj
 0001:0000126b       ?ContextSensitiveHelp@?$IOleInPlaceActiveObjectImpl@VCOPOSTotals@@@ATL@@UAGJH@Z 1000226b f i Totals.obj
 0001:0000126b       ?ContextSensitiveHelp@?$IOleInPlaceObjectWindowlessImpl@VCOPOSTotals@@@ATL@@UAGJH@Z 1000226b f i Totals.obj
 0001:0000126b       ?OnMnemonic@?$IOleControlImpl@VCOPOSTotals@@@ATL@@UAGJPAUtagMSG@@@Z 1000226b f i Totals.obj
 0001:0000126b       ?GetControlInfo@?$IOleControlImpl@VCOPOSTotals@@@ATL@@UAGJPAUtagCONTROLINFO@@@Z 1000226b f i Totals.obj
 0001:0000126b       ?SOOutputCompleteDummy@COPOSTotals@@MAGJJ@Z 1000226b f i Totals.obj
 0001:0000126b       ?SODataDummy@COPOSTotals@@MAGJJ@Z 1000226b f i Totals.obj
 0001:00001273       ?OnAmbientPropertyChange@?$IOleControlImpl@VCOPOSTotals@@@ATL@@UAGJJ@Z 10002273 f i Totals.obj
 0001:00001273       ?EnableModeless@?$IOleInPlaceActiveObjectImpl@VCOPOSTotals@@@ATL@@UAGJH@Z 10002273 f i Totals.obj
 0001:00001273       ?OnFrameWindowActivate@?$IOleInPlaceActiveObjectImpl@VCOPOSTotals@@@ATL@@UAGJH@Z 10002273 f i Totals.obj
 0001:00001273       ?SaveCompleted@?$IPersistStorageImpl@VCOPOSTotals@@@ATL@@UAGJPAUIStorage@@@Z 10002273 f i Totals.obj
 0001:00001278       ?SetClientSite@?$IOleObjectImpl@VCOPOSTotals@@@ATL@@UAGJPAUIOleClientSite@@@Z 10002278 f i Totals.obj
 0001:00001295       ?GetClientSite@?$IOleObjectImpl@VCOPOSTotals@@@ATL@@UAGJPAPAUIOleClientSite@@@Z 10002295 f i Totals.obj
 0001:000012b2       ?SetHostNames@?$IOleObjectImpl@VCOPOSTotals@@@ATL@@UAGJPB_W0@Z 100022b2 f i Totals.obj
 0001:000012b7       ?Close@?$IOleObjectImpl@VCOPOSTotals@@@ATL@@UAGJK@Z 100022b7 f i Totals.obj
 0001:000012d4       ?SetMoniker@?$IOleObjectImpl@VCOPOSTotals@@@ATL@@UAGJKPAUIMoniker@@@Z 100022d4 f i Totals.obj
 0001:000012d4       ?EnumFormatEtc@?$IDataObjectImpl@VCOPOSTotals@@@ATL@@UAGJKPAPAUIEnumFORMATETC@@@Z 100022d4 f i Totals.obj
 0001:000012d4       ?GetRect@?$IViewObjectExImpl@VCOPOSTotals@@@ATL@@UAGJKPAU_RECTL@@@Z 100022d4 f i Totals.obj
 0001:000012d4       ?GetClipboardData@?$IOleObjectImpl@VCOPOSTotals@@@ATL@@UAGJKPAPAUIDataObject@@@Z 100022d4 f i Totals.obj
 0001:000012d4       ?QueryInterface@CRegObject@ATL@@UAGJABU_GUID@@PAPAX@Z 100022d4 f i Totals.obj
 0001:000012d4       ?GetDataHere@?$IDataObjectImpl@VCOPOSTotals@@@ATL@@UAGJPAUtagFORMATETC@@PAUtagSTGMEDIUM@@@Z 100022d4 f i Totals.obj
 0001:000012d4       ?GetCanonicalFormatEtc@?$IDataObjectImpl@VCOPOSTotals@@@ATL@@UAGJPAUtagFORMATETC@@0@Z 100022d4 f i Totals.obj
 0001:000012dc       ?GetMoniker@?$IOleObjectImpl@VCOPOSTotals@@@ATL@@UAGJKKPAPAUIMoniker@@@Z 100022dc f i Totals.obj
 0001:000012dc       ?InitFromData@?$IOleObjectImpl@VCOPOSTotals@@@ATL@@UAGJPAUIDataObject@@HK@Z 100022dc f i Totals.obj
 0001:000012dc       ?SetData@?$IDataObjectImpl@VCOPOSTotals@@@ATL@@UAGJPAUtagFORMATETC@@PAUtagSTGMEDIUM@@H@Z 100022dc f i Totals.obj
 0001:000012e4       ?DoVerb@?$IOleObjectImpl@VCOPOSTotals@@@ATL@@UAGJJPAUtagMSG@@PAUIOleClientSite@@JPAUHWND__@@PBUtagRECT@@@Z 100022e4 f i Totals.obj
 0001:000013d8       ?EnumVerbs@?$IOleObjectImpl@VCOPOSTotals@@@ATL@@UAGJPAPAUIEnumOLEVERB@@@Z 100023d8 f i Totals.obj
 0001:000013fa       ?HandsOffStorage@?$IPersistStorageImpl@VCOPOSTotals@@@ATL@@UAGJXZ 100023fa f i Totals.obj
 0001:000013fa       ?Update@?$IOleObjectImpl@VCOPOSTotals@@@ATL@@UAGJXZ 100023fa f i Totals.obj
 0001:000013fa       ?IsUpToDate@?$IOleObjectImpl@VCOPOSTotals@@@ATL@@UAGJXZ 100023fa f i Totals.obj
 0001:000013fa       ?Release@CRegObject@ATL@@UAGKXZ 100023fa f i Totals.obj
 0001:000013ff       ?GetUserType@?$IOleObjectImpl@VCOPOSTotals@@@ATL@@UAGJKPAPA_W@Z 100023ff f i Totals.obj
 0001:00001417       ?SetExtent@?$IOleObjectImpl@VCOPOSTotals@@@ATL@@UAGJKPAUtagSIZE@@@Z 10002417 f i Totals.obj
 0001:00001437       ?GetExtent@?$IOleObjectImpl@VCOPOSTotals@@@ATL@@UAGJKPAUtagSIZE@@@Z 10002437 f i Totals.obj
 0001:00001475       ?Advise@?$IOleObjectImpl@VCOPOSTotals@@@ATL@@UAGJPAUIAdviseSink@@PAK@Z 10002475 f i Totals.obj
 0001:00001495       ?Unadvise@?$IOleObjectImpl@VCOPOSTotals@@@ATL@@UAGJK@Z 10002495 f i Totals.obj
 0001:000014c4       ?EnumAdvise@?$IOleObjectImpl@VCOPOSTotals@@@ATL@@UAGJPAPAUIEnumSTATDATA@@@Z 100024c4 f i Totals.obj
 0001:00001504       ?GetMiscStatus@?$IOleObjectImpl@VCOPOSTotals@@@ATL@@UAGJKPAK@Z 10002504 f i Totals.obj
 0001:0000151c       ?GetWindow@?$IOleInPlaceActiveObjectImpl@VCOPOSTotals@@@ATL@@UAGJPAPAUHWND__@@@Z 1000251c f i Totals.obj
 0001:00001569       ?TranslateAcceleratorW@?$IOleInPlaceActiveObjectImpl@VCOPOSTotals@@@ATL@@UAGJPAUtagMSG@@@Z 10002569 f i Totals.obj
 0001:00001617       ?OnDocWindowActivate@?$IOleInPlaceActiveObjectImpl@VCOPOSTotals@@@ATL@@UAGJH@Z 10002617 f i Totals.obj
 0001:00001639       ?ResizeBorder@?$IOleInPlaceActiveObjectImpl@VCOPOSTotals@@@ATL@@UAGJPBUtagRECT@@PAUIOleInPlaceUIWindow@@H@Z 10002639 f i Totals.obj
 0001:0000163e       ?Draw@?$IViewObjectExImpl@VCOPOSTotals@@@ATL@@UAGJKJPAXPAUtagDVTARGETDEVICE@@PAUHDC__@@2PBU_RECTL@@3P6GHK@ZK@Z 1000263e f i Totals.obj
 0001:00001670       ?GetColorSet@?$IViewObjectExImpl@VCOPOSTotals@@@ATL@@UAGJKJPAXPAUtagDVTARGETDEVICE@@PAUHDC__@@PAPAUtagLOGPALETTE@@@Z 10002670 f i Totals.obj
 0001:00001678       ?SOErrorDummy@COPOSTotals@@MAGJJJJPAJ@Z 10002678 f i Totals.obj
 0001:00001678       ?Freeze@?$IViewObjectExImpl@VCOPOSTotals@@@ATL@@UAGJKJPAXPAK@Z 10002678 f i Totals.obj
 0001:00001680       ?SetAdvise@?$IViewObjectExImpl@VCOPOSTotals@@@ATL@@UAGJKKPAUIAdviseSink@@@Z 10002680 f i Totals.obj
 0001:0000169f       ?GetAdvise@?$IViewObjectExImpl@VCOPOSTotals@@@ATL@@UAGJPAK0PAPAUIAdviseSink@@@Z 1000269f f i Totals.obj
 0001:000016d4       ?GetExtent@?$IViewObjectExImpl@VCOPOSTotals@@@ATL@@UAGJKJPAUtagDVTARGETDEVICE@@PAUtagSIZE@@@Z 100026d4 f i Totals.obj
 0001:00001705       ?GetViewStatus@?$IViewObjectExImpl@VCOPOSTotals@@@ATL@@UAGJPAK@Z 10002705 f i Totals.obj
 0001:00001722       ?QueryHitPoint@?$IViewObjectExImpl@VCOPOSTotals@@@ATL@@UAGJKPBUtagRECT@@UtagPOINT@@JPAK@Z 10002722 f i Totals.obj
 0001:00001763       ?QueryHitRect@?$IViewObjectExImpl@VCOPOSTotals@@@ATL@@UAGJKPBUtagRECT@@0JPAK@Z 10002763 f i Totals.obj
 0001:000017be       ?GetNaturalExtent@?$IViewObjectExImpl@VCOPOSTotals@@@ATL@@UAGJKJPAUtagDVTARGETDEVICE@@PAUHDC__@@PAUtagExtentInfo@@PAUtagSIZE@@@Z 100027be f i Totals.obj
 0001:00001809       ?GetWindow@?$IOleInPlaceObjectWindowlessImpl@VCOPOSTotals@@@ATL@@UAGJPAPAUHWND__@@@Z 10002809 f i Totals.obj
 0001:00001856       ?InPlaceDeactivate@?$IOleInPlaceObjectWindowlessImpl@VCOPOSTotals@@@ATL@@UAGJXZ 10002856 f i Totals.obj
 0001:00001870       ?UIDeactivate@?$IOleInPlaceObjectWindowlessImpl@VCOPOSTotals@@@ATL@@UAGJXZ 10002870 f i Totals.obj
 0001:0000188a       ?SetObjectRects@?$IOleInPlaceObjectWindowlessImpl@VCOPOSTotals@@@ATL@@UAGJPBUtagRECT@@0@Z 1000288a f i Totals.obj
 0001:000018aa       ?ReactivateAndUndo@?$IOleInPlaceObjectWindowlessImpl@VCOPOSTotals@@@ATL@@UAGJXZ 100028aa f i Totals.obj
 0001:000018b2       ?OnWindowMessage@?$IOleInPlaceObjectWindowlessImpl@VCOPOSTotals@@@ATL@@UAGJIIJPAJ@Z 100028b2 f i Totals.obj
 0001:00001922       ?EnumConnectionPoints@?$IConnectionPointContainerImpl@VCOPOSTotals@@@ATL@@UAGJPAPAUIEnumConnectionPoints@@@Z 10002922 f i Totals.obj
 0001:00001ab2       ?FindConnectionPoint@?$IConnectionPointContainerImpl@VCOPOSTotals@@@ATL@@UAGJABU_GUID@@PAPAUIConnectionPoint@@@Z 10002ab2 f i Totals.obj
 0001:00001b55       ?IsDirty@?$IPersistStorageImpl@VCOPOSTotals@@@ATL@@UAGJXZ 10002b55 f i Totals.obj
 0001:00001b85       ?InitNew@?$IPersistStorageImpl@VCOPOSTotals@@@ATL@@UAGJPAUIStorage@@@Z 10002b85 f i Totals.obj
 0001:00001bb5       ?Load@?$IPersistStorageImpl@VCOPOSTotals@@@ATL@@UAGJPAUIStorage@@@Z 10002bb5 f i Totals.obj
 0001:00001c21       ?Save@?$IPersistStorageImpl@VCOPOSTotals@@@ATL@@UAGJPAUIStorage@@H@Z 10002c21 f i Totals.obj
 0001:00001c94       ?GetPages@?$ISpecifyPropertyPagesImpl@VCOPOSTotals@@@ATL@@UAGJPAUtagCAUUID@@@Z 10002c94 f i Totals.obj
 0001:00001cab       ?QuickActivate@?$IQuickActivateImpl@VCOPOSTotals@@@ATL@@UAGJPAUtagQACONTAINER@@PAUtagQACONTROL@@@Z 10002cab f i Totals.obj
 0001:00001cce       ?SetContentExtent@?$IQuickActivateImpl@VCOPOSTotals@@@ATL@@UAGJPAUtagSIZE@@@Z 10002cce f i Totals.obj
 0001:00001cfa       ?GetContentExtent@?$IQuickActivateImpl@VCOPOSTotals@@@ATL@@UAGJPAUtagSIZE@@@Z 10002cfa f i Totals.obj
 0001:00001d36       ?GetData@?$IDataObjectImpl@VCOPOSTotals@@@ATL@@UAGJPAUtagFORMATETC@@PAUtagSTGMEDIUM@@@Z 10002d36 f i Totals.obj
 0001:00001d59       ?DAdvise@?$IDataObjectImpl@VCOPOSTotals@@@ATL@@UAGJPAUtagFORMATETC@@KPAUIAdviseSink@@PAK@Z 10002d59 f i Totals.obj
 0001:00001d9a       ?DUnadvise@?$IDataObjectImpl@VCOPOSTotals@@@ATL@@UAGJK@Z 10002d9a f i Totals.obj
 0001:00001dc8       ?EnumDAdvise@?$IDataObjectImpl@VCOPOSTotals@@@ATL@@UAGJPAPAUIEnumSTATDATA@@@Z 10002dc8 f i Totals.obj
 0001:00001e07       ?GetClassInfoW@?$IProvideClassInfo2Impl@$1?CLSID_OPOSTotals@@3U_GUID@@B$1?DIID__IOPOSTotalsEvents@@3U2@B$1?LIBID_OposTotals_CCO@@3U2@B$00$0A@VCComTypeInfoHolder@ATL@@@ATL@@UAGJPAPAUITypeInfo@@@Z 10002e07 f i Totals.obj
 0001:00001e1d       ?GetGUID@?$IProvideClassInfo2Impl@$1?CLSID_OPOSTotals@@3U_GUID@@B$1?DIID__IOPOSTotalsEvents@@3U2@B$1?LIBID_OposTotals_CCO@@3U2@B$00$0A@VCComTypeInfoHolder@ATL@@@ATL@@UAGJKPAU_GUID@@@Z 10002e1d f i Totals.obj
 0001:00001e5b       __get_startup_argv_mode    10002e5b f i LIBCMT:argv_mode.obj
 0001:00001e5b       ?FAccessAllowed@?$IObjectSafetyImpl@VCOPOSTotals@@$02@ATL@@MAEHXZ 10002e5b f i Totals.obj
 0001:00001e5f       ?GetInterfaceSafetyOptions@?$IObjectSafetyImpl@VCOPOSTotals@@$02@ATL@@UAGJABU_GUID@@PAK1@Z 10002e5f f i Totals.obj
 0001:00001ed2       ?SetInterfaceSafetyOptions@?$IObjectSafetyImpl@VCOPOSTotals@@$02@ATL@@UAGJABU_GUID@@KK@Z 10002ed2 f i Totals.obj
 0001:00001f4c       ?Lock@CAtlModule@ATL@@UAEJXZ 10002f4c f i Totals.obj
 0001:00001f56       ?Unlock@CAtlModule@ATL@@UAEJXZ 10002f56 f i Totals.obj
 0001:00001f60       ?GetLockCount@CAtlModule@ATL@@UAEJXZ 10002f60 f i Totals.obj
 0001:00001f64       ?GetGITPtr@CAtlModule@ATL@@UAEJPAPAUIGlobalInterfaceTable@@@Z 10002f64 f i Totals.obj
 0001:00001fb0       ?_LocCPQueryInterface@?$IConnectionPointImpl@VCOPOSTotals@@$1?IID_IPropertyNotifySink@@3U_GUID@@BVCComDynamicUnkArray@ATL@@@ATL@@UAGJABU_GUID@@PAPAX@Z 10002fb0 f i Totals.obj
 0001:00001fb0       ?_LocCPQueryInterface@?$IConnectionPointImpl@VCOPOSTotals@@$1?DIID__IOPOSTotalsEvents@@3U_GUID@@BVCComDynamicUnkArray@ATL@@@ATL@@UAGJABU_GUID@@PAPAX@Z 10002fb0 f i Totals.obj
 0001:00001ffd       ?GetConnectionInterface@?$IConnectionPointImpl@VCOPOSTotals@@$1?IID_IPropertyNotifySink@@3U_GUID@@BVCComDynamicUnkArray@ATL@@@ATL@@UAGJPAU_GUID@@@Z 10002ffd f i Totals.obj
 0001:00002021       ?GetConnectionPointContainer@?$IConnectionPointImpl@VCOPOSTotals@@$1?IID_IPropertyNotifySink@@3U_GUID@@BVCComDynamicUnkArray@ATL@@@ATL@@UAGJPAPAUIConnectionPointContainer@@@Z 10003021 f i Totals.obj
 0001:00002044       ?Advise@?$IConnectionPointImpl@VCOPOSTotals@@$1?DIID__IOPOSTotalsEvents@@3U_GUID@@BVCComDynamicUnkArray@ATL@@@ATL@@UAGJPAUIUnknown@@PAK@Z 10003044 f i Totals.obj
 0001:00002044       ?Advise@?$IConnectionPointImpl@VCOPOSTotals@@$1?IID_IPropertyNotifySink@@3U_GUID@@BVCComDynamicUnkArray@ATL@@@ATL@@UAGJPAUIUnknown@@PAK@Z 10003044 f i Totals.obj
 0001:000020e4       ?Unadvise@?$IConnectionPointImpl@VCOPOSTotals@@$1?IID_IPropertyNotifySink@@3U_GUID@@BVCComDynamicUnkArray@ATL@@@ATL@@UAGJK@Z 100030e4 f i Totals.obj
 0001:000020e4       ?Unadvise@?$IConnectionPointImpl@VCOPOSTotals@@$1?DIID__IOPOSTotalsEvents@@3U_GUID@@BVCComDynamicUnkArray@ATL@@@ATL@@UAGJK@Z 100030e4 f i Totals.obj
 0001:00002124       ?EnumConnections@?$IConnectionPointImpl@VCOPOSTotals@@$1?IID_IPropertyNotifySink@@3U_GUID@@BVCComDynamicUnkArray@ATL@@@ATL@@UAGJPAPAUIEnumConnections@@@Z 10003124 f i Totals.obj
 0001:00002124       ?EnumConnections@?$IConnectionPointImpl@VCOPOSTotals@@$1?DIID__IOPOSTotalsEvents@@3U_GUID@@BVCComDynamicUnkArray@ATL@@@ATL@@UAGJPAPAUIEnumConnections@@@Z 10003124 f i Totals.obj
 0001:00002227       ?GetConnectionInterface@?$IConnectionPointImpl@VCOPOSTotals@@$1?DIID__IOPOSTotalsEvents@@3U_GUID@@BVCComDynamicUnkArray@ATL@@@ATL@@UAGJPAU_GUID@@@Z 10003227 f i Totals.obj
 0001:0000224b       ?GetConnectionPointContainer@?$IConnectionPointImpl@VCOPOSTotals@@$1?DIID__IOPOSTotalsEvents@@3U_GUID@@BVCComDynamicUnkArray@ATL@@@ATL@@UAGJPAPAUIConnectionPointContainer@@@Z 1000324b f i Totals.obj
 0001:0000226e       ?AddCommonRGSReplacements@?$CAtlModuleT@VCComModule@ATL@@@ATL@@UAEJPAUIRegistrarBase@@@Z 1000326e f i Totals.obj
 0001:00002288       ?UpdateRegistry@COPOSTotals@@SGJH@Z 10003288 f i Totals.obj
 0001:000022a0       ?ProcessWindowMessage@COPOSTotals@@UAEHPAUHWND__@@IIJAAJK@Z 100032a0 f i Totals.obj
 0001:000022ed       ?SODirectIO@COPOSTotals@@MAGJJPAJPAPA_W@Z 100032ed f i Totals.obj
 0001:00002336       ?SOStatusUpdate@COPOSTotals@@MAGJJ@Z 10003336 f i Totals.obj
 0001:0000236f       ?UpdateRegistryFromResourceD@CComModule@ATL@@UAGJPB_WHPAU_ATL_REGMAP_ENTRY@2@@Z 1000336f f i Totals.obj
 0001:0000236f       ?UpdateRegistryFromResourceD@CComModule@ATL@@UAGJIHPAU_ATL_REGMAP_ENTRY@2@@Z 1000336f f i Totals.obj
 0001:00002377       ?UpdateRegistryFromResource@CComModule@ATL@@UAGJPB_WHPAU_ATL_REGMAP_ENTRY@2@@Z 10003377 f i Totals.obj
 0001:00002380       ?UpdateRegistryFromResource@CComModule@ATL@@UAGJIHPAU_ATL_REGMAP_ENTRY@2@@Z 10003380 f i Totals.obj
 0001:00002389       ??_ECComModule@ATL@@UAEPAXI@Z 10003389 f i Totals.obj
 0001:00002389       ??_GCComModule@ATL@@UAEPAXI@Z 10003389 f i Totals.obj
 0001:000023b1       ?CreateInstance@?$CComCreator@V?$CComObjectCached@VCComClassFactory@ATL@@@ATL@@@ATL@@SGJPAXABU_GUID@@PAPAX@Z 100033b1 f i Totals.obj
 0001:00002452       ?CreateInstance@?$CComCreator2@V?$CComCreator@V?$CComObject@VCOPOSTotals@@@ATL@@@ATL@@V?$CComCreator@V?$CComAggObject@VCOPOSTotals@@@ATL@@@2@@ATL@@SGJPAXABU_GUID@@PAPAX@Z 10003452 f i Totals.obj
 0001:00002472       ?AddRef@?$CComObjectCached@VCComClassFactory@ATL@@@ATL@@UAGKXZ 10003472 f i Totals.obj
 0001:00002499       ?Release@?$CComObjectCached@VCComClassFactory@ATL@@@ATL@@UAGKXZ 10003499 f i Totals.obj
 0001:000024cf       ?QueryInterface@?$CComObjectCached@VCComClassFactory@ATL@@@ATL@@UAGJABU_GUID@@PAPAX@Z 100034cf f i Totals.obj
 0001:000024e9       ??_G?$CComObjectCached@VCComClassFactory@ATL@@@ATL@@UAEPAXI@Z 100034e9 f i Totals.obj
 0001:000024e9       ??_E?$CComObjectCached@VCComClassFactory@ATL@@@ATL@@UAEPAXI@Z 100034e9 f i Totals.obj
 0001:0000250b       ?Next@?$CComEnumImpl@UIEnumConnectionPoints@@$1?_GUID_b196b285_bab4_101a_b69c_00aa00341d07@@3U__s_GUID@@BPAUIConnectionPoint@@V?$_CopyInterface@UIConnectionPoint@@@ATL@@@ATL@@UAGJKPAPAUIConnectionPoint@@PAK@Z 1000350b f i Totals.obj
 0001:000025da       ?Skip@?$CComEnumImpl@UIEnumConnectionPoints@@$1?_GUID_b196b285_bab4_101a_b69c_00aa00341d07@@3U__s_GUID@@BPAUIConnectionPoint@@V?$_CopyInterface@UIConnectionPoint@@@ATL@@@ATL@@UAGJK@Z 100035da f i Totals.obj
 0001:00002607       ?Clone@?$CComEnumImpl@UIEnumConnectionPoints@@$1?_GUID_b196b285_bab4_101a_b69c_00aa00341d07@@3U__s_GUID@@BPAUIConnectionPoint@@V?$_CopyInterface@UIConnectionPoint@@@ATL@@@ATL@@UAGJPAPAUIEnumConnectionPoints@@@Z 10003607 f i Totals.obj
 0001:000026e8       ?QueryInterface@?$CComObject@V?$CComEnum@UIEnumConnectionPoints@@$1?_GUID_b196b285_bab4_101a_b69c_00aa00341d07@@3U__s_GUID@@BPAUIConnectionPoint@@V?$_CopyInterface@UIConnectionPoint@@@ATL@@VCComSingleThreadModel@6@@ATL@@@ATL@@UAGJABU_GUID@@PAPAX@Z 100036e8 f i Totals.obj
 0001:00002702       ??_G?$CComObject@V?$CComEnum@UIEnumConnectionPoints@@$1?_GUID_b196b285_bab4_101a_b69c_00aa00341d07@@3U__s_GUID@@BPAUIConnectionPoint@@V?$_CopyInterface@UIConnectionPoint@@@ATL@@VCComSingleThreadModel@6@@ATL@@@ATL@@UAEPAXI@Z 10003702 f i Totals.obj
 0001:00002702       ??_E?$CComObject@V?$CComEnum@UIEnumConnectionPoints@@$1?_GUID_b196b285_bab4_101a_b69c_00aa00341d07@@3U__s_GUID@@BPAUIConnectionPoint@@V?$_CopyInterface@UIConnectionPoint@@@ATL@@VCComSingleThreadModel@6@@ATL@@@ATL@@UAEPAXI@Z 10003702 f i Totals.obj
 0001:00002724       ?AddRef@CRegObject@ATL@@UAGKXZ 10003724 f i Totals.obj
 0001:0000272a       ?AddReplacement@CRegObject@ATL@@UAGJPB_W0@Z 1000372a f i Totals.obj
 0001:00002763       ?ClearReplacements@CRegObject@ATL@@UAGJXZ 10003763 f i Totals.obj
 0001:00002775       ??_GCRegObject@ATL@@UAEPAXI@Z 10003775 f i Totals.obj
 0001:00002775       ??_ECRegObject@ATL@@UAEPAXI@Z 10003775 f i Totals.obj
 0001:00002797       ?AddRef@?$CComAggObject@VCOPOSTotals@@@ATL@@UAGKXZ 10003797 f i Totals.obj
 0001:000027a8       ?Release@?$CComAggObject@VCOPOSTotals@@@ATL@@UAGKXZ 100037a8 f i Totals.obj
 0001:000027e4       ?QueryInterface@?$CComAggObject@VCOPOSTotals@@@ATL@@UAGJABU_GUID@@PAPAX@Z 100037e4 f i Totals.obj
 0001:00002833       ?AddRef@?$CComContainedObject@VCOPOSTotals@@@ATL@@UAGKXZ 10003833 f i Totals.obj
 0001:00002849       ?Release@?$CComContainedObject@VCOPOSTotals@@@ATL@@UAGKXZ 10003849 f i Totals.obj
 0001:0000285f       ?QueryInterface@?$CComContainedObject@VCOPOSTotals@@@ATL@@UAGJABU_GUID@@PAPAX@Z 1000385f f i Totals.obj
 0001:0000287a       ??_E?$CComAggObject@VCOPOSTotals@@@ATL@@UAEPAXI@Z 1000387a f i Totals.obj
 0001:0000287a       ??_G?$CComAggObject@VCOPOSTotals@@@ATL@@UAEPAXI@Z 1000387a f i Totals.obj
 0001:0000289f       ?AddRef@?$CComObject@VCOPOSTotals@@@ATL@@UAGKXZ 1000389f f i Totals.obj
 0001:000028b6       ?Release@?$CComObject@VCOPOSTotals@@@ATL@@UAGKXZ 100038b6 f i Totals.obj
 0001:000028f8       ?QueryInterface@?$CComObject@VCOPOSTotals@@@ATL@@UAGJABU_GUID@@PAPAX@Z 100038f8 f i Totals.obj
 0001:00002912       ??$?4UITypeInfo2@@@?$CComPtr@UITypeInfo@@@ATL@@QAEPAUITypeInfo@@ABV?$CComPtr@UITypeInfo2@@@1@@Z 10003912 f i Totals.obj
 0001:0000293f       ??$AtlAdd@K@ATL@@YAJPAKKK@Z 1000393f f i Totals.obj
 0001:00002962       ??$AtlAdd@_K@ATL@@YAJPA_K_K1@Z 10003962 f i Totals.obj
 0001:0000299a       ??$AtlAddThrow@K@ATL@@YAKKK@Z 1000399a f i Totals.obj
 0001:000029c0       ??$AtlModuleRegisterWndClassInfoT@VAtlModuleRegisterWndClassInfoParamW@ATL@@@ATL@@YAGPAU_ATL_BASE_MODULE70@0@PAU_ATL_WIN_MODULE70@0@PAU_ATL_WNDCLASSINFOW@0@PAP6GJPAUHWND__@@IIJ@ZVAtlModuleRegisterWndClassInfoParamW@0@@Z 100039c0 f i Totals.obj
 0001:00002b0d       ??$AtlMultiply@H@ATL@@YAJPAHHH@Z 10003b0d f i Totals.obj
 0001:00002b45       ??$AtlMultiply@I@ATL@@YAJPAIII@Z 10003b45 f i Totals.obj
 0001:00002b45       ??$AtlMultiply@K@ATL@@YAJPAKKK@Z 10003b45 f i Totals.obj
 0001:00002b67       ??$AtlMultiplyThrow@I@ATL@@YAIII@Z 10003b67 f i Totals.obj
 0001:00002b8d       ??0?$CComAggObject@VCOPOSTotals@@@ATL@@QAE@PAX@Z 10003b8d f i Totals.obj
 0001:00002bba       ??0?$CComContainedObject@VCOPOSTotals@@@ATL@@QAE@PAX@Z 10003bba f i Totals.obj
 0001:00002c73       ??0?$CComObject@V?$CComEnum@UIEnumConnectionPoints@@$1?_GUID_b196b285_bab4_101a_b69c_00aa00341d07@@3U__s_GUID@@BPAUIConnectionPoint@@V?$_CopyInterface@UIConnectionPoint@@@ATL@@VCComSingleThreadModel@6@@ATL@@@ATL@@QAE@PAX@Z 10003c73 f i Totals.obj
 0001:00002ca1       ??0?$CComObject@V?$CComEnum@UIEnumConnections@@$1?_GUID_b196b287_bab4_101a_b69c_00aa00341d07@@3U__s_GUID@@BUtagCONNECTDATA@@V?$_Copy@UtagCONNECTDATA@@@ATL@@VCComSingleThreadModel@6@@ATL@@@ATL@@QAE@PAX@Z 10003ca1 f i Totals.obj
 0001:00002ccf       ??0?$CComObject@VCOPOSTotals@@@ATL@@QAE@PAX@Z 10003ccf f i Totals.obj
 0001:00002d86       ??0?$CComQIPtr@UIOleControlSite@@$1?_GUID_b196b289_bab4_101a_b69c_00aa00341d07@@3U__s_GUID@@B@ATL@@QAE@PAUIUnknown@@@Z 10003d86 f i Totals.obj
 0001:00002daf       ??0CAtlModule@ATL@@QAE@XZ  10003daf f i Totals.obj
 0001:00002df0       ??0CParseBuffer@CRegParser@ATL@@QAE@H@Z 10003df0 f i Totals.obj
 0001:00002e26       ??0_ATL_MSG@ATL@@QAE@PAUHWND__@@IIJH@Z 10003e26 f i Totals.obj
 0001:00002e5e       ??1?$CComAggObject@VCOPOSTotals@@@ATL@@UAE@XZ 10003e5e f i Totals.obj
 0001:00002e82       ??1?$CComEnumImpl@UIEnumConnectionPoints@@$1?_GUID_b196b285_bab4_101a_b69c_00aa00341d07@@3U__s_GUID@@BPAUIConnectionPoint@@V?$_CopyInterface@UIConnectionPoint@@@ATL@@@ATL@@UAE@XZ 10003e82 f i Totals.obj
 0001:00002ebe       ??1?$CComEnumImpl@UIEnumConnections@@$1?_GUID_b196b287_bab4_101a_b69c_00aa00341d07@@3U__s_GUID@@BUtagCONNECTDATA@@V?$_Copy@UtagCONNECTDATA@@@ATL@@@ATL@@UAE@XZ 10003ebe f i Totals.obj
 0001:00002efa       ??1?$CComObject@V?$CComEnum@UIEnumConnectionPoints@@$1?_GUID_b196b285_bab4_101a_b69c_00aa00341d07@@3U__s_GUID@@BPAUIConnectionPoint@@V?$_CopyInterface@UIConnectionPoint@@@ATL@@VCComSingleThreadModel@6@@ATL@@@ATL@@UAE@XZ 10003efa f i Totals.obj
 0001:00002f1d       ??1?$CComObject@V?$CComEnum@UIEnumConnections@@$1?_GUID_b196b287_bab4_101a_b69c_00aa00341d07@@3U__s_GUID@@BUtagCONNECTDATA@@V?$_Copy@UtagCONNECTDATA@@@ATL@@VCComSingleThreadModel@6@@ATL@@@ATL@@UAE@XZ 10003f1d f i Totals.obj
 0001:00002f40       ??1?$CComObject@VCOPOSTotals@@@ATL@@UAE@XZ 10003f40 f i Totals.obj
 0001:00002ffe       ??1?$CComObjectCached@VCComClassFactory@ATL@@@ATL@@UAE@XZ 10003ffe f i Totals.obj
 0001:00003014       ??1?$CComObjectRootEx@VCComMultiThreadModel@ATL@@@ATL@@QAE@XZ 10004014 f i Totals.obj
 0001:00003029       ??1CRegObject@ATL@@UAE@XZ  10004029 f i Totals.obj
 0001:00003049       ??4?$CComPtr@UIOleClientSite@@@ATL@@QAEPAUIOleClientSite@@PAU2@@Z 10004049 f i Totals.obj
 0001:00003049       ??4?$CComPtr@UIAdviseSink@@@ATL@@QAEPAUIAdviseSink@@PAU2@@Z 10004049 f i Totals.obj
 0001:00003049       ??4?$CComPtr@UIUnknown@@@ATL@@QAEPAUIUnknown@@PAU2@@Z 10004049 f i Totals.obj
 0001:00003077       ??_G?$CComContainedObject@VCOPOSTotals@@@ATL@@UAEPAXI@Z 10004077 f i Totals.obj
 0001:00003077       ??_E?$CComContainedObject@VCOPOSTotals@@@ATL@@UAEPAXI@Z 10004077 f i Totals.obj
 0001:0000309c       ??_E?$CComObject@VCOPOSTotals@@@ATL@@UAEPAXI@Z 1000409c f i Totals.obj
 0001:0000309c       ??_G?$CComObject@VCOPOSTotals@@@ATL@@UAEPAXI@Z 1000409c f i Totals.obj
 0001:000030c1       ?Add@?$CSimpleArray@GV?$CSimpleArrayEqualHelper@G@ATL@@@ATL@@QAEHABG@Z 100040c1 f i Totals.obj
 0001:0000313b       ?Add@?$CSimpleMap@PA_WPA_WVCExpansionVectorEqualHelper@ATL@@@ATL@@QAEHABQA_W0@Z 1000413b f i Totals.obj
 0001:00003190       ?Add@CComDynamicUnkArray@ATL@@QAEKPAUIUnknown@@@Z 10004190 f i Totals.obj
 0001:00003241       ?Add@CExpansionVector@ATL@@QAEHPB_W0@Z 10004241 f i Totals.obj
 0001:0000334a       ?AddString@CParseBuffer@CRegParser@ATL@@QAEHPB_W@Z 1000434a f i Totals.obj
 0001:0000337f       ?AddTermFunc@CAtlModule@ATL@@QAEJP6GXK@ZK@Z 1000437f f i Totals.obj
 0001:000033eb       ?AddValue@CRegParser@ATL@@IAEJAAVCRegKey@2@PB_WPA_W@Z 100043eb f i Totals.obj
 0001:00003705       ?Allocate@?$CAtlSafeAllocBufferManager@VCCRTAllocator@ATL@@@_ATL_SAFE_ALLOCA_IMPL@ATL@@QAEPAXK@Z 10004705 f i Totals.obj
 0001:00003732       ?Allocate@?$CTempBuffer@E$0BAA@VCCRTAllocator@ATL@@@ATL@@QAEPAEI@Z 10004732 f i Totals.obj
 0001:00003761       ?Allocate@?$CTempBuffer@_W$0BAA@VCCRTAllocator@ATL@@@ATL@@QAEPA_WI@Z 10004761 f i Totals.obj
 0001:00003790       ?Allocate@?$CTempBuffer@_W$0EAA@VCCRTAllocator@ATL@@@ATL@@QAEPA_WI@Z 10004790 f i Totals.obj
 0001:000037bf       ?AllocateHeap@?$CTempBuffer@E$0BAA@VCCRTAllocator@ATL@@@ATL@@AAEXI@Z 100047bf f i Totals.obj
 0001:000037bf       ?AllocateHeap@?$CTempBuffer@_W$0BAA@VCCRTAllocator@ATL@@@ATL@@AAEXI@Z 100047bf f i Totals.obj
 0001:000037bf       ?AllocateHeap@?$CTempBuffer@_W$0EAA@VCCRTAllocator@ATL@@@ATL@@AAEXI@Z 100047bf f i Totals.obj
 0001:000037e4       ?Append@CParseBuffer@CRegParser@ATL@@QAEHPB_WH@Z 100047e4 f i Totals.obj
 0001:00003870       ?AtlCoTaskMemCAlloc@ATL@@YAPAXKK@Z 10004870 f i Totals.obj
 0001:0000389d       ?AtlCoTaskMemRecalloc@ATL@@YAPAXPAXKK@Z 1000489d f i Totals.obj
 0001:000038cd       ?AtlComModuleGetClassObject@ATL@@YGJPAU_ATL_COM_MODULE70@1@ABU_GUID@@1PAPAX@Z 100048cd f i Totals.obj
 0001:000039c2       ?AtlComModuleRegisterServer@ATL@@YGJPAU_ATL_COM_MODULE70@1@HPBU_GUID@@@Z 100049c2 f i Totals.obj
 0001:00003a4a       ?AtlComModuleUnregisterServer@ATL@@YGJPAU_ATL_COM_MODULE70@1@HPBU_GUID@@@Z 10004a4a f i Totals.obj
 0001:00003ad2       ?AtlComQIPtrAssign2@ATL@@YAXPAPAUIUnknown@@PAU2@ABU_GUID@@@Z 10004ad2 f i Totals.obj
 0001:00003b01       ?AtlCreateTargetDC@ATL@@YGPAUHDC__@@PAU2@PAUtagDVTARGETDEVICE@@@Z 10004b01 f i Totals.obj
 0001:00003b6a       ?AtlCrtErrorCheck@ATL@@YAHH@Z 10004b6a f i Totals.obj
 0001:00003ba5       ?AtlHiMetricToPixel@ATL@@YGXPBUtagSIZE@@PAU2@@Z 10004ba5 f i Totals.obj
 0001:00003c1a       ?AtlHresultFromLastError@ATL@@YAJXZ 10004c1a f i Totals.obj
 0001:00003c31       ?AtlHresultFromWin32@ATL@@YAJK@Z 10004c31 f i Totals.obj
 0001:00003c46       ?AtlInternalOleLoadFromStream@ATL@@YAJPAUIStream@@ABU_GUID@@PAPAXTClassesAllowedInStream@1@K@Z 10004c46 f i Totals.obj
 0001:00003d6f       ?AtlInternalQueryInterface@ATL@@YGJPAXPBU_ATL_INTMAP_ENTRY@1@ABU_GUID@@PAPAX@Z 10004d6f f i Totals.obj
 0001:00003e12       ?AtlLoadTypeLib@ATL@@YGJPAUHINSTANCE__@@PB_WPAPA_WPAPAUITypeLib@@@Z 10004e12 f i Totals.obj
 0001:00003ff0       ?AtlRegisterClassCategoriesHelper@ATL@@YGJABU_GUID@@PBU_ATL_CATMAP_ENTRY@1@H@Z 10004ff0 f i Totals.obj
 0001:000042ec       ?AtlRegisterTypeLib@ATL@@YGJPAUHINSTANCE__@@PB_W@Z 100052ec f i Totals.obj
 0001:00004474       ?AtlThrowImpl@ATL@@YGXJ@Z  10005474 f i Totals.obj
 0001:00004492       ?AtlUnRegisterTypeLib@ATL@@YGJPAUHINSTANCE__@@PB_W@Z 10005492 f i Totals.obj
 0001:0000453d       ?AtlWinModuleAddCreateWndData@ATL@@YGXPAU_ATL_WIN_MODULE70@1@PAU_AtlCreateWndData@1@PAX@Z 1000553d f i Totals.obj
 0001:00004591       ?AtlWinModuleExtractCreateWndData@ATL@@YGPAXPAU_ATL_WIN_MODULE70@1@@Z 10005591 f i Totals.obj
 0001:000045f5       ?AtlWinModuleRegisterClassExW@ATL@@YGGPAU_ATL_WIN_MODULE70@1@PBUtagWNDCLASSEXW@@@Z 100055f5 f i Totals.obj
 0001:00004634       ?CanForceRemoveKey@CRegParser@ATL@@IAEHPB_W@Z 10005634 f i Totals.obj
 0001:00004663       ?ChToByte@CRegParser@ATL@@KAE_W@Z 10005663 f i Totals.obj
 0001:000046eb       ?Cleanup@CComTypeInfoHolder@ATL@@SGXK@Z 100056eb f i Totals.obj
 0001:0000471e       ?ClearReplacements@CExpansionVector@ATL@@QAEJXZ 1000571e f i Totals.obj
 0001:0000475b       ?Close@CRegKey@ATL@@QAEJXZ 1000575b f i Totals.obj
 0001:00004775       ?CreateInstance@?$CComCreator@V?$CComAggObject@VCOPOSTotals@@@ATL@@@ATL@@SGJPAXABU_GUID@@PAPAX@Z 10005775 f i Totals.obj
 0001:000047ea       ?CreateInstance@?$CComCreator@V?$CComObject@VCOPOSTotals@@@ATL@@@ATL@@SGJPAXABU_GUID@@PAPAX@Z 100057ea f i Totals.obj
 0001:00004873       ?CreateInstance@?$CComObject@V?$CComEnum@UIEnumConnectionPoints@@$1?_GUID_b196b285_bab4_101a_b69c_00aa00341d07@@3U__s_GUID@@BPAUIConnectionPoint@@V?$_CopyInterface@UIConnectionPoint@@@ATL@@VCComSingleThreadModel@6@@ATL@@@ATL@@SGJPAPAV12@@Z 10005873 f i Totals.obj
 0001:000048bd       ?CreateInstance@?$CComObject@V?$CComEnum@UIEnumConnections@@$1?_GUID_b196b287_bab4_101a_b69c_00aa00341d07@@3U__s_GUID@@BUtagCONNECTDATA@@V?$_Copy@UtagCONNECTDATA@@@ATL@@VCComSingleThreadModel@6@@ATL@@@ATL@@SGJPAPAV12@@Z 100058bd f i Totals.obj
 0001:00004907       ?DefaultReflectionHandler@?$CWindowImplRoot@VCWindow@ATL@@@ATL@@SAHPAUHWND__@@IIJAAJ@Z 10005907 f i Totals.obj
 0001:000049a7       ?DeleteSubKey@CRegKey@ATL@@QAEJPB_W@Z 100059a7 f i Totals.obj
 0001:00004a20       ?DoEvent@COPOSTotals@@IAEXIIJ@Z 10005a20 f i Totals.obj
 0001:00004aa0       ?DoVerbHide@?$IOleObjectImpl@VCOPOSTotals@@@ATL@@QAEJPBUtagRECT@@PAUHWND__@@@Z 10005aa0 f i Totals.obj
 0001:00004ad6       ?DoVerbInPlaceActivate@?$IOleObjectImpl@VCOPOSTotals@@@ATL@@QAEJPBUtagRECT@@PAUHWND__@@@Z 10005ad6 f i Totals.obj
 0001:00004b09       ?DoVerbPrimary@?$IOleObjectImpl@VCOPOSTotals@@@ATL@@QAEJPBUtagRECT@@PAUHWND__@@@Z 10005b09 f i Totals.obj
 0001:00004b95       ?DoVerbProperties@CComControlBase@ATL@@QAEJPBUtagRECT@@PAUHWND__@@@Z 10005b95 f i Totals.obj
 0001:00004d14       ?DoVerbUIActivate@?$IOleObjectImpl@VCOPOSTotals@@@ATL@@QAEJPBUtagRECT@@PAUHWND__@@@Z 10005d14 f i Totals.obj
 0001:00004d51       ?DoesVerbActivate@CComControlBase@ATL@@QAEHJ@Z 10005d51 f i Totals.obj
 0001:00004d75       ?DoesVerbUIActivate@CComControlBase@ATL@@QAEHJ@Z 10005d75 f i Totals.obj
 0001:00004daa       ?EndOfVar@CRegParser@ATL@@IAEHXZ 10005daa f i Totals.obj
 0001:00004dca       ?EscapeSingleQuote@CAtlModule@ATL@@SAXPA_WIPB_W@Z 10005dca f i Totals.obj
 0001:00004e19       ?FindKey@?$CSimpleMap@PA_WPA_WVCExpansionVectorEqualHelper@ATL@@@ATL@@QBEHABQA_W@Z 10005e19 f i Totals.obj
 0001:00004e50       ?FireTheEvent@?$CProxy_IOPOSEvents@VCOPOSTotals@@@@IAEXPAVOposVariant@@IAAJPB_WJ@Z 10005e50 f i Totals.obj
 0001:00004ee2       ?FireViewChange@CComControlBase@ATL@@QAEJXZ 10005ee2 f i Totals.obj
 0001:00004f2b       ?Fire_DirectIOEvent@?$CProxy_IOPOSEvents@VCOPOSTotals@@@@QAEXJPAJPAPA_W@Z 10005f2b f i Totals.obj
 0001:00005017       ?Fire_StatusUpdateEvent@?$CProxy_IOPOSEvents@VCOPOSTotals@@@@QAEXJ@Z 10006017 f i Totals.obj
 0001:000050ad       ?FreeHeap@?$CTempBuffer@E$0BAA@VCCRTAllocator@ATL@@@ATL@@AAEXXZ 100060ad f i Totals.obj
 0001:000050ad       ?FreeHeap@?$CTempBuffer@_W$0EAA@VCCRTAllocator@ATL@@@ATL@@AAEXXZ 100060ad f i Totals.obj
 0001:000050ad       ?FreeHeap@?$CTempBuffer@_W$0BAA@VCCRTAllocator@ATL@@@ATL@@AAEXXZ 100060ad f i Totals.obj
 0001:000050b6       ?GetAmbientLocaleID@CComControlBase@ATL@@QAEJAAK@Z 100060b6 f i Totals.obj
 0001:00005112       ?GetAmbientUserMode@CComControlBase@ATL@@QAEJAAH@Z 10006112 f i Totals.obj
 0001:00005182       ?GetAt@CComDynamicUnkArray@ATL@@QAEPAUIUnknown@@H@Z 10006182 f i Totals.obj
 0001:0000519e       ?GetClassObject@CComModule@ATL@@QAEJABU_GUID@@0PAPAX@Z 1000619e f i Totals.obj
 0001:00005240       ?GetConnMap@COPOSTotals@@SAPBU_ATL_CONNMAP_ENTRY@ATL@@PAH@Z 10006240 f i Totals.obj
 0001:000052b0       ?GetCookie@CComDynamicUnkArray@ATL@@QAGKPAPAUIUnknown@@@Z 100062b0 f i Totals.obj
 0001:000052e8       ?GetIDsOfNames@CComTypeInfoHolder@ATL@@QAEJABU_GUID@@PAPA_WIKPAJ@Z 100062e8 f i Totals.obj
 0001:00005408       ?GetKeyAt@?$CSimpleMap@PA_WPA_WVCExpansionVectorEqualHelper@ATL@@@ATL@@QBEAAPA_WH@Z 10006408 f i Totals.obj
 0001:0000542d       ?GetPagesHelper@?$ISpecifyPropertyPagesImpl@VCOPOSTotals@@@ATL@@IAEJPAUtagCAUUID@@PBUATL_PROPMAP_ENTRY@2@@Z 1000642d f i Totals.obj
 0001:00005554       ?GetProperty@?$CComPtr@UIDispatch@@@ATL@@SAJPAUIDispatch@@JPAUtagVARIANT@@@Z 10006554 f i Totals.obj
 0001:000055a3       ?GetSizeMax@CComVariant@ATL@@QBEJPAT_ULARGE_INTEGER@@@Z 100065a3 f i Totals.obj
 0001:00005765       ?GetTI@CComTypeInfoHolder@ATL@@QAEJK@Z 10006765 f i Totals.obj
 0001:00005945       ?GetTI@CComTypeInfoHolder@ATL@@QAEJKPAPAUITypeInfo@@@Z 10006945 f i Totals.obj
 0001:00005983       ?GetUnknown@CComDynamicUnkArray@ATL@@QAGPAUIUnknown@@K@Z 10006983 f i Totals.obj
 0001:000059a4       ?GetValueAt@?$CSimpleMap@PA_WPA_WVCExpansionVectorEqualHelper@ATL@@@ATL@@QBEAAPA_WH@Z 100069a4 f i Totals.obj
 0001:000059ca       ?GetZoomInfo@CComControlBase@ATL@@QAEXAAUATL_DRAWINFO@@@Z 100069ca f i Totals.obj
 0001:00005a5d       ?HKeyFromString@CRegParser@ATL@@KAPAUHKEY__@@PA_W@Z 10006a5d f i Totals.obj
 0001:00005a8b       ?HasSubKeys@CRegParser@ATL@@IAEHPAUHKEY__@@@Z 10006a8b f i Totals.obj
 0001:00005ac0       ?IDataObject_GetData@CComControlBase@ATL@@QAEJPAUtagFORMATETC@@PAUtagSTGMEDIUM@@@Z 10006ac0 f i Totals.obj
 0001:00005c62       ?IOleInPlaceObject_InPlaceDeactivate@CComControlBase@ATL@@QAEJXZ 10006c62 f i Totals.obj
 0001:00005ce9       ?IOleInPlaceObject_SetObjectRects@CComControlBase@ATL@@QAEJPBUtagRECT@@0@Z 10006ce9 f i Totals.obj
 0001:00005db6       ?IOleInPlaceObject_UIDeactivate@CComControlBase@ATL@@QAEJXZ 10006db6 f i Totals.obj
 0001:00005e78       ?IOleObject_Advise@CComControlBase@ATL@@QAEJPAUIAdviseSink@@PAK@Z 10006e78 f i Totals.obj
 0001:00005ea2       ?IOleObject_Close@CComControlBase@ATL@@QAEJK@Z 10006ea2 f i Totals.obj
 0001:00005f86       ?IOleObject_GetClientSite@CComControlBase@ATL@@QAEJPAPAUIOleClientSite@@@Z 10006f86 f i Totals.obj
 0001:00005faf       ?IOleObject_SetClientSite@CComControlBase@ATL@@QAEJPAUIOleClientSite@@@Z 10006faf f i Totals.obj
 0001:00005fee       ?IOleObject_SetExtent@CComControlBase@ATL@@QAEJKPAUtagSIZE@@@Z 10006fee f i Totals.obj
 0001:000060a0       ?IPSI_GetIPersistStreamInit@?$IPersistStorageImpl@VCOPOSTotals@@@ATL@@AAEPAUIPersistStreamInit@@XZ 100070a0 f i Totals.obj
 0001:00006148       ?IPersistStreamInit_Load@?$IPersistStreamInitImpl@VCOPOSTotals@@@ATL@@QAEJPAUIStream@@PBUATL_PROPMAP_ENTRY@2@@Z 10007148 f i Totals.obj
 0001:000063be       ?IPersistStreamInit_Save@?$IPersistStreamInitImpl@VCOPOSTotals@@@ATL@@QAEJPAUIStream@@HPBUATL_PROPMAP_ENTRY@2@@Z 100073be f i Totals.obj
 0001:000065ad       ?IQuickActivate_QuickActivate@CComControlBase@ATL@@QAEJPAUtagQACONTAINER@@PAUtagQACONTROL@@@Z 100075ad f i Totals.obj
 0001:000067ef       ?IViewObject_Draw@CComControlBase@ATL@@QAEJKJPAXPAUtagDVTARGETDEVICE@@PAUHDC__@@2PBU_RECTL@@3@Z 100077ef f i Totals.obj
 0001:00006897       ?InPlaceActivate@CComControlBase@ATL@@QAEJJPBUtagRECT@@@Z 10007897 f i Totals.obj
 0001:00006b09       ?Init@?$CComEnumImpl@UIEnumConnectionPoints@@$1?_GUID_b196b285_bab4_101a_b69c_00aa00341d07@@3U__s_GUID@@BPAUIConnectionPoint@@V?$_CopyInterface@UIConnectionPoint@@@ATL@@@ATL@@QAEJPAPAUIConnectionPoint@@0PAUIUnknown@@W4CComEnumFlags@2@@Z 10007b09 f i Totals.obj
 0001:00006be5       ?Init@?$CComEnumImpl@UIEnumConnections@@$1?_GUID_b196b287_bab4_101a_b69c_00aa00341d07@@3U__s_GUID@@BUtagCONNECTDATA@@V?$_Copy@UtagCONNECTDATA@@@ATL@@@ATL@@QAEJPAUtagCONNECTDATA@@0PAUIUnknown@@W4CComEnumFlags@2@@Z 10007be5 f i Totals.obj
 0001:00006cc1       ?Init@CComModule@ATL@@QAEJPAU_ATL_OBJMAP_ENTRY30@2@PAUHINSTANCE__@@PBU_GUID@@@Z 10007cc1 f i Totals.obj
 0001:00006d20       ?Init@CDynamicStdCallThunk2@ATL@@QAEHKPAX@Z 10007d20 f i Totals.obj
 0001:00006d4b       ?InlineIsEqualUnknown@ATL@@YGHABU_GUID@@@Z 10007d4b f i Totals.obj
 0001:00006d73       ?InternalSetAtIndex@?$CSimpleMap@PA_WPA_WVCExpansionVectorEqualHelper@ATL@@@ATL@@QAEXHABQA_W0@Z 10007d73 f i Totals.obj
 0001:00006d9d       ?Invoke@CComTypeInfoHolder@ATL@@QAEJPAUIDispatch@@JABU_GUID@@KGPAUtagDISPPARAMS@@PAUtagVARIANT@@PAUtagEXCEPINFO@@PAI@Z 10007d9d f i Totals.obj
 0001:00006dde       ?IsEqualObject@?$CComPtrBase@UITypeInfo@@@ATL@@QAE_NPAUIUnknown@@@Z 10007dde f i Totals.obj
 0001:00006dde       ?IsEqualObject@?$CComPtrBase@UIOleClientSite@@@ATL@@QAE_NPAUIUnknown@@@Z 10007dde f i Totals.obj
 0001:00006e4a       ?IsSpace@CRegParser@ATL@@IAEH_W@Z 10007e4a f i Totals.obj
 0001:00006e70       ?LoadNameCache@CComTypeInfoHolder@ATL@@QAEJPAUITypeInfo@@@Z 10007e70 f i Totals.obj
 0001:00006fa5       ?Lookup@?$CSimpleMap@PA_WPA_WVCExpansionVectorEqualHelper@ATL@@@ATL@@QBEPA_WABQA_W@Z 10007fa5 f i Totals.obj
 0001:00006fcb       ?NextToken@CRegParser@ATL@@IAEJPA_W@Z 10007fcb f i Totals.obj
 0001:000070fa       ?OnKillFocus@CComControlBase@ATL@@QAEJIIJAAH@Z 100080fa f i Totals.obj
 0001:00007155       ?OnMouseActivate@CComControlBase@ATL@@QAEJIIJAAH@Z 10008155 f i Totals.obj
 0001:000071c3       ?OnPaint@CComControlBase@ATL@@QAEJIIJAAH@Z 100081c3 f i Totals.obj
 0001:0000727a       ?OnSetFocus@CComControlBase@ATL@@QAEJIIJAAH@Z 1000827a f i Totals.obj
 0001:00007305       ?Open@CRegKey@ATL@@QAEJPAUHKEY__@@PB_WK@Z 10008305 f i Totals.obj
 0001:0000735a       ?PreProcessBuffer@CRegParser@ATL@@QAEJPA_WPAPA_W@Z 1000835a f i Totals.obj
 0001:000075ca       ?ProcessWindowMessage@?$CComControl@VCOPOSTotals@@V?$CWindowImpl@VCOPOSTotals@@VCWindow@ATL@@V?$CWinTraits@$0FGAAAAAA@$0A@@3@@ATL@@@ATL@@UAEHPAUHWND__@@IIJAAJK@Z 100085ca f i Totals.obj
 0001:00007672       ?ReadFromStream@CComBSTR@ATL@@QAEJPAUIStream@@@Z 10008672 f i Totals.obj
 0001:00007795       ?ReadFromStream@CComVariant@ATL@@QAEJPAUIStream@@GTClassesAllowedInStream@2@K@Z 10008795 f i Totals.obj
 0001:0000791f       ?RecurseDeleteKey@CRegKey@ATL@@QAEJPB_W@Z 1000891f f i Totals.obj
 0001:00007a0d       ?RegCreateKeyExW@CAtlTransactionManager@ATL@@QAEJPAUHKEY__@@PB_WKPA_WKKQAU_SECURITY_ATTRIBUTES@@PAPAU3@PAK@Z 10008a0d f i Totals.obj
 0001:00007a70       ?RegDeleteKeyW@CAtlTransactionManager@ATL@@QAEJPAUHKEY__@@PB_W@Z 10008a70 f i Totals.obj
 0001:00007ac2       ?RegOpenKeyExW@CAtlTransactionManager@ATL@@QAEJPAUHKEY__@@PB_WKKPAPAU3@@Z 10008ac2 f i Totals.obj
 0001:00007b19       ?Register@_ATL_WNDCLASSINFOW@ATL@@QAEGPAP6GJPAUHWND__@@IIJ@Z@Z 10008b19 f i Totals.obj
 0001:00007b39       ?RegisterBuffer@CRegParser@ATL@@QAEJPA_WH@Z 10008b39 f i Totals.obj
 0001:00007c80       ?RegisterFromResource@CRegObject@ATL@@IAEJPB_W00H@Z 10008c80 f i Totals.obj
 0001:00007db6       ?RegisterServer@?$CAtlModuleT@VCComModule@ATL@@@ATL@@QAEJHPBU_GUID@@@Z 10008db6 f i Totals.obj
 0001:00007de4       ?RegisterServer@CComModule@ATL@@QAEJHPBU_GUID@@@Z 10008de4 f i Totals.obj
 0001:00007e55       ?RegisterSubkeys@CRegParser@ATL@@IAEJPA_WPAUHKEY__@@HH@Z 10008e55 f i Totals.obj
 0001:000084b1       ?Remove@CComDynamicUnkArray@ATL@@QAEHK@Z 100094b1 f i Totals.obj
 0001:000084da       ?RemoveAll@?$CSimpleMap@PA_WPA_WVCExpansionVectorEqualHelper@ATL@@@ATL@@QAEXXZ 100094da f i Totals.obj
 0001:00008506       ?ResourceRegisterSz@CRegObject@ATL@@QAGJPB_W00@Z 10009506 f i Totals.obj
 0001:00008533       ?ResourceUnregisterSz@CRegObject@ATL@@QAGJPB_W00@Z 10009533 f i Totals.obj
 0001:00008560       ?SendOnDataChange@CComControlBase@ATL@@QAEJK@Z 10009560 f i Totals.obj
 0001:000085ad       ?SetControlFocus@CComControlBase@ATL@@QAEHH@Z 100095ad f i Totals.obj
 0001:00008648       ?SetMultiStringValue@CRegKey@ATL@@QAEJPB_W0@Z 10009648 f i Totals.obj
 0001:000086a4       ?SetStringValue@CRegKey@ATL@@QAEJPB_W0K@Z 100096a4 f i Totals.obj
 0001:000086ed       ?SkipAssignment@CRegParser@ATL@@IAEJPA_W@Z 100096ed f i Totals.obj
 0001:00008759       ?SkipWhiteSpace@CRegParser@ATL@@IAEXXZ 10009759 f i Totals.obj
 0001:00008782       ?StrChrW@CRegParser@ATL@@KAPA_WPA_W_W@Z 10009782 f i Totals.obj
 0001:000087bf       ?Term@CAtlModule@ATL@@QAEXXZ 100097bf f i Totals.obj
 0001:0000883c       ?Term@CComModule@ATL@@QAEXXZ 1000983c f i Totals.obj
 0001:00008894       ?UnregisterServer@?$CAtlModuleT@VCComModule@ATL@@@ATL@@QAEJHPBU_GUID@@@Z 10009894 f i Totals.obj
 0001:000088ba       ?UnregisterServer@CComModule@ATL@@QAEJHPBU_GUID@@@Z 100098ba f i Totals.obj
 0001:0000892b       ?UpdateRegistryFromResource@CAtlModule@ATL@@QAGJIHPAU_ATL_REGMAP_ENTRY@2@@Z 1000992b f i Totals.obj
 0001:00008af6       ?UpdateRegistryFromResource@CAtlModule@ATL@@QAGJPB_WHPAU_ATL_REGMAP_ENTRY@2@@Z 10009af6 f i Totals.obj
 0001:00008cc7       ?VTFromRegType@CRegParser@ATL@@KAHPB_WAAG@Z 10009cc7 f i Totals.obj
 0001:00008d34       ?WindowProc@?$CWindowImplBaseT@VCWindow@ATL@@V?$CWinTraits@$0FGAAAAAA@$0A@@2@@ATL@@SGJPAUHWND__@@IIJ@Z 10009d34 f i Totals.obj
 0001:00008e22       ?WriteToStream@CComBSTR@ATL@@QAEJPAUIStream@@@Z 10009e22 f i Totals.obj
 0001:00008e84       ?WriteToStream@CComVariant@ATL@@QAEJPAUIStream@@@Z 10009e84 f i Totals.obj
 0001:00008ffe       ?WriteToStream@CComVariant@ATL@@QAEJPAUIStream@@G@Z 10009ffe f i Totals.obj
 0001:00009067       ?_AtlInitialConstruct@?$CComObjectRootEx@VCComMultiThreadModel@ATL@@@ATL@@QAEJXZ 1000a067 f i Totals.obj
 0001:0000907c       ?_AtlVerifyStackAvailable@_ATL_SAFE_ALLOCA_IMPL@ATL@@YA_NK@Z 1000a07c f i Totals.obj
 0001:000090fa       ?atlCreate@?$CWindowImpl@VCOPOSTotals@@VCWindow@ATL@@V?$CWinTraits@$0FGAAAAAA@$0A@@3@@ATL@@QAEPAUHWND__@@PAU3@V_U_RECT@2@PB_WKKV_U_MENUorID@2@PAX@Z 1000a0fa f i Totals.obj
 0001:00009145       ?atlCreate@?$CWindowImplBaseT@VCWindow@ATL@@V?$CWinTraits@$0FGAAAAAA@$0A@@2@@ATL@@QAEPAUHWND__@@PAU3@V_U_RECT@2@PB_WKKV_U_MENUorID@2@GPAX@Z 1000a145 f i Totals.obj
 0001:000091e1       ?copy@?$_Copy@UtagCONNECTDATA@@@ATL@@SAJPAUtagCONNECTDATA@@PBU3@@Z 1000a1e1 f i Totals.obj
 0001:00009217       ?copy@?$_CopyInterface@UIConnectionPoint@@@ATL@@SAJPAPAUIConnectionPoint@@PBQAU3@@Z 1000a217 f i Totals.obj
 0001:00009245       ?memcpy_s@Checked@ATL@@YAXPAXIPBXI@Z 1000a245 f i Totals.obj
 0001:00009264       ?ocscpy_s@@YA_NPA_WIPB_W@Z 1000a264 f i Totals.obj
 0001:000092ae       ?wcscpy_s@Checked@ATL@@YAXPA_WIPB_W@Z 1000a2ae f i Totals.obj
 0001:000092ca       _DllCanUnloadNow@0         1000a2ca f   Totals.obj
 0001:000092d6       _DllGetClassObject@12      1000a2d6 f   Totals.obj
 0001:000092e4       _DllMain@12                1000a2e4 f   Totals.obj
 0001:00009326       _DllRegisterServer@0       1000a326 f   Totals.obj
 0001:00009335       _DllUnregisterServer@0     1000a335 f   Totals.obj
 0001:00009344       _InlineIsEqualGUID         1000a344 f i Totals.obj
 0001:00009374       ___local_stdio_printf_options 1000a374 f i Totals.obj
 0001:0000937a       __vswprintf_s_l            1000a37a f i Totals.obj
 0001:00009427       _swprintf_s                1000a427 f i Totals.obj
 0001:00009443       ??0?$CComControl@VCOPOSTotals@@V?$CWindowImpl@VCOPOSTotals@@VCWindow@ATL@@V?$CWinTraits@$0FGAAAAAA@$0A@@3@@ATL@@@ATL@@QAE@XZ 1000a443 f i TotalsImpl.obj
 0001:0000946a       ??0CComControlBase@ATL@@QAE@AAPAUHWND__@@@Z 1000a46a f i TotalsImpl.obj
 0001:000094ba       ??0COPOSTotals@@QAE@XZ     1000a4ba f   TotalsImpl.obj
 0001:00009509       ??1?$CComControl@VCOPOSTotals@@V?$CWindowImpl@VCOPOSTotals@@VCWindow@ATL@@V?$CWinTraits@$0FGAAAAAA@$0A@@3@@ATL@@@ATL@@UAE@XZ 1000a509 f i TotalsImpl.obj
 0001:00009522       ??1?$IConnectionPointImpl@VCOPOSTotals@@$1?IID_IPropertyNotifySink@@3U_GUID@@BVCComDynamicUnkArray@ATL@@@ATL@@QAE@XZ 1000a522 f i TotalsImpl.obj
 0001:00009522       ??1?$IConnectionPointImpl@VCOPOSTotals@@$1?DIID__IOPOSTotalsEvents@@3U_GUID@@BVCComDynamicUnkArray@ATL@@@ATL@@QAE@XZ 1000a522 f i TotalsImpl.obj
 0001:0000955f       ??1CComControlBase@ATL@@UAE@XZ 1000a55f f i TotalsImpl.obj
 0001:000095c2       ??1COPOSTotals@@UAE@XZ     1000a5c2 f   TotalsImpl.obj
 0001:0000960a       ?BeginTrans@COPOSTotals@@UAGJPAJ@Z 1000a60a f   TotalsImpl.obj
 0001:00009625       ?CheckHealth@COPOSTotals@@UAGJJPAJ@Z 1000a625 f   TotalsImpl.obj
 0001:00009674       ?ClaimDevice@COPOSTotals@@UAGJJPAJ@Z 1000a674 f   TotalsImpl.obj
 0001:000096e2       ?ClaimFile@COPOSTotals@@UAGJJJPAJ@Z 1000a6e2 f   TotalsImpl.obj
 0001:00009756       ?Close@COPOSTotals@@UAGJPAJ@Z 1000a756 f   TotalsImpl.obj
 0001:000097c4       ?CommitTrans@COPOSTotals@@UAGJPAJ@Z 1000a7c4 f   TotalsImpl.obj
 0001:000097df       ?CompareFirmwareVersion@COPOSTotals@@UAGJPA_WPAJ1@Z 1000a7df f   TotalsImpl.obj
 0001:0000985f       ?Create@COPOSTotals@@UAGJPA_WPAJJF1@Z 1000a85f f   TotalsImpl.obj
 0001:00009918       ?Delete@COPOSTotals@@UAGJPA_WPAJ@Z 1000a918 f   TotalsImpl.obj
 0001:0000996f       ?DirectIO@COPOSTotals@@UAGJJPAJPAPA_W0@Z 1000a96f f   TotalsImpl.obj
 0001:00009a1d       ?DoInvoke@COPOSTotals@@IAEJJPAVOposVariant@@IHPAJ_N@Z 1000aa1d f   TotalsImpl.obj
 0001:00009af9       ?EventClose@COPOSTotals@@IAEXXZ 1000aaf9 f i TotalsImpl.obj
 0001:00009b2c       ?EventInit@COPOSTotals@@IAEJXZ 1000ab2c f i TotalsImpl.obj
 0001:00009c00       ?EventUninit@COPOSTotals@@IAEXXZ 1000ac00 f i TotalsImpl.obj
 0001:00009c52       ?EventWindowProc@COPOSTotals@@IAGJIIJ@Z 1000ac52 f i TotalsImpl.obj
 0001:00009cc9       ?FinalConstruct@COPOSTotals@@QAEJXZ 1000acc9 f   TotalsImpl.obj
 0001:00009d02       ?Find@COPOSTotals@@UAGJPA_WPAJ11@Z 1000ad02 f   TotalsImpl.obj
 0001:00009dba       ?FindByIndex@COPOSTotals@@UAGJJPAPA_WPAJ@Z 1000adba f   TotalsImpl.obj
 0001:00009e36       ?FireEventCleanup@COPOSTotals@@IAEXXZ 1000ae36 f i TotalsImpl.obj
 0001:00009e4c       ?FireEventSetup@COPOSTotals@@IAE_NXZ 1000ae4c f i TotalsImpl.obj
 0001:00009e80       ?FreezeEvents@COPOSTotals@@MAGJH@Z 1000ae80 f   TotalsImpl.obj
 0001:00009ecd       ?GetOposProp@COPOSTotals@@IAEJJPAFJ@Z 1000aecd f   TotalsImpl.obj
 0001:00009ef0       ?GetOposProp@COPOSTotals@@IAEJJPAJJ@Z 1000aef0 f   TotalsImpl.obj
 0001:00009fbf       ?GetOposProp@COPOSTotals@@IAEJJPAPA_WJ@Z 1000afbf f   TotalsImpl.obj
 0001:0000a09b       ?OnDraw@COPOSTotals@@MAEJAAUATL_DRAWINFO@@@Z 1000b09b f   TotalsImpl.obj
 0001:0000a13b       ?Open@COPOSTotals@@UAGJPA_WPAJ@Z 1000b13b f   TotalsImpl.obj
 0001:0000a974       ?Read@COPOSTotals@@UAGJJPAPA_WJJPAJ@Z 1000b974 f   TotalsImpl.obj
 0001:0000aa23       ?RecalculateValidationData@COPOSTotals@@UAGJJPAJ@Z 1000ba23 f   TotalsImpl.obj
 0001:0000aa72       ?ReleaseDevice@COPOSTotals@@UAGJPAJ@Z 1000ba72 f   TotalsImpl.obj
 0001:0000aaa9       ?ReleaseFile@COPOSTotals@@UAGJJPAJ@Z 1000baa9 f   TotalsImpl.obj
 0001:0000aaf8       ?Rename@COPOSTotals@@UAGJJPA_WPAJ@Z 1000baf8 f   TotalsImpl.obj
 0001:0000ab74       ?ResetStatistics@COPOSTotals@@UAGJPA_WPAJ@Z 1000bb74 f   TotalsImpl.obj
 0001:0000abcb       ?RetrieveStatistics@COPOSTotals@@UAGJPAPA_WPAJ@Z 1000bbcb f   TotalsImpl.obj
 0001:0000ac22       ?Rollback@COPOSTotals@@UAGJPAJ@Z 1000bc22 f   TotalsImpl.obj
 0001:0000ac3d       ?SOProcessID@COPOSTotals@@UAGJPAJ@Z 1000bc3d f   TotalsImpl.obj
 0001:0000ac51       ?SetAll@COPOSTotals@@UAGJJJPAJ@Z 1000bc51 f   TotalsImpl.obj
 0001:0000acc5       ?SetCOFreezeEvents@COPOSTotals@@IAEXF@Z 1000bcc5 f   TotalsImpl.obj
 0001:0000ad65       ?SetOposProp@COPOSTotals@@IAEJJJJ@Z 1000bd65 f   TotalsImpl.obj
 0001:0000ae5c       ?UpdateFirmware@COPOSTotals@@UAGJPA_WPAJ@Z 1000be5c f   TotalsImpl.obj
 0001:0000aeb3       ?UpdateStatistics@COPOSTotals@@UAGJPA_WPAJ@Z 1000beb3 f   TotalsImpl.obj
 0001:0000af0a       ?ValidateData@COPOSTotals@@UAGJJPAJ@Z 1000bf0a f   TotalsImpl.obj
 0001:0000af59       ?Write@COPOSTotals@@UAGJJPA_WJJPAJ@Z 1000bf59 f   TotalsImpl.obj
 0001:0000b008       ?get_BinaryConversion@COPOSTotals@@UAGJPAJ@Z 1000c008 f   TotalsImpl.obj
 0001:0000b01e       ?get_CapCompareFirmwareVersion@COPOSTotals@@UAGJPAF@Z 1000c01e f   TotalsImpl.obj
 0001:0000b037       ?get_CapErrorDetection@COPOSTotals@@UAGJPAF@Z 1000c037 f   TotalsImpl.obj
 0001:0000b050       ?get_CapPowerReporting@COPOSTotals@@UAGJPAJ@Z 1000c050 f   TotalsImpl.obj
 0001:0000b069       ?get_CapSingleFile@COPOSTotals@@UAGJPAF@Z 1000c069 f   TotalsImpl.obj
 0001:0000b082       ?get_CapStatisticsReporting@COPOSTotals@@UAGJPAF@Z 1000c082 f   TotalsImpl.obj
 0001:0000b09b       ?get_CapTransactions@COPOSTotals@@UAGJPAF@Z 1000c09b f   TotalsImpl.obj
 0001:0000b0b4       ?get_CapUpdateFirmware@COPOSTotals@@UAGJPAF@Z 1000c0b4 f   TotalsImpl.obj
 0001:0000b0cd       ?get_CapUpdateStatistics@COPOSTotals@@UAGJPAF@Z 1000c0cd f   TotalsImpl.obj
 0001:0000b0e6       ?get_CheckHealthText@COPOSTotals@@UAGJPAPA_W@Z 1000c0e6 f   TotalsImpl.obj
 0001:0000b0ff       ?get_Claimed@COPOSTotals@@UAGJPAF@Z 1000c0ff f   TotalsImpl.obj
 0001:0000b115       ?get_ControlObjectDescription@COPOSTotals@@UAGJPAPA_W@Z 1000c115 f   TotalsImpl.obj
 0001:0000b163       ?get_ControlObjectVersion@COPOSTotals@@UAGJPAJ@Z 1000c163 f   TotalsImpl.obj
 0001:0000b176       ?get_DeviceDescription@COPOSTotals@@UAGJPAPA_W@Z 1000c176 f   TotalsImpl.obj
 0001:0000b18f       ?get_DeviceEnabled@COPOSTotals@@UAGJPAF@Z 1000c18f f   TotalsImpl.obj
 0001:0000b1a5       ?get_DeviceName@COPOSTotals@@UAGJPAPA_W@Z 1000c1a5 f   TotalsImpl.obj
 0001:0000b1be       ?get_FreeData@COPOSTotals@@UAGJPAJ@Z 1000c1be f   TotalsImpl.obj
 0001:0000b1d7       ?get_FreezeEvents@COPOSTotals@@UAGJPAF@Z 1000c1d7 f   TotalsImpl.obj
 0001:0000b1ed       ?get_NumberOfFiles@COPOSTotals@@UAGJPAJ@Z 1000c1ed f   TotalsImpl.obj
 0001:0000b206       ?get_OpenResult@COPOSTotals@@UAGJPAJ@Z 1000c206 f   TotalsImpl.obj
 0001:0000b21d       ?get_PowerNotify@COPOSTotals@@UAGJPAJ@Z 1000c21d f   TotalsImpl.obj
 0001:0000b233       ?get_PowerState@COPOSTotals@@UAGJPAJ@Z 1000c233 f   TotalsImpl.obj
 0001:0000b249       ?get_ResultCode@COPOSTotals@@UAGJPAJ@Z 1000c249 f   TotalsImpl.obj
 0001:0000b287       ?get_ResultCodeExtended@COPOSTotals@@UAGJPAJ@Z 1000c287 f   TotalsImpl.obj
 0001:0000b29d       ?get_ServiceObjectDescription@COPOSTotals@@UAGJPAPA_W@Z 1000c29d f   TotalsImpl.obj
 0001:0000b2b6       ?get_ServiceObjectVersion@COPOSTotals@@UAGJPAJ@Z 1000c2b6 f   TotalsImpl.obj
 0001:0000b2cc       ?get_State@COPOSTotals@@UAGJPAJ@Z 1000c2cc f   TotalsImpl.obj
 0001:0000b2f8       ?get_TotalsSize@COPOSTotals@@UAGJPAJ@Z 1000c2f8 f   TotalsImpl.obj
 0001:0000b311       ?get_TransactionInProgress@COPOSTotals@@UAGJPAF@Z 1000c311 f   TotalsImpl.obj
 0001:0000b32a       ?put_BinaryConversion@COPOSTotals@@UAGJJ@Z 1000c32a f   TotalsImpl.obj
 0001:0000b340       ?put_DeviceEnabled@COPOSTotals@@UAGJF@Z 1000c340 f   TotalsImpl.obj
 0001:0000b35d       ?put_FreezeEvents@COPOSTotals@@UAGJF@Z 1000c35d f   TotalsImpl.obj
 0001:0000b3a9       ?put_PowerNotify@COPOSTotals@@UAGJJ@Z 1000c3a9 f   TotalsImpl.obj
 0001:0000b3bf       ?s_EventWindowProc@COPOSTotals@@KGJPAUHWND__@@IIJ@Z 1000c3bf f i TotalsImpl.obj
 0001:0000b411       ??_U@YAPAXI@Z              1000c411 f   LIBCMT:new_array.obj
 0001:0000b41a       ??3@YAXPAXI@Z              1000c41a f   LIBCMT:delete_scalar_size.obj
 0001:0000b428       ??_V@YAXPAX@Z              1000c428 f   LIBCMT:delete_array.obj
 0001:0000b42d       ??_V@YAXPAXI@Z             1000c42d f   LIBCMT:delete_array_size.obj
 0001:0000b47f       ___scrt_acquire_startup_lock 1000c47f f   LIBCMT:utility.obj
 0001:0000b4b1       ___scrt_dllmain_after_initialize_c 1000c4b1 f   LIBCMT:utility.obj
 0001:0000b4dc       ___scrt_dllmain_before_initialize_c 1000c4dc f   LIBCMT:utility.obj
 0001:0000b4ea       ___scrt_dllmain_crt_thread_attach 1000c4ea f   LIBCMT:utility.obj
 0001:0000b509       ___scrt_dllmain_crt_thread_detach 1000c509 f   LIBCMT:utility.obj
 0001:0000b516       ___scrt_dllmain_exception_filter 1000c516 f   LIBCMT:utility.obj
 0001:0000b54a       ___scrt_dllmain_uninitialize_c 1000c54a f   LIBCMT:utility.obj
 0001:0000b56d       ___scrt_dllmain_uninitialize_critical 1000c56d f   LIBCMT:utility.obj
 0001:0000b57a       ___scrt_initialize_crt     1000c57a f   LIBCMT:utility.obj
 0001:0000b5b3       ___scrt_initialize_onexit_tables 1000c5b3 f   LIBCMT:utility.obj
 0001:0000b63a       ___scrt_is_nonwritable_in_current_image 1000c63a f   LIBCMT:utility.obj
 0001:0000b6ce       ___scrt_release_startup_lock 1000c6ce f   LIBCMT:utility.obj
 0001:0000b6eb       ___scrt_uninitialize_crt   1000c6eb f   LIBCMT:utility.obj
 0001:0000b713       __onexit                   1000c713 f   LIBCMT:utility.obj
 0001:0000b740       _atexit                    1000c740 f   LIBCMT:utility.obj
 0001:0000b755       ??3@YAXPAX@Z               1000c755 f   LIBCMT:delete_scalar.obj
 0001:0000b81f       __Init_thread_footer       1000c81f f   LIBCMT:thread_safe_statics.obj
 0001:0000b869       __Init_thread_header       1000c869 f   LIBCMT:thread_safe_statics.obj
 0001:0000b8bb       __Init_thread_notify       1000c8bb f   LIBCMT:thread_safe_statics.obj
 0001:0000b8f1       __Init_thread_wait         1000c8f1 f   LIBCMT:thread_safe_statics.obj
 0001:0000b93f       ___raise_securityfailure   1000c93f f   LIBCMT:gs_report.obj
 0001:0000b967       ___report_gsfailure        1000c967 f   LIBCMT:gs_report.obj
 0001:0000ba61       ___report_rangecheckfailure 1000ca61 f   LIBCMT:gs_report.obj
 0001:0000ba6d       ___report_securityfailure  1000ca6d f   LIBCMT:gs_report.obj
 0001:0000bb3c       ??2@YAPAXIABUnothrow_t@std@@@Z 1000cb3c f   LIBCMT:new_scalar_nothrow.obj
 0001:0000bb91       ??_U@YAPAXIABUnothrow_t@std@@@Z 1000cb91 f   LIBCMT:new_array_nothrow.obj
 0001:0000bb9a       @__security_check_cookie@4 1000cb9a f   LIBCMT:secchk.obj
 0001:0000bbb0       __SEH_prolog4_GS           1000cbb0 f   LIBCMT:sehprolg4gs.obj
 0001:0000bc00       __alloca_probe_16          1000cc00 f   LIBCMT:alloca16.obj
 0001:0000bc16       __alloca_probe_8           1000cc16     LIBCMT:alloca16.obj
 0001:0000bc30       __alloca_probe             1000cc30 f   LIBCMT:chkstk.obj
 0001:0000bc30       __chkstk                   1000cc30 f   LIBCMT:chkstk.obj
 0001:0000bf9b       __DllMainCRTStartup@12     1000cf9b f   LIBCMT:dll_dllmain.obj
 0001:0000bfbe       ??2@YAPAXI@Z               1000cfbe f   LIBCMT:new_scalar.obj
 0001:0000bfee       ___isa_available_init      1000cfee f   LIBCMT:cpu_disp.obj
 0001:0000c1c2       ___scrt_is_ucrt_dll_in_use 1000d1c2 f   LIBCMT:ucrt_detection.obj
 0001:0000c1ce       ___scrt_fastfail           1000d1ce f   LIBCMT:utility_desktop.obj
 0001:0000c2e9       __crt_debugger_hook        1000d2e9 f   LIBCMT:utility_desktop.obj
 0001:0000c300       __SEH_prolog4              1000d300 f   LIBCMT:sehprolg4.obj
 0001:0000c345       @_guard_check_icall_nop@4  1000d345 f i LIBCMT:guard_support.obj
 0001:0000c395       ___security_init_cookie    1000d395 f   LIBCMT:gs_support.obj
 0001:0000c3e0       ?__scrt_initialize_type_info@@YAXXZ 1000d3e0 f   LIBCMT:tncleanup.obj
 0001:0000c3ec       ?__scrt_uninitialize_type_info@@YAXXZ 1000d3ec f   LIBCMT:tncleanup.obj
 0001:0000c3f8       ___local_stdio_scanf_options 1000d3f8 f i LIBCMT:default_local_stdio_options.obj
 0001:0000c3fe       ___scrt_initialize_default_local_stdio_options 1000d3fe f   LIBCMT:default_local_stdio_options.obj
 0001:0000c41b       ___scrt_get_dyn_tls_init_callback 1000d41b f   LIBCMT:dyn_tls_init.obj
 0001:0000c421       __RTC_Initialize           1000d421 f   LIBCMT:initsect.obj
 0001:0000c44d       __RTC_Terminate            1000d44d f   LIBCMT:initsect.obj
 0001:0000c479       ??0bad_alloc@std@@QAE@ABV01@@Z 1000d479 f i LIBCMT:throw_bad_alloc.obj
 0001:0000c494       ??0bad_alloc@std@@QAE@XZ   1000d494 f i LIBCMT:throw_bad_alloc.obj
 0001:0000c4ac       ??0bad_array_new_length@std@@QAE@ABV01@@Z 1000d4ac f i LIBCMT:throw_bad_alloc.obj
 0001:0000c4c7       ??0bad_array_new_length@std@@QAE@XZ 1000d4c7 f i LIBCMT:throw_bad_alloc.obj
 0001:0000c4df       ??0exception@std@@QAE@ABV01@@Z 1000d4df f i LIBCMT:throw_bad_alloc.obj
 0001:0000c50b       ??1bad_array_new_length@std@@UAE@XZ 1000d50b f i LIBCMT:throw_bad_alloc.obj
 0001:0000c50b       ??1bad_alloc@std@@UAE@XZ   1000d50b f i LIBCMT:throw_bad_alloc.obj
 0001:0000c50b       ??1bad_exception@std@@UAE@XZ 1000d50b f i libvcruntime:frame.obj
 0001:0000c51c       ??_Gbad_exception@std@@UAEPAXI@Z 1000d51c f i libvcruntime:frame.obj
 0001:0000c51c       ??_Gexception@std@@UAEPAXI@Z 1000d51c f i LIBCMT:throw_bad_alloc.obj
 0001:0000c51c       ??_Eexception@std@@UAEPAXI@Z 1000d51c f i LIBCMT:throw_bad_alloc.obj
 0001:0000c51c       ??_Gbad_array_new_length@std@@UAEPAXI@Z 1000d51c f i LIBCMT:throw_bad_alloc.obj
 0001:0000c51c       ??_Ebad_array_new_length@std@@UAEPAXI@Z 1000d51c f i LIBCMT:throw_bad_alloc.obj
 0001:0000c51c       ??_Ebad_exception@std@@UAEPAXI@Z 1000d51c f i libvcruntime:frame.obj
 0001:0000c51c       ??_Gbad_alloc@std@@UAEPAXI@Z 1000d51c f i LIBCMT:throw_bad_alloc.obj
 0001:0000c51c       ??_Ebad_alloc@std@@UAEPAXI@Z 1000d51c f i LIBCMT:throw_bad_alloc.obj
 0001:0000c549       ?__scrt_throw_std_bad_alloc@@YAXXZ 1000d549 f   LIBCMT:throw_bad_alloc.obj
 0001:0000c566       ?__scrt_throw_std_bad_array_new_length@@YAXXZ 1000d566 f   LIBCMT:throw_bad_alloc.obj
 0001:0000c583       ?what@exception@std@@UBEPBDXZ 1000d583 f i LIBCMT:throw_bad_alloc.obj
 0001:0000c590       ??_Gtype_info@@UAEPAXI@Z   1000d590 f i LIBCMT:std_type_info_static.obj
 0001:0000c590       ??_Etype_info@@UAEPAXI@Z   1000d590 f i LIBCMT:std_type_info_static.obj
 0001:0000c5b3       ??0CAtlBaseModule@ATL@@QAE@XZ 1000d5b3 f   atls:atlbase.obj
 0001:0000c606       ??0_ATL_BASE_MODULE70@ATL@@QAE@XZ 1000d606 f i atls:atlbase.obj
 0001:0000c629       ??1CAtlBaseModule@ATL@@QAE@XZ 1000d629 f   atls:atlbase.obj
 0001:0000c716       ?Init@_stdcallthunk@ATL@@QAEHKPAX@Z 1000d716 f i atls:atlthunk.obj
 0001:0000c74b       ?__AllocStdCallThunk_cmn@@YAPAXXZ 1000d74b f   atls:atlthunk.obj
 0001:0000c811       ?__FreeStdCallThunk_cmn@@YAXPAX@Z 1000d811 f   atls:atlthunk.obj
 0001:0000c8ad       _AtlThunk_AllocateData@0   1000d8ad f   atls:atlthunk.obj
 0001:0000c912       _AtlThunk_DataToCode@4     1000d912 f   atls:atlthunk.obj
 0001:0000c959       _AtlThunk_FreeData@4       1000d959 f   atls:atlthunk.obj
[...]
 0002:00006480       CC                         10026480     libucrt:log10_pentium4.obj
 0002:00006490       Magic                      10026490     libucrt:log10_pentium4.obj
 0002:000064a0       hi_mask                    100264a0     libucrt:log10_pentium4.obj
 0002:000064b0       LOG10_2                    100264b0     libucrt:log10_pentium4.obj
 0002:000064c0       place_L                    100264c0     libucrt:log10_pentium4.obj
 0002:000064e0       One                        100264e0     libucrt:log10_pentium4.obj
 0002:000064f0       Zero                       100264f0     libucrt:log10_pentium4.obj
 0002:00006500       Two52                      10026500     libucrt:log10_pentium4.obj
 0002:00006510       Infs                       10026510     libucrt:log10_pentium4.obj
 0002:00006520       NaN                        10026520     libucrt:log10_pentium4.obj
 0002:00006530       coeff                      10026530     libucrt:log10_pentium4.obj
 0002:0000658e       _log2max                   1002658e     libucrt:87tran.obj
 0002:00006598       _smallarg                  10026598     libucrt:87tran.obj
 0002:000065a2       _half                      100265a2     libucrt:87tran.obj
 0002:000065ee       One                        100265ee     libucrt:87disp.obj
 0002:000065f6       Three                      100265f6     libucrt:87disp.obj
 0002:000065fe       XAMtoTagTab                100265fe     libucrt:87disp.obj
 0002:00006610       One                        10026610     libucrt:common.obj
 0002:00006624       DblMax                     10026624     libucrt:common.obj
 0002:0000662c       DblMin                     1002662c     libucrt:common.obj
 0002:00006634       IeeeAdjO                   10026634     libucrt:common.obj
 0002:0000663c       IeeeAdjU                   1002663c     libucrt:common.obj
 0002:00006644       _infinity                  10026644     libucrt:common.obj
 0002:0000664c       _zero                      1002664c     libucrt:common.obj
 0002:00006698       _over                      10026698     libucrt:fpctrl.obj
 0002:000066a4       _under                     100266a4     libucrt:fpctrl.obj
 0002:00006ed8       ?_names@?1??_get_fname@@9@4QBU<unnamed-type-_names>@?1??1@YAPADI@Z@B 10026ed8     libucrt:fpexcept.obj
 0002:00007080       two32                      10027080     LIBCMT:ftol2.obj
 0002:00007084       two63                      10027084     LIBCMT:ftol2.obj
 0002:00007088       _NaN                       10027088     LIBCMT:ftol2.obj
 0002:000077d0       __sehtable$?_AtlVerifyStackAvailable@_ATL_SAFE_ALLOCA_IMPL@ATL@@YA_NK@Z 100277d0     Totals.obj
 0002:000077f0       __sehtable$___scrt_is_nonwritable_in_current_image 100277f0     LIBCMT:utility.obj
 0002:0000780c       __catchsym$??2@YAPAXIABUnothrow_t@std@@@Z$2 1002780c     LIBCMT:new_scalar_nothrow.obj
 0002:0000781c       __unwindtable$??2@YAPAXIABUnothrow_t@std@@@Z 1002781c     LIBCMT:new_scalar_nothrow.obj
 0002:0000782c       __tryblocktable$??2@YAPAXIABUnothrow_t@std@@@Z 1002782c     LIBCMT:new_scalar_nothrow.obj
 0002:00007840       __ehfuncinfo$??2@YAPAXIABUnothrow_t@std@@@Z 10027840     LIBCMT:new_scalar_nothrow.obj
 0002:00007868       __sehtable$?dllmain_crt_process_attach@@YAHQAUHINSTANCE__@@QAX@Z 10027868     LIBCMT:dll_dllmain.obj
 0002:00007888       __sehtable$?dllmain_crt_process_detach@@YAH_N@Z 10027888     LIBCMT:dll_dllmain.obj
 0002:000078b0       __sehtable$?dllmain_dispatch@@YAHQAUHINSTANCE__@@KQAX@Z 100278b0     LIBCMT:dll_dllmain.obj
 0002:00007960       __sehtable$___DestructExceptionObject 10027960     libvcruntime:ehhelpers.obj
 0002:00007980       __sehtable$?FrameUnwindToState@__FrameHandler3@@SAXPAUEHRegistrationNode@@PAXPBU_s_FuncInfo@@H@Z 10027980     libvcruntime:frame.obj
 0002:000079a8       __sehtable$?CallCatchBlock@@YAPAXPAUEHExceptionRecord@@PAUEHRegistrationNode@@PAU_CONTEXT@@PBU_s_FuncInfo@@PAXHK@Z 100279a8     libvcruntime:frame.obj
 0002:000079d0       __catchsym$?CallUnexpected@@YAXPBU_s_ESTypeList@@@Z$2 100279d0     libvcruntime:frame.obj
 0002:000079e0       __unwindtable$?CallUnexpected@@YAXPBU_s_ESTypeList@@@Z 100279e0     libvcruntime:frame.obj
 0002:000079f0       __tryblocktable$?CallUnexpected@@YAXPBU_s_ESTypeList@@@Z 100279f0     libvcruntime:frame.obj
 0002:00007a04       __ehfuncinfo$?CallUnexpected@@YAXPBU_s_ESTypeList@@@Z 10027a04     libvcruntime:frame.obj
 0002:00007a28       __sehtable$??$BuildCatchObjectHelperInternal@V__FrameHandler3@@@@YAHPAUEHExceptionRecord@@PAXPBU_s_HandlerType@@PBU_s_CatchableType@@@Z 10027a28     libvcruntime:frame.obj
 0002:00007a48       __sehtable$??$BuildCatchObjectInternal@V__FrameHandler3@@@@YAXPAUEHExceptionRecord@@PAXPBU_s_HandlerType@@PBU_s_CatchableType@@@Z 10027a48     libvcruntime:frame.obj
 0002:00007a9c       __ehfuncinfo$?write_double_translated_ansi_nolock@@YA?AUwrite_result@?A0x17268360@@HQBDIAAV__crt_cached_ptd_host@@@Z 10027a9c     libucrt:write.obj
 0002:00007a9c       __ehfuncinfo$?try_cor_exit_process@@YAXI@Z 10027a9c     libucrt:exit.obj
 0002:00007ac0       __unwindtable$?common_exit@@YAXHW4_crt_exit_cleanup_mode@@W4_crt_exit_return_mode@@@Z 10027ac0     libucrt:exit.obj
 0002:00007ac8       __ehfuncinfo$?common_exit@@YAXHW4_crt_exit_cleanup_mode@@W4_crt_exit_return_mode@@@Z 10027ac8     libucrt:exit.obj
 0002:00007af0       __sehtable$??R<lambda_6e4b09c48022b2350581041d5f6b0c4c>@@QBE@XZ 10027af0     libucrt:exit.obj
 0002:00007b10       __sehtable$??$?RV<lambda_03b1d95aef87969028cfba75ccab2455>@@AAV<lambda_6e4b09c48022b2350581041d5f6b0c4c>@@V<lambda_22bdf7517842c4b3e53723af5aa32b9e>@@@?$__crt_seh_guarded_call@X@@QAEX$$QAV<lambda_03b1d95aef87969028cfba75ccab2455>@@AAV<lambda_6e4b09c48022b2350581041d5f6b0c4c>@@$$QAV<lambda_22bdf7517842c4b3e53723af5aa32b9e>@@@Z 10027b10     libucrt:exit.obj
 0002:00007b2c       __unwindtable$___dcrt_uninitialize_environments_nolock 10027b2c     libucrt:environment_initialization.obj
 0002:00007b3c       __ehfuncinfo$___dcrt_uninitialize_environments_nolock 10027b3c     libucrt:environment_initialization.obj
 0002:00007b60       __unwindtable$__execute_onexit_table 10027b60     libucrt:onexit.obj
 0002:00007b68       __ehfuncinfo$__execute_onexit_table 10027b68     libucrt:onexit.obj
 0002:00007b90       __sehtable$??$?RV<lambda_8e746cf0007f6ed984d6f78af1fec997>@@AAV<lambda_22ebabd17bc4fa466a2aca6d8deb888d>@@V<lambda_18ed0c0b38a6dc0daf1e7ac6d6adf05e>@@@?$__crt_seh_guarded_call@H@@QAEH$$QAV<lambda_8e746cf0007f6ed984d6f78af1fec997>@@AAV<lambda_22ebabd17bc4fa466a2aca6d8deb888d>@@$$QAV<lambda_18ed0c0b38a6dc0daf1e7ac6d6adf05e>@@@Z 10027b90     libucrt:onexit.obj
 0002:00007bb0       __sehtable$??$?RV<lambda_69a2805e680e0e292e8ba93315fe43a8>@@AAV<lambda_f03950bc5685219e0bcd2087efbe011e>@@V<lambda_03fcd07e894ec930e3f35da366ca99d6>@@@?$__crt_seh_guarded_call@H@@QAEH$$QAV<lambda_69a2805e680e0e292e8ba93315fe43a8>@@AAV<lambda_f03950bc5685219e0bcd2087efbe011e>@@$$QAV<lambda_03fcd07e894ec930e3f35da366ca99d6>@@@Z 10027bb0     libucrt:onexit.obj
 0002:00007bd0       __sehtable$__query_new_handler 10027bd0     libucrt:new_handler.obj
 0002:00007bf0       __sehtable$_terminate      10027bf0     libucrt:terminate.obj
 0002:00007c10       __sehtable$??$?RV<lambda_15ade71b0218206bbe3333a0c9b79046>@@AAV<lambda_da44e0f8b0f19ba52fefafb335991732>@@V<lambda_207f2d024fc103971653565357d6cd41>@@@?$__crt_seh_guarded_call@X@@QAEX$$QAV<lambda_15ade71b0218206bbe3333a0c9b79046>@@AAV<lambda_da44e0f8b0f19ba52fefafb335991732>@@$$QAV<lambda_207f2d024fc103971653565357d6cd41>@@@Z 10027c10     libucrt:per_thread_data.obj
 0002:00007c30       __sehtable$??$?RV<lambda_a7e850c220f1c8d1e6efeecdedd162c6>@@AAV<lambda_46720907175c18b6c9d2717bc0d2d362>@@V<lambda_9048902d66e8d99359bc9897bbb930a8>@@@?$__crt_seh_guarded_call@X@@QAEX$$QAV<lambda_a7e850c220f1c8d1e6efeecdedd162c6>@@AAV<lambda_46720907175c18b6c9d2717bc0d2d362>@@$$QAV<lambda_9048902d66e8d99359bc9897bbb930a8>@@@Z 10027c30     libucrt:per_thread_data.obj
 0002:00007c50       __sehtable$??$?RV<lambda_38edbb1296d33220d7e4dd0ed76b244a>@@AAV<lambda_5ce1d447e08cb34b2473517608e21441>@@V<lambda_fb385d3da700c9147fc39e65dd577a8c>@@@?$__crt_seh_guarded_call@X@@QAEX$$QAV<lambda_38edbb1296d33220d7e4dd0ed76b244a>@@AAV<lambda_5ce1d447e08cb34b2473517608e21441>@@$$QAV<lambda_fb385d3da700c9147fc39e65dd577a8c>@@@Z 10027c50     libucrt:per_thread_data.obj
 0002:00007c70       __sehtable$??$?RV<lambda_6affb1475c98b40b75cdec977db92e3c>@@AAV<lambda_b8d4b9c228a6ecc3f80208dbb4b4a104>@@V<lambda_608742c3c92a14382c1684fc64f96c88>@@@?$__crt_seh_guarded_call@X@@QAEX$$QAV<lambda_6affb1475c98b40b75cdec977db92e3c>@@AAV<lambda_b8d4b9c228a6ecc3f80208dbb4b4a104>@@$$QAV<lambda_608742c3c92a14382c1684fc64f96c88>@@@Z 10027c70     libucrt:per_thread_data.obj
 0002:00007c90       __sehtable$??$?RV<lambda_e5124f882df8998aaf41531e079ba474>@@AAV<lambda_3e16ef9562a7dcce91392c22ab16ea36>@@V<lambda_e25ca0880e6ef98be67edffd8c599615>@@@?$__crt_seh_guarded_call@X@@QAEX$$QAV<lambda_e5124f882df8998aaf41531e079ba474>@@AAV<lambda_3e16ef9562a7dcce91392c22ab16ea36>@@$$QAV<lambda_e25ca0880e6ef98be67edffd8c599615>@@@Z 10027c90     libucrt:wsetlocale.obj
 0002:00007cb0       __sehtable$___acrt_initialize_lowio 10027cb0     libucrt:ioinit.obj
 0002:00007cd0       __sehtable$?update_thread_multibyte_data_internal@@YAPAU__crt_multibyte_data@@QAU__acrt_ptd@@QAPAU1@@Z 10027cd0     libucrt:mbctype.obj
 0002:00007cf0       __sehtable$??$?RV<lambda_ceb1ee4838e85a9d631eb091e2fbe199>@@AAV<lambda_ae742caa10f662c28703da3d2ea5e57e>@@V<lambda_cd08b5d6af4937fe54fc07d0c9bf6b37>@@@?$__crt_seh_guarded_call@X@@QAEX$$QAV<lambda_ceb1ee4838e85a9d631eb091e2fbe199>@@AAV<lambda_ae742caa10f662c28703da3d2ea5e57e>@@$$QAV<lambda_cd08b5d6af4937fe54fc07d0c9bf6b37>@@@Z 10027cf0     libucrt:mbctype.obj
 0002:00007d10       __sehtable$_raise          10027d10     libucrt:signal.obj
 0002:00007d30       __sehtable$??$?RV<lambda_cbab9ec6f41b0180b23cc171c22676b0>@@AAV<lambda_44731a7d0e6d81c3e6aa82d741081786>@@V<lambda_4b292cb8dd18144e164572427af410ab>@@@?$__crt_seh_guarded_call@P6AXH@Z@@QAEP6AXH@Z$$QAV<lambda_cbab9ec6f41b0180b23cc171c22676b0>@@AAV<lambda_44731a7d0e6d81c3e6aa82d741081786>@@$$QAV<lambda_4b292cb8dd18144e164572427af410ab>@@@Z 10027d30     libucrt:signal.obj
 0002:00007d50       __sehtable$??$?RV<lambda_2866be3712abc81a800a822484c830d8>@@AAV<lambda_39ca0ed439415581b5b15c265174cece>@@V<lambda_2b24c74d71094a6cd0cb82e44167d71b>@@@?$__crt_seh_guarded_call@X@@QAEX$$QAV<lambda_2866be3712abc81a800a822484c830d8>@@AAV<lambda_39ca0ed439415581b5b15c265174cece>@@$$QAV<lambda_2b24c74d71094a6cd0cb82e44167d71b>@@@Z 10027d50     libucrt:fflush.obj
 0002:00007d70       __sehtable$??$?RV<lambda_2cc53f568c5a2bb6f192f930a45d44ea>@@AAV<lambda_ab61a845afdef5b7c387490eaf3616ee>@@V<lambda_c2ffc0b7726aa6be21d5f0026187e748>@@@?$__crt_seh_guarded_call@X@@QAEX$$QAV<lambda_2cc53f568c5a2bb6f192f930a45d44ea>@@AAV<lambda_ab61a845afdef5b7c387490eaf3616ee>@@$$QAV<lambda_c2ffc0b7726aa6be21d5f0026187e748>@@@Z 10027d70     libucrt:fflush.obj
 0002:00007d90       __sehtable$___acrt_update_thread_locale_data 10027d90     libucrt:locale_refcounting.obj
 0002:00007db0       __sehtable$__fcloseall     10027db0     libucrt:closeall.obj
 0002:00007dd0       __sehtable$___acrt_lowio_ensure_fh_exists 10027dd0     libucrt:osfinfo.obj
 0002:00007df0       __sehtable$??$?RV<lambda_9e9de3de5fa147e2223d7db92bc10aa6>@@AAV<lambda_38ce7e780aa69e748d6df282ebc68efe>@@V<lambda_8ca6da459f0f6780f1cff60fdc3d00e5>@@@?$__crt_seh_guarded_call@H@@QAEH$$QAV<lambda_9e9de3de5fa147e2223d7db92bc10aa6>@@AAV<lambda_38ce7e780aa69e748d6df282ebc68efe>@@$$QAV<lambda_8ca6da459f0f6780f1cff60fdc3d00e5>@@@Z 10027df0     libucrt:commit.obj
 0002:00007e10       __sehtable$__write_internal 10027e10     libucrt:write.obj
 0002:00007e30       __sehtable$?_fclose_internal@@YAHQAU_iobuf@@AAV__crt_cached_ptd_host@@@Z 10027e30     libucrt:fclose.obj
 0002:00007e50       __sehtable$??$?RV<lambda_d422a76eb4c3bf3ad751449ab71a6ea4>@@AAV<lambda_c9ba49e555ba839a7b07aa3fbecb7617>@@V<lambda_9476263c8ee91a25d21c55370bdb50de>@@@?$__crt_seh_guarded_call@H@@QAEH$$QAV<lambda_d422a76eb4c3bf3ad751449ab71a6ea4>@@AAV<lambda_c9ba49e555ba839a7b07aa3fbecb7617>@@$$QAV<lambda_9476263c8ee91a25d21c55370bdb50de>@@@Z 10027e50     libucrt:close.obj
 0002:00007e70       __sehtable$___set_fpsr_sse2 10027e70     libucrt:fpctrl.obj
 0002:00007e90       __sehtable$__IsNonwritableInCurrentImage 10027e90     LIBCMT:pesect.obj
 0002:00007ec0       .edata                     10027ec0     OPOSTotals.exp
 0002:00007ee8       rgpv                       10027ee8     OPOSTotals.exp
 0002:00007ef8       rgszName                   10027ef8     OPOSTotals.exp
 0002:00007f08       rgwOrd                     10027f08     OPOSTotals.exp
 0002:00007f10       szName                     10027f10     OPOSTotals.exp
 0002:00007f1f       $N00001                    10027f1f     OPOSTotals.exp
 0002:00007f2f       $N00002                    10027f2f     OPOSTotals.exp
 0002:00007f41       $N00003                    10027f41     OPOSTotals.exp
 0002:00007f53       $N00004                    10027f53     OPOSTotals.exp
 0002:00008562       .idata$6                   10028562     kernel32:KERNEL32.dll
 0002:00008776       .idata$6                   10028776     user32:USER32.dll
 0002:000088aa       .idata$6                   100288aa     gdi32:GDI32.dll
 0002:00008950       .idata$6                   10028950     advapi32:ADVAPI32.dll
 0002:00008a6c       .idata$6                   10028a6c     ole32:ole32.dll
 0002:00008a76       .idata$6                   10028a76     oleaut32:OLEAUT32.dll
 0003:00000110       ?ObjectMap@@3PAU_ATL_OBJMAP_ENTRY30@ATL@@A 10029110     Totals.obj
 0003:000001c0       ?s_SOMethodNames@@3PAPADA  100291c0     TotalsImpl.obj
 0003:00000240       ?s_RequiredMethodsPerRelease@@3PAHA 10029240     TotalsImpl.obj
 0003:00000280       ?__vcrt_flsindex@@3KA      10029280     libvcruntime:per_thread_data.obj
 0003:000002a0       ?errno_no_memory@@3HA      100292a0     libucrt:errno.obj
 0003:000002a4       ?doserrno_no_memory@@3KA   100292a4     libucrt:errno.obj
 0003:000002b0       ?__acrt_flsindex@@3KA      100292b0     libucrt:per_thread_data.obj
 0003:00000648       __mbctypes                 10029648     libucrt:mbctype.obj
 0003:00000750       __mbcasemaps               10029750     libucrt:mbctype.obj
 0003:00000850       ?__rgctypeflag@@3PADA      10029850     libucrt:mbctype.obj
 0003:00000858       ?__rgcode_page_info@@3PAUcode_page_info@@A 10029858     libucrt:mbctype.obj
 0003:00000ab0       ?__dcrt_lowio_console_output_handle@@3PAXA 10029ab0     libucrt:initcon.obj
 0003:00000ab4       ?__DAZ_ENABLED@?1??__set_fpsr_sse2@@9@9 10029ab4     libucrt:fpctrl.obj
 0003:00000c48       ?is_initialized_as_dll@@3_NA 10029c48     LIBCMT:utility.obj
 0003:00000c49       ?module_local_atexit_table_initialized@@3_NA 10029c49     LIBCMT:utility.obj
 0003:00000c4c       ?module_local_atexit_table@@3U_onexit_table_t@@A 10029c4c     LIBCMT:utility.obj
 0003:00000c58       ?module_local_at_quick_exit_table@@3U_onexit_table_t@@A 10029c58     LIBCMT:utility.obj
 0003:00000c64       ?g_tss_cv@@3U_RTL_CONDITION_VARIABLE@@A 10029c64     LIBCMT:thread_safe_statics.obj
 0003:00000c68       ?g_tss_event@@3PAXA        10029c68     LIBCMT:thread_safe_statics.obj
 0003:00000c6c       ?g_tss_mutex@@3U_RTL_CRITICAL_SECTION@@A 10029c6c     LIBCMT:thread_safe_statics.obj
 0003:00000c84       ?g_sleep_condition_variable_cs@@3P6GHPAU_RTL_CONDITION_VARIABLE@@PAU_RTL_CRITICAL_SECTION@@K@ZA 10029c84     LIBCMT:thread_safe_statics.obj
 0003:00000c88       ?g_wake_all_condition_variable@@3P6GXPAU_RTL_CONDITION_VARIABLE@@@ZA 10029c88     LIBCMT:thread_safe_statics.obj
 0003:00000c90       _GS_ExceptionRecord        10029c90     LIBCMT:gs_report.obj
 0003:00000ce0       _GS_ContextRecord          10029ce0     LIBCMT:gs_report.obj
 0003:00000fb0       ?__proc_attached@@3HA      10029fb0     LIBCMT:dll_dllmain.obj
 0003:0000100c       ?AllocateData@@3P6GPAUAtlThunkData_t@@XZA 1002a00c     atls:atlthunk.obj
 0003:00001010       ?InitData@@3P6GXPAUAtlThunkData_t@@PAXI@ZA 1002a010     atls:atlthunk.obj
 0003:00001014       ?DataToCode@@3P6GP6GJPAUHWND__@@IIJ@ZPAUAtlThunkData_t@@@ZA 1002a014     atls:atlthunk.obj
 0003:00001018       ?FreeData@@3P6GXPAUAtlThunkData_t@@@ZA 1002a018     atls:atlthunk.obj
 0003:0000101c       ?Initialized@@3_NA         1002a01c     atls:atlthunk.obj
 0003:0000102c       ?__vcrt_startup_thread_ptd@@3U__vcrt_ptd@@A 1002a02c     libvcruntime:per_thread_data.obj
 0003:00001054       ___vcrt_lock_table         1002a054     libvcruntime:locks.obj
 0003:0000106c       ___vcrt_locks_initialized  1002a06c     libvcruntime:locks.obj
 0003:00001098       ?heap@@3V_HeapManager@@A   1002a098     libvcruntime:undname.obj
 0003:000010ac       ?module_handles@@3PAPAUHINSTANCE__@@A 1002a0ac     libvcruntime:winapi_downlevel.obj
 0003:000010b8       ?function_pointers@@3PAPAXA 1002a0b8     libvcruntime:winapi_downlevel.obj
 0003:000010cc       ?__acrt_invalid_parameter_handler@@3V?$dual_state_global@P6AXPB_W00II@Z@__crt_state_management@@A 1002a0cc     libucrt:invalid_parameter.obj
 0003:000010d0       ?c_termination_complete@@3JA 1002a0d0     libucrt:exit.obj
 0003:000010d4       ?thread_local_exit_callback_func@@3P6GXPAXK0@ZA 1002a0d4     libucrt:exit.obj
 0003:000010e0       ?program_name@?1???$common_configure_argv@D@@YAHW4_crt_argv_mode@@@Z@4PADA 1002a0e0     libucrt:argv_parsing.obj
 0003:00001210       ?__acrt_new_handler@@3V?$dual_state_global@P6AHI@Z@__crt_state_management@@A 1002a210     libucrt:new_handler.obj
 0003:00001220       ?module_handles@@3PAPAUHINSTANCE__@@A 1002a220     libucrt:winapi_thunks.obj
 0003:00001270       ?encoded_function_pointers@@3PAPAXA 1002a270     libucrt:winapi_thunks.obj
 0003:000012f8       ?internal_state@?1??_mbtowc_internal@@9@4U_Mbstatet@@A 1002a2f8     libucrt:mbtowc.obj
 0003:00001308       ?enable_percent_n@@3IA     1002a308     libucrt:printf_count_output.obj
 0003:00001520       ?__acrt_lock_table@@3PAU_RTL_CRITICAL_SECTION@@A 1002a520     libucrt:locks.obj
 0003:00001670       ?__acrt_locks_initialized@@3IA 1002a670     libucrt:locks.obj
 0003:00001680       ?fSystemSet@@3HA           1002a680     libucrt:mbctype.obj
 0003:00001684       ?initialized@?1??__acrt_initialize_multibyte@@9@4_NA 1002a684     libucrt:mbctype.obj
 0003:000016a4       ?ctrlc_action@@3V?$dual_state_global@P6AXH@Z@__crt_state_management@@A 1002a6a4     libucrt:signal.obj
 0003:000016a8       ?ctrlbreak_action@@3V?$dual_state_global@P6AXH@Z@__crt_state_management@@A 1002a6a8     libucrt:signal.obj
 0003:000016ac       ?abort_action@@3V?$dual_state_global@P6AXH@Z@__crt_state_management@@A 1002a6ac     libucrt:signal.obj
 0003:000016b0       ?term_action@@3V?$dual_state_global@P6AXH@Z@__crt_state_management@@A 1002a6b0     libucrt:signal.obj
 0003:000016b4       ?user_matherr@@3V?$dual_state_global@P6AHPAU_exception@@@Z@__crt_state_management@@A 1002a6b4     libucrt:matherr.obj
 0003:000016c0       ?__acrt_global_new_mode@@3V?$dual_state_global@J@__crt_state_management@@A 1002a6c0     libucrt:new_mode.obj
 0003:000016c4       ?internal_pst@?1??__mbrtoc32_utf8@__crt_mbstring@@YAIPA_UPBDIPAU_Mbstatet@@AAV__crt_cached_ptd_host@@@Z@4U3@A 1002a6c4     libucrt:mbrtoc32.obj
 0003:000016cc       ?__acrt_app_type@@3W4_crt_app_type@@A 1002a6cc     libucrt:report_runtime_error.obj
 0003:000016d4       __pmatherr_set             1002a6d4     libucrt:libm_error.obj
 0004:00000220       $R000000                   1002b220     Totals.res
 0004:00000ba0       $R000980                   1002bba0     Totals.res
 0004:00000c88       $R000A68                   1002bc88     Totals.res
 0004:00000ef0       $R000CD0                   1002bef0     Totals.res
 0004:00001438       $R001218                   1002c438     Totals.res
 0004:00004160       $R003F40                   1002f160     Totals.res
 0004:00004190       $R003F70                   1002f190     Totals.res
