 OPOSRemoteOrderDisplay

 Timestamp is 61a75ac6 (Wed Dec  1 20:21:42 2021)

 Preferred load address is 10000000

 Start         Length     Name                   Class
 0001:00000000 00000080H .text$di                CODE
 0001:00000080 0001f7c8H .text$mn                CODE
 0001:0001f848 000000d8H .text$x                 CODE
 0001:0001f920 00000042H .text$yd                CODE
 0002:00000000 000002fcH .idata$5                DATA
 0002:000002fc 00000008H .00cfg                  DATA
 0002:00000304 00000004H .CRT$XCA                DATA
 0002:00000308 00000004H .CRT$XCL                DATA
 0002:0000030c 00000010H .CRT$XCU                DATA
 0002:0000031c 00000004H .CRT$XCZ                DATA
 0002:00000320 00000004H .CRT$XIA                DATA
 0002:00000324 00000010H .CRT$XIC                DATA
 0002:00000334 00000004H .CRT$XIZ                DATA
 0002:00000338 00000004H .CRT$XLA                DATA
 0002:0000033c 00000004H .CRT$XLZ                DATA
 0002:00000340 00000004H .CRT$XPA                DATA
 0002:00000344 00000008H .CRT$XPX                DATA
 0002:0000034c 00000004H .CRT$XPXA               DATA
 0002:00000350 00000004H .CRT$XPZ                DATA
 0002:00000354 00000004H .CRT$XTA                DATA
 0002:00000358 00000008H .CRT$XTZ                DATA
 0002:0000035c 00000000H .gfids$y                DATA
 0002:00000360 00007060H .rdata                  DATA
 0002:000073c0 00000000H .rdata$CastGuardVftablesA DATA
 0002:000073c0 00000000H .rdata$CastGuardVftablesC DATA
 0002:000073c0 00000018H .rdata$T                DATA
 0002:000073d8 00000178H .rdata$r                DATA
 0002:00007550 0000002cH .rdata$sxdata           DATA
 0002:0000757c 00000030H .rdata$voltmd           DATA
 0002:000075ac 00000414H .rdata$zzzdbg           DATA
 0002:000079c0 00000004H .rtc$IAA                DATA
 0002:000079c4 00000004H .rtc$IZZ                DATA
 0002:000079c8 00000004H .rtc$TAA                DATA
 0002:000079cc 00000004H .rtc$TZZ                DATA
 0002:000079d0 00000004H .tls                    DATA
 0002:000079d4 00000004H .tls$                   DATA
 0002:000079d8 00000008H .tls$ZZZ                DATA
 0002:000079e0 000006dcH .xdata$x                DATA
 0002:000080bc 00000004H ATL$__a                 DATA
 0002:000080c0 00000010H ATL$__z                 DATA
 0002:000080d0 000000b4H .edata                  DATA
 0002:00008184 00000078H .idata$2                DATA
 0002:000081fc 00000014H .idata$3                DATA
 0002:00008210 000002fcH .idata$4                DATA
 0002:0000850c 00000bceH .idata$6                DATA
 0003:00000000 00000b00H .data                   DATA
 0003:00000b00 00000080H .data$r                 DATA
 0003:00000b80 00000018H .data$rs                DATA
 0003:00000b98 00000b80H .bss                    DATA
 0004:00000000 00000220H .rsrc$01                DATA
 0004:00000220 000056b0H .rsrc$02                DATA

  Address         Publics by Value              Rva+Base       Lib:Object

 0000:00000000       ___guard_fids_count        00000000     <absolute>
 0000:00000000       ___guard_longjmp_table     00000000     <absolute>
 0000:00000000       ___guard_eh_cont_table     00000000     <absolute>
 0000:00000000       ___arm64x_extra_rfe_table  00000000     <absolute>
 0000:00000000       ___arm64x_redirection_metadata 00000000     <absolute>
 0000:00000000       ___guard_eh_cont_count     00000000     <absolute>
 0000:00000000       ___guard_iat_count         00000000     <absolute>
 0000:00000000       __except_list              00000000     <absolute>
 0000:00000000       ___x64_code_ranges_to_entry_points_count 00000000     <absolute>
 0000:00000000       ___hybrid_code_map_count   00000000     <absolute>
 0000:00000000       ___x64_code_ranges_to_entry_points 00000000     <absolute>
 0000:00000000       ___guard_iat_table         00000000     <absolute>
 0000:00000000       ___arm64x_native_entrypoint 00000000     <absolute>
 0000:00000000       ___hybrid_code_map         00000000     <absolute>
 0000:00000000       ___arm64x_extra_rfe_table_size 00000000     <absolute>
 0000:00000000       ___guard_longjmp_count     00000000     <absolute>
 0000:00000000       ___guard_check_icall_a64n_fptr 00000000     <absolute>
 0000:00000000       ___arm64x_redirection_metadata_count 00000000     <absolute>
 0000:00000000       ___hybrid_auxiliary_iat    00000000     <absolute>
 0000:00000000       ___dynamic_value_reloc_table 00000000     <absolute>
 0000:00000000       ___AbsoluteZero            00000000     <absolute>
 0000:00000000       ___enclave_config          00000000     <absolute>
 0000:00000000       ___guard_fids_table        00000000     <absolute>
 0000:00000000       ___hybrid_auxiliary_iat_copy 00000000     <absolute>
 0000:0000000b       ___safe_se_handler_count   0000000b     <absolute>
 0000:0000002c       __tls_array                0000002c     <absolute>
 0000:00000100       ___guard_flags             00000100     <absolute>
 0000:00000000       ___ImageBase               10000000     <linker-defined>
 0001:00000080       ?DupWide@_CW@@AAEXXZ       10001080 f   CWString.obj
 0001:0000009c       ?cw_dup@@YGXPBDAAHAAPA_W1@Z 1000109c f   CWString.obj
 0001:00000124       ?cw_memcpy@@YGHPA_WPBDH@Z  10001124 f   CWString.obj
 0001:00000150       ?cw_strcpy@@YAHPA_WPBD@Z   10001150 f   CWString.obj
 0001:00000163       ?cw_strlen@@YAHPBD@Z       10001163 f   CWString.obj
 0001:0000017c       ??0CAtlComModule@ATL@@QAE@XZ 1000117c f i OposVariant.obj
 0001:000001c1       ??0CAtlWinModule@ATL@@QAE@XZ 100011c1 f i OposVariant.obj
 0001:000001f8       ??0OposDispParms@@QAE@PAVOposVariant@@H@Z 100011f8 f   OposVariant.obj
 0001:00000269       ??1OposDispParms@@QAE@XZ   10001269 f   OposVariant.obj
 0001:00000277       ??A?$CSimpleArray@GV?$CSimpleArrayEqualHelper@G@ATL@@@ATL@@QAEAAGH@Z 10001277 f i OposVariant.obj
 0001:0000029c       ??_Estringdispid@CComTypeInfoHolder@ATL@@QAEPAXI@Z 1000129c f i OposVariant.obj
 0001:00000308       ?AtlWinModuleInit@ATL@@YGJPAU_ATL_WIN_MODULE70@1@@Z 10001308 f i OposVariant.obj
 0001:0000032e       ?AtlWinModuleTerm@ATL@@YGJPAU_ATL_WIN_MODULE70@1@PAUHINSTANCE__@@@Z 1000132e f i OposVariant.obj
 0001:00000391       ?ChangeBSTR@OposVariant@@QAEXPAPA_WAAJ@Z 10001391 f   OposVariant.obj
 0001:000003d2       ?ChangeLONG@OposVariant@@QAEXPAJAAJ@Z 100013d2 f   OposVariant.obj
 0001:00000413       ?GetLONG@OposVariant@@QAEJXZ 10001413 f   OposVariant.obj
 0001:0000042e       ?Init@CComCriticalSection@ATL@@QAEJXZ 1000142e f i OposVariant.obj
 0001:00000456       ?RemoveAll@?$CSimpleArray@PAUHINSTANCE__@@V?$CSimpleArrayEqualHelper@PAUHINSTANCE__@@@ATL@@@ATL@@QAEXXZ 10001456 f i atls:atlbase.obj
 0001:00000456       ?RemoveAll@?$CSimpleArray@GV?$CSimpleArrayEqualHelper@G@ATL@@@ATL@@QAEXXZ 10001456 f i OposVariant.obj
 0001:00000473       ?SetBSTR@OposVariant@@QAEXPA_WAAJ@Z 10001473 f   OposVariant.obj
 0001:000004a7       ?SetBSTR_Copy@OposVariant@@QAEXPA_WAAJ@Z 100014a7 f   OposVariant.obj
 0001:000004f7       ?SetBSTR_InOutPtr@OposVariant@@QAE_NPAPA_WAAJ@Z 100014f7 f   OposVariant.obj
 0001:0000052e       ?SetDispatch_Ptr@OposVariant@@QAEXPAUIDispatch@@AAJ@Z 1000152e f   OposVariant.obj
 0001:00000569       ?SetLONG@OposVariant@@QAEXJ@Z 10001569 f   OposVariant.obj
 0001:0000058b       ?SetLONG_Ptr@OposVariant@@QAEXPAJAAJ@Z 1000158b f   OposVariant.obj
 0001:000005be       ?SetString@OposVariant@@QAEXPB_WAAJ@Z 100015be f   OposVariant.obj
 0001:00000604       ?SetVARIANT_BOOL@OposVariant@@QAEXF@Z 10001604 f   OposVariant.obj
 0001:0000062e       ?Term@CAtlComModule@ATL@@QAEXXZ 1000162e f i OposVariant.obj
 0001:00000678       ?_AtlRaiseException@ATL@@YAXKK@Z 10001678 f i OposVariant.obj
 0001:0000068d       ?OnDrawAdvanced@CComControlBase@ATL@@UAEJAAUATL_DRAWINFO@@@Z 1000168d f i RemoteOrderDisplay.obj
 0001:00000780       ?ObjectMain@CComObjectRootBase@ATL@@SGX_N@Z 10001780 f i RemoteOrderDisplay.obj
 0001:00000780       ?OnFinalMessage@?$CWindowImplBaseT@VCWindow@ATL@@V?$CWinTraits@$0FGAAAAAA@$0A@@2@@ATL@@UAEXPAUHWND__@@@Z 10001780 f i RemoteOrderDisplay.obj
 0001:00000783       ?GetCategoryMap@CComObjectRootBase@ATL@@SAPBU_ATL_CATMAP_ENTRY@2@XZ 10001783 f i RemoteOrderDisplay.obj
 0001:00000783       ?GetObjectDescription@?$CComCoClass@VCOPOSRemoteOrderDisplay@@$1?CLSID_OPOSRemoteOrderDisplay@@3U_GUID@@B@ATL@@SGPB_WXZ 10001783 f i RemoteOrderDisplay.obj
 0001:00000786       ?Next@?$CComEnumImpl@UIEnumConnections@@$1?_GUID_b196b287_bab4_101a_b69c_00aa00341d07@@3U__s_GUID@@BUtagCONNECTDATA@@V?$_Copy@UtagCONNECTDATA@@@ATL@@@ATL@@UAGJKPAUtagCONNECTDATA@@PAK@Z 10001786 f i RemoteOrderDisplay.obj
 0001:00000855       ?Skip@?$CComEnumImpl@UIEnumConnections@@$1?_GUID_b196b287_bab4_101a_b69c_00aa00341d07@@3U__s_GUID@@BUtagCONNECTDATA@@V?$_Copy@UtagCONNECTDATA@@@ATL@@@ATL@@UAGJK@Z 10001855 f i RemoteOrderDisplay.obj
 0001:00000882       ?Reset@?$CComEnumImpl@UIEnumConnections@@$1?_GUID_b196b287_bab4_101a_b69c_00aa00341d07@@3U__s_GUID@@BUtagCONNECTDATA@@V?$_Copy@UtagCONNECTDATA@@@ATL@@@ATL@@UAGJXZ 10001882 f i RemoteOrderDisplay.obj
 0001:00000882       ?Reset@?$CComEnumImpl@UIEnumConnectionPoints@@$1?_GUID_b196b285_bab4_101a_b69c_00aa00341d07@@3U__s_GUID@@BPAUIConnectionPoint@@V?$_CopyInterface@UIConnectionPoint@@@ATL@@@ATL@@UAGJXZ 10001882 f i RemoteOrderDisplay.obj
 0001:00000894       ?Clone@?$CComEnumImpl@UIEnumConnections@@$1?_GUID_b196b287_bab4_101a_b69c_00aa00341d07@@3U__s_GUID@@BUtagCONNECTDATA@@V?$_Copy@UtagCONNECTDATA@@@ATL@@@ATL@@UAGJPAPAUIEnumConnections@@@Z 10001894 f i RemoteOrderDisplay.obj
 0001:00000975       ?AddRef@?$CComObject@V?$CComEnum@UIEnumConnectionPoints@@$1?_GUID_b196b285_bab4_101a_b69c_00aa00341d07@@3U__s_GUID@@BPAUIConnectionPoint@@V?$_CopyInterface@UIConnectionPoint@@@ATL@@VCComSingleThreadModel@6@@ATL@@@ATL@@UAGKXZ 10001975 f i RemoteOrderDisplay.obj
 0001:00000975       ?AddRef@?$CComObject@V?$CComEnum@UIEnumConnections@@$1?_GUID_b196b287_bab4_101a_b69c_00aa00341d07@@3U__s_GUID@@BUtagCONNECTDATA@@V?$_Copy@UtagCONNECTDATA@@@ATL@@VCComSingleThreadModel@6@@ATL@@@ATL@@UAGKXZ 10001975 f i RemoteOrderDisplay.obj
 0001:00000986       ?Release@?$CComObject@V?$CComEnum@UIEnumConnections@@$1?_GUID_b196b287_bab4_101a_b69c_00aa00341d07@@3U__s_GUID@@BUtagCONNECTDATA@@V?$_Copy@UtagCONNECTDATA@@@ATL@@VCComSingleThreadModel@6@@ATL@@@ATL@@UAGKXZ 10001986 f i RemoteOrderDisplay.obj
 0001:00000986       ?Release@?$CComObject@V?$CComEnum@UIEnumConnectionPoints@@$1?_GUID_b196b285_bab4_101a_b69c_00aa00341d07@@3U__s_GUID@@BPAUIConnectionPoint@@V?$_CopyInterface@UIConnectionPoint@@@ATL@@VCComSingleThreadModel@6@@ATL@@@ATL@@UAGKXZ 10001986 f i RemoteOrderDisplay.obj
 0001:000009c2       ?QueryInterface@?$CComObject@V?$CComEnum@UIEnumConnections@@$1?_GUID_b196b287_bab4_101a_b69c_00aa00341d07@@3U__s_GUID@@BUtagCONNECTDATA@@V?$_Copy@UtagCONNECTDATA@@@ATL@@VCComSingleThreadModel@6@@ATL@@@ATL@@UAGJABU_GUID@@PAPAX@Z 100019c2 f i RemoteOrderDisplay.obj
 0001:000009dc       ??_G?$CComObject@V?$CComEnum@UIEnumConnections@@$1?_GUID_b196b287_bab4_101a_b69c_00aa00341d07@@3U__s_GUID@@BUtagCONNECTDATA@@V?$_Copy@UtagCONNECTDATA@@@ATL@@VCComSingleThreadModel@6@@ATL@@@ATL@@UAEPAXI@Z 100019dc f i RemoteOrderDisplay.obj
 0001:000009dc       ??_E?$CComObject@V?$CComEnum@UIEnumConnections@@$1?_GUID_b196b287_bab4_101a_b69c_00aa00341d07@@3U__s_GUID@@BUtagCONNECTDATA@@V?$_Copy@UtagCONNECTDATA@@@ATL@@VCComSingleThreadModel@6@@ATL@@@ATL@@UAEPAXI@Z 100019dc f i RemoteOrderDisplay.obj
 0001:000009fe       ?CreateInstance@CComClassFactory@ATL@@UAGJPAUIUnknown@@ABU_GUID@@PAPAX@Z 100019fe f i RemoteOrderDisplay.obj
 0001:00000a3c       ?LockServer@CComClassFactory@ATL@@UAGJH@Z 10001a3c f i RemoteOrderDisplay.obj
 0001:00000a5b       ??_GCComClassFactory@ATL@@UAEPAXI@Z 10001a5b f i RemoteOrderDisplay.obj
 0001:00000a5b       ??_ECComClassFactory@ATL@@UAEPAXI@Z 10001a5b f i RemoteOrderDisplay.obj
 0001:00000a86       ??_E?$CComObject@VCOPOSRemoteOrderDisplay@@@ATL@@W3AEPAXI@Z 10001a86 f i RemoteOrderDisplay.obj
 0001:00000a8e       ??_E?$CComObject@VCOPOSRemoteOrderDisplay@@@ATL@@WEM@AEPAXI@Z 10001a8e f i RemoteOrderDisplay.obj
 0001:00000a96       ?QueryInterface@?$CComObject@VCOPOSRemoteOrderDisplay@@@ATL@@WHA@AGJABU_GUID@@PAPAX@Z 10001a96 f i RemoteOrderDisplay.obj
 0001:00000aa0       ?AddRef@?$CComObject@VCOPOSRemoteOrderDisplay@@@ATL@@WHA@AGKXZ 10001aa0 f i RemoteOrderDisplay.obj
 0001:00000aaa       ?Release@?$CComObject@VCOPOSRemoteOrderDisplay@@@ATL@@WHA@AGKXZ 10001aaa f i RemoteOrderDisplay.obj
 0001:00000ab4       ?QueryInterface@?$CComObject@VCOPOSRemoteOrderDisplay@@@ATL@@WHE@AGJABU_GUID@@PAPAX@Z 10001ab4 f i RemoteOrderDisplay.obj
 0001:00000abe       ?AddRef@?$CComObject@VCOPOSRemoteOrderDisplay@@@ATL@@WHE@AGKXZ 10001abe f i RemoteOrderDisplay.obj
 0001:00000ac8       ?Release@?$CComObject@VCOPOSRemoteOrderDisplay@@@ATL@@WHE@AGKXZ 10001ac8 f i RemoteOrderDisplay.obj
 0001:00000ad2       ?QueryInterface@?$CComObject@VCOPOSRemoteOrderDisplay@@@ATL@@WHI@AGJABU_GUID@@PAPAX@Z 10001ad2 f i RemoteOrderDisplay.obj
 0001:00000adc       ?AddRef@?$CComObject@VCOPOSRemoteOrderDisplay@@@ATL@@WHI@AGKXZ 10001adc f i RemoteOrderDisplay.obj
 0001:00000ae6       ?Release@?$CComObject@VCOPOSRemoteOrderDisplay@@@ATL@@WHI@AGKXZ 10001ae6 f i RemoteOrderDisplay.obj
 0001:00000af0       ?QueryInterface@?$CComObject@VCOPOSRemoteOrderDisplay@@@ATL@@WHM@AGJABU_GUID@@PAPAX@Z 10001af0 f i RemoteOrderDisplay.obj
 0001:00000afa       ?AddRef@?$CComObject@VCOPOSRemoteOrderDisplay@@@ATL@@WHM@AGKXZ 10001afa f i RemoteOrderDisplay.obj
 0001:00000b04       ?Release@?$CComObject@VCOPOSRemoteOrderDisplay@@@ATL@@WHM@AGKXZ 10001b04 f i RemoteOrderDisplay.obj
 0001:00000b0e       ?QueryInterface@?$CComObject@VCOPOSRemoteOrderDisplay@@@ATL@@WIA@AGJABU_GUID@@PAPAX@Z 10001b0e f i RemoteOrderDisplay.obj
 0001:00000b1b       ?AddRef@?$CComObject@VCOPOSRemoteOrderDisplay@@@ATL@@WIA@AGKXZ 10001b1b f i RemoteOrderDisplay.obj
 0001:00000b28       ?Release@?$CComObject@VCOPOSRemoteOrderDisplay@@@ATL@@WIA@AGKXZ 10001b28 f i RemoteOrderDisplay.obj
 0001:00000b35       ?QueryInterface@?$CComObject@VCOPOSRemoteOrderDisplay@@@ATL@@WIE@AGJABU_GUID@@PAPAX@Z 10001b35 f i RemoteOrderDisplay.obj
 0001:00000b42       ?AddRef@?$CComObject@VCOPOSRemoteOrderDisplay@@@ATL@@WIE@AGKXZ 10001b42 f i RemoteOrderDisplay.obj
 0001:00000b4f       ?Release@?$CComObject@VCOPOSRemoteOrderDisplay@@@ATL@@WIE@AGKXZ 10001b4f f i RemoteOrderDisplay.obj
 0001:00000b5c       ?QueryInterface@?$CComObject@VCOPOSRemoteOrderDisplay@@@ATL@@WII@AGJABU_GUID@@PAPAX@Z 10001b5c f i RemoteOrderDisplay.obj
 0001:00000b69       ?AddRef@?$CComObject@VCOPOSRemoteOrderDisplay@@@ATL@@WII@AGKXZ 10001b69 f i RemoteOrderDisplay.obj
 0001:00000b76       ?Release@?$CComObject@VCOPOSRemoteOrderDisplay@@@ATL@@WII@AGKXZ 10001b76 f i RemoteOrderDisplay.obj
 0001:00000b83       ?QueryInterface@?$CComObject@VCOPOSRemoteOrderDisplay@@@ATL@@WIM@AGJABU_GUID@@PAPAX@Z 10001b83 f i RemoteOrderDisplay.obj
 0001:00000b90       ?AddRef@?$CComObject@VCOPOSRemoteOrderDisplay@@@ATL@@WIM@AGKXZ 10001b90 f i RemoteOrderDisplay.obj
 0001:00000b9d       ?Release@?$CComObject@VCOPOSRemoteOrderDisplay@@@ATL@@WIM@AGKXZ 10001b9d f i RemoteOrderDisplay.obj
 0001:00000baa       ?QueryInterface@?$CComObject@VCOPOSRemoteOrderDisplay@@@ATL@@WJA@AGJABU_GUID@@PAPAX@Z 10001baa f i RemoteOrderDisplay.obj
 0001:00000bb7       ?AddRef@?$CComObject@VCOPOSRemoteOrderDisplay@@@ATL@@WJA@AGKXZ 10001bb7 f i RemoteOrderDisplay.obj
 0001:00000bc4       ?Release@?$CComObject@VCOPOSRemoteOrderDisplay@@@ATL@@WJA@AGKXZ 10001bc4 f i RemoteOrderDisplay.obj
 0001:00000bd1       ?QueryInterface@?$CComObject@VCOPOSRemoteOrderDisplay@@@ATL@@WJE@AGJABU_GUID@@PAPAX@Z 10001bd1 f i RemoteOrderDisplay.obj
 0001:00000bde       ?AddRef@?$CComObject@VCOPOSRemoteOrderDisplay@@@ATL@@WJE@AGKXZ 10001bde f i RemoteOrderDisplay.obj
 0001:00000beb       ?Release@?$CComObject@VCOPOSRemoteOrderDisplay@@@ATL@@WJE@AGKXZ 10001beb f i RemoteOrderDisplay.obj
 0001:00000bf8       ?QueryInterface@?$CComObject@VCOPOSRemoteOrderDisplay@@@ATL@@WJI@AGJABU_GUID@@PAPAX@Z 10001bf8 f i RemoteOrderDisplay.obj
 0001:00000c05       ?AddRef@?$CComObject@VCOPOSRemoteOrderDisplay@@@ATL@@WJI@AGKXZ 10001c05 f i RemoteOrderDisplay.obj
 0001:00000c12       ?Release@?$CComObject@VCOPOSRemoteOrderDisplay@@@ATL@@WJI@AGKXZ 10001c12 f i RemoteOrderDisplay.obj
 0001:00000c1f       ?QueryInterface@?$CComObject@VCOPOSRemoteOrderDisplay@@@ATL@@WJM@AGJABU_GUID@@PAPAX@Z 10001c1f f i RemoteOrderDisplay.obj
 0001:00000c2c       ?AddRef@?$CComObject@VCOPOSRemoteOrderDisplay@@@ATL@@WJM@AGKXZ 10001c2c f i RemoteOrderDisplay.obj
 0001:00000c39       ?Release@?$CComObject@VCOPOSRemoteOrderDisplay@@@ATL@@WJM@AGKXZ 10001c39 f i RemoteOrderDisplay.obj
 0001:00000c46       ?QueryInterface@?$CComObject@VCOPOSRemoteOrderDisplay@@@ATL@@WKA@AGJABU_GUID@@PAPAX@Z 10001c46 f i RemoteOrderDisplay.obj
 0001:00000c53       ?AddRef@?$CComObject@VCOPOSRemoteOrderDisplay@@@ATL@@WKA@AGKXZ 10001c53 f i RemoteOrderDisplay.obj
 0001:00000c60       ?Release@?$CComObject@VCOPOSRemoteOrderDisplay@@@ATL@@WKA@AGKXZ 10001c60 f i RemoteOrderDisplay.obj
 0001:00000c6d       ?AddRef@?$CComObject@VCOPOSRemoteOrderDisplay@@@ATL@@WKI@AGKXZ 10001c6d f i RemoteOrderDisplay.obj
 0001:00000c7a       ?Release@?$CComObject@VCOPOSRemoteOrderDisplay@@@ATL@@WKI@AGKXZ 10001c7a f i RemoteOrderDisplay.obj
 0001:00000c87       ?AddRef@?$CComObject@VCOPOSRemoteOrderDisplay@@@ATL@@WLE@AGKXZ 10001c87 f i RemoteOrderDisplay.obj
 0001:00000c94       ?Release@?$CComObject@VCOPOSRemoteOrderDisplay@@@ATL@@WLE@AGKXZ 10001c94 f i RemoteOrderDisplay.obj
 0001:00000ca1       ??_E?$CComContainedObject@VCOPOSRemoteOrderDisplay@@@ATL@@W3AEPAXI@Z 10001ca1 f i RemoteOrderDisplay.obj
 0001:00000ca9       ??_E?$CComContainedObject@VCOPOSRemoteOrderDisplay@@@ATL@@WEM@AEPAXI@Z 10001ca9 f i RemoteOrderDisplay.obj
 0001:00000cb1       ?QueryInterface@?$CComContainedObject@VCOPOSRemoteOrderDisplay@@@ATL@@WHA@AGJABU_GUID@@PAPAX@Z 10001cb1 f i RemoteOrderDisplay.obj
 0001:00000cbb       ?AddRef@?$CComContainedObject@VCOPOSRemoteOrderDisplay@@@ATL@@WHA@AGKXZ 10001cbb f i RemoteOrderDisplay.obj
 0001:00000cc5       ?Release@?$CComContainedObject@VCOPOSRemoteOrderDisplay@@@ATL@@WHA@AGKXZ 10001cc5 f i RemoteOrderDisplay.obj
 0001:00000ccf       ?QueryInterface@?$CComContainedObject@VCOPOSRemoteOrderDisplay@@@ATL@@WHE@AGJABU_GUID@@PAPAX@Z 10001ccf f i RemoteOrderDisplay.obj
 0001:00000cd9       ?AddRef@?$CComContainedObject@VCOPOSRemoteOrderDisplay@@@ATL@@WHE@AGKXZ 10001cd9 f i RemoteOrderDisplay.obj
 0001:00000ce3       ?Release@?$CComContainedObject@VCOPOSRemoteOrderDisplay@@@ATL@@WHE@AGKXZ 10001ce3 f i RemoteOrderDisplay.obj
 0001:00000ced       ?QueryInterface@?$CComContainedObject@VCOPOSRemoteOrderDisplay@@@ATL@@WHI@AGJABU_GUID@@PAPAX@Z 10001ced f i RemoteOrderDisplay.obj
 0001:00000cf7       ?AddRef@?$CComContainedObject@VCOPOSRemoteOrderDisplay@@@ATL@@WHI@AGKXZ 10001cf7 f i RemoteOrderDisplay.obj
 0001:00000d01       ?Release@?$CComContainedObject@VCOPOSRemoteOrderDisplay@@@ATL@@WHI@AGKXZ 10001d01 f i RemoteOrderDisplay.obj
 0001:00000d0b       ?QueryInterface@?$CComContainedObject@VCOPOSRemoteOrderDisplay@@@ATL@@WHM@AGJABU_GUID@@PAPAX@Z 10001d0b f i RemoteOrderDisplay.obj
 0001:00000d15       ?AddRef@?$CComContainedObject@VCOPOSRemoteOrderDisplay@@@ATL@@WHM@AGKXZ 10001d15 f i RemoteOrderDisplay.obj
 0001:00000d1f       ?Release@?$CComContainedObject@VCOPOSRemoteOrderDisplay@@@ATL@@WHM@AGKXZ 10001d1f f i RemoteOrderDisplay.obj
 0001:00000d29       ?QueryInterface@?$CComContainedObject@VCOPOSRemoteOrderDisplay@@@ATL@@WIA@AGJABU_GUID@@PAPAX@Z 10001d29 f i RemoteOrderDisplay.obj
 0001:00000d36       ?AddRef@?$CComContainedObject@VCOPOSRemoteOrderDisplay@@@ATL@@WIA@AGKXZ 10001d36 f i RemoteOrderDisplay.obj
 0001:00000d43       ?Release@?$CComContainedObject@VCOPOSRemoteOrderDisplay@@@ATL@@WIA@AGKXZ 10001d43 f i RemoteOrderDisplay.obj
 0001:00000d50       ?QueryInterface@?$CComContainedObject@VCOPOSRemoteOrderDisplay@@@ATL@@WIE@AGJABU_GUID@@PAPAX@Z 10001d50 f i RemoteOrderDisplay.obj
 0001:00000d5d       ?AddRef@?$CComContainedObject@VCOPOSRemoteOrderDisplay@@@ATL@@WIE@AGKXZ 10001d5d f i RemoteOrderDisplay.obj
 0001:00000d6a       ?Release@?$CComContainedObject@VCOPOSRemoteOrderDisplay@@@ATL@@WIE@AGKXZ 10001d6a f i RemoteOrderDisplay.obj
 0001:00000d77       ?QueryInterface@?$CComContainedObject@VCOPOSRemoteOrderDisplay@@@ATL@@WII@AGJABU_GUID@@PAPAX@Z 10001d77 f i RemoteOrderDisplay.obj
 0001:00000d84       ?AddRef@?$CComContainedObject@VCOPOSRemoteOrderDisplay@@@ATL@@WII@AGKXZ 10001d84 f i RemoteOrderDisplay.obj
 0001:00000d91       ?Release@?$CComContainedObject@VCOPOSRemoteOrderDisplay@@@ATL@@WII@AGKXZ 10001d91 f i RemoteOrderDisplay.obj
 0001:00000d9e       ?QueryInterface@?$CComContainedObject@VCOPOSRemoteOrderDisplay@@@ATL@@WIM@AGJABU_GUID@@PAPAX@Z 10001d9e f i RemoteOrderDisplay.obj
 0001:00000dab       ?AddRef@?$CComContainedObject@VCOPOSRemoteOrderDisplay@@@ATL@@WIM@AGKXZ 10001dab f i RemoteOrderDisplay.obj
 0001:00000db8       ?Release@?$CComContainedObject@VCOPOSRemoteOrderDisplay@@@ATL@@WIM@AGKXZ 10001db8 f i RemoteOrderDisplay.obj
 0001:00000dc5       ?QueryInterface@?$CComContainedObject@VCOPOSRemoteOrderDisplay@@@ATL@@WJA@AGJABU_GUID@@PAPAX@Z 10001dc5 f i RemoteOrderDisplay.obj
 0001:00000dd2       ?AddRef@?$CComContainedObject@VCOPOSRemoteOrderDisplay@@@ATL@@WJA@AGKXZ 10001dd2 f i RemoteOrderDisplay.obj
 0001:00000ddf       ?Release@?$CComContainedObject@VCOPOSRemoteOrderDisplay@@@ATL@@WJA@AGKXZ 10001ddf f i RemoteOrderDisplay.obj
 0001:00000dec       ?QueryInterface@?$CComContainedObject@VCOPOSRemoteOrderDisplay@@@ATL@@WJE@AGJABU_GUID@@PAPAX@Z 10001dec f i RemoteOrderDisplay.obj
 0001:00000df9       ?AddRef@?$CComContainedObject@VCOPOSRemoteOrderDisplay@@@ATL@@WJE@AGKXZ 10001df9 f i RemoteOrderDisplay.obj
 0001:00000e06       ?Release@?$CComContainedObject@VCOPOSRemoteOrderDisplay@@@ATL@@WJE@AGKXZ 10001e06 f i RemoteOrderDisplay.obj
 0001:00000e13       ?QueryInterface@?$CComContainedObject@VCOPOSRemoteOrderDisplay@@@ATL@@WJI@AGJABU_GUID@@PAPAX@Z 10001e13 f i RemoteOrderDisplay.obj
 0001:00000e20       ?AddRef@?$CComContainedObject@VCOPOSRemoteOrderDisplay@@@ATL@@WJI@AGKXZ 10001e20 f i RemoteOrderDisplay.obj
 0001:00000e2d       ?Release@?$CComContainedObject@VCOPOSRemoteOrderDisplay@@@ATL@@WJI@AGKXZ 10001e2d f i RemoteOrderDisplay.obj
 0001:00000e3a       ?QueryInterface@?$CComContainedObject@VCOPOSRemoteOrderDisplay@@@ATL@@WJM@AGJABU_GUID@@PAPAX@Z 10001e3a f i RemoteOrderDisplay.obj
 0001:00000e47       ?AddRef@?$CComContainedObject@VCOPOSRemoteOrderDisplay@@@ATL@@WJM@AGKXZ 10001e47 f i RemoteOrderDisplay.obj
 0001:00000e54       ?Release@?$CComContainedObject@VCOPOSRemoteOrderDisplay@@@ATL@@WJM@AGKXZ 10001e54 f i RemoteOrderDisplay.obj
 0001:00000e61       ?QueryInterface@?$CComContainedObject@VCOPOSRemoteOrderDisplay@@@ATL@@WKA@AGJABU_GUID@@PAPAX@Z 10001e61 f i RemoteOrderDisplay.obj
 0001:00000e6e       ?AddRef@?$CComContainedObject@VCOPOSRemoteOrderDisplay@@@ATL@@WKA@AGKXZ 10001e6e f i RemoteOrderDisplay.obj
 0001:00000e7b       ?Release@?$CComContainedObject@VCOPOSRemoteOrderDisplay@@@ATL@@WKA@AGKXZ 10001e7b f i RemoteOrderDisplay.obj
 0001:00000e88       ?AddRef@?$CComContainedObject@VCOPOSRemoteOrderDisplay@@@ATL@@WKI@AGKXZ 10001e88 f i RemoteOrderDisplay.obj
 0001:00000e95       ?Release@?$CComContainedObject@VCOPOSRemoteOrderDisplay@@@ATL@@WKI@AGKXZ 10001e95 f i RemoteOrderDisplay.obj
 0001:00000ea2       ?AddRef@?$CComContainedObject@VCOPOSRemoteOrderDisplay@@@ATL@@WLE@AGKXZ 10001ea2 f i RemoteOrderDisplay.obj
 0001:00000eaf       ?Release@?$CComContainedObject@VCOPOSRemoteOrderDisplay@@@ATL@@WLE@AGKXZ 10001eaf f i RemoteOrderDisplay.obj
 0001:00000ebc       ?GetWindowProc@?$CWindowImplBaseT@VCWindow@ATL@@V?$CWinTraits@$0FGAAAAAA@$0A@@2@@ATL@@UAEP6GJPAUHWND__@@IIJ@ZXZ 10001ebc f i RemoteOrderDisplay.obj
 0001:00000ec2       ?StartWindowProc@?$CWindowImplBaseT@VCWindow@ATL@@V?$CWinTraits@$0FGAAAAAA@$0A@@2@@ATL@@SGJPAUHWND__@@IIJ@Z 10001ec2 f i RemoteOrderDisplay.obj
 0001:00000f16       ?GetTypeInfoCount@?$IDispatchImpl@UIOPOSRemoteOrderDisplay@@$1?IID_IOPOSRemoteOrderDisplay@@3U_GUID@@B$1?LIBID_OposRemoteOrderDisplay_CCO@@3U3@B$00$0A@VCComTypeInfoHolder@ATL@@@ATL@@UAGJPAI@Z 10001f16 f i RemoteOrderDisplay.obj
 0001:00000f33       ?GetTypeInfo@?$IDispatchImpl@UIOPOSRemoteOrderDisplay@@$1?IID_IOPOSRemoteOrderDisplay@@3U_GUID@@B$1?LIBID_OposRemoteOrderDisplay_CCO@@3U3@B$00$0A@VCComTypeInfoHolder@ATL@@@ATL@@UAGJIKPAPAUITypeInfo@@@Z 10001f33 f i RemoteOrderDisplay.obj
 0001:00000f57       ?GetIDsOfNames@?$IDispatchImpl@UIOPOSRemoteOrderDisplay@@$1?IID_IOPOSRemoteOrderDisplay@@3U_GUID@@B$1?LIBID_OposRemoteOrderDisplay_CCO@@3U3@B$00$0A@VCComTypeInfoHolder@ATL@@@ATL@@UAGJABU_GUID@@PAPA_WIKPAJ@Z 10001f57 f i RemoteOrderDisplay.obj
 0001:00000f77       ?Invoke@?$IDispatchImpl@UIOPOSRemoteOrderDisplay@@$1?IID_IOPOSRemoteOrderDisplay@@3U_GUID@@B$1?LIBID_OposRemoteOrderDisplay_CCO@@3U3@B$00$0A@VCComTypeInfoHolder@ATL@@@ATL@@UAGJJABU_GUID@@KGPAUtagDISPPARAMS@@PAUtagVARIANT@@PAUtagEXCEPINFO@@PAI@Z 10001f77 f i RemoteOrderDisplay.obj
 0001:00000f85       ?CreateControlWindow@?$CComControl@VCOPOSRemoteOrderDisplay@@V?$CWindowImpl@VCOPOSRemoteOrderDisplay@@VCWindow@ATL@@V?$CWinTraits@$0FGAAAAAA@$0A@@3@@ATL@@@ATL@@UAEPAUHWND__@@PAU3@AAUtagRECT@@@Z 10001f85 f i RemoteOrderDisplay.obj
 0001:00000fb4       ?ControlQueryInterface@?$CComControl@VCOPOSRemoteOrderDisplay@@V?$CWindowImpl@VCOPOSRemoteOrderDisplay@@VCWindow@ATL@@V?$CWinTraits@$0FGAAAAAA@$0A@@3@@ATL@@@ATL@@UAEJABU_GUID@@PAPAX@Z 10001fb4 f i RemoteOrderDisplay.obj
 0001:00000fcf       ?GetClassID@?$IPersistStorageImpl@VCOPOSRemoteOrderDisplay@@@ATL@@UAGJPAU_GUID@@@Z 10001fcf f i RemoteOrderDisplay.obj
 0001:00000fcf       ?GetUserClassID@?$IOleObjectImpl@VCOPOSRemoteOrderDisplay@@@ATL@@UAGJPAU_GUID@@@Z 10001fcf f i RemoteOrderDisplay.obj
 0001:00000fcf       ?GetClassID@?$IPersistStreamInitImpl@VCOPOSRemoteOrderDisplay@@@ATL@@UAGJPAU_GUID@@@Z 10001fcf f i RemoteOrderDisplay.obj
 0001:00000ff3       ?IsDirty@?$IPersistStreamInitImpl@VCOPOSRemoteOrderDisplay@@@ATL@@UAGJXZ 10001ff3 f i RemoteOrderDisplay.obj
 0001:00001012       ?Load@?$IPersistStreamInitImpl@VCOPOSRemoteOrderDisplay@@@ATL@@UAGJPAUIStream@@@Z 10002012 f i RemoteOrderDisplay.obj
 0001:00001031       ?Save@?$IPersistStreamInitImpl@VCOPOSRemoteOrderDisplay@@@ATL@@UAGJPAUIStream@@H@Z 10002031 f i RemoteOrderDisplay.obj
 0001:00001053       ?GetSizeMax@?$IPersistStreamInitImpl@VCOPOSRemoteOrderDisplay@@@ATL@@UAGJPAT_ULARGE_INTEGER@@@Z 10002053 f i RemoteOrderDisplay.obj
 0001:00001232       ?InitNew@?$IPersistStreamInitImpl@VCOPOSRemoteOrderDisplay@@@ATL@@UAGJXZ 10002232 f i RemoteOrderDisplay.obj
 0001:0000124f       ?Unfreeze@?$IViewObjectExImpl@VCOPOSRemoteOrderDisplay@@@ATL@@UAGJK@Z 1000224f f i RemoteOrderDisplay.obj
 0001:0000124f       ?GetControlInfo@?$IOleControlImpl@VCOPOSRemoteOrderDisplay@@@ATL@@UAGJPAUtagCONTROLINFO@@@Z 1000224f f i RemoteOrderDisplay.obj
 0001:0000124f       ?QueryGetData@?$IDataObjectImpl@VCOPOSRemoteOrderDisplay@@@ATL@@UAGJPAUtagFORMATETC@@@Z 1000224f f i RemoteOrderDisplay.obj
 0001:0000124f       ?ContextSensitiveHelp@?$IOleInPlaceObjectWindowlessImpl@VCOPOSRemoteOrderDisplay@@@ATL@@UAGJH@Z 1000224f f i RemoteOrderDisplay.obj
 0001:0000124f       ?GetDropTarget@?$IOleInPlaceObjectWindowlessImpl@VCOPOSRemoteOrderDisplay@@@ATL@@UAGJPAPAUIDropTarget@@@Z 1000224f f i RemoteOrderDisplay.obj
 0001:0000124f       ?OnMnemonic@?$IOleControlImpl@VCOPOSRemoteOrderDisplay@@@ATL@@UAGJPAUtagMSG@@@Z 1000224f f i RemoteOrderDisplay.obj
 0001:0000124f       ?ContextSensitiveHelp@?$IOleInPlaceActiveObjectImpl@VCOPOSRemoteOrderDisplay@@@ATL@@UAGJH@Z 1000224f f i RemoteOrderDisplay.obj
 0001:0000124f       ?SetColorScheme@?$IOleObjectImpl@VCOPOSRemoteOrderDisplay@@@ATL@@UAGJPAUtagLOGPALETTE@@@Z 1000224f f i RemoteOrderDisplay.obj
 0001:00001257       ?OnFrameWindowActivate@?$IOleInPlaceActiveObjectImpl@VCOPOSRemoteOrderDisplay@@@ATL@@UAGJH@Z 10002257 f i RemoteOrderDisplay.obj
 0001:00001257       ?EnableModeless@?$IOleInPlaceActiveObjectImpl@VCOPOSRemoteOrderDisplay@@@ATL@@UAGJH@Z 10002257 f i RemoteOrderDisplay.obj
 0001:00001257       ?SaveCompleted@?$IPersistStorageImpl@VCOPOSRemoteOrderDisplay@@@ATL@@UAGJPAUIStorage@@@Z 10002257 f i RemoteOrderDisplay.obj
 0001:00001257       ?OnAmbientPropertyChange@?$IOleControlImpl@VCOPOSRemoteOrderDisplay@@@ATL@@UAGJJ@Z 10002257 f i RemoteOrderDisplay.obj
 0001:0000125c       ?SetClientSite@?$IOleObjectImpl@VCOPOSRemoteOrderDisplay@@@ATL@@UAGJPAUIOleClientSite@@@Z 1000225c f i RemoteOrderDisplay.obj
 0001:00001279       ?GetClientSite@?$IOleObjectImpl@VCOPOSRemoteOrderDisplay@@@ATL@@UAGJPAPAUIOleClientSite@@@Z 10002279 f i RemoteOrderDisplay.obj
 0001:00001296       ?SetHostNames@?$IOleObjectImpl@VCOPOSRemoteOrderDisplay@@@ATL@@UAGJPB_W0@Z 10002296 f i RemoteOrderDisplay.obj
 0001:0000129b       ?Close@?$IOleObjectImpl@VCOPOSRemoteOrderDisplay@@@ATL@@UAGJK@Z 1000229b f i RemoteOrderDisplay.obj
 0001:000012b8       ?GetDataHere@?$IDataObjectImpl@VCOPOSRemoteOrderDisplay@@@ATL@@UAGJPAUtagFORMATETC@@PAUtagSTGMEDIUM@@@Z 100022b8 f i RemoteOrderDisplay.obj
 0001:000012b8       ?SetMoniker@?$IOleObjectImpl@VCOPOSRemoteOrderDisplay@@@ATL@@UAGJKPAUIMoniker@@@Z 100022b8 f i RemoteOrderDisplay.obj
 0001:000012b8       ?QueryInterface@CRegObject@ATL@@UAGJABU_GUID@@PAPAX@Z 100022b8 f i RemoteOrderDisplay.obj
 0001:000012b8       ?GetClipboardData@?$IOleObjectImpl@VCOPOSRemoteOrderDisplay@@@ATL@@UAGJKPAPAUIDataObject@@@Z 100022b8 f i RemoteOrderDisplay.obj
 0001:000012b8       ?EnumFormatEtc@?$IDataObjectImpl@VCOPOSRemoteOrderDisplay@@@ATL@@UAGJKPAPAUIEnumFORMATETC@@@Z 100022b8 f i RemoteOrderDisplay.obj
 0001:000012b8       ?GetRect@?$IViewObjectExImpl@VCOPOSRemoteOrderDisplay@@@ATL@@UAGJKPAU_RECTL@@@Z 100022b8 f i RemoteOrderDisplay.obj
 0001:000012b8       ?GetCanonicalFormatEtc@?$IDataObjectImpl@VCOPOSRemoteOrderDisplay@@@ATL@@UAGJPAUtagFORMATETC@@0@Z 100022b8 f i RemoteOrderDisplay.obj
 0001:000012c0       ?SetData@?$IDataObjectImpl@VCOPOSRemoteOrderDisplay@@@ATL@@UAGJPAUtagFORMATETC@@PAUtagSTGMEDIUM@@H@Z 100022c0 f i RemoteOrderDisplay.obj
 0001:000012c0       ?InitFromData@?$IOleObjectImpl@VCOPOSRemoteOrderDisplay@@@ATL@@UAGJPAUIDataObject@@HK@Z 100022c0 f i RemoteOrderDisplay.obj
 0001:000012c0       ?GetMoniker@?$IOleObjectImpl@VCOPOSRemoteOrderDisplay@@@ATL@@UAGJKKPAPAUIMoniker@@@Z 100022c0 f i RemoteOrderDisplay.obj
 0001:000012c8       ?DoVerb@?$IOleObjectImpl@VCOPOSRemoteOrderDisplay@@@ATL@@UAGJJPAUtagMSG@@PAUIOleClientSite@@JPAUHWND__@@PBUtagRECT@@@Z 100022c8 f i RemoteOrderDisplay.obj
 0001:000013bc       ?EnumVerbs@?$IOleObjectImpl@VCOPOSRemoteOrderDisplay@@@ATL@@UAGJPAPAUIEnumOLEVERB@@@Z 100023bc f i RemoteOrderDisplay.obj
 0001:000013de       ?HandsOffStorage@?$IPersistStorageImpl@VCOPOSRemoteOrderDisplay@@@ATL@@UAGJXZ 100023de f i RemoteOrderDisplay.obj
 0001:000013de       ?IsUpToDate@?$IOleObjectImpl@VCOPOSRemoteOrderDisplay@@@ATL@@UAGJXZ 100023de f i RemoteOrderDisplay.obj
 0001:000013de       ?Release@CRegObject@ATL@@UAGKXZ 100023de f i RemoteOrderDisplay.obj
 0001:000013de       ?Update@?$IOleObjectImpl@VCOPOSRemoteOrderDisplay@@@ATL@@UAGJXZ 100023de f i RemoteOrderDisplay.obj
 0001:000013e3       ?GetUserType@?$IOleObjectImpl@VCOPOSRemoteOrderDisplay@@@ATL@@UAGJKPAPA_W@Z 100023e3 f i RemoteOrderDisplay.obj
 0001:000013fb       ?SetExtent@?$IOleObjectImpl@VCOPOSRemoteOrderDisplay@@@ATL@@UAGJKPAUtagSIZE@@@Z 100023fb f i RemoteOrderDisplay.obj
 0001:0000141b       ?GetExtent@?$IOleObjectImpl@VCOPOSRemoteOrderDisplay@@@ATL@@UAGJKPAUtagSIZE@@@Z 1000241b f i RemoteOrderDisplay.obj
 0001:00001459       ?Advise@?$IOleObjectImpl@VCOPOSRemoteOrderDisplay@@@ATL@@UAGJPAUIAdviseSink@@PAK@Z 10002459 f i RemoteOrderDisplay.obj
 0001:00001479       ?Unadvise@?$IOleObjectImpl@VCOPOSRemoteOrderDisplay@@@ATL@@UAGJK@Z 10002479 f i RemoteOrderDisplay.obj
 0001:000014a8       ?EnumAdvise@?$IOleObjectImpl@VCOPOSRemoteOrderDisplay@@@ATL@@UAGJPAPAUIEnumSTATDATA@@@Z 100024a8 f i RemoteOrderDisplay.obj
 0001:000014e8       ?GetMiscStatus@?$IOleObjectImpl@VCOPOSRemoteOrderDisplay@@@ATL@@UAGJKPAK@Z 100024e8 f i RemoteOrderDisplay.obj
 0001:00001500       ?GetWindow@?$IOleInPlaceActiveObjectImpl@VCOPOSRemoteOrderDisplay@@@ATL@@UAGJPAPAUHWND__@@@Z 10002500 f i RemoteOrderDisplay.obj
 0001:0000154d       ?TranslateAcceleratorW@?$IOleInPlaceActiveObjectImpl@VCOPOSRemoteOrderDisplay@@@ATL@@UAGJPAUtagMSG@@@Z 1000254d f i RemoteOrderDisplay.obj
 0001:000015fb       ?OnDocWindowActivate@?$IOleInPlaceActiveObjectImpl@VCOPOSRemoteOrderDisplay@@@ATL@@UAGJH@Z 100025fb f i RemoteOrderDisplay.obj
 0001:0000161d       ?ResizeBorder@?$IOleInPlaceActiveObjectImpl@VCOPOSRemoteOrderDisplay@@@ATL@@UAGJPBUtagRECT@@PAUIOleInPlaceUIWindow@@H@Z 1000261d f i RemoteOrderDisplay.obj
 0001:00001622       ?Draw@?$IViewObjectExImpl@VCOPOSRemoteOrderDisplay@@@ATL@@UAGJKJPAXPAUtagDVTARGETDEVICE@@PAUHDC__@@2PBU_RECTL@@3P6GHK@ZK@Z 10002622 f i RemoteOrderDisplay.obj
 0001:00001654       ?GetColorSet@?$IViewObjectExImpl@VCOPOSRemoteOrderDisplay@@@ATL@@UAGJKJPAXPAUtagDVTARGETDEVICE@@PAUHDC__@@PAPAUtagLOGPALETTE@@@Z 10002654 f i RemoteOrderDisplay.obj
 0001:0000165c       ?Freeze@?$IViewObjectExImpl@VCOPOSRemoteOrderDisplay@@@ATL@@UAGJKJPAXPAK@Z 1000265c f i RemoteOrderDisplay.obj
 0001:00001664       ?SetAdvise@?$IViewObjectExImpl@VCOPOSRemoteOrderDisplay@@@ATL@@UAGJKKPAUIAdviseSink@@@Z 10002664 f i RemoteOrderDisplay.obj
 0001:00001683       ?GetAdvise@?$IViewObjectExImpl@VCOPOSRemoteOrderDisplay@@@ATL@@UAGJPAK0PAPAUIAdviseSink@@@Z 10002683 f i RemoteOrderDisplay.obj
 0001:000016b8       ?GetExtent@?$IViewObjectExImpl@VCOPOSRemoteOrderDisplay@@@ATL@@UAGJKJPAUtagDVTARGETDEVICE@@PAUtagSIZE@@@Z 100026b8 f i RemoteOrderDisplay.obj
 0001:000016e9       ?GetViewStatus@?$IViewObjectExImpl@VCOPOSRemoteOrderDisplay@@@ATL@@UAGJPAK@Z 100026e9 f i RemoteOrderDisplay.obj
 0001:00001706       ?QueryHitPoint@?$IViewObjectExImpl@VCOPOSRemoteOrderDisplay@@@ATL@@UAGJKPBUtagRECT@@UtagPOINT@@JPAK@Z 10002706 f i RemoteOrderDisplay.obj
 0001:00001747       ?QueryHitRect@?$IViewObjectExImpl@VCOPOSRemoteOrderDisplay@@@ATL@@UAGJKPBUtagRECT@@0JPAK@Z 10002747 f i RemoteOrderDisplay.obj
 0001:000017a2       ?GetNaturalExtent@?$IViewObjectExImpl@VCOPOSRemoteOrderDisplay@@@ATL@@UAGJKJPAUtagDVTARGETDEVICE@@PAUHDC__@@PAUtagExtentInfo@@PAUtagSIZE@@@Z 100027a2 f i RemoteOrderDisplay.obj
 0001:000017ed       ?GetWindow@?$IOleInPlaceObjectWindowlessImpl@VCOPOSRemoteOrderDisplay@@@ATL@@UAGJPAPAUHWND__@@@Z 100027ed f i RemoteOrderDisplay.obj
 0001:0000183a       ?InPlaceDeactivate@?$IOleInPlaceObjectWindowlessImpl@VCOPOSRemoteOrderDisplay@@@ATL@@UAGJXZ 1000283a f i RemoteOrderDisplay.obj
 0001:00001854       ?UIDeactivate@?$IOleInPlaceObjectWindowlessImpl@VCOPOSRemoteOrderDisplay@@@ATL@@UAGJXZ 10002854 f i RemoteOrderDisplay.obj
 0001:0000186e       ?SetObjectRects@?$IOleInPlaceObjectWindowlessImpl@VCOPOSRemoteOrderDisplay@@@ATL@@UAGJPBUtagRECT@@0@Z 1000286e f i RemoteOrderDisplay.obj
 0001:0000188e       ?ReactivateAndUndo@?$IOleInPlaceObjectWindowlessImpl@VCOPOSRemoteOrderDisplay@@@ATL@@UAGJXZ 1000288e f i RemoteOrderDisplay.obj
 0001:00001896       ?OnWindowMessage@?$IOleInPlaceObjectWindowlessImpl@VCOPOSRemoteOrderDisplay@@@ATL@@UAGJIIJPAJ@Z 10002896 f i RemoteOrderDisplay.obj
 0001:00001906       ?EnumConnectionPoints@?$IConnectionPointContainerImpl@VCOPOSRemoteOrderDisplay@@@ATL@@UAGJPAPAUIEnumConnectionPoints@@@Z 10002906 f i RemoteOrderDisplay.obj
 0001:00001a96       ?FindConnectionPoint@?$IConnectionPointContainerImpl@VCOPOSRemoteOrderDisplay@@@ATL@@UAGJABU_GUID@@PAPAUIConnectionPoint@@@Z 10002a96 f i RemoteOrderDisplay.obj
 0001:00001b39       ?IsDirty@?$IPersistStorageImpl@VCOPOSRemoteOrderDisplay@@@ATL@@UAGJXZ 10002b39 f i RemoteOrderDisplay.obj
 0001:00001b69       ?InitNew@?$IPersistStorageImpl@VCOPOSRemoteOrderDisplay@@@ATL@@UAGJPAUIStorage@@@Z 10002b69 f i RemoteOrderDisplay.obj
 0001:00001b99       ?Load@?$IPersistStorageImpl@VCOPOSRemoteOrderDisplay@@@ATL@@UAGJPAUIStorage@@@Z 10002b99 f i RemoteOrderDisplay.obj
 0001:00001c05       ?Save@?$IPersistStorageImpl@VCOPOSRemoteOrderDisplay@@@ATL@@UAGJPAUIStorage@@H@Z 10002c05 f i RemoteOrderDisplay.obj
 0001:00001c78       ?Lock@CAtlModule@ATL@@UAEJXZ 10002c78 f i RemoteOrderDisplay.obj
 0001:00001c82       ?Unlock@CAtlModule@ATL@@UAEJXZ 10002c82 f i RemoteOrderDisplay.obj
 0001:00001c8c       ?GetPages@?$ISpecifyPropertyPagesImpl@VCOPOSRemoteOrderDisplay@@@ATL@@UAGJPAUtagCAUUID@@@Z 10002c8c f i RemoteOrderDisplay.obj
 0001:00001ca3       ?GetLockCount@CAtlModule@ATL@@UAEJXZ 10002ca3 f i RemoteOrderDisplay.obj
 0001:00001ca7       ?GetGITPtr@CAtlModule@ATL@@UAEJPAPAUIGlobalInterfaceTable@@@Z 10002ca7 f i RemoteOrderDisplay.obj
 0001:00001cf3       ?QuickActivate@?$IQuickActivateImpl@VCOPOSRemoteOrderDisplay@@@ATL@@UAGJPAUtagQACONTAINER@@PAUtagQACONTROL@@@Z 10002cf3 f i RemoteOrderDisplay.obj
 0001:00001d16       ?SetContentExtent@?$IQuickActivateImpl@VCOPOSRemoteOrderDisplay@@@ATL@@UAGJPAUtagSIZE@@@Z 10002d16 f i RemoteOrderDisplay.obj
 0001:00001d42       ?GetContentExtent@?$IQuickActivateImpl@VCOPOSRemoteOrderDisplay@@@ATL@@UAGJPAUtagSIZE@@@Z 10002d42 f i RemoteOrderDisplay.obj
 0001:00001d7e       ?GetData@?$IDataObjectImpl@VCOPOSRemoteOrderDisplay@@@ATL@@UAGJPAUtagFORMATETC@@PAUtagSTGMEDIUM@@@Z 10002d7e f i RemoteOrderDisplay.obj
 0001:00001da1       ?DAdvise@?$IDataObjectImpl@VCOPOSRemoteOrderDisplay@@@ATL@@UAGJPAUtagFORMATETC@@KPAUIAdviseSink@@PAK@Z 10002da1 f i RemoteOrderDisplay.obj
 0001:00001de2       ?DUnadvise@?$IDataObjectImpl@VCOPOSRemoteOrderDisplay@@@ATL@@UAGJK@Z 10002de2 f i RemoteOrderDisplay.obj
 0001:00001e10       ?EnumDAdvise@?$IDataObjectImpl@VCOPOSRemoteOrderDisplay@@@ATL@@UAGJPAPAUIEnumSTATDATA@@@Z 10002e10 f i RemoteOrderDisplay.obj
 0001:00001e4f       ?GetClassInfoW@?$IProvideClassInfo2Impl@$1?CLSID_OPOSRemoteOrderDisplay@@3U_GUID@@B$1?DIID__IOPOSRemoteOrderDisplayEvents@@3U2@B$1?LIBID_OposRemoteOrderDisplay_CCO@@3U2@B$00$0A@VCComTypeInfoHolder@ATL@@@ATL@@UAGJPAPAUITypeInfo@@@Z 10002e4f f i RemoteOrderDisplay.obj
 0001:00001e65       ?GetGUID@?$IProvideClassInfo2Impl@$1?CLSID_OPOSRemoteOrderDisplay@@3U_GUID@@B$1?DIID__IOPOSRemoteOrderDisplayEvents@@3U2@B$1?LIBID_OposRemoteOrderDisplay_CCO@@3U2@B$00$0A@VCComTypeInfoHolder@ATL@@@ATL@@UAGJKPAU_GUID@@@Z 10002e65 f i RemoteOrderDisplay.obj
 0001:00001ea3       __get_startup_argv_mode    10002ea3 f i LIBCMT:argv_mode.obj
 0001:00001ea3       ?FAccessAllowed@?$IObjectSafetyImpl@VCOPOSRemoteOrderDisplay@@$02@ATL@@MAEHXZ 10002ea3 f i RemoteOrderDisplay.obj
 0001:00001ea7       ?GetInterfaceSafetyOptions@?$IObjectSafetyImpl@VCOPOSRemoteOrderDisplay@@$02@ATL@@UAGJABU_GUID@@PAK1@Z 10002ea7 f i RemoteOrderDisplay.obj
 0001:00001f1a       ?SetInterfaceSafetyOptions@?$IObjectSafetyImpl@VCOPOSRemoteOrderDisplay@@$02@ATL@@UAGJABU_GUID@@KK@Z 10002f1a f i RemoteOrderDisplay.obj
 0001:00001f94       ?_LocCPQueryInterface@?$IConnectionPointImpl@VCOPOSRemoteOrderDisplay@@$1?IID_IPropertyNotifySink@@3U_GUID@@BVCComDynamicUnkArray@ATL@@@ATL@@UAGJABU_GUID@@PAPAX@Z 10002f94 f i RemoteOrderDisplay.obj
 0001:00001f94       ?_LocCPQueryInterface@?$IConnectionPointImpl@VCOPOSRemoteOrderDisplay@@$1?DIID__IOPOSRemoteOrderDisplayEvents@@3U_GUID@@BVCComDynamicUnkArray@ATL@@@ATL@@UAGJABU_GUID@@PAPAX@Z 10002f94 f i RemoteOrderDisplay.obj
 0001:00001fe1       ?GetConnectionInterface@?$IConnectionPointImpl@VCOPOSRemoteOrderDisplay@@$1?IID_IPropertyNotifySink@@3U_GUID@@BVCComDynamicUnkArray@ATL@@@ATL@@UAGJPAU_GUID@@@Z 10002fe1 f i RemoteOrderDisplay.obj
 0001:00002005       ?GetConnectionPointContainer@?$IConnectionPointImpl@VCOPOSRemoteOrderDisplay@@$1?IID_IPropertyNotifySink@@3U_GUID@@BVCComDynamicUnkArray@ATL@@@ATL@@UAGJPAPAUIConnectionPointContainer@@@Z 10003005 f i RemoteOrderDisplay.obj
 0001:00002028       ?Advise@?$IConnectionPointImpl@VCOPOSRemoteOrderDisplay@@$1?DIID__IOPOSRemoteOrderDisplayEvents@@3U_GUID@@BVCComDynamicUnkArray@ATL@@@ATL@@UAGJPAUIUnknown@@PAK@Z 10003028 f i RemoteOrderDisplay.obj
 0001:00002028       ?Advise@?$IConnectionPointImpl@VCOPOSRemoteOrderDisplay@@$1?IID_IPropertyNotifySink@@3U_GUID@@BVCComDynamicUnkArray@ATL@@@ATL@@UAGJPAUIUnknown@@PAK@Z 10003028 f i RemoteOrderDisplay.obj
 0001:000020c8       ?Unadvise@?$IConnectionPointImpl@VCOPOSRemoteOrderDisplay@@$1?DIID__IOPOSRemoteOrderDisplayEvents@@3U_GUID@@BVCComDynamicUnkArray@ATL@@@ATL@@UAGJK@Z 100030c8 f i RemoteOrderDisplay.obj
 0001:000020c8       ?Unadvise@?$IConnectionPointImpl@VCOPOSRemoteOrderDisplay@@$1?IID_IPropertyNotifySink@@3U_GUID@@BVCComDynamicUnkArray@ATL@@@ATL@@UAGJK@Z 100030c8 f i RemoteOrderDisplay.obj
 0001:00002108       ?EnumConnections@?$IConnectionPointImpl@VCOPOSRemoteOrderDisplay@@$1?DIID__IOPOSRemoteOrderDisplayEvents@@3U_GUID@@BVCComDynamicUnkArray@ATL@@@ATL@@UAGJPAPAUIEnumConnections@@@Z 10003108 f i RemoteOrderDisplay.obj
 0001:00002108       ?EnumConnections@?$IConnectionPointImpl@VCOPOSRemoteOrderDisplay@@$1?IID_IPropertyNotifySink@@3U_GUID@@BVCComDynamicUnkArray@ATL@@@ATL@@UAGJPAPAUIEnumConnections@@@Z 10003108 f i RemoteOrderDisplay.obj
 0001:0000220b       ?AddCommonRGSReplacements@?$CAtlModuleT@VCComModule@ATL@@@ATL@@UAEJPAUIRegistrarBase@@@Z 1000320b f i RemoteOrderDisplay.obj
 0001:00002225       ?GetConnectionInterface@?$IConnectionPointImpl@VCOPOSRemoteOrderDisplay@@$1?DIID__IOPOSRemoteOrderDisplayEvents@@3U_GUID@@BVCComDynamicUnkArray@ATL@@@ATL@@UAGJPAU_GUID@@@Z 10003225 f i RemoteOrderDisplay.obj
 0001:00002249       ?GetConnectionPointContainer@?$IConnectionPointImpl@VCOPOSRemoteOrderDisplay@@$1?DIID__IOPOSRemoteOrderDisplayEvents@@3U_GUID@@BVCComDynamicUnkArray@ATL@@@ATL@@UAGJPAPAUIConnectionPointContainer@@@Z 10003249 f i RemoteOrderDisplay.obj
 0001:0000226c       ?UpdateRegistryFromResourceD@CComModule@ATL@@UAGJIHPAU_ATL_REGMAP_ENTRY@2@@Z 1000326c f i RemoteOrderDisplay.obj
 0001:0000226c       ?UpdateRegistryFromResourceD@CComModule@ATL@@UAGJPB_WHPAU_ATL_REGMAP_ENTRY@2@@Z 1000326c f i RemoteOrderDisplay.obj
 0001:00002274       ?UpdateRegistryFromResource@CComModule@ATL@@UAGJPB_WHPAU_ATL_REGMAP_ENTRY@2@@Z 10003274 f i RemoteOrderDisplay.obj
 0001:0000227d       ?UpdateRegistryFromResource@CComModule@ATL@@UAGJIHPAU_ATL_REGMAP_ENTRY@2@@Z 1000327d f i RemoteOrderDisplay.obj
 0001:00002286       ?UpdateRegistry@COPOSRemoteOrderDisplay@@SGJH@Z 10003286 f i RemoteOrderDisplay.obj
 0001:0000229e       ??_GCComModule@ATL@@UAEPAXI@Z 1000329e f i RemoteOrderDisplay.obj
 0001:0000229e       ??_ECComModule@ATL@@UAEPAXI@Z 1000329e f i RemoteOrderDisplay.obj
 0001:000022c6       ?ProcessWindowMessage@COPOSRemoteOrderDisplay@@UAEHPAUHWND__@@IIJAAJK@Z 100032c6 f i RemoteOrderDisplay.obj
 0001:00002313       ?SOData@COPOSRemoteOrderDisplay@@MAGJJ@Z 10003313 f i RemoteOrderDisplay.obj
 0001:0000234c       ?SODirectIO@COPOSRemoteOrderDisplay@@MAGJJPAJPAPA_W@Z 1000334c f i RemoteOrderDisplay.obj
 0001:00002395       ?SOError@COPOSRemoteOrderDisplay@@MAGJJJJPAJ@Z 10003395 f i RemoteOrderDisplay.obj
 0001:000023ea       ?SOOutputComplete@COPOSRemoteOrderDisplay@@MAGJJ@Z 100033ea f i RemoteOrderDisplay.obj
 0001:00002423       ?SOStatusUpdate@COPOSRemoteOrderDisplay@@MAGJJ@Z 10003423 f i RemoteOrderDisplay.obj
 0001:0000245c       ?CreateInstance@?$CComCreator@V?$CComObjectCached@VCComClassFactory@ATL@@@ATL@@@ATL@@SGJPAXABU_GUID@@PAPAX@Z 1000345c f i RemoteOrderDisplay.obj
 0001:000024fd       ?CreateInstance@?$CComCreator2@V?$CComCreator@V?$CComObject@VCOPOSRemoteOrderDisplay@@@ATL@@@ATL@@V?$CComCreator@V?$CComAggObject@VCOPOSRemoteOrderDisplay@@@ATL@@@2@@ATL@@SGJPAXABU_GUID@@PAPAX@Z 100034fd f i RemoteOrderDisplay.obj
 0001:0000251d       ?AddRef@?$CComObjectCached@VCComClassFactory@ATL@@@ATL@@UAGKXZ 1000351d f i RemoteOrderDisplay.obj
 0001:00002544       ?Release@?$CComObjectCached@VCComClassFactory@ATL@@@ATL@@UAGKXZ 10003544 f i RemoteOrderDisplay.obj
 0001:0000257a       ?QueryInterface@?$CComObjectCached@VCComClassFactory@ATL@@@ATL@@UAGJABU_GUID@@PAPAX@Z 1000357a f i RemoteOrderDisplay.obj
 0001:00002594       ??_E?$CComObjectCached@VCComClassFactory@ATL@@@ATL@@UAEPAXI@Z 10003594 f i RemoteOrderDisplay.obj
 0001:00002594       ??_G?$CComObjectCached@VCComClassFactory@ATL@@@ATL@@UAEPAXI@Z 10003594 f i RemoteOrderDisplay.obj
 0001:000025b6       ?Next@?$CComEnumImpl@UIEnumConnectionPoints@@$1?_GUID_b196b285_bab4_101a_b69c_00aa00341d07@@3U__s_GUID@@BPAUIConnectionPoint@@V?$_CopyInterface@UIConnectionPoint@@@ATL@@@ATL@@UAGJKPAPAUIConnectionPoint@@PAK@Z 100035b6 f i RemoteOrderDisplay.obj
 0001:00002685       ?Skip@?$CComEnumImpl@UIEnumConnectionPoints@@$1?_GUID_b196b285_bab4_101a_b69c_00aa00341d07@@3U__s_GUID@@BPAUIConnectionPoint@@V?$_CopyInterface@UIConnectionPoint@@@ATL@@@ATL@@UAGJK@Z 10003685 f i RemoteOrderDisplay.obj
 0001:000026b2       ?Clone@?$CComEnumImpl@UIEnumConnectionPoints@@$1?_GUID_b196b285_bab4_101a_b69c_00aa00341d07@@3U__s_GUID@@BPAUIConnectionPoint@@V?$_CopyInterface@UIConnectionPoint@@@ATL@@@ATL@@UAGJPAPAUIEnumConnectionPoints@@@Z 100036b2 f i RemoteOrderDisplay.obj
 0001:00002793       ?QueryInterface@?$CComObject@V?$CComEnum@UIEnumConnectionPoints@@$1?_GUID_b196b285_bab4_101a_b69c_00aa00341d07@@3U__s_GUID@@BPAUIConnectionPoint@@V?$_CopyInterface@UIConnectionPoint@@@ATL@@VCComSingleThreadModel@6@@ATL@@@ATL@@UAGJABU_GUID@@PAPAX@Z 10003793 f i RemoteOrderDisplay.obj
 0001:000027ad       ??_G?$CComObject@V?$CComEnum@UIEnumConnectionPoints@@$1?_GUID_b196b285_bab4_101a_b69c_00aa00341d07@@3U__s_GUID@@BPAUIConnectionPoint@@V?$_CopyInterface@UIConnectionPoint@@@ATL@@VCComSingleThreadModel@6@@ATL@@@ATL@@UAEPAXI@Z 100037ad f i RemoteOrderDisplay.obj
 0001:000027ad       ??_E?$CComObject@V?$CComEnum@UIEnumConnectionPoints@@$1?_GUID_b196b285_bab4_101a_b69c_00aa00341d07@@3U__s_GUID@@BPAUIConnectionPoint@@V?$_CopyInterface@UIConnectionPoint@@@ATL@@VCComSingleThreadModel@6@@ATL@@@ATL@@UAEPAXI@Z 100037ad f i RemoteOrderDisplay.obj
 0001:000027cf       ?AddRef@CRegObject@ATL@@UAGKXZ 100037cf f i RemoteOrderDisplay.obj
 0001:000027d5       ?AddReplacement@CRegObject@ATL@@UAGJPB_W0@Z 100037d5 f i RemoteOrderDisplay.obj
 0001:0000280e       ?ClearReplacements@CRegObject@ATL@@UAGJXZ 1000380e f i RemoteOrderDisplay.obj
 0001:00002820       ??_GCRegObject@ATL@@UAEPAXI@Z 10003820 f i RemoteOrderDisplay.obj
 0001:00002820       ??_ECRegObject@ATL@@UAEPAXI@Z 10003820 f i RemoteOrderDisplay.obj
 0001:00002842       ?AddRef@?$CComAggObject@VCOPOSRemoteOrderDisplay@@@ATL@@UAGKXZ 10003842 f i RemoteOrderDisplay.obj
 0001:00002853       ?Release@?$CComAggObject@VCOPOSRemoteOrderDisplay@@@ATL@@UAGKXZ 10003853 f i RemoteOrderDisplay.obj
 0001:0000288f       ?QueryInterface@?$CComAggObject@VCOPOSRemoteOrderDisplay@@@ATL@@UAGJABU_GUID@@PAPAX@Z 1000388f f i RemoteOrderDisplay.obj
 0001:000028de       ?AddRef@?$CComContainedObject@VCOPOSRemoteOrderDisplay@@@ATL@@UAGKXZ 100038de f i RemoteOrderDisplay.obj
 0001:000028f4       ?Release@?$CComContainedObject@VCOPOSRemoteOrderDisplay@@@ATL@@UAGKXZ 100038f4 f i RemoteOrderDisplay.obj
 0001:0000290a       ?QueryInterface@?$CComContainedObject@VCOPOSRemoteOrderDisplay@@@ATL@@UAGJABU_GUID@@PAPAX@Z 1000390a f i RemoteOrderDisplay.obj
 0001:00002925       ??_E?$CComAggObject@VCOPOSRemoteOrderDisplay@@@ATL@@UAEPAXI@Z 10003925 f i RemoteOrderDisplay.obj
 0001:00002925       ??_G?$CComAggObject@VCOPOSRemoteOrderDisplay@@@ATL@@UAEPAXI@Z 10003925 f i RemoteOrderDisplay.obj
 0001:0000294a       ?AddRef@?$CComObject@VCOPOSRemoteOrderDisplay@@@ATL@@UAGKXZ 1000394a f i RemoteOrderDisplay.obj
 0001:00002961       ?Release@?$CComObject@VCOPOSRemoteOrderDisplay@@@ATL@@UAGKXZ 10003961 f i RemoteOrderDisplay.obj
 0001:000029a3       ?QueryInterface@?$CComObject@VCOPOSRemoteOrderDisplay@@@ATL@@UAGJABU_GUID@@PAPAX@Z 100039a3 f i RemoteOrderDisplay.obj
 0001:000029bd       ??$?4UITypeInfo2@@@?$CComPtr@UITypeInfo@@@ATL@@QAEPAUITypeInfo@@ABV?$CComPtr@UITypeInfo2@@@1@@Z 100039bd f i RemoteOrderDisplay.obj
 0001:000029ea       ??$AtlAdd@K@ATL@@YAJPAKKK@Z 100039ea f i RemoteOrderDisplay.obj
 0001:00002a0d       ??$AtlAdd@_K@ATL@@YAJPA_K_K1@Z 10003a0d f i RemoteOrderDisplay.obj
 0001:00002a45       ??$AtlAddThrow@K@ATL@@YAKKK@Z 10003a45 f i RemoteOrderDisplay.obj
 0001:00002a6b       ??$AtlModuleRegisterWndClassInfoT@VAtlModuleRegisterWndClassInfoParamW@ATL@@@ATL@@YAGPAU_ATL_BASE_MODULE70@0@PAU_ATL_WIN_MODULE70@0@PAU_ATL_WNDCLASSINFOW@0@PAP6GJPAUHWND__@@IIJ@ZVAtlModuleRegisterWndClassInfoParamW@0@@Z 10003a6b f i RemoteOrderDisplay.obj
 0001:00002bb8       ??$AtlMultiply@H@ATL@@YAJPAHHH@Z 10003bb8 f i RemoteOrderDisplay.obj
 0001:00002bf0       ??$AtlMultiply@I@ATL@@YAJPAIII@Z 10003bf0 f i RemoteOrderDisplay.obj
 0001:00002bf0       ??$AtlMultiply@K@ATL@@YAJPAKKK@Z 10003bf0 f i RemoteOrderDisplay.obj
 0001:00002c12       ??$AtlMultiplyThrow@I@ATL@@YAIII@Z 10003c12 f i RemoteOrderDisplay.obj
 0001:00002c38       ??0?$CComAggObject@VCOPOSRemoteOrderDisplay@@@ATL@@QAE@PAX@Z 10003c38 f i RemoteOrderDisplay.obj
 0001:00002c65       ??0?$CComContainedObject@VCOPOSRemoteOrderDisplay@@@ATL@@QAE@PAX@Z 10003c65 f i RemoteOrderDisplay.obj
 0001:00002d1e       ??0?$CComObject@V?$CComEnum@UIEnumConnectionPoints@@$1?_GUID_b196b285_bab4_101a_b69c_00aa00341d07@@3U__s_GUID@@BPAUIConnectionPoint@@V?$_CopyInterface@UIConnectionPoint@@@ATL@@VCComSingleThreadModel@6@@ATL@@@ATL@@QAE@PAX@Z 10003d1e f i RemoteOrderDisplay.obj
 0001:00002d4c       ??0?$CComObject@V?$CComEnum@UIEnumConnections@@$1?_GUID_b196b287_bab4_101a_b69c_00aa00341d07@@3U__s_GUID@@BUtagCONNECTDATA@@V?$_Copy@UtagCONNECTDATA@@@ATL@@VCComSingleThreadModel@6@@ATL@@@ATL@@QAE@PAX@Z 10003d4c f i RemoteOrderDisplay.obj
 0001:00002d7a       ??0?$CComObject@VCOPOSRemoteOrderDisplay@@@ATL@@QAE@PAX@Z 10003d7a f i RemoteOrderDisplay.obj
 0001:00002e31       ??0?$CComQIPtr@UIOleControlSite@@$1?_GUID_b196b289_bab4_101a_b69c_00aa00341d07@@3U__s_GUID@@B@ATL@@QAE@PAUIUnknown@@@Z 10003e31 f i RemoteOrderDisplay.obj
 0001:00002e5a       ??0CAtlModule@ATL@@QAE@XZ  10003e5a f i RemoteOrderDisplay.obj
 0001:00002e9b       ??0CParseBuffer@CRegParser@ATL@@QAE@H@Z 10003e9b f i RemoteOrderDisplay.obj
 0001:00002ed1       ??0_ATL_MSG@ATL@@QAE@PAUHWND__@@IIJH@Z 10003ed1 f i RemoteOrderDisplay.obj
 0001:00002f09       ??1?$CComAggObject@VCOPOSRemoteOrderDisplay@@@ATL@@UAE@XZ 10003f09 f i RemoteOrderDisplay.obj
 0001:00002f2d       ??1?$CComEnumImpl@UIEnumConnectionPoints@@$1?_GUID_b196b285_bab4_101a_b69c_00aa00341d07@@3U__s_GUID@@BPAUIConnectionPoint@@V?$_CopyInterface@UIConnectionPoint@@@ATL@@@ATL@@UAE@XZ 10003f2d f i RemoteOrderDisplay.obj
 0001:00002f69       ??1?$CComEnumImpl@UIEnumConnections@@$1?_GUID_b196b287_bab4_101a_b69c_00aa00341d07@@3U__s_GUID@@BUtagCONNECTDATA@@V?$_Copy@UtagCONNECTDATA@@@ATL@@@ATL@@UAE@XZ 10003f69 f i RemoteOrderDisplay.obj
 0001:00002fa5       ??1?$CComObject@V?$CComEnum@UIEnumConnectionPoints@@$1?_GUID_b196b285_bab4_101a_b69c_00aa00341d07@@3U__s_GUID@@BPAUIConnectionPoint@@V?$_CopyInterface@UIConnectionPoint@@@ATL@@VCComSingleThreadModel@6@@ATL@@@ATL@@UAE@XZ 10003fa5 f i RemoteOrderDisplay.obj
 0001:00002fc8       ??1?$CComObject@V?$CComEnum@UIEnumConnections@@$1?_GUID_b196b287_bab4_101a_b69c_00aa00341d07@@3U__s_GUID@@BUtagCONNECTDATA@@V?$_Copy@UtagCONNECTDATA@@@ATL@@VCComSingleThreadModel@6@@ATL@@@ATL@@UAE@XZ 10003fc8 f i RemoteOrderDisplay.obj
 0001:00002feb       ??1?$CComObject@VCOPOSRemoteOrderDisplay@@@ATL@@UAE@XZ 10003feb f i RemoteOrderDisplay.obj
 0001:000030a9       ??1?$CComObjectCached@VCComClassFactory@ATL@@@ATL@@UAE@XZ 100040a9 f i RemoteOrderDisplay.obj
 0001:000030bf       ??1?$CComObjectRootEx@VCComMultiThreadModel@ATL@@@ATL@@QAE@XZ 100040bf f i RemoteOrderDisplay.obj
 0001:000030d4       ??1CRegObject@ATL@@UAE@XZ  100040d4 f i RemoteOrderDisplay.obj
 0001:000030f4       ??4?$CComPtr@UIOleClientSite@@@ATL@@QAEPAUIOleClientSite@@PAU2@@Z 100040f4 f i RemoteOrderDisplay.obj
 0001:000030f4       ??4?$CComPtr@UIUnknown@@@ATL@@QAEPAUIUnknown@@PAU2@@Z 100040f4 f i RemoteOrderDisplay.obj
 0001:000030f4       ??4?$CComPtr@UIAdviseSink@@@ATL@@QAEPAUIAdviseSink@@PAU2@@Z 100040f4 f i RemoteOrderDisplay.obj
 0001:00003122       ??_G?$CComContainedObject@VCOPOSRemoteOrderDisplay@@@ATL@@UAEPAXI@Z 10004122 f i RemoteOrderDisplay.obj
 0001:00003122       ??_E?$CComContainedObject@VCOPOSRemoteOrderDisplay@@@ATL@@UAEPAXI@Z 10004122 f i RemoteOrderDisplay.obj
 0001:00003147       ??_G?$CComObject@VCOPOSRemoteOrderDisplay@@@ATL@@UAEPAXI@Z 10004147 f i RemoteOrderDisplay.obj
 0001:00003147       ??_E?$CComObject@VCOPOSRemoteOrderDisplay@@@ATL@@UAEPAXI@Z 10004147 f i RemoteOrderDisplay.obj
 0001:0000316c       ?Add@?$CSimpleArray@GV?$CSimpleArrayEqualHelper@G@ATL@@@ATL@@QAEHABG@Z 1000416c f i RemoteOrderDisplay.obj
 0001:000031e6       ?Add@?$CSimpleMap@PA_WPA_WVCExpansionVectorEqualHelper@ATL@@@ATL@@QAEHABQA_W0@Z 100041e6 f i RemoteOrderDisplay.obj
 0001:0000323b       ?Add@CComDynamicUnkArray@ATL@@QAEKPAUIUnknown@@@Z 1000423b f i RemoteOrderDisplay.obj
 0001:000032ec       ?Add@CExpansionVector@ATL@@QAEHPB_W0@Z 100042ec f i RemoteOrderDisplay.obj
 0001:000033f5       ?AddString@CParseBuffer@CRegParser@ATL@@QAEHPB_W@Z 100043f5 f i RemoteOrderDisplay.obj
 0001:0000342a       ?AddTermFunc@CAtlModule@ATL@@QAEJP6GXK@ZK@Z 1000442a f i RemoteOrderDisplay.obj
 0001:00003496       ?AddValue@CRegParser@ATL@@IAEJAAVCRegKey@2@PB_WPA_W@Z 10004496 f i RemoteOrderDisplay.obj
 0001:000037b0       ?Allocate@?$CAtlSafeAllocBufferManager@VCCRTAllocator@ATL@@@_ATL_SAFE_ALLOCA_IMPL@ATL@@QAEPAXK@Z 100047b0 f i RemoteOrderDisplay.obj
 0001:000037dd       ?Allocate@?$CTempBuffer@E$0BAA@VCCRTAllocator@ATL@@@ATL@@QAEPAEI@Z 100047dd f i RemoteOrderDisplay.obj
 0001:0000380c       ?Allocate@?$CTempBuffer@_W$0BAA@VCCRTAllocator@ATL@@@ATL@@QAEPA_WI@Z 1000480c f i RemoteOrderDisplay.obj
 0001:0000383b       ?Allocate@?$CTempBuffer@_W$0EAA@VCCRTAllocator@ATL@@@ATL@@QAEPA_WI@Z 1000483b f i RemoteOrderDisplay.obj
 0001:0000386a       ?AllocateHeap@?$CTempBuffer@_W$0BAA@VCCRTAllocator@ATL@@@ATL@@AAEXI@Z 1000486a f i RemoteOrderDisplay.obj
 0001:0000386a       ?AllocateHeap@?$CTempBuffer@E$0BAA@VCCRTAllocator@ATL@@@ATL@@AAEXI@Z 1000486a f i RemoteOrderDisplay.obj
 0001:0000386a       ?AllocateHeap@?$CTempBuffer@_W$0EAA@VCCRTAllocator@ATL@@@ATL@@AAEXI@Z 1000486a f i RemoteOrderDisplay.obj
 0001:0000388f       ?Append@CParseBuffer@CRegParser@ATL@@QAEHPB_WH@Z 1000488f f i RemoteOrderDisplay.obj
 0001:0000391b       ?AtlCoTaskMemCAlloc@ATL@@YAPAXKK@Z 1000491b f i RemoteOrderDisplay.obj
 0001:00003948       ?AtlCoTaskMemRecalloc@ATL@@YAPAXPAXKK@Z 10004948 f i RemoteOrderDisplay.obj
 0001:00003978       ?AtlComModuleGetClassObject@ATL@@YGJPAU_ATL_COM_MODULE70@1@ABU_GUID@@1PAPAX@Z 10004978 f i RemoteOrderDisplay.obj
 0001:00003a6d       ?AtlComModuleRegisterServer@ATL@@YGJPAU_ATL_COM_MODULE70@1@HPBU_GUID@@@Z 10004a6d f i RemoteOrderDisplay.obj
 0001:00003af5       ?AtlComModuleUnregisterServer@ATL@@YGJPAU_ATL_COM_MODULE70@1@HPBU_GUID@@@Z 10004af5 f i RemoteOrderDisplay.obj
 0001:00003b7d       ?AtlComQIPtrAssign2@ATL@@YAXPAPAUIUnknown@@PAU2@ABU_GUID@@@Z 10004b7d f i RemoteOrderDisplay.obj
 0001:00003bac       ?AtlCreateTargetDC@ATL@@YGPAUHDC__@@PAU2@PAUtagDVTARGETDEVICE@@@Z 10004bac f i RemoteOrderDisplay.obj
 0001:00003c15       ?AtlCrtErrorCheck@ATL@@YAHH@Z 10004c15 f i RemoteOrderDisplay.obj
 0001:00003c50       ?AtlHiMetricToPixel@ATL@@YGXPBUtagSIZE@@PAU2@@Z 10004c50 f i RemoteOrderDisplay.obj
 0001:00003cc5       ?AtlHresultFromLastError@ATL@@YAJXZ 10004cc5 f i RemoteOrderDisplay.obj
 0001:00003cdc       ?AtlHresultFromWin32@ATL@@YAJK@Z 10004cdc f i RemoteOrderDisplay.obj
 0001:00003cf1       ?AtlInternalOleLoadFromStream@ATL@@YAJPAUIStream@@ABU_GUID@@PAPAXTClassesAllowedInStream@1@K@Z 10004cf1 f i RemoteOrderDisplay.obj
 0001:00003e1a       ?AtlInternalQueryInterface@ATL@@YGJPAXPBU_ATL_INTMAP_ENTRY@1@ABU_GUID@@PAPAX@Z 10004e1a f i RemoteOrderDisplay.obj
 0001:00003ebd       ?AtlLoadTypeLib@ATL@@YGJPAUHINSTANCE__@@PB_WPAPA_WPAPAUITypeLib@@@Z 10004ebd f i RemoteOrderDisplay.obj
 0001:0000409b       ?AtlRegisterClassCategoriesHelper@ATL@@YGJABU_GUID@@PBU_ATL_CATMAP_ENTRY@1@H@Z 1000509b f i RemoteOrderDisplay.obj
 0001:00004397       ?AtlRegisterTypeLib@ATL@@YGJPAUHINSTANCE__@@PB_W@Z 10005397 f i RemoteOrderDisplay.obj
 0001:0000451f       ?AtlThrowImpl@ATL@@YGXJ@Z  1000551f f i RemoteOrderDisplay.obj
 0001:0000453d       ?AtlUnRegisterTypeLib@ATL@@YGJPAUHINSTANCE__@@PB_W@Z 1000553d f i RemoteOrderDisplay.obj
 0001:000045e8       ?AtlWinModuleAddCreateWndData@ATL@@YGXPAU_ATL_WIN_MODULE70@1@PAU_AtlCreateWndData@1@PAX@Z 100055e8 f i RemoteOrderDisplay.obj
 0001:0000463c       ?AtlWinModuleExtractCreateWndData@ATL@@YGPAXPAU_ATL_WIN_MODULE70@1@@Z 1000563c f i RemoteOrderDisplay.obj
 0001:000046a0       ?AtlWinModuleRegisterClassExW@ATL@@YGGPAU_ATL_WIN_MODULE70@1@PBUtagWNDCLASSEXW@@@Z 100056a0 f i RemoteOrderDisplay.obj
 0001:000046df       ?CanForceRemoveKey@CRegParser@ATL@@IAEHPB_W@Z 100056df f i RemoteOrderDisplay.obj
 0001:0000470e       ?ChToByte@CRegParser@ATL@@KAE_W@Z 1000570e f i RemoteOrderDisplay.obj
 0001:00004796       ?Cleanup@CComTypeInfoHolder@ATL@@SGXK@Z 10005796 f i RemoteOrderDisplay.obj
 0001:000047c9       ?ClearReplacements@CExpansionVector@ATL@@QAEJXZ 100057c9 f i RemoteOrderDisplay.obj
 0001:00004806       ?Close@CRegKey@ATL@@QAEJXZ 10005806 f i RemoteOrderDisplay.obj
 0001:00004820       ?CreateInstance@?$CComCreator@V?$CComAggObject@VCOPOSRemoteOrderDisplay@@@ATL@@@ATL@@SGJPAXABU_GUID@@PAPAX@Z 10005820 f i RemoteOrderDisplay.obj
 0001:00004895       ?CreateInstance@?$CComCreator@V?$CComObject@VCOPOSRemoteOrderDisplay@@@ATL@@@ATL@@SGJPAXABU_GUID@@PAPAX@Z 10005895 f i RemoteOrderDisplay.obj
 0001:0000491e       ?CreateInstance@?$CComObject@V?$CComEnum@UIEnumConnectionPoints@@$1?_GUID_b196b285_bab4_101a_b69c_00aa00341d07@@3U__s_GUID@@BPAUIConnectionPoint@@V?$_CopyInterface@UIConnectionPoint@@@ATL@@VCComSingleThreadModel@6@@ATL@@@ATL@@SGJPAPAV12@@Z 1000591e f i RemoteOrderDisplay.obj
 0001:00004968       ?CreateInstance@?$CComObject@V?$CComEnum@UIEnumConnections@@$1?_GUID_b196b287_bab4_101a_b69c_00aa00341d07@@3U__s_GUID@@BUtagCONNECTDATA@@V?$_Copy@UtagCONNECTDATA@@@ATL@@VCComSingleThreadModel@6@@ATL@@@ATL@@SGJPAPAV12@@Z 10005968 f i RemoteOrderDisplay.obj
 0001:000049b2       ?DefaultReflectionHandler@?$CWindowImplRoot@VCWindow@ATL@@@ATL@@SAHPAUHWND__@@IIJAAJ@Z 100059b2 f i RemoteOrderDisplay.obj
 0001:00004a52       ?DeleteSubKey@CRegKey@ATL@@QAEJPB_W@Z 10005a52 f i RemoteOrderDisplay.obj
 0001:00004acb       ?DoEvent@COPOSRemoteOrderDisplay@@IAEXIIJ@Z 10005acb f i RemoteOrderDisplay.obj
 0001:00004b4b       ?DoVerbHide@?$IOleObjectImpl@VCOPOSRemoteOrderDisplay@@@ATL@@QAEJPBUtagRECT@@PAUHWND__@@@Z 10005b4b f i RemoteOrderDisplay.obj
 0001:00004b81       ?DoVerbInPlaceActivate@?$IOleObjectImpl@VCOPOSRemoteOrderDisplay@@@ATL@@QAEJPBUtagRECT@@PAUHWND__@@@Z 10005b81 f i RemoteOrderDisplay.obj
 0001:00004bb4       ?DoVerbPrimary@?$IOleObjectImpl@VCOPOSRemoteOrderDisplay@@@ATL@@QAEJPBUtagRECT@@PAUHWND__@@@Z 10005bb4 f i RemoteOrderDisplay.obj
 0001:00004c40       ?DoVerbProperties@CComControlBase@ATL@@QAEJPBUtagRECT@@PAUHWND__@@@Z 10005c40 f i RemoteOrderDisplay.obj
 0001:00004dbf       ?DoVerbUIActivate@?$IOleObjectImpl@VCOPOSRemoteOrderDisplay@@@ATL@@QAEJPBUtagRECT@@PAUHWND__@@@Z 10005dbf f i RemoteOrderDisplay.obj
 0001:00004dfc       ?DoesVerbActivate@CComControlBase@ATL@@QAEHJ@Z 10005dfc f i RemoteOrderDisplay.obj
 0001:00004e20       ?DoesVerbUIActivate@CComControlBase@ATL@@QAEHJ@Z 10005e20 f i RemoteOrderDisplay.obj
 0001:00004e55       ?EndOfVar@CRegParser@ATL@@IAEHXZ 10005e55 f i RemoteOrderDisplay.obj
 0001:00004e75       ?EscapeSingleQuote@CAtlModule@ATL@@SAXPA_WIPB_W@Z 10005e75 f i RemoteOrderDisplay.obj
 0001:00004ec4       ?FindKey@?$CSimpleMap@PA_WPA_WVCExpansionVectorEqualHelper@ATL@@@ATL@@QBEHABQA_W@Z 10005ec4 f i RemoteOrderDisplay.obj
 0001:00004efb       ?FireTheEvent@?$CProxy_IOPOSEvents@VCOPOSRemoteOrderDisplay@@@@IAEXPAVOposVariant@@IAAJPB_WJ@Z 10005efb f i RemoteOrderDisplay.obj
 0001:00004f8d       ?FireViewChange@CComControlBase@ATL@@QAEJXZ 10005f8d f i RemoteOrderDisplay.obj
 0001:00004fd6       ?Fire_DataEvent@?$CProxy_IOPOSEvents@VCOPOSRemoteOrderDisplay@@@@QAEXJ@Z 10005fd6 f i RemoteOrderDisplay.obj
 0001:0000506c       ?Fire_DirectIOEvent@?$CProxy_IOPOSEvents@VCOPOSRemoteOrderDisplay@@@@QAEXJPAJPAPA_W@Z 1000606c f i RemoteOrderDisplay.obj
 0001:00005158       ?Fire_ErrorEvent@?$CProxy_IOPOSEvents@VCOPOSRemoteOrderDisplay@@@@QAEXJJJPAJ@Z 10006158 f i RemoteOrderDisplay.obj
 0001:00005249       ?Fire_OutputCompleteEvent@?$CProxy_IOPOSEvents@VCOPOSRemoteOrderDisplay@@@@QAEXJ@Z 10006249 f i RemoteOrderDisplay.obj
 0001:000052df       ?Fire_StatusUpdateEvent@?$CProxy_IOPOSEvents@VCOPOSRemoteOrderDisplay@@@@QAEXJ@Z 100062df f i RemoteOrderDisplay.obj
 0001:00005375       ?FreeHeap@?$CTempBuffer@_W$0EAA@VCCRTAllocator@ATL@@@ATL@@AAEXXZ 10006375 f i RemoteOrderDisplay.obj
 0001:00005375       ?FreeHeap@?$CTempBuffer@E$0BAA@VCCRTAllocator@ATL@@@ATL@@AAEXXZ 10006375 f i RemoteOrderDisplay.obj
 0001:00005375       ?FreeHeap@?$CTempBuffer@_W$0BAA@VCCRTAllocator@ATL@@@ATL@@AAEXXZ 10006375 f i RemoteOrderDisplay.obj
 0001:0000537e       ?GetAmbientLocaleID@CComControlBase@ATL@@QAEJAAK@Z 1000637e f i RemoteOrderDisplay.obj
 0001:000053da       ?GetAmbientUserMode@CComControlBase@ATL@@QAEJAAH@Z 100063da f i RemoteOrderDisplay.obj
 0001:0000544a       ?GetAt@CComDynamicUnkArray@ATL@@QAEPAUIUnknown@@H@Z 1000644a f i RemoteOrderDisplay.obj
 0001:00005466       ?GetClassObject@CComModule@ATL@@QAEJABU_GUID@@0PAPAX@Z 10006466 f i RemoteOrderDisplay.obj
 0001:00005508       ?GetConnMap@COPOSRemoteOrderDisplay@@SAPBU_ATL_CONNMAP_ENTRY@ATL@@PAH@Z 10006508 f i RemoteOrderDisplay.obj
 0001:00005578       ?GetCookie@CComDynamicUnkArray@ATL@@QAGKPAPAUIUnknown@@@Z 10006578 f i RemoteOrderDisplay.obj
 0001:000055b0       ?GetIDsOfNames@CComTypeInfoHolder@ATL@@QAEJABU_GUID@@PAPA_WIKPAJ@Z 100065b0 f i RemoteOrderDisplay.obj
 0001:000056d0       ?GetKeyAt@?$CSimpleMap@PA_WPA_WVCExpansionVectorEqualHelper@ATL@@@ATL@@QBEAAPA_WH@Z 100066d0 f i RemoteOrderDisplay.obj
 0001:000056f5       ?GetPagesHelper@?$ISpecifyPropertyPagesImpl@VCOPOSRemoteOrderDisplay@@@ATL@@IAEJPAUtagCAUUID@@PBUATL_PROPMAP_ENTRY@2@@Z 100066f5 f i RemoteOrderDisplay.obj
 0001:0000581c       ?GetProperty@?$CComPtr@UIDispatch@@@ATL@@SAJPAUIDispatch@@JPAUtagVARIANT@@@Z 1000681c f i RemoteOrderDisplay.obj
 0001:0000586b       ?GetSizeMax@CComVariant@ATL@@QBEJPAT_ULARGE_INTEGER@@@Z 1000686b f i RemoteOrderDisplay.obj
 0001:00005a2d       ?GetTI@CComTypeInfoHolder@ATL@@QAEJK@Z 10006a2d f i RemoteOrderDisplay.obj
 0001:00005c0d       ?GetTI@CComTypeInfoHolder@ATL@@QAEJKPAPAUITypeInfo@@@Z 10006c0d f i RemoteOrderDisplay.obj
 0001:00005c4b       ?GetUnknown@CComDynamicUnkArray@ATL@@QAGPAUIUnknown@@K@Z 10006c4b f i RemoteOrderDisplay.obj
 0001:00005c6c       ?GetValueAt@?$CSimpleMap@PA_WPA_WVCExpansionVectorEqualHelper@ATL@@@ATL@@QBEAAPA_WH@Z 10006c6c f i RemoteOrderDisplay.obj
 0001:00005c92       ?GetZoomInfo@CComControlBase@ATL@@QAEXAAUATL_DRAWINFO@@@Z 10006c92 f i RemoteOrderDisplay.obj
 0001:00005d25       ?HKeyFromString@CRegParser@ATL@@KAPAUHKEY__@@PA_W@Z 10006d25 f i RemoteOrderDisplay.obj
 0001:00005d53       ?HasSubKeys@CRegParser@ATL@@IAEHPAUHKEY__@@@Z 10006d53 f i RemoteOrderDisplay.obj
 0001:00005d88       ?IDataObject_GetData@CComControlBase@ATL@@QAEJPAUtagFORMATETC@@PAUtagSTGMEDIUM@@@Z 10006d88 f i RemoteOrderDisplay.obj
 0001:00005f2a       ?IOleInPlaceObject_InPlaceDeactivate@CComControlBase@ATL@@QAEJXZ 10006f2a f i RemoteOrderDisplay.obj
 0001:00005fb1       ?IOleInPlaceObject_SetObjectRects@CComControlBase@ATL@@QAEJPBUtagRECT@@0@Z 10006fb1 f i RemoteOrderDisplay.obj
 0001:0000607e       ?IOleInPlaceObject_UIDeactivate@CComControlBase@ATL@@QAEJXZ 1000707e f i RemoteOrderDisplay.obj
 0001:00006140       ?IOleObject_Advise@CComControlBase@ATL@@QAEJPAUIAdviseSink@@PAK@Z 10007140 f i RemoteOrderDisplay.obj
 0001:0000616a       ?IOleObject_Close@CComControlBase@ATL@@QAEJK@Z 1000716a f i RemoteOrderDisplay.obj
 0001:0000624e       ?IOleObject_GetClientSite@CComControlBase@ATL@@QAEJPAPAUIOleClientSite@@@Z 1000724e f i RemoteOrderDisplay.obj
 0001:00006277       ?IOleObject_SetClientSite@CComControlBase@ATL@@QAEJPAUIOleClientSite@@@Z 10007277 f i RemoteOrderDisplay.obj
 0001:000062b6       ?IOleObject_SetExtent@CComControlBase@ATL@@QAEJKPAUtagSIZE@@@Z 100072b6 f i RemoteOrderDisplay.obj
 0001:00006368       ?IPSI_GetIPersistStreamInit@?$IPersistStorageImpl@VCOPOSRemoteOrderDisplay@@@ATL@@AAEPAUIPersistStreamInit@@XZ 10007368 f i RemoteOrderDisplay.obj
 0001:00006410       ?IPersistStreamInit_Load@?$IPersistStreamInitImpl@VCOPOSRemoteOrderDisplay@@@ATL@@QAEJPAUIStream@@PBUATL_PROPMAP_ENTRY@2@@Z 10007410 f i RemoteOrderDisplay.obj
 0001:00006686       ?IPersistStreamInit_Save@?$IPersistStreamInitImpl@VCOPOSRemoteOrderDisplay@@@ATL@@QAEJPAUIStream@@HPBUATL_PROPMAP_ENTRY@2@@Z 10007686 f i RemoteOrderDisplay.obj
 0001:00006875       ?IQuickActivate_QuickActivate@CComControlBase@ATL@@QAEJPAUtagQACONTAINER@@PAUtagQACONTROL@@@Z 10007875 f i RemoteOrderDisplay.obj
 0001:00006ab7       ?IViewObject_Draw@CComControlBase@ATL@@QAEJKJPAXPAUtagDVTARGETDEVICE@@PAUHDC__@@2PBU_RECTL@@3@Z 10007ab7 f i RemoteOrderDisplay.obj
 0001:00006b5f       ?InPlaceActivate@CComControlBase@ATL@@QAEJJPBUtagRECT@@@Z 10007b5f f i RemoteOrderDisplay.obj
 0001:00006dd1       ?Init@?$CComEnumImpl@UIEnumConnectionPoints@@$1?_GUID_b196b285_bab4_101a_b69c_00aa00341d07@@3U__s_GUID@@BPAUIConnectionPoint@@V?$_CopyInterface@UIConnectionPoint@@@ATL@@@ATL@@QAEJPAPAUIConnectionPoint@@0PAUIUnknown@@W4CComEnumFlags@2@@Z 10007dd1 f i RemoteOrderDisplay.obj
 0001:00006ead       ?Init@?$CComEnumImpl@UIEnumConnections@@$1?_GUID_b196b287_bab4_101a_b69c_00aa00341d07@@3U__s_GUID@@BUtagCONNECTDATA@@V?$_Copy@UtagCONNECTDATA@@@ATL@@@ATL@@QAEJPAUtagCONNECTDATA@@0PAUIUnknown@@W4CComEnumFlags@2@@Z 10007ead f i RemoteOrderDisplay.obj
 0001:00006f89       ?Init@CComModule@ATL@@QAEJPAU_ATL_OBJMAP_ENTRY30@2@PAUHINSTANCE__@@PBU_GUID@@@Z 10007f89 f i RemoteOrderDisplay.obj
 0001:00006fe8       ?Init@CDynamicStdCallThunk2@ATL@@QAEHKPAX@Z 10007fe8 f i RemoteOrderDisplay.obj
 0001:00007013       ?InlineIsEqualUnknown@ATL@@YGHABU_GUID@@@Z 10008013 f i RemoteOrderDisplay.obj
 0001:0000703b       ?InternalSetAtIndex@?$CSimpleMap@PA_WPA_WVCExpansionVectorEqualHelper@ATL@@@ATL@@QAEXHABQA_W0@Z 1000803b f i RemoteOrderDisplay.obj
 0001:00007065       ?Invoke@CComTypeInfoHolder@ATL@@QAEJPAUIDispatch@@JABU_GUID@@KGPAUtagDISPPARAMS@@PAUtagVARIANT@@PAUtagEXCEPINFO@@PAI@Z 10008065 f i RemoteOrderDisplay.obj
 0001:000070a6       ?IsEqualObject@?$CComPtrBase@UITypeInfo@@@ATL@@QAE_NPAUIUnknown@@@Z 100080a6 f i RemoteOrderDisplay.obj
 0001:000070a6       ?IsEqualObject@?$CComPtrBase@UIOleClientSite@@@ATL@@QAE_NPAUIUnknown@@@Z 100080a6 f i RemoteOrderDisplay.obj
 0001:00007112       ?IsSpace@CRegParser@ATL@@IAEH_W@Z 10008112 f i RemoteOrderDisplay.obj
 0001:00007138       ?LoadNameCache@CComTypeInfoHolder@ATL@@QAEJPAUITypeInfo@@@Z 10008138 f i RemoteOrderDisplay.obj
 0001:0000726d       ?Lookup@?$CSimpleMap@PA_WPA_WVCExpansionVectorEqualHelper@ATL@@@ATL@@QBEPA_WABQA_W@Z 1000826d f i RemoteOrderDisplay.obj
 0001:00007293       ?NextToken@CRegParser@ATL@@IAEJPA_W@Z 10008293 f i RemoteOrderDisplay.obj
 0001:000073c2       ?OnKillFocus@CComControlBase@ATL@@QAEJIIJAAH@Z 100083c2 f i RemoteOrderDisplay.obj
 0001:0000741d       ?OnMouseActivate@CComControlBase@ATL@@QAEJIIJAAH@Z 1000841d f i RemoteOrderDisplay.obj
 0001:0000748b       ?OnPaint@CComControlBase@ATL@@QAEJIIJAAH@Z 1000848b f i RemoteOrderDisplay.obj
 0001:00007542       ?OnSetFocus@CComControlBase@ATL@@QAEJIIJAAH@Z 10008542 f i RemoteOrderDisplay.obj
 0001:000075cd       ?Open@CRegKey@ATL@@QAEJPAUHKEY__@@PB_WK@Z 100085cd f i RemoteOrderDisplay.obj
 0001:00007622       ?PreProcessBuffer@CRegParser@ATL@@QAEJPA_WPAPA_W@Z 10008622 f i RemoteOrderDisplay.obj
 0001:00007892       ?ProcessWindowMessage@?$CComControl@VCOPOSRemoteOrderDisplay@@V?$CWindowImpl@VCOPOSRemoteOrderDisplay@@VCWindow@ATL@@V?$CWinTraits@$0FGAAAAAA@$0A@@3@@ATL@@@ATL@@UAEHPAUHWND__@@IIJAAJK@Z 10008892 f i RemoteOrderDisplay.obj
 0001:0000793a       ?ReadFromStream@CComBSTR@ATL@@QAEJPAUIStream@@@Z 1000893a f i RemoteOrderDisplay.obj
 0001:00007a5d       ?ReadFromStream@CComVariant@ATL@@QAEJPAUIStream@@GTClassesAllowedInStream@2@K@Z 10008a5d f i RemoteOrderDisplay.obj
 0001:00007be7       ?RecurseDeleteKey@CRegKey@ATL@@QAEJPB_W@Z 10008be7 f i RemoteOrderDisplay.obj
 0001:00007cd5       ?RegCreateKeyExW@CAtlTransactionManager@ATL@@QAEJPAUHKEY__@@PB_WKPA_WKKQAU_SECURITY_ATTRIBUTES@@PAPAU3@PAK@Z 10008cd5 f i RemoteOrderDisplay.obj
 0001:00007d38       ?RegDeleteKeyW@CAtlTransactionManager@ATL@@QAEJPAUHKEY__@@PB_W@Z 10008d38 f i RemoteOrderDisplay.obj
 0001:00007d8a       ?RegOpenKeyExW@CAtlTransactionManager@ATL@@QAEJPAUHKEY__@@PB_WKKPAPAU3@@Z 10008d8a f i RemoteOrderDisplay.obj
 0001:00007de1       ?Register@_ATL_WNDCLASSINFOW@ATL@@QAEGPAP6GJPAUHWND__@@IIJ@Z@Z 10008de1 f i RemoteOrderDisplay.obj
 0001:00007e01       ?RegisterBuffer@CRegParser@ATL@@QAEJPA_WH@Z 10008e01 f i RemoteOrderDisplay.obj
 0001:00007f48       ?RegisterFromResource@CRegObject@ATL@@IAEJPB_W00H@Z 10008f48 f i RemoteOrderDisplay.obj
 0001:0000807e       ?RegisterServer@?$CAtlModuleT@VCComModule@ATL@@@ATL@@QAEJHPBU_GUID@@@Z 1000907e f i RemoteOrderDisplay.obj
 0001:000080ac       ?RegisterServer@CComModule@ATL@@QAEJHPBU_GUID@@@Z 100090ac f i RemoteOrderDisplay.obj
 0001:0000811d       ?RegisterSubkeys@CRegParser@ATL@@IAEJPA_WPAUHKEY__@@HH@Z 1000911d f i RemoteOrderDisplay.obj
 0001:00008779       ?Remove@CComDynamicUnkArray@ATL@@QAEHK@Z 10009779 f i RemoteOrderDisplay.obj
 0001:000087a2       ?RemoveAll@?$CSimpleMap@PA_WPA_WVCExpansionVectorEqualHelper@ATL@@@ATL@@QAEXXZ 100097a2 f i RemoteOrderDisplay.obj
 0001:000087ce       ?ResourceRegisterSz@CRegObject@ATL@@QAGJPB_W00@Z 100097ce f i RemoteOrderDisplay.obj
 0001:000087fb       ?ResourceUnregisterSz@CRegObject@ATL@@QAGJPB_W00@Z 100097fb f i RemoteOrderDisplay.obj
 0001:00008828       ?SendOnDataChange@CComControlBase@ATL@@QAEJK@Z 10009828 f i RemoteOrderDisplay.obj
 0001:00008875       ?SetControlFocus@CComControlBase@ATL@@QAEHH@Z 10009875 f i RemoteOrderDisplay.obj
 0001:00008910       ?SetMultiStringValue@CRegKey@ATL@@QAEJPB_W0@Z 10009910 f i RemoteOrderDisplay.obj
 0001:0000896c       ?SetStringValue@CRegKey@ATL@@QAEJPB_W0K@Z 1000996c f i RemoteOrderDisplay.obj
 0001:000089b5       ?SkipAssignment@CRegParser@ATL@@IAEJPA_W@Z 100099b5 f i RemoteOrderDisplay.obj
 0001:00008a21       ?SkipWhiteSpace@CRegParser@ATL@@IAEXXZ 10009a21 f i RemoteOrderDisplay.obj
 0001:00008a4a       ?StrChrW@CRegParser@ATL@@KAPA_WPA_W_W@Z 10009a4a f i RemoteOrderDisplay.obj
 0001:00008a87       ?Term@CAtlModule@ATL@@QAEXXZ 10009a87 f i RemoteOrderDisplay.obj
 0001:00008b04       ?Term@CComModule@ATL@@QAEXXZ 10009b04 f i RemoteOrderDisplay.obj
 0001:00008b5c       ?UnregisterServer@?$CAtlModuleT@VCComModule@ATL@@@ATL@@QAEJHPBU_GUID@@@Z 10009b5c f i RemoteOrderDisplay.obj
 0001:00008b82       ?UnregisterServer@CComModule@ATL@@QAEJHPBU_GUID@@@Z 10009b82 f i RemoteOrderDisplay.obj
 0001:00008bf3       ?UpdateRegistryFromResource@CAtlModule@ATL@@QAGJIHPAU_ATL_REGMAP_ENTRY@2@@Z 10009bf3 f i RemoteOrderDisplay.obj
 0001:00008dbe       ?UpdateRegistryFromResource@CAtlModule@ATL@@QAGJPB_WHPAU_ATL_REGMAP_ENTRY@2@@Z 10009dbe f i RemoteOrderDisplay.obj
 0001:00008f8f       ?VTFromRegType@CRegParser@ATL@@KAHPB_WAAG@Z 10009f8f f i RemoteOrderDisplay.obj
 0001:00008ffc       ?WindowProc@?$CWindowImplBaseT@VCWindow@ATL@@V?$CWinTraits@$0FGAAAAAA@$0A@@2@@ATL@@SGJPAUHWND__@@IIJ@Z 10009ffc f i RemoteOrderDisplay.obj
 0001:000090ea       ?WriteToStream@CComBSTR@ATL@@QAEJPAUIStream@@@Z 1000a0ea f i RemoteOrderDisplay.obj
 0001:0000914c       ?WriteToStream@CComVariant@ATL@@QAEJPAUIStream@@@Z 1000a14c f i RemoteOrderDisplay.obj
 0001:000092c6       ?WriteToStream@CComVariant@ATL@@QAEJPAUIStream@@G@Z 1000a2c6 f i RemoteOrderDisplay.obj
 0001:0000932f       ?_AtlInitialConstruct@?$CComObjectRootEx@VCComMultiThreadModel@ATL@@@ATL@@QAEJXZ 1000a32f f i RemoteOrderDisplay.obj
 0001:00009344       ?_AtlVerifyStackAvailable@_ATL_SAFE_ALLOCA_IMPL@ATL@@YA_NK@Z 1000a344 f i RemoteOrderDisplay.obj
 0001:000093c2       ?atlCreate@?$CWindowImpl@VCOPOSRemoteOrderDisplay@@VCWindow@ATL@@V?$CWinTraits@$0FGAAAAAA@$0A@@3@@ATL@@QAEPAUHWND__@@PAU3@V_U_RECT@2@PB_WKKV_U_MENUorID@2@PAX@Z 1000a3c2 f i RemoteOrderDisplay.obj
 0001:0000940d       ?atlCreate@?$CWindowImplBaseT@VCWindow@ATL@@V?$CWinTraits@$0FGAAAAAA@$0A@@2@@ATL@@QAEPAUHWND__@@PAU3@V_U_RECT@2@PB_WKKV_U_MENUorID@2@GPAX@Z 1000a40d f i RemoteOrderDisplay.obj
 0001:000094a9       ?copy@?$_Copy@UtagCONNECTDATA@@@ATL@@SAJPAUtagCONNECTDATA@@PBU3@@Z 1000a4a9 f i RemoteOrderDisplay.obj
 0001:000094df       ?copy@?$_CopyInterface@UIConnectionPoint@@@ATL@@SAJPAPAUIConnectionPoint@@PBQAU3@@Z 1000a4df f i RemoteOrderDisplay.obj
 0001:0000950d       ?memcpy_s@Checked@ATL@@YAXPAXIPBXI@Z 1000a50d f i RemoteOrderDisplay.obj
 0001:0000952c       ?ocscpy_s@@YA_NPA_WIPB_W@Z 1000a52c f i RemoteOrderDisplay.obj
 0001:00009576       ?wcscpy_s@Checked@ATL@@YAXPA_WIPB_W@Z 1000a576 f i RemoteOrderDisplay.obj
 0001:00009592       _DllCanUnloadNow@0         1000a592 f   RemoteOrderDisplay.obj
 0001:0000959e       _DllGetClassObject@12      1000a59e f   RemoteOrderDisplay.obj
 0001:000095ac       _DllMain@12                1000a5ac f   RemoteOrderDisplay.obj
 0001:000095ee       _DllRegisterServer@0       1000a5ee f   RemoteOrderDisplay.obj
 0001:000095fd       _DllUnregisterServer@0     1000a5fd f   RemoteOrderDisplay.obj
 0001:0000960c       _InlineIsEqualGUID         1000a60c f i RemoteOrderDisplay.obj
 0001:0000963c       ___local_stdio_printf_options 1000a63c f i RemoteOrderDisplay.obj
 0001:00009642       __vswprintf_s_l            1000a642 f i RemoteOrderDisplay.obj
 0001:000096ef       _swprintf_s                1000a6ef f i RemoteOrderDisplay.obj
 0001:0000970b       ??0?$CComControl@VCOPOSRemoteOrderDisplay@@V?$CWindowImpl@VCOPOSRemoteOrderDisplay@@VCWindow@ATL@@V?$CWinTraits@$0FGAAAAAA@$0A@@3@@ATL@@@ATL@@QAE@XZ 1000a70b f i RemoteOrderDisplayImpl.obj
 0001:00009732       ??0?$CProxy_IOPOSEvents@VCOPOSRemoteOrderDisplay@@@@QAE@XZ 1000a732 f i RemoteOrderDisplayImpl.obj
 0001:00009755       ??0CComControlBase@ATL@@QAE@AAPAUHWND__@@@Z 1000a755 f i RemoteOrderDisplayImpl.obj
 0001:000097a5       ??0COPOSRemoteOrderDisplay@@QAE@XZ 1000a7a5 f   RemoteOrderDisplayImpl.obj
 0001:000097db       ??1?$CComControl@VCOPOSRemoteOrderDisplay@@V?$CWindowImpl@VCOPOSRemoteOrderDisplay@@VCWindow@ATL@@V?$CWinTraits@$0FGAAAAAA@$0A@@3@@ATL@@@ATL@@UAE@XZ 1000a7db f i RemoteOrderDisplayImpl.obj
 0001:000097f4       ??1?$IConnectionPointImpl@VCOPOSRemoteOrderDisplay@@$1?IID_IPropertyNotifySink@@3U_GUID@@BVCComDynamicUnkArray@ATL@@@ATL@@QAE@XZ 1000a7f4 f i RemoteOrderDisplayImpl.obj
 0001:000097f4       ??1?$IConnectionPointImpl@VCOPOSRemoteOrderDisplay@@$1?DIID__IOPOSRemoteOrderDisplayEvents@@3U_GUID@@BVCComDynamicUnkArray@ATL@@@ATL@@QAE@XZ 1000a7f4 f i RemoteOrderDisplayImpl.obj
 0001:00009831       ??1CComControlBase@ATL@@UAE@XZ 1000a831 f i RemoteOrderDisplayImpl.obj
 0001:00009894       ??1COPOSRemoteOrderDisplay@@UAE@XZ 1000a894 f   RemoteOrderDisplayImpl.obj
 0001:000098dc       ?CheckHealth@COPOSRemoteOrderDisplay@@UAGJJPAJ@Z 1000a8dc f   RemoteOrderDisplayImpl.obj
 0001:0000992b       ?ClaimDevice@COPOSRemoteOrderDisplay@@UAGJJPAJ@Z 1000a92b f   RemoteOrderDisplayImpl.obj
 0001:000099a0       ?ClearInput@COPOSRemoteOrderDisplay@@UAGJPAJ@Z 1000a9a0 f   RemoteOrderDisplayImpl.obj
 0001:000099bb       ?ClearOutput@COPOSRemoteOrderDisplay@@UAGJPAJ@Z 1000a9bb f   RemoteOrderDisplayImpl.obj
 0001:000099d6       ?ClearVideo@COPOSRemoteOrderDisplay@@UAGJJJPAJ@Z 1000a9d6 f   RemoteOrderDisplayImpl.obj
 0001:00009a4a       ?ClearVideoRegion@COPOSRemoteOrderDisplay@@UAGJJJJJJJPAJ@Z 1000aa4a f   RemoteOrderDisplayImpl.obj
 0001:00009b0d       ?Close@COPOSRemoteOrderDisplay@@UAGJPAJ@Z 1000ab0d f   RemoteOrderDisplayImpl.obj
 0001:00009b7b       ?CompareFirmwareVersion@COPOSRemoteOrderDisplay@@UAGJPA_WPAJ1@Z 1000ab7b f   RemoteOrderDisplayImpl.obj
 0001:00009bfb       ?ControlClock@COPOSRemoteOrderDisplay@@UAGJJJJJJJJJJJPAJ@Z 1000abfb f   RemoteOrderDisplayImpl.obj
 0001:00009cf6       ?ControlCursor@COPOSRemoteOrderDisplay@@UAGJJJPAJ@Z 1000acf6 f   RemoteOrderDisplayImpl.obj
 0001:00009d6a       ?CopyVideoRegion@COPOSRemoteOrderDisplay@@UAGJJJJJJJJPAJ@Z 1000ad6a f   RemoteOrderDisplayImpl.obj
 0001:00009e3b       ?DirectIO@COPOSRemoteOrderDisplay@@UAGJJPAJPAPA_W0@Z 1000ae3b f   RemoteOrderDisplayImpl.obj
 0001:00009ee9       ?DisplayData@COPOSRemoteOrderDisplay@@UAGJJJJJPA_WPAJ@Z 1000aee9 f   RemoteOrderDisplayImpl.obj
 0001:00009fac       ?DoInvoke@COPOSRemoteOrderDisplay@@IAEJJPAVOposVariant@@IHPAJ_N@Z 1000afac f   RemoteOrderDisplayImpl.obj
 0001:0000a088       ?DrawBox@COPOSRemoteOrderDisplay@@UAGJJJJJJJJPAJ@Z 1000b088 f   RemoteOrderDisplayImpl.obj
 0001:0000a159       ?EventClose@COPOSRemoteOrderDisplay@@IAEXXZ 1000b159 f i RemoteOrderDisplayImpl.obj
 0001:0000a18c       ?EventInit@COPOSRemoteOrderDisplay@@IAEJXZ 1000b18c f i RemoteOrderDisplayImpl.obj
 0001:0000a260       ?EventUninit@COPOSRemoteOrderDisplay@@IAEXXZ 1000b260 f i RemoteOrderDisplayImpl.obj
 0001:0000a2b2       ?EventWindowProc@COPOSRemoteOrderDisplay@@IAGJIIJ@Z 1000b2b2 f i RemoteOrderDisplayImpl.obj
 0001:0000a3b0       ?FinalConstruct@COPOSRemoteOrderDisplay@@QAEJXZ 1000b3b0 f   RemoteOrderDisplayImpl.obj
 0001:0000a3e9       ?FireEventCleanup@COPOSRemoteOrderDisplay@@IAEXXZ 1000b3e9 f i RemoteOrderDisplayImpl.obj
 0001:0000a3ff       ?FireEventSetup@COPOSRemoteOrderDisplay@@IAE_NXZ 1000b3ff f i RemoteOrderDisplayImpl.obj
 0001:0000a433       ?FreeVideoRegion@COPOSRemoteOrderDisplay@@UAGJJJPAJ@Z 1000b433 f   RemoteOrderDisplayImpl.obj
 0001:0000a4a7       ?FreezeEvents@COPOSRemoteOrderDisplay@@MAGJH@Z 1000b4a7 f   RemoteOrderDisplayImpl.obj
 0001:0000a500       ?GetOposProp@COPOSRemoteOrderDisplay@@IAEJJPAFJ@Z 1000b500 f   RemoteOrderDisplayImpl.obj
 0001:0000a523       ?GetOposProp@COPOSRemoteOrderDisplay@@IAEJJPAJJ@Z 1000b523 f   RemoteOrderDisplayImpl.obj
 0001:0000a5f2       ?GetOposProp@COPOSRemoteOrderDisplay@@IAEJJPAPA_WJ@Z 1000b5f2 f   RemoteOrderDisplayImpl.obj
 0001:0000a6ce       ?OnDraw@COPOSRemoteOrderDisplay@@MAEJAAUATL_DRAWINFO@@@Z 1000b6ce f   RemoteOrderDisplayImpl.obj
 0001:0000a76e       ?Open@COPOSRemoteOrderDisplay@@UAGJPA_WPAJ@Z 1000b76e f   RemoteOrderDisplayImpl.obj
 0001:0000afad       ?ReleaseDevice@COPOSRemoteOrderDisplay@@UAGJPAJ@Z 1000bfad f   RemoteOrderDisplayImpl.obj
 0001:0000affc       ?ResetStatistics@COPOSRemoteOrderDisplay@@UAGJPA_WPAJ@Z 1000bffc f   RemoteOrderDisplayImpl.obj
 0001:0000b053       ?ResetVideo@COPOSRemoteOrderDisplay@@UAGJJPAJ@Z 1000c053 f   RemoteOrderDisplayImpl.obj
 0001:0000b0a2       ?RestoreVideoRegion@COPOSRemoteOrderDisplay@@UAGJJJJJPAJ@Z 1000c0a2 f   RemoteOrderDisplayImpl.obj
 0001:0000b143       ?RetrieveStatistics@COPOSRemoteOrderDisplay@@UAGJPAPA_WPAJ@Z 1000c143 f   RemoteOrderDisplayImpl.obj
 0001:0000b19a       ?SOProcessID@COPOSRemoteOrderDisplay@@UAGJPAJ@Z 1000c19a f   RemoteOrderDisplayImpl.obj
 0001:0000b1ae       ?SaveVideoRegion@COPOSRemoteOrderDisplay@@UAGJJJJJJJPAJ@Z 1000c1ae f   RemoteOrderDisplayImpl.obj
 0001:0000b271       ?SelectCharacterSet@COPOSRemoteOrderDisplay@@UAGJJJPAJ@Z 1000c271 f   RemoteOrderDisplayImpl.obj
 0001:0000b2e5       ?SetCOFreezeEvents@COPOSRemoteOrderDisplay@@IAEXF@Z 1000c2e5 f   RemoteOrderDisplayImpl.obj
 0001:0000b385       ?SetCursor@COPOSRemoteOrderDisplay@@UAGJJJJPAJ@Z 1000c385 f   RemoteOrderDisplayImpl.obj
 0001:0000b41b       ?SetOposProp@COPOSRemoteOrderDisplay@@IAEJJJJ@Z 1000c41b f   RemoteOrderDisplayImpl.obj
 0001:0000b512       ?TransactionDisplay@COPOSRemoteOrderDisplay@@UAGJJJPAJ@Z 1000c512 f   RemoteOrderDisplayImpl.obj
[...]
 0002:000066b0       LOG10_2                    100276b0     libucrt:log10_pentium4.obj
 0002:000066c0       place_L                    100276c0     libucrt:log10_pentium4.obj
 0002:000066e0       One                        100276e0     libucrt:log10_pentium4.obj
 0002:000066f0       Zero                       100276f0     libucrt:log10_pentium4.obj
 0002:00006700       Two52                      10027700     libucrt:log10_pentium4.obj
 0002:00006710       Infs                       10027710     libucrt:log10_pentium4.obj
 0002:00006720       NaN                        10027720     libucrt:log10_pentium4.obj
 0002:00006730       coeff                      10027730     libucrt:log10_pentium4.obj
 0002:0000678e       _log2max                   1002778e     libucrt:87tran.obj
 0002:00006798       _smallarg                  10027798     libucrt:87tran.obj
 0002:000067a2       _half                      100277a2     libucrt:87tran.obj
 0002:000067ee       One                        100277ee     libucrt:87disp.obj
 0002:000067f6       Three                      100277f6     libucrt:87disp.obj
 0002:000067fe       XAMtoTagTab                100277fe     libucrt:87disp.obj
 0002:00006810       One                        10027810     libucrt:common.obj
 0002:00006824       DblMax                     10027824     libucrt:common.obj
 0002:0000682c       DblMin                     1002782c     libucrt:common.obj
 0002:00006834       IeeeAdjO                   10027834     libucrt:common.obj
 0002:0000683c       IeeeAdjU                   1002783c     libucrt:common.obj
 0002:00006844       _infinity                  10027844     libucrt:common.obj
 0002:0000684c       _zero                      1002784c     libucrt:common.obj
 0002:00006898       _over                      10027898     libucrt:fpctrl.obj
 0002:000068a4       _under                     100278a4     libucrt:fpctrl.obj
 0002:000070d8       ?_names@?1??_get_fname@@9@4QBU<unnamed-type-_names>@?1??1@YAPADI@Z@B 100280d8     libucrt:fpexcept.obj
 0002:00007280       two32                      10028280     LIBCMT:ftol2.obj
 0002:00007284       two63                      10028284     LIBCMT:ftol2.obj
 0002:00007288       _NaN                       10028288     LIBCMT:ftol2.obj
 0002:000079e0       __sehtable$?_AtlVerifyStackAvailable@_ATL_SAFE_ALLOCA_IMPL@ATL@@YA_NK@Z 100289e0     RemoteOrderDisplay.obj
 0002:00007a00       __sehtable$___scrt_is_nonwritable_in_current_image 10028a00     LIBCMT:utility.obj
 0002:00007a1c       __catchsym$??2@YAPAXIABUnothrow_t@std@@@Z$2 10028a1c     LIBCMT:new_scalar_nothrow.obj
 0002:00007a2c       __unwindtable$??2@YAPAXIABUnothrow_t@std@@@Z 10028a2c     LIBCMT:new_scalar_nothrow.obj
 0002:00007a3c       __tryblocktable$??2@YAPAXIABUnothrow_t@std@@@Z 10028a3c     LIBCMT:new_scalar_nothrow.obj
 0002:00007a50       __ehfuncinfo$??2@YAPAXIABUnothrow_t@std@@@Z 10028a50     LIBCMT:new_scalar_nothrow.obj
 0002:00007a78       __sehtable$?dllmain_crt_process_attach@@YAHQAUHINSTANCE__@@QAX@Z 10028a78     LIBCMT:dll_dllmain.obj
 0002:00007a98       __sehtable$?dllmain_crt_process_detach@@YAH_N@Z 10028a98     LIBCMT:dll_dllmain.obj
 0002:00007ac0       __sehtable$?dllmain_dispatch@@YAHQAUHINSTANCE__@@KQAX@Z 10028ac0     LIBCMT:dll_dllmain.obj
 0002:00007b70       __sehtable$___DestructExceptionObject 10028b70     libvcruntime:ehhelpers.obj
 0002:00007b90       __sehtable$?FrameUnwindToState@__FrameHandler3@@SAXPAUEHRegistrationNode@@PAXPBU_s_FuncInfo@@H@Z 10028b90     libvcruntime:frame.obj
 0002:00007bb8       __sehtable$?CallCatchBlock@@YAPAXPAUEHExceptionRecord@@PAUEHRegistrationNode@@PAU_CONTEXT@@PBU_s_FuncInfo@@PAXHK@Z 10028bb8     libvcruntime:frame.obj
 0002:00007be0       __catchsym$?CallUnexpected@@YAXPBU_s_ESTypeList@@@Z$2 10028be0     libvcruntime:frame.obj
 0002:00007bf0       __unwindtable$?CallUnexpected@@YAXPBU_s_ESTypeList@@@Z 10028bf0     libvcruntime:frame.obj
 0002:00007c00       __tryblocktable$?CallUnexpected@@YAXPBU_s_ESTypeList@@@Z 10028c00     libvcruntime:frame.obj
 0002:00007c14       __ehfuncinfo$?CallUnexpected@@YAXPBU_s_ESTypeList@@@Z 10028c14     libvcruntime:frame.obj
 0002:00007c38       __sehtable$??$BuildCatchObjectHelperInternal@V__FrameHandler3@@@@YAHPAUEHExceptionRecord@@PAXPBU_s_HandlerType@@PBU_s_CatchableType@@@Z 10028c38     libvcruntime:frame.obj
 0002:00007c58       __sehtable$??$BuildCatchObjectInternal@V__FrameHandler3@@@@YAXPAUEHExceptionRecord@@PAXPBU_s_HandlerType@@PBU_s_CatchableType@@@Z 10028c58     libvcruntime:frame.obj
 0002:00007cac       __ehfuncinfo$?write_double_translated_ansi_nolock@@YA?AUwrite_result@?A0x17268360@@HQBDIAAV__crt_cached_ptd_host@@@Z 10028cac     libucrt:write.obj
 0002:00007cac       __ehfuncinfo$?try_cor_exit_process@@YAXI@Z 10028cac     libucrt:exit.obj
 0002:00007cd0       __unwindtable$?common_exit@@YAXHW4_crt_exit_cleanup_mode@@W4_crt_exit_return_mode@@@Z 10028cd0     libucrt:exit.obj
 0002:00007cd8       __ehfuncinfo$?common_exit@@YAXHW4_crt_exit_cleanup_mode@@W4_crt_exit_return_mode@@@Z 10028cd8     libucrt:exit.obj
 0002:00007d00       __sehtable$??R<lambda_6e4b09c48022b2350581041d5f6b0c4c>@@QBE@XZ 10028d00     libucrt:exit.obj
 0002:00007d20       __sehtable$??$?RV<lambda_03b1d95aef87969028cfba75ccab2455>@@AAV<lambda_6e4b09c48022b2350581041d5f6b0c4c>@@V<lambda_22bdf7517842c4b3e53723af5aa32b9e>@@@?$__crt_seh_guarded_call@X@@QAEX$$QAV<lambda_03b1d95aef87969028cfba75ccab2455>@@AAV<lambda_6e4b09c48022b2350581041d5f6b0c4c>@@$$QAV<lambda_22bdf7517842c4b3e53723af5aa32b9e>@@@Z 10028d20     libucrt:exit.obj
 0002:00007d3c       __unwindtable$___dcrt_uninitialize_environments_nolock 10028d3c     libucrt:environment_initialization.obj
 0002:00007d4c       __ehfuncinfo$___dcrt_uninitialize_environments_nolock 10028d4c     libucrt:environment_initialization.obj
 0002:00007d70       __unwindtable$__execute_onexit_table 10028d70     libucrt:onexit.obj
 0002:00007d78       __ehfuncinfo$__execute_onexit_table 10028d78     libucrt:onexit.obj
 0002:00007da0       __sehtable$??$?RV<lambda_8e746cf0007f6ed984d6f78af1fec997>@@AAV<lambda_22ebabd17bc4fa466a2aca6d8deb888d>@@V<lambda_18ed0c0b38a6dc0daf1e7ac6d6adf05e>@@@?$__crt_seh_guarded_call@H@@QAEH$$QAV<lambda_8e746cf0007f6ed984d6f78af1fec997>@@AAV<lambda_22ebabd17bc4fa466a2aca6d8deb888d>@@$$QAV<lambda_18ed0c0b38a6dc0daf1e7ac6d6adf05e>@@@Z 10028da0     libucrt:onexit.obj
 0002:00007dc0       __sehtable$??$?RV<lambda_69a2805e680e0e292e8ba93315fe43a8>@@AAV<lambda_f03950bc5685219e0bcd2087efbe011e>@@V<lambda_03fcd07e894ec930e3f35da366ca99d6>@@@?$__crt_seh_guarded_call@H@@QAEH$$QAV<lambda_69a2805e680e0e292e8ba93315fe43a8>@@AAV<lambda_f03950bc5685219e0bcd2087efbe011e>@@$$QAV<lambda_03fcd07e894ec930e3f35da366ca99d6>@@@Z 10028dc0     libucrt:onexit.obj
 0002:00007de0       __sehtable$__query_new_handler 10028de0     libucrt:new_handler.obj
 0002:00007e00       __sehtable$_terminate      10028e00     libucrt:terminate.obj
 0002:00007e20       __sehtable$??$?RV<lambda_15ade71b0218206bbe3333a0c9b79046>@@AAV<lambda_da44e0f8b0f19ba52fefafb335991732>@@V<lambda_207f2d024fc103971653565357d6cd41>@@@?$__crt_seh_guarded_call@X@@QAEX$$QAV<lambda_15ade71b0218206bbe3333a0c9b79046>@@AAV<lambda_da44e0f8b0f19ba52fefafb335991732>@@$$QAV<lambda_207f2d024fc103971653565357d6cd41>@@@Z 10028e20     libucrt:per_thread_data.obj
 0002:00007e40       __sehtable$??$?RV<lambda_a7e850c220f1c8d1e6efeecdedd162c6>@@AAV<lambda_46720907175c18b6c9d2717bc0d2d362>@@V<lambda_9048902d66e8d99359bc9897bbb930a8>@@@?$__crt_seh_guarded_call@X@@QAEX$$QAV<lambda_a7e850c220f1c8d1e6efeecdedd162c6>@@AAV<lambda_46720907175c18b6c9d2717bc0d2d362>@@$$QAV<lambda_9048902d66e8d99359bc9897bbb930a8>@@@Z 10028e40     libucrt:per_thread_data.obj
 0002:00007e60       __sehtable$??$?RV<lambda_38edbb1296d33220d7e4dd0ed76b244a>@@AAV<lambda_5ce1d447e08cb34b2473517608e21441>@@V<lambda_fb385d3da700c9147fc39e65dd577a8c>@@@?$__crt_seh_guarded_call@X@@QAEX$$QAV<lambda_38edbb1296d33220d7e4dd0ed76b244a>@@AAV<lambda_5ce1d447e08cb34b2473517608e21441>@@$$QAV<lambda_fb385d3da700c9147fc39e65dd577a8c>@@@Z 10028e60     libucrt:per_thread_data.obj
 0002:00007e80       __sehtable$??$?RV<lambda_6affb1475c98b40b75cdec977db92e3c>@@AAV<lambda_b8d4b9c228a6ecc3f80208dbb4b4a104>@@V<lambda_608742c3c92a14382c1684fc64f96c88>@@@?$__crt_seh_guarded_call@X@@QAEX$$QAV<lambda_6affb1475c98b40b75cdec977db92e3c>@@AAV<lambda_b8d4b9c228a6ecc3f80208dbb4b4a104>@@$$QAV<lambda_608742c3c92a14382c1684fc64f96c88>@@@Z 10028e80     libucrt:per_thread_data.obj
 0002:00007ea0       __sehtable$??$?RV<lambda_e5124f882df8998aaf41531e079ba474>@@AAV<lambda_3e16ef9562a7dcce91392c22ab16ea36>@@V<lambda_e25ca0880e6ef98be67edffd8c599615>@@@?$__crt_seh_guarded_call@X@@QAEX$$QAV<lambda_e5124f882df8998aaf41531e079ba474>@@AAV<lambda_3e16ef9562a7dcce91392c22ab16ea36>@@$$QAV<lambda_e25ca0880e6ef98be67edffd8c599615>@@@Z 10028ea0     libucrt:wsetlocale.obj
 0002:00007ec0       __sehtable$___acrt_initialize_lowio 10028ec0     libucrt:ioinit.obj
 0002:00007ee0       __sehtable$?update_thread_multibyte_data_internal@@YAPAU__crt_multibyte_data@@QAU__acrt_ptd@@QAPAU1@@Z 10028ee0     libucrt:mbctype.obj
 0002:00007f00       __sehtable$??$?RV<lambda_ceb1ee4838e85a9d631eb091e2fbe199>@@AAV<lambda_ae742caa10f662c28703da3d2ea5e57e>@@V<lambda_cd08b5d6af4937fe54fc07d0c9bf6b37>@@@?$__crt_seh_guarded_call@X@@QAEX$$QAV<lambda_ceb1ee4838e85a9d631eb091e2fbe199>@@AAV<lambda_ae742caa10f662c28703da3d2ea5e57e>@@$$QAV<lambda_cd08b5d6af4937fe54fc07d0c9bf6b37>@@@Z 10028f00     libucrt:mbctype.obj
 0002:00007f20       __sehtable$_raise          10028f20     libucrt:signal.obj
 0002:00007f40       __sehtable$??$?RV<lambda_cbab9ec6f41b0180b23cc171c22676b0>@@AAV<lambda_44731a7d0e6d81c3e6aa82d741081786>@@V<lambda_4b292cb8dd18144e164572427af410ab>@@@?$__crt_seh_guarded_call@P6AXH@Z@@QAEP6AXH@Z$$QAV<lambda_cbab9ec6f41b0180b23cc171c22676b0>@@AAV<lambda_44731a7d0e6d81c3e6aa82d741081786>@@$$QAV<lambda_4b292cb8dd18144e164572427af410ab>@@@Z 10028f40     libucrt:signal.obj
 0002:00007f60       __sehtable$??$?RV<lambda_2866be3712abc81a800a822484c830d8>@@AAV<lambda_39ca0ed439415581b5b15c265174cece>@@V<lambda_2b24c74d71094a6cd0cb82e44167d71b>@@@?$__crt_seh_guarded_call@X@@QAEX$$QAV<lambda_2866be3712abc81a800a822484c830d8>@@AAV<lambda_39ca0ed439415581b5b15c265174cece>@@$$QAV<lambda_2b24c74d71094a6cd0cb82e44167d71b>@@@Z 10028f60     libucrt:fflush.obj
 0002:00007f80       __sehtable$??$?RV<lambda_2cc53f568c5a2bb6f192f930a45d44ea>@@AAV<lambda_ab61a845afdef5b7c387490eaf3616ee>@@V<lambda_c2ffc0b7726aa6be21d5f0026187e748>@@@?$__crt_seh_guarded_call@X@@QAEX$$QAV<lambda_2cc53f568c5a2bb6f192f930a45d44ea>@@AAV<lambda_ab61a845afdef5b7c387490eaf3616ee>@@$$QAV<lambda_c2ffc0b7726aa6be21d5f0026187e748>@@@Z 10028f80     libucrt:fflush.obj
 0002:00007fa0       __sehtable$___acrt_update_thread_locale_data 10028fa0     libucrt:locale_refcounting.obj
 0002:00007fc0       __sehtable$__fcloseall     10028fc0     libucrt:closeall.obj
 0002:00007fe0       __sehtable$___acrt_lowio_ensure_fh_exists 10028fe0     libucrt:osfinfo.obj
 0002:00008000       __sehtable$??$?RV<lambda_9e9de3de5fa147e2223d7db92bc10aa6>@@AAV<lambda_38ce7e780aa69e748d6df282ebc68efe>@@V<lambda_8ca6da459f0f6780f1cff60fdc3d00e5>@@@?$__crt_seh_guarded_call@H@@QAEH$$QAV<lambda_9e9de3de5fa147e2223d7db92bc10aa6>@@AAV<lambda_38ce7e780aa69e748d6df282ebc68efe>@@$$QAV<lambda_8ca6da459f0f6780f1cff60fdc3d00e5>@@@Z 10029000     libucrt:commit.obj
 0002:00008020       __sehtable$__write_internal 10029020     libucrt:write.obj
 0002:00008040       __sehtable$?_fclose_internal@@YAHQAU_iobuf@@AAV__crt_cached_ptd_host@@@Z 10029040     libucrt:fclose.obj
 0002:00008060       __sehtable$??$?RV<lambda_d422a76eb4c3bf3ad751449ab71a6ea4>@@AAV<lambda_c9ba49e555ba839a7b07aa3fbecb7617>@@V<lambda_9476263c8ee91a25d21c55370bdb50de>@@@?$__crt_seh_guarded_call@H@@QAEH$$QAV<lambda_d422a76eb4c3bf3ad751449ab71a6ea4>@@AAV<lambda_c9ba49e555ba839a7b07aa3fbecb7617>@@$$QAV<lambda_9476263c8ee91a25d21c55370bdb50de>@@@Z 10029060     libucrt:close.obj
 0002:00008080       __sehtable$___set_fpsr_sse2 10029080     libucrt:fpctrl.obj
 0002:000080a0       __sehtable$__IsNonwritableInCurrentImage 100290a0     LIBCMT:pesect.obj
 0002:000080d0       .edata                     100290d0     OPOSRemoteOrderDisplay.exp
 0002:000080f8       rgpv                       100290f8     OPOSRemoteOrderDisplay.exp
 0002:00008108       rgszName                   10029108     OPOSRemoteOrderDisplay.exp
 0002:00008118       rgwOrd                     10029118     OPOSRemoteOrderDisplay.exp
 0002:00008120       szName                     10029120     OPOSRemoteOrderDisplay.exp
 0002:0000813b       $N00001                    1002913b     OPOSRemoteOrderDisplay.exp
 0002:0000814b       $N00002                    1002914b     OPOSRemoteOrderDisplay.exp
 0002:0000815d       $N00003                    1002915d     OPOSRemoteOrderDisplay.exp
 0002:0000816f       $N00004                    1002916f     OPOSRemoteOrderDisplay.exp
 0002:0000877e       .idata$6                   1002977e     kernel32:KERNEL32.dll
 0002:00008992       .idata$6                   10029992     user32:USER32.dll
 0002:00008ac6       .idata$6                   10029ac6     gdi32:GDI32.dll
 0002:00008b6c       .idata$6                   10029b6c     advapi32:ADVAPI32.dll
 0002:00008c88       .idata$6                   10029c88     ole32:ole32.dll
 0002:00008c92       .idata$6                   10029c92     oleaut32:OLEAUT32.dll
 0003:00000110       ?ObjectMap@@3PAU_ATL_OBJMAP_ENTRY30@ATL@@A 1002b110     RemoteOrderDisplay.obj
 0003:000001e8       ?s_SOMethodNames@@3PAPADA  1002b1e8     RemoteOrderDisplayImpl.obj
 0003:00000274       ?s_RequiredMethodsPerRelease@@3PAHA 1002b274     RemoteOrderDisplayImpl.obj
 0003:000002b0       ?__vcrt_flsindex@@3KA      1002b2b0     libvcruntime:per_thread_data.obj
 0003:000002d0       ?errno_no_memory@@3HA      1002b2d0     libucrt:errno.obj
 0003:000002d4       ?doserrno_no_memory@@3KA   1002b2d4     libucrt:errno.obj
 0003:000002e0       ?__acrt_flsindex@@3KA      1002b2e0     libucrt:per_thread_data.obj
 0003:00000678       __mbctypes                 1002b678     libucrt:mbctype.obj
 0003:00000780       __mbcasemaps               1002b780     libucrt:mbctype.obj
 0003:00000880       ?__rgctypeflag@@3PADA      1002b880     libucrt:mbctype.obj
 0003:00000888       ?__rgcode_page_info@@3PAUcode_page_info@@A 1002b888     libucrt:mbctype.obj
 0003:00000ae0       ?__dcrt_lowio_console_output_handle@@3PAXA 1002bae0     libucrt:initcon.obj
 0003:00000ae4       ?__DAZ_ENABLED@?1??__set_fpsr_sse2@@9@9 1002bae4     libucrt:fpctrl.obj
 0003:00000c78       ?is_initialized_as_dll@@3_NA 1002bc78     LIBCMT:utility.obj
 0003:00000c79       ?module_local_atexit_table_initialized@@3_NA 1002bc79     LIBCMT:utility.obj
 0003:00000c7c       ?module_local_atexit_table@@3U_onexit_table_t@@A 1002bc7c     LIBCMT:utility.obj
 0003:00000c88       ?module_local_at_quick_exit_table@@3U_onexit_table_t@@A 1002bc88     LIBCMT:utility.obj
 0003:00000c94       ?g_tss_cv@@3U_RTL_CONDITION_VARIABLE@@A 1002bc94     LIBCMT:thread_safe_statics.obj
 0003:00000c98       ?g_tss_event@@3PAXA        1002bc98     LIBCMT:thread_safe_statics.obj
 0003:00000c9c       ?g_tss_mutex@@3U_RTL_CRITICAL_SECTION@@A 1002bc9c     LIBCMT:thread_safe_statics.obj
 0003:00000cb4       ?g_sleep_condition_variable_cs@@3P6GHPAU_RTL_CONDITION_VARIABLE@@PAU_RTL_CRITICAL_SECTION@@K@ZA 1002bcb4     LIBCMT:thread_safe_statics.obj
 0003:00000cb8       ?g_wake_all_condition_variable@@3P6GXPAU_RTL_CONDITION_VARIABLE@@@ZA 1002bcb8     LIBCMT:thread_safe_statics.obj
 0003:00000cc0       _GS_ExceptionRecord        1002bcc0     LIBCMT:gs_report.obj
 0003:00000d10       _GS_ContextRecord          1002bd10     LIBCMT:gs_report.obj
 0003:00000fe0       ?__proc_attached@@3HA      1002bfe0     LIBCMT:dll_dllmain.obj
 0003:0000103c       ?AllocateData@@3P6GPAUAtlThunkData_t@@XZA 1002c03c     atls:atlthunk.obj
 0003:00001040       ?InitData@@3P6GXPAUAtlThunkData_t@@PAXI@ZA 1002c040     atls:atlthunk.obj
 0003:00001044       ?DataToCode@@3P6GP6GJPAUHWND__@@IIJ@ZPAUAtlThunkData_t@@@ZA 1002c044     atls:atlthunk.obj
 0003:00001048       ?FreeData@@3P6GXPAUAtlThunkData_t@@@ZA 1002c048     atls:atlthunk.obj
 0003:0000104c       ?Initialized@@3_NA         1002c04c     atls:atlthunk.obj
 0003:0000105c       ?__vcrt_startup_thread_ptd@@3U__vcrt_ptd@@A 1002c05c     libvcruntime:per_thread_data.obj
 0003:00001084       ___vcrt_lock_table         1002c084     libvcruntime:locks.obj
 0003:0000109c       ___vcrt_locks_initialized  1002c09c     libvcruntime:locks.obj
 0003:000010c8       ?heap@@3V_HeapManager@@A   1002c0c8     libvcruntime:undname.obj
 0003:000010dc       ?module_handles@@3PAPAUHINSTANCE__@@A 1002c0dc     libvcruntime:winapi_downlevel.obj
 0003:000010e8       ?function_pointers@@3PAPAXA 1002c0e8     libvcruntime:winapi_downlevel.obj
 0003:000010fc       ?__acrt_invalid_parameter_handler@@3V?$dual_state_global@P6AXPB_W00II@Z@__crt_state_management@@A 1002c0fc     libucrt:invalid_parameter.obj
 0003:00001100       ?c_termination_complete@@3JA 1002c100     libucrt:exit.obj
 0003:00001104       ?thread_local_exit_callback_func@@3P6GXPAXK0@ZA 1002c104     libucrt:exit.obj
 0003:00001110       ?program_name@?1???$common_configure_argv@D@@YAHW4_crt_argv_mode@@@Z@4PADA 1002c110     libucrt:argv_parsing.obj
 0003:00001240       ?__acrt_new_handler@@3V?$dual_state_global@P6AHI@Z@__crt_state_management@@A 1002c240     libucrt:new_handler.obj
 0003:00001250       ?module_handles@@3PAPAUHINSTANCE__@@A 1002c250     libucrt:winapi_thunks.obj
 0003:000012a0       ?encoded_function_pointers@@3PAPAXA 1002c2a0     libucrt:winapi_thunks.obj
 0003:00001328       ?internal_state@?1??_mbtowc_internal@@9@4U_Mbstatet@@A 1002c328     libucrt:mbtowc.obj
 0003:00001338       ?enable_percent_n@@3IA     1002c338     libucrt:printf_count_output.obj
 0003:00001550       ?__acrt_lock_table@@3PAU_RTL_CRITICAL_SECTION@@A 1002c550     libucrt:locks.obj
 0003:000016a0       ?__acrt_locks_initialized@@3IA 1002c6a0     libucrt:locks.obj
 0003:000016b0       ?fSystemSet@@3HA           1002c6b0     libucrt:mbctype.obj
 0003:000016b4       ?initialized@?1??__acrt_initialize_multibyte@@9@4_NA 1002c6b4     libucrt:mbctype.obj
 0003:000016d4       ?ctrlc_action@@3V?$dual_state_global@P6AXH@Z@__crt_state_management@@A 1002c6d4     libucrt:signal.obj
 0003:000016d8       ?ctrlbreak_action@@3V?$dual_state_global@P6AXH@Z@__crt_state_management@@A 1002c6d8     libucrt:signal.obj
 0003:000016dc       ?abort_action@@3V?$dual_state_global@P6AXH@Z@__crt_state_management@@A 1002c6dc     libucrt:signal.obj
 0003:000016e0       ?term_action@@3V?$dual_state_global@P6AXH@Z@__crt_state_management@@A 1002c6e0     libucrt:signal.obj
 0003:000016e4       ?user_matherr@@3V?$dual_state_global@P6AHPAU_exception@@@Z@__crt_state_management@@A 1002c6e4     libucrt:matherr.obj
 0003:000016f0       ?__acrt_global_new_mode@@3V?$dual_state_global@J@__crt_state_management@@A 1002c6f0     libucrt:new_mode.obj
 0003:000016f4       ?internal_pst@?1??__mbrtoc32_utf8@__crt_mbstring@@YAIPA_UPBDIPAU_Mbstatet@@AAV__crt_cached_ptd_host@@@Z@4U3@A 1002c6f4     libucrt:mbrtoc32.obj
 0003:000016fc       ?__acrt_app_type@@3W4_crt_app_type@@A 1002c6fc     libucrt:report_runtime_error.obj
 0003:00001704       __pmatherr_set             1002c704     libucrt:libm_error.obj
 0004:00000220       $R000000                   1002d220     RemoteOrderDisplay.res
 0004:00000be8       $R0009C8                   1002dbe8     RemoteOrderDisplay.res
 0004:00000cd0       $R000AB0                   1002dcd0     RemoteOrderDisplay.res
 0004:00000f38       $R000D18                   1002df38     RemoteOrderDisplay.res
 0004:000014e0       $R0012C0                   1002e4e0     RemoteOrderDisplay.res
 0004:00005708       $R0054E8                   10032708     RemoteOrderDisplay.res
 0004:00005750       $R005530                   10032750     RemoteOrderDisplay.res
