 OPOSCAT

 Timestamp is 5d429d64 (Thu Aug  1 17:05:56 2019)

 Preferred load address is 10000000

 Start         Length     Name                   Class
 0001:00000000 00000080H .text$di                CODE
 0001:00000080 0001dde3H .text$mn                CODE
 0001:0001de63 00000036H .text$x                 CODE
 0001:0001de99 00000042H .text$yd                CODE
 0002:00000000 000002fcH .idata$5                DATA
 0002:000002fc 00000004H .00cfg                  DATA
 0002:00000300 00000004H .CRT$XCA                DATA
 0002:00000304 00000004H .CRT$XCL                DATA
 0002:00000308 00000010H .CRT$XCU                DATA
 0002:00000318 00000004H .CRT$XCZ                DATA
 0002:0000031c 00000004H .CRT$XIA                DATA
 0002:00000320 00000010H .CRT$XIC                DATA
 0002:00000330 00000004H .CRT$XIZ                DATA
 0002:00000334 00000004H .CRT$XLA                DATA
 0002:00000338 00000004H .CRT$XLZ                DATA
 0002:0000033c 00000004H .CRT$XPA                DATA
 0002:00000340 00000008H .CRT$XPX                DATA
 0002:00000348 00000004H .CRT$XPXA               DATA
 0002:0000034c 00000004H .CRT$XPZ                DATA
 0002:00000350 00000004H .CRT$XTA                DATA
 0002:00000354 0000000cH .CRT$XTZ                DATA
 0002:00000358 00000000H .gfids$y                DATA
 0002:00000360 00006ebcH .rdata                  DATA
 0002:0000721c 00000018H .rdata$T                DATA
 0002:00007234 0000017cH .rdata$r                DATA
 0002:000073b0 0000001cH .rdata$sxdata           DATA
 0002:000073cc 000003d8H .rdata$zzzdbg           DATA
 0002:000077a4 00000004H .rtc$IAA                DATA
 0002:000077a8 00000004H .rtc$IZZ                DATA
 0002:000077ac 00000004H .rtc$TAA                DATA
 0002:000077b0 00000004H .rtc$TZZ                DATA
 0002:000077b4 00000004H .tls                    DATA
 0002:000077b8 00000004H .tls$                   DATA
 0002:000077bc 00000004H .tls$ZZZ                DATA
 0002:000077c0 00000604H .xdata$x                DATA
 0002:00007dc4 00000004H ATL$__a                 DATA
 0002:00007dc8 00000008H ATL$__z                 DATA
 0002:00007dd0 000000a4H .edata                  DATA
 0002:00007e74 00000078H .idata$2                DATA
 0002:00007eec 00000014H .idata$3                DATA
 0002:00007f00 000002fcH .idata$4                DATA
 0002:000081fc 00000bc8H .idata$6                DATA
 0003:00000000 00000ab0H .data                   DATA
 0003:00000ab0 00000098H .data$r                 DATA
 0003:00000b48 00000b80H .bss                    DATA
 0004:00000000 00000220H .rsrc$01                DATA
 0004:00000220 00005158H .rsrc$02                DATA

  Address         Publics by Value              Rva+Base       Lib:Object

 0000:00000000       ___guard_fids_count        00000000     <absolute>
 0000:00000000       ___hybrid_code_map_count   00000000     <absolute>
 0000:00000000       ___guard_iat_count         00000000     <absolute>
 0000:00000000       ___dynamic_value_reloc_table 00000000     <absolute>
 0000:00000000       ___guard_longjmp_count     00000000     <absolute>
 0000:00000000       __except_list              00000000     <absolute>
 0000:00000000       ___guard_fids_table        00000000     <absolute>
 0000:00000000       ___guard_longjmp_table     00000000     <absolute>
 0000:00000000       ___hybrid_auxiliary_iat    00000000     <absolute>
 0000:00000000       ___guard_iat_table         00000000     <absolute>
 0000:00000000       ___volatile_metadata       00000000     <absolute>
 0000:00000000       ___enclave_config          00000000     <absolute>
 0000:00000000       ___AbsoluteZero            00000000     <absolute>
 0000:00000000       ___hybrid_code_map         00000000     <absolute>
 0000:00000007       ___safe_se_handler_count   00000007     <absolute>
 0000:0000002c       __tls_array                0000002c     <absolute>
 0000:00000100       ___guard_flags             00000100     <absolute>
 0000:00000000       ___ImageBase               10000000     <linker-defined>
 0001:00000080       ?DupWide@_CW@@AAEXXZ       10001080 f   CWString.obj
 0001:0000009c       ?cw_dup@@YGXPBDAAHAAPA_W1@Z 1000109c f   CWString.obj
 0001:0000010b       ?cw_memcpy@@YGHPA_WPBDH@Z  1000110b f   CWString.obj
 0001:00000137       ?cw_strcpy@@YAHPA_WPBD@Z   10001137 f   CWString.obj
 0001:0000014a       ?cw_strlen@@YAHPBD@Z       1000114a f   CWString.obj
 0001:00000163       ??0CAtlComModule@ATL@@QAE@XZ 10001163 f i OposVariant.obj
 0001:000001a8       ??0CAtlWinModule@ATL@@QAE@XZ 100011a8 f i OposVariant.obj
 0001:000001df       ??0OposDispParms@@QAE@PAVOposVariant@@H@Z 100011df f   OposVariant.obj
 0001:00000250       ??1OposDispParms@@QAE@XZ   10001250 f   OposVariant.obj
 0001:0000025e       ??A?$CSimpleArray@GV?$CSimpleArrayEqualHelper@G@ATL@@@ATL@@QAEAAGH@Z 1000125e f i OposVariant.obj
 0001:00000283       ??_Estringdispid@CComTypeInfoHolder@ATL@@QAEPAXI@Z 10001283 f i OposVariant.obj
 0001:000002ef       ?AtlWinModuleInit@ATL@@YGJPAU_ATL_WIN_MODULE70@1@@Z 100012ef f i OposVariant.obj
 0001:00000315       ?AtlWinModuleTerm@ATL@@YGJPAU_ATL_WIN_MODULE70@1@PAUHINSTANCE__@@@Z 10001315 f i OposVariant.obj
 0001:00000378       ?ChangeBSTR@OposVariant@@QAEXPAPA_WAAJ@Z 10001378 f   OposVariant.obj
 0001:000003b9       ?ChangeCURRENCY@OposVariant@@QAEXPATtagCY@@AAJ@Z 100013b9 f   OposVariant.obj
 0001:00000408       ?ChangeLONG@OposVariant@@QAEXPAJAAJ@Z 10001408 f   OposVariant.obj
 0001:00000449       ?GetLONG@OposVariant@@QAEJXZ 10001449 f   OposVariant.obj
 0001:00000464       ?Init@CComCriticalSection@ATL@@QAEJXZ 10001464 f i OposVariant.obj
 0001:0000048c       ?RemoveAll@?$CSimpleArray@PAUHINSTANCE__@@V?$CSimpleArrayEqualHelper@PAUHINSTANCE__@@@ATL@@@ATL@@QAEXXZ 1000148c f i atls:atlbase.obj
 0001:0000048c       ?RemoveAll@?$CSimpleArray@GV?$CSimpleArrayEqualHelper@G@ATL@@@ATL@@QAEXXZ 1000148c f i OposVariant.obj
 0001:000004a9       ?SetBSTR@OposVariant@@QAEXPA_WAAJ@Z 100014a9 f   OposVariant.obj
 0001:000004dd       ?SetBSTR_Copy@OposVariant@@QAEXPA_WAAJ@Z 100014dd f   OposVariant.obj
 0001:0000052d       ?SetBSTR_InOutPtr@OposVariant@@QAE_NPAPA_WAAJ@Z 1000152d f   OposVariant.obj
 0001:00000564       ?SetCURRENCY@OposVariant@@QAEXTtagCY@@@Z 10001564 f   OposVariant.obj
 0001:0000058c       ?SetDispatch_Ptr@OposVariant@@QAEXPAUIDispatch@@AAJ@Z 1000158c f   OposVariant.obj
 0001:000005c7       ?SetLONG@OposVariant@@QAEXJ@Z 100015c7 f   OposVariant.obj
 0001:000005e9       ?SetLONG_Ptr@OposVariant@@QAEXPAJAAJ@Z 100015e9 f   OposVariant.obj
 0001:0000061c       ?SetString@OposVariant@@QAEXPB_WAAJ@Z 1000161c f   OposVariant.obj
 0001:00000662       ?SetVARIANT_BOOL@OposVariant@@QAEXF@Z 10001662 f   OposVariant.obj
 0001:0000068c       ?Term@CAtlComModule@ATL@@QAEXXZ 1000168c f i OposVariant.obj
 0001:000006d6       ?_AtlRaiseException@ATL@@YAXKK@Z 100016d6 f i OposVariant.obj
 0001:000006eb       ?AddRef@?$CComObjectCached@VCComClassFactory@ATL@@@ATL@@UAGKXZ 100016eb f i CAT.obj
 0001:00000712       ?Release@?$CComObjectCached@VCComClassFactory@ATL@@@ATL@@UAGKXZ 10001712 f i CAT.obj
 0001:00000748       ?QueryInterface@?$CComObjectCached@VCComClassFactory@ATL@@@ATL@@UAGJABU_GUID@@PAPAX@Z 10001748 f i CAT.obj
 0001:00000762       ??_E?$CComObjectCached@VCComClassFactory@ATL@@@ATL@@UAEPAXI@Z 10001762 f i CAT.obj
 0001:00000762       ??_G?$CComObjectCached@VCComClassFactory@ATL@@@ATL@@UAEPAXI@Z 10001762 f i CAT.obj
 0001:00000784       ?AddRef@?$CComAggObject@VCOPOSCAT@@@ATL@@UAGKXZ 10001784 f i CAT.obj
 0001:00000795       ?Release@?$CComAggObject@VCOPOSCAT@@@ATL@@UAGKXZ 10001795 f i CAT.obj
 0001:000007d1       ?QueryInterface@?$CComAggObject@VCOPOSCAT@@@ATL@@UAGJABU_GUID@@PAPAX@Z 100017d1 f i CAT.obj
 0001:00000820       ?AddRef@?$CComContainedObject@VCOPOSCAT@@@ATL@@UAGKXZ 10001820 f i CAT.obj
 0001:00000836       ?Release@?$CComContainedObject@VCOPOSCAT@@@ATL@@UAGKXZ 10001836 f i CAT.obj
 0001:0000084c       ?QueryInterface@?$CComContainedObject@VCOPOSCAT@@@ATL@@UAGJABU_GUID@@PAPAX@Z 1000184c f i CAT.obj
 0001:00000867       ??_E?$CComAggObject@VCOPOSCAT@@@ATL@@UAEPAXI@Z 10001867 f i CAT.obj
 0001:00000867       ??_G?$CComAggObject@VCOPOSCAT@@@ATL@@UAEPAXI@Z 10001867 f i CAT.obj
 0001:0000088c       ?AddRef@?$CComObject@VCOPOSCAT@@@ATL@@UAGKXZ 1000188c f i CAT.obj
 0001:000008a3       ?Release@?$CComObject@VCOPOSCAT@@@ATL@@UAGKXZ 100018a3 f i CAT.obj
 0001:000008e5       ?QueryInterface@?$CComObject@VCOPOSCAT@@@ATL@@UAGJABU_GUID@@PAPAX@Z 100018e5 f i CAT.obj
 0001:000008ff       ?Lock@CAtlModule@ATL@@UAEJXZ 100018ff f i CAT.obj
 0001:00000909       ?Unlock@CAtlModule@ATL@@UAEJXZ 10001909 f i CAT.obj
 0001:00000913       ?GetLockCount@CAtlModule@ATL@@UAEJXZ 10001913 f i CAT.obj
 0001:00000917       ?GetGITPtr@CAtlModule@ATL@@UAEJPAPAUIGlobalInterfaceTable@@@Z 10001917 f i CAT.obj
 0001:00000963       ?AddCommonRGSReplacements@?$CAtlModuleT@VCComModule@ATL@@@ATL@@UAEJPAUIRegistrarBase@@@Z 10001963 f i CAT.obj
 0001:0000097d       ?UpdateRegistryFromResourceD@CComModule@ATL@@UAGJIHPAU_ATL_REGMAP_ENTRY@2@@Z 1000197d f i CAT.obj
 0001:0000097d       ?UpdateRegistryFromResourceD@CComModule@ATL@@UAGJPB_WHPAU_ATL_REGMAP_ENTRY@2@@Z 1000197d f i CAT.obj
 0001:00000985       ?UpdateRegistryFromResource@CComModule@ATL@@UAGJPB_WHPAU_ATL_REGMAP_ENTRY@2@@Z 10001985 f i CAT.obj
 0001:0000098e       ?UpdateRegistryFromResource@CComModule@ATL@@UAGJIHPAU_ATL_REGMAP_ENTRY@2@@Z 1000198e f i CAT.obj
 0001:00000997       ??_ECComModule@ATL@@UAEPAXI@Z 10001997 f i CAT.obj
 0001:00000997       ??_GCComModule@ATL@@UAEPAXI@Z 10001997 f i CAT.obj
 0001:000009bf       ?OnDrawAdvanced@CComControlBase@ATL@@UAEJAAUATL_DRAWINFO@@@Z 100019bf f i CAT.obj
 0001:00000aae       ?Next@?$CComEnumImpl@UIEnumConnections@@$1?_GUID_b196b287_bab4_101a_b69c_00aa00341d07@@3U__s_GUID@@BUtagCONNECTDATA@@V?$_Copy@UtagCONNECTDATA@@@ATL@@@ATL@@UAGJKPAUtagCONNECTDATA@@PAK@Z 10001aae f i CAT.obj
 0001:00000b85       ?Skip@?$CComEnumImpl@UIEnumConnections@@$1?_GUID_b196b287_bab4_101a_b69c_00aa00341d07@@3U__s_GUID@@BUtagCONNECTDATA@@V?$_Copy@UtagCONNECTDATA@@@ATL@@@ATL@@UAGJK@Z 10001b85 f i CAT.obj
 0001:00000bb2       ?Reset@?$CComEnumImpl@UIEnumConnectionPoints@@$1?_GUID_b196b285_bab4_101a_b69c_00aa00341d07@@3U__s_GUID@@BPAUIConnectionPoint@@V?$_CopyInterface@UIConnectionPoint@@@ATL@@@ATL@@UAGJXZ 10001bb2 f i CAT.obj
 0001:00000bb2       ?Reset@?$CComEnumImpl@UIEnumConnections@@$1?_GUID_b196b287_bab4_101a_b69c_00aa00341d07@@3U__s_GUID@@BUtagCONNECTDATA@@V?$_Copy@UtagCONNECTDATA@@@ATL@@@ATL@@UAGJXZ 10001bb2 f i CAT.obj
 0001:00000bc4       ?Clone@?$CComEnumImpl@UIEnumConnections@@$1?_GUID_b196b287_bab4_101a_b69c_00aa00341d07@@3U__s_GUID@@BUtagCONNECTDATA@@V?$_Copy@UtagCONNECTDATA@@@ATL@@@ATL@@UAGJPAPAUIEnumConnections@@@Z 10001bc4 f i CAT.obj
 0001:00000ca5       ?AddRef@?$CComObject@V?$CComEnum@UIEnumConnections@@$1?_GUID_b196b287_bab4_101a_b69c_00aa00341d07@@3U__s_GUID@@BUtagCONNECTDATA@@V?$_Copy@UtagCONNECTDATA@@@ATL@@VCComSingleThreadModel@6@@ATL@@@ATL@@UAGKXZ 10001ca5 f i CAT.obj
 0001:00000ca5       ?AddRef@?$CComObject@V?$CComEnum@UIEnumConnectionPoints@@$1?_GUID_b196b285_bab4_101a_b69c_00aa00341d07@@3U__s_GUID@@BPAUIConnectionPoint@@V?$_CopyInterface@UIConnectionPoint@@@ATL@@VCComSingleThreadModel@6@@ATL@@@ATL@@UAGKXZ 10001ca5 f i CAT.obj
 0001:00000cb6       ?Release@?$CComObject@V?$CComEnum@UIEnumConnections@@$1?_GUID_b196b287_bab4_101a_b69c_00aa00341d07@@3U__s_GUID@@BUtagCONNECTDATA@@V?$_Copy@UtagCONNECTDATA@@@ATL@@VCComSingleThreadModel@6@@ATL@@@ATL@@UAGKXZ 10001cb6 f i CAT.obj
 0001:00000cb6       ?Release@?$CComObject@V?$CComEnum@UIEnumConnectionPoints@@$1?_GUID_b196b285_bab4_101a_b69c_00aa00341d07@@3U__s_GUID@@BPAUIConnectionPoint@@V?$_CopyInterface@UIConnectionPoint@@@ATL@@VCComSingleThreadModel@6@@ATL@@@ATL@@UAGKXZ 10001cb6 f i CAT.obj
 0001:00000cf2       ?QueryInterface@?$CComObject@V?$CComEnum@UIEnumConnections@@$1?_GUID_b196b287_bab4_101a_b69c_00aa00341d07@@3U__s_GUID@@BUtagCONNECTDATA@@V?$_Copy@UtagCONNECTDATA@@@ATL@@VCComSingleThreadModel@6@@ATL@@@ATL@@UAGJABU_GUID@@PAPAX@Z 10001cf2 f i CAT.obj
 0001:00000d0c       ??_G?$CComObject@V?$CComEnum@UIEnumConnections@@$1?_GUID_b196b287_bab4_101a_b69c_00aa00341d07@@3U__s_GUID@@BUtagCONNECTDATA@@V?$_Copy@UtagCONNECTDATA@@@ATL@@VCComSingleThreadModel@6@@ATL@@@ATL@@UAEPAXI@Z 10001d0c f i CAT.obj
 0001:00000d0c       ??_E?$CComObject@V?$CComEnum@UIEnumConnections@@$1?_GUID_b196b287_bab4_101a_b69c_00aa00341d07@@3U__s_GUID@@BUtagCONNECTDATA@@V?$_Copy@UtagCONNECTDATA@@@ATL@@VCComSingleThreadModel@6@@ATL@@@ATL@@UAEPAXI@Z 10001d0c f i CAT.obj
 0001:00000d2e       ?GetCanonicalFormatEtc@?$IDataObjectImpl@VCOPOSCAT@@@ATL@@UAGJPAUtagFORMATETC@@0@Z 10001d2e f i CAT.obj
 0001:00000d2e       ?GetClipboardData@?$IOleObjectImpl@VCOPOSCAT@@@ATL@@UAGJKPAPAUIDataObject@@@Z 10001d2e f i CAT.obj
 0001:00000d2e       ?EnumFormatEtc@?$IDataObjectImpl@VCOPOSCAT@@@ATL@@UAGJKPAPAUIEnumFORMATETC@@@Z 10001d2e f i CAT.obj
 0001:00000d2e       ?SetMoniker@?$IOleObjectImpl@VCOPOSCAT@@@ATL@@UAGJKPAUIMoniker@@@Z 10001d2e f i CAT.obj
 0001:00000d2e       ?QueryInterface@CRegObject@ATL@@UAGJABU_GUID@@PAPAX@Z 10001d2e f i CAT.obj
 0001:00000d2e       ?GetDataHere@?$IDataObjectImpl@VCOPOSCAT@@@ATL@@UAGJPAUtagFORMATETC@@PAUtagSTGMEDIUM@@@Z 10001d2e f i CAT.obj
 0001:00000d2e       ?GetRect@?$IViewObjectExImpl@VCOPOSCAT@@@ATL@@UAGJKPAU_RECTL@@@Z 10001d2e f i CAT.obj
 0001:00000d36       ?AddRef@CRegObject@ATL@@UAGKXZ 10001d36 f i CAT.obj
 0001:00000d3c       ?HandsOffStorage@?$IPersistStorageImpl@VCOPOSCAT@@@ATL@@UAGJXZ 10001d3c f i CAT.obj
 0001:00000d3c       ?IsUpToDate@?$IOleObjectImpl@VCOPOSCAT@@@ATL@@UAGJXZ 10001d3c f i CAT.obj
 0001:00000d3c       ?Update@?$IOleObjectImpl@VCOPOSCAT@@@ATL@@UAGJXZ 10001d3c f i CAT.obj
 0001:00000d3c       ?Release@CRegObject@ATL@@UAGKXZ 10001d3c f i CAT.obj
 0001:00000d41       ?AddReplacement@CRegObject@ATL@@UAGJPB_W0@Z 10001d41 f i CAT.obj
 0001:00000d7a       ?ClearReplacements@CRegObject@ATL@@UAGJXZ 10001d7a f i CAT.obj
 0001:00000d8c       ??_ECRegObject@ATL@@UAEPAXI@Z 10001d8c f i CAT.obj
 0001:00000d8c       ??_GCRegObject@ATL@@UAEPAXI@Z 10001d8c f i CAT.obj
 0001:00000dae       ??_E?$CComObject@VCOPOSCAT@@@ATL@@W3AEPAXI@Z 10001dae f i CAT.obj
 0001:00000db6       ??_E?$CComObject@VCOPOSCAT@@@ATL@@WEM@AEPAXI@Z 10001db6 f i CAT.obj
 0001:00000dbe       ?QueryInterface@?$CComObject@VCOPOSCAT@@@ATL@@WHA@AGJABU_GUID@@PAPAX@Z 10001dbe f i CAT.obj
 0001:00000dc8       ?AddRef@?$CComObject@VCOPOSCAT@@@ATL@@WHA@AGKXZ 10001dc8 f i CAT.obj
 0001:00000dd2       ?Release@?$CComObject@VCOPOSCAT@@@ATL@@WHA@AGKXZ 10001dd2 f i CAT.obj
 0001:00000ddc       ?QueryInterface@?$CComObject@VCOPOSCAT@@@ATL@@WHE@AGJABU_GUID@@PAPAX@Z 10001ddc f i CAT.obj
 0001:00000de6       ?AddRef@?$CComObject@VCOPOSCAT@@@ATL@@WHE@AGKXZ 10001de6 f i CAT.obj
 0001:00000df0       ?Release@?$CComObject@VCOPOSCAT@@@ATL@@WHE@AGKXZ 10001df0 f i CAT.obj
 0001:00000dfa       ?QueryInterface@?$CComObject@VCOPOSCAT@@@ATL@@WHI@AGJABU_GUID@@PAPAX@Z 10001dfa f i CAT.obj
 0001:00000e04       ?AddRef@?$CComObject@VCOPOSCAT@@@ATL@@WHI@AGKXZ 10001e04 f i CAT.obj
 0001:00000e0e       ?Release@?$CComObject@VCOPOSCAT@@@ATL@@WHI@AGKXZ 10001e0e f i CAT.obj
 0001:00000e18       ?QueryInterface@?$CComObject@VCOPOSCAT@@@ATL@@WHM@AGJABU_GUID@@PAPAX@Z 10001e18 f i CAT.obj
 0001:00000e22       ?AddRef@?$CComObject@VCOPOSCAT@@@ATL@@WHM@AGKXZ 10001e22 f i CAT.obj
 0001:00000e2c       ?Release@?$CComObject@VCOPOSCAT@@@ATL@@WHM@AGKXZ 10001e2c f i CAT.obj
 0001:00000e36       ?QueryInterface@?$CComObject@VCOPOSCAT@@@ATL@@WIA@AGJABU_GUID@@PAPAX@Z 10001e36 f i CAT.obj
 0001:00000e43       ?AddRef@?$CComObject@VCOPOSCAT@@@ATL@@WIA@AGKXZ 10001e43 f i CAT.obj
 0001:00000e50       ?Release@?$CComObject@VCOPOSCAT@@@ATL@@WIA@AGKXZ 10001e50 f i CAT.obj
 0001:00000e5d       ?QueryInterface@?$CComObject@VCOPOSCAT@@@ATL@@WIE@AGJABU_GUID@@PAPAX@Z 10001e5d f i CAT.obj
 0001:00000e6a       ?AddRef@?$CComObject@VCOPOSCAT@@@ATL@@WIE@AGKXZ 10001e6a f i CAT.obj
 0001:00000e77       ?Release@?$CComObject@VCOPOSCAT@@@ATL@@WIE@AGKXZ 10001e77 f i CAT.obj
 0001:00000e84       ?QueryInterface@?$CComObject@VCOPOSCAT@@@ATL@@WII@AGJABU_GUID@@PAPAX@Z 10001e84 f i CAT.obj
 0001:00000e91       ?AddRef@?$CComObject@VCOPOSCAT@@@ATL@@WII@AGKXZ 10001e91 f i CAT.obj
 0001:00000e9e       ?Release@?$CComObject@VCOPOSCAT@@@ATL@@WII@AGKXZ 10001e9e f i CAT.obj
 0001:00000eab       ?QueryInterface@?$CComObject@VCOPOSCAT@@@ATL@@WIM@AGJABU_GUID@@PAPAX@Z 10001eab f i CAT.obj
 0001:00000eb8       ?AddRef@?$CComObject@VCOPOSCAT@@@ATL@@WIM@AGKXZ 10001eb8 f i CAT.obj
 0001:00000ec5       ?Release@?$CComObject@VCOPOSCAT@@@ATL@@WIM@AGKXZ 10001ec5 f i CAT.obj
 0001:00000ed2       ?QueryInterface@?$CComObject@VCOPOSCAT@@@ATL@@WJA@AGJABU_GUID@@PAPAX@Z 10001ed2 f i CAT.obj
 0001:00000edf       ?AddRef@?$CComObject@VCOPOSCAT@@@ATL@@WJA@AGKXZ 10001edf f i CAT.obj
 0001:00000eec       ?Release@?$CComObject@VCOPOSCAT@@@ATL@@WJA@AGKXZ 10001eec f i CAT.obj
 0001:00000ef9       ?QueryInterface@?$CComObject@VCOPOSCAT@@@ATL@@WJE@AGJABU_GUID@@PAPAX@Z 10001ef9 f i CAT.obj
 0001:00000f06       ?AddRef@?$CComObject@VCOPOSCAT@@@ATL@@WJE@AGKXZ 10001f06 f i CAT.obj
 0001:00000f13       ?Release@?$CComObject@VCOPOSCAT@@@ATL@@WJE@AGKXZ 10001f13 f i CAT.obj
 0001:00000f20       ?QueryInterface@?$CComObject@VCOPOSCAT@@@ATL@@WJI@AGJABU_GUID@@PAPAX@Z 10001f20 f i CAT.obj
 0001:00000f2d       ?AddRef@?$CComObject@VCOPOSCAT@@@ATL@@WJI@AGKXZ 10001f2d f i CAT.obj
 0001:00000f3a       ?Release@?$CComObject@VCOPOSCAT@@@ATL@@WJI@AGKXZ 10001f3a f i CAT.obj
 0001:00000f47       ?QueryInterface@?$CComObject@VCOPOSCAT@@@ATL@@WJM@AGJABU_GUID@@PAPAX@Z 10001f47 f i CAT.obj
 0001:00000f54       ?AddRef@?$CComObject@VCOPOSCAT@@@ATL@@WJM@AGKXZ 10001f54 f i CAT.obj
 0001:00000f61       ?Release@?$CComObject@VCOPOSCAT@@@ATL@@WJM@AGKXZ 10001f61 f i CAT.obj
 0001:00000f6e       ?QueryInterface@?$CComObject@VCOPOSCAT@@@ATL@@WKA@AGJABU_GUID@@PAPAX@Z 10001f6e f i CAT.obj
 0001:00000f7b       ?AddRef@?$CComObject@VCOPOSCAT@@@ATL@@WKA@AGKXZ 10001f7b f i CAT.obj
 0001:00000f88       ?Release@?$CComObject@VCOPOSCAT@@@ATL@@WKA@AGKXZ 10001f88 f i CAT.obj
 0001:00000f95       ?AddRef@?$CComObject@VCOPOSCAT@@@ATL@@WKI@AGKXZ 10001f95 f i CAT.obj
 0001:00000fa2       ?Release@?$CComObject@VCOPOSCAT@@@ATL@@WKI@AGKXZ 10001fa2 f i CAT.obj
 0001:00000faf       ?AddRef@?$CComObject@VCOPOSCAT@@@ATL@@WLE@AGKXZ 10001faf f i CAT.obj
 0001:00000fbc       ?Release@?$CComObject@VCOPOSCAT@@@ATL@@WLE@AGKXZ 10001fbc f i CAT.obj
 0001:00000fc9       ??_E?$CComContainedObject@VCOPOSCAT@@@ATL@@W3AEPAXI@Z 10001fc9 f i CAT.obj
 0001:00000fd1       ??_E?$CComContainedObject@VCOPOSCAT@@@ATL@@WEM@AEPAXI@Z 10001fd1 f i CAT.obj
 0001:00000fd9       ?QueryInterface@?$CComContainedObject@VCOPOSCAT@@@ATL@@WHA@AGJABU_GUID@@PAPAX@Z 10001fd9 f i CAT.obj
 0001:00000fe3       ?AddRef@?$CComContainedObject@VCOPOSCAT@@@ATL@@WHA@AGKXZ 10001fe3 f i CAT.obj
 0001:00000fed       ?Release@?$CComContainedObject@VCOPOSCAT@@@ATL@@WHA@AGKXZ 10001fed f i CAT.obj
 0001:00000ff7       ?QueryInterface@?$CComContainedObject@VCOPOSCAT@@@ATL@@WHE@AGJABU_GUID@@PAPAX@Z 10001ff7 f i CAT.obj
 0001:00001001       ?AddRef@?$CComContainedObject@VCOPOSCAT@@@ATL@@WHE@AGKXZ 10002001 f i CAT.obj
 0001:0000100b       ?Release@?$CComContainedObject@VCOPOSCAT@@@ATL@@WHE@AGKXZ 1000200b f i CAT.obj
 0001:00001015       ?QueryInterface@?$CComContainedObject@VCOPOSCAT@@@ATL@@WHI@AGJABU_GUID@@PAPAX@Z 10002015 f i CAT.obj
 0001:0000101f       ?AddRef@?$CComContainedObject@VCOPOSCAT@@@ATL@@WHI@AGKXZ 1000201f f i CAT.obj
 0001:00001029       ?Release@?$CComContainedObject@VCOPOSCAT@@@ATL@@WHI@AGKXZ 10002029 f i CAT.obj
 0001:00001033       ?QueryInterface@?$CComContainedObject@VCOPOSCAT@@@ATL@@WHM@AGJABU_GUID@@PAPAX@Z 10002033 f i CAT.obj
 0001:0000103d       ?AddRef@?$CComContainedObject@VCOPOSCAT@@@ATL@@WHM@AGKXZ 1000203d f i CAT.obj
 0001:00001047       ?Release@?$CComContainedObject@VCOPOSCAT@@@ATL@@WHM@AGKXZ 10002047 f i CAT.obj
 0001:00001051       ?QueryInterface@?$CComContainedObject@VCOPOSCAT@@@ATL@@WIA@AGJABU_GUID@@PAPAX@Z 10002051 f i CAT.obj
 0001:0000105e       ?AddRef@?$CComContainedObject@VCOPOSCAT@@@ATL@@WIA@AGKXZ 1000205e f i CAT.obj
 0001:0000106b       ?Release@?$CComContainedObject@VCOPOSCAT@@@ATL@@WIA@AGKXZ 1000206b f i CAT.obj
 0001:00001078       ?QueryInterface@?$CComContainedObject@VCOPOSCAT@@@ATL@@WIE@AGJABU_GUID@@PAPAX@Z 10002078 f i CAT.obj
 0001:00001085       ?AddRef@?$CComContainedObject@VCOPOSCAT@@@ATL@@WIE@AGKXZ 10002085 f i CAT.obj
 0001:00001092       ?Release@?$CComContainedObject@VCOPOSCAT@@@ATL@@WIE@AGKXZ 10002092 f i CAT.obj
 0001:0000109f       ?QueryInterface@?$CComContainedObject@VCOPOSCAT@@@ATL@@WII@AGJABU_GUID@@PAPAX@Z 1000209f f i CAT.obj
 0001:000010ac       ?AddRef@?$CComContainedObject@VCOPOSCAT@@@ATL@@WII@AGKXZ 100020ac f i CAT.obj
 0001:000010b9       ?Release@?$CComContainedObject@VCOPOSCAT@@@ATL@@WII@AGKXZ 100020b9 f i CAT.obj
 0001:000010c6       ?QueryInterface@?$CComContainedObject@VCOPOSCAT@@@ATL@@WIM@AGJABU_GUID@@PAPAX@Z 100020c6 f i CAT.obj
 0001:000010d3       ?AddRef@?$CComContainedObject@VCOPOSCAT@@@ATL@@WIM@AGKXZ 100020d3 f i CAT.obj
 0001:000010e0       ?Release@?$CComContainedObject@VCOPOSCAT@@@ATL@@WIM@AGKXZ 100020e0 f i CAT.obj
 0001:000010ed       ?QueryInterface@?$CComContainedObject@VCOPOSCAT@@@ATL@@WJA@AGJABU_GUID@@PAPAX@Z 100020ed f i CAT.obj
 0001:000010fa       ?AddRef@?$CComContainedObject@VCOPOSCAT@@@ATL@@WJA@AGKXZ 100020fa f i CAT.obj
 0001:00001107       ?Release@?$CComContainedObject@VCOPOSCAT@@@ATL@@WJA@AGKXZ 10002107 f i CAT.obj
 0001:00001114       ?QueryInterface@?$CComContainedObject@VCOPOSCAT@@@ATL@@WJE@AGJABU_GUID@@PAPAX@Z 10002114 f i CAT.obj
 0001:00001121       ?AddRef@?$CComContainedObject@VCOPOSCAT@@@ATL@@WJE@AGKXZ 10002121 f i CAT.obj
 0001:0000112e       ?Release@?$CComContainedObject@VCOPOSCAT@@@ATL@@WJE@AGKXZ 1000212e f i CAT.obj
 0001:0000113b       ?QueryInterface@?$CComContainedObject@VCOPOSCAT@@@ATL@@WJI@AGJABU_GUID@@PAPAX@Z 1000213b f i CAT.obj
 0001:00001148       ?AddRef@?$CComContainedObject@VCOPOSCAT@@@ATL@@WJI@AGKXZ 10002148 f i CAT.obj
 0001:00001155       ?Release@?$CComContainedObject@VCOPOSCAT@@@ATL@@WJI@AGKXZ 10002155 f i CAT.obj
 0001:00001162       ?QueryInterface@?$CComContainedObject@VCOPOSCAT@@@ATL@@WJM@AGJABU_GUID@@PAPAX@Z 10002162 f i CAT.obj
 0001:0000116f       ?AddRef@?$CComContainedObject@VCOPOSCAT@@@ATL@@WJM@AGKXZ 1000216f f i CAT.obj
 0001:0000117c       ?Release@?$CComContainedObject@VCOPOSCAT@@@ATL@@WJM@AGKXZ 1000217c f i CAT.obj
 0001:00001189       ?QueryInterface@?$CComContainedObject@VCOPOSCAT@@@ATL@@WKA@AGJABU_GUID@@PAPAX@Z 10002189 f i CAT.obj
 0001:00001196       ?AddRef@?$CComContainedObject@VCOPOSCAT@@@ATL@@WKA@AGKXZ 10002196 f i CAT.obj
 0001:000011a3       ?Release@?$CComContainedObject@VCOPOSCAT@@@ATL@@WKA@AGKXZ 100021a3 f i CAT.obj
 0001:000011b0       ?AddRef@?$CComContainedObject@VCOPOSCAT@@@ATL@@WKI@AGKXZ 100021b0 f i CAT.obj
 0001:000011bd       ?Release@?$CComContainedObject@VCOPOSCAT@@@ATL@@WKI@AGKXZ 100021bd f i CAT.obj
 0001:000011ca       ?AddRef@?$CComContainedObject@VCOPOSCAT@@@ATL@@WLE@AGKXZ 100021ca f i CAT.obj
 0001:000011d7       ?Release@?$CComContainedObject@VCOPOSCAT@@@ATL@@WLE@AGKXZ 100021d7 f i CAT.obj
 0001:000011e4       ?GetWindowProc@?$CWindowImplBaseT@VCWindow@ATL@@V?$CWinTraits@$0FGAAAAAA@$0A@@2@@ATL@@UAEP6GJPAUHWND__@@IIJ@ZXZ 100021e4 f i CAT.obj
 0001:000011ea       ?StartWindowProc@?$CWindowImplBaseT@VCWindow@ATL@@V?$CWinTraits@$0FGAAAAAA@$0A@@2@@ATL@@SGJPAUHWND__@@IIJ@Z 100021ea f i CAT.obj
 0001:0000123e       ?OnFinalMessage@?$CWindowImplBaseT@VCWindow@ATL@@V?$CWinTraits@$0FGAAAAAA@$0A@@2@@ATL@@UAEXPAUHWND__@@@Z 1000223e f i CAT.obj
 0001:0000123e       ?ObjectMain@CComObjectRootBase@ATL@@SGX_N@Z 1000223e f i CAT.obj
 0001:00001241       ?GetTypeInfoCount@?$IDispatchImpl@UIOPOSCAT@@$1?IID_IOPOSCAT@@3U_GUID@@B$1?LIBID_OposCAT_CCO@@3U3@B$00$0A@VCComTypeInfoHolder@ATL@@@ATL@@UAGJPAI@Z 10002241 f i CAT.obj
 0001:0000125e       ?GetTypeInfo@?$IDispatchImpl@UIOPOSCAT@@$1?IID_IOPOSCAT@@3U_GUID@@B$1?LIBID_OposCAT_CCO@@3U3@B$00$0A@VCComTypeInfoHolder@ATL@@@ATL@@UAGJIKPAPAUITypeInfo@@@Z 1000225e f i CAT.obj
 0001:00001282       ?GetIDsOfNames@?$IDispatchImpl@UIOPOSCAT@@$1?IID_IOPOSCAT@@3U_GUID@@B$1?LIBID_OposCAT_CCO@@3U3@B$00$0A@VCComTypeInfoHolder@ATL@@@ATL@@UAGJABU_GUID@@PAPA_WIKPAJ@Z 10002282 f i CAT.obj
 0001:000012a2       ?Invoke@?$IDispatchImpl@UIOPOSCAT@@$1?IID_IOPOSCAT@@3U_GUID@@B$1?LIBID_OposCAT_CCO@@3U3@B$00$0A@VCComTypeInfoHolder@ATL@@@ATL@@UAGJJABU_GUID@@KGPAUtagDISPPARAMS@@PAUtagVARIANT@@PAUtagEXCEPINFO@@PAI@Z 100022a2 f i CAT.obj
 0001:000012b0       ?CreateControlWindow@?$CComControl@VCOPOSCAT@@V?$CWindowImpl@VCOPOSCAT@@VCWindow@ATL@@V?$CWinTraits@$0FGAAAAAA@$0A@@3@@ATL@@@ATL@@UAEPAUHWND__@@PAU3@AAUtagRECT@@@Z 100022b0 f i CAT.obj
 0001:000012df       ?ControlQueryInterface@?$CComControl@VCOPOSCAT@@V?$CWindowImpl@VCOPOSCAT@@VCWindow@ATL@@V?$CWinTraits@$0FGAAAAAA@$0A@@3@@ATL@@@ATL@@UAEJABU_GUID@@PAPAX@Z 100022df f i CAT.obj
 0001:000012fa       ?GetClassID@?$IPersistStorageImpl@VCOPOSCAT@@@ATL@@UAGJPAU_GUID@@@Z 100022fa f i CAT.obj
 0001:000012fa       ?GetUserClassID@?$IOleObjectImpl@VCOPOSCAT@@@ATL@@UAGJPAU_GUID@@@Z 100022fa f i CAT.obj
 0001:000012fa       ?GetClassID@?$IPersistStreamInitImpl@VCOPOSCAT@@@ATL@@UAGJPAU_GUID@@@Z 100022fa f i CAT.obj
 0001:0000131e       ?IsDirty@?$IPersistStreamInitImpl@VCOPOSCAT@@@ATL@@UAGJXZ 1000231e f i CAT.obj
 0001:0000133d       ?Load@?$IPersistStreamInitImpl@VCOPOSCAT@@@ATL@@UAGJPAUIStream@@@Z 1000233d f i CAT.obj
 0001:0000135c       ?Save@?$IPersistStreamInitImpl@VCOPOSCAT@@@ATL@@UAGJPAUIStream@@H@Z 1000235c f i CAT.obj
 0001:0000137e       ?GetSizeMax@?$IPersistStreamInitImpl@VCOPOSCAT@@@ATL@@UAGJPAT_ULARGE_INTEGER@@@Z 1000237e f i CAT.obj
 0001:00001533       ?InitNew@?$IPersistStreamInitImpl@VCOPOSCAT@@@ATL@@UAGJXZ 10002533 f i CAT.obj
 0001:00001550       ?Unfreeze@?$IViewObjectExImpl@VCOPOSCAT@@@ATL@@UAGJK@Z 10002550 f i CAT.obj
 0001:00001550       ?QueryGetData@?$IDataObjectImpl@VCOPOSCAT@@@ATL@@UAGJPAUtagFORMATETC@@@Z 10002550 f i CAT.obj
 0001:00001550       ?GetDropTarget@?$IOleInPlaceObjectWindowlessImpl@VCOPOSCAT@@@ATL@@UAGJPAPAUIDropTarget@@@Z 10002550 f i CAT.obj
 0001:00001550       ?ContextSensitiveHelp@?$IOleInPlaceActiveObjectImpl@VCOPOSCAT@@@ATL@@UAGJH@Z 10002550 f i CAT.obj
 0001:00001550       ?SODataDummy@COPOSCAT@@MAGJJ@Z 10002550 f i CAT.obj
 0001:00001550       ?OnMnemonic@?$IOleControlImpl@VCOPOSCAT@@@ATL@@UAGJPAUtagMSG@@@Z 10002550 f i CAT.obj
 0001:00001550       ?ContextSensitiveHelp@?$IOleInPlaceObjectWindowlessImpl@VCOPOSCAT@@@ATL@@UAGJH@Z 10002550 f i CAT.obj
 0001:00001550       ?SetColorScheme@?$IOleObjectImpl@VCOPOSCAT@@@ATL@@UAGJPAUtagLOGPALETTE@@@Z 10002550 f i CAT.obj
 0001:00001550       ?GetControlInfo@?$IOleControlImpl@VCOPOSCAT@@@ATL@@UAGJPAUtagCONTROLINFO@@@Z 10002550 f i CAT.obj
 0001:00001558       ?SaveCompleted@?$IPersistStorageImpl@VCOPOSCAT@@@ATL@@UAGJPAUIStorage@@@Z 10002558 f i CAT.obj
 0001:00001558       ?OnFrameWindowActivate@?$IOleInPlaceActiveObjectImpl@VCOPOSCAT@@@ATL@@UAGJH@Z 10002558 f i CAT.obj
 0001:00001558       ?OnAmbientPropertyChange@?$IOleControlImpl@VCOPOSCAT@@@ATL@@UAGJJ@Z 10002558 f i CAT.obj
 0001:00001558       ?EnableModeless@?$IOleInPlaceActiveObjectImpl@VCOPOSCAT@@@ATL@@UAGJH@Z 10002558 f i CAT.obj
 0001:0000155d       ?SetClientSite@?$IOleObjectImpl@VCOPOSCAT@@@ATL@@UAGJPAUIOleClientSite@@@Z 1000255d f i CAT.obj
 0001:0000157a       ?GetClientSite@?$IOleObjectImpl@VCOPOSCAT@@@ATL@@UAGJPAPAUIOleClientSite@@@Z 1000257a f i CAT.obj
 0001:00001597       ?SetHostNames@?$IOleObjectImpl@VCOPOSCAT@@@ATL@@UAGJPB_W0@Z 10002597 f i CAT.obj
 0001:0000159c       ?Close@?$IOleObjectImpl@VCOPOSCAT@@@ATL@@UAGJK@Z 1000259c f i CAT.obj
 0001:000015b9       ?InitFromData@?$IOleObjectImpl@VCOPOSCAT@@@ATL@@UAGJPAUIDataObject@@HK@Z 100025b9 f i CAT.obj
 0001:000015b9       ?SetData@?$IDataObjectImpl@VCOPOSCAT@@@ATL@@UAGJPAUtagFORMATETC@@PAUtagSTGMEDIUM@@H@Z 100025b9 f i CAT.obj
 0001:000015b9       ?GetMoniker@?$IOleObjectImpl@VCOPOSCAT@@@ATL@@UAGJKKPAPAUIMoniker@@@Z 100025b9 f i CAT.obj
 0001:000015c1       ?DoVerb@?$IOleObjectImpl@VCOPOSCAT@@@ATL@@UAGJJPAUtagMSG@@PAUIOleClientSite@@JPAUHWND__@@PBUtagRECT@@@Z 100025c1 f i CAT.obj
 0001:000016d9       ?EnumVerbs@?$IOleObjectImpl@VCOPOSCAT@@@ATL@@UAGJPAPAUIEnumOLEVERB@@@Z 100026d9 f i CAT.obj
 0001:000016fb       ?GetUserType@?$IOleObjectImpl@VCOPOSCAT@@@ATL@@UAGJKPAPA_W@Z 100026fb f i CAT.obj
 0001:00001713       ?SetExtent@?$IOleObjectImpl@VCOPOSCAT@@@ATL@@UAGJKPAUtagSIZE@@@Z 10002713 f i CAT.obj
 0001:00001733       ?GetExtent@?$IOleObjectImpl@VCOPOSCAT@@@ATL@@UAGJKPAUtagSIZE@@@Z 10002733 f i CAT.obj
 0001:00001771       ?Advise@?$IOleObjectImpl@VCOPOSCAT@@@ATL@@UAGJPAUIAdviseSink@@PAK@Z 10002771 f i CAT.obj
 0001:00001791       ?Unadvise@?$IOleObjectImpl@VCOPOSCAT@@@ATL@@UAGJK@Z 10002791 f i CAT.obj
 0001:000017c0       ?EnumAdvise@?$IOleObjectImpl@VCOPOSCAT@@@ATL@@UAGJPAPAUIEnumSTATDATA@@@Z 100027c0 f i CAT.obj
 0001:00001800       ?GetMiscStatus@?$IOleObjectImpl@VCOPOSCAT@@@ATL@@UAGJKPAK@Z 10002800 f i CAT.obj
 0001:00001818       ?GetWindow@?$IOleInPlaceActiveObjectImpl@VCOPOSCAT@@@ATL@@UAGJPAPAUHWND__@@@Z 10002818 f i CAT.obj
 0001:00001865       ?TranslateAcceleratorW@?$IOleInPlaceActiveObjectImpl@VCOPOSCAT@@@ATL@@UAGJPAUtagMSG@@@Z 10002865 f i CAT.obj
 0001:00001903       ?OnDocWindowActivate@?$IOleInPlaceActiveObjectImpl@VCOPOSCAT@@@ATL@@UAGJH@Z 10002903 f i CAT.obj
 0001:00001925       ?ResizeBorder@?$IOleInPlaceActiveObjectImpl@VCOPOSCAT@@@ATL@@UAGJPBUtagRECT@@PAUIOleInPlaceUIWindow@@H@Z 10002925 f i CAT.obj
 0001:0000192a       ?Draw@?$IViewObjectExImpl@VCOPOSCAT@@@ATL@@UAGJKJPAXPAUtagDVTARGETDEVICE@@PAUHDC__@@2PBU_RECTL@@3P6GHK@ZK@Z 1000292a f i CAT.obj
 0001:0000195c       ?GetColorSet@?$IViewObjectExImpl@VCOPOSCAT@@@ATL@@UAGJKJPAXPAUtagDVTARGETDEVICE@@PAUHDC__@@PAPAUtagLOGPALETTE@@@Z 1000295c f i CAT.obj
 0001:00001964       ?Freeze@?$IViewObjectExImpl@VCOPOSCAT@@@ATL@@UAGJKJPAXPAK@Z 10002964 f i CAT.obj
 0001:0000196c       ?SetAdvise@?$IViewObjectExImpl@VCOPOSCAT@@@ATL@@UAGJKKPAUIAdviseSink@@@Z 1000296c f i CAT.obj
 0001:0000198b       ?GetAdvise@?$IViewObjectExImpl@VCOPOSCAT@@@ATL@@UAGJPAK0PAPAUIAdviseSink@@@Z 1000298b f i CAT.obj
 0001:000019c0       ?GetExtent@?$IViewObjectExImpl@VCOPOSCAT@@@ATL@@UAGJKJPAUtagDVTARGETDEVICE@@PAUtagSIZE@@@Z 100029c0 f i CAT.obj
 0001:000019f1       ?GetViewStatus@?$IViewObjectExImpl@VCOPOSCAT@@@ATL@@UAGJPAK@Z 100029f1 f i CAT.obj
 0001:00001a0e       ?QueryHitPoint@?$IViewObjectExImpl@VCOPOSCAT@@@ATL@@UAGJKPBUtagRECT@@UtagPOINT@@JPAK@Z 10002a0e f i CAT.obj
 0001:00001a4f       ?QueryHitRect@?$IViewObjectExImpl@VCOPOSCAT@@@ATL@@UAGJKPBUtagRECT@@0JPAK@Z 10002a4f f i CAT.obj
 0001:00001aaa       ?GetNaturalExtent@?$IViewObjectExImpl@VCOPOSCAT@@@ATL@@UAGJKJPAUtagDVTARGETDEVICE@@PAUHDC__@@PAUtagExtentInfo@@PAUtagSIZE@@@Z 10002aaa f i CAT.obj
 0001:00001af5       ?GetWindow@?$IOleInPlaceObjectWindowlessImpl@VCOPOSCAT@@@ATL@@UAGJPAPAUHWND__@@@Z 10002af5 f i CAT.obj
 0001:00001b42       ?InPlaceDeactivate@?$IOleInPlaceObjectWindowlessImpl@VCOPOSCAT@@@ATL@@UAGJXZ 10002b42 f i CAT.obj
 0001:00001b5c       ?UIDeactivate@?$IOleInPlaceObjectWindowlessImpl@VCOPOSCAT@@@ATL@@UAGJXZ 10002b5c f i CAT.obj
 0001:00001b76       ?SetObjectRects@?$IOleInPlaceObjectWindowlessImpl@VCOPOSCAT@@@ATL@@UAGJPBUtagRECT@@0@Z 10002b76 f i CAT.obj
 0001:00001b96       ?ReactivateAndUndo@?$IOleInPlaceObjectWindowlessImpl@VCOPOSCAT@@@ATL@@UAGJXZ 10002b96 f i CAT.obj
 0001:00001b9e       ?OnWindowMessage@?$IOleInPlaceObjectWindowlessImpl@VCOPOSCAT@@@ATL@@UAGJIIJPAJ@Z 10002b9e f i CAT.obj
 0001:00001c0e       ?EnumConnectionPoints@?$IConnectionPointContainerImpl@VCOPOSCAT@@@ATL@@UAGJPAPAUIEnumConnectionPoints@@@Z 10002c0e f i CAT.obj
 0001:00001d88       ?FindConnectionPoint@?$IConnectionPointContainerImpl@VCOPOSCAT@@@ATL@@UAGJABU_GUID@@PAPAUIConnectionPoint@@@Z 10002d88 f i CAT.obj
 0001:00001e2b       ?IsDirty@?$IPersistStorageImpl@VCOPOSCAT@@@ATL@@UAGJXZ 10002e2b f i CAT.obj
 0001:00001e5f       ?InitNew@?$IPersistStorageImpl@VCOPOSCAT@@@ATL@@UAGJPAUIStorage@@@Z 10002e5f f i CAT.obj
 0001:00001e93       ?Load@?$IPersistStorageImpl@VCOPOSCAT@@@ATL@@UAGJPAUIStorage@@@Z 10002e93 f i CAT.obj
 0001:00001eff       ?Save@?$IPersistStorageImpl@VCOPOSCAT@@@ATL@@UAGJPAUIStorage@@H@Z 10002eff f i CAT.obj
 0001:00001f72       ?GetPages@?$ISpecifyPropertyPagesImpl@VCOPOSCAT@@@ATL@@UAGJPAUtagCAUUID@@@Z 10002f72 f i CAT.obj
 0001:00001f89       ?QuickActivate@?$IQuickActivateImpl@VCOPOSCAT@@@ATL@@UAGJPAUtagQACONTAINER@@PAUtagQACONTROL@@@Z 10002f89 f i CAT.obj
 0001:00001fac       ?SetContentExtent@?$IQuickActivateImpl@VCOPOSCAT@@@ATL@@UAGJPAUtagSIZE@@@Z 10002fac f i CAT.obj
 0001:00001fd8       ?GetContentExtent@?$IQuickActivateImpl@VCOPOSCAT@@@ATL@@UAGJPAUtagSIZE@@@Z 10002fd8 f i CAT.obj
 0001:00001ff8       ?GetData@?$IDataObjectImpl@VCOPOSCAT@@@ATL@@UAGJPAUtagFORMATETC@@PAUtagSTGMEDIUM@@@Z 10002ff8 f i CAT.obj
 0001:0000201b       ?DAdvise@?$IDataObjectImpl@VCOPOSCAT@@@ATL@@UAGJPAUtagFORMATETC@@KPAUIAdviseSink@@PAK@Z 1000301b f i CAT.obj
 0001:0000205c       ?DUnadvise@?$IDataObjectImpl@VCOPOSCAT@@@ATL@@UAGJK@Z 1000305c f i CAT.obj
 0001:0000208a       ?EnumDAdvise@?$IDataObjectImpl@VCOPOSCAT@@@ATL@@UAGJPAPAUIEnumSTATDATA@@@Z 1000308a f i CAT.obj
 0001:000020c9       ?GetClassInfoW@?$IProvideClassInfo2Impl@$1?CLSID_OPOSCAT@@3U_GUID@@B$1?DIID__IOPOSCATEvents@@3U2@B$1?LIBID_OposCAT_CCO@@3U2@B$00$0A@VCComTypeInfoHolder@ATL@@@ATL@@UAGJPAPAUITypeInfo@@@Z 100030c9 f i CAT.obj
 0001:000020df       ?GetGUID@?$IProvideClassInfo2Impl@$1?CLSID_OPOSCAT@@3U_GUID@@B$1?DIID__IOPOSCATEvents@@3U2@B$1?LIBID_OposCAT_CCO@@3U2@B$00$0A@VCComTypeInfoHolder@ATL@@@ATL@@UAGJKPAU_GUID@@@Z 100030df f i CAT.obj
 0001:0000211d       ?FAccessAllowed@?$IObjectSafetyImpl@VCOPOSCAT@@$02@ATL@@MAEHXZ 1000311d f i CAT.obj
 0001:0000211d       __get_startup_argv_mode    1000311d f i LIBCMT:argv_mode.obj
 0001:00002121       ?GetInterfaceSafetyOptions@?$IObjectSafetyImpl@VCOPOSCAT@@$02@ATL@@UAGJABU_GUID@@PAK1@Z 10003121 f i CAT.obj
 0001:00002195       ?SetInterfaceSafetyOptions@?$IObjectSafetyImpl@VCOPOSCAT@@$02@ATL@@UAGJABU_GUID@@KK@Z 10003195 f i CAT.obj
 0001:0000220f       ?_LocCPQueryInterface@?$IConnectionPointImpl@VCOPOSCAT@@$1?DIID__IOPOSCATEvents@@3U_GUID@@BVCComDynamicUnkArray@ATL@@@ATL@@UAGJABU_GUID@@PAPAX@Z 1000320f f i CAT.obj
 0001:0000220f       ?_LocCPQueryInterface@?$IConnectionPointImpl@VCOPOSCAT@@$1?IID_IPropertyNotifySink@@3U_GUID@@BVCComDynamicUnkArray@ATL@@@ATL@@UAGJABU_GUID@@PAPAX@Z 1000320f f i CAT.obj
 0001:0000225c       ?GetConnectionInterface@?$IConnectionPointImpl@VCOPOSCAT@@$1?IID_IPropertyNotifySink@@3U_GUID@@BVCComDynamicUnkArray@ATL@@@ATL@@UAGJPAU_GUID@@@Z 1000325c f i CAT.obj
 0001:00002280       ?GetConnectionPointContainer@?$IConnectionPointImpl@VCOPOSCAT@@$1?IID_IPropertyNotifySink@@3U_GUID@@BVCComDynamicUnkArray@ATL@@@ATL@@UAGJPAPAUIConnectionPointContainer@@@Z 10003280 f i CAT.obj
 0001:000022a3       ?Advise@?$IConnectionPointImpl@VCOPOSCAT@@$1?DIID__IOPOSCATEvents@@3U_GUID@@BVCComDynamicUnkArray@ATL@@@ATL@@UAGJPAUIUnknown@@PAK@Z 100032a3 f i CAT.obj
 0001:000022a3       ?Advise@?$IConnectionPointImpl@VCOPOSCAT@@$1?IID_IPropertyNotifySink@@3U_GUID@@BVCComDynamicUnkArray@ATL@@@ATL@@UAGJPAUIUnknown@@PAK@Z 100032a3 f i CAT.obj
 0001:00002344       ?Unadvise@?$IConnectionPointImpl@VCOPOSCAT@@$1?DIID__IOPOSCATEvents@@3U_GUID@@BVCComDynamicUnkArray@ATL@@@ATL@@UAGJK@Z 10003344 f i CAT.obj
 0001:00002344       ?Unadvise@?$IConnectionPointImpl@VCOPOSCAT@@$1?IID_IPropertyNotifySink@@3U_GUID@@BVCComDynamicUnkArray@ATL@@@ATL@@UAGJK@Z 10003344 f i CAT.obj
 0001:00002384       ?EnumConnections@?$IConnectionPointImpl@VCOPOSCAT@@$1?DIID__IOPOSCATEvents@@3U_GUID@@BVCComDynamicUnkArray@ATL@@@ATL@@UAGJPAPAUIEnumConnections@@@Z 10003384 f i CAT.obj
 0001:00002384       ?EnumConnections@?$IConnectionPointImpl@VCOPOSCAT@@$1?IID_IPropertyNotifySink@@3U_GUID@@BVCComDynamicUnkArray@ATL@@@ATL@@UAGJPAPAUIEnumConnections@@@Z 10003384 f i CAT.obj
 0001:0000248a       ?GetObjectDescription@?$CComCoClass@VCOPOSCAT@@$1?CLSID_OPOSCAT@@3U_GUID@@B@ATL@@SGPB_WXZ 1000348a f i CAT.obj
 0001:0000248a       ?GetCategoryMap@CComObjectRootBase@ATL@@SAPBU_ATL_CATMAP_ENTRY@2@XZ 1000348a f i CAT.obj
 0001:0000248d       ?GetConnectionInterface@?$IConnectionPointImpl@VCOPOSCAT@@$1?DIID__IOPOSCATEvents@@3U_GUID@@BVCComDynamicUnkArray@ATL@@@ATL@@UAGJPAU_GUID@@@Z 1000348d f i CAT.obj
 0001:000024b1       ?GetConnectionPointContainer@?$IConnectionPointImpl@VCOPOSCAT@@$1?DIID__IOPOSCATEvents@@3U_GUID@@BVCComDynamicUnkArray@ATL@@@ATL@@UAGJPAPAUIConnectionPointContainer@@@Z 100034b1 f i CAT.obj
 0001:000024d4       ?UpdateRegistry@COPOSCAT@@SGJH@Z 100034d4 f i CAT.obj
 0001:000024ec       ?ProcessWindowMessage@COPOSCAT@@UAEHPAUHWND__@@IIJAAJK@Z 100034ec f i CAT.obj
 0001:00002535       ?SODirectIO@COPOSCAT@@MAGJJPAJPAPA_W@Z 10003535 f i CAT.obj
 0001:0000257e       ?SOError@COPOSCAT@@MAGJJJJPAJ@Z 1000357e f i CAT.obj
 0001:000025d3       ?SOOutputComplete@COPOSCAT@@MAGJJ@Z 100035d3 f i CAT.obj
 0001:0000260c       ?SOStatusUpdate@COPOSCAT@@MAGJJ@Z 1000360c f i CAT.obj
 0001:00002645       ?CreateInstance@?$CComCreator@V?$CComObjectCached@VCComClassFactory@ATL@@@ATL@@@ATL@@SGJPAXABU_GUID@@PAPAX@Z 10003645 f i CAT.obj
 0001:000026d8       ?CreateInstance@?$CComCreator2@V?$CComCreator@V?$CComObject@VCOPOSCAT@@@ATL@@@ATL@@V?$CComCreator@V?$CComAggObject@VCOPOSCAT@@@ATL@@@2@@ATL@@SGJPAXABU_GUID@@PAPAX@Z 100036d8 f i CAT.obj
 0001:000026f8       ?Next@?$CComEnumImpl@UIEnumConnectionPoints@@$1?_GUID_b196b285_bab4_101a_b69c_00aa00341d07@@3U__s_GUID@@BPAUIConnectionPoint@@V?$_CopyInterface@UIConnectionPoint@@@ATL@@@ATL@@UAGJKPAPAUIConnectionPoint@@PAK@Z 100036f8 f i CAT.obj
 0001:000027cf       ?Skip@?$CComEnumImpl@UIEnumConnectionPoints@@$1?_GUID_b196b285_bab4_101a_b69c_00aa00341d07@@3U__s_GUID@@BPAUIConnectionPoint@@V?$_CopyInterface@UIConnectionPoint@@@ATL@@@ATL@@UAGJK@Z 100037cf f i CAT.obj
 0001:000027fc       ?Clone@?$CComEnumImpl@UIEnumConnectionPoints@@$1?_GUID_b196b285_bab4_101a_b69c_00aa00341d07@@3U__s_GUID@@BPAUIConnectionPoint@@V?$_CopyInterface@UIConnectionPoint@@@ATL@@@ATL@@UAGJPAPAUIEnumConnectionPoints@@@Z 100037fc f i CAT.obj
 0001:000028dd       ?QueryInterface@?$CComObject@V?$CComEnum@UIEnumConnectionPoints@@$1?_GUID_b196b285_bab4_101a_b69c_00aa00341d07@@3U__s_GUID@@BPAUIConnectionPoint@@V?$_CopyInterface@UIConnectionPoint@@@ATL@@VCComSingleThreadModel@6@@ATL@@@ATL@@UAGJABU_GUID@@PAPAX@Z 100038dd f i CAT.obj
 0001:000028f7       ??_G?$CComObject@V?$CComEnum@UIEnumConnectionPoints@@$1?_GUID_b196b285_bab4_101a_b69c_00aa00341d07@@3U__s_GUID@@BPAUIConnectionPoint@@V?$_CopyInterface@UIConnectionPoint@@@ATL@@VCComSingleThreadModel@6@@ATL@@@ATL@@UAEPAXI@Z 100038f7 f i CAT.obj
 0001:000028f7       ??_E?$CComObject@V?$CComEnum@UIEnumConnectionPoints@@$1?_GUID_b196b285_bab4_101a_b69c_00aa00341d07@@3U__s_GUID@@BPAUIConnectionPoint@@V?$_CopyInterface@UIConnectionPoint@@@ATL@@VCComSingleThreadModel@6@@ATL@@@ATL@@UAEPAXI@Z 100038f7 f i CAT.obj
 0001:00002919       ?CreateInstance@CComClassFactory@ATL@@UAGJPAUIUnknown@@ABU_GUID@@PAPAX@Z 10003919 f i CAT.obj
 0001:00002957       ?LockServer@CComClassFactory@ATL@@UAGJH@Z 10003957 f i CAT.obj
 0001:00002976       ??_ECComClassFactory@ATL@@UAEPAXI@Z 10003976 f i CAT.obj
 0001:00002976       ??_GCComClassFactory@ATL@@UAEPAXI@Z 10003976 f i CAT.obj
 0001:000029a1       ??$?4UITypeInfo2@@@?$CComPtr@UITypeInfo@@@ATL@@QAEPAUITypeInfo@@ABV?$CComPtr@UITypeInfo2@@@1@@Z 100039a1 f i CAT.obj
 0001:000029ce       ??$AtlAdd@K@ATL@@YAJPAKKK@Z 100039ce f i CAT.obj
 0001:000029f1       ??$AtlAdd@_K@ATL@@YAJPA_K_K1@Z 100039f1 f i CAT.obj
 0001:00002a29       ??$AtlAddThrow@K@ATL@@YAKKK@Z 10003a29 f i CAT.obj
 0001:00002a4f       ??$AtlModuleRegisterWndClassInfoT@VAtlModuleRegisterWndClassInfoParamW@ATL@@@ATL@@YAGPAU_ATL_BASE_MODULE70@0@PAU_ATL_WIN_MODULE70@0@PAU_ATL_WNDCLASSINFOW@0@PAP6GJPAUHWND__@@IIJ@ZVAtlModuleRegisterWndClassInfoParamW@0@@Z 10003a4f f i CAT.obj
 0001:00002b9d       ??$AtlMultiply@H@ATL@@YAJPAHHH@Z 10003b9d f i CAT.obj
 0001:00002bd5       ??$AtlMultiply@K@ATL@@YAJPAKKK@Z 10003bd5 f i CAT.obj
 0001:00002bd5       ??$AtlMultiply@I@ATL@@YAJPAIII@Z 10003bd5 f i CAT.obj
 0001:00002bf7       ??$AtlMultiplyThrow@I@ATL@@YAIII@Z 10003bf7 f i CAT.obj
 0001:00002c1d       ??0?$CComAggObject@VCOPOSCAT@@@ATL@@QAE@PAX@Z 10003c1d f i CAT.obj
 0001:00002c4a       ??0?$CComContainedObject@VCOPOSCAT@@@ATL@@QAE@PAX@Z 10003c4a f i CAT.obj
 0001:00002d03       ??0?$CComObject@V?$CComEnum@UIEnumConnectionPoints@@$1?_GUID_b196b285_bab4_101a_b69c_00aa00341d07@@3U__s_GUID@@BPAUIConnectionPoint@@V?$_CopyInterface@UIConnectionPoint@@@ATL@@VCComSingleThreadModel@6@@ATL@@@ATL@@QAE@PAX@Z 10003d03 f i CAT.obj
 0001:00002d31       ??0?$CComObject@V?$CComEnum@UIEnumConnections@@$1?_GUID_b196b287_bab4_101a_b69c_00aa00341d07@@3U__s_GUID@@BUtagCONNECTDATA@@V?$_Copy@UtagCONNECTDATA@@@ATL@@VCComSingleThreadModel@6@@ATL@@@ATL@@QAE@PAX@Z 10003d31 f i CAT.obj
 0001:00002d5f       ??0?$CComObject@VCOPOSCAT@@@ATL@@QAE@PAX@Z 10003d5f f i CAT.obj
 0001:00002e16       ??0?$CComQIPtr@UIOleControlSite@@$1?_GUID_b196b289_bab4_101a_b69c_00aa00341d07@@3U__s_GUID@@B@ATL@@QAE@PAUIUnknown@@@Z 10003e16 f i CAT.obj
 0001:00002e3f       ??0CAtlModule@ATL@@QAE@XZ  10003e3f f i CAT.obj
 0001:00002e80       ??0CParseBuffer@CRegParser@ATL@@QAE@H@Z 10003e80 f i CAT.obj
 0001:00002eb6       ??0_ATL_MSG@ATL@@QAE@PAUHWND__@@IIJH@Z 10003eb6 f i CAT.obj
 0001:00002eee       ??1?$CComAggObject@VCOPOSCAT@@@ATL@@UAE@XZ 10003eee f i CAT.obj
 0001:00002f12       ??1?$CComEnumImpl@UIEnumConnectionPoints@@$1?_GUID_b196b285_bab4_101a_b69c_00aa00341d07@@3U__s_GUID@@BPAUIConnectionPoint@@V?$_CopyInterface@UIConnectionPoint@@@ATL@@@ATL@@UAE@XZ 10003f12 f i CAT.obj
 0001:00002f52       ??1?$CComEnumImpl@UIEnumConnections@@$1?_GUID_b196b287_bab4_101a_b69c_00aa00341d07@@3U__s_GUID@@BUtagCONNECTDATA@@V?$_Copy@UtagCONNECTDATA@@@ATL@@@ATL@@UAE@XZ 10003f52 f i CAT.obj
 0001:00002f92       ??1?$CComObject@V?$CComEnum@UIEnumConnectionPoints@@$1?_GUID_b196b285_bab4_101a_b69c_00aa00341d07@@3U__s_GUID@@BPAUIConnectionPoint@@V?$_CopyInterface@UIConnectionPoint@@@ATL@@VCComSingleThreadModel@6@@ATL@@@ATL@@UAE@XZ 10003f92 f i CAT.obj
 0001:00002fb5       ??1?$CComObject@V?$CComEnum@UIEnumConnections@@$1?_GUID_b196b287_bab4_101a_b69c_00aa00341d07@@3U__s_GUID@@BUtagCONNECTDATA@@V?$_Copy@UtagCONNECTDATA@@@ATL@@VCComSingleThreadModel@6@@ATL@@@ATL@@UAE@XZ 10003fb5 f i CAT.obj
 0001:00002fd8       ??1?$CComObject@VCOPOSCAT@@@ATL@@UAE@XZ 10003fd8 f i CAT.obj
 0001:00003096       ??1?$CComObjectCached@VCComClassFactory@ATL@@@ATL@@UAE@XZ 10004096 f i CAT.obj
 0001:000030ac       ??1?$CComObjectRootEx@VCComMultiThreadModel@ATL@@@ATL@@QAE@XZ 100040ac f i CAT.obj
 0001:000030c1       ??1CRegObject@ATL@@UAE@XZ  100040c1 f i CAT.obj
 0001:000030e1       ??4?$CComPtr@UIUnknown@@@ATL@@QAEPAUIUnknown@@PAU2@@Z 100040e1 f i CAT.obj
 0001:000030e1       ??4?$CComPtr@UIAdviseSink@@@ATL@@QAEPAUIAdviseSink@@PAU2@@Z 100040e1 f i CAT.obj
 0001:000030e1       ??4?$CComPtr@UIOleClientSite@@@ATL@@QAEPAUIOleClientSite@@PAU2@@Z 100040e1 f i CAT.obj
 0001:00003115       ??4?$CComQIPtr@UIOleObject@@$1?_GUID_00000112_0000_0000_c000_000000000046@@3U__s_GUID@@B@ATL@@QAEPAUIOleObject@@PAUIUnknown@@@Z 10004115 f i CAT.obj
 0001:0000313a       ??4?$CComQIPtr@UISpecifyPropertyPages@@$1?_GUID_b196b28b_bab4_101a_b69c_00aa00341d07@@3U__s_GUID@@B@ATL@@QAEPAUISpecifyPropertyPages@@PAUIUnknown@@@Z 1000413a f i CAT.obj
 0001:0000315f       ??_G?$CComContainedObject@VCOPOSCAT@@@ATL@@UAEPAXI@Z 1000415f f i CAT.obj
 0001:0000315f       ??_E?$CComContainedObject@VCOPOSCAT@@@ATL@@UAEPAXI@Z 1000415f f i CAT.obj
 0001:00003184       ??_E?$CComObject@VCOPOSCAT@@@ATL@@UAEPAXI@Z 10004184 f i CAT.obj
 0001:00003184       ??_G?$CComObject@VCOPOSCAT@@@ATL@@UAEPAXI@Z 10004184 f i CAT.obj
 0001:000031a9       ?Add@?$CSimpleArray@GV?$CSimpleArrayEqualHelper@G@ATL@@@ATL@@QAEHABG@Z 100041a9 f i CAT.obj
 0001:0000322d       ?Add@?$CSimpleMap@PA_WPA_WVCExpansionVectorEqualHelper@ATL@@@ATL@@QAEHABQA_W0@Z 1000422d f i CAT.obj
 0001:00003282       ?Add@CComDynamicUnkArray@ATL@@QAEKPAUIUnknown@@@Z 10004282 f i CAT.obj
 0001:00003338       ?Add@CExpansionVector@ATL@@QAEHPB_W0@Z 10004338 f i CAT.obj
 0001:0000343c       ?AddString@CParseBuffer@CRegParser@ATL@@QAEHPB_W@Z 1000443c f i CAT.obj
 0001:00003471       ?AddValue@CRegParser@ATL@@IAEJAAVCRegKey@2@PB_WPA_W@Z 10004471 f i CAT.obj
 0001:00003792       ?Allocate@?$CAtlSafeAllocBufferManager@VCCRTAllocator@ATL@@@_ATL_SAFE_ALLOCA_IMPL@ATL@@QAEPAXK@Z 10004792 f i CAT.obj
 0001:000037bf       ?Allocate@?$CTempBuffer@E$0BAA@VCCRTAllocator@ATL@@@ATL@@QAEPAEI@Z 100047bf f i CAT.obj
 0001:000037ee       ?Allocate@?$CTempBuffer@_W$0BAA@VCCRTAllocator@ATL@@@ATL@@QAEPA_WI@Z 100047ee f i CAT.obj
 0001:0000381d       ?Allocate@?$CTempBuffer@_W$0EAA@VCCRTAllocator@ATL@@@ATL@@QAEPA_WI@Z 1000481d f i CAT.obj
 0001:0000384c       ?AllocateHeap@?$CTempBuffer@_W$0EAA@VCCRTAllocator@ATL@@@ATL@@AAEXI@Z 1000484c f i CAT.obj
 0001:0000384c       ?AllocateHeap@?$CTempBuffer@E$0BAA@VCCRTAllocator@ATL@@@ATL@@AAEXI@Z 1000484c f i CAT.obj
 0001:0000384c       ?AllocateHeap@?$CTempBuffer@_W$0BAA@VCCRTAllocator@ATL@@@ATL@@AAEXI@Z 1000484c f i CAT.obj
 0001:00003871       ?Append@CParseBuffer@CRegParser@ATL@@QAEHPB_WH@Z 10004871 f i CAT.obj
 0001:000038ff       ?AtlCallTermFunc@ATL@@YGXPAU_ATL_MODULE70@1@@Z 100048ff f i CAT.obj
 0001:00003943       ?AtlCoTaskMemCAlloc@ATL@@YAPAXKK@Z 10004943 f i CAT.obj
 0001:00003970       ?AtlCoTaskMemRecalloc@ATL@@YAPAXPAXKK@Z 10004970 f i CAT.obj
 0001:000039a0       ?AtlComModuleGetClassObject@ATL@@YGJPAU_ATL_COM_MODULE70@1@ABU_GUID@@1PAPAX@Z 100049a0 f i CAT.obj
 0001:00003a93       ?AtlComModuleRegisterServer@ATL@@YGJPAU_ATL_COM_MODULE70@1@HPBU_GUID@@@Z 10004a93 f i CAT.obj
 0001:00003b1b       ?AtlComModuleUnregisterServer@ATL@@YGJPAU_ATL_COM_MODULE70@1@HPBU_GUID@@@Z 10004b1b f i CAT.obj
 0001:00003ba3       ?AtlComQIPtrAssign2@ATL@@YAXPAPAUIUnknown@@PAU2@ABU_GUID@@@Z 10004ba3 f i CAT.obj
 0001:00003bd2       ?AtlCreateTargetDC@ATL@@YGPAUHDC__@@PAU2@PAUtagDVTARGETDEVICE@@@Z 10004bd2 f i CAT.obj
 0001:00003c3b       ?AtlCrtErrorCheck@ATL@@YAHH@Z 10004c3b f i CAT.obj
 0001:00003c76       ?AtlHiMetricToPixel@ATL@@YGXPBUtagSIZE@@PAU2@@Z 10004c76 f i CAT.obj
 0001:00003ceb       ?AtlHresultFromLastError@ATL@@YAJXZ 10004ceb f i CAT.obj
 0001:00003d02       ?AtlHresultFromWin32@ATL@@YAJK@Z 10004d02 f i CAT.obj
 0001:00003d17       ?AtlIPersistStreamInit_Load@ATL@@YGJPAUIStream@@PBUATL_PROPMAP_ENTRY@1@PAXPAUIUnknown@@@Z 10004d17 f i CAT.obj
 0001:00003ef7       ?AtlIPersistStreamInit_Save@ATL@@YGJPAUIStream@@HPBUATL_PROPMAP_ENTRY@1@PAXPAUIUnknown@@@Z 10004ef7 f i CAT.obj
 0001:0000408f       ?AtlInternalOleLoadFromStream@ATL@@YAJPAUIStream@@ABU_GUID@@PAPAXTClassesAllowedInStream@1@K@Z 1000508f f i CAT.obj
 0001:000041b5       ?AtlInternalQueryInterface@ATL@@YGJPAXPBU_ATL_INTMAP_ENTRY@1@ABU_GUID@@PAPAX@Z 100051b5 f i CAT.obj
 0001:00004258       ?AtlLoadTypeLib@ATL@@YGJPAUHINSTANCE__@@PB_WPAPA_WPAPAUITypeLib@@@Z 10005258 f i CAT.obj
 0001:00004436       ?AtlModuleAddTermFunc@ATL@@YGJPAU_ATL_MODULE70@1@P6GXK@ZK@Z 10005436 f i CAT.obj
 0001:00004493       ?AtlRegisterClassCategoriesHelper@ATL@@YGJABU_GUID@@PBU_ATL_CATMAP_ENTRY@1@H@Z 10005493 f i CAT.obj
 0001:00004773       ?AtlRegisterTypeLib@ATL@@YGJPAUHINSTANCE__@@PB_W@Z 10005773 f i CAT.obj
 0001:000048fb       ?AtlThrowImpl@ATL@@YGXJ@Z  100058fb f i CAT.obj
 0001:00004919       ?AtlUnRegisterTypeLib@ATL@@YGJPAUHINSTANCE__@@PB_W@Z 10005919 f i CAT.obj
 0001:000049c4       ?AtlWinModuleAddCreateWndData@ATL@@YGXPAU_ATL_WIN_MODULE70@1@PAU_AtlCreateWndData@1@PAX@Z 100059c4 f i CAT.obj
 0001:00004a18       ?AtlWinModuleExtractCreateWndData@ATL@@YGPAXPAU_ATL_WIN_MODULE70@1@@Z 10005a18 f i CAT.obj
 0001:00004a7b       ?AtlWinModuleRegisterClassExW@ATL@@YGGPAU_ATL_WIN_MODULE70@1@PBUtagWNDCLASSEXW@@@Z 10005a7b f i CAT.obj
 0001:00004aba       ?CanForceRemoveKey@CRegParser@ATL@@IAEHPB_W@Z 10005aba f i CAT.obj
 0001:00004ae9       ?ChToByte@CRegParser@ATL@@KAE_W@Z 10005ae9 f i CAT.obj
 0001:00004b1c       ?Cleanup@CComTypeInfoHolder@ATL@@SGXK@Z 10005b1c f i CAT.obj
 0001:00004b4f       ?ClearReplacements@CExpansionVector@ATL@@QAEJXZ 10005b4f f i CAT.obj
 0001:00004b8c       ?Close@CRegKey@ATL@@QAEJXZ 10005b8c f i CAT.obj
 0001:00004ba6       ?CreateInstance@?$CComCreator@V?$CComAggObject@VCOPOSCAT@@@ATL@@@ATL@@SGJPAXABU_GUID@@PAPAX@Z 10005ba6 f i CAT.obj
 0001:00004c1c       ?CreateInstance@?$CComCreator@V?$CComObject@VCOPOSCAT@@@ATL@@@ATL@@SGJPAXABU_GUID@@PAPAX@Z 10005c1c f i CAT.obj
 0001:00004c9d       ?CreateInstance@?$CComObject@V?$CComEnum@UIEnumConnectionPoints@@$1?_GUID_b196b285_bab4_101a_b69c_00aa00341d07@@3U__s_GUID@@BPAUIConnectionPoint@@V?$_CopyInterface@UIConnectionPoint@@@ATL@@VCComSingleThreadModel@6@@ATL@@@ATL@@SGJPAPAV12@@Z 10005c9d f i CAT.obj
 0001:00004ce4       ?CreateInstance@?$CComObject@V?$CComEnum@UIEnumConnections@@$1?_GUID_b196b287_bab4_101a_b69c_00aa00341d07@@3U__s_GUID@@BUtagCONNECTDATA@@V?$_Copy@UtagCONNECTDATA@@@ATL@@VCComSingleThreadModel@6@@ATL@@@ATL@@SGJPAPAV12@@Z 10005ce4 f i CAT.obj
 0001:00004d2b       ?DefaultReflectionHandler@?$CWindowImplRoot@VCWindow@ATL@@@ATL@@SAHPAUHWND__@@IIJAAJ@Z 10005d2b f i CAT.obj
 0001:00004d9e       ?DeleteSubKey@CRegKey@ATL@@QAEJPB_W@Z 10005d9e f i CAT.obj
 0001:00004e17       ?DoEvent@COPOSCAT@@IAEXIIJ@Z 10005e17 f i CAT.obj
 0001:00004e97       ?DoVerbHide@?$IOleObjectImpl@VCOPOSCAT@@@ATL@@QAEJPBUtagRECT@@PAUHWND__@@@Z 10005e97 f i CAT.obj
 0001:00004ecd       ?DoVerbInPlaceActivate@?$IOleObjectImpl@VCOPOSCAT@@@ATL@@QAEJPBUtagRECT@@PAUHWND__@@@Z 10005ecd f i CAT.obj
 0001:00004f00       ?DoVerbPrimary@?$IOleObjectImpl@VCOPOSCAT@@@ATL@@QAEJPBUtagRECT@@PAUHWND__@@@Z 10005f00 f i CAT.obj
 0001:00004f8c       ?DoVerbProperties@CComControlBase@ATL@@QAEJPBUtagRECT@@PAUHWND__@@@Z 10005f8c f i CAT.obj
 0001:000050b3       ?DoVerbShow@?$IOleObjectImpl@VCOPOSCAT@@@ATL@@QAEJPBUtagRECT@@PAUHWND__@@@Z 100060b3 f i CAT.obj
 0001:000050d8       ?DoVerbUIActivate@?$IOleObjectImpl@VCOPOSCAT@@@ATL@@QAEJPBUtagRECT@@PAUHWND__@@@Z 100060d8 f i CAT.obj
 0001:00005115       ?DoesVerbActivate@CComControlBase@ATL@@QAEHJ@Z 10006115 f i CAT.obj
 0001:00005136       ?DoesVerbUIActivate@CComControlBase@ATL@@QAEHJ@Z 10006136 f i CAT.obj
 0001:0000516b       ?EndOfVar@CRegParser@ATL@@IAEHXZ 1000616b f i CAT.obj
 0001:0000518b       ?EscapeSingleQuote@CAtlModule@ATL@@SAXPA_WIPB_W@Z 1000618b f i CAT.obj
 0001:000051da       ?FindKey@?$CSimpleMap@PA_WPA_WVCExpansionVectorEqualHelper@ATL@@@ATL@@QBEHABQA_W@Z 100061da f i CAT.obj
 0001:00005211       ?FireTheEvent@?$CProxy_IOPOSEvents@VCOPOSCAT@@@@IAEXPAVOposVariant@@IAAJPB_WJ@Z 10006211 f i CAT.obj
 0001:000052a3       ?FireViewChange@CComControlBase@ATL@@QAEJXZ 100062a3 f i CAT.obj
 0001:000052ec       ?Fire_DirectIOEvent@?$CProxy_IOPOSEvents@VCOPOSCAT@@@@QAEXJPAJPAPA_W@Z 100062ec f i CAT.obj
 0001:000053d2       ?Fire_ErrorEvent@?$CProxy_IOPOSEvents@VCOPOSCAT@@@@QAEXJJJPAJ@Z 100063d2 f i CAT.obj
 0001:000054b9       ?Fire_OutputCompleteEvent@?$CProxy_IOPOSEvents@VCOPOSCAT@@@@QAEXJ@Z 100064b9 f i CAT.obj
 0001:00005545       ?Fire_StatusUpdateEvent@?$CProxy_IOPOSEvents@VCOPOSCAT@@@@QAEXJ@Z 10006545 f i CAT.obj
 0001:000055d1       ?FreeHeap@?$CTempBuffer@E$0BAA@VCCRTAllocator@ATL@@@ATL@@AAEXXZ 100065d1 f i CAT.obj
 0001:000055d1       ?FreeHeap@?$CTempBuffer@_W$0EAA@VCCRTAllocator@ATL@@@ATL@@AAEXXZ 100065d1 f i CAT.obj
 0001:000055d1       ?FreeHeap@?$CTempBuffer@_W$0BAA@VCCRTAllocator@ATL@@@ATL@@AAEXXZ 100065d1 f i CAT.obj
 0001:000055da       ?GetAmbientLocaleID@CComControlBase@ATL@@QAEJAAK@Z 100065da f i CAT.obj
 0001:00005636       ?GetAmbientUserMode@CComControlBase@ATL@@QAEJAAH@Z 10006636 f i CAT.obj
 0001:000056a6       ?GetAt@CComDynamicUnkArray@ATL@@QAEPAUIUnknown@@H@Z 100066a6 f i CAT.obj
 0001:000056c2       ?GetClassObject@CComModule@ATL@@QAEJABU_GUID@@0PAPAX@Z 100066c2 f i CAT.obj
 0001:00005764       ?GetConnMap@COPOSCAT@@SAPBU_ATL_CONNMAP_ENTRY@ATL@@PAH@Z 10006764 f i CAT.obj
 0001:000057d4       ?GetCookie@CComDynamicUnkArray@ATL@@QAGKPAPAUIUnknown@@@Z 100067d4 f i CAT.obj
 0001:0000580c       ?GetIDsOfNames@CComTypeInfoHolder@ATL@@QAEJABU_GUID@@PAPA_WIKPAJ@Z 1000680c f i CAT.obj
 0001:0000591a       ?GetKeyAt@?$CSimpleMap@PA_WPA_WVCExpansionVectorEqualHelper@ATL@@@ATL@@QBEAAPA_WH@Z 1000691a f i CAT.obj
 0001:0000593f       ?GetPagesHelper@?$ISpecifyPropertyPagesImpl@VCOPOSCAT@@@ATL@@IAEJPAUtagCAUUID@@PBUATL_PROPMAP_ENTRY@2@@Z 1000693f f i CAT.obj
 0001:00005a66       ?GetProperty@?$CComPtr@UIDispatch@@@ATL@@SAJPAUIDispatch@@JPAUtagVARIANT@@@Z 10006a66 f i CAT.obj
 0001:00005ab5       ?GetSizeMax@CComVariant@ATL@@QBEJPAT_ULARGE_INTEGER@@@Z 10006ab5 f i CAT.obj
 0001:00005c6f       ?GetStreamSize@CComBSTR@ATL@@SAKPA_W@Z 10006c6f f i CAT.obj
 0001:00005c89       ?GetTI@CComTypeInfoHolder@ATL@@QAEJK@Z 10006c89 f i CAT.obj
 0001:00005e72       ?GetTI@CComTypeInfoHolder@ATL@@QAEJKPAPAUITypeInfo@@@Z 10006e72 f i CAT.obj
 0001:00005eb4       ?GetUnknown@CComDynamicUnkArray@ATL@@QAGPAUIUnknown@@K@Z 10006eb4 f i CAT.obj
 0001:00005ed5       ?GetValueAt@?$CSimpleMap@PA_WPA_WVCExpansionVectorEqualHelper@ATL@@@ATL@@QBEAAPA_WH@Z 10006ed5 f i CAT.obj
 0001:00005efb       ?GetZoomInfo@CComControlBase@ATL@@QAEXAAUATL_DRAWINFO@@@Z 10006efb f i CAT.obj
 0001:00005f8e       ?HKeyFromString@CRegParser@ATL@@KAPAUHKEY__@@PA_W@Z 10006f8e f i CAT.obj
 0001:00005fbc       ?HasSubKeys@CRegParser@ATL@@IAEHPAUHKEY__@@@Z 10006fbc f i CAT.obj
 0001:00005ff1       ?IDataObject_GetData@CComControlBase@ATL@@QAEJPAUtagFORMATETC@@PAUtagSTGMEDIUM@@@Z 10006ff1 f i CAT.obj
 0001:00006197       ?IOleInPlaceObject_InPlaceDeactivate@CComControlBase@ATL@@QAEJXZ 10007197 f i CAT.obj
 0001:0000621e       ?IOleInPlaceObject_SetObjectRects@CComControlBase@ATL@@QAEJPBUtagRECT@@0@Z 1000721e f i CAT.obj
 0001:000062eb       ?IOleInPlaceObject_UIDeactivate@CComControlBase@ATL@@QAEJXZ 100072eb f i CAT.obj
 0001:000063ad       ?IOleObject_Advise@CComControlBase@ATL@@QAEJPAUIAdviseSink@@PAK@Z 100073ad f i CAT.obj
 0001:000063d7       ?IOleObject_Close@CComControlBase@ATL@@QAEJK@Z 100073d7 f i CAT.obj
 0001:000064bb       ?IOleObject_GetClientSite@CComControlBase@ATL@@QAEJPAPAUIOleClientSite@@@Z 100074bb f i CAT.obj
 0001:000064e4       ?IOleObject_SetClientSite@CComControlBase@ATL@@QAEJPAUIOleClientSite@@@Z 100074e4 f i CAT.obj
 0001:00006523       ?IOleObject_SetExtent@CComControlBase@ATL@@QAEJKPAUtagSIZE@@@Z 10007523 f i CAT.obj
 0001:000065d7       ?IPSI_GetIPersistStreamInit@?$IPersistStorageImpl@VCOPOSCAT@@@ATL@@AAEPAUIPersistStreamInit@@XZ 100075d7 f i CAT.obj
 0001:00006619       ?IPersistStreamInit_Load@?$IPersistStreamInitImpl@VCOPOSCAT@@@ATL@@QAEJPAUIStream@@PBUATL_PROPMAP_ENTRY@2@@Z 10007619 f i CAT.obj
 0001:00006645       ?IPersistStreamInit_Save@?$IPersistStreamInitImpl@VCOPOSCAT@@@ATL@@QAEJPAUIStream@@HPBUATL_PROPMAP_ENTRY@2@@Z 10007645 f i CAT.obj
 0001:0000667a       ?IQuickActivate_QuickActivate@CComControlBase@ATL@@QAEJPAUtagQACONTAINER@@PAUtagQACONTROL@@@Z 1000767a f i CAT.obj
 0001:000068bc       ?IViewObject_Draw@CComControlBase@ATL@@QAEJKJPAXPAUtagDVTARGETDEVICE@@PAUHDC__@@2PBU_RECTL@@3@Z 100078bc f i CAT.obj
 0001:00006964       ?InPlaceActivate@CComControlBase@ATL@@QAEJJPBUtagRECT@@@Z 10007964 f i CAT.obj
 0001:00006bd5       ?Init@?$CComEnumImpl@UIEnumConnectionPoints@@$1?_GUID_b196b285_bab4_101a_b69c_00aa00341d07@@3U__s_GUID@@BPAUIConnectionPoint@@V?$_CopyInterface@UIConnectionPoint@@@ATL@@@ATL@@QAEJPAPAUIConnectionPoint@@0PAUIUnknown@@W4CComEnumFlags@2@@Z 10007bd5 f i CAT.obj
 0001:00006cb4       ?Init@?$CComEnumImpl@UIEnumConnections@@$1?_GUID_b196b287_bab4_101a_b69c_00aa00341d07@@3U__s_GUID@@BUtagCONNECTDATA@@V?$_Copy@UtagCONNECTDATA@@@ATL@@@ATL@@QAEJPAUtagCONNECTDATA@@0PAUIUnknown@@W4CComEnumFlags@2@@Z 10007cb4 f i CAT.obj
 0001:00006d93       ?Init@CComModule@ATL@@QAEJPAU_ATL_OBJMAP_ENTRY30@2@PAUHINSTANCE__@@PBU_GUID@@@Z 10007d93 f i CAT.obj
 0001:00006df2       ?Init@CDynamicStdCallThunk2@ATL@@QAEHKPAX@Z 10007df2 f i CAT.obj
 0001:00006e1d       ?InlineIsEqualUnknown@ATL@@YGHABU_GUID@@@Z 10007e1d f i CAT.obj
 0001:00006e45       ?InternalGetSite@CComControlBase@ATL@@QAEJABU_GUID@@PAPAX@Z 10007e45 f i CAT.obj
 0001:00006e73       ?InternalSetAtIndex@?$CSimpleMap@PA_WPA_WVCExpansionVectorEqualHelper@ATL@@@ATL@@QAEXHABQA_W0@Z 10007e73 f i CAT.obj
 0001:00006e9d       ?Invoke@CComTypeInfoHolder@ATL@@QAEJPAUIDispatch@@JABU_GUID@@KGPAUtagDISPPARAMS@@PAUtagVARIANT@@PAUtagEXCEPINFO@@PAI@Z 10007e9d f i CAT.obj
 0001:00006ee0       ?IsEqualObject@?$CComPtrBase@UITypeInfo@@@ATL@@QAE_NPAUIUnknown@@@Z 10007ee0 f i CAT.obj
 0001:00006ee0       ?IsEqualObject@?$CComPtrBase@UIOleClientSite@@@ATL@@QAE_NPAUIUnknown@@@Z 10007ee0 f i CAT.obj
 0001:00006f4d       ?IsSpace@CRegParser@ATL@@IAEH_W@Z 10007f4d f i CAT.obj
 0001:00006f77       ?LoadNameCache@CComTypeInfoHolder@ATL@@QAEJPAUITypeInfo@@@Z 10007f77 f i CAT.obj
 0001:000070c5       ?Lookup@?$CSimpleMap@PA_WPA_WVCExpansionVectorEqualHelper@ATL@@@ATL@@QBEPA_WABQA_W@Z 100080c5 f i CAT.obj
 0001:000070eb       ?NextToken@CRegParser@ATL@@IAEJPA_W@Z 100080eb f i CAT.obj
 0001:00007223       ?OnKillFocus@CComControlBase@ATL@@QAEJIIJAAH@Z 10008223 f i CAT.obj
 0001:0000727e       ?OnMouseActivate@CComControlBase@ATL@@QAEJIIJAAH@Z 1000827e f i CAT.obj
 0001:000072ec       ?OnPaint@CComControlBase@ATL@@QAEJIIJAAH@Z 100082ec f i CAT.obj
 0001:0000739e       ?OnSetFocus@CComControlBase@ATL@@QAEJIIJAAH@Z 1000839e f i CAT.obj
 0001:00007427       ?Open@CRegKey@ATL@@QAEJPAUHKEY__@@PB_WK@Z 10008427 f i CAT.obj
 0001:0000747c       ?PreProcessBuffer@CRegParser@ATL@@QAEJPA_WPAPA_W@Z 1000847c f i CAT.obj
 0001:000076e6       ?ProcessWindowMessage@?$CComControl@VCOPOSCAT@@V?$CWindowImpl@VCOPOSCAT@@VCWindow@ATL@@V?$CWinTraits@$0FGAAAAAA@$0A@@3@@ATL@@@ATL@@UAEHPAUHWND__@@IIJAAJK@Z 100086e6 f i CAT.obj
 0001:00007785       ?PutProperty@?$CComPtr@UIDispatch@@@ATL@@SAJPAUIDispatch@@JPAUtagVARIANT@@@Z 10008785 f i CAT.obj
 0001:00007817       ?ReadFromStream@CComBSTR@ATL@@QAEJPAUIStream@@@Z 10008817 f i CAT.obj
 0001:00007945       ?ReadFromStream@CComVariant@ATL@@QAEJPAUIStream@@GTClassesAllowedInStream@2@K@Z 10008945 f i CAT.obj
 0001:00007acb       ?RecurseDeleteKey@CRegKey@ATL@@QAEJPB_W@Z 10008acb f i CAT.obj
 0001:00007b8d       ?RegCreateKeyExW@CAtlTransactionManager@ATL@@QAEJPAUHKEY__@@PB_WKPA_WKKQAU_SECURITY_ATTRIBUTES@@PAPAU3@PAK@Z 10008b8d f i CAT.obj
 0001:00007bf0       ?RegDeleteKeyW@CAtlTransactionManager@ATL@@QAEJPAUHKEY__@@PB_W@Z 10008bf0 f i CAT.obj
 0001:00007c42       ?RegOpenKeyExW@CAtlTransactionManager@ATL@@QAEJPAUHKEY__@@PB_WKKPAPAU3@@Z 10008c42 f i CAT.obj
 0001:00007c99       ?Register@_ATL_WNDCLASSINFOW@ATL@@QAEGPAP6GJPAUHWND__@@IIJ@Z@Z 10008c99 f i CAT.obj
 0001:00007cb9       ?RegisterBuffer@CRegParser@ATL@@QAEJPA_WH@Z 10008cb9 f i CAT.obj
 0001:00007df2       ?RegisterFromResource@CRegObject@ATL@@IAEJPB_W00H@Z 10008df2 f i CAT.obj
 0001:00007f28       ?RegisterServer@?$CAtlModuleT@VCComModule@ATL@@@ATL@@QAEJHPBU_GUID@@@Z 10008f28 f i CAT.obj
 0001:00007f56       ?RegisterServer@CComModule@ATL@@QAEJHPBU_GUID@@@Z 10008f56 f i CAT.obj
 0001:00007fcc       ?RegisterSubkeys@CRegParser@ATL@@IAEJPA_WPAUHKEY__@@HH@Z 10008fcc f i CAT.obj
 0001:0000859e       ?Remove@CComDynamicUnkArray@ATL@@QAEHK@Z 1000959e f i CAT.obj
 0001:000085c7       ?RemoveAll@?$CSimpleMap@PA_WPA_WVCExpansionVectorEqualHelper@ATL@@@ATL@@QAEXXZ 100095c7 f i CAT.obj
 0001:000085f3       ?ResourceRegisterSz@CRegObject@ATL@@QAGJPB_W00@Z 100095f3 f i CAT.obj
 0001:00008620       ?ResourceUnregisterSz@CRegObject@ATL@@QAGJPB_W00@Z 10009620 f i CAT.obj
 0001:0000864d       ?SendOnDataChange@CComControlBase@ATL@@QAEJK@Z 1000964d f i CAT.obj
 0001:0000869a       ?SetControlFocus@CComControlBase@ATL@@QAEHH@Z 1000969a f i CAT.obj
 0001:00008737       ?SetMultiStringValue@CRegKey@ATL@@QAEJPB_W0@Z 10009737 f i CAT.obj
 0001:00008793       ?SetStringValue@CRegKey@ATL@@QAEJPB_W0K@Z 10009793 f i CAT.obj
 0001:000087dc       ?SkipAssignment@CRegParser@ATL@@IAEJPA_W@Z 100097dc f i CAT.obj
 0001:00008841       ?SkipWhiteSpace@CRegParser@ATL@@IAEXXZ 10009841 f i CAT.obj
 0001:00008863       ?StrChrW@CRegParser@ATL@@KAPA_WPA_W_W@Z 10009863 f i CAT.obj
 0001:000088a0       ?Term@CAtlModule@ATL@@QAEXXZ 100098a0 f i CAT.obj
 0001:000088d9       ?Term@CComModule@ATL@@QAEXXZ 100098d9 f i CAT.obj
 0001:00008931       ?UnregisterServer@?$CAtlModuleT@VCComModule@ATL@@@ATL@@QAEJHPBU_GUID@@@Z 10009931 f i CAT.obj
 0001:00008957       ?UnregisterServer@CComModule@ATL@@QAEJHPBU_GUID@@@Z 10009957 f i CAT.obj
 0001:000089cd       ?UpdateRegistryFromResource@CAtlModule@ATL@@QAGJIHPAU_ATL_REGMAP_ENTRY@2@@Z 100099cd f i CAT.obj
 0001:00008b98       ?UpdateRegistryFromResource@CAtlModule@ATL@@QAGJPB_WHPAU_ATL_REGMAP_ENTRY@2@@Z 10009b98 f i CAT.obj
 0001:00008d69       ?VTFromRegType@CRegParser@ATL@@KAHPB_WAAG@Z 10009d69 f i CAT.obj
 0001:00008dd6       ?WindowProc@?$CWindowImplBaseT@VCWindow@ATL@@V?$CWinTraits@$0FGAAAAAA@$0A@@2@@ATL@@SGJPAUHWND__@@IIJ@Z 10009dd6 f i CAT.obj
 0001:00008ec8       ?WriteToStream@CComBSTR@ATL@@QAEJPAUIStream@@@Z 10009ec8 f i CAT.obj
 0001:00008f1f       ?WriteToStream@CComVariant@ATL@@QAEJPAUIStream@@@Z 10009f1f f i CAT.obj
 0001:00009099       ?WriteToStream@CComVariant@ATL@@QAEJPAUIStream@@G@Z 1000a099 f i CAT.obj
 0001:00009102       ?_AtlInitialConstruct@?$CComObjectRootEx@VCComMultiThreadModel@ATL@@@ATL@@QAEJXZ 1000a102 f i CAT.obj
 0001:00009117       ?_AtlVerifyStackAvailable@_ATL_SAFE_ALLOCA_IMPL@ATL@@YA_NK@Z 1000a117 f i CAT.obj
 0001:00009195       ?atlCreate@?$CWindowImpl@VCOPOSCAT@@VCWindow@ATL@@V?$CWinTraits@$0FGAAAAAA@$0A@@3@@ATL@@QAEPAUHWND__@@PAU3@V_U_RECT@2@PB_WKKV_U_MENUorID@2@PAX@Z 1000a195 f i CAT.obj
 0001:000091d9       ?atlCreate@?$CWindowImplBaseT@VCWindow@ATL@@V?$CWinTraits@$0FGAAAAAA@$0A@@2@@ATL@@QAEPAUHWND__@@PAU3@V_U_RECT@2@PB_WKKV_U_MENUorID@2@GPAX@Z 1000a1d9 f i CAT.obj
 0001:00009275       ?atlCreate@CRegKey@ATL@@QAEJPAUHKEY__@@PB_WPA_WKKPAU_SECURITY_ATTRIBUTES@@PAK@Z 1000a275 f i CAT.obj
 0001:000092e4       ?copy@?$_Copy@UtagCONNECTDATA@@@ATL@@SAJPAUtagCONNECTDATA@@PBU3@@Z 1000a2e4 f i CAT.obj
 0001:0000931a       ?copy@?$_CopyInterface@UIConnectionPoint@@@ATL@@SAJPAPAUIConnectionPoint@@PBQAU3@@Z 1000a31a f i CAT.obj
 0001:00009348       ?memcpy_s@Checked@ATL@@YAXPAXIPBXI@Z 1000a348 f i CAT.obj
 0001:00009367       ?ocscpy_s@@YA_NPA_WIPB_W@Z 1000a367 f i CAT.obj
 0001:00009396       ?ocslen@@YAHPB_W@Z         1000a396 f i CAT.obj
 0001:000093b6       ?wcscpy_s@Checked@ATL@@YAXPA_WIPB_W@Z 1000a3b6 f i CAT.obj
 0001:000093d2       _DllCanUnloadNow@0         1000a3d2 f   CAT.obj
 0001:000093de       _DllGetClassObject@12      1000a3de f   CAT.obj
 0001:000093ec       _DllMain@12                1000a3ec f   CAT.obj
 0001:0000942e       _DllRegisterServer@0       1000a42e f   CAT.obj
 0001:0000943d       _DllUnregisterServer@0     1000a43d f   CAT.obj
 0001:0000944c       _InlineIsEqualGUID         1000a44c f i CAT.obj
 0001:0000947c       ___local_stdio_printf_options 1000a47c f i CAT.obj
 0001:00009482       __vswprintf_s_l            1000a482 f i CAT.obj
 0001:0000952f       _swprintf_s                1000a52f f i CAT.obj
 0001:0000954b       ??0?$CComControl@VCOPOSCAT@@V?$CWindowImpl@VCOPOSCAT@@VCWindow@ATL@@V?$CWinTraits@$0FGAAAAAA@$0A@@3@@ATL@@@ATL@@QAE@XZ 1000a54b f i CATImpl.obj
 0001:00009572       ??0?$CProxy_IOPOSEvents@VCOPOSCAT@@@@QAE@XZ 1000a572 f i CATImpl.obj
 0001:00009592       ??0CComControlBase@ATL@@QAE@AAPAUHWND__@@@Z 1000a592 f i CATImpl.obj
 0001:000095dc       ??0COPOSCAT@@QAE@XZ        1000a5dc f   CATImpl.obj
 0001:00009612       ??1?$CComControl@VCOPOSCAT@@V?$CWindowImpl@VCOPOSCAT@@VCWindow@ATL@@V?$CWinTraits@$0FGAAAAAA@$0A@@3@@ATL@@@ATL@@UAE@XZ 1000a612 f i CATImpl.obj
 0001:0000962b       ??1?$IConnectionPointImpl@VCOPOSCAT@@$1?IID_IPropertyNotifySink@@3U_GUID@@BVCComDynamicUnkArray@ATL@@@ATL@@QAE@XZ 1000a62b f i CATImpl.obj
 0001:0000962b       ??1?$IConnectionPointImpl@VCOPOSCAT@@$1?DIID__IOPOSCATEvents@@3U_GUID@@BVCComDynamicUnkArray@ATL@@@ATL@@QAE@XZ 1000a62b f i CATImpl.obj
 0001:00009668       ??1CComControlBase@ATL@@UAE@XZ 1000a668 f i CATImpl.obj
 0001:000096cb       ??1COPOSCAT@@UAE@XZ        1000a6cb f   CATImpl.obj
 0001:00009713       ??1OposVariantResult@@QAE@XZ 1000a713 f i CATImpl.obj
 0001:00009734       ??1_CW@@QAE@XZ             1000a734 f i CATImpl.obj
 0001:0000974d       ?AccessDailyLog@COPOSCAT@@UAGJJJJPAJ@Z 1000a74d f   CATImpl.obj
 0001:000097e3       ?AuthorizeCompletion@COPOSCAT@@UAGJJTtagCY@@0JPAJ@Z 1000a7e3 f   CATImpl.obj
 0001:0000988a       ?AuthorizePreSales@COPOSCAT@@UAGJJTtagCY@@0JPAJ@Z 1000a88a f   CATImpl.obj
 0001:00009931       ?AuthorizeRefund@COPOSCAT@@UAGJJTtagCY@@0JPAJ@Z 1000a931 f   CATImpl.obj
 0001:000099d8       ?AuthorizeSales@COPOSCAT@@UAGJJTtagCY@@0JPAJ@Z 1000a9d8 f   CATImpl.obj
 0001:00009a7f       ?AuthorizeVoid@COPOSCAT@@UAGJJTtagCY@@0JPAJ@Z 1000aa7f f   CATImpl.obj
 0001:00009b26       ?AuthorizeVoidPreSales@COPOSCAT@@UAGJJTtagCY@@0JPAJ@Z 1000ab26 f   CATImpl.obj
 0001:00009bcd       ?CashDeposit@COPOSCAT@@UAGJJTtagCY@@JPAJ@Z 1000abcd f   CATImpl.obj
 0001:00009c66       ?CheckCard@COPOSCAT@@UAGJJJPAJ@Z 1000ac66 f   CATImpl.obj
 0001:00009cda       ?CheckHealth@COPOSCAT@@UAGJJPAJ@Z 1000acda f   CATImpl.obj
 0001:00009d29       ?ClaimDevice@COPOSCAT@@UAGJJPAJ@Z 1000ad29 f   CATImpl.obj
 0001:00009d9e       ?ClearOutput@COPOSCAT@@UAGJPAJ@Z 1000ad9e f   CATImpl.obj
 0001:00009db9       ?Close@COPOSCAT@@UAGJPAJ@Z 1000adb9 f   CATImpl.obj
 0001:00009e27       ?CompareFirmwareVersion@COPOSCAT@@UAGJPA_WPAJ1@Z 1000ae27 f   CATImpl.obj
 0001:00009ea7       ?DirectIO@COPOSCAT@@UAGJJPAJPAPA_W0@Z 1000aea7 f   CATImpl.obj
 0001:00009f55       ?DoInvoke@COPOSCAT@@IAEJJPAVOposVariant@@IHPAJ_N@Z 1000af55 f   CATImpl.obj
 0001:0000a017       ?EventClose@COPOSCAT@@IAEXXZ 1000b017 f i CATImpl.obj
 0001:0000a04a       ?EventInit@COPOSCAT@@IAEJXZ 1000b04a f i CATImpl.obj
 0001:0000a116       ?EventUninit@COPOSCAT@@IAEXXZ 1000b116 f i CATImpl.obj
 0001:0000a168       ?EventWindowProc@COPOSCAT@@IAGJIIJ@Z 1000b168 f i CATImpl.obj
 0001:0000a23b       ?FinalConstruct@COPOSCAT@@QAEJXZ 1000b23b f   CATImpl.obj
 0001:0000a274       ?FireEventCleanup@COPOSCAT@@IAEXXZ 1000b274 f i CATImpl.obj
 0001:0000a28a       ?FireEventSetup@COPOSCAT@@IAE_NXZ 1000b28a f i CATImpl.obj
 0001:0000a2be       ?FreezeEvents@COPOSCAT@@MAGJH@Z 1000b2be f   CATImpl.obj
 0001:0000a31e       ?GetOposProp@COPOSCAT@@IAEJJPAFJ@Z 1000b31e f   CATImpl.obj
 0001:0000a341       ?GetOposProp@COPOSCAT@@IAEJJPAJJ@Z 1000b341 f   CATImpl.obj
 0001:0000a3ff       ?GetOposProp@COPOSCAT@@IAEJJPAPA_WJ@Z 1000b3ff f   CATImpl.obj
 0001:0000a4ca       ?LockTerminal@COPOSCAT@@UAGJPAJ@Z 1000b4ca f   CATImpl.obj
 0001:0000a4e5       ?OnDraw@COPOSCAT@@MAEJAAUATL_DRAWINFO@@@Z 1000b4e5 f   CATImpl.obj
 0001:0000a585       ?Open@COPOSCAT@@UAGJPA_WPAJ@Z 1000b585 f   CATImpl.obj
 0001:0000ad23       ?ReleaseDevice@COPOSCAT@@UAGJPAJ@Z 1000bd23 f   CATImpl.obj
 0001:0000ad72       ?ResetStatistics@COPOSCAT@@UAGJPA_WPAJ@Z 1000bd72 f   CATImpl.obj
 0001:0000adc9       ?RetrieveStatistics@COPOSCAT@@UAGJPAPA_WPAJ@Z 1000bdc9 f   CATImpl.obj
 0001:0000ae20       ?SOProcessID@COPOSCAT@@UAGJPAJ@Z 1000be20 f   CATImpl.obj
 0001:0000ae34       ?SetCOFreezeEvents@COPOSCAT@@IAEXF@Z 1000be34 f   CATImpl.obj
 0001:0000aebf       ?SetOposProp@COPOSCAT@@IAEJJJJ@Z 1000bebf f   CATImpl.obj
 0001:0000af9d       ?SetOposProp@COPOSCAT@@IAEJJPA_WJ@Z 1000bf9d f   CATImpl.obj
 0001:0000b089       ?UnlockTerminal@COPOSCAT@@UAGJPAJ@Z 1000c089 f   CATImpl.obj
 0001:0000b0a4       ?UpdateFirmware@COPOSCAT@@UAGJPA_WPAJ@Z 1000c0a4 f   CATImpl.obj
 0001:0000b0fb       ?UpdateStatistics@COPOSCAT@@UAGJPA_WPAJ@Z 1000c0fb f   CATImpl.obj
 0001:0000b152       ?get_AccountNumber@COPOSCAT@@UAGJPAPA_W@Z 1000c152 f   CATImpl.obj
 0001:0000b16b       ?get_AdditionalSecurityInformation@COPOSCAT@@UAGJPAPA_W@Z 1000c16b f   CATImpl.obj
 0001:0000b184       ?get_ApprovalCode@COPOSCAT@@UAGJPAPA_W@Z 1000c184 f   CATImpl.obj
 0001:0000b19d       ?get_AsyncMode@COPOSCAT@@UAGJPAF@Z 1000c19d f   CATImpl.obj
 0001:0000b1b6       ?get_Balance@COPOSCAT@@UAGJPATtagCY@@@Z 1000c1b6 f   CATImpl.obj
 0001:0000b250       ?get_BinaryConversion@COPOSCAT@@UAGJPAJ@Z 1000c250 f   CATImpl.obj
 0001:0000b266       ?get_CapAdditionalSecurityInformation@COPOSCAT@@UAGJPAF@Z 1000c266 f   CATImpl.obj
 0001:0000b27f       ?get_CapAuthorizeCompletion@COPOSCAT@@UAGJPAF@Z 1000c27f f   CATImpl.obj
 0001:0000b298       ?get_CapAuthorizePreSales@COPOSCAT@@UAGJPAF@Z 1000c298 f   CATImpl.obj
 0001:0000b2b1       ?get_CapAuthorizeRefund@COPOSCAT@@UAGJPAF@Z 1000c2b1 f   CATImpl.obj
 0001:0000b2ca       ?get_CapAuthorizeVoid@COPOSCAT@@UAGJPAF@Z 1000c2ca f   CATImpl.obj
 0001:0000b2e3       ?get_CapAuthorizeVoidPreSales@COPOSCAT@@UAGJPAF@Z 1000c2e3 f   CATImpl.obj
 0001:0000b2fc       ?get_CapCashDeposit@COPOSCAT@@UAGJPAF@Z 1000c2fc f   CATImpl.obj
 0001:0000b315       ?get_CapCenterResultCode@COPOSCAT@@UAGJPAF@Z 1000c315 f   CATImpl.obj
 0001:0000b32e       ?get_CapCheckCard@COPOSCAT@@UAGJPAF@Z 1000c32e f   CATImpl.obj
 0001:0000b347       ?get_CapCompareFirmwareVersion@COPOSCAT@@UAGJPAF@Z 1000c347 f   CATImpl.obj
 0001:0000b360       ?get_CapDailyLog@COPOSCAT@@UAGJPAJ@Z 1000c360 f   CATImpl.obj
 0001:0000b379       ?get_CapInstallments@COPOSCAT@@UAGJPAF@Z 1000c379 f   CATImpl.obj
 0001:0000b392       ?get_CapLockTerminal@COPOSCAT@@UAGJPAF@Z 1000c392 f   CATImpl.obj
 0001:0000b3ab       ?get_CapLogStatus@COPOSCAT@@UAGJPAF@Z 1000c3ab f   CATImpl.obj
 0001:0000b3c4       ?get_CapPaymentDetail@COPOSCAT@@UAGJPAF@Z 1000c3c4 f   CATImpl.obj
 0001:0000b3dd       ?get_CapPowerReporting@COPOSCAT@@UAGJPAJ@Z 1000c3dd f   CATImpl.obj
 0001:0000b3f6       ?get_CapStatisticsReporting@COPOSCAT@@UAGJPAF@Z 1000c3f6 f   CATImpl.obj
 0001:0000b40f       ?get_CapTaxOthers@COPOSCAT@@UAGJPAF@Z 1000c40f f   CATImpl.obj
 0001:0000b428       ?get_CapTrainingMode@COPOSCAT@@UAGJPAF@Z 1000c428 f   CATImpl.obj
 0001:0000b441       ?get_CapTransactionNumber@COPOSCAT@@UAGJPAF@Z 1000c441 f   CATImpl.obj
 0001:0000b45a       ?get_CapUnlockTerminal@COPOSCAT@@UAGJPAF@Z 1000c45a f   CATImpl.obj
 0001:0000b473       ?get_CapUpdateFirmware@COPOSCAT@@UAGJPAF@Z 1000c473 f   CATImpl.obj
 0001:0000b48c       ?get_CapUpdateStatistics@COPOSCAT@@UAGJPAF@Z 1000c48c f   CATImpl.obj
 0001:0000b4a5       ?get_CardCompanyID@COPOSCAT@@UAGJPAPA_W@Z 1000c4a5 f   CATImpl.obj
 0001:0000b4be       ?get_CenterResultCode@COPOSCAT@@UAGJPAPA_W@Z 1000c4be f   CATImpl.obj
 0001:0000b4d7       ?get_CheckHealthText@COPOSCAT@@UAGJPAPA_W@Z 1000c4d7 f   CATImpl.obj
 0001:0000b4f0       ?get_Claimed@COPOSCAT@@UAGJPAF@Z 1000c4f0 f   CATImpl.obj
 0001:0000b506       ?get_ControlObjectDescription@COPOSCAT@@UAGJPAPA_W@Z 1000c506 f   CATImpl.obj
 0001:0000b543       ?get_ControlObjectVersion@COPOSCAT@@UAGJPAJ@Z 1000c543 f   CATImpl.obj
 0001:0000b556       ?get_DailyLog@COPOSCAT@@UAGJPAPA_W@Z 1000c556 f   CATImpl.obj
 0001:0000b56f       ?get_DeviceDescription@COPOSCAT@@UAGJPAPA_W@Z 1000c56f f   CATImpl.obj
 0001:0000b588       ?get_DeviceEnabled@COPOSCAT@@UAGJPAF@Z 1000c588 f   CATImpl.obj
 0001:0000b59e       ?get_DeviceName@COPOSCAT@@UAGJPAPA_W@Z 1000c59e f   CATImpl.obj
 0001:0000b5b7       ?get_FreezeEvents@COPOSCAT@@UAGJPAF@Z 1000c5b7 f   CATImpl.obj
 0001:0000b5cd       ?get_LogStatus@COPOSCAT@@UAGJPAJ@Z 1000c5cd f   CATImpl.obj
 0001:0000b5e6       ?get_OpenResult@COPOSCAT@@UAGJPAJ@Z 1000c5e6 f   CATImpl.obj
 0001:0000b5fd       ?get_OutputID@COPOSCAT@@UAGJPAJ@Z 1000c5fd f   CATImpl.obj
 0001:0000b613       ?get_PaymentCondition@COPOSCAT@@UAGJPAJ@Z 1000c613 f   CATImpl.obj
 0001:0000b62c       ?get_PaymentDetail@COPOSCAT@@UAGJPAPA_W@Z 1000c62c f   CATImpl.obj
 0001:0000b645       ?get_PaymentMedia@COPOSCAT@@UAGJPAJ@Z 1000c645 f   CATImpl.obj
 0001:0000b65e       ?get_PowerNotify@COPOSCAT@@UAGJPAJ@Z 1000c65e f   CATImpl.obj
 0001:0000b674       ?get_PowerState@COPOSCAT@@UAGJPAJ@Z 1000c674 f   CATImpl.obj
 0001:0000b68a       ?get_ResultCode@COPOSCAT@@UAGJPAJ@Z 1000c68a f   CATImpl.obj
 0001:0000b6c8       ?get_ResultCodeExtended@COPOSCAT@@UAGJPAJ@Z 1000c6c8 f   CATImpl.obj
 0001:0000b6de       ?get_SequenceNumber@COPOSCAT@@UAGJPAJ@Z 1000c6de f   CATImpl.obj
 0001:0000b6f7       ?get_ServiceObjectDescription@COPOSCAT@@UAGJPAPA_W@Z 1000c6f7 f   CATImpl.obj
 0001:0000b710       ?get_ServiceObjectVersion@COPOSCAT@@UAGJPAJ@Z 1000c710 f   CATImpl.obj
 0001:0000b726       ?get_SettledAmount@COPOSCAT@@UAGJPATtagCY@@@Z 1000c726 f   CATImpl.obj
 0001:0000b7c0       ?get_SlipNumber@COPOSCAT@@UAGJPAPA_W@Z 1000c7c0 f   CATImpl.obj
 0001:0000b7d9       ?get_State@COPOSCAT@@UAGJPAJ@Z 1000c7d9 f   CATImpl.obj
 0001:0000b805       ?get_TrainingMode@COPOSCAT@@UAGJPAF@Z 1000c805 f   CATImpl.obj
 0001:0000b81e       ?get_TransactionNumber@COPOSCAT@@UAGJPAPA_W@Z 1000c81e f   CATImpl.obj
 0001:0000b837       ?get_TransactionType@COPOSCAT@@UAGJPAJ@Z 1000c837 f   CATImpl.obj
 0001:0000b850       ?put_AdditionalSecurityInformation@COPOSCAT@@UAGJPA_W@Z 1000c850 f   CATImpl.obj
 0001:0000b869       ?put_AsyncMode@COPOSCAT@@UAGJF@Z 1000c869 f   CATImpl.obj
 0001:0000b889       ?put_BinaryConversion@COPOSCAT@@UAGJJ@Z 1000c889 f   CATImpl.obj
 0001:0000b89f       ?put_DeviceEnabled@COPOSCAT@@UAGJF@Z 1000c89f f   CATImpl.obj
 0001:0000b8bc       ?put_FreezeEvents@COPOSCAT@@UAGJF@Z 1000c8bc f   CATImpl.obj
 0001:0000b908       ?put_PaymentMedia@COPOSCAT@@UAGJJ@Z 1000c908 f   CATImpl.obj
 0001:0000b921       ?put_PowerNotify@COPOSCAT@@UAGJJ@Z 1000c921 f   CATImpl.obj
 0001:0000b937       ?put_TrainingMode@COPOSCAT@@UAGJF@Z 1000c937 f   CATImpl.obj
 0001:0000b957       ?s_EventWindowProc@COPOSCAT@@KGJPAUHWND__@@IIJ@Z 1000c957 f i CATImpl.obj
 0001:0000b9a9       ??_U@YAPAXI@Z              1000c9a9 f   LIBCMT:new_array.obj
 0001:0000b9b2       ??3@YAXPAXI@Z              1000c9b2 f   LIBCMT:delete_scalar_size.obj
 0001:0000b9c0       ??_V@YAXPAX@Z              1000c9c0 f   LIBCMT:delete_array.obj
 0001:0000b9c5       ??_V@YAXPAXI@Z             1000c9c5 f   LIBCMT:delete_array_size.obj
 0001:0000ba17       ___scrt_acquire_startup_lock 1000ca17 f   LIBCMT:utility.obj
 0001:0000ba49       ___scrt_dllmain_after_initialize_c 1000ca49 f   LIBCMT:utility.obj
 0001:0000ba74       ___scrt_dllmain_before_initialize_c 1000ca74 f   LIBCMT:utility.obj
 0001:0000ba82       ___scrt_dllmain_crt_thread_attach 1000ca82 f   LIBCMT:utility.obj
 0001:0000baa1       ___scrt_dllmain_crt_thread_detach 1000caa1 f   LIBCMT:utility.obj
 0001:0000baae       ___scrt_dllmain_exception_filter 1000caae f   LIBCMT:utility.obj
 0001:0000bae2       ___scrt_dllmain_uninitialize_c 1000cae2 f   LIBCMT:utility.obj
 0001:0000bb05       ___scrt_dllmain_uninitialize_critical 1000cb05 f   LIBCMT:utility.obj
 0001:0000bb12       ___scrt_initialize_crt     1000cb12 f   LIBCMT:utility.obj
 0001:0000bb4b       ___scrt_initialize_onexit_tables 1000cb4b f   LIBCMT:utility.obj
 0001:0000bbd2       ___scrt_is_nonwritable_in_current_image 1000cbd2 f   LIBCMT:utility.obj
 0001:0000bc66       ___scrt_release_startup_lock 1000cc66 f   LIBCMT:utility.obj
 0001:0000bc83       ___scrt_uninitialize_crt   1000cc83 f   LIBCMT:utility.obj
 0001:0000bcab       __onexit                   1000ccab f   LIBCMT:utility.obj
 0001:0000bcd8       _atexit                    1000ccd8 f   LIBCMT:utility.obj
 0001:0000bced       ??3@YAXPAX@Z               1000cced f   LIBCMT:delete_scalar.obj
 0001:0000bdb7       __Init_thread_footer       1000cdb7 f   LIBCMT:thread_safe_statics.obj
 0001:0000be01       __Init_thread_header       1000ce01 f   LIBCMT:thread_safe_statics.obj
 0001:0000be53       __Init_thread_notify       1000ce53 f   LIBCMT:thread_safe_statics.obj
 0001:0000be89       __Init_thread_wait         1000ce89 f   LIBCMT:thread_safe_statics.obj
 0001:0000bed7       ___raise_securityfailure   1000ced7 f   LIBCMT:gs_report.obj
 0001:0000beff       ___report_gsfailure        1000ceff f   LIBCMT:gs_report.obj
 0001:0000bff8       ___report_rangecheckfailure 1000cff8 f   LIBCMT:gs_report.obj
 0001:0000c004       ___report_securityfailure  1000d004 f   LIBCMT:gs_report.obj
 0001:0000c0d2       ??2@YAPAXIABUnothrow_t@std@@@Z 1000d0d2 f   LIBCMT:new_scalar_nothrow.obj
 0001:0000c122       ??_U@YAPAXIABUnothrow_t@std@@@Z 1000d122 f   LIBCMT:new_array_nothrow.obj
 0001:0000c12b       @__security_check_cookie@4 1000d12b f   LIBCMT:secchk.obj
 0001:0000c140       __SEH_prolog4_GS           1000d140 f   LIBCMT:sehprolg4gs.obj
 0001:0000c189       __SEH_epilog4_GS           1000d189 f   LIBCMT:sehprolg4gs.obj
 0001:0000c1a0       __alloca_probe_16          1000d1a0 f   LIBCMT:alloca16.obj
 0001:0000c1b6       __alloca_probe_8           1000d1b6     LIBCMT:alloca16.obj
 0001:0000c1d0       __chkstk                   1000d1d0 f   LIBCMT:chkstk.obj
 0001:0000c1d0       __alloca_probe             1000d1d0 f   LIBCMT:chkstk.obj
 0001:0000c518       __DllMainCRTStartup@12     1000d518 f   LIBCMT:dll_dllmain.obj
 0001:0000c53b       ??2@YAPAXI@Z               1000d53b f   LIBCMT:new_scalar.obj
 0001:0000c56b       ___isa_available_init      1000d56b f   LIBCMT:cpu_disp.obj
 0001:0000c702       ___scrt_is_ucrt_dll_in_use 1000d702 f   LIBCMT:ucrt_detection.obj
 0001:0000c70e       ___scrt_fastfail           1000d70e f   LIBCMT:utility_desktop.obj
 0001:0000c828       __crt_debugger_hook        1000d828 f   LIBCMT:utility_desktop.obj
 0001:0000c830       __SEH_prolog4              1000d830 f   LIBCMT:sehprolg4.obj
 0001:0000c876       __SEH_epilog4              1000d876 f   LIBCMT:sehprolg4.obj
 0001:0000c88b       @_guard_check_icall_nop@4  1000d88b f i LIBCMT:guard_support.obj
 0001:0000c8d9       ___security_init_cookie    1000d8d9 f   LIBCMT:gs_support.obj
 0001:0000c924       ?__scrt_initialize_type_info@@YAXXZ 1000d924 f   LIBCMT:tncleanup.obj
 0001:0000c930       ?__scrt_uninitialize_type_info@@YAXXZ 1000d930 f   LIBCMT:tncleanup.obj
 0001:0000c93c       ___local_stdio_scanf_options 1000d93c f i LIBCMT:default_local_stdio_options.obj
 0001:0000c942       ___scrt_initialize_default_local_stdio_options 1000d942 f   LIBCMT:default_local_stdio_options.obj
 0001:0000c95f       ___scrt_get_dyn_tls_init_callback 1000d95f f   LIBCMT:dyn_tls_init.obj
 0001:0000c965       __RTC_Initialize           1000d965 f   LIBCMT:initsect.obj
 0001:0000c991       __RTC_Terminate            1000d991 f   LIBCMT:initsect.obj
 0001:0000c9bd       ??0bad_alloc@std@@QAE@ABV01@@Z 1000d9bd f i LIBCMT:throw_bad_alloc.obj
 0001:0000c9d8       ??0bad_alloc@std@@QAE@XZ   1000d9d8 f i LIBCMT:throw_bad_alloc.obj
 0001:0000c9f0       ??0bad_array_new_length@std@@QAE@ABV01@@Z 1000d9f0 f i LIBCMT:throw_bad_alloc.obj
 0001:0000ca0b       ??0bad_array_new_length@std@@QAE@XZ 1000da0b f i LIBCMT:throw_bad_alloc.obj
 0001:0000ca23       ??0exception@std@@QAE@ABV01@@Z 1000da23 f i LIBCMT:throw_bad_alloc.obj
 0001:0000ca4f       ??1bad_array_new_length@std@@UAE@XZ 1000da4f f i LIBCMT:throw_bad_alloc.obj
 0001:0000ca4f       ??1bad_exception@std@@UAE@XZ 1000da4f f i libvcruntime:frame.obj
 0001:0000ca4f       ??1bad_alloc@std@@UAE@XZ   1000da4f f i LIBCMT:throw_bad_alloc.obj
 0001:0000ca60       ??_Gbad_alloc@std@@UAEPAXI@Z 1000da60 f i LIBCMT:throw_bad_alloc.obj
 0001:0000ca60       ??_Ebad_alloc@std@@UAEPAXI@Z 1000da60 f i LIBCMT:throw_bad_alloc.obj
 0001:0000ca60       ??_Eexception@std@@UAEPAXI@Z 1000da60 f i LIBCMT:throw_bad_alloc.obj
 0001:0000ca60       ??_Ebad_exception@std@@UAEPAXI@Z 1000da60 f i libvcruntime:frame.obj
 0001:0000ca60       ??_Gexception@std@@UAEPAXI@Z 1000da60 f i LIBCMT:throw_bad_alloc.obj
 0001:0000ca60       ??_Ebad_array_new_length@std@@UAEPAXI@Z 1000da60 f i LIBCMT:throw_bad_alloc.obj
 0001:0000ca60       ??_Gbad_exception@std@@UAEPAXI@Z 1000da60 f i libvcruntime:frame.obj
[...]
 0002:00002c9c       ?candidate_modules@?1??try_get_SetThreadStackGuarantee@@YAP6GHPAK@ZXZ@4QBW4module_id@?A0x391cf84c@@B 10021c9c     libucrt:winapi_thunks.obj
 0002:00002cc0       ?strings@?1??fp_format_nan_or_infinity@@YAHW4__acrt_fp_class@@_NPADI1@Z@4QAY03QBDA 10021cc0     libucrt:cvt.obj
 0002:00003208       ?_mb_locale_names@@3QBQB_WB 10022208     libucrt:mbctype.obj
 0002:00003a50       ?LcidToLocaleNameTable@?A0x881e4c05@@3QBULcidToLocaleName@1@B 10022a50     libucrt:lcidtoname_downlevel.obj
 0002:00004b78       ?LocaleNameToIndexTable@?A0x881e4c05@@3QBULocaleNameIndex@1@B 10023b78     libucrt:lcidtoname_downlevel.obj
 0002:000063d0       ?large_power_indices@?1??multiply_by_power_of_ten@__crt_strtox@@YA_NAAUbig_integer@2@I@Z@4QBUunpack_index@?1??12@YA_N0I@Z@B 100253d0     libucrt:cfout.obj
 0002:000064b0       LOG_name                   100254b0     libucrt:log10_impl.obj
 0002:000064c0       _One                       100254c0     libucrt:ceil_pentium4.obj
 0002:000064d0       _Bns                       100254d0     libucrt:ceil_pentium4.obj
 0002:000064e0       _Zero                      100254e0     libucrt:ceil_pentium4.obj
 0002:000064f0       _S                         100254f0     libucrt:ceil_pentium4.obj
 0002:00006500       _NegZero                   10025500     libucrt:ceil_pentium4.obj
 0002:00006510       emask                      10025510     libucrt:log10_pentium4.obj
 0002:00006520       CC                         10025520     libucrt:log10_pentium4.obj
 0002:00006530       Magic                      10025530     libucrt:log10_pentium4.obj
 0002:00006540       hi_mask                    10025540     libucrt:log10_pentium4.obj
 0002:00006550       LOG10_2                    10025550     libucrt:log10_pentium4.obj
 0002:00006560       place_L                    10025560     libucrt:log10_pentium4.obj
 0002:00006580       One                        10025580     libucrt:log10_pentium4.obj
 0002:00006590       Zero                       10025590     libucrt:log10_pentium4.obj
 0002:000065a0       Two52                      100255a0     libucrt:log10_pentium4.obj
 0002:000065b0       Infs                       100255b0     libucrt:log10_pentium4.obj
 0002:000065c0       NaN                        100255c0     libucrt:log10_pentium4.obj
 0002:000065d0       coeff                      100255d0     libucrt:log10_pentium4.obj
 0002:0000662e       _log2max                   1002562e     libucrt:87tran.obj
 0002:00006638       _smallarg                  10025638     libucrt:87tran.obj
 0002:00006642       _half                      10025642     libucrt:87tran.obj
 0002:0000668e       One                        1002568e     libucrt:87disp.obj
 0002:00006696       Three                      10025696     libucrt:87disp.obj
 0002:0000669e       XAMtoTagTab                1002569e     libucrt:87disp.obj
 0002:000066b0       One                        100256b0     libucrt:common.obj
 0002:000066c4       DblMax                     100256c4     libucrt:common.obj
 0002:000066cc       DblMin                     100256cc     libucrt:common.obj
 0002:000066d4       IeeeAdjO                   100256d4     libucrt:common.obj
 0002:000066dc       IeeeAdjU                   100256dc     libucrt:common.obj
 0002:000066e4       _infinity                  100256e4     libucrt:common.obj
 0002:000066ec       _zero                      100256ec     libucrt:common.obj
 0002:00006738       _over                      10025738     libucrt:fpctrl.obj
 0002:00006744       _under                     10025744     libucrt:fpctrl.obj
 0002:00006f78       ?_names@?1??_get_fname@@9@9 10025f78     libucrt:fpexcept.obj
 0002:000077c0       __sehtable$?_AtlVerifyStackAvailable@_ATL_SAFE_ALLOCA_IMPL@ATL@@YA_NK@Z 100267c0     CAT.obj
 0002:000077e0       __sehtable$___scrt_is_nonwritable_in_current_image 100267e0     LIBCMT:utility.obj
 0002:000077fc       __catchsym$??2@YAPAXIABUnothrow_t@std@@@Z$2 100267fc     LIBCMT:new_scalar_nothrow.obj
 0002:0000780c       __unwindtable$??2@YAPAXIABUnothrow_t@std@@@Z 1002680c     LIBCMT:new_scalar_nothrow.obj
 0002:0000781c       __tryblocktable$??2@YAPAXIABUnothrow_t@std@@@Z 1002681c     LIBCMT:new_scalar_nothrow.obj
 0002:00007830       __ehfuncinfo$??2@YAPAXIABUnothrow_t@std@@@Z 10026830     LIBCMT:new_scalar_nothrow.obj
 0002:00007858       __sehtable$?dllmain_crt_process_attach@@YAHQAUHINSTANCE__@@QAX@Z 10026858     LIBCMT:dll_dllmain.obj
 0002:00007878       __sehtable$?dllmain_crt_process_detach@@YAH_N@Z 10026878     LIBCMT:dll_dllmain.obj
 0002:00007898       __sehtable$?dllmain_dispatch@@YAHQAUHINSTANCE__@@KQAX@Z 10026898     LIBCMT:dll_dllmain.obj
 0002:00007948       __sehtable$?FrameUnwindToState@__FrameHandler3@@SAXPAUEHRegistrationNode@@PAXPBU_s_FuncInfo@@H@Z 10026948     libvcruntime:frame.obj
 0002:00007970       __sehtable$?CallCatchBlock@@YAPAXPAUEHExceptionRecord@@PAUEHRegistrationNode@@PAU_CONTEXT@@PBU_s_FuncInfo@@PAXHK@Z 10026970     libvcruntime:frame.obj
 0002:00007998       __catchsym$?CallUnexpected@@YAXPBU_s_ESTypeList@@@Z$2 10026998     libvcruntime:frame.obj
 0002:000079a8       __unwindtable$?CallUnexpected@@YAXPBU_s_ESTypeList@@@Z 100269a8     libvcruntime:frame.obj
 0002:000079b8       __tryblocktable$?CallUnexpected@@YAXPBU_s_ESTypeList@@@Z 100269b8     libvcruntime:frame.obj
 0002:000079cc       __ehfuncinfo$?CallUnexpected@@YAXPBU_s_ESTypeList@@@Z 100269cc     libvcruntime:frame.obj
 0002:000079f0       __sehtable$??$BuildCatchObjectHelperInternal@V__FrameHandler3@@@@YAHPAUEHExceptionRecord@@PAXPBU_s_HandlerType@@PBU_s_CatchableType@@@Z 100269f0     libvcruntime:frame.obj
 0002:00007a10       __sehtable$??$BuildCatchObjectInternal@V__FrameHandler3@@@@YAXPAUEHExceptionRecord@@PAXPBU_s_HandlerType@@PBU_s_CatchableType@@@Z 10026a10     libvcruntime:frame.obj
 0002:00007a68       __sehtable$___DestructExceptionObject 10026a68     libvcruntime:ehhelpers.obj
 0002:00007a88       __sehtable$??R<lambda_6e4b09c48022b2350581041d5f6b0c4c>@@QBE@XZ 10026a88     libucrt:exit.obj
 0002:00007aa8       __sehtable$??$?RV<lambda_03b1d95aef87969028cfba75ccab2455>@@AAV<lambda_6e4b09c48022b2350581041d5f6b0c4c>@@V<lambda_22bdf7517842c4b3e53723af5aa32b9e>@@@?$__crt_seh_guarded_call@X@@QAEX$$QAV<lambda_03b1d95aef87969028cfba75ccab2455>@@AAV<lambda_6e4b09c48022b2350581041d5f6b0c4c>@@$$QAV<lambda_22bdf7517842c4b3e53723af5aa32b9e>@@@Z 10026aa8     libucrt:exit.obj
 0002:00007ac8       __sehtable$??$?RV<lambda_8e746cf0007f6ed984d6f78af1fec997>@@AAV<lambda_22ebabd17bc4fa466a2aca6d8deb888d>@@V<lambda_18ed0c0b38a6dc0daf1e7ac6d6adf05e>@@@?$__crt_seh_guarded_call@H@@QAEH$$QAV<lambda_8e746cf0007f6ed984d6f78af1fec997>@@AAV<lambda_22ebabd17bc4fa466a2aca6d8deb888d>@@$$QAV<lambda_18ed0c0b38a6dc0daf1e7ac6d6adf05e>@@@Z 10026ac8     libucrt:onexit.obj
 0002:00007ae8       __sehtable$??$?RV<lambda_69a2805e680e0e292e8ba93315fe43a8>@@AAV<lambda_f03950bc5685219e0bcd2087efbe011e>@@V<lambda_03fcd07e894ec930e3f35da366ca99d6>@@@?$__crt_seh_guarded_call@H@@QAEH$$QAV<lambda_69a2805e680e0e292e8ba93315fe43a8>@@AAV<lambda_f03950bc5685219e0bcd2087efbe011e>@@$$QAV<lambda_03fcd07e894ec930e3f35da366ca99d6>@@@Z 10026ae8     libucrt:onexit.obj
 0002:00007b08       __sehtable$__query_new_handler 10026b08     libucrt:new_handler.obj
 0002:00007b28       __sehtable$_terminate      10026b28     libucrt:terminate.obj
 0002:00007b48       __sehtable$??$?RV<lambda_15ade71b0218206bbe3333a0c9b79046>@@AAV<lambda_da44e0f8b0f19ba52fefafb335991732>@@V<lambda_207f2d024fc103971653565357d6cd41>@@@?$__crt_seh_guarded_call@X@@QAEX$$QAV<lambda_15ade71b0218206bbe3333a0c9b79046>@@AAV<lambda_da44e0f8b0f19ba52fefafb335991732>@@$$QAV<lambda_207f2d024fc103971653565357d6cd41>@@@Z 10026b48     libucrt:per_thread_data.obj
 0002:00007b68       __sehtable$??$?RV<lambda_a7e850c220f1c8d1e6efeecdedd162c6>@@AAV<lambda_46720907175c18b6c9d2717bc0d2d362>@@V<lambda_9048902d66e8d99359bc9897bbb930a8>@@@?$__crt_seh_guarded_call@X@@QAEX$$QAV<lambda_a7e850c220f1c8d1e6efeecdedd162c6>@@AAV<lambda_46720907175c18b6c9d2717bc0d2d362>@@$$QAV<lambda_9048902d66e8d99359bc9897bbb930a8>@@@Z 10026b68     libucrt:per_thread_data.obj
 0002:00007b88       __sehtable$??$?RV<lambda_38edbb1296d33220d7e4dd0ed76b244a>@@AAV<lambda_5ce1d447e08cb34b2473517608e21441>@@V<lambda_fb385d3da700c9147fc39e65dd577a8c>@@@?$__crt_seh_guarded_call@X@@QAEX$$QAV<lambda_38edbb1296d33220d7e4dd0ed76b244a>@@AAV<lambda_5ce1d447e08cb34b2473517608e21441>@@$$QAV<lambda_fb385d3da700c9147fc39e65dd577a8c>@@@Z 10026b88     libucrt:per_thread_data.obj
 0002:00007ba8       __sehtable$??$?RV<lambda_6affb1475c98b40b75cdec977db92e3c>@@AAV<lambda_b8d4b9c228a6ecc3f80208dbb4b4a104>@@V<lambda_608742c3c92a14382c1684fc64f96c88>@@@?$__crt_seh_guarded_call@X@@QAEX$$QAV<lambda_6affb1475c98b40b75cdec977db92e3c>@@AAV<lambda_b8d4b9c228a6ecc3f80208dbb4b4a104>@@$$QAV<lambda_608742c3c92a14382c1684fc64f96c88>@@@Z 10026ba8     libucrt:per_thread_data.obj
 0002:00007bc8       __sehtable$??$?RV<lambda_e5124f882df8998aaf41531e079ba474>@@AAV<lambda_3e16ef9562a7dcce91392c22ab16ea36>@@V<lambda_e25ca0880e6ef98be67edffd8c599615>@@@?$__crt_seh_guarded_call@X@@QAEX$$QAV<lambda_e5124f882df8998aaf41531e079ba474>@@AAV<lambda_3e16ef9562a7dcce91392c22ab16ea36>@@$$QAV<lambda_e25ca0880e6ef98be67edffd8c599615>@@@Z 10026bc8     libucrt:wsetlocale.obj
 0002:00007be8       __sehtable$___acrt_initialize_lowio 10026be8     libucrt:ioinit.obj
 0002:00007c08       __sehtable$?update_thread_multibyte_data_internal@@YAPAU__crt_multibyte_data@@QAU__acrt_ptd@@QAPAU1@@Z 10026c08     libucrt:mbctype.obj
 0002:00007c28       __sehtable$??$?RV<lambda_ceb1ee4838e85a9d631eb091e2fbe199>@@AAV<lambda_ae742caa10f662c28703da3d2ea5e57e>@@V<lambda_cd08b5d6af4937fe54fc07d0c9bf6b37>@@@?$__crt_seh_guarded_call@X@@QAEX$$QAV<lambda_ceb1ee4838e85a9d631eb091e2fbe199>@@AAV<lambda_ae742caa10f662c28703da3d2ea5e57e>@@$$QAV<lambda_cd08b5d6af4937fe54fc07d0c9bf6b37>@@@Z 10026c28     libucrt:mbctype.obj
 0002:00007c48       __sehtable$_raise          10026c48     libucrt:signal.obj
 0002:00007c68       __sehtable$??$?RV<lambda_cbab9ec6f41b0180b23cc171c22676b0>@@AAV<lambda_44731a7d0e6d81c3e6aa82d741081786>@@V<lambda_4b292cb8dd18144e164572427af410ab>@@@?$__crt_seh_guarded_call@P6AXH@Z@@QAEP6AXH@Z$$QAV<lambda_cbab9ec6f41b0180b23cc171c22676b0>@@AAV<lambda_44731a7d0e6d81c3e6aa82d741081786>@@$$QAV<lambda_4b292cb8dd18144e164572427af410ab>@@@Z 10026c68     libucrt:signal.obj
 0002:00007c88       __sehtable$??$?RV<lambda_2866be3712abc81a800a822484c830d8>@@AAV<lambda_39ca0ed439415581b5b15c265174cece>@@V<lambda_2b24c74d71094a6cd0cb82e44167d71b>@@@?$__crt_seh_guarded_call@X@@QAEX$$QAV<lambda_2866be3712abc81a800a822484c830d8>@@AAV<lambda_39ca0ed439415581b5b15c265174cece>@@$$QAV<lambda_2b24c74d71094a6cd0cb82e44167d71b>@@@Z 10026c88     libucrt:fflush.obj
 0002:00007ca8       __sehtable$??$?RV<lambda_2cc53f568c5a2bb6f192f930a45d44ea>@@AAV<lambda_ab61a845afdef5b7c387490eaf3616ee>@@V<lambda_c2ffc0b7726aa6be21d5f0026187e748>@@@?$__crt_seh_guarded_call@X@@QAEX$$QAV<lambda_2cc53f568c5a2bb6f192f930a45d44ea>@@AAV<lambda_ab61a845afdef5b7c387490eaf3616ee>@@$$QAV<lambda_c2ffc0b7726aa6be21d5f0026187e748>@@@Z 10026ca8     libucrt:fflush.obj
 0002:00007cc8       __sehtable$___acrt_update_thread_locale_data 10026cc8     libucrt:locale_refcounting.obj
 0002:00007ce8       __sehtable$__fcloseall     10026ce8     libucrt:closeall.obj
 0002:00007d08       __sehtable$___acrt_lowio_ensure_fh_exists 10026d08     libucrt:osfinfo.obj
 0002:00007d28       __sehtable$??$?RV<lambda_9e9de3de5fa147e2223d7db92bc10aa6>@@AAV<lambda_38ce7e780aa69e748d6df282ebc68efe>@@V<lambda_8ca6da459f0f6780f1cff60fdc3d00e5>@@@?$__crt_seh_guarded_call@H@@QAEH$$QAV<lambda_9e9de3de5fa147e2223d7db92bc10aa6>@@AAV<lambda_38ce7e780aa69e748d6df282ebc68efe>@@$$QAV<lambda_8ca6da459f0f6780f1cff60fdc3d00e5>@@@Z 10026d28     libucrt:commit.obj
 0002:00007d48       __sehtable$__write         10026d48     libucrt:write.obj
 0002:00007d68       __sehtable$_fclose         10026d68     libucrt:fclose.obj
 0002:00007d88       __sehtable$??$?RV<lambda_218ce3db14220d0be481dae8ef3383b6>@@AAV<lambda_628dfdc04ba53c8bfc02c9951375f3f5>@@V<lambda_57dc472bd5c9d5f3b2cbca59b8a843ae>@@@?$__crt_seh_guarded_call@H@@QAEH$$QAV<lambda_218ce3db14220d0be481dae8ef3383b6>@@AAV<lambda_628dfdc04ba53c8bfc02c9951375f3f5>@@$$QAV<lambda_57dc472bd5c9d5f3b2cbca59b8a843ae>@@@Z 10026d88     libucrt:close.obj
 0002:00007da8       __sehtable$__IsNonwritableInCurrentImage 10026da8     LIBCMT:pesect.obj
 0002:00007dd0       .edata                     10026dd0     OPOSCAT.exp
 0002:00007df8       rgpv                       10026df8     OPOSCAT.exp
 0002:00007e08       rgszName                   10026e08     OPOSCAT.exp
 0002:00007e18       rgwOrd                     10026e18     OPOSCAT.exp
 0002:00007e20       szName                     10026e20     OPOSCAT.exp
 0002:00007e2c       $N00001                    10026e2c     OPOSCAT.exp
 0002:00007e3c       $N00002                    10026e3c     OPOSCAT.exp
 0002:00007e4e       $N00003                    10026e4e     OPOSCAT.exp
 0002:00007e60       $N00004                    10026e60     OPOSCAT.exp
 0002:0000846e       .idata$6                   1002746e     kernel32:KERNEL32.dll
 0002:00008682       .idata$6                   10027682     user32:USER32.dll
 0002:000087b6       .idata$6                   100277b6     gdi32:GDI32.dll
 0002:0000885c       .idata$6                   1002785c     advapi32:ADVAPI32.dll
 0002:00008978       .idata$6                   10027978     ole32:ole32.dll
 0002:00008982       .idata$6                   10027982     oleaut32:OLEAUT32.dll
 0003:00000110       ?ObjectMap@@3PAU_ATL_OBJMAP_ENTRY30@ATL@@A 10028110     CAT.obj
 0003:000001a8       ?s_SOMethodNames@@3PAPADA  100281a8     CATImpl.obj
 0003:00000224       ?s_RequiredMethodsPerRelease@@3PAHA 10028224     CATImpl.obj
 0003:00000260       ?__vcrt_flsindex@@3KA      10028260     libvcruntime:per_thread_data.obj
 0003:00000280       ?errno_no_memory@@3HA      10028280     libucrt:errno.obj
 0003:00000284       ?doserrno_no_memory@@3KA   10028284     libucrt:errno.obj
 0003:00000290       ?__acrt_flsindex@@3KA      10028290     libucrt:per_thread_data.obj
 0003:00000628       __mbctypes                 10028628     libucrt:mbctype.obj
 0003:00000730       __mbcasemaps               10028730     libucrt:mbctype.obj
 0003:00000830       ?__rgctypeflag@@3PADA      10028830     libucrt:mbctype.obj
 0003:00000838       ?__rgcode_page_info@@3PAUcode_page_info@@A 10028838     libucrt:mbctype.obj
 0003:00000a90       ?__dcrt_lowio_console_output_handle@@3PAXA 10028a90     libucrt:initcon.obj
 0003:00000c28       ?is_initialized_as_dll@@3_NA 10028c28     LIBCMT:utility.obj
 0003:00000c29       ?module_local_atexit_table_initialized@@3_NA 10028c29     LIBCMT:utility.obj
 0003:00000c2c       ?module_local_atexit_table@@3U_onexit_table_t@@A 10028c2c     LIBCMT:utility.obj
 0003:00000c38       ?module_local_at_quick_exit_table@@3U_onexit_table_t@@A 10028c38     LIBCMT:utility.obj
 0003:00000c44       ?g_tss_cv@@3U_RTL_CONDITION_VARIABLE@@A 10028c44     LIBCMT:thread_safe_statics.obj
 0003:00000c48       ?g_tss_event@@3PAXA        10028c48     LIBCMT:thread_safe_statics.obj
 0003:00000c4c       ?g_tss_mutex@@3U_RTL_CRITICAL_SECTION@@A 10028c4c     LIBCMT:thread_safe_statics.obj
 0003:00000c64       ?g_sleep_condition_variable_cs@@3P6GHPAU_RTL_CONDITION_VARIABLE@@PAU_RTL_CRITICAL_SECTION@@K@ZA 10028c64     LIBCMT:thread_safe_statics.obj
 0003:00000c68       ?g_wake_all_condition_variable@@3P6GXPAU_RTL_CONDITION_VARIABLE@@@ZA 10028c68     LIBCMT:thread_safe_statics.obj
 0003:00000c70       _GS_ExceptionRecord        10028c70     LIBCMT:gs_report.obj
 0003:00000cc0       _GS_ContextRecord          10028cc0     LIBCMT:gs_report.obj
 0003:00000f90       ?__proc_attached@@3HA      10028f90     LIBCMT:dll_dllmain.obj
 0003:00000fec       ?AllocateData@@3P6GPAUAtlThunkData_t@@XZA 10028fec     atls:atlthunk.obj
 0003:00000ff0       ?InitData@@3P6GXPAUAtlThunkData_t@@PAXI@ZA 10028ff0     atls:atlthunk.obj
 0003:00000ff4       ?DataToCode@@3P6GP6GJPAUHWND__@@IIJ@ZPAUAtlThunkData_t@@@ZA 10028ff4     atls:atlthunk.obj
 0003:00000ff8       ?FreeData@@3P6GXPAUAtlThunkData_t@@@ZA 10028ff8     atls:atlthunk.obj
 0003:00000ffc       ?Initialized@@3_NA         10028ffc     atls:atlthunk.obj
 0003:00001008       ?__vcrt_startup_thread_ptd@@3U__vcrt_ptd@@A 10029008     libvcruntime:per_thread_data.obj
 0003:00001030       ___vcrt_lock_table         10029030     libvcruntime:locks.obj
 0003:00001048       ___vcrt_locks_initialized  10029048     libvcruntime:locks.obj
 0003:00001074       ?heap@@3V_HeapManager@@A   10029074     libvcruntime:undname.obj
 0003:00001088       ?module_handles@@3PAPAUHINSTANCE__@@A 10029088     libvcruntime:winapi_downlevel.obj
 0003:00001094       ?function_pointers@@3PAPAXA 10029094     libvcruntime:winapi_downlevel.obj
 0003:000010ac       ?__acrt_invalid_parameter_handler@@3V?$dual_state_global@P6AXPB_W00II@Z@__crt_state_management@@A 100290ac     libucrt:invalid_parameter.obj
 0003:000010b0       ?c_termination_complete@@3JA 100290b0     libucrt:exit.obj
 0003:000010b4       ?thread_local_exit_callback_func@@3P6GXPAXK0@ZA 100290b4     libucrt:exit.obj
 0003:000010c0       ?program_name@?1???$common_configure_argv@D@@YAHW4_crt_argv_mode@@@Z@4PADA 100290c0     libucrt:argv_parsing.obj
 0003:000011f0       ?__acrt_new_handler@@3V?$dual_state_global@P6AHI@Z@__crt_state_management@@A 100291f0     libucrt:new_handler.obj
 0003:000011f8       ?module_handles@@3PAPAUHINSTANCE__@@A 100291f8     libucrt:winapi_thunks.obj
 0003:00001248       ?encoded_function_pointers@@3PAPAXA 10029248     libucrt:winapi_thunks.obj
 0003:000012d0       ?internal_state@?1??_mbtowc_l@@9@4U_Mbstatet@@A 100292d0     libucrt:mbtowc.obj
 0003:000012e0       ?enable_percent_n@@3IA     100292e0     libucrt:printf_count_output.obj
 0003:00001500       ?__acrt_lock_table@@3PAU_RTL_CRITICAL_SECTION@@A 10029500     libucrt:locks.obj
 0003:00001650       ?__acrt_locks_initialized@@3IA 10029650     libucrt:locks.obj
 0003:00001660       ?fSystemSet@@3HA           10029660     libucrt:mbctype.obj
 0003:00001664       ?initialized@?1??__acrt_initialize_multibyte@@9@4_NA 10029664     libucrt:mbctype.obj
 0003:00001684       ?ctrlc_action@@3V?$dual_state_global@P6AXH@Z@__crt_state_management@@A 10029684     libucrt:signal.obj
 0003:00001688       ?ctrlbreak_action@@3V?$dual_state_global@P6AXH@Z@__crt_state_management@@A 10029688     libucrt:signal.obj
 0003:0000168c       ?abort_action@@3V?$dual_state_global@P6AXH@Z@__crt_state_management@@A 1002968c     libucrt:signal.obj
 0003:00001690       ?term_action@@3V?$dual_state_global@P6AXH@Z@__crt_state_management@@A 10029690     libucrt:signal.obj
 0003:00001694       ?user_matherr@@3V?$dual_state_global@P6AHPAU_exception@@@Z@__crt_state_management@@A 10029694     libucrt:matherr.obj
 0003:00001698       ?__acrt_global_new_mode@@3V?$dual_state_global@J@__crt_state_management@@A 10029698     libucrt:new_mode.obj
 0003:000016a4       ?internal_pst@?1??__mbrtoc32_utf8@__crt_mbstring@@YAIPA_UPBDIPAU_Mbstatet@@@Z@4U3@A 100296a4     libucrt:mbrtoc32.obj
 0003:000016ac       ?__acrt_app_type@@3W4_crt_app_type@@A 100296ac     libucrt:report_runtime_error.obj
 0003:000016b4       __pmatherr_set             100296b4     libucrt:libm_error.obj
 0004:00000220       $R000000                   1002a220     CAT.res
 0004:00000b68       $R000948                   1002ab68     CAT.res
 0004:00000c50       $R000A30                   1002ac50     CAT.res
 0004:00000eb8       $R000C98                   1002aeb8     CAT.res
 0004:000013a8       $R001188                   1002b3a8     CAT.res
 0004:000051d0       $R004FB0                   1002f1d0     CAT.res
 0004:000051f8       $R004FD8                   1002f1f8     CAT.res
