 OPOSFiscalPrinter

 Timestamp is 5ed4580e (Mon Jun  1 10:21:18 2020)

 Preferred load address is 10000000

 Start         Length     Name                   Class
 0001:00000000 00000080H .text$di                CODE
 0001:00000080 00020753H .text$mn                CODE
 0001:000207d3 00000036H .text$x                 CODE
 0001:00020809 00000042H .text$yd                CODE
 0002:00000000 000002fcH .idata$5                DATA
 0002:000002fc 00000004H .00cfg                  DATA
 0002:00000300 00000004H .CRT$XCA                DATA
 0002:00000304 00000004H .CRT$XCL                DATA
 0002:00000308 00000010H .CRT$XCU                DATA
 0002:00000318 00000004H .CRT$XCZ                DATA
 0002:0000031c 00000004H .CRT$XIA                DATA
 0002:00000320 00000010H .CRT$XIC                DATA
 0002:00000330 00000004H .CRT$XIZ                DATA
 0002:00000334 00000004H .CRT$XLA                DATA
 0002:00000338 00000004H .CRT$XLZ                DATA
 0002:0000033c 00000004H .CRT$XPA                DATA
 0002:00000340 00000008H .CRT$XPX                DATA
 0002:00000348 00000004H .CRT$XPXA               DATA
 0002:0000034c 00000004H .CRT$XPZ                DATA
 0002:00000350 00000004H .CRT$XTA                DATA
 0002:00000354 0000000cH .CRT$XTZ                DATA
 0002:00000358 00000000H .gfids$y                DATA
 0002:00000360 00007bf8H .rdata                  DATA
 0002:00007f58 00000018H .rdata$T                DATA
 0002:00007f70 00000178H .rdata$r                DATA
 0002:000080e8 0000001cH .rdata$sxdata           DATA
 0002:00008104 000003e0H .rdata$zzzdbg           DATA
 0002:000084e4 00000004H .rtc$IAA                DATA
 0002:000084e8 00000004H .rtc$IZZ                DATA
 0002:000084ec 00000004H .rtc$TAA                DATA
 0002:000084f0 00000004H .rtc$TZZ                DATA
 0002:000084f4 00000004H .tls                    DATA
 0002:000084f8 00000004H .tls$                   DATA
 0002:000084fc 00000004H .tls$ZZZ                DATA
 0002:00008500 0000062cH .xdata$x                DATA
 0002:00008b2c 00000004H ATL$__a                 DATA
 0002:00008b30 00000010H ATL$__z                 DATA
 0002:00008b40 000000b0H .edata                  DATA
 0002:00008bf0 00000078H .idata$2                DATA
 0002:00008c68 00000014H .idata$3                DATA
 0002:00008c7c 000002fcH .idata$4                DATA
 0002:00008f78 00000bceH .idata$6                DATA
 0003:00000000 00000bb0H .data                   DATA
 0003:00000bb0 00000098H .data$r                 DATA
 0003:00000c48 00000b80H .bss                    DATA
 0004:00000000 00000220H .rsrc$01                DATA
 0004:00000220 00009878H .rsrc$02                DATA

  Address         Publics by Value              Rva+Base       Lib:Object

 0000:00000000       ___guard_eh_cont_count     00000000     <absolute>
 0000:00000000       ___x64_code_ranges_to_entry_points 00000000     <absolute>
 0000:00000000       ___guard_fids_count        00000000     <absolute>
 0000:00000000       ___guard_longjmp_table     00000000     <absolute>
 0000:00000000       ___hybrid_code_map_count   00000000     <absolute>
 0000:00000000       ___guard_iat_count         00000000     <absolute>
 0000:00000000       ___arm64x_native_entrypoint 00000000     <absolute>
 0000:00000000       ___hybrid_auxiliary_iat    00000000     <absolute>
 0000:00000000       ___volatile_metadata       00000000     <absolute>
 0000:00000000       ___dynamic_value_reloc_table 00000000     <absolute>
 0000:00000000       ___guard_longjmp_count     00000000     <absolute>
 0000:00000000       ___guard_fids_table        00000000     <absolute>
 0000:00000000       ___arm64x_redirection_metadata 00000000     <absolute>
 0000:00000000       ___AbsoluteZero            00000000     <absolute>
 0000:00000000       ___guard_iat_table         00000000     <absolute>
 0000:00000000       __except_list              00000000     <absolute>
 0000:00000000       ___enclave_config          00000000     <absolute>
 0000:00000000       ___guard_eh_cont_table     00000000     <absolute>
 0000:00000000       ___hybrid_code_map         00000000     <absolute>
 0000:00000007       ___safe_se_handler_count   00000007     <absolute>
 0000:0000002c       __tls_array                0000002c     <absolute>
 0000:00000100       ___guard_flags             00000100     <absolute>
 0000:00000000       ___ImageBase               10000000     <linker-defined>
 0001:00000080       ?DupWide@_CW@@AAEXXZ       10001080 f   CWString.obj
 0001:0000009c       ?cw_dup@@YGXPBDAAHAAPA_W1@Z 1000109c f   CWString.obj
 0001:00000124       ?cw_memcpy@@YGHPA_WPBDH@Z  10001124 f   CWString.obj
 0001:00000150       ?cw_strcpy@@YAHPA_WPBD@Z   10001150 f   CWString.obj
 0001:00000163       ?cw_strlen@@YAHPBD@Z       10001163 f   CWString.obj
 0001:0000017c       ??0CAtlComModule@ATL@@QAE@XZ 1000117c f i OposVariant.obj
 0001:000001c1       ??0CAtlWinModule@ATL@@QAE@XZ 100011c1 f i OposVariant.obj
 0001:000001f8       ??0OposDispParms@@QAE@PAVOposVariant@@H@Z 100011f8 f   OposVariant.obj
 0001:00000269       ??1OposDispParms@@QAE@XZ   10001269 f   OposVariant.obj
 0001:00000277       ??A?$CSimpleArray@GV?$CSimpleArrayEqualHelper@G@ATL@@@ATL@@QAEAAGH@Z 10001277 f i OposVariant.obj
 0001:0000029c       ??_Estringdispid@CComTypeInfoHolder@ATL@@QAEPAXI@Z 1000129c f i OposVariant.obj
 0001:00000308       ?AtlWinModuleInit@ATL@@YGJPAU_ATL_WIN_MODULE70@1@@Z 10001308 f i OposVariant.obj
 0001:0000032e       ?AtlWinModuleTerm@ATL@@YGJPAU_ATL_WIN_MODULE70@1@PAUHINSTANCE__@@@Z 1000132e f i OposVariant.obj
 0001:00000391       ?ChangeBSTR@OposVariant@@QAEXPAPA_WAAJ@Z 10001391 f   OposVariant.obj
 0001:000003d2       ?ChangeLONG@OposVariant@@QAEXPAJAAJ@Z 100013d2 f   OposVariant.obj
 0001:00000413       ?GetLONG@OposVariant@@QAEJXZ 10001413 f   OposVariant.obj
 0001:0000042e       ?Init@CComCriticalSection@ATL@@QAEJXZ 1000142e f i OposVariant.obj
 0001:00000456       ?RemoveAll@?$CSimpleArray@PAUHINSTANCE__@@V?$CSimpleArrayEqualHelper@PAUHINSTANCE__@@@ATL@@@ATL@@QAEXXZ 10001456 f i atls:atlbase.obj
 0001:00000456       ?RemoveAll@?$CSimpleArray@GV?$CSimpleArrayEqualHelper@G@ATL@@@ATL@@QAEXXZ 10001456 f i OposVariant.obj
 0001:00000473       ?SetBSTR@OposVariant@@QAEXPA_WAAJ@Z 10001473 f   OposVariant.obj
 0001:000004a7       ?SetBSTR_Copy@OposVariant@@QAEXPA_WAAJ@Z 100014a7 f   OposVariant.obj
 0001:000004f7       ?SetBSTR_InOutPtr@OposVariant@@QAE_NPAPA_WAAJ@Z 100014f7 f   OposVariant.obj
 0001:0000052e       ?SetBSTR_OutPtr@OposVariant@@QAE_NPAPA_WAAJ@Z 1000152e f   OposVariant.obj
 0001:0000054a       ?SetCURRENCY@OposVariant@@QAEXTtagCY@@@Z 1000154a f   OposVariant.obj
 0001:00000572       ?SetDispatch_Ptr@OposVariant@@QAEXPAUIDispatch@@AAJ@Z 10001572 f   OposVariant.obj
 0001:000005ad       ?SetLONG@OposVariant@@QAEXJ@Z 100015ad f   OposVariant.obj
 0001:000005cf       ?SetLONG_Ptr@OposVariant@@QAEXPAJAAJ@Z 100015cf f   OposVariant.obj
 0001:00000602       ?SetString@OposVariant@@QAEXPB_WAAJ@Z 10001602 f   OposVariant.obj
 0001:00000648       ?SetVARIANT_BOOL@OposVariant@@QAEXF@Z 10001648 f   OposVariant.obj
 0001:00000672       ?Term@CAtlComModule@ATL@@QAEXXZ 10001672 f i OposVariant.obj
 0001:000006bc       ?_AtlRaiseException@ATL@@YAXKK@Z 100016bc f i OposVariant.obj
 0001:000006d1       ?CreateInstance@CComClassFactory@ATL@@UAGJPAUIUnknown@@ABU_GUID@@PAPAX@Z 100016d1 f i FiscalPrinter.obj
 0001:0000070f       ?LockServer@CComClassFactory@ATL@@UAGJH@Z 1000170f f i FiscalPrinter.obj
 0001:0000072e       ??_GCComClassFactory@ATL@@UAEPAXI@Z 1000172e f i FiscalPrinter.obj
 0001:0000072e       ??_ECComClassFactory@ATL@@UAEPAXI@Z 1000172e f i FiscalPrinter.obj
 0001:00000759       ?Next@?$CComEnumImpl@UIEnumConnections@@$1?_GUID_b196b287_bab4_101a_b69c_00aa00341d07@@3U__s_GUID@@BUtagCONNECTDATA@@V?$_Copy@UtagCONNECTDATA@@@ATL@@@ATL@@UAGJKPAUtagCONNECTDATA@@PAK@Z 10001759 f i FiscalPrinter.obj
 0001:00000830       ?Skip@?$CComEnumImpl@UIEnumConnections@@$1?_GUID_b196b287_bab4_101a_b69c_00aa00341d07@@3U__s_GUID@@BUtagCONNECTDATA@@V?$_Copy@UtagCONNECTDATA@@@ATL@@@ATL@@UAGJK@Z 10001830 f i FiscalPrinter.obj
 0001:0000085d       ?Reset@?$CComEnumImpl@UIEnumConnections@@$1?_GUID_b196b287_bab4_101a_b69c_00aa00341d07@@3U__s_GUID@@BUtagCONNECTDATA@@V?$_Copy@UtagCONNECTDATA@@@ATL@@@ATL@@UAGJXZ 1000185d f i FiscalPrinter.obj
 0001:0000085d       ?Reset@?$CComEnumImpl@UIEnumConnectionPoints@@$1?_GUID_b196b285_bab4_101a_b69c_00aa00341d07@@3U__s_GUID@@BPAUIConnectionPoint@@V?$_CopyInterface@UIConnectionPoint@@@ATL@@@ATL@@UAGJXZ 1000185d f i FiscalPrinter.obj
 0001:0000086f       ?Clone@?$CComEnumImpl@UIEnumConnections@@$1?_GUID_b196b287_bab4_101a_b69c_00aa00341d07@@3U__s_GUID@@BUtagCONNECTDATA@@V?$_Copy@UtagCONNECTDATA@@@ATL@@@ATL@@UAGJPAPAUIEnumConnections@@@Z 1000186f f i FiscalPrinter.obj
 0001:00000950       ?AddRef@?$CComObject@V?$CComEnum@UIEnumConnections@@$1?_GUID_b196b287_bab4_101a_b69c_00aa00341d07@@3U__s_GUID@@BUtagCONNECTDATA@@V?$_Copy@UtagCONNECTDATA@@@ATL@@VCComSingleThreadModel@6@@ATL@@@ATL@@UAGKXZ 10001950 f i FiscalPrinter.obj
 0001:00000950       ?AddRef@?$CComObject@V?$CComEnum@UIEnumConnectionPoints@@$1?_GUID_b196b285_bab4_101a_b69c_00aa00341d07@@3U__s_GUID@@BPAUIConnectionPoint@@V?$_CopyInterface@UIConnectionPoint@@@ATL@@VCComSingleThreadModel@6@@ATL@@@ATL@@UAGKXZ 10001950 f i FiscalPrinter.obj
 0001:00000961       ?Release@?$CComObject@V?$CComEnum@UIEnumConnections@@$1?_GUID_b196b287_bab4_101a_b69c_00aa00341d07@@3U__s_GUID@@BUtagCONNECTDATA@@V?$_Copy@UtagCONNECTDATA@@@ATL@@VCComSingleThreadModel@6@@ATL@@@ATL@@UAGKXZ 10001961 f i FiscalPrinter.obj
 0001:00000961       ?Release@?$CComObject@V?$CComEnum@UIEnumConnectionPoints@@$1?_GUID_b196b285_bab4_101a_b69c_00aa00341d07@@3U__s_GUID@@BPAUIConnectionPoint@@V?$_CopyInterface@UIConnectionPoint@@@ATL@@VCComSingleThreadModel@6@@ATL@@@ATL@@UAGKXZ 10001961 f i FiscalPrinter.obj
 0001:0000099d       ?QueryInterface@?$CComObject@V?$CComEnum@UIEnumConnections@@$1?_GUID_b196b287_bab4_101a_b69c_00aa00341d07@@3U__s_GUID@@BUtagCONNECTDATA@@V?$_Copy@UtagCONNECTDATA@@@ATL@@VCComSingleThreadModel@6@@ATL@@@ATL@@UAGJABU_GUID@@PAPAX@Z 1000199d f i FiscalPrinter.obj
 0001:000009b7       ??_E?$CComObject@V?$CComEnum@UIEnumConnections@@$1?_GUID_b196b287_bab4_101a_b69c_00aa00341d07@@3U__s_GUID@@BUtagCONNECTDATA@@V?$_Copy@UtagCONNECTDATA@@@ATL@@VCComSingleThreadModel@6@@ATL@@@ATL@@UAEPAXI@Z 100019b7 f i FiscalPrinter.obj
 0001:000009b7       ??_G?$CComObject@V?$CComEnum@UIEnumConnections@@$1?_GUID_b196b287_bab4_101a_b69c_00aa00341d07@@3U__s_GUID@@BUtagCONNECTDATA@@V?$_Copy@UtagCONNECTDATA@@@ATL@@VCComSingleThreadModel@6@@ATL@@@ATL@@UAEPAXI@Z 100019b7 f i FiscalPrinter.obj
 0001:000009d9       ?GetWindowProc@?$CWindowImplBaseT@VCWindow@ATL@@V?$CWinTraits@$0FGAAAAAA@$0A@@2@@ATL@@UAEP6GJPAUHWND__@@IIJ@ZXZ 100019d9 f i FiscalPrinter.obj
 0001:000009df       ?StartWindowProc@?$CWindowImplBaseT@VCWindow@ATL@@V?$CWinTraits@$0FGAAAAAA@$0A@@2@@ATL@@SGJPAUHWND__@@IIJ@Z 100019df f i FiscalPrinter.obj
 0001:00000a33       ?OnFinalMessage@?$CWindowImplBaseT@VCWindow@ATL@@V?$CWinTraits@$0FGAAAAAA@$0A@@2@@ATL@@UAEXPAUHWND__@@@Z 10001a33 f i FiscalPrinter.obj
 0001:00000a33       ?ObjectMain@CComObjectRootBase@ATL@@SGX_N@Z 10001a33 f i FiscalPrinter.obj
 0001:00000a36       ??_E?$CComObject@VCOPOSFiscalPrinter@@@ATL@@W3AEPAXI@Z 10001a36 f i FiscalPrinter.obj
 0001:00000a3e       ??_E?$CComObject@VCOPOSFiscalPrinter@@@ATL@@WEM@AEPAXI@Z 10001a3e f i FiscalPrinter.obj
 0001:00000a46       ?QueryInterface@?$CComObject@VCOPOSFiscalPrinter@@@ATL@@WHA@AGJABU_GUID@@PAPAX@Z 10001a46 f i FiscalPrinter.obj
 0001:00000a50       ?AddRef@?$CComObject@VCOPOSFiscalPrinter@@@ATL@@WHA@AGKXZ 10001a50 f i FiscalPrinter.obj
 0001:00000a5a       ?Release@?$CComObject@VCOPOSFiscalPrinter@@@ATL@@WHA@AGKXZ 10001a5a f i FiscalPrinter.obj
 0001:00000a64       ?QueryInterface@?$CComObject@VCOPOSFiscalPrinter@@@ATL@@WHE@AGJABU_GUID@@PAPAX@Z 10001a64 f i FiscalPrinter.obj
 0001:00000a6e       ?AddRef@?$CComObject@VCOPOSFiscalPrinter@@@ATL@@WHE@AGKXZ 10001a6e f i FiscalPrinter.obj
 0001:00000a78       ?Release@?$CComObject@VCOPOSFiscalPrinter@@@ATL@@WHE@AGKXZ 10001a78 f i FiscalPrinter.obj
 0001:00000a82       ?QueryInterface@?$CComObject@VCOPOSFiscalPrinter@@@ATL@@WHI@AGJABU_GUID@@PAPAX@Z 10001a82 f i FiscalPrinter.obj
 0001:00000a8c       ?AddRef@?$CComObject@VCOPOSFiscalPrinter@@@ATL@@WHI@AGKXZ 10001a8c f i FiscalPrinter.obj
 0001:00000a96       ?Release@?$CComObject@VCOPOSFiscalPrinter@@@ATL@@WHI@AGKXZ 10001a96 f i FiscalPrinter.obj
 0001:00000aa0       ?QueryInterface@?$CComObject@VCOPOSFiscalPrinter@@@ATL@@WHM@AGJABU_GUID@@PAPAX@Z 10001aa0 f i FiscalPrinter.obj
 0001:00000aaa       ?AddRef@?$CComObject@VCOPOSFiscalPrinter@@@ATL@@WHM@AGKXZ 10001aaa f i FiscalPrinter.obj
 0001:00000ab4       ?Release@?$CComObject@VCOPOSFiscalPrinter@@@ATL@@WHM@AGKXZ 10001ab4 f i FiscalPrinter.obj
 0001:00000abe       ?QueryInterface@?$CComObject@VCOPOSFiscalPrinter@@@ATL@@WIA@AGJABU_GUID@@PAPAX@Z 10001abe f i FiscalPrinter.obj
 0001:00000acb       ?AddRef@?$CComObject@VCOPOSFiscalPrinter@@@ATL@@WIA@AGKXZ 10001acb f i FiscalPrinter.obj
 0001:00000ad8       ?Release@?$CComObject@VCOPOSFiscalPrinter@@@ATL@@WIA@AGKXZ 10001ad8 f i FiscalPrinter.obj
 0001:00000ae5       ?QueryInterface@?$CComObject@VCOPOSFiscalPrinter@@@ATL@@WIE@AGJABU_GUID@@PAPAX@Z 10001ae5 f i FiscalPrinter.obj
 0001:00000af2       ?AddRef@?$CComObject@VCOPOSFiscalPrinter@@@ATL@@WIE@AGKXZ 10001af2 f i FiscalPrinter.obj
 0001:00000aff       ?Release@?$CComObject@VCOPOSFiscalPrinter@@@ATL@@WIE@AGKXZ 10001aff f i FiscalPrinter.obj
 0001:00000b0c       ?QueryInterface@?$CComObject@VCOPOSFiscalPrinter@@@ATL@@WII@AGJABU_GUID@@PAPAX@Z 10001b0c f i FiscalPrinter.obj
 0001:00000b19       ?AddRef@?$CComObject@VCOPOSFiscalPrinter@@@ATL@@WII@AGKXZ 10001b19 f i FiscalPrinter.obj
 0001:00000b26       ?Release@?$CComObject@VCOPOSFiscalPrinter@@@ATL@@WII@AGKXZ 10001b26 f i FiscalPrinter.obj
 0001:00000b33       ?QueryInterface@?$CComObject@VCOPOSFiscalPrinter@@@ATL@@WIM@AGJABU_GUID@@PAPAX@Z 10001b33 f i FiscalPrinter.obj
 0001:00000b40       ?AddRef@?$CComObject@VCOPOSFiscalPrinter@@@ATL@@WIM@AGKXZ 10001b40 f i FiscalPrinter.obj
 0001:00000b4d       ?Release@?$CComObject@VCOPOSFiscalPrinter@@@ATL@@WIM@AGKXZ 10001b4d f i FiscalPrinter.obj
 0001:00000b5a       ?QueryInterface@?$CComObject@VCOPOSFiscalPrinter@@@ATL@@WJA@AGJABU_GUID@@PAPAX@Z 10001b5a f i FiscalPrinter.obj
 0001:00000b67       ?AddRef@?$CComObject@VCOPOSFiscalPrinter@@@ATL@@WJA@AGKXZ 10001b67 f i FiscalPrinter.obj
 0001:00000b74       ?Release@?$CComObject@VCOPOSFiscalPrinter@@@ATL@@WJA@AGKXZ 10001b74 f i FiscalPrinter.obj
 0001:00000b81       ?QueryInterface@?$CComObject@VCOPOSFiscalPrinter@@@ATL@@WJE@AGJABU_GUID@@PAPAX@Z 10001b81 f i FiscalPrinter.obj
 0001:00000b8e       ?AddRef@?$CComObject@VCOPOSFiscalPrinter@@@ATL@@WJE@AGKXZ 10001b8e f i FiscalPrinter.obj
 0001:00000b9b       ?Release@?$CComObject@VCOPOSFiscalPrinter@@@ATL@@WJE@AGKXZ 10001b9b f i FiscalPrinter.obj
 0001:00000ba8       ?QueryInterface@?$CComObject@VCOPOSFiscalPrinter@@@ATL@@WJI@AGJABU_GUID@@PAPAX@Z 10001ba8 f i FiscalPrinter.obj
 0001:00000bb5       ?AddRef@?$CComObject@VCOPOSFiscalPrinter@@@ATL@@WJI@AGKXZ 10001bb5 f i FiscalPrinter.obj
 0001:00000bc2       ?Release@?$CComObject@VCOPOSFiscalPrinter@@@ATL@@WJI@AGKXZ 10001bc2 f i FiscalPrinter.obj
 0001:00000bcf       ?QueryInterface@?$CComObject@VCOPOSFiscalPrinter@@@ATL@@WJM@AGJABU_GUID@@PAPAX@Z 10001bcf f i FiscalPrinter.obj
 0001:00000bdc       ?AddRef@?$CComObject@VCOPOSFiscalPrinter@@@ATL@@WJM@AGKXZ 10001bdc f i FiscalPrinter.obj
 0001:00000be9       ?Release@?$CComObject@VCOPOSFiscalPrinter@@@ATL@@WJM@AGKXZ 10001be9 f i FiscalPrinter.obj
 0001:00000bf6       ?QueryInterface@?$CComObject@VCOPOSFiscalPrinter@@@ATL@@WKA@AGJABU_GUID@@PAPAX@Z 10001bf6 f i FiscalPrinter.obj
 0001:00000c03       ?AddRef@?$CComObject@VCOPOSFiscalPrinter@@@ATL@@WKA@AGKXZ 10001c03 f i FiscalPrinter.obj
 0001:00000c10       ?Release@?$CComObject@VCOPOSFiscalPrinter@@@ATL@@WKA@AGKXZ 10001c10 f i FiscalPrinter.obj
 0001:00000c1d       ?AddRef@?$CComObject@VCOPOSFiscalPrinter@@@ATL@@WKI@AGKXZ 10001c1d f i FiscalPrinter.obj
 0001:00000c2a       ?Release@?$CComObject@VCOPOSFiscalPrinter@@@ATL@@WKI@AGKXZ 10001c2a f i FiscalPrinter.obj
 0001:00000c37       ?AddRef@?$CComObject@VCOPOSFiscalPrinter@@@ATL@@WLE@AGKXZ 10001c37 f i FiscalPrinter.obj
 0001:00000c44       ?Release@?$CComObject@VCOPOSFiscalPrinter@@@ATL@@WLE@AGKXZ 10001c44 f i FiscalPrinter.obj
 0001:00000c51       ??_E?$CComContainedObject@VCOPOSFiscalPrinter@@@ATL@@W3AEPAXI@Z 10001c51 f i FiscalPrinter.obj
 0001:00000c59       ??_E?$CComContainedObject@VCOPOSFiscalPrinter@@@ATL@@WEM@AEPAXI@Z 10001c59 f i FiscalPrinter.obj
 0001:00000c61       ?QueryInterface@?$CComContainedObject@VCOPOSFiscalPrinter@@@ATL@@WHA@AGJABU_GUID@@PAPAX@Z 10001c61 f i FiscalPrinter.obj
 0001:00000c6b       ?AddRef@?$CComContainedObject@VCOPOSFiscalPrinter@@@ATL@@WHA@AGKXZ 10001c6b f i FiscalPrinter.obj
 0001:00000c75       ?Release@?$CComContainedObject@VCOPOSFiscalPrinter@@@ATL@@WHA@AGKXZ 10001c75 f i FiscalPrinter.obj
 0001:00000c7f       ?QueryInterface@?$CComContainedObject@VCOPOSFiscalPrinter@@@ATL@@WHE@AGJABU_GUID@@PAPAX@Z 10001c7f f i FiscalPrinter.obj
 0001:00000c89       ?AddRef@?$CComContainedObject@VCOPOSFiscalPrinter@@@ATL@@WHE@AGKXZ 10001c89 f i FiscalPrinter.obj
 0001:00000c93       ?Release@?$CComContainedObject@VCOPOSFiscalPrinter@@@ATL@@WHE@AGKXZ 10001c93 f i FiscalPrinter.obj
 0001:00000c9d       ?QueryInterface@?$CComContainedObject@VCOPOSFiscalPrinter@@@ATL@@WHI@AGJABU_GUID@@PAPAX@Z 10001c9d f i FiscalPrinter.obj
 0001:00000ca7       ?AddRef@?$CComContainedObject@VCOPOSFiscalPrinter@@@ATL@@WHI@AGKXZ 10001ca7 f i FiscalPrinter.obj
 0001:00000cb1       ?Release@?$CComContainedObject@VCOPOSFiscalPrinter@@@ATL@@WHI@AGKXZ 10001cb1 f i FiscalPrinter.obj
 0001:00000cbb       ?QueryInterface@?$CComContainedObject@VCOPOSFiscalPrinter@@@ATL@@WHM@AGJABU_GUID@@PAPAX@Z 10001cbb f i FiscalPrinter.obj
 0001:00000cc5       ?AddRef@?$CComContainedObject@VCOPOSFiscalPrinter@@@ATL@@WHM@AGKXZ 10001cc5 f i FiscalPrinter.obj
 0001:00000ccf       ?Release@?$CComContainedObject@VCOPOSFiscalPrinter@@@ATL@@WHM@AGKXZ 10001ccf f i FiscalPrinter.obj
 0001:00000cd9       ?QueryInterface@?$CComContainedObject@VCOPOSFiscalPrinter@@@ATL@@WIA@AGJABU_GUID@@PAPAX@Z 10001cd9 f i FiscalPrinter.obj
 0001:00000ce6       ?AddRef@?$CComContainedObject@VCOPOSFiscalPrinter@@@ATL@@WIA@AGKXZ 10001ce6 f i FiscalPrinter.obj
 0001:00000cf3       ?Release@?$CComContainedObject@VCOPOSFiscalPrinter@@@ATL@@WIA@AGKXZ 10001cf3 f i FiscalPrinter.obj
 0001:00000d00       ?QueryInterface@?$CComContainedObject@VCOPOSFiscalPrinter@@@ATL@@WIE@AGJABU_GUID@@PAPAX@Z 10001d00 f i FiscalPrinter.obj
 0001:00000d0d       ?AddRef@?$CComContainedObject@VCOPOSFiscalPrinter@@@ATL@@WIE@AGKXZ 10001d0d f i FiscalPrinter.obj
 0001:00000d1a       ?Release@?$CComContainedObject@VCOPOSFiscalPrinter@@@ATL@@WIE@AGKXZ 10001d1a f i FiscalPrinter.obj
 0001:00000d27       ?QueryInterface@?$CComContainedObject@VCOPOSFiscalPrinter@@@ATL@@WII@AGJABU_GUID@@PAPAX@Z 10001d27 f i FiscalPrinter.obj
 0001:00000d34       ?AddRef@?$CComContainedObject@VCOPOSFiscalPrinter@@@ATL@@WII@AGKXZ 10001d34 f i FiscalPrinter.obj
 0001:00000d41       ?Release@?$CComContainedObject@VCOPOSFiscalPrinter@@@ATL@@WII@AGKXZ 10001d41 f i FiscalPrinter.obj
 0001:00000d4e       ?QueryInterface@?$CComContainedObject@VCOPOSFiscalPrinter@@@ATL@@WIM@AGJABU_GUID@@PAPAX@Z 10001d4e f i FiscalPrinter.obj
 0001:00000d5b       ?AddRef@?$CComContainedObject@VCOPOSFiscalPrinter@@@ATL@@WIM@AGKXZ 10001d5b f i FiscalPrinter.obj
 0001:00000d68       ?Release@?$CComContainedObject@VCOPOSFiscalPrinter@@@ATL@@WIM@AGKXZ 10001d68 f i FiscalPrinter.obj
 0001:00000d75       ?QueryInterface@?$CComContainedObject@VCOPOSFiscalPrinter@@@ATL@@WJA@AGJABU_GUID@@PAPAX@Z 10001d75 f i FiscalPrinter.obj
 0001:00000d82       ?AddRef@?$CComContainedObject@VCOPOSFiscalPrinter@@@ATL@@WJA@AGKXZ 10001d82 f i FiscalPrinter.obj
 0001:00000d8f       ?Release@?$CComContainedObject@VCOPOSFiscalPrinter@@@ATL@@WJA@AGKXZ 10001d8f f i FiscalPrinter.obj
 0001:00000d9c       ?QueryInterface@?$CComContainedObject@VCOPOSFiscalPrinter@@@ATL@@WJE@AGJABU_GUID@@PAPAX@Z 10001d9c f i FiscalPrinter.obj
 0001:00000da9       ?AddRef@?$CComContainedObject@VCOPOSFiscalPrinter@@@ATL@@WJE@AGKXZ 10001da9 f i FiscalPrinter.obj
 0001:00000db6       ?Release@?$CComContainedObject@VCOPOSFiscalPrinter@@@ATL@@WJE@AGKXZ 10001db6 f i FiscalPrinter.obj
 0001:00000dc3       ?QueryInterface@?$CComContainedObject@VCOPOSFiscalPrinter@@@ATL@@WJI@AGJABU_GUID@@PAPAX@Z 10001dc3 f i FiscalPrinter.obj
 0001:00000dd0       ?AddRef@?$CComContainedObject@VCOPOSFiscalPrinter@@@ATL@@WJI@AGKXZ 10001dd0 f i FiscalPrinter.obj
 0001:00000ddd       ?Release@?$CComContainedObject@VCOPOSFiscalPrinter@@@ATL@@WJI@AGKXZ 10001ddd f i FiscalPrinter.obj
 0001:00000dea       ?QueryInterface@?$CComContainedObject@VCOPOSFiscalPrinter@@@ATL@@WJM@AGJABU_GUID@@PAPAX@Z 10001dea f i FiscalPrinter.obj
 0001:00000df7       ?AddRef@?$CComContainedObject@VCOPOSFiscalPrinter@@@ATL@@WJM@AGKXZ 10001df7 f i FiscalPrinter.obj
 0001:00000e04       ?Release@?$CComContainedObject@VCOPOSFiscalPrinter@@@ATL@@WJM@AGKXZ 10001e04 f i FiscalPrinter.obj
 0001:00000e11       ?QueryInterface@?$CComContainedObject@VCOPOSFiscalPrinter@@@ATL@@WKA@AGJABU_GUID@@PAPAX@Z 10001e11 f i FiscalPrinter.obj
 0001:00000e1e       ?AddRef@?$CComContainedObject@VCOPOSFiscalPrinter@@@ATL@@WKA@AGKXZ 10001e1e f i FiscalPrinter.obj
 0001:00000e2b       ?Release@?$CComContainedObject@VCOPOSFiscalPrinter@@@ATL@@WKA@AGKXZ 10001e2b f i FiscalPrinter.obj
 0001:00000e38       ?AddRef@?$CComContainedObject@VCOPOSFiscalPrinter@@@ATL@@WKI@AGKXZ 10001e38 f i FiscalPrinter.obj
 0001:00000e45       ?Release@?$CComContainedObject@VCOPOSFiscalPrinter@@@ATL@@WKI@AGKXZ 10001e45 f i FiscalPrinter.obj
 0001:00000e52       ?AddRef@?$CComContainedObject@VCOPOSFiscalPrinter@@@ATL@@WLE@AGKXZ 10001e52 f i FiscalPrinter.obj
 0001:00000e5f       ?Release@?$CComContainedObject@VCOPOSFiscalPrinter@@@ATL@@WLE@AGKXZ 10001e5f f i FiscalPrinter.obj
 0001:00000e6c       ?Lock@CAtlModule@ATL@@UAEJXZ 10001e6c f i FiscalPrinter.obj
 0001:00000e76       ?Unlock@CAtlModule@ATL@@UAEJXZ 10001e76 f i FiscalPrinter.obj
 0001:00000e80       ?GetLockCount@CAtlModule@ATL@@UAEJXZ 10001e80 f i FiscalPrinter.obj
 0001:00000e84       ?GetGITPtr@CAtlModule@ATL@@UAEJPAPAUIGlobalInterfaceTable@@@Z 10001e84 f i FiscalPrinter.obj
 0001:00000ed0       ?AddCommonRGSReplacements@?$CAtlModuleT@VCComModule@ATL@@@ATL@@UAEJPAUIRegistrarBase@@@Z 10001ed0 f i FiscalPrinter.obj
 0001:00000eea       ?GetTypeInfoCount@?$IDispatchImpl@UIOPOSFiscalPrinter@@$1?IID_IOPOSFiscalPrinter@@3U_GUID@@B$1?LIBID_OposFiscalPrinter_CCO@@3U3@B$00$0A@VCComTypeInfoHolder@ATL@@@ATL@@UAGJPAI@Z 10001eea f i FiscalPrinter.obj
 0001:00000f07       ?GetTypeInfo@?$IDispatchImpl@UIOPOSFiscalPrinter@@$1?IID_IOPOSFiscalPrinter@@3U_GUID@@B$1?LIBID_OposFiscalPrinter_CCO@@3U3@B$00$0A@VCComTypeInfoHolder@ATL@@@ATL@@UAGJIKPAPAUITypeInfo@@@Z 10001f07 f i FiscalPrinter.obj
 0001:00000f2b       ?UpdateRegistryFromResourceD@CComModule@ATL@@UAGJIHPAU_ATL_REGMAP_ENTRY@2@@Z 10001f2b f i FiscalPrinter.obj
 0001:00000f2b       ?UpdateRegistryFromResourceD@CComModule@ATL@@UAGJPB_WHPAU_ATL_REGMAP_ENTRY@2@@Z 10001f2b f i FiscalPrinter.obj
 0001:00000f33       ?GetIDsOfNames@?$IDispatchImpl@UIOPOSFiscalPrinter@@$1?IID_IOPOSFiscalPrinter@@3U_GUID@@B$1?LIBID_OposFiscalPrinter_CCO@@3U3@B$00$0A@VCComTypeInfoHolder@ATL@@@ATL@@UAGJABU_GUID@@PAPA_WIKPAJ@Z 10001f33 f i FiscalPrinter.obj
 0001:00000f53       ?UpdateRegistryFromResource@CComModule@ATL@@UAGJPB_WHPAU_ATL_REGMAP_ENTRY@2@@Z 10001f53 f i FiscalPrinter.obj
 0001:00000f5c       ?Invoke@?$IDispatchImpl@UIOPOSFiscalPrinter@@$1?IID_IOPOSFiscalPrinter@@3U_GUID@@B$1?LIBID_OposFiscalPrinter_CCO@@3U3@B$00$0A@VCComTypeInfoHolder@ATL@@@ATL@@UAGJJABU_GUID@@KGPAUtagDISPPARAMS@@PAUtagVARIANT@@PAUtagEXCEPINFO@@PAI@Z 10001f5c f i FiscalPrinter.obj
 0001:00000f6a       ?UpdateRegistryFromResource@CComModule@ATL@@UAGJIHPAU_ATL_REGMAP_ENTRY@2@@Z 10001f6a f i FiscalPrinter.obj
 0001:00000f73       ?CreateControlWindow@?$CComControl@VCOPOSFiscalPrinter@@V?$CWindowImpl@VCOPOSFiscalPrinter@@VCWindow@ATL@@V?$CWinTraits@$0FGAAAAAA@$0A@@3@@ATL@@@ATL@@UAEPAUHWND__@@PAU3@AAUtagRECT@@@Z 10001f73 f i FiscalPrinter.obj
 0001:00000fa2       ?ControlQueryInterface@?$CComControl@VCOPOSFiscalPrinter@@V?$CWindowImpl@VCOPOSFiscalPrinter@@VCWindow@ATL@@V?$CWinTraits@$0FGAAAAAA@$0A@@3@@ATL@@@ATL@@UAEJABU_GUID@@PAPAX@Z 10001fa2 f i FiscalPrinter.obj
 0001:00000fbd       ??_GCComModule@ATL@@UAEPAXI@Z 10001fbd f i FiscalPrinter.obj
 0001:00000fbd       ??_ECComModule@ATL@@UAEPAXI@Z 10001fbd f i FiscalPrinter.obj
 0001:00000fe5       ?GetClassID@?$IPersistStorageImpl@VCOPOSFiscalPrinter@@@ATL@@UAGJPAU_GUID@@@Z 10001fe5 f i FiscalPrinter.obj
 0001:00000fe5       ?GetUserClassID@?$IOleObjectImpl@VCOPOSFiscalPrinter@@@ATL@@UAGJPAU_GUID@@@Z 10001fe5 f i FiscalPrinter.obj
 0001:00000fe5       ?GetClassID@?$IPersistStreamInitImpl@VCOPOSFiscalPrinter@@@ATL@@UAGJPAU_GUID@@@Z 10001fe5 f i FiscalPrinter.obj
 0001:00001009       ?IsDirty@?$IPersistStreamInitImpl@VCOPOSFiscalPrinter@@@ATL@@UAGJXZ 10002009 f i FiscalPrinter.obj
 0001:00001028       ?Load@?$IPersistStreamInitImpl@VCOPOSFiscalPrinter@@@ATL@@UAGJPAUIStream@@@Z 10002028 f i FiscalPrinter.obj
 0001:00001047       ?Save@?$IPersistStreamInitImpl@VCOPOSFiscalPrinter@@@ATL@@UAGJPAUIStream@@H@Z 10002047 f i FiscalPrinter.obj
 0001:00001069       ?GetSizeMax@?$IPersistStreamInitImpl@VCOPOSFiscalPrinter@@@ATL@@UAGJPAT_ULARGE_INTEGER@@@Z 10002069 f i FiscalPrinter.obj
 0001:00001248       ?InitNew@?$IPersistStreamInitImpl@VCOPOSFiscalPrinter@@@ATL@@UAGJXZ 10002248 f i FiscalPrinter.obj
 0001:00001265       ?GetDropTarget@?$IOleInPlaceObjectWindowlessImpl@VCOPOSFiscalPrinter@@@ATL@@UAGJPAPAUIDropTarget@@@Z 10002265 f i FiscalPrinter.obj
 0001:00001265       ?ContextSensitiveHelp@?$IOleInPlaceActiveObjectImpl@VCOPOSFiscalPrinter@@@ATL@@UAGJH@Z 10002265 f i FiscalPrinter.obj
 0001:00001265       ?OnMnemonic@?$IOleControlImpl@VCOPOSFiscalPrinter@@@ATL@@UAGJPAUtagMSG@@@Z 10002265 f i FiscalPrinter.obj
 0001:00001265       ?ContextSensitiveHelp@?$IOleInPlaceObjectWindowlessImpl@VCOPOSFiscalPrinter@@@ATL@@UAGJH@Z 10002265 f i FiscalPrinter.obj
 0001:00001265       ?GetControlInfo@?$IOleControlImpl@VCOPOSFiscalPrinter@@@ATL@@UAGJPAUtagCONTROLINFO@@@Z 10002265 f i FiscalPrinter.obj
 0001:00001265       ?Unfreeze@?$IViewObjectExImpl@VCOPOSFiscalPrinter@@@ATL@@UAGJK@Z 10002265 f i FiscalPrinter.obj
 0001:00001265       ?SODataDummy@COPOSFiscalPrinter@@MAGJJ@Z 10002265 f i FiscalPrinter.obj
 0001:00001265       ?SetColorScheme@?$IOleObjectImpl@VCOPOSFiscalPrinter@@@ATL@@UAGJPAUtagLOGPALETTE@@@Z 10002265 f i FiscalPrinter.obj
 0001:00001265       ?QueryGetData@?$IDataObjectImpl@VCOPOSFiscalPrinter@@@ATL@@UAGJPAUtagFORMATETC@@@Z 10002265 f i FiscalPrinter.obj
 0001:0000126d       ?SaveCompleted@?$IPersistStorageImpl@VCOPOSFiscalPrinter@@@ATL@@UAGJPAUIStorage@@@Z 1000226d f i FiscalPrinter.obj
 0001:0000126d       ?OnAmbientPropertyChange@?$IOleControlImpl@VCOPOSFiscalPrinter@@@ATL@@UAGJJ@Z 1000226d f i FiscalPrinter.obj
 0001:0000126d       ?EnableModeless@?$IOleInPlaceActiveObjectImpl@VCOPOSFiscalPrinter@@@ATL@@UAGJH@Z 1000226d f i FiscalPrinter.obj
 0001:0000126d       ?OnFrameWindowActivate@?$IOleInPlaceActiveObjectImpl@VCOPOSFiscalPrinter@@@ATL@@UAGJH@Z 1000226d f i FiscalPrinter.obj
 0001:00001272       ?SetClientSite@?$IOleObjectImpl@VCOPOSFiscalPrinter@@@ATL@@UAGJPAUIOleClientSite@@@Z 10002272 f i FiscalPrinter.obj
 0001:0000128f       ?GetClientSite@?$IOleObjectImpl@VCOPOSFiscalPrinter@@@ATL@@UAGJPAPAUIOleClientSite@@@Z 1000228f f i FiscalPrinter.obj
 0001:000012ac       ?SetHostNames@?$IOleObjectImpl@VCOPOSFiscalPrinter@@@ATL@@UAGJPB_W0@Z 100022ac f i FiscalPrinter.obj
 0001:000012b1       ?Close@?$IOleObjectImpl@VCOPOSFiscalPrinter@@@ATL@@UAGJK@Z 100022b1 f i FiscalPrinter.obj
 0001:000012ce       ?QueryInterface@CRegObject@ATL@@UAGJABU_GUID@@PAPAX@Z 100022ce f i FiscalPrinter.obj
 0001:000012ce       ?SetMoniker@?$IOleObjectImpl@VCOPOSFiscalPrinter@@@ATL@@UAGJKPAUIMoniker@@@Z 100022ce f i FiscalPrinter.obj
 0001:000012ce       ?GetCanonicalFormatEtc@?$IDataObjectImpl@VCOPOSFiscalPrinter@@@ATL@@UAGJPAUtagFORMATETC@@0@Z 100022ce f i FiscalPrinter.obj
 0001:000012ce       ?EnumFormatEtc@?$IDataObjectImpl@VCOPOSFiscalPrinter@@@ATL@@UAGJKPAPAUIEnumFORMATETC@@@Z 100022ce f i FiscalPrinter.obj
 0001:000012ce       ?GetClipboardData@?$IOleObjectImpl@VCOPOSFiscalPrinter@@@ATL@@UAGJKPAPAUIDataObject@@@Z 100022ce f i FiscalPrinter.obj
 0001:000012ce       ?GetDataHere@?$IDataObjectImpl@VCOPOSFiscalPrinter@@@ATL@@UAGJPAUtagFORMATETC@@PAUtagSTGMEDIUM@@@Z 100022ce f i FiscalPrinter.obj
 0001:000012ce       ?GetRect@?$IViewObjectExImpl@VCOPOSFiscalPrinter@@@ATL@@UAGJKPAU_RECTL@@@Z 100022ce f i FiscalPrinter.obj
 0001:000012d6       ?GetMoniker@?$IOleObjectImpl@VCOPOSFiscalPrinter@@@ATL@@UAGJKKPAPAUIMoniker@@@Z 100022d6 f i FiscalPrinter.obj
 0001:000012d6       ?SetData@?$IDataObjectImpl@VCOPOSFiscalPrinter@@@ATL@@UAGJPAUtagFORMATETC@@PAUtagSTGMEDIUM@@H@Z 100022d6 f i FiscalPrinter.obj
 0001:000012d6       ?InitFromData@?$IOleObjectImpl@VCOPOSFiscalPrinter@@@ATL@@UAGJPAUIDataObject@@HK@Z 100022d6 f i FiscalPrinter.obj
 0001:000012de       ?DoVerb@?$IOleObjectImpl@VCOPOSFiscalPrinter@@@ATL@@UAGJJPAUtagMSG@@PAUIOleClientSite@@JPAUHWND__@@PBUtagRECT@@@Z 100022de f i FiscalPrinter.obj
 0001:000013d2       ?EnumVerbs@?$IOleObjectImpl@VCOPOSFiscalPrinter@@@ATL@@UAGJPAPAUIEnumOLEVERB@@@Z 100023d2 f i FiscalPrinter.obj
 0001:000013f4       ?Release@CRegObject@ATL@@UAGKXZ 100023f4 f i FiscalPrinter.obj
 0001:000013f4       ?HandsOffStorage@?$IPersistStorageImpl@VCOPOSFiscalPrinter@@@ATL@@UAGJXZ 100023f4 f i FiscalPrinter.obj
 0001:000013f4       ?IsUpToDate@?$IOleObjectImpl@VCOPOSFiscalPrinter@@@ATL@@UAGJXZ 100023f4 f i FiscalPrinter.obj
 0001:000013f4       ?Update@?$IOleObjectImpl@VCOPOSFiscalPrinter@@@ATL@@UAGJXZ 100023f4 f i FiscalPrinter.obj
 0001:000013f9       ?GetUserType@?$IOleObjectImpl@VCOPOSFiscalPrinter@@@ATL@@UAGJKPAPA_W@Z 100023f9 f i FiscalPrinter.obj
 0001:00001411       ?SetExtent@?$IOleObjectImpl@VCOPOSFiscalPrinter@@@ATL@@UAGJKPAUtagSIZE@@@Z 10002411 f i FiscalPrinter.obj
 0001:00001431       ?GetExtent@?$IOleObjectImpl@VCOPOSFiscalPrinter@@@ATL@@UAGJKPAUtagSIZE@@@Z 10002431 f i FiscalPrinter.obj
 0001:0000146f       ?Advise@?$IOleObjectImpl@VCOPOSFiscalPrinter@@@ATL@@UAGJPAUIAdviseSink@@PAK@Z 1000246f f i FiscalPrinter.obj
 0001:0000148f       ?Unadvise@?$IOleObjectImpl@VCOPOSFiscalPrinter@@@ATL@@UAGJK@Z 1000248f f i FiscalPrinter.obj
 0001:000014be       ?EnumAdvise@?$IOleObjectImpl@VCOPOSFiscalPrinter@@@ATL@@UAGJPAPAUIEnumSTATDATA@@@Z 100024be f i FiscalPrinter.obj
 0001:000014fe       ?GetMiscStatus@?$IOleObjectImpl@VCOPOSFiscalPrinter@@@ATL@@UAGJKPAK@Z 100024fe f i FiscalPrinter.obj
 0001:00001516       ?GetWindow@?$IOleInPlaceActiveObjectImpl@VCOPOSFiscalPrinter@@@ATL@@UAGJPAPAUHWND__@@@Z 10002516 f i FiscalPrinter.obj
 0001:00001563       ?TranslateAcceleratorW@?$IOleInPlaceActiveObjectImpl@VCOPOSFiscalPrinter@@@ATL@@UAGJPAUtagMSG@@@Z 10002563 f i FiscalPrinter.obj
 0001:00001611       ?OnDocWindowActivate@?$IOleInPlaceActiveObjectImpl@VCOPOSFiscalPrinter@@@ATL@@UAGJH@Z 10002611 f i FiscalPrinter.obj
 0001:00001633       ?ResizeBorder@?$IOleInPlaceActiveObjectImpl@VCOPOSFiscalPrinter@@@ATL@@UAGJPBUtagRECT@@PAUIOleInPlaceUIWindow@@H@Z 10002633 f i FiscalPrinter.obj
 0001:00001638       ?Draw@?$IViewObjectExImpl@VCOPOSFiscalPrinter@@@ATL@@UAGJKJPAXPAUtagDVTARGETDEVICE@@PAUHDC__@@2PBU_RECTL@@3P6GHK@ZK@Z 10002638 f i FiscalPrinter.obj
 0001:0000166a       ?GetColorSet@?$IViewObjectExImpl@VCOPOSFiscalPrinter@@@ATL@@UAGJKJPAXPAUtagDVTARGETDEVICE@@PAUHDC__@@PAPAUtagLOGPALETTE@@@Z 1000266a f i FiscalPrinter.obj
 0001:00001672       ?Freeze@?$IViewObjectExImpl@VCOPOSFiscalPrinter@@@ATL@@UAGJKJPAXPAK@Z 10002672 f i FiscalPrinter.obj
 0001:0000167a       ?SetAdvise@?$IViewObjectExImpl@VCOPOSFiscalPrinter@@@ATL@@UAGJKKPAUIAdviseSink@@@Z 1000267a f i FiscalPrinter.obj
 0001:00001699       ?GetAdvise@?$IViewObjectExImpl@VCOPOSFiscalPrinter@@@ATL@@UAGJPAK0PAPAUIAdviseSink@@@Z 10002699 f i FiscalPrinter.obj
 0001:000016ce       ?GetExtent@?$IViewObjectExImpl@VCOPOSFiscalPrinter@@@ATL@@UAGJKJPAUtagDVTARGETDEVICE@@PAUtagSIZE@@@Z 100026ce f i FiscalPrinter.obj
 0001:000016ff       ?GetViewStatus@?$IViewObjectExImpl@VCOPOSFiscalPrinter@@@ATL@@UAGJPAK@Z 100026ff f i FiscalPrinter.obj
 0001:0000171c       ?QueryHitPoint@?$IViewObjectExImpl@VCOPOSFiscalPrinter@@@ATL@@UAGJKPBUtagRECT@@UtagPOINT@@JPAK@Z 1000271c f i FiscalPrinter.obj
 0001:0000175d       ?QueryHitRect@?$IViewObjectExImpl@VCOPOSFiscalPrinter@@@ATL@@UAGJKPBUtagRECT@@0JPAK@Z 1000275d f i FiscalPrinter.obj
 0001:000017b8       ?GetNaturalExtent@?$IViewObjectExImpl@VCOPOSFiscalPrinter@@@ATL@@UAGJKJPAUtagDVTARGETDEVICE@@PAUHDC__@@PAUtagExtentInfo@@PAUtagSIZE@@@Z 100027b8 f i FiscalPrinter.obj
 0001:00001803       ?GetWindow@?$IOleInPlaceObjectWindowlessImpl@VCOPOSFiscalPrinter@@@ATL@@UAGJPAPAUHWND__@@@Z 10002803 f i FiscalPrinter.obj
 0001:00001850       ?InPlaceDeactivate@?$IOleInPlaceObjectWindowlessImpl@VCOPOSFiscalPrinter@@@ATL@@UAGJXZ 10002850 f i FiscalPrinter.obj
 0001:0000186a       ?UIDeactivate@?$IOleInPlaceObjectWindowlessImpl@VCOPOSFiscalPrinter@@@ATL@@UAGJXZ 1000286a f i FiscalPrinter.obj
 0001:00001884       ?SetObjectRects@?$IOleInPlaceObjectWindowlessImpl@VCOPOSFiscalPrinter@@@ATL@@UAGJPBUtagRECT@@0@Z 10002884 f i FiscalPrinter.obj
 0001:000018a4       ?ReactivateAndUndo@?$IOleInPlaceObjectWindowlessImpl@VCOPOSFiscalPrinter@@@ATL@@UAGJXZ 100028a4 f i FiscalPrinter.obj
 0001:000018ac       ?OnWindowMessage@?$IOleInPlaceObjectWindowlessImpl@VCOPOSFiscalPrinter@@@ATL@@UAGJIIJPAJ@Z 100028ac f i FiscalPrinter.obj
 0001:0000191c       ?EnumConnectionPoints@?$IConnectionPointContainerImpl@VCOPOSFiscalPrinter@@@ATL@@UAGJPAPAUIEnumConnectionPoints@@@Z 1000291c f i FiscalPrinter.obj
 0001:00001aa8       ?FindConnectionPoint@?$IConnectionPointContainerImpl@VCOPOSFiscalPrinter@@@ATL@@UAGJABU_GUID@@PAPAUIConnectionPoint@@@Z 10002aa8 f i FiscalPrinter.obj
 0001:00001b4b       ?IsDirty@?$IPersistStorageImpl@VCOPOSFiscalPrinter@@@ATL@@UAGJXZ 10002b4b f i FiscalPrinter.obj
 0001:00001b7b       ?InitNew@?$IPersistStorageImpl@VCOPOSFiscalPrinter@@@ATL@@UAGJPAUIStorage@@@Z 10002b7b f i FiscalPrinter.obj
 0001:00001bab       ?Load@?$IPersistStorageImpl@VCOPOSFiscalPrinter@@@ATL@@UAGJPAUIStorage@@@Z 10002bab f i FiscalPrinter.obj
 0001:00001c17       ?Save@?$IPersistStorageImpl@VCOPOSFiscalPrinter@@@ATL@@UAGJPAUIStorage@@H@Z 10002c17 f i FiscalPrinter.obj
 0001:00001c8a       ?GetPages@?$ISpecifyPropertyPagesImpl@VCOPOSFiscalPrinter@@@ATL@@UAGJPAUtagCAUUID@@@Z 10002c8a f i FiscalPrinter.obj
 0001:00001ca1       ?QuickActivate@?$IQuickActivateImpl@VCOPOSFiscalPrinter@@@ATL@@UAGJPAUtagQACONTAINER@@PAUtagQACONTROL@@@Z 10002ca1 f i FiscalPrinter.obj
 0001:00001cc4       ?SetContentExtent@?$IQuickActivateImpl@VCOPOSFiscalPrinter@@@ATL@@UAGJPAUtagSIZE@@@Z 10002cc4 f i FiscalPrinter.obj
 0001:00001cf0       ?GetContentExtent@?$IQuickActivateImpl@VCOPOSFiscalPrinter@@@ATL@@UAGJPAUtagSIZE@@@Z 10002cf0 f i FiscalPrinter.obj
 0001:00001d2a       ?GetData@?$IDataObjectImpl@VCOPOSFiscalPrinter@@@ATL@@UAGJPAUtagFORMATETC@@PAUtagSTGMEDIUM@@@Z 10002d2a f i FiscalPrinter.obj
 0001:00001d4d       ?DAdvise@?$IDataObjectImpl@VCOPOSFiscalPrinter@@@ATL@@UAGJPAUtagFORMATETC@@KPAUIAdviseSink@@PAK@Z 10002d4d f i FiscalPrinter.obj
 0001:00001d8e       ?DUnadvise@?$IDataObjectImpl@VCOPOSFiscalPrinter@@@ATL@@UAGJK@Z 10002d8e f i FiscalPrinter.obj
 0001:00001dbc       ?EnumDAdvise@?$IDataObjectImpl@VCOPOSFiscalPrinter@@@ATL@@UAGJPAPAUIEnumSTATDATA@@@Z 10002dbc f i FiscalPrinter.obj
 0001:00001dfb       ?GetClassInfoW@?$IProvideClassInfo2Impl@$1?CLSID_OPOSFiscalPrinter@@3U_GUID@@B$1?DIID__IOPOSFiscalPrinterEvents@@3U2@B$1?LIBID_OposFiscalPrinter_CCO@@3U2@B$00$0A@VCComTypeInfoHolder@ATL@@@ATL@@UAGJPAPAUITypeInfo@@@Z 10002dfb f i FiscalPrinter.obj
 0001:00001e11       ?GetGUID@?$IProvideClassInfo2Impl@$1?CLSID_OPOSFiscalPrinter@@3U_GUID@@B$1?DIID__IOPOSFiscalPrinterEvents@@3U2@B$1?LIBID_OposFiscalPrinter_CCO@@3U2@B$00$0A@VCComTypeInfoHolder@ATL@@@ATL@@UAGJKPAU_GUID@@@Z 10002e11 f i FiscalPrinter.obj
 0001:00001e4f       ?FAccessAllowed@?$IObjectSafetyImpl@VCOPOSFiscalPrinter@@$02@ATL@@MAEHXZ 10002e4f f i FiscalPrinter.obj
 0001:00001e4f       __get_startup_argv_mode    10002e4f f i LIBCMT:argv_mode.obj
 0001:00001e53       ?GetInterfaceSafetyOptions@?$IObjectSafetyImpl@VCOPOSFiscalPrinter@@$02@ATL@@UAGJABU_GUID@@PAK1@Z 10002e53 f i FiscalPrinter.obj
 0001:00001ec7       ?SetInterfaceSafetyOptions@?$IObjectSafetyImpl@VCOPOSFiscalPrinter@@$02@ATL@@UAGJABU_GUID@@KK@Z 10002ec7 f i FiscalPrinter.obj
 0001:00001f41       ?_LocCPQueryInterface@?$IConnectionPointImpl@VCOPOSFiscalPrinter@@$1?DIID__IOPOSFiscalPrinterEvents@@3U_GUID@@BVCComDynamicUnkArray@ATL@@@ATL@@UAGJABU_GUID@@PAPAX@Z 10002f41 f i FiscalPrinter.obj
 0001:00001f41       ?_LocCPQueryInterface@?$IConnectionPointImpl@VCOPOSFiscalPrinter@@$1?IID_IPropertyNotifySink@@3U_GUID@@BVCComDynamicUnkArray@ATL@@@ATL@@UAGJABU_GUID@@PAPAX@Z 10002f41 f i FiscalPrinter.obj
 0001:00001f8e       ?GetConnectionInterface@?$IConnectionPointImpl@VCOPOSFiscalPrinter@@$1?IID_IPropertyNotifySink@@3U_GUID@@BVCComDynamicUnkArray@ATL@@@ATL@@UAGJPAU_GUID@@@Z 10002f8e f i FiscalPrinter.obj
 0001:00001fb2       ?GetConnectionPointContainer@?$IConnectionPointImpl@VCOPOSFiscalPrinter@@$1?IID_IPropertyNotifySink@@3U_GUID@@BVCComDynamicUnkArray@ATL@@@ATL@@UAGJPAPAUIConnectionPointContainer@@@Z 10002fb2 f i FiscalPrinter.obj
 0001:00001fd5       ?Advise@?$IConnectionPointImpl@VCOPOSFiscalPrinter@@$1?DIID__IOPOSFiscalPrinterEvents@@3U_GUID@@BVCComDynamicUnkArray@ATL@@@ATL@@UAGJPAUIUnknown@@PAK@Z 10002fd5 f i FiscalPrinter.obj
 0001:00001fd5       ?Advise@?$IConnectionPointImpl@VCOPOSFiscalPrinter@@$1?IID_IPropertyNotifySink@@3U_GUID@@BVCComDynamicUnkArray@ATL@@@ATL@@UAGJPAUIUnknown@@PAK@Z 10002fd5 f i FiscalPrinter.obj
 0001:00002075       ?Unadvise@?$IConnectionPointImpl@VCOPOSFiscalPrinter@@$1?DIID__IOPOSFiscalPrinterEvents@@3U_GUID@@BVCComDynamicUnkArray@ATL@@@ATL@@UAGJK@Z 10003075 f i FiscalPrinter.obj
 0001:00002075       ?Unadvise@?$IConnectionPointImpl@VCOPOSFiscalPrinter@@$1?IID_IPropertyNotifySink@@3U_GUID@@BVCComDynamicUnkArray@ATL@@@ATL@@UAGJK@Z 10003075 f i FiscalPrinter.obj
 0001:000020b5       ?EnumConnections@?$IConnectionPointImpl@VCOPOSFiscalPrinter@@$1?IID_IPropertyNotifySink@@3U_GUID@@BVCComDynamicUnkArray@ATL@@@ATL@@UAGJPAPAUIEnumConnections@@@Z 100030b5 f i FiscalPrinter.obj
 0001:000020b5       ?EnumConnections@?$IConnectionPointImpl@VCOPOSFiscalPrinter@@$1?DIID__IOPOSFiscalPrinterEvents@@3U_GUID@@BVCComDynamicUnkArray@ATL@@@ATL@@UAGJPAPAUIEnumConnections@@@Z 100030b5 f i FiscalPrinter.obj
 0001:000021b0       ?GetObjectDescription@?$CComCoClass@VCOPOSFiscalPrinter@@$1?CLSID_OPOSFiscalPrinter@@3U_GUID@@B@ATL@@SGPB_WXZ 100031b0 f i FiscalPrinter.obj
 0001:000021b0       ?GetCategoryMap@CComObjectRootBase@ATL@@SAPBU_ATL_CATMAP_ENTRY@2@XZ 100031b0 f i FiscalPrinter.obj
 0001:000021b3       ?GetConnectionInterface@?$IConnectionPointImpl@VCOPOSFiscalPrinter@@$1?DIID__IOPOSFiscalPrinterEvents@@3U_GUID@@BVCComDynamicUnkArray@ATL@@@ATL@@UAGJPAU_GUID@@@Z 100031b3 f i FiscalPrinter.obj
 0001:000021d7       ?GetConnectionPointContainer@?$IConnectionPointImpl@VCOPOSFiscalPrinter@@$1?DIID__IOPOSFiscalPrinterEvents@@3U_GUID@@BVCComDynamicUnkArray@ATL@@@ATL@@UAGJPAPAUIConnectionPointContainer@@@Z 100031d7 f i FiscalPrinter.obj
 0001:000021fa       ?UpdateRegistry@COPOSFiscalPrinter@@SGJH@Z 100031fa f i FiscalPrinter.obj
 0001:00002212       ?ProcessWindowMessage@COPOSFiscalPrinter@@UAEHPAUHWND__@@IIJAAJK@Z 10003212 f i FiscalPrinter.obj
 0001:0000225b       ?SODirectIO@COPOSFiscalPrinter@@MAGJJPAJPAPA_W@Z 1000325b f i FiscalPrinter.obj
 0001:000022a4       ?SOError@COPOSFiscalPrinter@@MAGJJJJPAJ@Z 100032a4 f i FiscalPrinter.obj
 0001:000022f9       ?SOOutputComplete@COPOSFiscalPrinter@@MAGJJ@Z 100032f9 f i FiscalPrinter.obj
 0001:00002332       ?SOStatusUpdate@COPOSFiscalPrinter@@MAGJJ@Z 10003332 f i FiscalPrinter.obj
 0001:0000236b       ?AddRef@CRegObject@ATL@@UAGKXZ 1000336b f i FiscalPrinter.obj
 0001:00002371       ?AddReplacement@CRegObject@ATL@@UAGJPB_W0@Z 10003371 f i FiscalPrinter.obj
 0001:000023aa       ?ClearReplacements@CRegObject@ATL@@UAGJXZ 100033aa f i FiscalPrinter.obj
 0001:000023bc       ??_GCRegObject@ATL@@UAEPAXI@Z 100033bc f i FiscalPrinter.obj
 0001:000023bc       ??_ECRegObject@ATL@@UAEPAXI@Z 100033bc f i FiscalPrinter.obj
 0001:000023de       ?CreateInstance@?$CComCreator@V?$CComObjectCached@VCComClassFactory@ATL@@@ATL@@@ATL@@SGJPAXABU_GUID@@PAPAX@Z 100033de f i FiscalPrinter.obj
 0001:0000247e       ?CreateInstance@?$CComCreator2@V?$CComCreator@V?$CComObject@VCOPOSFiscalPrinter@@@ATL@@@ATL@@V?$CComCreator@V?$CComAggObject@VCOPOSFiscalPrinter@@@ATL@@@2@@ATL@@SGJPAXABU_GUID@@PAPAX@Z 1000347e f i FiscalPrinter.obj
 0001:0000249e       ?AddRef@?$CComObjectCached@VCComClassFactory@ATL@@@ATL@@UAGKXZ 1000349e f i FiscalPrinter.obj
 0001:000024c5       ?Release@?$CComObjectCached@VCComClassFactory@ATL@@@ATL@@UAGKXZ 100034c5 f i FiscalPrinter.obj
 0001:000024fb       ?QueryInterface@?$CComObjectCached@VCComClassFactory@ATL@@@ATL@@UAGJABU_GUID@@PAPAX@Z 100034fb f i FiscalPrinter.obj
 0001:00002515       ??_G?$CComObjectCached@VCComClassFactory@ATL@@@ATL@@UAEPAXI@Z 10003515 f i FiscalPrinter.obj
 0001:00002515       ??_E?$CComObjectCached@VCComClassFactory@ATL@@@ATL@@UAEPAXI@Z 10003515 f i FiscalPrinter.obj
 0001:00002537       ?Next@?$CComEnumImpl@UIEnumConnectionPoints@@$1?_GUID_b196b285_bab4_101a_b69c_00aa00341d07@@3U__s_GUID@@BPAUIConnectionPoint@@V?$_CopyInterface@UIConnectionPoint@@@ATL@@@ATL@@UAGJKPAPAUIConnectionPoint@@PAK@Z 10003537 f i FiscalPrinter.obj
 0001:0000260e       ?Skip@?$CComEnumImpl@UIEnumConnectionPoints@@$1?_GUID_b196b285_bab4_101a_b69c_00aa00341d07@@3U__s_GUID@@BPAUIConnectionPoint@@V?$_CopyInterface@UIConnectionPoint@@@ATL@@@ATL@@UAGJK@Z 1000360e f i FiscalPrinter.obj
 0001:0000263b       ?Clone@?$CComEnumImpl@UIEnumConnectionPoints@@$1?_GUID_b196b285_bab4_101a_b69c_00aa00341d07@@3U__s_GUID@@BPAUIConnectionPoint@@V?$_CopyInterface@UIConnectionPoint@@@ATL@@@ATL@@UAGJPAPAUIEnumConnectionPoints@@@Z 1000363b f i FiscalPrinter.obj
 0001:0000271c       ?QueryInterface@?$CComObject@V?$CComEnum@UIEnumConnectionPoints@@$1?_GUID_b196b285_bab4_101a_b69c_00aa00341d07@@3U__s_GUID@@BPAUIConnectionPoint@@V?$_CopyInterface@UIConnectionPoint@@@ATL@@VCComSingleThreadModel@6@@ATL@@@ATL@@UAGJABU_GUID@@PAPAX@Z 1000371c f i FiscalPrinter.obj
 0001:00002736       ??_E?$CComObject@V?$CComEnum@UIEnumConnectionPoints@@$1?_GUID_b196b285_bab4_101a_b69c_00aa00341d07@@3U__s_GUID@@BPAUIConnectionPoint@@V?$_CopyInterface@UIConnectionPoint@@@ATL@@VCComSingleThreadModel@6@@ATL@@@ATL@@UAEPAXI@Z 10003736 f i FiscalPrinter.obj
 0001:00002736       ??_G?$CComObject@V?$CComEnum@UIEnumConnectionPoints@@$1?_GUID_b196b285_bab4_101a_b69c_00aa00341d07@@3U__s_GUID@@BPAUIConnectionPoint@@V?$_CopyInterface@UIConnectionPoint@@@ATL@@VCComSingleThreadModel@6@@ATL@@@ATL@@UAEPAXI@Z 10003736 f i FiscalPrinter.obj
 0001:00002758       ?OnDrawAdvanced@CComControlBase@ATL@@UAEJAAUATL_DRAWINFO@@@Z 10003758 f i FiscalPrinter.obj
 0001:0000284b       ?AddRef@?$CComAggObject@VCOPOSFiscalPrinter@@@ATL@@UAGKXZ 1000384b f i FiscalPrinter.obj
 0001:0000285c       ?Release@?$CComAggObject@VCOPOSFiscalPrinter@@@ATL@@UAGKXZ 1000385c f i FiscalPrinter.obj
 0001:00002898       ?QueryInterface@?$CComAggObject@VCOPOSFiscalPrinter@@@ATL@@UAGJABU_GUID@@PAPAX@Z 10003898 f i FiscalPrinter.obj
 0001:000028e7       ?AddRef@?$CComContainedObject@VCOPOSFiscalPrinter@@@ATL@@UAGKXZ 100038e7 f i FiscalPrinter.obj
 0001:000028fd       ?Release@?$CComContainedObject@VCOPOSFiscalPrinter@@@ATL@@UAGKXZ 100038fd f i FiscalPrinter.obj
 0001:00002913       ?QueryInterface@?$CComContainedObject@VCOPOSFiscalPrinter@@@ATL@@UAGJABU_GUID@@PAPAX@Z 10003913 f i FiscalPrinter.obj
 0001:0000292e       ??_E?$CComAggObject@VCOPOSFiscalPrinter@@@ATL@@UAEPAXI@Z 1000392e f i FiscalPrinter.obj
 0001:0000292e       ??_G?$CComAggObject@VCOPOSFiscalPrinter@@@ATL@@UAEPAXI@Z 1000392e f i FiscalPrinter.obj
 0001:00002953       ?AddRef@?$CComObject@VCOPOSFiscalPrinter@@@ATL@@UAGKXZ 10003953 f i FiscalPrinter.obj
 0001:0000296a       ?Release@?$CComObject@VCOPOSFiscalPrinter@@@ATL@@UAGKXZ 1000396a f i FiscalPrinter.obj
 0001:000029ac       ?QueryInterface@?$CComObject@VCOPOSFiscalPrinter@@@ATL@@UAGJABU_GUID@@PAPAX@Z 100039ac f i FiscalPrinter.obj
 0001:000029c6       ??$?4UITypeInfo2@@@?$CComPtr@UITypeInfo@@@ATL@@QAEPAUITypeInfo@@ABV?$CComPtr@UITypeInfo2@@@1@@Z 100039c6 f i FiscalPrinter.obj
 0001:000029f3       ??$AtlAdd@K@ATL@@YAJPAKKK@Z 100039f3 f i FiscalPrinter.obj
 0001:00002a16       ??$AtlAdd@_K@ATL@@YAJPA_K_K1@Z 10003a16 f i FiscalPrinter.obj
 0001:00002a4e       ??$AtlAddThrow@K@ATL@@YAKKK@Z 10003a4e f i FiscalPrinter.obj
 0001:00002a74       ??$AtlModuleRegisterWndClassInfoT@VAtlModuleRegisterWndClassInfoParamW@ATL@@@ATL@@YAGPAU_ATL_BASE_MODULE70@0@PAU_ATL_WIN_MODULE70@0@PAU_ATL_WNDCLASSINFOW@0@PAP6GJPAUHWND__@@IIJ@ZVAtlModuleRegisterWndClassInfoParamW@0@@Z 10003a74 f i FiscalPrinter.obj
 0001:00002bc2       ??$AtlMultiply@H@ATL@@YAJPAHHH@Z 10003bc2 f i FiscalPrinter.obj
 0001:00002bfa       ??$AtlMultiply@I@ATL@@YAJPAIII@Z 10003bfa f i FiscalPrinter.obj
 0001:00002bfa       ??$AtlMultiply@K@ATL@@YAJPAKKK@Z 10003bfa f i FiscalPrinter.obj
 0001:00002c1c       ??$AtlMultiplyThrow@I@ATL@@YAIII@Z 10003c1c f i FiscalPrinter.obj
 0001:00002c42       ??0?$CComAggObject@VCOPOSFiscalPrinter@@@ATL@@QAE@PAX@Z 10003c42 f i FiscalPrinter.obj
 0001:00002c6f       ??0?$CComContainedObject@VCOPOSFiscalPrinter@@@ATL@@QAE@PAX@Z 10003c6f f i FiscalPrinter.obj
 0001:00002d28       ??0?$CComObject@V?$CComEnum@UIEnumConnectionPoints@@$1?_GUID_b196b285_bab4_101a_b69c_00aa00341d07@@3U__s_GUID@@BPAUIConnectionPoint@@V?$_CopyInterface@UIConnectionPoint@@@ATL@@VCComSingleThreadModel@6@@ATL@@@ATL@@QAE@PAX@Z 10003d28 f i FiscalPrinter.obj
 0001:00002d56       ??0?$CComObject@V?$CComEnum@UIEnumConnections@@$1?_GUID_b196b287_bab4_101a_b69c_00aa00341d07@@3U__s_GUID@@BUtagCONNECTDATA@@V?$_Copy@UtagCONNECTDATA@@@ATL@@VCComSingleThreadModel@6@@ATL@@@ATL@@QAE@PAX@Z 10003d56 f i FiscalPrinter.obj
 0001:00002d84       ??0?$CComObject@VCOPOSFiscalPrinter@@@ATL@@QAE@PAX@Z 10003d84 f i FiscalPrinter.obj
 0001:00002e3b       ??0?$CComQIPtr@UIOleControlSite@@$1?_GUID_b196b289_bab4_101a_b69c_00aa00341d07@@3U__s_GUID@@B@ATL@@QAE@PAUIUnknown@@@Z 10003e3b f i FiscalPrinter.obj
 0001:00002e64       ??0CAtlModule@ATL@@QAE@XZ  10003e64 f i FiscalPrinter.obj
 0001:00002ea5       ??0CParseBuffer@CRegParser@ATL@@QAE@H@Z 10003ea5 f i FiscalPrinter.obj
 0001:00002edb       ??0_ATL_MSG@ATL@@QAE@PAUHWND__@@IIJH@Z 10003edb f i FiscalPrinter.obj
 0001:00002f13       ??1?$CComAggObject@VCOPOSFiscalPrinter@@@ATL@@UAE@XZ 10003f13 f i FiscalPrinter.obj
 0001:00002f37       ??1?$CComEnumImpl@UIEnumConnectionPoints@@$1?_GUID_b196b285_bab4_101a_b69c_00aa00341d07@@3U__s_GUID@@BPAUIConnectionPoint@@V?$_CopyInterface@UIConnectionPoint@@@ATL@@@ATL@@UAE@XZ 10003f37 f i FiscalPrinter.obj
 0001:00002f77       ??1?$CComEnumImpl@UIEnumConnections@@$1?_GUID_b196b287_bab4_101a_b69c_00aa00341d07@@3U__s_GUID@@BUtagCONNECTDATA@@V?$_Copy@UtagCONNECTDATA@@@ATL@@@ATL@@UAE@XZ 10003f77 f i FiscalPrinter.obj
 0001:00002fb7       ??1?$CComObject@V?$CComEnum@UIEnumConnectionPoints@@$1?_GUID_b196b285_bab4_101a_b69c_00aa00341d07@@3U__s_GUID@@BPAUIConnectionPoint@@V?$_CopyInterface@UIConnectionPoint@@@ATL@@VCComSingleThreadModel@6@@ATL@@@ATL@@UAE@XZ 10003fb7 f i FiscalPrinter.obj
 0001:00002fda       ??1?$CComObject@V?$CComEnum@UIEnumConnections@@$1?_GUID_b196b287_bab4_101a_b69c_00aa00341d07@@3U__s_GUID@@BUtagCONNECTDATA@@V?$_Copy@UtagCONNECTDATA@@@ATL@@VCComSingleThreadModel@6@@ATL@@@ATL@@UAE@XZ 10003fda f i FiscalPrinter.obj
 0001:00002ffd       ??1?$CComObject@VCOPOSFiscalPrinter@@@ATL@@UAE@XZ 10003ffd f i FiscalPrinter.obj
 0001:000030bb       ??1?$CComObjectCached@VCComClassFactory@ATL@@@ATL@@UAE@XZ 100040bb f i FiscalPrinter.obj
 0001:000030d1       ??1?$CComObjectRootEx@VCComMultiThreadModel@ATL@@@ATL@@QAE@XZ 100040d1 f i FiscalPrinter.obj
 0001:000030e6       ??1CRegObject@ATL@@UAE@XZ  100040e6 f i FiscalPrinter.obj
 0001:00003106       ??4?$CComPtr@UIOleClientSite@@@ATL@@QAEPAUIOleClientSite@@PAU2@@Z 10004106 f i FiscalPrinter.obj
 0001:00003106       ??4?$CComPtr@UIUnknown@@@ATL@@QAEPAUIUnknown@@PAU2@@Z 10004106 f i FiscalPrinter.obj
 0001:00003106       ??4?$CComPtr@UIAdviseSink@@@ATL@@QAEPAUIAdviseSink@@PAU2@@Z 10004106 f i FiscalPrinter.obj
 0001:0000313a       ??_G?$CComContainedObject@VCOPOSFiscalPrinter@@@ATL@@UAEPAXI@Z 1000413a f i FiscalPrinter.obj
 0001:0000313a       ??_E?$CComContainedObject@VCOPOSFiscalPrinter@@@ATL@@UAEPAXI@Z 1000413a f i FiscalPrinter.obj
 0001:0000315f       ??_E?$CComObject@VCOPOSFiscalPrinter@@@ATL@@UAEPAXI@Z 1000415f f i FiscalPrinter.obj
 0001:0000315f       ??_G?$CComObject@VCOPOSFiscalPrinter@@@ATL@@UAEPAXI@Z 1000415f f i FiscalPrinter.obj
 0001:00003184       ?Add@?$CSimpleArray@GV?$CSimpleArrayEqualHelper@G@ATL@@@ATL@@QAEHABG@Z 10004184 f i FiscalPrinter.obj
 0001:00003208       ?Add@?$CSimpleMap@PA_WPA_WVCExpansionVectorEqualHelper@ATL@@@ATL@@QAEHABQA_W0@Z 10004208 f i FiscalPrinter.obj
 0001:0000325d       ?Add@CComDynamicUnkArray@ATL@@QAEKPAUIUnknown@@@Z 1000425d f i FiscalPrinter.obj
 0001:00003313       ?Add@CExpansionVector@ATL@@QAEHPB_W0@Z 10004313 f i FiscalPrinter.obj
 0001:0000341c       ?AddString@CParseBuffer@CRegParser@ATL@@QAEHPB_W@Z 1000441c f i FiscalPrinter.obj
 0001:00003451       ?AddTermFunc@CAtlModule@ATL@@QAEJP6GXK@ZK@Z 10004451 f i FiscalPrinter.obj
 0001:000034b4       ?AddValue@CRegParser@ATL@@IAEJAAVCRegKey@2@PB_WPA_W@Z 100044b4 f i FiscalPrinter.obj
 0001:000037ce       ?Allocate@?$CAtlSafeAllocBufferManager@VCCRTAllocator@ATL@@@_ATL_SAFE_ALLOCA_IMPL@ATL@@QAEPAXK@Z 100047ce f i FiscalPrinter.obj
 0001:000037fb       ?Allocate@?$CTempBuffer@E$0BAA@VCCRTAllocator@ATL@@@ATL@@QAEPAEI@Z 100047fb f i FiscalPrinter.obj
 0001:0000382a       ?Allocate@?$CTempBuffer@_W$0BAA@VCCRTAllocator@ATL@@@ATL@@QAEPA_WI@Z 1000482a f i FiscalPrinter.obj
 0001:00003859       ?Allocate@?$CTempBuffer@_W$0EAA@VCCRTAllocator@ATL@@@ATL@@QAEPA_WI@Z 10004859 f i FiscalPrinter.obj
 0001:00003888       ?AllocateHeap@?$CTempBuffer@_W$0EAA@VCCRTAllocator@ATL@@@ATL@@AAEXI@Z 10004888 f i FiscalPrinter.obj
 0001:00003888       ?AllocateHeap@?$CTempBuffer@_W$0BAA@VCCRTAllocator@ATL@@@ATL@@AAEXI@Z 10004888 f i FiscalPrinter.obj
 0001:00003888       ?AllocateHeap@?$CTempBuffer@E$0BAA@VCCRTAllocator@ATL@@@ATL@@AAEXI@Z 10004888 f i FiscalPrinter.obj
 0001:000038ad       ?Append@CParseBuffer@CRegParser@ATL@@QAEHPB_WH@Z 100048ad f i FiscalPrinter.obj
 0001:0000393b       ?AtlCoTaskMemCAlloc@ATL@@YAPAXKK@Z 1000493b f i FiscalPrinter.obj
 0001:00003968       ?AtlCoTaskMemRecalloc@ATL@@YAPAXPAXKK@Z 10004968 f i FiscalPrinter.obj
 0001:00003998       ?AtlComModuleGetClassObject@ATL@@YGJPAU_ATL_COM_MODULE70@1@ABU_GUID@@1PAPAX@Z 10004998 f i FiscalPrinter.obj
 0001:00003a8b       ?AtlComModuleRegisterServer@ATL@@YGJPAU_ATL_COM_MODULE70@1@HPBU_GUID@@@Z 10004a8b f i FiscalPrinter.obj
 0001:00003b13       ?AtlComModuleUnregisterServer@ATL@@YGJPAU_ATL_COM_MODULE70@1@HPBU_GUID@@@Z 10004b13 f i FiscalPrinter.obj
 0001:00003b9b       ?AtlComQIPtrAssign2@ATL@@YAXPAPAUIUnknown@@PAU2@ABU_GUID@@@Z 10004b9b f i FiscalPrinter.obj
 0001:00003bca       ?AtlCreateTargetDC@ATL@@YGPAUHDC__@@PAU2@PAUtagDVTARGETDEVICE@@@Z 10004bca f i FiscalPrinter.obj
 0001:00003c33       ?AtlCrtErrorCheck@ATL@@YAHH@Z 10004c33 f i FiscalPrinter.obj
 0001:00003c6e       ?AtlHiMetricToPixel@ATL@@YGXPBUtagSIZE@@PAU2@@Z 10004c6e f i FiscalPrinter.obj
 0001:00003ce3       ?AtlHresultFromLastError@ATL@@YAJXZ 10004ce3 f i FiscalPrinter.obj
 0001:00003cfa       ?AtlHresultFromWin32@ATL@@YAJK@Z 10004cfa f i FiscalPrinter.obj
 0001:00003d0f       ?AtlInternalOleLoadFromStream@ATL@@YAJPAUIStream@@ABU_GUID@@PAPAXTClassesAllowedInStream@1@K@Z 10004d0f f i FiscalPrinter.obj
 0001:00003e2d       ?AtlInternalQueryInterface@ATL@@YGJPAXPBU_ATL_INTMAP_ENTRY@1@ABU_GUID@@PAPAX@Z 10004e2d f i FiscalPrinter.obj
 0001:00003ed0       ?AtlLoadTypeLib@ATL@@YGJPAUHINSTANCE__@@PB_WPAPA_WPAPAUITypeLib@@@Z 10004ed0 f i FiscalPrinter.obj
 0001:000040ae       ?AtlRegisterClassCategoriesHelper@ATL@@YGJABU_GUID@@PBU_ATL_CATMAP_ENTRY@1@H@Z 100050ae f i FiscalPrinter.obj
 0001:000043aa       ?AtlRegisterTypeLib@ATL@@YGJPAUHINSTANCE__@@PB_W@Z 100053aa f i FiscalPrinter.obj
 0001:00004532       ?AtlThrowImpl@ATL@@YGXJ@Z  10005532 f i FiscalPrinter.obj
 0001:00004550       ?AtlUnRegisterTypeLib@ATL@@YGJPAUHINSTANCE__@@PB_W@Z 10005550 f i FiscalPrinter.obj
 0001:000045fb       ?AtlWinModuleAddCreateWndData@ATL@@YGXPAU_ATL_WIN_MODULE70@1@PAU_AtlCreateWndData@1@PAX@Z 100055fb f i FiscalPrinter.obj
 0001:0000464f       ?AtlWinModuleExtractCreateWndData@ATL@@YGPAXPAU_ATL_WIN_MODULE70@1@@Z 1000564f f i FiscalPrinter.obj
 0001:000046b2       ?AtlWinModuleRegisterClassExW@ATL@@YGGPAU_ATL_WIN_MODULE70@1@PBUtagWNDCLASSEXW@@@Z 100056b2 f i FiscalPrinter.obj
 0001:000046f1       ?CanForceRemoveKey@CRegParser@ATL@@IAEHPB_W@Z 100056f1 f i FiscalPrinter.obj
 0001:00004720       ?ChToByte@CRegParser@ATL@@KAE_W@Z 10005720 f i FiscalPrinter.obj
 0001:00004753       ?Cleanup@CComTypeInfoHolder@ATL@@SGXK@Z 10005753 f i FiscalPrinter.obj
 0001:00004786       ?ClearReplacements@CExpansionVector@ATL@@QAEJXZ 10005786 f i FiscalPrinter.obj
 0001:000047c3       ?Close@CRegKey@ATL@@QAEJXZ 100057c3 f i FiscalPrinter.obj
 0001:000047dd       ?CreateInstance@?$CComCreator@V?$CComAggObject@VCOPOSFiscalPrinter@@@ATL@@@ATL@@SGJPAXABU_GUID@@PAPAX@Z 100057dd f i FiscalPrinter.obj
 0001:00004852       ?CreateInstance@?$CComCreator@V?$CComObject@VCOPOSFiscalPrinter@@@ATL@@@ATL@@SGJPAXABU_GUID@@PAPAX@Z 10005852 f i FiscalPrinter.obj
 0001:000048d2       ?CreateInstance@?$CComObject@V?$CComEnum@UIEnumConnectionPoints@@$1?_GUID_b196b285_bab4_101a_b69c_00aa00341d07@@3U__s_GUID@@BPAUIConnectionPoint@@V?$_CopyInterface@UIConnectionPoint@@@ATL@@VCComSingleThreadModel@6@@ATL@@@ATL@@SGJPAPAV12@@Z 100058d2 f i FiscalPrinter.obj
 0001:0000491c       ?CreateInstance@?$CComObject@V?$CComEnum@UIEnumConnections@@$1?_GUID_b196b287_bab4_101a_b69c_00aa00341d07@@3U__s_GUID@@BUtagCONNECTDATA@@V?$_Copy@UtagCONNECTDATA@@@ATL@@VCComSingleThreadModel@6@@ATL@@@ATL@@SGJPAPAV12@@Z 1000591c f i FiscalPrinter.obj
 0001:00004966       ?DefaultReflectionHandler@?$CWindowImplRoot@VCWindow@ATL@@@ATL@@SAHPAUHWND__@@IIJAAJ@Z 10005966 f i FiscalPrinter.obj
 0001:000049d9       ?DeleteSubKey@CRegKey@ATL@@QAEJPB_W@Z 100059d9 f i FiscalPrinter.obj
 0001:00004a52       ?DoEvent@COPOSFiscalPrinter@@IAEXIIJ@Z 10005a52 f i FiscalPrinter.obj
 0001:00004ad2       ?DoVerbHide@?$IOleObjectImpl@VCOPOSFiscalPrinter@@@ATL@@QAEJPBUtagRECT@@PAUHWND__@@@Z 10005ad2 f i FiscalPrinter.obj
 0001:00004b08       ?DoVerbInPlaceActivate@?$IOleObjectImpl@VCOPOSFiscalPrinter@@@ATL@@QAEJPBUtagRECT@@PAUHWND__@@@Z 10005b08 f i FiscalPrinter.obj
 0001:00004b3b       ?DoVerbPrimary@?$IOleObjectImpl@VCOPOSFiscalPrinter@@@ATL@@QAEJPBUtagRECT@@PAUHWND__@@@Z 10005b3b f i FiscalPrinter.obj
 0001:00004bc7       ?DoVerbProperties@CComControlBase@ATL@@QAEJPBUtagRECT@@PAUHWND__@@@Z 10005bc7 f i FiscalPrinter.obj
 0001:00004d46       ?DoVerbUIActivate@?$IOleObjectImpl@VCOPOSFiscalPrinter@@@ATL@@QAEJPBUtagRECT@@PAUHWND__@@@Z 10005d46 f i FiscalPrinter.obj
 0001:00004d83       ?DoesVerbActivate@CComControlBase@ATL@@QAEHJ@Z 10005d83 f i FiscalPrinter.obj
 0001:00004da4       ?DoesVerbUIActivate@CComControlBase@ATL@@QAEHJ@Z 10005da4 f i FiscalPrinter.obj
 0001:00004dd9       ?EndOfVar@CRegParser@ATL@@IAEHXZ 10005dd9 f i FiscalPrinter.obj
 0001:00004df9       ?EscapeSingleQuote@CAtlModule@ATL@@SAXPA_WIPB_W@Z 10005df9 f i FiscalPrinter.obj
 0001:00004e48       ?FindKey@?$CSimpleMap@PA_WPA_WVCExpansionVectorEqualHelper@ATL@@@ATL@@QBEHABQA_W@Z 10005e48 f i FiscalPrinter.obj
 0001:00004e7f       ?FireTheEvent@?$CProxy_IOPOSEvents@VCOPOSFiscalPrinter@@@@IAEXPAVOposVariant@@IAAJPB_WJ@Z 10005e7f f i FiscalPrinter.obj
 0001:00004f11       ?FireViewChange@CComControlBase@ATL@@QAEJXZ 10005f11 f i FiscalPrinter.obj
 0001:00004f5a       ?Fire_DirectIOEvent@?$CProxy_IOPOSEvents@VCOPOSFiscalPrinter@@@@QAEXJPAJPAPA_W@Z 10005f5a f i FiscalPrinter.obj
 0001:00005046       ?Fire_ErrorEvent@?$CProxy_IOPOSEvents@VCOPOSFiscalPrinter@@@@QAEXJJJPAJ@Z 10006046 f i FiscalPrinter.obj
 0001:00005137       ?Fire_OutputCompleteEvent@?$CProxy_IOPOSEvents@VCOPOSFiscalPrinter@@@@QAEXJ@Z 10006137 f i FiscalPrinter.obj
 0001:000051cd       ?Fire_StatusUpdateEvent@?$CProxy_IOPOSEvents@VCOPOSFiscalPrinter@@@@QAEXJ@Z 100061cd f i FiscalPrinter.obj
 0001:00005263       ?FreeHeap@?$CTempBuffer@E$0BAA@VCCRTAllocator@ATL@@@ATL@@AAEXXZ 10006263 f i FiscalPrinter.obj
 0001:00005263       ?FreeHeap@?$CTempBuffer@_W$0BAA@VCCRTAllocator@ATL@@@ATL@@AAEXXZ 10006263 f i FiscalPrinter.obj
 0001:00005263       ?FreeHeap@?$CTempBuffer@_W$0EAA@VCCRTAllocator@ATL@@@ATL@@AAEXXZ 10006263 f i FiscalPrinter.obj
 0001:0000526c       ?GetAmbientLocaleID@CComControlBase@ATL@@QAEJAAK@Z 1000626c f i FiscalPrinter.obj
 0001:000052c8       ?GetAmbientUserMode@CComControlBase@ATL@@QAEJAAH@Z 100062c8 f i FiscalPrinter.obj
 0001:00005338       ?GetAt@CComDynamicUnkArray@ATL@@QAEPAUIUnknown@@H@Z 10006338 f i FiscalPrinter.obj
 0001:00005354       ?GetClassObject@CComModule@ATL@@QAEJABU_GUID@@0PAPAX@Z 10006354 f i FiscalPrinter.obj
 0001:000053f6       ?GetConnMap@COPOSFiscalPrinter@@SAPBU_ATL_CONNMAP_ENTRY@ATL@@PAH@Z 100063f6 f i FiscalPrinter.obj
 0001:00005466       ?GetCookie@CComDynamicUnkArray@ATL@@QAGKPAPAUIUnknown@@@Z 10006466 f i FiscalPrinter.obj
 0001:0000549e       ?GetIDsOfNames@CComTypeInfoHolder@ATL@@QAEJABU_GUID@@PAPA_WIKPAJ@Z 1000649e f i FiscalPrinter.obj
 0001:000055c5       ?GetKeyAt@?$CSimpleMap@PA_WPA_WVCExpansionVectorEqualHelper@ATL@@@ATL@@QBEAAPA_WH@Z 100065c5 f i FiscalPrinter.obj
 0001:000055ea       ?GetPagesHelper@?$ISpecifyPropertyPagesImpl@VCOPOSFiscalPrinter@@@ATL@@IAEJPAUtagCAUUID@@PBUATL_PROPMAP_ENTRY@2@@Z 100065ea f i FiscalPrinter.obj
 0001:00005711       ?GetProperty@?$CComPtr@UIDispatch@@@ATL@@SAJPAUIDispatch@@JPAUtagVARIANT@@@Z 10006711 f i FiscalPrinter.obj
 0001:00005760       ?GetSizeMax@CComVariant@ATL@@QBEJPAT_ULARGE_INTEGER@@@Z 10006760 f i FiscalPrinter.obj
 0001:00005922       ?GetTI@CComTypeInfoHolder@ATL@@QAEJK@Z 10006922 f i FiscalPrinter.obj
 0001:00005b01       ?GetTI@CComTypeInfoHolder@ATL@@QAEJKPAPAUITypeInfo@@@Z 10006b01 f i FiscalPrinter.obj
 0001:00005b43       ?GetUnknown@CComDynamicUnkArray@ATL@@QAGPAUIUnknown@@K@Z 10006b43 f i FiscalPrinter.obj
 0001:00005b64       ?GetValueAt@?$CSimpleMap@PA_WPA_WVCExpansionVectorEqualHelper@ATL@@@ATL@@QBEAAPA_WH@Z 10006b64 f i FiscalPrinter.obj
 0001:00005b8a       ?GetZoomInfo@CComControlBase@ATL@@QAEXAAUATL_DRAWINFO@@@Z 10006b8a f i FiscalPrinter.obj
 0001:00005c1d       ?HKeyFromString@CRegParser@ATL@@KAPAUHKEY__@@PA_W@Z 10006c1d f i FiscalPrinter.obj
 0001:00005c4b       ?HasSubKeys@CRegParser@ATL@@IAEHPAUHKEY__@@@Z 10006c4b f i FiscalPrinter.obj
 0001:00005c80       ?IDataObject_GetData@CComControlBase@ATL@@QAEJPAUtagFORMATETC@@PAUtagSTGMEDIUM@@@Z 10006c80 f i FiscalPrinter.obj
 0001:00005e26       ?IOleInPlaceObject_InPlaceDeactivate@CComControlBase@ATL@@QAEJXZ 10006e26 f i FiscalPrinter.obj
 0001:00005ead       ?IOleInPlaceObject_SetObjectRects@CComControlBase@ATL@@QAEJPBUtagRECT@@0@Z 10006ead f i FiscalPrinter.obj
 0001:00005f7a       ?IOleInPlaceObject_UIDeactivate@CComControlBase@ATL@@QAEJXZ 10006f7a f i FiscalPrinter.obj
 0001:0000603c       ?IOleObject_Advise@CComControlBase@ATL@@QAEJPAUIAdviseSink@@PAK@Z 1000703c f i FiscalPrinter.obj
 0001:00006066       ?IOleObject_Close@CComControlBase@ATL@@QAEJK@Z 10007066 f i FiscalPrinter.obj
 0001:0000614a       ?IOleObject_GetClientSite@CComControlBase@ATL@@QAEJPAPAUIOleClientSite@@@Z 1000714a f i FiscalPrinter.obj
 0001:00006173       ?IOleObject_SetClientSite@CComControlBase@ATL@@QAEJPAUIOleClientSite@@@Z 10007173 f i FiscalPrinter.obj
 0001:000061b2       ?IOleObject_SetExtent@CComControlBase@ATL@@QAEJKPAUtagSIZE@@@Z 100071b2 f i FiscalPrinter.obj
 0001:00006266       ?IPSI_GetIPersistStreamInit@?$IPersistStorageImpl@VCOPOSFiscalPrinter@@@ATL@@AAEPAUIPersistStreamInit@@XZ 10007266 f i FiscalPrinter.obj
 0001:0000630e       ?IPersistStreamInit_Load@?$IPersistStreamInitImpl@VCOPOSFiscalPrinter@@@ATL@@QAEJPAUIStream@@PBUATL_PROPMAP_ENTRY@2@@Z 1000730e f i FiscalPrinter.obj
 0001:00006583       ?IPersistStreamInit_Save@?$IPersistStreamInitImpl@VCOPOSFiscalPrinter@@@ATL@@QAEJPAUIStream@@HPBUATL_PROPMAP_ENTRY@2@@Z 10007583 f i FiscalPrinter.obj
 0001:00006771       ?IQuickActivate_QuickActivate@CComControlBase@ATL@@QAEJPAUtagQACONTAINER@@PAUtagQACONTROL@@@Z 10007771 f i FiscalPrinter.obj
 0001:000069b3       ?IViewObject_Draw@CComControlBase@ATL@@QAEJKJPAXPAUtagDVTARGETDEVICE@@PAUHDC__@@2PBU_RECTL@@3@Z 100079b3 f i FiscalPrinter.obj
 0001:00006a5b       ?InPlaceActivate@CComControlBase@ATL@@QAEJJPBUtagRECT@@@Z 10007a5b f i FiscalPrinter.obj
 0001:00006ccc       ?Init@?$CComEnumImpl@UIEnumConnectionPoints@@$1?_GUID_b196b285_bab4_101a_b69c_00aa00341d07@@3U__s_GUID@@BPAUIConnectionPoint@@V?$_CopyInterface@UIConnectionPoint@@@ATL@@@ATL@@QAEJPAPAUIConnectionPoint@@0PAUIUnknown@@W4CComEnumFlags@2@@Z 10007ccc f i FiscalPrinter.obj
 0001:00006dab       ?Init@?$CComEnumImpl@UIEnumConnections@@$1?_GUID_b196b287_bab4_101a_b69c_00aa00341d07@@3U__s_GUID@@BUtagCONNECTDATA@@V?$_Copy@UtagCONNECTDATA@@@ATL@@@ATL@@QAEJPAUtagCONNECTDATA@@0PAUIUnknown@@W4CComEnumFlags@2@@Z 10007dab f i FiscalPrinter.obj
 0001:00006e8a       ?Init@CComModule@ATL@@QAEJPAU_ATL_OBJMAP_ENTRY30@2@PAUHINSTANCE__@@PBU_GUID@@@Z 10007e8a f i FiscalPrinter.obj
 0001:00006ee9       ?Init@CDynamicStdCallThunk2@ATL@@QAEHKPAX@Z 10007ee9 f i FiscalPrinter.obj
 0001:00006f14       ?InlineIsEqualUnknown@ATL@@YGHABU_GUID@@@Z 10007f14 f i FiscalPrinter.obj
 0001:00006f3c       ?InternalSetAtIndex@?$CSimpleMap@PA_WPA_WVCExpansionVectorEqualHelper@ATL@@@ATL@@QAEXHABQA_W0@Z 10007f3c f i FiscalPrinter.obj
 0001:00006f66       ?Invoke@CComTypeInfoHolder@ATL@@QAEJPAUIDispatch@@JABU_GUID@@KGPAUtagDISPPARAMS@@PAUtagVARIANT@@PAUtagEXCEPINFO@@PAI@Z 10007f66 f i FiscalPrinter.obj
 0001:00006fa9       ?IsEqualObject@?$CComPtrBase@UITypeInfo@@@ATL@@QAE_NPAUIUnknown@@@Z 10007fa9 f i FiscalPrinter.obj
 0001:00006fa9       ?IsEqualObject@?$CComPtrBase@UIOleClientSite@@@ATL@@QAE_NPAUIUnknown@@@Z 10007fa9 f i FiscalPrinter.obj
 0001:00007016       ?IsSpace@CRegParser@ATL@@IAEH_W@Z 10008016 f i FiscalPrinter.obj
 0001:00007040       ?LoadNameCache@CComTypeInfoHolder@ATL@@QAEJPAUITypeInfo@@@Z 10008040 f i FiscalPrinter.obj
 0001:00007175       ?Lookup@?$CSimpleMap@PA_WPA_WVCExpansionVectorEqualHelper@ATL@@@ATL@@QBEPA_WABQA_W@Z 10008175 f i FiscalPrinter.obj
 0001:0000719b       ?NextToken@CRegParser@ATL@@IAEJPA_W@Z 1000819b f i FiscalPrinter.obj
 0001:000072d3       ?OnKillFocus@CComControlBase@ATL@@QAEJIIJAAH@Z 100082d3 f i FiscalPrinter.obj
 0001:0000732e       ?OnMouseActivate@CComControlBase@ATL@@QAEJIIJAAH@Z 1000832e f i FiscalPrinter.obj
 0001:0000739c       ?OnPaint@CComControlBase@ATL@@QAEJIIJAAH@Z 1000839c f i FiscalPrinter.obj
 0001:0000744e       ?OnSetFocus@CComControlBase@ATL@@QAEJIIJAAH@Z 1000844e f i FiscalPrinter.obj
 0001:000074d7       ?Open@CRegKey@ATL@@QAEJPAUHKEY__@@PB_WK@Z 100084d7 f i FiscalPrinter.obj
 0001:0000752c       ?PreProcessBuffer@CRegParser@ATL@@QAEJPA_WPAPA_W@Z 1000852c f i FiscalPrinter.obj
 0001:0000779b       ?ProcessWindowMessage@?$CComControl@VCOPOSFiscalPrinter@@V?$CWindowImpl@VCOPOSFiscalPrinter@@VCWindow@ATL@@V?$CWinTraits@$0FGAAAAAA@$0A@@3@@ATL@@@ATL@@UAEHPAUHWND__@@IIJAAJK@Z 1000879b f i FiscalPrinter.obj
 0001:0000783a       ?ReadFromStream@CComBSTR@ATL@@QAEJPAUIStream@@@Z 1000883a f i FiscalPrinter.obj
 0001:0000795d       ?ReadFromStream@CComVariant@ATL@@QAEJPAUIStream@@GTClassesAllowedInStream@2@K@Z 1000895d f i FiscalPrinter.obj
 0001:00007ae7       ?RecurseDeleteKey@CRegKey@ATL@@QAEJPB_W@Z 10008ae7 f i FiscalPrinter.obj
 0001:00007bd5       ?RegCreateKeyExW@CAtlTransactionManager@ATL@@QAEJPAUHKEY__@@PB_WKPA_WKKQAU_SECURITY_ATTRIBUTES@@PAPAU3@PAK@Z 10008bd5 f i FiscalPrinter.obj
 0001:00007c38       ?RegDeleteKeyW@CAtlTransactionManager@ATL@@QAEJPAUHKEY__@@PB_W@Z 10008c38 f i FiscalPrinter.obj
 0001:00007c8a       ?RegOpenKeyExW@CAtlTransactionManager@ATL@@QAEJPAUHKEY__@@PB_WKKPAPAU3@@Z 10008c8a f i FiscalPrinter.obj
 0001:00007ce1       ?Register@_ATL_WNDCLASSINFOW@ATL@@QAEGPAP6GJPAUHWND__@@IIJ@Z@Z 10008ce1 f i FiscalPrinter.obj
 0001:00007d01       ?RegisterBuffer@CRegParser@ATL@@QAEJPA_WH@Z 10008d01 f i FiscalPrinter.obj
 0001:00007e48       ?RegisterFromResource@CRegObject@ATL@@IAEJPB_W00H@Z 10008e48 f i FiscalPrinter.obj
 0001:00007f7e       ?RegisterServer@?$CAtlModuleT@VCComModule@ATL@@@ATL@@QAEJHPBU_GUID@@@Z 10008f7e f i FiscalPrinter.obj
 0001:00007fac       ?RegisterServer@CComModule@ATL@@QAEJHPBU_GUID@@@Z 10008fac f i FiscalPrinter.obj
 0001:00008022       ?RegisterSubkeys@CRegParser@ATL@@IAEJPA_WPAUHKEY__@@HH@Z 10009022 f i FiscalPrinter.obj
 0001:000086cf       ?Remove@CComDynamicUnkArray@ATL@@QAEHK@Z 100096cf f i FiscalPrinter.obj
 0001:000086f8       ?RemoveAll@?$CSimpleMap@PA_WPA_WVCExpansionVectorEqualHelper@ATL@@@ATL@@QAEXXZ 100096f8 f i FiscalPrinter.obj
 0001:00008724       ?ResourceRegisterSz@CRegObject@ATL@@QAGJPB_W00@Z 10009724 f i FiscalPrinter.obj
 0001:00008751       ?ResourceUnregisterSz@CRegObject@ATL@@QAGJPB_W00@Z 10009751 f i FiscalPrinter.obj
 0001:0000877e       ?SendOnDataChange@CComControlBase@ATL@@QAEJK@Z 1000977e f i FiscalPrinter.obj
 0001:000087cb       ?SetControlFocus@CComControlBase@ATL@@QAEHH@Z 100097cb f i FiscalPrinter.obj
 0001:00008868       ?SetMultiStringValue@CRegKey@ATL@@QAEJPB_W0@Z 10009868 f i FiscalPrinter.obj
 0001:000088c4       ?SetStringValue@CRegKey@ATL@@QAEJPB_W0K@Z 100098c4 f i FiscalPrinter.obj
 0001:0000890d       ?SkipAssignment@CRegParser@ATL@@IAEJPA_W@Z 1000990d f i FiscalPrinter.obj
 0001:00008972       ?SkipWhiteSpace@CRegParser@ATL@@IAEXXZ 10009972 f i FiscalPrinter.obj
 0001:00008994       ?StrChrW@CRegParser@ATL@@KAPA_WPA_W_W@Z 10009994 f i FiscalPrinter.obj
 0001:000089d1       ?Term@CAtlModule@ATL@@QAEXXZ 100099d1 f i FiscalPrinter.obj
 0001:00008a24       ?Term@CComModule@ATL@@QAEXXZ 10009a24 f i FiscalPrinter.obj
 0001:00008a7c       ?UnregisterServer@?$CAtlModuleT@VCComModule@ATL@@@ATL@@QAEJHPBU_GUID@@@Z 10009a7c f i FiscalPrinter.obj
 0001:00008aa2       ?UnregisterServer@CComModule@ATL@@QAEJHPBU_GUID@@@Z 10009aa2 f i FiscalPrinter.obj
 0001:00008b18       ?UpdateRegistryFromResource@CAtlModule@ATL@@QAGJIHPAU_ATL_REGMAP_ENTRY@2@@Z 10009b18 f i FiscalPrinter.obj
 0001:00008ce3       ?UpdateRegistryFromResource@CAtlModule@ATL@@QAGJPB_WHPAU_ATL_REGMAP_ENTRY@2@@Z 10009ce3 f i FiscalPrinter.obj
 0001:00008eb4       ?VTFromRegType@CRegParser@ATL@@KAHPB_WAAG@Z 10009eb4 f i FiscalPrinter.obj
 0001:00008f21       ?WindowProc@?$CWindowImplBaseT@VCWindow@ATL@@V?$CWinTraits@$0FGAAAAAA@$0A@@2@@ATL@@SGJPAUHWND__@@IIJ@Z 10009f21 f i FiscalPrinter.obj
 0001:00009013       ?WriteToStream@CComBSTR@ATL@@QAEJPAUIStream@@@Z 1000a013 f i FiscalPrinter.obj
 0001:00009075       ?WriteToStream@CComVariant@ATL@@QAEJPAUIStream@@@Z 1000a075 f i FiscalPrinter.obj
 0001:000091ef       ?WriteToStream@CComVariant@ATL@@QAEJPAUIStream@@G@Z 1000a1ef f i FiscalPrinter.obj
 0001:00009258       ?_AtlInitialConstruct@?$CComObjectRootEx@VCComMultiThreadModel@ATL@@@ATL@@QAEJXZ 1000a258 f i FiscalPrinter.obj
 0001:0000926d       ?_AtlVerifyStackAvailable@_ATL_SAFE_ALLOCA_IMPL@ATL@@YA_NK@Z 1000a26d f i FiscalPrinter.obj
 0001:000092eb       ?atlCreate@?$CWindowImpl@VCOPOSFiscalPrinter@@VCWindow@ATL@@V?$CWinTraits@$0FGAAAAAA@$0A@@3@@ATL@@QAEPAUHWND__@@PAU3@V_U_RECT@2@PB_WKKV_U_MENUorID@2@PAX@Z 1000a2eb f i FiscalPrinter.obj
 0001:0000932f       ?atlCreate@?$CWindowImplBaseT@VCWindow@ATL@@V?$CWinTraits@$0FGAAAAAA@$0A@@2@@ATL@@QAEPAUHWND__@@PAU3@V_U_RECT@2@PB_WKKV_U_MENUorID@2@GPAX@Z 1000a32f f i FiscalPrinter.obj
 0001:000093cb       ?copy@?$_Copy@UtagCONNECTDATA@@@ATL@@SAJPAUtagCONNECTDATA@@PBU3@@Z 1000a3cb f i FiscalPrinter.obj
 0001:00009401       ?copy@?$_CopyInterface@UIConnectionPoint@@@ATL@@SAJPAPAUIConnectionPoint@@PBQAU3@@Z 1000a401 f i FiscalPrinter.obj
 0001:0000942f       ?memcpy_s@Checked@ATL@@YAXPAXIPBXI@Z 1000a42f f i FiscalPrinter.obj
 0001:0000944e       ?ocscpy_s@@YA_NPA_WIPB_W@Z 1000a44e f i FiscalPrinter.obj
 0001:00009498       ?wcscpy_s@Checked@ATL@@YAXPA_WIPB_W@Z 1000a498 f i FiscalPrinter.obj
 0001:000094b4       _DllCanUnloadNow@0         1000a4b4 f   FiscalPrinter.obj
 0001:000094c0       _DllGetClassObject@12      1000a4c0 f   FiscalPrinter.obj
 0001:000094ce       _DllMain@12                1000a4ce f   FiscalPrinter.obj
 0001:00009510       _DllRegisterServer@0       1000a510 f   FiscalPrinter.obj
 0001:0000951f       _DllUnregisterServer@0     1000a51f f   FiscalPrinter.obj
 0001:0000952e       _InlineIsEqualGUID         1000a52e f i FiscalPrinter.obj
 0001:0000955e       ___local_stdio_printf_options 1000a55e f i FiscalPrinter.obj
 0001:00009564       __vswprintf_s_l            1000a564 f i FiscalPrinter.obj
 0001:00009611       _swprintf_s                1000a611 f i FiscalPrinter.obj
 0001:0000962d       ??0?$CComControl@VCOPOSFiscalPrinter@@V?$CWindowImpl@VCOPOSFiscalPrinter@@VCWindow@ATL@@V?$CWinTraits@$0FGAAAAAA@$0A@@3@@ATL@@@ATL@@QAE@XZ 1000a62d f i FiscalPrinterImpl.obj
 0001:00009654       ??0?$CProxy_IOPOSEvents@VCOPOSFiscalPrinter@@@@QAE@XZ 1000a654 f i FiscalPrinterImpl.obj
 0001:00009674       ??0CComControlBase@ATL@@QAE@AAPAUHWND__@@@Z 1000a674 f i FiscalPrinterImpl.obj
 0001:000096be       ??0COPOSFiscalPrinter@@QAE@XZ 1000a6be f   FiscalPrinterImpl.obj
 0001:000096f4       ??1?$CComControl@VCOPOSFiscalPrinter@@V?$CWindowImpl@VCOPOSFiscalPrinter@@VCWindow@ATL@@V?$CWinTraits@$0FGAAAAAA@$0A@@3@@ATL@@@ATL@@UAE@XZ 1000a6f4 f i FiscalPrinterImpl.obj
 0001:0000970d       ??1?$IConnectionPointImpl@VCOPOSFiscalPrinter@@$1?IID_IPropertyNotifySink@@3U_GUID@@BVCComDynamicUnkArray@ATL@@@ATL@@QAE@XZ 1000a70d f i FiscalPrinterImpl.obj
 0001:0000970d       ??1?$IConnectionPointImpl@VCOPOSFiscalPrinter@@$1?DIID__IOPOSFiscalPrinterEvents@@3U_GUID@@BVCComDynamicUnkArray@ATL@@@ATL@@QAE@XZ 1000a70d f i FiscalPrinterImpl.obj
 0001:0000974a       ??1CComControlBase@ATL@@UAE@XZ 1000a74a f i FiscalPrinterImpl.obj
 0001:000097ad       ??1COPOSFiscalPrinter@@UAE@XZ 1000a7ad f   FiscalPrinterImpl.obj
 0001:000097f5       ?BeginFiscalDocument@COPOSFiscalPrinter@@UAGJJPAJ@Z 1000a7f5 f   FiscalPrinterImpl.obj
 0001:00009844       ?BeginFiscalReceipt@COPOSFiscalPrinter@@UAGJFPAJ@Z 1000a844 f   FiscalPrinterImpl.obj
 0001:00009893       ?BeginFixedOutput@COPOSFiscalPrinter@@UAGJJJPAJ@Z 1000a893 f   FiscalPrinterImpl.obj
 0001:00009907       ?BeginInsertion@COPOSFiscalPrinter@@UAGJJPAJ@Z 1000a907 f   FiscalPrinterImpl.obj
 0001:00009956       ?BeginItemList@COPOSFiscalPrinter@@UAGJJPAJ@Z 1000a956 f   FiscalPrinterImpl.obj
 0001:000099a5       ?BeginNonFiscal@COPOSFiscalPrinter@@UAGJPAJ@Z 1000a9a5 f   FiscalPrinterImpl.obj
 0001:000099c0       ?BeginRemoval@COPOSFiscalPrinter@@UAGJJPAJ@Z 1000a9c0 f   FiscalPrinterImpl.obj
 0001:00009a0f       ?BeginTraining@COPOSFiscalPrinter@@UAGJPAJ@Z 1000aa0f f   FiscalPrinterImpl.obj
 0001:00009a2a       ?CheckHealth@COPOSFiscalPrinter@@UAGJJPAJ@Z 1000aa2a f   FiscalPrinterImpl.obj
 0001:00009a79       ?ClaimDevice@COPOSFiscalPrinter@@UAGJJPAJ@Z 1000aa79 f   FiscalPrinterImpl.obj
 0001:00009aee       ?ClearError@COPOSFiscalPrinter@@UAGJPAJ@Z 1000aaee f   FiscalPrinterImpl.obj
 0001:00009b09       ?ClearOutput@COPOSFiscalPrinter@@UAGJPAJ@Z 1000ab09 f   FiscalPrinterImpl.obj
 0001:00009b24       ?Close@COPOSFiscalPrinter@@UAGJPAJ@Z 1000ab24 f   FiscalPrinterImpl.obj
 0001:00009b92       ?CompareFirmwareVersion@COPOSFiscalPrinter@@UAGJPA_WPAJ1@Z 1000ab92 f   FiscalPrinterImpl.obj
 0001:00009c12       ?DirectIO@COPOSFiscalPrinter@@UAGJJPAJPAPA_W0@Z 1000ac12 f   FiscalPrinterImpl.obj
 0001:00009cc0       ?DoInvoke@COPOSFiscalPrinter@@IAEJJPAVOposVariant@@IHPAJ_N@Z 1000acc0 f   FiscalPrinterImpl.obj
 0001:00009d9c       ?EndFiscalDocument@COPOSFiscalPrinter@@UAGJPAJ@Z 1000ad9c f   FiscalPrinterImpl.obj
 0001:00009db7       ?EndFiscalReceipt@COPOSFiscalPrinter@@UAGJFPAJ@Z 1000adb7 f   FiscalPrinterImpl.obj
 0001:00009e06       ?EndFixedOutput@COPOSFiscalPrinter@@UAGJPAJ@Z 1000ae06 f   FiscalPrinterImpl.obj
 0001:00009e21       ?EndInsertion@COPOSFiscalPrinter@@UAGJPAJ@Z 1000ae21 f   FiscalPrinterImpl.obj
 0001:00009e3c       ?EndItemList@COPOSFiscalPrinter@@UAGJPAJ@Z 1000ae3c f   FiscalPrinterImpl.obj
 0001:00009e57       ?EndNonFiscal@COPOSFiscalPrinter@@UAGJPAJ@Z 1000ae57 f   FiscalPrinterImpl.obj
 0001:00009e72       ?EndRemoval@COPOSFiscalPrinter@@UAGJPAJ@Z 1000ae72 f   FiscalPrinterImpl.obj
 0001:00009e8d       ?EndTraining@COPOSFiscalPrinter@@UAGJPAJ@Z 1000ae8d f   FiscalPrinterImpl.obj
 0001:00009ea8       ?EventClose@COPOSFiscalPrinter@@IAEXXZ 1000aea8 f i FiscalPrinterImpl.obj
 0001:00009edb       ?EventInit@COPOSFiscalPrinter@@IAEJXZ 1000aedb f i FiscalPrinterImpl.obj
 0001:00009fa7       ?EventUninit@COPOSFiscalPrinter@@IAEXXZ 1000afa7 f i FiscalPrinterImpl.obj
 0001:00009ff9       ?EventWindowProc@COPOSFiscalPrinter@@IAGJIIJ@Z 1000aff9 f i FiscalPrinterImpl.obj
 0001:0000a0cc       ?FinalConstruct@COPOSFiscalPrinter@@QAEJXZ 1000b0cc f   FiscalPrinterImpl.obj
 0001:0000a105       ?FireEventCleanup@COPOSFiscalPrinter@@IAEXXZ 1000b105 f i FiscalPrinterImpl.obj
 0001:0000a11b       ?FireEventSetup@COPOSFiscalPrinter@@IAE_NXZ 1000b11b f i FiscalPrinterImpl.obj
 0001:0000a14f       ?FreezeEvents@COPOSFiscalPrinter@@MAGJH@Z 1000b14f f   FiscalPrinterImpl.obj
 0001:0000a1af       ?GetData@COPOSFiscalPrinter@@UAGJJPAJPAPA_W0@Z 1000b1af f   FiscalPrinterImpl.obj
 0001:0000a25d       ?GetDate@COPOSFiscalPrinter@@UAGJPAPA_WPAJ@Z 1000b25d f   FiscalPrinterImpl.obj
 0001:0000a2b4       ?GetOposProp@COPOSFiscalPrinter@@IAEJJPAFJ@Z 1000b2b4 f   FiscalPrinterImpl.obj
 0001:0000a2d7       ?GetOposProp@COPOSFiscalPrinter@@IAEJJPAJJ@Z 1000b2d7 f   FiscalPrinterImpl.obj
 0001:0000a3a6       ?GetOposProp@COPOSFiscalPrinter@@IAEJJPAPA_WJ@Z 1000b3a6 f   FiscalPrinterImpl.obj
 0001:0000a482       ?GetTotalizer@COPOSFiscalPrinter@@UAGJJJPAPA_WPAJ@Z 1000b482 f   FiscalPrinterImpl.obj
 0001:0000a526       ?GetVatEntry@COPOSFiscalPrinter@@UAGJJJPAJ0@Z 1000b526 f   FiscalPrinterImpl.obj
 0001:0000a5ca       ?OnDraw@COPOSFiscalPrinter@@MAEJAAUATL_DRAWINFO@@@Z 1000b5ca f   FiscalPrinterImpl.obj
 0001:0000a66a       ?Open@COPOSFiscalPrinter@@UAGJPA_WPAJ@Z 1000b66a f   FiscalPrinterImpl.obj
 0001:0000aeb0       ?PrintDuplicateReceipt@COPOSFiscalPrinter@@UAGJPAJ@Z 1000beb0 f   FiscalPrinterImpl.obj
 0001:0000aecb       ?PrintFiscalDocumentLine@COPOSFiscalPrinter@@UAGJPA_WPAJ@Z 1000becb f   FiscalPrinterImpl.obj
 0001:0000af22       ?PrintFixedOutput@COPOSFiscalPrinter@@UAGJJJPA_WPAJ@Z 1000bf22 f   FiscalPrinterImpl.obj
 0001:0000afc6       ?PrintNormal@COPOSFiscalPrinter@@UAGJJPA_WPAJ@Z 1000bfc6 f   FiscalPrinterImpl.obj
 0001:0000b042       ?PrintPeriodicTotalsReport@COPOSFiscalPrinter@@UAGJPA_W0PAJ@Z 1000c042 f   FiscalPrinterImpl.obj
 0001:0000b0c2       ?PrintPowerLossReport@COPOSFiscalPrinter@@UAGJPAJ@Z 1000c0c2 f   FiscalPrinterImpl.obj
 0001:0000b0dd       ?PrintRecCash@COPOSFiscalPrinter@@UAGJTtagCY@@PAJ@Z 1000c0dd f   FiscalPrinterImpl.obj
 0001:0000b12f       ?PrintRecItem@COPOSFiscalPrinter@@UAGJPA_WTtagCY@@JJ10PAJ@Z 1000c12f f   FiscalPrinterImpl.obj
 0001:0000b228       ?PrintRecItemAdjustment@COPOSFiscalPrinter@@UAGJJPA_WTtagCY@@JPAJ@Z 1000c228 f   FiscalPrinterImpl.obj
 0001:0000b2da       ?PrintRecItemAdjustmentVoid@COPOSFiscalPrinter@@UAGJJPA_WTtagCY@@JPAJ@Z 1000c2da f   FiscalPrinterImpl.obj
 0001:0000b38c       ?PrintRecItemFuel@COPOSFiscalPrinter@@UAGJPA_WTtagCY@@JJ1010PAJ@Z 1000c38c f   FiscalPrinterImpl.obj
 0001:0000b4b7       ?PrintRecItemFuelVoid@COPOSFiscalPrinter@@UAGJPA_WTtagCY@@J1PAJ@Z 1000c4b7 f   FiscalPrinterImpl.obj
 0001:0000b56c       ?PrintRecItemRefund@COPOSFiscalPrinter@@UAGJPA_WTtagCY@@JJ10PAJ@Z 1000c56c f   FiscalPrinterImpl.obj
 0001:0000b665       ?PrintRecItemRefundVoid@COPOSFiscalPrinter@@UAGJPA_WTtagCY@@JJ10PAJ@Z 1000c665 f   FiscalPrinterImpl.obj
 0001:0000b75e       ?PrintRecItemVoid@COPOSFiscalPrinter@@UAGJPA_WTtagCY@@JJ10PAJ@Z 1000c75e f   FiscalPrinterImpl.obj
 0001:0000b857       ?PrintRecMessage@COPOSFiscalPrinter@@UAGJPA_WPAJ@Z 1000c857 f   FiscalPrinterImpl.obj
 0001:0000b8ae       ?PrintRecNotPaid@COPOSFiscalPrinter@@UAGJPA_WTtagCY@@PAJ@Z 1000c8ae f   FiscalPrinterImpl.obj
 0001:0000b92d       ?PrintRecPackageAdjustVoid@COPOSFiscalPrinter@@UAGJJPA_WPAJ@Z 1000c92d f   FiscalPrinterImpl.obj
 0001:0000b9a9       ?PrintRecPackageAdjustment@COPOSFiscalPrinter@@UAGJJPA_W0PAJ@Z 1000c9a9 f   FiscalPrinterImpl.obj
 0001:0000ba57       ?PrintRecRefund@COPOSFiscalPrinter@@UAGJPA_WTtagCY@@JPAJ@Z 1000ca57 f   FiscalPrinterImpl.obj
 0001:0000bafe       ?PrintRecRefundVoid@COPOSFiscalPrinter@@UAGJPA_WTtagCY@@JPAJ@Z 1000cafe f   FiscalPrinterImpl.obj
 0001:0000bba5       ?PrintRecSubtotal@COPOSFiscalPrinter@@UAGJTtagCY@@PAJ@Z 1000cba5 f   FiscalPrinterImpl.obj
 0001:0000bbf7       ?PrintRecSubtotalAdjustVoid@COPOSFiscalPrinter@@UAGJJTtagCY@@PAJ@Z 1000cbf7 f   FiscalPrinterImpl.obj
 0001:0000bc6e       ?PrintRecSubtotalAdjustment@COPOSFiscalPrinter@@UAGJJPA_WTtagCY@@PAJ@Z 1000cc6e f   FiscalPrinterImpl.obj
 0001:0000bd15       ?PrintRecTaxID@COPOSFiscalPrinter@@UAGJPA_WPAJ@Z 1000cd15 f   FiscalPrinterImpl.obj
 0001:0000bd6c       ?PrintRecTotal@COPOSFiscalPrinter@@UAGJTtagCY@@0PA_WPAJ@Z 1000cd6c f   FiscalPrinterImpl.obj
 0001:0000be16       ?PrintRecVoid@COPOSFiscalPrinter@@UAGJPA_WPAJ@Z 1000ce16 f   FiscalPrinterImpl.obj
 0001:0000be6d       ?PrintRecVoidItem@COPOSFiscalPrinter@@UAGJPA_WTtagCY@@JJ1JPAJ@Z 1000ce6d f   FiscalPrinterImpl.obj
 0001:0000bf53       ?PrintReport@COPOSFiscalPrinter@@UAGJJPA_W0PAJ@Z 1000cf53 f   FiscalPrinterImpl.obj
 0001:0000c001       ?PrintXReport@COPOSFiscalPrinter@@UAGJPAJ@Z 1000d001 f   FiscalPrinterImpl.obj
 0001:0000c01c       ?PrintZReport@COPOSFiscalPrinter@@UAGJPAJ@Z 1000d01c f   FiscalPrinterImpl.obj
 0001:0000c037       ?ReleaseDevice@COPOSFiscalPrinter@@UAGJPAJ@Z 1000d037 f   FiscalPrinterImpl.obj
 0001:0000c086       ?ResetPrinterW@COPOSFiscalPrinter@@UAGJPAJ@Z 1000d086 f   FiscalPrinterImpl.obj
 0001:0000c0a1       ?ResetStatistics@COPOSFiscalPrinter@@UAGJPA_WPAJ@Z 1000d0a1 f   FiscalPrinterImpl.obj
 0001:0000c0f8       ?RetrieveStatistics@COPOSFiscalPrinter@@UAGJPAPA_WPAJ@Z 1000d0f8 f   FiscalPrinterImpl.obj
 0001:0000c14f       ?SOProcessID@COPOSFiscalPrinter@@UAGJPAJ@Z 1000d14f f   FiscalPrinterImpl.obj
 0001:0000c163       ?SetCOFreezeEvents@COPOSFiscalPrinter@@IAEXF@Z 1000d163 f   FiscalPrinterImpl.obj
 0001:0000c203       ?SetCurrency@COPOSFiscalPrinter@@UAGJJPAJ@Z 1000d203 f   FiscalPrinterImpl.obj
 0001:0000c252       ?SetDate@COPOSFiscalPrinter@@UAGJPA_WPAJ@Z 1000d252 f   FiscalPrinterImpl.obj
 0001:0000c2a9       ?SetHeaderLine@COPOSFiscalPrinter@@UAGJJPA_WFPAJ@Z 1000d2a9 f   FiscalPrinterImpl.obj
 0001:0000c34d       ?SetOposProp@COPOSFiscalPrinter@@IAEJJJJ@Z 1000d34d f   FiscalPrinterImpl.obj
 0001:0000c444       ?SetOposProp@COPOSFiscalPrinter@@IAEJJPA_WJ@Z 1000d444 f   FiscalPrinterImpl.obj
 0001:0000c545       ?SetPOSID@COPOSFiscalPrinter@@UAGJPA_W0PAJ@Z 1000d545 f   FiscalPrinterImpl.obj
[...]
 0002:00003f28       ?_mb_locale_names@@3QBQB_WB 10025f28     libucrt:mbctype.obj
 0002:00004770       ?LcidToLocaleNameTable@?A0x881e4c05@@3QBULcidToLocaleName@1@B 10026770     libucrt:lcidtoname_downlevel.obj
 0002:00005898       ?LocaleNameToIndexTable@?A0x881e4c05@@3QBULocaleNameIndex@1@B 10027898     libucrt:lcidtoname_downlevel.obj
 0002:000071d0       LOG_name                   100291d0     libucrt:log10_impl.obj
 0002:000071e0       _One                       100291e0     libucrt:ceil_pentium4.obj
 0002:000071f0       _Bns                       100291f0     libucrt:ceil_pentium4.obj
 0002:00007200       _Zero                      10029200     libucrt:ceil_pentium4.obj
 0002:00007210       _S                         10029210     libucrt:ceil_pentium4.obj
 0002:00007220       _NegZero                   10029220     libucrt:ceil_pentium4.obj
 0002:00007230       emask                      10029230     libucrt:log10_pentium4.obj
 0002:00007240       CC                         10029240     libucrt:log10_pentium4.obj
 0002:00007250       Magic                      10029250     libucrt:log10_pentium4.obj
 0002:00007260       hi_mask                    10029260     libucrt:log10_pentium4.obj
 0002:00007270       LOG10_2                    10029270     libucrt:log10_pentium4.obj
 0002:00007280       place_L                    10029280     libucrt:log10_pentium4.obj
 0002:000072a0       One                        100292a0     libucrt:log10_pentium4.obj
 0002:000072b0       Zero                       100292b0     libucrt:log10_pentium4.obj
 0002:000072c0       Two52                      100292c0     libucrt:log10_pentium4.obj
 0002:000072d0       Infs                       100292d0     libucrt:log10_pentium4.obj
 0002:000072e0       NaN                        100292e0     libucrt:log10_pentium4.obj
 0002:000072f0       coeff                      100292f0     libucrt:log10_pentium4.obj
 0002:0000734e       _log2max                   1002934e     libucrt:87tran.obj
 0002:00007358       _smallarg                  10029358     libucrt:87tran.obj
 0002:00007362       _half                      10029362     libucrt:87tran.obj
 0002:000073ae       One                        100293ae     libucrt:87disp.obj
 0002:000073b6       Three                      100293b6     libucrt:87disp.obj
 0002:000073be       XAMtoTagTab                100293be     libucrt:87disp.obj
 0002:000073d0       One                        100293d0     libucrt:common.obj
 0002:000073e4       DblMax                     100293e4     libucrt:common.obj
 0002:000073ec       DblMin                     100293ec     libucrt:common.obj
 0002:000073f4       IeeeAdjO                   100293f4     libucrt:common.obj
 0002:000073fc       IeeeAdjU                   100293fc     libucrt:common.obj
 0002:00007404       _infinity                  10029404     libucrt:common.obj
 0002:0000740c       _zero                      1002940c     libucrt:common.obj
 0002:00007458       _over                      10029458     libucrt:fpctrl.obj
 0002:00007464       _under                     10029464     libucrt:fpctrl.obj
 0002:00007c98       ?_names@?1??_get_fname@@9@9 10029c98     libucrt:fpexcept.obj
 0002:00007e40       two32                      10029e40     LIBCMT:ftol2.obj
 0002:00007e44       two63                      10029e44     LIBCMT:ftol2.obj
 0002:00007e48       _NaN                       10029e48     LIBCMT:ftol2.obj
 0002:00008500       __sehtable$?_AtlVerifyStackAvailable@_ATL_SAFE_ALLOCA_IMPL@ATL@@YA_NK@Z 1002a500     FiscalPrinter.obj
 0002:00008520       __sehtable$___scrt_is_nonwritable_in_current_image 1002a520     LIBCMT:utility.obj
 0002:0000853c       __catchsym$??2@YAPAXIABUnothrow_t@std@@@Z$2 1002a53c     LIBCMT:new_scalar_nothrow.obj
 0002:0000854c       __unwindtable$??2@YAPAXIABUnothrow_t@std@@@Z 1002a54c     LIBCMT:new_scalar_nothrow.obj
 0002:0000855c       __tryblocktable$??2@YAPAXIABUnothrow_t@std@@@Z 1002a55c     LIBCMT:new_scalar_nothrow.obj
 0002:00008570       __ehfuncinfo$??2@YAPAXIABUnothrow_t@std@@@Z 1002a570     LIBCMT:new_scalar_nothrow.obj
 0002:00008598       __sehtable$?dllmain_crt_process_attach@@YAHQAUHINSTANCE__@@QAX@Z 1002a598     LIBCMT:dll_dllmain.obj
 0002:000085b8       __sehtable$?dllmain_crt_process_detach@@YAH_N@Z 1002a5b8     LIBCMT:dll_dllmain.obj
 0002:000085e0       __sehtable$?dllmain_dispatch@@YAHQAUHINSTANCE__@@KQAX@Z 1002a5e0     LIBCMT:dll_dllmain.obj
 0002:00008690       __sehtable$___DestructExceptionObject 1002a690     libvcruntime:ehhelpers.obj
 0002:000086b0       __sehtable$?FrameUnwindToState@__FrameHandler3@@SAXPAUEHRegistrationNode@@PAXPBU_s_FuncInfo@@H@Z 1002a6b0     libvcruntime:frame.obj
 0002:000086d8       __sehtable$?CallCatchBlock@@YAPAXPAUEHExceptionRecord@@PAUEHRegistrationNode@@PAU_CONTEXT@@PBU_s_FuncInfo@@PAXHK@Z 1002a6d8     libvcruntime:frame.obj
 0002:00008700       __catchsym$?CallUnexpected@@YAXPBU_s_ESTypeList@@@Z$2 1002a700     libvcruntime:frame.obj
 0002:00008710       __unwindtable$?CallUnexpected@@YAXPBU_s_ESTypeList@@@Z 1002a710     libvcruntime:frame.obj
 0002:00008720       __tryblocktable$?CallUnexpected@@YAXPBU_s_ESTypeList@@@Z 1002a720     libvcruntime:frame.obj
 0002:00008734       __ehfuncinfo$?CallUnexpected@@YAXPBU_s_ESTypeList@@@Z 1002a734     libvcruntime:frame.obj
 0002:00008758       __sehtable$??$BuildCatchObjectHelperInternal@V__FrameHandler3@@@@YAHPAUEHExceptionRecord@@PAXPBU_s_HandlerType@@PBU_s_CatchableType@@@Z 1002a758     libvcruntime:frame.obj
 0002:00008778       __sehtable$??$BuildCatchObjectInternal@V__FrameHandler3@@@@YAXPAUEHExceptionRecord@@PAXPBU_s_HandlerType@@PBU_s_CatchableType@@@Z 1002a778     libvcruntime:frame.obj
 0002:000087d0       __sehtable$??R<lambda_6e4b09c48022b2350581041d5f6b0c4c>@@QBE@XZ 1002a7d0     libucrt:exit.obj
 0002:000087f0       __sehtable$??$?RV<lambda_03b1d95aef87969028cfba75ccab2455>@@AAV<lambda_6e4b09c48022b2350581041d5f6b0c4c>@@V<lambda_22bdf7517842c4b3e53723af5aa32b9e>@@@?$__crt_seh_guarded_call@X@@QAEX$$QAV<lambda_03b1d95aef87969028cfba75ccab2455>@@AAV<lambda_6e4b09c48022b2350581041d5f6b0c4c>@@$$QAV<lambda_22bdf7517842c4b3e53723af5aa32b9e>@@@Z 1002a7f0     libucrt:exit.obj
 0002:00008810       __sehtable$??$?RV<lambda_8e746cf0007f6ed984d6f78af1fec997>@@AAV<lambda_22ebabd17bc4fa466a2aca6d8deb888d>@@V<lambda_18ed0c0b38a6dc0daf1e7ac6d6adf05e>@@@?$__crt_seh_guarded_call@H@@QAEH$$QAV<lambda_8e746cf0007f6ed984d6f78af1fec997>@@AAV<lambda_22ebabd17bc4fa466a2aca6d8deb888d>@@$$QAV<lambda_18ed0c0b38a6dc0daf1e7ac6d6adf05e>@@@Z 1002a810     libucrt:onexit.obj
 0002:00008830       __sehtable$??$?RV<lambda_69a2805e680e0e292e8ba93315fe43a8>@@AAV<lambda_f03950bc5685219e0bcd2087efbe011e>@@V<lambda_03fcd07e894ec930e3f35da366ca99d6>@@@?$__crt_seh_guarded_call@H@@QAEH$$QAV<lambda_69a2805e680e0e292e8ba93315fe43a8>@@AAV<lambda_f03950bc5685219e0bcd2087efbe011e>@@$$QAV<lambda_03fcd07e894ec930e3f35da366ca99d6>@@@Z 1002a830     libucrt:onexit.obj
 0002:00008850       __sehtable$__query_new_handler 1002a850     libucrt:new_handler.obj
 0002:00008870       __sehtable$_terminate      1002a870     libucrt:terminate.obj
 0002:00008890       __sehtable$??$?RV<lambda_15ade71b0218206bbe3333a0c9b79046>@@AAV<lambda_da44e0f8b0f19ba52fefafb335991732>@@V<lambda_207f2d024fc103971653565357d6cd41>@@@?$__crt_seh_guarded_call@X@@QAEX$$QAV<lambda_15ade71b0218206bbe3333a0c9b79046>@@AAV<lambda_da44e0f8b0f19ba52fefafb335991732>@@$$QAV<lambda_207f2d024fc103971653565357d6cd41>@@@Z 1002a890     libucrt:per_thread_data.obj
 0002:000088b0       __sehtable$??$?RV<lambda_a7e850c220f1c8d1e6efeecdedd162c6>@@AAV<lambda_46720907175c18b6c9d2717bc0d2d362>@@V<lambda_9048902d66e8d99359bc9897bbb930a8>@@@?$__crt_seh_guarded_call@X@@QAEX$$QAV<lambda_a7e850c220f1c8d1e6efeecdedd162c6>@@AAV<lambda_46720907175c18b6c9d2717bc0d2d362>@@$$QAV<lambda_9048902d66e8d99359bc9897bbb930a8>@@@Z 1002a8b0     libucrt:per_thread_data.obj
 0002:000088d0       __sehtable$??$?RV<lambda_38edbb1296d33220d7e4dd0ed76b244a>@@AAV<lambda_5ce1d447e08cb34b2473517608e21441>@@V<lambda_fb385d3da700c9147fc39e65dd577a8c>@@@?$__crt_seh_guarded_call@X@@QAEX$$QAV<lambda_38edbb1296d33220d7e4dd0ed76b244a>@@AAV<lambda_5ce1d447e08cb34b2473517608e21441>@@$$QAV<lambda_fb385d3da700c9147fc39e65dd577a8c>@@@Z 1002a8d0     libucrt:per_thread_data.obj
 0002:000088f0       __sehtable$??$?RV<lambda_6affb1475c98b40b75cdec977db92e3c>@@AAV<lambda_b8d4b9c228a6ecc3f80208dbb4b4a104>@@V<lambda_608742c3c92a14382c1684fc64f96c88>@@@?$__crt_seh_guarded_call@X@@QAEX$$QAV<lambda_6affb1475c98b40b75cdec977db92e3c>@@AAV<lambda_b8d4b9c228a6ecc3f80208dbb4b4a104>@@$$QAV<lambda_608742c3c92a14382c1684fc64f96c88>@@@Z 1002a8f0     libucrt:per_thread_data.obj
 0002:00008910       __sehtable$??$?RV<lambda_e5124f882df8998aaf41531e079ba474>@@AAV<lambda_3e16ef9562a7dcce91392c22ab16ea36>@@V<lambda_e25ca0880e6ef98be67edffd8c599615>@@@?$__crt_seh_guarded_call@X@@QAEX$$QAV<lambda_e5124f882df8998aaf41531e079ba474>@@AAV<lambda_3e16ef9562a7dcce91392c22ab16ea36>@@$$QAV<lambda_e25ca0880e6ef98be67edffd8c599615>@@@Z 1002a910     libucrt:wsetlocale.obj
 0002:00008930       __sehtable$___acrt_initialize_lowio 1002a930     libucrt:ioinit.obj
 0002:00008950       __sehtable$?update_thread_multibyte_data_internal@@YAPAU__crt_multibyte_data@@QAU__acrt_ptd@@QAPAU1@@Z 1002a950     libucrt:mbctype.obj
 0002:00008970       __sehtable$??$?RV<lambda_ceb1ee4838e85a9d631eb091e2fbe199>@@AAV<lambda_ae742caa10f662c28703da3d2ea5e57e>@@V<lambda_cd08b5d6af4937fe54fc07d0c9bf6b37>@@@?$__crt_seh_guarded_call@X@@QAEX$$QAV<lambda_ceb1ee4838e85a9d631eb091e2fbe199>@@AAV<lambda_ae742caa10f662c28703da3d2ea5e57e>@@$$QAV<lambda_cd08b5d6af4937fe54fc07d0c9bf6b37>@@@Z 1002a970     libucrt:mbctype.obj
 0002:00008990       __sehtable$_raise          1002a990     libucrt:signal.obj
 0002:000089b0       __sehtable$??$?RV<lambda_cbab9ec6f41b0180b23cc171c22676b0>@@AAV<lambda_44731a7d0e6d81c3e6aa82d741081786>@@V<lambda_4b292cb8dd18144e164572427af410ab>@@@?$__crt_seh_guarded_call@P6AXH@Z@@QAEP6AXH@Z$$QAV<lambda_cbab9ec6f41b0180b23cc171c22676b0>@@AAV<lambda_44731a7d0e6d81c3e6aa82d741081786>@@$$QAV<lambda_4b292cb8dd18144e164572427af410ab>@@@Z 1002a9b0     libucrt:signal.obj
 0002:000089d0       __sehtable$??$?RV<lambda_2866be3712abc81a800a822484c830d8>@@AAV<lambda_39ca0ed439415581b5b15c265174cece>@@V<lambda_2b24c74d71094a6cd0cb82e44167d71b>@@@?$__crt_seh_guarded_call@X@@QAEX$$QAV<lambda_2866be3712abc81a800a822484c830d8>@@AAV<lambda_39ca0ed439415581b5b15c265174cece>@@$$QAV<lambda_2b24c74d71094a6cd0cb82e44167d71b>@@@Z 1002a9d0     libucrt:fflush.obj
 0002:000089f0       __sehtable$??$?RV<lambda_2cc53f568c5a2bb6f192f930a45d44ea>@@AAV<lambda_ab61a845afdef5b7c387490eaf3616ee>@@V<lambda_c2ffc0b7726aa6be21d5f0026187e748>@@@?$__crt_seh_guarded_call@X@@QAEX$$QAV<lambda_2cc53f568c5a2bb6f192f930a45d44ea>@@AAV<lambda_ab61a845afdef5b7c387490eaf3616ee>@@$$QAV<lambda_c2ffc0b7726aa6be21d5f0026187e748>@@@Z 1002a9f0     libucrt:fflush.obj
 0002:00008a10       __sehtable$___acrt_update_thread_locale_data 1002aa10     libucrt:locale_refcounting.obj
 0002:00008a30       __sehtable$__fcloseall     1002aa30     libucrt:closeall.obj
 0002:00008a50       __sehtable$___acrt_lowio_ensure_fh_exists 1002aa50     libucrt:osfinfo.obj
 0002:00008a70       __sehtable$??$?RV<lambda_9e9de3de5fa147e2223d7db92bc10aa6>@@AAV<lambda_38ce7e780aa69e748d6df282ebc68efe>@@V<lambda_8ca6da459f0f6780f1cff60fdc3d00e5>@@@?$__crt_seh_guarded_call@H@@QAEH$$QAV<lambda_9e9de3de5fa147e2223d7db92bc10aa6>@@AAV<lambda_38ce7e780aa69e748d6df282ebc68efe>@@$$QAV<lambda_8ca6da459f0f6780f1cff60fdc3d00e5>@@@Z 1002aa70     libucrt:commit.obj
 0002:00008a90       __sehtable$__write         1002aa90     libucrt:write.obj
 0002:00008ab0       __sehtable$_fclose         1002aab0     libucrt:fclose.obj
 0002:00008ad0       __sehtable$??$?RV<lambda_218ce3db14220d0be481dae8ef3383b6>@@AAV<lambda_628dfdc04ba53c8bfc02c9951375f3f5>@@V<lambda_57dc472bd5c9d5f3b2cbca59b8a843ae>@@@?$__crt_seh_guarded_call@H@@QAEH$$QAV<lambda_218ce3db14220d0be481dae8ef3383b6>@@AAV<lambda_628dfdc04ba53c8bfc02c9951375f3f5>@@$$QAV<lambda_57dc472bd5c9d5f3b2cbca59b8a843ae>@@@Z 1002aad0     libucrt:close.obj
 0002:00008af0       __sehtable$___set_fpsr_sse2 1002aaf0     libucrt:fpctrl.obj
 0002:00008b10       __sehtable$__IsNonwritableInCurrentImage 1002ab10     LIBCMT:pesect.obj
 0002:00008b40       .edata                     1002ab40     OPOSFiscalPrinter.exp
 0002:00008b68       rgpv                       1002ab68     OPOSFiscalPrinter.exp
 0002:00008b78       rgszName                   1002ab78     OPOSFiscalPrinter.exp
 0002:00008b88       rgwOrd                     1002ab88     OPOSFiscalPrinter.exp
 0002:00008b90       szName                     1002ab90     OPOSFiscalPrinter.exp
 0002:00008ba6       $N00001                    1002aba6     OPOSFiscalPrinter.exp
 0002:00008bb6       $N00002                    1002abb6     OPOSFiscalPrinter.exp
 0002:00008bc8       $N00003                    1002abc8     OPOSFiscalPrinter.exp
 0002:00008bda       $N00004                    1002abda     OPOSFiscalPrinter.exp
 0002:000091ea       .idata$6                   1002b1ea     kernel32:KERNEL32.dll
 0002:000093fe       .idata$6                   1002b3fe     user32:USER32.dll
 0002:00009532       .idata$6                   1002b532     gdi32:GDI32.dll
 0002:000095d8       .idata$6                   1002b5d8     advapi32:ADVAPI32.dll
 0002:000096f4       .idata$6                   1002b6f4     ole32:ole32.dll
 0002:000096fe       .idata$6                   1002b6fe     oleaut32:OLEAUT32.dll
 0003:00000110       ?ObjectMap@@3PAU_ATL_OBJMAP_ENTRY30@ATL@@A 1002c110     FiscalPrinter.obj
 0003:000001e0       ?s_SOMethodNames@@3PAPADA  1002c1e0     FiscalPrinterImpl.obj
 0003:00000320       ?s_RequiredMethodsPerRelease@@3PAHA 1002c320     FiscalPrinterImpl.obj
 0003:00000360       ?__vcrt_flsindex@@3KA      1002c360     libvcruntime:per_thread_data.obj
 0003:00000380       ?errno_no_memory@@3HA      1002c380     libucrt:errno.obj
 0003:00000384       ?doserrno_no_memory@@3KA   1002c384     libucrt:errno.obj
 0003:00000390       ?__acrt_flsindex@@3KA      1002c390     libucrt:per_thread_data.obj
 0003:00000728       __mbctypes                 1002c728     libucrt:mbctype.obj
 0003:00000830       __mbcasemaps               1002c830     libucrt:mbctype.obj
 0003:00000930       ?__rgctypeflag@@3PADA      1002c930     libucrt:mbctype.obj
 0003:00000938       ?__rgcode_page_info@@3PAUcode_page_info@@A 1002c938     libucrt:mbctype.obj
 0003:00000b90       ?__dcrt_lowio_console_output_handle@@3PAXA 1002cb90     libucrt:initcon.obj
 0003:00000b94       ?__DAZ_ENABLED@?1??__set_fpsr_sse2@@9@9 1002cb94     libucrt:fpctrl.obj
 0003:00000d28       ?is_initialized_as_dll@@3_NA 1002cd28     LIBCMT:utility.obj
 0003:00000d29       ?module_local_atexit_table_initialized@@3_NA 1002cd29     LIBCMT:utility.obj
 0003:00000d2c       ?module_local_atexit_table@@3U_onexit_table_t@@A 1002cd2c     LIBCMT:utility.obj
 0003:00000d38       ?module_local_at_quick_exit_table@@3U_onexit_table_t@@A 1002cd38     LIBCMT:utility.obj
 0003:00000d44       ?g_tss_cv@@3U_RTL_CONDITION_VARIABLE@@A 1002cd44     LIBCMT:thread_safe_statics.obj
 0003:00000d48       ?g_tss_event@@3PAXA        1002cd48     LIBCMT:thread_safe_statics.obj
 0003:00000d4c       ?g_tss_mutex@@3U_RTL_CRITICAL_SECTION@@A 1002cd4c     LIBCMT:thread_safe_statics.obj
 0003:00000d64       ?g_sleep_condition_variable_cs@@3P6GHPAU_RTL_CONDITION_VARIABLE@@PAU_RTL_CRITICAL_SECTION@@K@ZA 1002cd64     LIBCMT:thread_safe_statics.obj
 0003:00000d68       ?g_wake_all_condition_variable@@3P6GXPAU_RTL_CONDITION_VARIABLE@@@ZA 1002cd68     LIBCMT:thread_safe_statics.obj
 0003:00000d70       _GS_ExceptionRecord        1002cd70     LIBCMT:gs_report.obj
 0003:00000dc0       _GS_ContextRecord          1002cdc0     LIBCMT:gs_report.obj
 0003:00001090       ?__proc_attached@@3HA      1002d090     LIBCMT:dll_dllmain.obj
 0003:000010ec       ?AllocateData@@3P6GPAUAtlThunkData_t@@XZA 1002d0ec     atls:atlthunk.obj
 0003:000010f0       ?InitData@@3P6GXPAUAtlThunkData_t@@PAXI@ZA 1002d0f0     atls:atlthunk.obj
 0003:000010f4       ?DataToCode@@3P6GP6GJPAUHWND__@@IIJ@ZPAUAtlThunkData_t@@@ZA 1002d0f4     atls:atlthunk.obj
 0003:000010f8       ?FreeData@@3P6GXPAUAtlThunkData_t@@@ZA 1002d0f8     atls:atlthunk.obj
 0003:000010fc       ?Initialized@@3_NA         1002d0fc     atls:atlthunk.obj
 0003:0000110c       ?__vcrt_startup_thread_ptd@@3U__vcrt_ptd@@A 1002d10c     libvcruntime:per_thread_data.obj
 0003:00001134       ___vcrt_lock_table         1002d134     libvcruntime:locks.obj
 0003:0000114c       ___vcrt_locks_initialized  1002d14c     libvcruntime:locks.obj
 0003:00001178       ?heap@@3V_HeapManager@@A   1002d178     libvcruntime:undname.obj
 0003:0000118c       ?module_handles@@3PAPAUHINSTANCE__@@A 1002d18c     libvcruntime:winapi_downlevel.obj
 0003:00001198       ?function_pointers@@3PAPAXA 1002d198     libvcruntime:winapi_downlevel.obj
 0003:000011ac       ?__acrt_invalid_parameter_handler@@3V?$dual_state_global@P6AXPB_W00II@Z@__crt_state_management@@A 1002d1ac     libucrt:invalid_parameter.obj
 0003:000011b0       ?c_termination_complete@@3JA 1002d1b0     libucrt:exit.obj
 0003:000011b4       ?thread_local_exit_callback_func@@3P6GXPAXK0@ZA 1002d1b4     libucrt:exit.obj
 0003:000011c0       ?program_name@?1???$common_configure_argv@D@@YAHW4_crt_argv_mode@@@Z@4PADA 1002d1c0     libucrt:argv_parsing.obj
 0003:000012f0       ?__acrt_new_handler@@3V?$dual_state_global@P6AHI@Z@__crt_state_management@@A 1002d2f0     libucrt:new_handler.obj
 0003:000012f8       ?module_handles@@3PAPAUHINSTANCE__@@A 1002d2f8     libucrt:winapi_thunks.obj
 0003:00001348       ?encoded_function_pointers@@3PAPAXA 1002d348     libucrt:winapi_thunks.obj
 0003:000013d0       ?internal_state@?1??_mbtowc_l@@9@4U_Mbstatet@@A 1002d3d0     libucrt:mbtowc.obj
 0003:000013e0       ?enable_percent_n@@3IA     1002d3e0     libucrt:printf_count_output.obj
 0003:00001600       ?__acrt_lock_table@@3PAU_RTL_CRITICAL_SECTION@@A 1002d600     libucrt:locks.obj
 0003:00001750       ?__acrt_locks_initialized@@3IA 1002d750     libucrt:locks.obj
 0003:00001760       ?fSystemSet@@3HA           1002d760     libucrt:mbctype.obj
 0003:00001764       ?initialized@?1??__acrt_initialize_multibyte@@9@4_NA 1002d764     libucrt:mbctype.obj
 0003:00001784       ?ctrlc_action@@3V?$dual_state_global@P6AXH@Z@__crt_state_management@@A 1002d784     libucrt:signal.obj
 0003:00001788       ?ctrlbreak_action@@3V?$dual_state_global@P6AXH@Z@__crt_state_management@@A 1002d788     libucrt:signal.obj
 0003:0000178c       ?abort_action@@3V?$dual_state_global@P6AXH@Z@__crt_state_management@@A 1002d78c     libucrt:signal.obj
 0003:00001790       ?term_action@@3V?$dual_state_global@P6AXH@Z@__crt_state_management@@A 1002d790     libucrt:signal.obj
 0003:00001794       ?user_matherr@@3V?$dual_state_global@P6AHPAU_exception@@@Z@__crt_state_management@@A 1002d794     libucrt:matherr.obj
 0003:00001798       ?__acrt_global_new_mode@@3V?$dual_state_global@J@__crt_state_management@@A 1002d798     libucrt:new_mode.obj
 0003:000017a4       ?internal_pst@?1??__mbrtoc32_utf8@__crt_mbstring@@YAIPA_UPBDIPAU_Mbstatet@@@Z@4U3@A 1002d7a4     libucrt:mbrtoc32.obj
 0003:000017ac       ?__acrt_app_type@@3W4_crt_app_type@@A 1002d7ac     libucrt:report_runtime_error.obj
 0003:000017b4       __pmatherr_set             1002d7b4     libucrt:libm_error.obj
 0004:00000220       $R000000                   1002e220     FiscalPrinter.res
 0004:00000bc8       $R0009A8                   1002ebc8     FiscalPrinter.res
 0004:00000cb0       $R000A90                   1002ecb0     FiscalPrinter.res
 0004:00000f18       $R000CF8                   1002ef18     FiscalPrinter.res
 0004:000014d0       $R0012B0                   1002f4d0     FiscalPrinter.res
 0004:000098d8       $R0096B8                   100378d8     FiscalPrinter.res
 0004:00009918       $R0096F8                   10037918     FiscalPrinter.res
