 OPOSBiometrics

 Timestamp is 600f7746 (Tue Jan 26 10:58:30 2021)

 Preferred load address is 10000000

 Start         Length     Name                   Class
 0001:00000000 00000080H .text$di                CODE
 0001:00000080 0001e9b3H .text$mn                CODE
 0001:0001ea33 0000003aH .text$x                 CODE
 0001:0001ea6d 00000042H .text$yd                CODE
 0002:00000000 00000300H .idata$5                DATA
 0002:00000300 00000004H .00cfg                  DATA
 0002:00000304 00000004H .CRT$XCA                DATA
 0002:00000308 00000004H .CRT$XCL                DATA
 0002:0000030c 00000010H .CRT$XCU                DATA
 0002:0000031c 00000004H .CRT$XCZ                DATA
 0002:00000320 00000004H .CRT$XIA                DATA
 0002:00000324 00000010H .CRT$XIC                DATA
 0002:00000334 00000004H .CRT$XIZ                DATA
 0002:00000338 00000004H .CRT$XLA                DATA
 0002:0000033c 00000004H .CRT$XLZ                DATA
 0002:00000340 00000004H .CRT$XPA                DATA
 0002:00000344 00000008H .CRT$XPX                DATA
 0002:0000034c 00000004H .CRT$XPXA               DATA
 0002:00000350 00000004H .CRT$XPZ                DATA
 0002:00000354 00000004H .CRT$XTA                DATA
 0002:00000358 00000008H .CRT$XTZ                DATA
 0002:0000035c 00000000H .gfids$y                DATA
 0002:00000360 00007360H .rdata                  DATA
 0002:000076c0 00000000H .rdata$CastGuardVftablesA DATA
 0002:000076c0 00000000H .rdata$CastGuardVftablesC DATA
 0002:000076c0 00000018H .rdata$T                DATA
 0002:000076d8 00000178H .rdata$r                DATA
 0002:00007850 0000001cH .rdata$sxdata           DATA
 0002:0000786c 000003e0H .rdata$zzzdbg           DATA
 0002:00007c4c 00000004H .rtc$IAA                DATA
 0002:00007c50 00000004H .rtc$IZZ                DATA
 0002:00007c54 00000004H .rtc$TAA                DATA
 0002:00007c58 00000004H .rtc$TZZ                DATA
 0002:00007c5c 00000004H .tls                    DATA
 0002:00007c60 00000004H .tls$                   DATA
 0002:00007c64 00000004H .tls$ZZZ                DATA
 0002:00007c68 0000062cH .xdata$x                DATA
 0002:00008294 00000004H ATL$__a                 DATA
 0002:00008298 00000008H ATL$__z                 DATA
 0002:000082a0 000000acH .edata                  DATA
 0002:0000834c 00000078H .idata$2                DATA
 0002:000083c4 00000014H .idata$3                DATA
 0002:000083d8 00000300H .idata$4                DATA
 0002:000086d8 00000bceH .idata$6                DATA
 0003:00000000 00000ab0H .data                   DATA
 0003:00000ab0 00000098H .data$r                 DATA
 0003:00000b48 00000b88H .bss                    DATA
 0004:00000000 00000220H .rsrc$01                DATA
 0004:00000220 000048a0H .rsrc$02                DATA

  Address         Publics by Value              Rva+Base       Lib:Object

 0000:00000000       ___arm64x_native_entrypoint 00000000     <absolute>
 0000:00000000       ___guard_iat_count         00000000     <absolute>
 0000:00000000       ___guard_longjmp_table     00000000     <absolute>
 0000:00000000       ___volatile_metadata       00000000     <absolute>
 0000:00000000       ___arm64x_extra_rfe_table  00000000     <absolute>
 0000:00000000       ___arm64x_redirection_metadata 00000000     <absolute>
 0000:00000000       __except_list              00000000     <absolute>
 0000:00000000       ___guard_eh_cont_count     00000000     <absolute>
 0000:00000000       ___guard_fids_count        00000000     <absolute>
 0000:00000000       ___x64_code_ranges_to_entry_points_count 00000000     <absolute>
 0000:00000000       ___hybrid_code_map_count   00000000     <absolute>
 0000:00000000       ___x64_code_ranges_to_entry_points 00000000     <absolute>
 0000:00000000       ___guard_iat_table         00000000     <absolute>
 0000:00000000       ___guard_eh_cont_table     00000000     <absolute>
 0000:00000000       ___hybrid_code_map         00000000     <absolute>
 0000:00000000       ___arm64x_extra_rfe_table_size 00000000     <absolute>
 0000:00000000       ___guard_longjmp_count     00000000     <absolute>
 0000:00000000       ___arm64x_redirection_metadata_count 00000000     <absolute>
 0000:00000000       ___hybrid_auxiliary_iat    00000000     <absolute>
 0000:00000000       ___dynamic_value_reloc_table 00000000     <absolute>
 0000:00000000       ___AbsoluteZero            00000000     <absolute>
 0000:00000000       ___enclave_config          00000000     <absolute>
 0000:00000000       ___guard_fids_table        00000000     <absolute>
 0000:00000007       ___safe_se_handler_count   00000007     <absolute>
 0000:0000002c       __tls_array                0000002c     <absolute>
 0000:00000100       ___guard_flags             00000100     <absolute>
 0000:00000000       ___ImageBase               10000000     <linker-defined>
 0001:00000080       ?DupWide@_CW@@AAEXXZ       10001080 f   CWString.obj
 0001:0000009c       ?cw_dup@@YGXPBDAAHAAPA_W1@Z 1000109c f   CWString.obj
 0001:00000124       ?cw_memcpy@@YGHPA_WPBDH@Z  10001124 f   CWString.obj
 0001:00000150       ?cw_strcpy@@YAHPA_WPBD@Z   10001150 f   CWString.obj
 0001:00000163       ?cw_strlen@@YAHPBD@Z       10001163 f   CWString.obj
 0001:0000017c       ??0CAtlComModule@ATL@@QAE@XZ 1000117c f i OposVariant.obj
 0001:000001c1       ??0CAtlWinModule@ATL@@QAE@XZ 100011c1 f i OposVariant.obj
 0001:000001f8       ??0OposDispParms@@QAE@PAVOposVariant@@H@Z 100011f8 f   OposVariant.obj
 0001:00000269       ??1OposDispParms@@QAE@XZ   10001269 f   OposVariant.obj
 0001:00000277       ??A?$CSimpleArray@GV?$CSimpleArrayEqualHelper@G@ATL@@@ATL@@QAEAAGH@Z 10001277 f i OposVariant.obj
 0001:0000029c       ??_Estringdispid@CComTypeInfoHolder@ATL@@QAEPAXI@Z 1000129c f i OposVariant.obj
 0001:00000308       ?AtlWinModuleInit@ATL@@YGJPAU_ATL_WIN_MODULE70@1@@Z 10001308 f i OposVariant.obj
 0001:0000032e       ?AtlWinModuleTerm@ATL@@YGJPAU_ATL_WIN_MODULE70@1@PAUHINSTANCE__@@@Z 1000132e f i OposVariant.obj
 0001:00000391       ?ChangeBSTR@OposVariant@@QAEXPAPA_WAAJ@Z 10001391 f   OposVariant.obj
 0001:000003d2       ?ChangeLONG@OposVariant@@QAEXPAJAAJ@Z 100013d2 f   OposVariant.obj
 0001:00000413       ?GetLONG@OposVariant@@QAEJXZ 10001413 f   OposVariant.obj
 0001:0000042e       ?Init@CComCriticalSection@ATL@@QAEJXZ 1000142e f i OposVariant.obj
 0001:00000456       ?RemoveAll@?$CSimpleArray@GV?$CSimpleArrayEqualHelper@G@ATL@@@ATL@@QAEXXZ 10001456 f i OposVariant.obj
 0001:00000456       ?RemoveAll@?$CSimpleArray@PAUHINSTANCE__@@V?$CSimpleArrayEqualHelper@PAUHINSTANCE__@@@ATL@@@ATL@@QAEXXZ 10001456 f i atls:atlbase.obj
 0001:00000473       ?SetBSTR@OposVariant@@QAEXPA_WAAJ@Z 10001473 f   OposVariant.obj
 0001:000004a7       ?SetBSTR_Copy@OposVariant@@QAEXPA_WAAJ@Z 100014a7 f   OposVariant.obj
 0001:000004f7       ?SetBSTR_InOutPtr@OposVariant@@QAE_NPAPA_WAAJ@Z 100014f7 f   OposVariant.obj
 0001:0000052e       ?SetDispatch_Ptr@OposVariant@@QAEXPAUIDispatch@@AAJ@Z 1000152e f   OposVariant.obj
 0001:00000569       ?SetLONG@OposVariant@@QAEXJ@Z 10001569 f   OposVariant.obj
 0001:0000058b       ?SetLONG_Ptr@OposVariant@@QAEXPAJAAJ@Z 1000158b f   OposVariant.obj
 0001:000005be       ?SetString@OposVariant@@QAEXPB_WAAJ@Z 100015be f   OposVariant.obj
 0001:00000604       ?SetVARIANT@OposVariant@@QAEXAAUtagVARIANT@@GAAJ@Z 10001604 f   OposVariant.obj
 0001:0000064b       ?SetVARIANT_BOOL@OposVariant@@QAEXF@Z 1000164b f   OposVariant.obj
 0001:00000675       ?SetVARIANT_BOOL_Ptr@OposVariant@@QAEXPAFAAJ@Z 10001675 f   OposVariant.obj
 0001:000006a8       ?SetVARIANT_Ptr@OposVariant@@QAEXAAPAUtagVARIANT@@GAAJ@Z 100016a8 f   OposVariant.obj
 0001:000006f6       ?Term@CAtlComModule@ATL@@QAEXXZ 100016f6 f i OposVariant.obj
 0001:00000740       ?_AtlRaiseException@ATL@@YAXKK@Z 10001740 f i OposVariant.obj
 0001:00000755       ??_E?$CComObject@VCOPOSBiometrics@@@ATL@@W3AEPAXI@Z 10001755 f i Biometrics.obj
 0001:0000075d       ??_E?$CComObject@VCOPOSBiometrics@@@ATL@@WEM@AEPAXI@Z 1000175d f i Biometrics.obj
 0001:00000765       ?QueryInterface@?$CComObject@VCOPOSBiometrics@@@ATL@@WHA@AGJABU_GUID@@PAPAX@Z 10001765 f i Biometrics.obj
 0001:0000076f       ?AddRef@?$CComObject@VCOPOSBiometrics@@@ATL@@WHA@AGKXZ 1000176f f i Biometrics.obj
 0001:00000779       ?Release@?$CComObject@VCOPOSBiometrics@@@ATL@@WHA@AGKXZ 10001779 f i Biometrics.obj
 0001:00000783       ?QueryInterface@?$CComObject@VCOPOSBiometrics@@@ATL@@WHE@AGJABU_GUID@@PAPAX@Z 10001783 f i Biometrics.obj
 0001:0000078d       ?AddRef@?$CComObject@VCOPOSBiometrics@@@ATL@@WHE@AGKXZ 1000178d f i Biometrics.obj
 0001:00000797       ?Release@?$CComObject@VCOPOSBiometrics@@@ATL@@WHE@AGKXZ 10001797 f i Biometrics.obj
 0001:000007a1       ?QueryInterface@?$CComObject@VCOPOSBiometrics@@@ATL@@WHI@AGJABU_GUID@@PAPAX@Z 100017a1 f i Biometrics.obj
 0001:000007ab       ?AddRef@?$CComObject@VCOPOSBiometrics@@@ATL@@WHI@AGKXZ 100017ab f i Biometrics.obj
 0001:000007b5       ?Release@?$CComObject@VCOPOSBiometrics@@@ATL@@WHI@AGKXZ 100017b5 f i Biometrics.obj
 0001:000007bf       ?QueryInterface@?$CComObject@VCOPOSBiometrics@@@ATL@@WHM@AGJABU_GUID@@PAPAX@Z 100017bf f i Biometrics.obj
 0001:000007c9       ?AddRef@?$CComObject@VCOPOSBiometrics@@@ATL@@WHM@AGKXZ 100017c9 f i Biometrics.obj
 0001:000007d3       ?Release@?$CComObject@VCOPOSBiometrics@@@ATL@@WHM@AGKXZ 100017d3 f i Biometrics.obj
 0001:000007dd       ?QueryInterface@?$CComObject@VCOPOSBiometrics@@@ATL@@WIA@AGJABU_GUID@@PAPAX@Z 100017dd f i Biometrics.obj
 0001:000007ea       ?AddRef@?$CComObject@VCOPOSBiometrics@@@ATL@@WIA@AGKXZ 100017ea f i Biometrics.obj
 0001:000007f7       ?Release@?$CComObject@VCOPOSBiometrics@@@ATL@@WIA@AGKXZ 100017f7 f i Biometrics.obj
 0001:00000804       ?QueryInterface@?$CComObject@VCOPOSBiometrics@@@ATL@@WIE@AGJABU_GUID@@PAPAX@Z 10001804 f i Biometrics.obj
 0001:00000811       ?AddRef@?$CComObject@VCOPOSBiometrics@@@ATL@@WIE@AGKXZ 10001811 f i Biometrics.obj
 0001:0000081e       ?Release@?$CComObject@VCOPOSBiometrics@@@ATL@@WIE@AGKXZ 1000181e f i Biometrics.obj
 0001:0000082b       ?QueryInterface@?$CComObject@VCOPOSBiometrics@@@ATL@@WII@AGJABU_GUID@@PAPAX@Z 1000182b f i Biometrics.obj
 0001:00000838       ?AddRef@?$CComObject@VCOPOSBiometrics@@@ATL@@WII@AGKXZ 10001838 f i Biometrics.obj
 0001:00000845       ?Release@?$CComObject@VCOPOSBiometrics@@@ATL@@WII@AGKXZ 10001845 f i Biometrics.obj
 0001:00000852       ?QueryInterface@?$CComObject@VCOPOSBiometrics@@@ATL@@WIM@AGJABU_GUID@@PAPAX@Z 10001852 f i Biometrics.obj
 0001:0000085f       ?AddRef@?$CComObject@VCOPOSBiometrics@@@ATL@@WIM@AGKXZ 1000185f f i Biometrics.obj
 0001:0000086c       ?Release@?$CComObject@VCOPOSBiometrics@@@ATL@@WIM@AGKXZ 1000186c f i Biometrics.obj
 0001:00000879       ?QueryInterface@?$CComObject@VCOPOSBiometrics@@@ATL@@WJA@AGJABU_GUID@@PAPAX@Z 10001879 f i Biometrics.obj
 0001:00000886       ?AddRef@?$CComObject@VCOPOSBiometrics@@@ATL@@WJA@AGKXZ 10001886 f i Biometrics.obj
 0001:00000893       ?Release@?$CComObject@VCOPOSBiometrics@@@ATL@@WJA@AGKXZ 10001893 f i Biometrics.obj
 0001:000008a0       ?QueryInterface@?$CComObject@VCOPOSBiometrics@@@ATL@@WJE@AGJABU_GUID@@PAPAX@Z 100018a0 f i Biometrics.obj
 0001:000008ad       ?AddRef@?$CComObject@VCOPOSBiometrics@@@ATL@@WJE@AGKXZ 100018ad f i Biometrics.obj
 0001:000008ba       ?Release@?$CComObject@VCOPOSBiometrics@@@ATL@@WJE@AGKXZ 100018ba f i Biometrics.obj
 0001:000008c7       ?QueryInterface@?$CComObject@VCOPOSBiometrics@@@ATL@@WJI@AGJABU_GUID@@PAPAX@Z 100018c7 f i Biometrics.obj
 0001:000008d4       ?AddRef@?$CComObject@VCOPOSBiometrics@@@ATL@@WJI@AGKXZ 100018d4 f i Biometrics.obj
 0001:000008e1       ?Release@?$CComObject@VCOPOSBiometrics@@@ATL@@WJI@AGKXZ 100018e1 f i Biometrics.obj
 0001:000008ee       ?QueryInterface@?$CComObject@VCOPOSBiometrics@@@ATL@@WJM@AGJABU_GUID@@PAPAX@Z 100018ee f i Biometrics.obj
 0001:000008fb       ?AddRef@?$CComObject@VCOPOSBiometrics@@@ATL@@WJM@AGKXZ 100018fb f i Biometrics.obj
 0001:00000908       ?Release@?$CComObject@VCOPOSBiometrics@@@ATL@@WJM@AGKXZ 10001908 f i Biometrics.obj
 0001:00000915       ?QueryInterface@?$CComObject@VCOPOSBiometrics@@@ATL@@WKA@AGJABU_GUID@@PAPAX@Z 10001915 f i Biometrics.obj
 0001:00000922       ?AddRef@?$CComObject@VCOPOSBiometrics@@@ATL@@WKA@AGKXZ 10001922 f i Biometrics.obj
 0001:0000092f       ?Release@?$CComObject@VCOPOSBiometrics@@@ATL@@WKA@AGKXZ 1000192f f i Biometrics.obj
 0001:0000093c       ?AddRef@?$CComObject@VCOPOSBiometrics@@@ATL@@WKI@AGKXZ 1000193c f i Biometrics.obj
 0001:00000949       ?Release@?$CComObject@VCOPOSBiometrics@@@ATL@@WKI@AGKXZ 10001949 f i Biometrics.obj
 0001:00000956       ?AddRef@?$CComObject@VCOPOSBiometrics@@@ATL@@WLE@AGKXZ 10001956 f i Biometrics.obj
 0001:00000963       ?Release@?$CComObject@VCOPOSBiometrics@@@ATL@@WLE@AGKXZ 10001963 f i Biometrics.obj
 0001:00000970       ??_E?$CComContainedObject@VCOPOSBiometrics@@@ATL@@W3AEPAXI@Z 10001970 f i Biometrics.obj
 0001:00000978       ??_E?$CComContainedObject@VCOPOSBiometrics@@@ATL@@WEM@AEPAXI@Z 10001978 f i Biometrics.obj
 0001:00000980       ?QueryInterface@?$CComContainedObject@VCOPOSBiometrics@@@ATL@@WHA@AGJABU_GUID@@PAPAX@Z 10001980 f i Biometrics.obj
 0001:0000098a       ?AddRef@?$CComContainedObject@VCOPOSBiometrics@@@ATL@@WHA@AGKXZ 1000198a f i Biometrics.obj
 0001:00000994       ?Release@?$CComContainedObject@VCOPOSBiometrics@@@ATL@@WHA@AGKXZ 10001994 f i Biometrics.obj
 0001:0000099e       ?QueryInterface@?$CComContainedObject@VCOPOSBiometrics@@@ATL@@WHE@AGJABU_GUID@@PAPAX@Z 1000199e f i Biometrics.obj
 0001:000009a8       ?AddRef@?$CComContainedObject@VCOPOSBiometrics@@@ATL@@WHE@AGKXZ 100019a8 f i Biometrics.obj
 0001:000009b2       ?Release@?$CComContainedObject@VCOPOSBiometrics@@@ATL@@WHE@AGKXZ 100019b2 f i Biometrics.obj
 0001:000009bc       ?QueryInterface@?$CComContainedObject@VCOPOSBiometrics@@@ATL@@WHI@AGJABU_GUID@@PAPAX@Z 100019bc f i Biometrics.obj
 0001:000009c6       ?AddRef@?$CComContainedObject@VCOPOSBiometrics@@@ATL@@WHI@AGKXZ 100019c6 f i Biometrics.obj
 0001:000009d0       ?Release@?$CComContainedObject@VCOPOSBiometrics@@@ATL@@WHI@AGKXZ 100019d0 f i Biometrics.obj
 0001:000009da       ?CreateInstance@CComClassFactory@ATL@@UAGJPAUIUnknown@@ABU_GUID@@PAPAX@Z 100019da f i Biometrics.obj
 0001:00000a18       ?QueryInterface@?$CComContainedObject@VCOPOSBiometrics@@@ATL@@WHM@AGJABU_GUID@@PAPAX@Z 10001a18 f i Biometrics.obj
 0001:00000a22       ?AddRef@?$CComContainedObject@VCOPOSBiometrics@@@ATL@@WHM@AGKXZ 10001a22 f i Biometrics.obj
 0001:00000a2c       ?LockServer@CComClassFactory@ATL@@UAGJH@Z 10001a2c f i Biometrics.obj
 0001:00000a4b       ?Release@?$CComContainedObject@VCOPOSBiometrics@@@ATL@@WHM@AGKXZ 10001a4b f i Biometrics.obj
 0001:00000a55       ?QueryInterface@?$CComContainedObject@VCOPOSBiometrics@@@ATL@@WIA@AGJABU_GUID@@PAPAX@Z 10001a55 f i Biometrics.obj
 0001:00000a62       ?AddRef@?$CComContainedObject@VCOPOSBiometrics@@@ATL@@WIA@AGKXZ 10001a62 f i Biometrics.obj
 0001:00000a6f       ?Release@?$CComContainedObject@VCOPOSBiometrics@@@ATL@@WIA@AGKXZ 10001a6f f i Biometrics.obj
 0001:00000a7c       ?QueryInterface@?$CComContainedObject@VCOPOSBiometrics@@@ATL@@WIE@AGJABU_GUID@@PAPAX@Z 10001a7c f i Biometrics.obj
 0001:00000a89       ?AddRef@?$CComContainedObject@VCOPOSBiometrics@@@ATL@@WIE@AGKXZ 10001a89 f i Biometrics.obj
 0001:00000a96       ?Release@?$CComContainedObject@VCOPOSBiometrics@@@ATL@@WIE@AGKXZ 10001a96 f i Biometrics.obj
 0001:00000aa3       ?QueryInterface@?$CComContainedObject@VCOPOSBiometrics@@@ATL@@WII@AGJABU_GUID@@PAPAX@Z 10001aa3 f i Biometrics.obj
 0001:00000ab0       ?AddRef@?$CComContainedObject@VCOPOSBiometrics@@@ATL@@WII@AGKXZ 10001ab0 f i Biometrics.obj
 0001:00000abd       ?Release@?$CComContainedObject@VCOPOSBiometrics@@@ATL@@WII@AGKXZ 10001abd f i Biometrics.obj
 0001:00000aca       ?QueryInterface@?$CComContainedObject@VCOPOSBiometrics@@@ATL@@WIM@AGJABU_GUID@@PAPAX@Z 10001aca f i Biometrics.obj
 0001:00000ad7       ?AddRef@?$CComContainedObject@VCOPOSBiometrics@@@ATL@@WIM@AGKXZ 10001ad7 f i Biometrics.obj
 0001:00000ae4       ?Release@?$CComContainedObject@VCOPOSBiometrics@@@ATL@@WIM@AGKXZ 10001ae4 f i Biometrics.obj
 0001:00000af1       ??_GCComClassFactory@ATL@@UAEPAXI@Z 10001af1 f i Biometrics.obj
 0001:00000af1       ??_ECComClassFactory@ATL@@UAEPAXI@Z 10001af1 f i Biometrics.obj
 0001:00000b1c       ?QueryInterface@?$CComContainedObject@VCOPOSBiometrics@@@ATL@@WJA@AGJABU_GUID@@PAPAX@Z 10001b1c f i Biometrics.obj
 0001:00000b29       ?AddRef@?$CComContainedObject@VCOPOSBiometrics@@@ATL@@WJA@AGKXZ 10001b29 f i Biometrics.obj
 0001:00000b36       ?Release@?$CComContainedObject@VCOPOSBiometrics@@@ATL@@WJA@AGKXZ 10001b36 f i Biometrics.obj
 0001:00000b43       ?QueryInterface@?$CComContainedObject@VCOPOSBiometrics@@@ATL@@WJE@AGJABU_GUID@@PAPAX@Z 10001b43 f i Biometrics.obj
 0001:00000b50       ?AddRef@?$CComContainedObject@VCOPOSBiometrics@@@ATL@@WJE@AGKXZ 10001b50 f i Biometrics.obj
 0001:00000b5d       ?Release@?$CComContainedObject@VCOPOSBiometrics@@@ATL@@WJE@AGKXZ 10001b5d f i Biometrics.obj
 0001:00000b6a       ?QueryInterface@?$CComContainedObject@VCOPOSBiometrics@@@ATL@@WJI@AGJABU_GUID@@PAPAX@Z 10001b6a f i Biometrics.obj
 0001:00000b77       ?AddRef@?$CComContainedObject@VCOPOSBiometrics@@@ATL@@WJI@AGKXZ 10001b77 f i Biometrics.obj
 0001:00000b84       ?Release@?$CComContainedObject@VCOPOSBiometrics@@@ATL@@WJI@AGKXZ 10001b84 f i Biometrics.obj
 0001:00000b91       ?QueryInterface@?$CComContainedObject@VCOPOSBiometrics@@@ATL@@WJM@AGJABU_GUID@@PAPAX@Z 10001b91 f i Biometrics.obj
 0001:00000b9e       ?AddRef@?$CComContainedObject@VCOPOSBiometrics@@@ATL@@WJM@AGKXZ 10001b9e f i Biometrics.obj
 0001:00000bab       ?Release@?$CComContainedObject@VCOPOSBiometrics@@@ATL@@WJM@AGKXZ 10001bab f i Biometrics.obj
 0001:00000bb8       ?QueryInterface@?$CComContainedObject@VCOPOSBiometrics@@@ATL@@WKA@AGJABU_GUID@@PAPAX@Z 10001bb8 f i Biometrics.obj
 0001:00000bc5       ?AddRef@?$CComContainedObject@VCOPOSBiometrics@@@ATL@@WKA@AGKXZ 10001bc5 f i Biometrics.obj
 0001:00000bd2       ?Release@?$CComContainedObject@VCOPOSBiometrics@@@ATL@@WKA@AGKXZ 10001bd2 f i Biometrics.obj
 0001:00000bdf       ?AddRef@?$CComContainedObject@VCOPOSBiometrics@@@ATL@@WKI@AGKXZ 10001bdf f i Biometrics.obj
 0001:00000bec       ?Release@?$CComContainedObject@VCOPOSBiometrics@@@ATL@@WKI@AGKXZ 10001bec f i Biometrics.obj
 0001:00000bf9       ?AddRef@?$CComContainedObject@VCOPOSBiometrics@@@ATL@@WLE@AGKXZ 10001bf9 f i Biometrics.obj
 0001:00000c06       ?Release@?$CComContainedObject@VCOPOSBiometrics@@@ATL@@WLE@AGKXZ 10001c06 f i Biometrics.obj
 0001:00000c13       ?GetWindowProc@?$CWindowImplBaseT@VCWindow@ATL@@V?$CWinTraits@$0FGAAAAAA@$0A@@2@@ATL@@UAEP6GJPAUHWND__@@IIJ@ZXZ 10001c13 f i Biometrics.obj
 0001:00000c19       ?StartWindowProc@?$CWindowImplBaseT@VCWindow@ATL@@V?$CWinTraits@$0FGAAAAAA@$0A@@2@@ATL@@SGJPAUHWND__@@IIJ@Z 10001c19 f i Biometrics.obj
 0001:00000c6d       ?OnFinalMessage@?$CWindowImplBaseT@VCWindow@ATL@@V?$CWinTraits@$0FGAAAAAA@$0A@@2@@ATL@@UAEXPAUHWND__@@@Z 10001c6d f i Biometrics.obj
 0001:00000c6d       ?ObjectMain@CComObjectRootBase@ATL@@SGX_N@Z 10001c6d f i Biometrics.obj
 0001:00000c70       ?GetTypeInfoCount@?$IDispatchImpl@UIOPOSBiometrics@@$1?IID_IOPOSBiometrics@@3U_GUID@@B$1?LIBID_OposBiometrics_CCO@@3U3@B$00$0A@VCComTypeInfoHolder@ATL@@@ATL@@UAGJPAI@Z 10001c70 f i Biometrics.obj
 0001:00000c8d       ?GetTypeInfo@?$IDispatchImpl@UIOPOSBiometrics@@$1?IID_IOPOSBiometrics@@3U_GUID@@B$1?LIBID_OposBiometrics_CCO@@3U3@B$00$0A@VCComTypeInfoHolder@ATL@@@ATL@@UAGJIKPAPAUITypeInfo@@@Z 10001c8d f i Biometrics.obj
 0001:00000cb1       ?GetIDsOfNames@?$IDispatchImpl@UIOPOSBiometrics@@$1?IID_IOPOSBiometrics@@3U_GUID@@B$1?LIBID_OposBiometrics_CCO@@3U3@B$00$0A@VCComTypeInfoHolder@ATL@@@ATL@@UAGJABU_GUID@@PAPA_WIKPAJ@Z 10001cb1 f i Biometrics.obj
 0001:00000cd1       ?Invoke@?$IDispatchImpl@UIOPOSBiometrics@@$1?IID_IOPOSBiometrics@@3U_GUID@@B$1?LIBID_OposBiometrics_CCO@@3U3@B$00$0A@VCComTypeInfoHolder@ATL@@@ATL@@UAGJJABU_GUID@@KGPAUtagDISPPARAMS@@PAUtagVARIANT@@PAUtagEXCEPINFO@@PAI@Z 10001cd1 f i Biometrics.obj
 0001:00000cdf       ?CreateControlWindow@?$CComControl@VCOPOSBiometrics@@V?$CWindowImpl@VCOPOSBiometrics@@VCWindow@ATL@@V?$CWinTraits@$0FGAAAAAA@$0A@@3@@ATL@@@ATL@@UAEPAUHWND__@@PAU3@AAUtagRECT@@@Z 10001cdf f i Biometrics.obj
 0001:00000d0e       ?ControlQueryInterface@?$CComControl@VCOPOSBiometrics@@V?$CWindowImpl@VCOPOSBiometrics@@VCWindow@ATL@@V?$CWinTraits@$0FGAAAAAA@$0A@@3@@ATL@@@ATL@@UAEJABU_GUID@@PAPAX@Z 10001d0e f i Biometrics.obj
 0001:00000d29       ?GetClassID@?$IPersistStorageImpl@VCOPOSBiometrics@@@ATL@@UAGJPAU_GUID@@@Z 10001d29 f i Biometrics.obj
 0001:00000d29       ?GetUserClassID@?$IOleObjectImpl@VCOPOSBiometrics@@@ATL@@UAGJPAU_GUID@@@Z 10001d29 f i Biometrics.obj
 0001:00000d29       ?GetClassID@?$IPersistStreamInitImpl@VCOPOSBiometrics@@@ATL@@UAGJPAU_GUID@@@Z 10001d29 f i Biometrics.obj
 0001:00000d4d       ?IsDirty@?$IPersistStreamInitImpl@VCOPOSBiometrics@@@ATL@@UAGJXZ 10001d4d f i Biometrics.obj
 0001:00000d6c       ?Load@?$IPersistStreamInitImpl@VCOPOSBiometrics@@@ATL@@UAGJPAUIStream@@@Z 10001d6c f i Biometrics.obj
 0001:00000d8b       ?Save@?$IPersistStreamInitImpl@VCOPOSBiometrics@@@ATL@@UAGJPAUIStream@@H@Z 10001d8b f i Biometrics.obj
 0001:00000dad       ?GetSizeMax@?$IPersistStreamInitImpl@VCOPOSBiometrics@@@ATL@@UAGJPAT_ULARGE_INTEGER@@@Z 10001dad f i Biometrics.obj
 0001:00000f8c       ?InitNew@?$IPersistStreamInitImpl@VCOPOSBiometrics@@@ATL@@UAGJXZ 10001f8c f i Biometrics.obj
 0001:00000fa9       ?SetColorScheme@?$IOleObjectImpl@VCOPOSBiometrics@@@ATL@@UAGJPAUtagLOGPALETTE@@@Z 10001fa9 f i Biometrics.obj
 0001:00000fa9       ?ContextSensitiveHelp@?$IOleInPlaceObjectWindowlessImpl@VCOPOSBiometrics@@@ATL@@UAGJH@Z 10001fa9 f i Biometrics.obj
 0001:00000fa9       ?GetDropTarget@?$IOleInPlaceObjectWindowlessImpl@VCOPOSBiometrics@@@ATL@@UAGJPAPAUIDropTarget@@@Z 10001fa9 f i Biometrics.obj
 0001:00000fa9       ?GetControlInfo@?$IOleControlImpl@VCOPOSBiometrics@@@ATL@@UAGJPAUtagCONTROLINFO@@@Z 10001fa9 f i Biometrics.obj
 0001:00000fa9       ?ContextSensitiveHelp@?$IOleInPlaceActiveObjectImpl@VCOPOSBiometrics@@@ATL@@UAGJH@Z 10001fa9 f i Biometrics.obj
 0001:00000fa9       ?OnMnemonic@?$IOleControlImpl@VCOPOSBiometrics@@@ATL@@UAGJPAUtagMSG@@@Z 10001fa9 f i Biometrics.obj
 0001:00000fa9       ?SOOutputCompleteDummy@COPOSBiometrics@@MAGJJ@Z 10001fa9 f i Biometrics.obj
 0001:00000fa9       ?QueryGetData@?$IDataObjectImpl@VCOPOSBiometrics@@@ATL@@UAGJPAUtagFORMATETC@@@Z 10001fa9 f i Biometrics.obj
 0001:00000fa9       ?Unfreeze@?$IViewObjectExImpl@VCOPOSBiometrics@@@ATL@@UAGJK@Z 10001fa9 f i Biometrics.obj
 0001:00000fb1       ?EnableModeless@?$IOleInPlaceActiveObjectImpl@VCOPOSBiometrics@@@ATL@@UAGJH@Z 10001fb1 f i Biometrics.obj
 0001:00000fb1       ?SaveCompleted@?$IPersistStorageImpl@VCOPOSBiometrics@@@ATL@@UAGJPAUIStorage@@@Z 10001fb1 f i Biometrics.obj
 0001:00000fb1       ?OnAmbientPropertyChange@?$IOleControlImpl@VCOPOSBiometrics@@@ATL@@UAGJJ@Z 10001fb1 f i Biometrics.obj
 0001:00000fb1       ?OnFrameWindowActivate@?$IOleInPlaceActiveObjectImpl@VCOPOSBiometrics@@@ATL@@UAGJH@Z 10001fb1 f i Biometrics.obj
 0001:00000fb6       ?SetClientSite@?$IOleObjectImpl@VCOPOSBiometrics@@@ATL@@UAGJPAUIOleClientSite@@@Z 10001fb6 f i Biometrics.obj
 0001:00000fd3       ?GetClientSite@?$IOleObjectImpl@VCOPOSBiometrics@@@ATL@@UAGJPAPAUIOleClientSite@@@Z 10001fd3 f i Biometrics.obj
 0001:00000ff0       ?SetHostNames@?$IOleObjectImpl@VCOPOSBiometrics@@@ATL@@UAGJPB_W0@Z 10001ff0 f i Biometrics.obj
 0001:00000ff5       ?Close@?$IOleObjectImpl@VCOPOSBiometrics@@@ATL@@UAGJK@Z 10001ff5 f i Biometrics.obj
 0001:00001012       ?GetClipboardData@?$IOleObjectImpl@VCOPOSBiometrics@@@ATL@@UAGJKPAPAUIDataObject@@@Z 10002012 f i Biometrics.obj
 0001:00001012       ?GetCanonicalFormatEtc@?$IDataObjectImpl@VCOPOSBiometrics@@@ATL@@UAGJPAUtagFORMATETC@@0@Z 10002012 f i Biometrics.obj
 0001:00001012       ?QueryInterface@CRegObject@ATL@@UAGJABU_GUID@@PAPAX@Z 10002012 f i Biometrics.obj
 0001:00001012       ?SetMoniker@?$IOleObjectImpl@VCOPOSBiometrics@@@ATL@@UAGJKPAUIMoniker@@@Z 10002012 f i Biometrics.obj
 0001:00001012       ?GetRect@?$IViewObjectExImpl@VCOPOSBiometrics@@@ATL@@UAGJKPAU_RECTL@@@Z 10002012 f i Biometrics.obj
 0001:00001012       ?GetDataHere@?$IDataObjectImpl@VCOPOSBiometrics@@@ATL@@UAGJPAUtagFORMATETC@@PAUtagSTGMEDIUM@@@Z 10002012 f i Biometrics.obj
 0001:00001012       ?EnumFormatEtc@?$IDataObjectImpl@VCOPOSBiometrics@@@ATL@@UAGJKPAPAUIEnumFORMATETC@@@Z 10002012 f i Biometrics.obj
 0001:0000101a       ?GetMoniker@?$IOleObjectImpl@VCOPOSBiometrics@@@ATL@@UAGJKKPAPAUIMoniker@@@Z 1000201a f i Biometrics.obj
 0001:0000101a       ?SetData@?$IDataObjectImpl@VCOPOSBiometrics@@@ATL@@UAGJPAUtagFORMATETC@@PAUtagSTGMEDIUM@@H@Z 1000201a f i Biometrics.obj
 0001:0000101a       ?InitFromData@?$IOleObjectImpl@VCOPOSBiometrics@@@ATL@@UAGJPAUIDataObject@@HK@Z 1000201a f i Biometrics.obj
 0001:00001022       ?DoVerb@?$IOleObjectImpl@VCOPOSBiometrics@@@ATL@@UAGJJPAUtagMSG@@PAUIOleClientSite@@JPAUHWND__@@PBUtagRECT@@@Z 10002022 f i Biometrics.obj
 0001:00001116       ?EnumVerbs@?$IOleObjectImpl@VCOPOSBiometrics@@@ATL@@UAGJPAPAUIEnumOLEVERB@@@Z 10002116 f i Biometrics.obj
 0001:00001138       ?IsUpToDate@?$IOleObjectImpl@VCOPOSBiometrics@@@ATL@@UAGJXZ 10002138 f i Biometrics.obj
 0001:00001138       ?Release@CRegObject@ATL@@UAGKXZ 10002138 f i Biometrics.obj
 0001:00001138       ?HandsOffStorage@?$IPersistStorageImpl@VCOPOSBiometrics@@@ATL@@UAGJXZ 10002138 f i Biometrics.obj
 0001:00001138       ?Update@?$IOleObjectImpl@VCOPOSBiometrics@@@ATL@@UAGJXZ 10002138 f i Biometrics.obj
 0001:0000113d       ?GetUserType@?$IOleObjectImpl@VCOPOSBiometrics@@@ATL@@UAGJKPAPA_W@Z 1000213d f i Biometrics.obj
 0001:00001155       ?SetExtent@?$IOleObjectImpl@VCOPOSBiometrics@@@ATL@@UAGJKPAUtagSIZE@@@Z 10002155 f i Biometrics.obj
 0001:00001175       ?GetExtent@?$IOleObjectImpl@VCOPOSBiometrics@@@ATL@@UAGJKPAUtagSIZE@@@Z 10002175 f i Biometrics.obj
 0001:000011b3       ?Advise@?$IOleObjectImpl@VCOPOSBiometrics@@@ATL@@UAGJPAUIAdviseSink@@PAK@Z 100021b3 f i Biometrics.obj
 0001:000011d3       ?Unadvise@?$IOleObjectImpl@VCOPOSBiometrics@@@ATL@@UAGJK@Z 100021d3 f i Biometrics.obj
 0001:00001202       ?EnumAdvise@?$IOleObjectImpl@VCOPOSBiometrics@@@ATL@@UAGJPAPAUIEnumSTATDATA@@@Z 10002202 f i Biometrics.obj
 0001:00001242       ?GetMiscStatus@?$IOleObjectImpl@VCOPOSBiometrics@@@ATL@@UAGJKPAK@Z 10002242 f i Biometrics.obj
 0001:0000125a       ?GetWindow@?$IOleInPlaceActiveObjectImpl@VCOPOSBiometrics@@@ATL@@UAGJPAPAUHWND__@@@Z 1000225a f i Biometrics.obj
 0001:000012a7       ?TranslateAcceleratorW@?$IOleInPlaceActiveObjectImpl@VCOPOSBiometrics@@@ATL@@UAGJPAUtagMSG@@@Z 100022a7 f i Biometrics.obj
 0001:00001355       ?OnDocWindowActivate@?$IOleInPlaceActiveObjectImpl@VCOPOSBiometrics@@@ATL@@UAGJH@Z 10002355 f i Biometrics.obj
 0001:00001377       ?ResizeBorder@?$IOleInPlaceActiveObjectImpl@VCOPOSBiometrics@@@ATL@@UAGJPBUtagRECT@@PAUIOleInPlaceUIWindow@@H@Z 10002377 f i Biometrics.obj
 0001:0000137c       ?Draw@?$IViewObjectExImpl@VCOPOSBiometrics@@@ATL@@UAGJKJPAXPAUtagDVTARGETDEVICE@@PAUHDC__@@2PBU_RECTL@@3P6GHK@ZK@Z 1000237c f i Biometrics.obj
 0001:000013ae       ?GetColorSet@?$IViewObjectExImpl@VCOPOSBiometrics@@@ATL@@UAGJKJPAXPAUtagDVTARGETDEVICE@@PAUHDC__@@PAPAUtagLOGPALETTE@@@Z 100023ae f i Biometrics.obj
 0001:000013b6       ?Freeze@?$IViewObjectExImpl@VCOPOSBiometrics@@@ATL@@UAGJKJPAXPAK@Z 100023b6 f i Biometrics.obj
 0001:000013be       ?SetAdvise@?$IViewObjectExImpl@VCOPOSBiometrics@@@ATL@@UAGJKKPAUIAdviseSink@@@Z 100023be f i Biometrics.obj
 0001:000013dd       ?GetAdvise@?$IViewObjectExImpl@VCOPOSBiometrics@@@ATL@@UAGJPAK0PAPAUIAdviseSink@@@Z 100023dd f i Biometrics.obj
 0001:00001412       ?GetExtent@?$IViewObjectExImpl@VCOPOSBiometrics@@@ATL@@UAGJKJPAUtagDVTARGETDEVICE@@PAUtagSIZE@@@Z 10002412 f i Biometrics.obj
 0001:00001443       ?GetViewStatus@?$IViewObjectExImpl@VCOPOSBiometrics@@@ATL@@UAGJPAK@Z 10002443 f i Biometrics.obj
 0001:00001460       ?QueryHitPoint@?$IViewObjectExImpl@VCOPOSBiometrics@@@ATL@@UAGJKPBUtagRECT@@UtagPOINT@@JPAK@Z 10002460 f i Biometrics.obj
 0001:000014a1       ?QueryHitRect@?$IViewObjectExImpl@VCOPOSBiometrics@@@ATL@@UAGJKPBUtagRECT@@0JPAK@Z 100024a1 f i Biometrics.obj
 0001:000014fc       ?GetNaturalExtent@?$IViewObjectExImpl@VCOPOSBiometrics@@@ATL@@UAGJKJPAUtagDVTARGETDEVICE@@PAUHDC__@@PAUtagExtentInfo@@PAUtagSIZE@@@Z 100024fc f i Biometrics.obj
 0001:00001547       ?GetWindow@?$IOleInPlaceObjectWindowlessImpl@VCOPOSBiometrics@@@ATL@@UAGJPAPAUHWND__@@@Z 10002547 f i Biometrics.obj
 0001:00001594       ?InPlaceDeactivate@?$IOleInPlaceObjectWindowlessImpl@VCOPOSBiometrics@@@ATL@@UAGJXZ 10002594 f i Biometrics.obj
 0001:000015ae       ?UIDeactivate@?$IOleInPlaceObjectWindowlessImpl@VCOPOSBiometrics@@@ATL@@UAGJXZ 100025ae f i Biometrics.obj
 0001:000015c8       ?SetObjectRects@?$IOleInPlaceObjectWindowlessImpl@VCOPOSBiometrics@@@ATL@@UAGJPBUtagRECT@@0@Z 100025c8 f i Biometrics.obj
 0001:000015e8       ?ReactivateAndUndo@?$IOleInPlaceObjectWindowlessImpl@VCOPOSBiometrics@@@ATL@@UAGJXZ 100025e8 f i Biometrics.obj
 0001:000015f0       ?OnWindowMessage@?$IOleInPlaceObjectWindowlessImpl@VCOPOSBiometrics@@@ATL@@UAGJIIJPAJ@Z 100025f0 f i Biometrics.obj
 0001:00001660       ?EnumConnectionPoints@?$IConnectionPointContainerImpl@VCOPOSBiometrics@@@ATL@@UAGJPAPAUIEnumConnectionPoints@@@Z 10002660 f i Biometrics.obj
 0001:000017ec       ?FindConnectionPoint@?$IConnectionPointContainerImpl@VCOPOSBiometrics@@@ATL@@UAGJABU_GUID@@PAPAUIConnectionPoint@@@Z 100027ec f i Biometrics.obj
 0001:0000188f       ?IsDirty@?$IPersistStorageImpl@VCOPOSBiometrics@@@ATL@@UAGJXZ 1000288f f i Biometrics.obj
 0001:000018bf       ?InitNew@?$IPersistStorageImpl@VCOPOSBiometrics@@@ATL@@UAGJPAUIStorage@@@Z 100028bf f i Biometrics.obj
 0001:000018ef       ?Load@?$IPersistStorageImpl@VCOPOSBiometrics@@@ATL@@UAGJPAUIStorage@@@Z 100028ef f i Biometrics.obj
 0001:0000195b       ?Save@?$IPersistStorageImpl@VCOPOSBiometrics@@@ATL@@UAGJPAUIStorage@@H@Z 1000295b f i Biometrics.obj
 0001:000019ce       ?GetPages@?$ISpecifyPropertyPagesImpl@VCOPOSBiometrics@@@ATL@@UAGJPAUtagCAUUID@@@Z 100029ce f i Biometrics.obj
 0001:000019e5       ?QuickActivate@?$IQuickActivateImpl@VCOPOSBiometrics@@@ATL@@UAGJPAUtagQACONTAINER@@PAUtagQACONTROL@@@Z 100029e5 f i Biometrics.obj
 0001:00001a08       ?SetContentExtent@?$IQuickActivateImpl@VCOPOSBiometrics@@@ATL@@UAGJPAUtagSIZE@@@Z 10002a08 f i Biometrics.obj
 0001:00001a34       ?GetContentExtent@?$IQuickActivateImpl@VCOPOSBiometrics@@@ATL@@UAGJPAUtagSIZE@@@Z 10002a34 f i Biometrics.obj
 0001:00001a70       ?GetData@?$IDataObjectImpl@VCOPOSBiometrics@@@ATL@@UAGJPAUtagFORMATETC@@PAUtagSTGMEDIUM@@@Z 10002a70 f i Biometrics.obj
 0001:00001a93       ?DAdvise@?$IDataObjectImpl@VCOPOSBiometrics@@@ATL@@UAGJPAUtagFORMATETC@@KPAUIAdviseSink@@PAK@Z 10002a93 f i Biometrics.obj
 0001:00001ad4       ?DUnadvise@?$IDataObjectImpl@VCOPOSBiometrics@@@ATL@@UAGJK@Z 10002ad4 f i Biometrics.obj
 0001:00001b02       ?EnumDAdvise@?$IDataObjectImpl@VCOPOSBiometrics@@@ATL@@UAGJPAPAUIEnumSTATDATA@@@Z 10002b02 f i Biometrics.obj
 0001:00001b41       ?GetClassInfoW@?$IProvideClassInfo2Impl@$1?CLSID_OPOSBiometrics@@3U_GUID@@B$1?DIID__IOPOSBiometricsEvents@@3U2@B$1?LIBID_OposBiometrics_CCO@@3U2@B$00$0A@VCComTypeInfoHolder@ATL@@@ATL@@UAGJPAPAUITypeInfo@@@Z 10002b41 f i Biometrics.obj
 0001:00001b57       ?GetGUID@?$IProvideClassInfo2Impl@$1?CLSID_OPOSBiometrics@@3U_GUID@@B$1?DIID__IOPOSBiometricsEvents@@3U2@B$1?LIBID_OposBiometrics_CCO@@3U2@B$00$0A@VCComTypeInfoHolder@ATL@@@ATL@@UAGJKPAU_GUID@@@Z 10002b57 f i Biometrics.obj
 0001:00001b95       __get_startup_argv_mode    10002b95 f i LIBCMT:argv_mode.obj
 0001:00001b95       ?FAccessAllowed@?$IObjectSafetyImpl@VCOPOSBiometrics@@$02@ATL@@MAEHXZ 10002b95 f i Biometrics.obj
 0001:00001b99       ?GetInterfaceSafetyOptions@?$IObjectSafetyImpl@VCOPOSBiometrics@@$02@ATL@@UAGJABU_GUID@@PAK1@Z 10002b99 f i Biometrics.obj
 0001:00001c0d       ?SetInterfaceSafetyOptions@?$IObjectSafetyImpl@VCOPOSBiometrics@@$02@ATL@@UAGJABU_GUID@@KK@Z 10002c0d f i Biometrics.obj
 0001:00001c87       ?_LocCPQueryInterface@?$IConnectionPointImpl@VCOPOSBiometrics@@$1?DIID__IOPOSBiometricsEvents@@3U_GUID@@BVCComDynamicUnkArray@ATL@@@ATL@@UAGJABU_GUID@@PAPAX@Z 10002c87 f i Biometrics.obj
 0001:00001c87       ?_LocCPQueryInterface@?$IConnectionPointImpl@VCOPOSBiometrics@@$1?IID_IPropertyNotifySink@@3U_GUID@@BVCComDynamicUnkArray@ATL@@@ATL@@UAGJABU_GUID@@PAPAX@Z 10002c87 f i Biometrics.obj
 0001:00001cd4       ?GetConnectionInterface@?$IConnectionPointImpl@VCOPOSBiometrics@@$1?IID_IPropertyNotifySink@@3U_GUID@@BVCComDynamicUnkArray@ATL@@@ATL@@UAGJPAU_GUID@@@Z 10002cd4 f i Biometrics.obj
 0001:00001cf8       ?GetConnectionPointContainer@?$IConnectionPointImpl@VCOPOSBiometrics@@$1?IID_IPropertyNotifySink@@3U_GUID@@BVCComDynamicUnkArray@ATL@@@ATL@@UAGJPAPAUIConnectionPointContainer@@@Z 10002cf8 f i Biometrics.obj
 0001:00001d1b       ?Advise@?$IConnectionPointImpl@VCOPOSBiometrics@@$1?DIID__IOPOSBiometricsEvents@@3U_GUID@@BVCComDynamicUnkArray@ATL@@@ATL@@UAGJPAUIUnknown@@PAK@Z 10002d1b f i Biometrics.obj
 0001:00001d1b       ?Advise@?$IConnectionPointImpl@VCOPOSBiometrics@@$1?IID_IPropertyNotifySink@@3U_GUID@@BVCComDynamicUnkArray@ATL@@@ATL@@UAGJPAUIUnknown@@PAK@Z 10002d1b f i Biometrics.obj
 0001:00001dbb       ?Unadvise@?$IConnectionPointImpl@VCOPOSBiometrics@@$1?IID_IPropertyNotifySink@@3U_GUID@@BVCComDynamicUnkArray@ATL@@@ATL@@UAGJK@Z 10002dbb f i Biometrics.obj
 0001:00001dbb       ?Unadvise@?$IConnectionPointImpl@VCOPOSBiometrics@@$1?DIID__IOPOSBiometricsEvents@@3U_GUID@@BVCComDynamicUnkArray@ATL@@@ATL@@UAGJK@Z 10002dbb f i Biometrics.obj
 0001:00001dfb       ?EnumConnections@?$IConnectionPointImpl@VCOPOSBiometrics@@$1?DIID__IOPOSBiometricsEvents@@3U_GUID@@BVCComDynamicUnkArray@ATL@@@ATL@@UAGJPAPAUIEnumConnections@@@Z 10002dfb f i Biometrics.obj
 0001:00001dfb       ?EnumConnections@?$IConnectionPointImpl@VCOPOSBiometrics@@$1?IID_IPropertyNotifySink@@3U_GUID@@BVCComDynamicUnkArray@ATL@@@ATL@@UAGJPAPAUIEnumConnections@@@Z 10002dfb f i Biometrics.obj
 0001:00001ef6       ?GetObjectDescription@?$CComCoClass@VCOPOSBiometrics@@$1?CLSID_OPOSBiometrics@@3U_GUID@@B@ATL@@SGPB_WXZ 10002ef6 f i Biometrics.obj
 0001:00001ef6       ?GetCategoryMap@CComObjectRootBase@ATL@@SAPBU_ATL_CATMAP_ENTRY@2@XZ 10002ef6 f i Biometrics.obj
 0001:00001ef9       ?GetConnectionInterface@?$IConnectionPointImpl@VCOPOSBiometrics@@$1?DIID__IOPOSBiometricsEvents@@3U_GUID@@BVCComDynamicUnkArray@ATL@@@ATL@@UAGJPAU_GUID@@@Z 10002ef9 f i Biometrics.obj
 0001:00001f1d       ?GetConnectionPointContainer@?$IConnectionPointImpl@VCOPOSBiometrics@@$1?DIID__IOPOSBiometricsEvents@@3U_GUID@@BVCComDynamicUnkArray@ATL@@@ATL@@UAGJPAPAUIConnectionPointContainer@@@Z 10002f1d f i Biometrics.obj
 0001:00001f40       ?Lock@CAtlModule@ATL@@UAEJXZ 10002f40 f i Biometrics.obj
 0001:00001f4a       ?Unlock@CAtlModule@ATL@@UAEJXZ 10002f4a f i Biometrics.obj
 0001:00001f54       ?GetLockCount@CAtlModule@ATL@@UAEJXZ 10002f54 f i Biometrics.obj
 0001:00001f58       ?GetGITPtr@CAtlModule@ATL@@UAEJPAPAUIGlobalInterfaceTable@@@Z 10002f58 f i Biometrics.obj
 0001:00001fa4       ?UpdateRegistry@COPOSBiometrics@@SGJH@Z 10002fa4 f i Biometrics.obj
 0001:00001fbc       ?ProcessWindowMessage@COPOSBiometrics@@UAEHPAUHWND__@@IIJAAJK@Z 10002fbc f i Biometrics.obj
 0001:00002005       ?SOData@COPOSBiometrics@@MAGJJ@Z 10003005 f i Biometrics.obj
 0001:0000203e       ?SODirectIO@COPOSBiometrics@@MAGJJPAJPAPA_W@Z 1000303e f i Biometrics.obj
 0001:00002087       ?SOError@COPOSBiometrics@@MAGJJJJPAJ@Z 10003087 f i Biometrics.obj
 0001:000020dc       ?SOStatusUpdate@COPOSBiometrics@@MAGJJ@Z 100030dc f i Biometrics.obj
 0001:00002115       ?AddCommonRGSReplacements@?$CAtlModuleT@VCComModule@ATL@@@ATL@@UAEJPAUIRegistrarBase@@@Z 10003115 f i Biometrics.obj
 0001:0000212f       ?UpdateRegistryFromResourceD@CComModule@ATL@@UAGJPB_WHPAU_ATL_REGMAP_ENTRY@2@@Z 1000312f f i Biometrics.obj
 0001:0000212f       ?UpdateRegistryFromResourceD@CComModule@ATL@@UAGJIHPAU_ATL_REGMAP_ENTRY@2@@Z 1000312f f i Biometrics.obj
 0001:00002137       ?UpdateRegistryFromResource@CComModule@ATL@@UAGJPB_WHPAU_ATL_REGMAP_ENTRY@2@@Z 10003137 f i Biometrics.obj
 0001:00002140       ?UpdateRegistryFromResource@CComModule@ATL@@UAGJIHPAU_ATL_REGMAP_ENTRY@2@@Z 10003140 f i Biometrics.obj
 0001:00002149       ??_GCComModule@ATL@@UAEPAXI@Z 10003149 f i Biometrics.obj
 0001:00002149       ??_ECComModule@ATL@@UAEPAXI@Z 10003149 f i Biometrics.obj
 0001:00002171       ?CreateInstance@?$CComCreator@V?$CComObjectCached@VCComClassFactory@ATL@@@ATL@@@ATL@@SGJPAXABU_GUID@@PAPAX@Z 10003171 f i Biometrics.obj
 0001:00002211       ?CreateInstance@?$CComCreator2@V?$CComCreator@V?$CComObject@VCOPOSBiometrics@@@ATL@@@ATL@@V?$CComCreator@V?$CComAggObject@VCOPOSBiometrics@@@ATL@@@2@@ATL@@SGJPAXABU_GUID@@PAPAX@Z 10003211 f i Biometrics.obj
 0001:00002231       ?AddRef@?$CComObjectCached@VCComClassFactory@ATL@@@ATL@@UAGKXZ 10003231 f i Biometrics.obj
 0001:00002258       ?Release@?$CComObjectCached@VCComClassFactory@ATL@@@ATL@@UAGKXZ 10003258 f i Biometrics.obj
 0001:0000228e       ?QueryInterface@?$CComObjectCached@VCComClassFactory@ATL@@@ATL@@UAGJABU_GUID@@PAPAX@Z 1000328e f i Biometrics.obj
 0001:000022a8       ??_E?$CComObjectCached@VCComClassFactory@ATL@@@ATL@@UAEPAXI@Z 100032a8 f i Biometrics.obj
 0001:000022a8       ??_G?$CComObjectCached@VCComClassFactory@ATL@@@ATL@@UAEPAXI@Z 100032a8 f i Biometrics.obj
 0001:000022ca       ?Next@?$CComEnumImpl@UIEnumConnectionPoints@@$1?_GUID_b196b285_bab4_101a_b69c_00aa00341d07@@3U__s_GUID@@BPAUIConnectionPoint@@V?$_CopyInterface@UIConnectionPoint@@@ATL@@@ATL@@UAGJKPAPAUIConnectionPoint@@PAK@Z 100032ca f i Biometrics.obj
 0001:000023a1       ?Skip@?$CComEnumImpl@UIEnumConnectionPoints@@$1?_GUID_b196b285_bab4_101a_b69c_00aa00341d07@@3U__s_GUID@@BPAUIConnectionPoint@@V?$_CopyInterface@UIConnectionPoint@@@ATL@@@ATL@@UAGJK@Z 100033a1 f i Biometrics.obj
 0001:000023ce       ?Reset@?$CComEnumImpl@UIEnumConnections@@$1?_GUID_b196b287_bab4_101a_b69c_00aa00341d07@@3U__s_GUID@@BUtagCONNECTDATA@@V?$_Copy@UtagCONNECTDATA@@@ATL@@@ATL@@UAGJXZ 100033ce f i Biometrics.obj
 0001:000023ce       ?Reset@?$CComEnumImpl@UIEnumConnectionPoints@@$1?_GUID_b196b285_bab4_101a_b69c_00aa00341d07@@3U__s_GUID@@BPAUIConnectionPoint@@V?$_CopyInterface@UIConnectionPoint@@@ATL@@@ATL@@UAGJXZ 100033ce f i Biometrics.obj
 0001:000023e0       ?Clone@?$CComEnumImpl@UIEnumConnectionPoints@@$1?_GUID_b196b285_bab4_101a_b69c_00aa00341d07@@3U__s_GUID@@BPAUIConnectionPoint@@V?$_CopyInterface@UIConnectionPoint@@@ATL@@@ATL@@UAGJPAPAUIEnumConnectionPoints@@@Z 100033e0 f i Biometrics.obj
 0001:000024c1       ?AddRef@?$CComObject@V?$CComEnum@UIEnumConnections@@$1?_GUID_b196b287_bab4_101a_b69c_00aa00341d07@@3U__s_GUID@@BUtagCONNECTDATA@@V?$_Copy@UtagCONNECTDATA@@@ATL@@VCComSingleThreadModel@6@@ATL@@@ATL@@UAGKXZ 100034c1 f i Biometrics.obj
 0001:000024c1       ?AddRef@?$CComObject@V?$CComEnum@UIEnumConnectionPoints@@$1?_GUID_b196b285_bab4_101a_b69c_00aa00341d07@@3U__s_GUID@@BPAUIConnectionPoint@@V?$_CopyInterface@UIConnectionPoint@@@ATL@@VCComSingleThreadModel@6@@ATL@@@ATL@@UAGKXZ 100034c1 f i Biometrics.obj
 0001:000024d2       ?Release@?$CComObject@V?$CComEnum@UIEnumConnectionPoints@@$1?_GUID_b196b285_bab4_101a_b69c_00aa00341d07@@3U__s_GUID@@BPAUIConnectionPoint@@V?$_CopyInterface@UIConnectionPoint@@@ATL@@VCComSingleThreadModel@6@@ATL@@@ATL@@UAGKXZ 100034d2 f i Biometrics.obj
 0001:000024d2       ?Release@?$CComObject@V?$CComEnum@UIEnumConnections@@$1?_GUID_b196b287_bab4_101a_b69c_00aa00341d07@@3U__s_GUID@@BUtagCONNECTDATA@@V?$_Copy@UtagCONNECTDATA@@@ATL@@VCComSingleThreadModel@6@@ATL@@@ATL@@UAGKXZ 100034d2 f i Biometrics.obj
 0001:0000250e       ?QueryInterface@?$CComObject@V?$CComEnum@UIEnumConnectionPoints@@$1?_GUID_b196b285_bab4_101a_b69c_00aa00341d07@@3U__s_GUID@@BPAUIConnectionPoint@@V?$_CopyInterface@UIConnectionPoint@@@ATL@@VCComSingleThreadModel@6@@ATL@@@ATL@@UAGJABU_GUID@@PAPAX@Z 1000350e f i Biometrics.obj
 0001:00002528       ??_G?$CComObject@V?$CComEnum@UIEnumConnectionPoints@@$1?_GUID_b196b285_bab4_101a_b69c_00aa00341d07@@3U__s_GUID@@BPAUIConnectionPoint@@V?$_CopyInterface@UIConnectionPoint@@@ATL@@VCComSingleThreadModel@6@@ATL@@@ATL@@UAEPAXI@Z 10003528 f i Biometrics.obj
 0001:00002528       ??_E?$CComObject@V?$CComEnum@UIEnumConnectionPoints@@$1?_GUID_b196b285_bab4_101a_b69c_00aa00341d07@@3U__s_GUID@@BPAUIConnectionPoint@@V?$_CopyInterface@UIConnectionPoint@@@ATL@@VCComSingleThreadModel@6@@ATL@@@ATL@@UAEPAXI@Z 10003528 f i Biometrics.obj
 0001:0000254a       ?AddRef@CRegObject@ATL@@UAGKXZ 1000354a f i Biometrics.obj
 0001:00002550       ?AddReplacement@CRegObject@ATL@@UAGJPB_W0@Z 10003550 f i Biometrics.obj
 0001:00002589       ?ClearReplacements@CRegObject@ATL@@UAGJXZ 10003589 f i Biometrics.obj
 0001:0000259b       ??_ECRegObject@ATL@@UAEPAXI@Z 1000359b f i Biometrics.obj
 0001:0000259b       ??_GCRegObject@ATL@@UAEPAXI@Z 1000359b f i Biometrics.obj
 0001:000025bd       ?AddRef@?$CComAggObject@VCOPOSBiometrics@@@ATL@@UAGKXZ 100035bd f i Biometrics.obj
 0001:000025ce       ?Release@?$CComAggObject@VCOPOSBiometrics@@@ATL@@UAGKXZ 100035ce f i Biometrics.obj
 0001:0000260a       ?QueryInterface@?$CComAggObject@VCOPOSBiometrics@@@ATL@@UAGJABU_GUID@@PAPAX@Z 1000360a f i Biometrics.obj
 0001:00002659       ?AddRef@?$CComContainedObject@VCOPOSBiometrics@@@ATL@@UAGKXZ 10003659 f i Biometrics.obj
 0001:0000266f       ?Release@?$CComContainedObject@VCOPOSBiometrics@@@ATL@@UAGKXZ 1000366f f i Biometrics.obj
 0001:00002685       ?QueryInterface@?$CComContainedObject@VCOPOSBiometrics@@@ATL@@UAGJABU_GUID@@PAPAX@Z 10003685 f i Biometrics.obj
 0001:000026a0       ??_E?$CComAggObject@VCOPOSBiometrics@@@ATL@@UAEPAXI@Z 100036a0 f i Biometrics.obj
 0001:000026a0       ??_G?$CComAggObject@VCOPOSBiometrics@@@ATL@@UAEPAXI@Z 100036a0 f i Biometrics.obj
 0001:000026c5       ?AddRef@?$CComObject@VCOPOSBiometrics@@@ATL@@UAGKXZ 100036c5 f i Biometrics.obj
 0001:000026dc       ?Release@?$CComObject@VCOPOSBiometrics@@@ATL@@UAGKXZ 100036dc f i Biometrics.obj
 0001:0000271e       ?QueryInterface@?$CComObject@VCOPOSBiometrics@@@ATL@@UAGJABU_GUID@@PAPAX@Z 1000371e f i Biometrics.obj
 0001:00002738       ?OnDrawAdvanced@CComControlBase@ATL@@UAEJAAUATL_DRAWINFO@@@Z 10003738 f i Biometrics.obj
 0001:0000282b       ?Next@?$CComEnumImpl@UIEnumConnections@@$1?_GUID_b196b287_bab4_101a_b69c_00aa00341d07@@3U__s_GUID@@BUtagCONNECTDATA@@V?$_Copy@UtagCONNECTDATA@@@ATL@@@ATL@@UAGJKPAUtagCONNECTDATA@@PAK@Z 1000382b f i Biometrics.obj
 0001:00002902       ?Skip@?$CComEnumImpl@UIEnumConnections@@$1?_GUID_b196b287_bab4_101a_b69c_00aa00341d07@@3U__s_GUID@@BUtagCONNECTDATA@@V?$_Copy@UtagCONNECTDATA@@@ATL@@@ATL@@UAGJK@Z 10003902 f i Biometrics.obj
 0001:0000292f       ?Clone@?$CComEnumImpl@UIEnumConnections@@$1?_GUID_b196b287_bab4_101a_b69c_00aa00341d07@@3U__s_GUID@@BUtagCONNECTDATA@@V?$_Copy@UtagCONNECTDATA@@@ATL@@@ATL@@UAGJPAPAUIEnumConnections@@@Z 1000392f f i Biometrics.obj
 0001:00002a10       ?QueryInterface@?$CComObject@V?$CComEnum@UIEnumConnections@@$1?_GUID_b196b287_bab4_101a_b69c_00aa00341d07@@3U__s_GUID@@BUtagCONNECTDATA@@V?$_Copy@UtagCONNECTDATA@@@ATL@@VCComSingleThreadModel@6@@ATL@@@ATL@@UAGJABU_GUID@@PAPAX@Z 10003a10 f i Biometrics.obj
 0001:00002a2a       ??_G?$CComObject@V?$CComEnum@UIEnumConnections@@$1?_GUID_b196b287_bab4_101a_b69c_00aa00341d07@@3U__s_GUID@@BUtagCONNECTDATA@@V?$_Copy@UtagCONNECTDATA@@@ATL@@VCComSingleThreadModel@6@@ATL@@@ATL@@UAEPAXI@Z 10003a2a f i Biometrics.obj
 0001:00002a2a       ??_E?$CComObject@V?$CComEnum@UIEnumConnections@@$1?_GUID_b196b287_bab4_101a_b69c_00aa00341d07@@3U__s_GUID@@BUtagCONNECTDATA@@V?$_Copy@UtagCONNECTDATA@@@ATL@@VCComSingleThreadModel@6@@ATL@@@ATL@@UAEPAXI@Z 10003a2a f i Biometrics.obj
 0001:00002a4c       ??$?4UITypeInfo2@@@?$CComPtr@UITypeInfo@@@ATL@@QAEPAUITypeInfo@@ABV?$CComPtr@UITypeInfo2@@@1@@Z 10003a4c f i Biometrics.obj
 0001:00002a79       ??$AtlAdd@K@ATL@@YAJPAKKK@Z 10003a79 f i Biometrics.obj
 0001:00002a9c       ??$AtlAdd@_K@ATL@@YAJPA_K_K1@Z 10003a9c f i Biometrics.obj
 0001:00002ad4       ??$AtlAddThrow@K@ATL@@YAKKK@Z 10003ad4 f i Biometrics.obj
 0001:00002afa       ??$AtlModuleRegisterWndClassInfoT@VAtlModuleRegisterWndClassInfoParamW@ATL@@@ATL@@YAGPAU_ATL_BASE_MODULE70@0@PAU_ATL_WIN_MODULE70@0@PAU_ATL_WNDCLASSINFOW@0@PAP6GJPAUHWND__@@IIJ@ZVAtlModuleRegisterWndClassInfoParamW@0@@Z 10003afa f i Biometrics.obj
 0001:00002c48       ??$AtlMultiply@H@ATL@@YAJPAHHH@Z 10003c48 f i Biometrics.obj
 0001:00002c80       ??$AtlMultiply@K@ATL@@YAJPAKKK@Z 10003c80 f i Biometrics.obj
 0001:00002c80       ??$AtlMultiply@I@ATL@@YAJPAIII@Z 10003c80 f i Biometrics.obj
 0001:00002ca2       ??$AtlMultiplyThrow@I@ATL@@YAIII@Z 10003ca2 f i Biometrics.obj
 0001:00002cc8       ??0?$CComAggObject@VCOPOSBiometrics@@@ATL@@QAE@PAX@Z 10003cc8 f i Biometrics.obj
 0001:00002cf5       ??0?$CComContainedObject@VCOPOSBiometrics@@@ATL@@QAE@PAX@Z 10003cf5 f i Biometrics.obj
 0001:00002dae       ??0?$CComObject@V?$CComEnum@UIEnumConnectionPoints@@$1?_GUID_b196b285_bab4_101a_b69c_00aa00341d07@@3U__s_GUID@@BPAUIConnectionPoint@@V?$_CopyInterface@UIConnectionPoint@@@ATL@@VCComSingleThreadModel@6@@ATL@@@ATL@@QAE@PAX@Z 10003dae f i Biometrics.obj
 0001:00002ddc       ??0?$CComObject@V?$CComEnum@UIEnumConnections@@$1?_GUID_b196b287_bab4_101a_b69c_00aa00341d07@@3U__s_GUID@@BUtagCONNECTDATA@@V?$_Copy@UtagCONNECTDATA@@@ATL@@VCComSingleThreadModel@6@@ATL@@@ATL@@QAE@PAX@Z 10003ddc f i Biometrics.obj
 0001:00002e0a       ??0?$CComObject@VCOPOSBiometrics@@@ATL@@QAE@PAX@Z 10003e0a f i Biometrics.obj
 0001:00002ec1       ??0?$CComQIPtr@UIOleControlSite@@$1?_GUID_b196b289_bab4_101a_b69c_00aa00341d07@@3U__s_GUID@@B@ATL@@QAE@PAUIUnknown@@@Z 10003ec1 f i Biometrics.obj
 0001:00002eea       ??0CAtlModule@ATL@@QAE@XZ  10003eea f i Biometrics.obj
 0001:00002f2b       ??0CParseBuffer@CRegParser@ATL@@QAE@H@Z 10003f2b f i Biometrics.obj
 0001:00002f61       ??0_ATL_MSG@ATL@@QAE@PAUHWND__@@IIJH@Z 10003f61 f i Biometrics.obj
 0001:00002f99       ??1?$CComAggObject@VCOPOSBiometrics@@@ATL@@UAE@XZ 10003f99 f i Biometrics.obj
 0001:00002fbd       ??1?$CComEnumImpl@UIEnumConnectionPoints@@$1?_GUID_b196b285_bab4_101a_b69c_00aa00341d07@@3U__s_GUID@@BPAUIConnectionPoint@@V?$_CopyInterface@UIConnectionPoint@@@ATL@@@ATL@@UAE@XZ 10003fbd f i Biometrics.obj
 0001:00002ffd       ??1?$CComEnumImpl@UIEnumConnections@@$1?_GUID_b196b287_bab4_101a_b69c_00aa00341d07@@3U__s_GUID@@BUtagCONNECTDATA@@V?$_Copy@UtagCONNECTDATA@@@ATL@@@ATL@@UAE@XZ 10003ffd f i Biometrics.obj
 0001:0000303d       ??1?$CComObject@V?$CComEnum@UIEnumConnectionPoints@@$1?_GUID_b196b285_bab4_101a_b69c_00aa00341d07@@3U__s_GUID@@BPAUIConnectionPoint@@V?$_CopyInterface@UIConnectionPoint@@@ATL@@VCComSingleThreadModel@6@@ATL@@@ATL@@UAE@XZ 1000403d f i Biometrics.obj
 0001:00003060       ??1?$CComObject@V?$CComEnum@UIEnumConnections@@$1?_GUID_b196b287_bab4_101a_b69c_00aa00341d07@@3U__s_GUID@@BUtagCONNECTDATA@@V?$_Copy@UtagCONNECTDATA@@@ATL@@VCComSingleThreadModel@6@@ATL@@@ATL@@UAE@XZ 10004060 f i Biometrics.obj
 0001:00003083       ??1?$CComObject@VCOPOSBiometrics@@@ATL@@UAE@XZ 10004083 f i Biometrics.obj
 0001:00003141       ??1?$CComObjectCached@VCComClassFactory@ATL@@@ATL@@UAE@XZ 10004141 f i Biometrics.obj
 0001:00003157       ??1?$CComObjectRootEx@VCComMultiThreadModel@ATL@@@ATL@@QAE@XZ 10004157 f i Biometrics.obj
 0001:0000316c       ??1CRegObject@ATL@@UAE@XZ  1000416c f i Biometrics.obj
 0001:0000318c       ??4?$CComPtr@UIAdviseSink@@@ATL@@QAEPAUIAdviseSink@@PAU2@@Z 1000418c f i Biometrics.obj
 0001:0000318c       ??4?$CComPtr@UIOleClientSite@@@ATL@@QAEPAUIOleClientSite@@PAU2@@Z 1000418c f i Biometrics.obj
 0001:0000318c       ??4?$CComPtr@UIUnknown@@@ATL@@QAEPAUIUnknown@@PAU2@@Z 1000418c f i Biometrics.obj
 0001:000031c0       ??_G?$CComContainedObject@VCOPOSBiometrics@@@ATL@@UAEPAXI@Z 100041c0 f i Biometrics.obj
 0001:000031c0       ??_E?$CComContainedObject@VCOPOSBiometrics@@@ATL@@UAEPAXI@Z 100041c0 f i Biometrics.obj
 0001:000031e5       ??_E?$CComObject@VCOPOSBiometrics@@@ATL@@UAEPAXI@Z 100041e5 f i Biometrics.obj
 0001:000031e5       ??_G?$CComObject@VCOPOSBiometrics@@@ATL@@UAEPAXI@Z 100041e5 f i Biometrics.obj
 0001:0000320a       ?Add@?$CSimpleArray@GV?$CSimpleArrayEqualHelper@G@ATL@@@ATL@@QAEHABG@Z 1000420a f i Biometrics.obj
 0001:0000328e       ?Add@?$CSimpleMap@PA_WPA_WVCExpansionVectorEqualHelper@ATL@@@ATL@@QAEHABQA_W0@Z 1000428e f i Biometrics.obj
 0001:000032e3       ?Add@CComDynamicUnkArray@ATL@@QAEKPAUIUnknown@@@Z 100042e3 f i Biometrics.obj
 0001:00003399       ?Add@CExpansionVector@ATL@@QAEHPB_W0@Z 10004399 f i Biometrics.obj
 0001:000034a2       ?AddString@CParseBuffer@CRegParser@ATL@@QAEHPB_W@Z 100044a2 f i Biometrics.obj
 0001:000034d7       ?AddTermFunc@CAtlModule@ATL@@QAEJP6GXK@ZK@Z 100044d7 f i Biometrics.obj
 0001:0000353a       ?AddValue@CRegParser@ATL@@IAEJAAVCRegKey@2@PB_WPA_W@Z 1000453a f i Biometrics.obj
 0001:00003854       ?Allocate@?$CAtlSafeAllocBufferManager@VCCRTAllocator@ATL@@@_ATL_SAFE_ALLOCA_IMPL@ATL@@QAEPAXK@Z 10004854 f i Biometrics.obj
 0001:00003881       ?Allocate@?$CTempBuffer@E$0BAA@VCCRTAllocator@ATL@@@ATL@@QAEPAEI@Z 10004881 f i Biometrics.obj
 0001:000038b0       ?Allocate@?$CTempBuffer@_W$0BAA@VCCRTAllocator@ATL@@@ATL@@QAEPA_WI@Z 100048b0 f i Biometrics.obj
 0001:000038df       ?Allocate@?$CTempBuffer@_W$0EAA@VCCRTAllocator@ATL@@@ATL@@QAEPA_WI@Z 100048df f i Biometrics.obj
 0001:0000390e       ?AllocateHeap@?$CTempBuffer@_W$0BAA@VCCRTAllocator@ATL@@@ATL@@AAEXI@Z 1000490e f i Biometrics.obj
 0001:0000390e       ?AllocateHeap@?$CTempBuffer@E$0BAA@VCCRTAllocator@ATL@@@ATL@@AAEXI@Z 1000490e f i Biometrics.obj
 0001:0000390e       ?AllocateHeap@?$CTempBuffer@_W$0EAA@VCCRTAllocator@ATL@@@ATL@@AAEXI@Z 1000490e f i Biometrics.obj
 0001:00003933       ?Append@CParseBuffer@CRegParser@ATL@@QAEHPB_WH@Z 10004933 f i Biometrics.obj
 0001:000039c1       ?AtlCoTaskMemCAlloc@ATL@@YAPAXKK@Z 100049c1 f i Biometrics.obj
 0001:000039ee       ?AtlCoTaskMemRecalloc@ATL@@YAPAXPAXKK@Z 100049ee f i Biometrics.obj
 0001:00003a1e       ?AtlComModuleGetClassObject@ATL@@YGJPAU_ATL_COM_MODULE70@1@ABU_GUID@@1PAPAX@Z 10004a1e f i Biometrics.obj
 0001:00003b11       ?AtlComModuleRegisterServer@ATL@@YGJPAU_ATL_COM_MODULE70@1@HPBU_GUID@@@Z 10004b11 f i Biometrics.obj
 0001:00003b99       ?AtlComModuleUnregisterServer@ATL@@YGJPAU_ATL_COM_MODULE70@1@HPBU_GUID@@@Z 10004b99 f i Biometrics.obj
 0001:00003c21       ?AtlComQIPtrAssign2@ATL@@YAXPAPAUIUnknown@@PAU2@ABU_GUID@@@Z 10004c21 f i Biometrics.obj
 0001:00003c50       ?AtlCreateTargetDC@ATL@@YGPAUHDC__@@PAU2@PAUtagDVTARGETDEVICE@@@Z 10004c50 f i Biometrics.obj
 0001:00003cb9       ?AtlCrtErrorCheck@ATL@@YAHH@Z 10004cb9 f i Biometrics.obj
 0001:00003cf4       ?AtlHiMetricToPixel@ATL@@YGXPBUtagSIZE@@PAU2@@Z 10004cf4 f i Biometrics.obj
 0001:00003d69       ?AtlHresultFromLastError@ATL@@YAJXZ 10004d69 f i Biometrics.obj
 0001:00003d80       ?AtlHresultFromWin32@ATL@@YAJK@Z 10004d80 f i Biometrics.obj
 0001:00003d95       ?AtlInternalOleLoadFromStream@ATL@@YAJPAUIStream@@ABU_GUID@@PAPAXTClassesAllowedInStream@1@K@Z 10004d95 f i Biometrics.obj
 0001:00003eb3       ?AtlInternalQueryInterface@ATL@@YGJPAXPBU_ATL_INTMAP_ENTRY@1@ABU_GUID@@PAPAX@Z 10004eb3 f i Biometrics.obj
 0001:00003f56       ?AtlLoadTypeLib@ATL@@YGJPAUHINSTANCE__@@PB_WPAPA_WPAPAUITypeLib@@@Z 10004f56 f i Biometrics.obj
 0001:00004134       ?AtlRegisterClassCategoriesHelper@ATL@@YGJABU_GUID@@PBU_ATL_CATMAP_ENTRY@1@H@Z 10005134 f i Biometrics.obj
 0001:00004430       ?AtlRegisterTypeLib@ATL@@YGJPAUHINSTANCE__@@PB_W@Z 10005430 f i Biometrics.obj
 0001:000045b8       ?AtlThrowImpl@ATL@@YGXJ@Z  100055b8 f i Biometrics.obj
 0001:000045d6       ?AtlUnRegisterTypeLib@ATL@@YGJPAUHINSTANCE__@@PB_W@Z 100055d6 f i Biometrics.obj
 0001:00004681       ?AtlWinModuleAddCreateWndData@ATL@@YGXPAU_ATL_WIN_MODULE70@1@PAU_AtlCreateWndData@1@PAX@Z 10005681 f i Biometrics.obj
 0001:000046d5       ?AtlWinModuleExtractCreateWndData@ATL@@YGPAXPAU_ATL_WIN_MODULE70@1@@Z 100056d5 f i Biometrics.obj
 0001:00004738       ?AtlWinModuleRegisterClassExW@ATL@@YGGPAU_ATL_WIN_MODULE70@1@PBUtagWNDCLASSEXW@@@Z 10005738 f i Biometrics.obj
 0001:00004777       ?CanForceRemoveKey@CRegParser@ATL@@IAEHPB_W@Z 10005777 f i Biometrics.obj
 0001:000047a6       ?ChToByte@CRegParser@ATL@@KAE_W@Z 100057a6 f i Biometrics.obj
 0001:000047d9       ?Cleanup@CComTypeInfoHolder@ATL@@SGXK@Z 100057d9 f i Biometrics.obj
 0001:0000480c       ?ClearReplacements@CExpansionVector@ATL@@QAEJXZ 1000580c f i Biometrics.obj
 0001:00004849       ?Close@CRegKey@ATL@@QAEJXZ 10005849 f i Biometrics.obj
 0001:00004863       ?CreateInstance@?$CComCreator@V?$CComAggObject@VCOPOSBiometrics@@@ATL@@@ATL@@SGJPAXABU_GUID@@PAPAX@Z 10005863 f i Biometrics.obj
 0001:000048d8       ?CreateInstance@?$CComCreator@V?$CComObject@VCOPOSBiometrics@@@ATL@@@ATL@@SGJPAXABU_GUID@@PAPAX@Z 100058d8 f i Biometrics.obj
 0001:00004958       ?CreateInstance@?$CComObject@V?$CComEnum@UIEnumConnectionPoints@@$1?_GUID_b196b285_bab4_101a_b69c_00aa00341d07@@3U__s_GUID@@BPAUIConnectionPoint@@V?$_CopyInterface@UIConnectionPoint@@@ATL@@VCComSingleThreadModel@6@@ATL@@@ATL@@SGJPAPAV12@@Z 10005958 f i Biometrics.obj
 0001:000049a2       ?CreateInstance@?$CComObject@V?$CComEnum@UIEnumConnections@@$1?_GUID_b196b287_bab4_101a_b69c_00aa00341d07@@3U__s_GUID@@BUtagCONNECTDATA@@V?$_Copy@UtagCONNECTDATA@@@ATL@@VCComSingleThreadModel@6@@ATL@@@ATL@@SGJPAPAV12@@Z 100059a2 f i Biometrics.obj
 0001:000049ec       ?DefaultReflectionHandler@?$CWindowImplRoot@VCWindow@ATL@@@ATL@@SAHPAUHWND__@@IIJAAJ@Z 100059ec f i Biometrics.obj
 0001:00004a5f       ?DeleteSubKey@CRegKey@ATL@@QAEJPB_W@Z 10005a5f f i Biometrics.obj
 0001:00004ad8       ?DoEvent@COPOSBiometrics@@IAEXIIJ@Z 10005ad8 f i Biometrics.obj
 0001:00004b58       ?DoVerbHide@?$IOleObjectImpl@VCOPOSBiometrics@@@ATL@@QAEJPBUtagRECT@@PAUHWND__@@@Z 10005b58 f i Biometrics.obj
 0001:00004b8e       ?DoVerbInPlaceActivate@?$IOleObjectImpl@VCOPOSBiometrics@@@ATL@@QAEJPBUtagRECT@@PAUHWND__@@@Z 10005b8e f i Biometrics.obj
 0001:00004bc1       ?DoVerbPrimary@?$IOleObjectImpl@VCOPOSBiometrics@@@ATL@@QAEJPBUtagRECT@@PAUHWND__@@@Z 10005bc1 f i Biometrics.obj
 0001:00004c4d       ?DoVerbProperties@CComControlBase@ATL@@QAEJPBUtagRECT@@PAUHWND__@@@Z 10005c4d f i Biometrics.obj
 0001:00004dcc       ?DoVerbUIActivate@?$IOleObjectImpl@VCOPOSBiometrics@@@ATL@@QAEJPBUtagRECT@@PAUHWND__@@@Z 10005dcc f i Biometrics.obj
 0001:00004e09       ?DoesVerbActivate@CComControlBase@ATL@@QAEHJ@Z 10005e09 f i Biometrics.obj
 0001:00004e2a       ?DoesVerbUIActivate@CComControlBase@ATL@@QAEHJ@Z 10005e2a f i Biometrics.obj
 0001:00004e5f       ?EndOfVar@CRegParser@ATL@@IAEHXZ 10005e5f f i Biometrics.obj
 0001:00004e7f       ?EscapeSingleQuote@CAtlModule@ATL@@SAXPA_WIPB_W@Z 10005e7f f i Biometrics.obj
 0001:00004ece       ?FindKey@?$CSimpleMap@PA_WPA_WVCExpansionVectorEqualHelper@ATL@@@ATL@@QBEHABQA_W@Z 10005ece f i Biometrics.obj
 0001:00004f05       ?FireTheEvent@?$CProxy_IOPOSEvents@VCOPOSBiometrics@@@@IAEXPAVOposVariant@@IAAJPB_WJ@Z 10005f05 f i Biometrics.obj
 0001:00004f97       ?FireViewChange@CComControlBase@ATL@@QAEJXZ 10005f97 f i Biometrics.obj
 0001:00004fe0       ?Fire_DataEvent@?$CProxy_IOPOSEvents@VCOPOSBiometrics@@@@QAEXJ@Z 10005fe0 f i Biometrics.obj
 0001:00005076       ?Fire_DirectIOEvent@?$CProxy_IOPOSEvents@VCOPOSBiometrics@@@@QAEXJPAJPAPA_W@Z 10006076 f i Biometrics.obj
 0001:00005162       ?Fire_ErrorEvent@?$CProxy_IOPOSEvents@VCOPOSBiometrics@@@@QAEXJJJPAJ@Z 10006162 f i Biometrics.obj
 0001:00005253       ?Fire_StatusUpdateEvent@?$CProxy_IOPOSEvents@VCOPOSBiometrics@@@@QAEXJ@Z 10006253 f i Biometrics.obj
 0001:000052e9       ?FreeHeap@?$CTempBuffer@_W$0EAA@VCCRTAllocator@ATL@@@ATL@@AAEXXZ 100062e9 f i Biometrics.obj
 0001:000052e9       ?FreeHeap@?$CTempBuffer@E$0BAA@VCCRTAllocator@ATL@@@ATL@@AAEXXZ 100062e9 f i Biometrics.obj
 0001:000052e9       ?FreeHeap@?$CTempBuffer@_W$0BAA@VCCRTAllocator@ATL@@@ATL@@AAEXXZ 100062e9 f i Biometrics.obj
 0001:000052f2       ?GetAmbientLocaleID@CComControlBase@ATL@@QAEJAAK@Z 100062f2 f i Biometrics.obj
 0001:0000534e       ?GetAmbientUserMode@CComControlBase@ATL@@QAEJAAH@Z 1000634e f i Biometrics.obj
 0001:000053be       ?GetAt@CComDynamicUnkArray@ATL@@QAEPAUIUnknown@@H@Z 100063be f i Biometrics.obj
 0001:000053da       ?GetClassObject@CComModule@ATL@@QAEJABU_GUID@@0PAPAX@Z 100063da f i Biometrics.obj
 0001:0000547c       ?GetConnMap@COPOSBiometrics@@SAPBU_ATL_CONNMAP_ENTRY@ATL@@PAH@Z 1000647c f i Biometrics.obj
 0001:000054ec       ?GetCookie@CComDynamicUnkArray@ATL@@QAGKPAPAUIUnknown@@@Z 100064ec f i Biometrics.obj
 0001:00005524       ?GetIDsOfNames@CComTypeInfoHolder@ATL@@QAEJABU_GUID@@PAPA_WIKPAJ@Z 10006524 f i Biometrics.obj
 0001:0000564b       ?GetKeyAt@?$CSimpleMap@PA_WPA_WVCExpansionVectorEqualHelper@ATL@@@ATL@@QBEAAPA_WH@Z 1000664b f i Biometrics.obj
 0001:00005670       ?GetPagesHelper@?$ISpecifyPropertyPagesImpl@VCOPOSBiometrics@@@ATL@@IAEJPAUtagCAUUID@@PBUATL_PROPMAP_ENTRY@2@@Z 10006670 f i Biometrics.obj
 0001:00005797       ?GetProperty@?$CComPtr@UIDispatch@@@ATL@@SAJPAUIDispatch@@JPAUtagVARIANT@@@Z 10006797 f i Biometrics.obj
 0001:000057e6       ?GetSizeMax@CComVariant@ATL@@QBEJPAT_ULARGE_INTEGER@@@Z 100067e6 f i Biometrics.obj
 0001:000059a8       ?GetTI@CComTypeInfoHolder@ATL@@QAEJK@Z 100069a8 f i Biometrics.obj
 0001:00005b87       ?GetTI@CComTypeInfoHolder@ATL@@QAEJKPAPAUITypeInfo@@@Z 10006b87 f i Biometrics.obj
 0001:00005bc9       ?GetUnknown@CComDynamicUnkArray@ATL@@QAGPAUIUnknown@@K@Z 10006bc9 f i Biometrics.obj
 0001:00005bea       ?GetValueAt@?$CSimpleMap@PA_WPA_WVCExpansionVectorEqualHelper@ATL@@@ATL@@QBEAAPA_WH@Z 10006bea f i Biometrics.obj
 0001:00005c10       ?GetZoomInfo@CComControlBase@ATL@@QAEXAAUATL_DRAWINFO@@@Z 10006c10 f i Biometrics.obj
 0001:00005ca3       ?HKeyFromString@CRegParser@ATL@@KAPAUHKEY__@@PA_W@Z 10006ca3 f i Biometrics.obj
 0001:00005cd1       ?HasSubKeys@CRegParser@ATL@@IAEHPAUHKEY__@@@Z 10006cd1 f i Biometrics.obj
 0001:00005d06       ?IDataObject_GetData@CComControlBase@ATL@@QAEJPAUtagFORMATETC@@PAUtagSTGMEDIUM@@@Z 10006d06 f i Biometrics.obj
 0001:00005eac       ?IOleInPlaceObject_InPlaceDeactivate@CComControlBase@ATL@@QAEJXZ 10006eac f i Biometrics.obj
 0001:00005f33       ?IOleInPlaceObject_SetObjectRects@CComControlBase@ATL@@QAEJPBUtagRECT@@0@Z 10006f33 f i Biometrics.obj
 0001:00006000       ?IOleInPlaceObject_UIDeactivate@CComControlBase@ATL@@QAEJXZ 10007000 f i Biometrics.obj
 0001:000060c2       ?IOleObject_Advise@CComControlBase@ATL@@QAEJPAUIAdviseSink@@PAK@Z 100070c2 f i Biometrics.obj
 0001:000060ec       ?IOleObject_Close@CComControlBase@ATL@@QAEJK@Z 100070ec f i Biometrics.obj
 0001:000061d0       ?IOleObject_GetClientSite@CComControlBase@ATL@@QAEJPAPAUIOleClientSite@@@Z 100071d0 f i Biometrics.obj
 0001:000061f9       ?IOleObject_SetClientSite@CComControlBase@ATL@@QAEJPAUIOleClientSite@@@Z 100071f9 f i Biometrics.obj
 0001:00006238       ?IOleObject_SetExtent@CComControlBase@ATL@@QAEJKPAUtagSIZE@@@Z 10007238 f i Biometrics.obj
 0001:000062ea       ?IPSI_GetIPersistStreamInit@?$IPersistStorageImpl@VCOPOSBiometrics@@@ATL@@AAEPAUIPersistStreamInit@@XZ 100072ea f i Biometrics.obj
 0001:00006392       ?IPersistStreamInit_Load@?$IPersistStreamInitImpl@VCOPOSBiometrics@@@ATL@@QAEJPAUIStream@@PBUATL_PROPMAP_ENTRY@2@@Z 10007392 f i Biometrics.obj
 0001:00006607       ?IPersistStreamInit_Save@?$IPersistStreamInitImpl@VCOPOSBiometrics@@@ATL@@QAEJPAUIStream@@HPBUATL_PROPMAP_ENTRY@2@@Z 10007607 f i Biometrics.obj
 0001:000067f5       ?IQuickActivate_QuickActivate@CComControlBase@ATL@@QAEJPAUtagQACONTAINER@@PAUtagQACONTROL@@@Z 100077f5 f i Biometrics.obj
 0001:00006a37       ?IViewObject_Draw@CComControlBase@ATL@@QAEJKJPAXPAUtagDVTARGETDEVICE@@PAUHDC__@@2PBU_RECTL@@3@Z 10007a37 f i Biometrics.obj
 0001:00006adf       ?InPlaceActivate@CComControlBase@ATL@@QAEJJPBUtagRECT@@@Z 10007adf f i Biometrics.obj
 0001:00006d50       ?Init@?$CComEnumImpl@UIEnumConnectionPoints@@$1?_GUID_b196b285_bab4_101a_b69c_00aa00341d07@@3U__s_GUID@@BPAUIConnectionPoint@@V?$_CopyInterface@UIConnectionPoint@@@ATL@@@ATL@@QAEJPAPAUIConnectionPoint@@0PAUIUnknown@@W4CComEnumFlags@2@@Z 10007d50 f i Biometrics.obj
 0001:00006e2f       ?Init@?$CComEnumImpl@UIEnumConnections@@$1?_GUID_b196b287_bab4_101a_b69c_00aa00341d07@@3U__s_GUID@@BUtagCONNECTDATA@@V?$_Copy@UtagCONNECTDATA@@@ATL@@@ATL@@QAEJPAUtagCONNECTDATA@@0PAUIUnknown@@W4CComEnumFlags@2@@Z 10007e2f f i Biometrics.obj
 0001:00006f0e       ?Init@CComModule@ATL@@QAEJPAU_ATL_OBJMAP_ENTRY30@2@PAUHINSTANCE__@@PBU_GUID@@@Z 10007f0e f i Biometrics.obj
 0001:00006f6d       ?Init@CDynamicStdCallThunk2@ATL@@QAEHKPAX@Z 10007f6d f i Biometrics.obj
 0001:00006f98       ?InlineIsEqualUnknown@ATL@@YGHABU_GUID@@@Z 10007f98 f i Biometrics.obj
 0001:00006fc0       ?InternalSetAtIndex@?$CSimpleMap@PA_WPA_WVCExpansionVectorEqualHelper@ATL@@@ATL@@QAEXHABQA_W0@Z 10007fc0 f i Biometrics.obj
 0001:00006fea       ?Invoke@CComTypeInfoHolder@ATL@@QAEJPAUIDispatch@@JABU_GUID@@KGPAUtagDISPPARAMS@@PAUtagVARIANT@@PAUtagEXCEPINFO@@PAI@Z 10007fea f i Biometrics.obj
 0001:0000702d       ?IsEqualObject@?$CComPtrBase@UIOleClientSite@@@ATL@@QAE_NPAUIUnknown@@@Z 1000802d f i Biometrics.obj
 0001:0000702d       ?IsEqualObject@?$CComPtrBase@UITypeInfo@@@ATL@@QAE_NPAUIUnknown@@@Z 1000802d f i Biometrics.obj
 0001:0000709a       ?IsSpace@CRegParser@ATL@@IAEH_W@Z 1000809a f i Biometrics.obj
 0001:000070c4       ?LoadNameCache@CComTypeInfoHolder@ATL@@QAEJPAUITypeInfo@@@Z 100080c4 f i Biometrics.obj
 0001:000071f9       ?Lookup@?$CSimpleMap@PA_WPA_WVCExpansionVectorEqualHelper@ATL@@@ATL@@QBEPA_WABQA_W@Z 100081f9 f i Biometrics.obj
 0001:0000721f       ?NextToken@CRegParser@ATL@@IAEJPA_W@Z 1000821f f i Biometrics.obj
 0001:00007357       ?OnKillFocus@CComControlBase@ATL@@QAEJIIJAAH@Z 10008357 f i Biometrics.obj
 0001:000073b2       ?OnMouseActivate@CComControlBase@ATL@@QAEJIIJAAH@Z 100083b2 f i Biometrics.obj
 0001:00007420       ?OnPaint@CComControlBase@ATL@@QAEJIIJAAH@Z 10008420 f i Biometrics.obj
 0001:000074d2       ?OnSetFocus@CComControlBase@ATL@@QAEJIIJAAH@Z 100084d2 f i Biometrics.obj
 0001:0000755b       ?Open@CRegKey@ATL@@QAEJPAUHKEY__@@PB_WK@Z 1000855b f i Biometrics.obj
 0001:000075b0       ?PreProcessBuffer@CRegParser@ATL@@QAEJPA_WPAPA_W@Z 100085b0 f i Biometrics.obj
 0001:0000781f       ?ProcessWindowMessage@?$CComControl@VCOPOSBiometrics@@V?$CWindowImpl@VCOPOSBiometrics@@VCWindow@ATL@@V?$CWinTraits@$0FGAAAAAA@$0A@@3@@ATL@@@ATL@@UAEHPAUHWND__@@IIJAAJK@Z 1000881f f i Biometrics.obj
 0001:000078be       ?ReadFromStream@CComBSTR@ATL@@QAEJPAUIStream@@@Z 100088be f i Biometrics.obj
 0001:000079e1       ?ReadFromStream@CComVariant@ATL@@QAEJPAUIStream@@GTClassesAllowedInStream@2@K@Z 100089e1 f i Biometrics.obj
 0001:00007b6b       ?RecurseDeleteKey@CRegKey@ATL@@QAEJPB_W@Z 10008b6b f i Biometrics.obj
 0001:00007c59       ?RegCreateKeyExW@CAtlTransactionManager@ATL@@QAEJPAUHKEY__@@PB_WKPA_WKKQAU_SECURITY_ATTRIBUTES@@PAPAU3@PAK@Z 10008c59 f i Biometrics.obj
 0001:00007cbc       ?RegDeleteKeyW@CAtlTransactionManager@ATL@@QAEJPAUHKEY__@@PB_W@Z 10008cbc f i Biometrics.obj
 0001:00007d0e       ?RegOpenKeyExW@CAtlTransactionManager@ATL@@QAEJPAUHKEY__@@PB_WKKPAPAU3@@Z 10008d0e f i Biometrics.obj
 0001:00007d65       ?Register@_ATL_WNDCLASSINFOW@ATL@@QAEGPAP6GJPAUHWND__@@IIJ@Z@Z 10008d65 f i Biometrics.obj
 0001:00007d85       ?RegisterBuffer@CRegParser@ATL@@QAEJPA_WH@Z 10008d85 f i Biometrics.obj
 0001:00007ecc       ?RegisterFromResource@CRegObject@ATL@@IAEJPB_W00H@Z 10008ecc f i Biometrics.obj
 0001:00008002       ?RegisterServer@?$CAtlModuleT@VCComModule@ATL@@@ATL@@QAEJHPBU_GUID@@@Z 10009002 f i Biometrics.obj
 0001:00008030       ?RegisterServer@CComModule@ATL@@QAEJHPBU_GUID@@@Z 10009030 f i Biometrics.obj
 0001:000080a6       ?RegisterSubkeys@CRegParser@ATL@@IAEJPA_WPAUHKEY__@@HH@Z 100090a6 f i Biometrics.obj
 0001:00008753       ?Remove@CComDynamicUnkArray@ATL@@QAEHK@Z 10009753 f i Biometrics.obj
 0001:0000877c       ?RemoveAll@?$CSimpleMap@PA_WPA_WVCExpansionVectorEqualHelper@ATL@@@ATL@@QAEXXZ 1000977c f i Biometrics.obj
 0001:000087a8       ?ResourceRegisterSz@CRegObject@ATL@@QAGJPB_W00@Z 100097a8 f i Biometrics.obj
 0001:000087d5       ?ResourceUnregisterSz@CRegObject@ATL@@QAGJPB_W00@Z 100097d5 f i Biometrics.obj
 0001:00008802       ?SendOnDataChange@CComControlBase@ATL@@QAEJK@Z 10009802 f i Biometrics.obj
 0001:0000884f       ?SetControlFocus@CComControlBase@ATL@@QAEHH@Z 1000984f f i Biometrics.obj
 0001:000088ec       ?SetMultiStringValue@CRegKey@ATL@@QAEJPB_W0@Z 100098ec f i Biometrics.obj
 0001:00008948       ?SetStringValue@CRegKey@ATL@@QAEJPB_W0K@Z 10009948 f i Biometrics.obj
 0001:00008991       ?SkipAssignment@CRegParser@ATL@@IAEJPA_W@Z 10009991 f i Biometrics.obj
 0001:000089f6       ?SkipWhiteSpace@CRegParser@ATL@@IAEXXZ 100099f6 f i Biometrics.obj
 0001:00008a18       ?StrChrW@CRegParser@ATL@@KAPA_WPA_W_W@Z 10009a18 f i Biometrics.obj
 0001:00008a55       ?Term@CAtlModule@ATL@@QAEXXZ 10009a55 f i Biometrics.obj
 0001:00008aa8       ?Term@CComModule@ATL@@QAEXXZ 10009aa8 f i Biometrics.obj
 0001:00008b00       ?UnregisterServer@?$CAtlModuleT@VCComModule@ATL@@@ATL@@QAEJHPBU_GUID@@@Z 10009b00 f i Biometrics.obj
 0001:00008b26       ?UnregisterServer@CComModule@ATL@@QAEJHPBU_GUID@@@Z 10009b26 f i Biometrics.obj
 0001:00008b9c       ?UpdateRegistryFromResource@CAtlModule@ATL@@QAGJIHPAU_ATL_REGMAP_ENTRY@2@@Z 10009b9c f i Biometrics.obj
 0001:00008d67       ?UpdateRegistryFromResource@CAtlModule@ATL@@QAGJPB_WHPAU_ATL_REGMAP_ENTRY@2@@Z 10009d67 f i Biometrics.obj
 0001:00008f38       ?VTFromRegType@CRegParser@ATL@@KAHPB_WAAG@Z 10009f38 f i Biometrics.obj
 0001:00008fa5       ?WindowProc@?$CWindowImplBaseT@VCWindow@ATL@@V?$CWinTraits@$0FGAAAAAA@$0A@@2@@ATL@@SGJPAUHWND__@@IIJ@Z 10009fa5 f i Biometrics.obj
 0001:00009097       ?WriteToStream@CComBSTR@ATL@@QAEJPAUIStream@@@Z 1000a097 f i Biometrics.obj
 0001:000090f9       ?WriteToStream@CComVariant@ATL@@QAEJPAUIStream@@@Z 1000a0f9 f i Biometrics.obj
 0001:00009273       ?WriteToStream@CComVariant@ATL@@QAEJPAUIStream@@G@Z 1000a273 f i Biometrics.obj
 0001:000092dc       ?_AtlInitialConstruct@?$CComObjectRootEx@VCComMultiThreadModel@ATL@@@ATL@@QAEJXZ 1000a2dc f i Biometrics.obj
 0001:000092f1       ?_AtlVerifyStackAvailable@_ATL_SAFE_ALLOCA_IMPL@ATL@@YA_NK@Z 1000a2f1 f i Biometrics.obj
 0001:0000936f       ?atlCreate@?$CWindowImpl@VCOPOSBiometrics@@VCWindow@ATL@@V?$CWinTraits@$0FGAAAAAA@$0A@@3@@ATL@@QAEPAUHWND__@@PAU3@V_U_RECT@2@PB_WKKV_U_MENUorID@2@PAX@Z 1000a36f f i Biometrics.obj
 0001:000093b3       ?atlCreate@?$CWindowImplBaseT@VCWindow@ATL@@V?$CWinTraits@$0FGAAAAAA@$0A@@2@@ATL@@QAEPAUHWND__@@PAU3@V_U_RECT@2@PB_WKKV_U_MENUorID@2@GPAX@Z 1000a3b3 f i Biometrics.obj
 0001:0000944f       ?copy@?$_Copy@UtagCONNECTDATA@@@ATL@@SAJPAUtagCONNECTDATA@@PBU3@@Z 1000a44f f i Biometrics.obj
 0001:00009485       ?copy@?$_CopyInterface@UIConnectionPoint@@@ATL@@SAJPAPAUIConnectionPoint@@PBQAU3@@Z 1000a485 f i Biometrics.obj
 0001:000094b3       ?memcpy_s@Checked@ATL@@YAXPAXIPBXI@Z 1000a4b3 f i Biometrics.obj
 0001:000094d2       ?ocscpy_s@@YA_NPA_WIPB_W@Z 1000a4d2 f i Biometrics.obj
 0001:0000951c       ?wcscpy_s@Checked@ATL@@YAXPA_WIPB_W@Z 1000a51c f i Biometrics.obj
 0001:00009538       _DllCanUnloadNow@0         1000a538 f   Biometrics.obj
 0001:00009544       _DllGetClassObject@12      1000a544 f   Biometrics.obj
 0001:00009552       _DllMain@12                1000a552 f   Biometrics.obj
 0001:00009594       _DllRegisterServer@0       1000a594 f   Biometrics.obj
 0001:000095a3       _DllUnregisterServer@0     1000a5a3 f   Biometrics.obj
 0001:000095b2       _InlineIsEqualGUID         1000a5b2 f i Biometrics.obj
 0001:000095e2       ___local_stdio_printf_options 1000a5e2 f i Biometrics.obj
 0001:000095e8       __vswprintf_s_l            1000a5e8 f i Biometrics.obj
 0001:00009695       _swprintf_s                1000a695 f i Biometrics.obj
 0001:000096b1       ??0?$CComControl@VCOPOSBiometrics@@V?$CWindowImpl@VCOPOSBiometrics@@VCWindow@ATL@@V?$CWinTraits@$0FGAAAAAA@$0A@@3@@ATL@@@ATL@@QAE@XZ 1000a6b1 f i BiometricsImpl.obj
 0001:000096d8       ??0?$CProxy_IOPOSEvents@VCOPOSBiometrics@@@@QAE@XZ 1000a6d8 f i BiometricsImpl.obj
 0001:000096f8       ??0CComControlBase@ATL@@QAE@AAPAUHWND__@@@Z 1000a6f8 f i BiometricsImpl.obj
 0001:00009748       ??0COPOSBiometrics@@QAE@XZ 1000a748 f   BiometricsImpl.obj
 0001:0000977e       ??1?$CComControl@VCOPOSBiometrics@@V?$CWindowImpl@VCOPOSBiometrics@@VCWindow@ATL@@V?$CWinTraits@$0FGAAAAAA@$0A@@3@@ATL@@@ATL@@UAE@XZ 1000a77e f i BiometricsImpl.obj
 0001:00009797       ??1?$IConnectionPointImpl@VCOPOSBiometrics@@$1?DIID__IOPOSBiometricsEvents@@3U_GUID@@BVCComDynamicUnkArray@ATL@@@ATL@@QAE@XZ 1000a797 f i BiometricsImpl.obj
 0001:00009797       ??1?$IConnectionPointImpl@VCOPOSBiometrics@@$1?IID_IPropertyNotifySink@@3U_GUID@@BVCComDynamicUnkArray@ATL@@@ATL@@QAE@XZ 1000a797 f i BiometricsImpl.obj
 0001:000097d4       ??1CComControlBase@ATL@@UAE@XZ 1000a7d4 f i BiometricsImpl.obj
 0001:00009837       ??1COPOSBiometrics@@UAE@XZ 1000a837 f   BiometricsImpl.obj
 0001:0000987f       ?BeginEnrollCapture@COPOSBiometrics@@UAGJPA_W0PAJ@Z 1000a87f f   BiometricsImpl.obj
 0001:000098ff       ?BeginVerifyCapture@COPOSBiometrics@@UAGJPAJ@Z 1000a8ff f   BiometricsImpl.obj
 0001:0000991a       ?CheckHealth@COPOSBiometrics@@UAGJJPAJ@Z 1000a91a f   BiometricsImpl.obj
 0001:00009969       ?ClaimDevice@COPOSBiometrics@@UAGJJPAJ@Z 1000a969 f   BiometricsImpl.obj
 0001:000099de       ?ClearInput@COPOSBiometrics@@UAGJPAJ@Z 1000a9de f   BiometricsImpl.obj
 0001:000099f9       ?ClearInputProperties@COPOSBiometrics@@UAGJPAJ@Z 1000a9f9 f   BiometricsImpl.obj
 0001:00009a14       ?Close@COPOSBiometrics@@UAGJPAJ@Z 1000aa14 f   BiometricsImpl.obj
 0001:00009a82       ?CompareFirmwareVersion@COPOSBiometrics@@UAGJPA_WPAJ1@Z 1000aa82 f   BiometricsImpl.obj
 0001:00009b02       ?DirectIO@COPOSBiometrics@@UAGJJPAJPAPA_W0@Z 1000ab02 f   BiometricsImpl.obj
 0001:00009bb0       ?DoInvoke@COPOSBiometrics@@IAEJJPAVOposVariant@@IHPAJ_N@Z 1000abb0 f   BiometricsImpl.obj
 0001:00009c8c       ?EndCapture@COPOSBiometrics@@UAGJPAJ@Z 1000ac8c f   BiometricsImpl.obj
 0001:00009ca7       ?EventClose@COPOSBiometrics@@IAEXXZ 1000aca7 f i BiometricsImpl.obj
 0001:00009cda       ?EventInit@COPOSBiometrics@@IAEJXZ 1000acda f i BiometricsImpl.obj
 0001:00009da6       ?EventUninit@COPOSBiometrics@@IAEXXZ 1000ada6 f i BiometricsImpl.obj
 0001:00009df8       ?EventWindowProc@COPOSBiometrics@@IAGJIIJ@Z 1000adf8 f i BiometricsImpl.obj
 0001:00009ecc       ?FinalConstruct@COPOSBiometrics@@QAEJXZ 1000aecc f   BiometricsImpl.obj
 0001:00009f05       ?FireEventCleanup@COPOSBiometrics@@IAEXXZ 1000af05 f i BiometricsImpl.obj
 0001:00009f1b       ?FireEventSetup@COPOSBiometrics@@IAE_NXZ 1000af1b f i BiometricsImpl.obj
 0001:00009f4f       ?FreezeEvents@COPOSBiometrics@@MAGJH@Z 1000af4f f   BiometricsImpl.obj
 0001:00009faf       ?GetOposProp@COPOSBiometrics@@IAEJJPAFJ@Z 1000afaf f   BiometricsImpl.obj
 0001:00009fd2       ?GetOposProp@COPOSBiometrics@@IAEJJPAJJ@Z 1000afd2 f   BiometricsImpl.obj
 0001:0000a0a1       ?GetOposProp@COPOSBiometrics@@IAEJJPAPA_WJ@Z 1000b0a1 f   BiometricsImpl.obj
 0001:0000a17d       ?Identify@COPOSBiometrics@@UAGJJJFUtagVARIANT@@PAU2@JPAJ@Z 1000b17d f   BiometricsImpl.obj
 0001:0000a28a       ?IdentifyMatch@COPOSBiometrics@@UAGJJJFPA_WUtagVARIANT@@PAU2@PAJ@Z 1000b28a f   BiometricsImpl.obj
 0001:0000a3ad       ?OnDraw@COPOSBiometrics@@MAEJAAUATL_DRAWINFO@@@Z 1000b3ad f   BiometricsImpl.obj
 0001:0000a44d       ?Open@COPOSBiometrics@@UAGJPA_WPAJ@Z 1000b44d f   BiometricsImpl.obj
 0001:0000ac8f       ?ProcessPrematchData@COPOSBiometrics@@UAGJPA_W0PAPA_WPAJ@Z 1000bc8f f   BiometricsImpl.obj
 0001:0000ad47       ?ReleaseDevice@COPOSBiometrics@@UAGJPAJ@Z 1000bd47 f   BiometricsImpl.obj
 0001:0000ad96       ?ResetStatistics@COPOSBiometrics@@UAGJPA_WPAJ@Z 1000bd96 f   BiometricsImpl.obj
 0001:0000aded       ?RetrieveStatistics@COPOSBiometrics@@UAGJPAPA_WPAJ@Z 1000bded f   BiometricsImpl.obj
 0001:0000ae44       ?SOProcessID@COPOSBiometrics@@UAGJPAJ@Z 1000be44 f   BiometricsImpl.obj
 0001:0000ae58       ?SetCOFreezeEvents@COPOSBiometrics@@IAEXF@Z 1000be58 f   BiometricsImpl.obj
 0001:0000aef8       ?SetOposProp@COPOSBiometrics@@IAEJJJJ@Z 1000bef8 f   BiometricsImpl.obj
 0001:0000afef       ?UpdateFirmware@COPOSBiometrics@@UAGJPA_WPAJ@Z 1000bfef f   BiometricsImpl.obj
 0001:0000b046       ?UpdateStatistics@COPOSBiometrics@@UAGJPA_WPAJ@Z 1000c046 f   BiometricsImpl.obj
 0001:0000b09d       ?Verify@COPOSBiometrics@@UAGJJJFPA_WPAPA_WPAFPAJ31J3@Z 1000c09d f   BiometricsImpl.obj
 0001:0000b214       ?VerifyMatch@COPOSBiometrics@@UAGJJJFPA_W0PAPA_WPAFPAJ313@Z 1000c214 f   BiometricsImpl.obj
 0001:0000b39e       ?get_Algorithm@COPOSBiometrics@@UAGJPAJ@Z 1000c39e f   BiometricsImpl.obj
 0001:0000b3b7       ?get_AlgorithmList@COPOSBiometrics@@UAGJPAPA_W@Z 1000c3b7 f   BiometricsImpl.obj
 0001:0000b3d0       ?get_AutoDisable@COPOSBiometrics@@UAGJPAF@Z 1000c3d0 f   BiometricsImpl.obj
 0001:0000b3e6       ?get_BIR@COPOSBiometrics@@UAGJPAPA_W@Z 1000c3e6 f   BiometricsImpl.obj
 0001:0000b3ff       ?get_BinaryConversion@COPOSBiometrics@@UAGJPAJ@Z 1000c3ff f   BiometricsImpl.obj
 0001:0000b415       ?get_CapCompareFirmwareVersion@COPOSBiometrics@@UAGJPAF@Z 1000c415 f   BiometricsImpl.obj
 0001:0000b42e       ?get_CapPowerReporting@COPOSBiometrics@@UAGJPAJ@Z 1000c42e f   BiometricsImpl.obj
 0001:0000b447       ?get_CapPrematchData@COPOSBiometrics@@UAGJPAF@Z 1000c447 f   BiometricsImpl.obj
 0001:0000b460       ?get_CapRawSensorData@COPOSBiometrics@@UAGJPAF@Z 1000c460 f   BiometricsImpl.obj
 0001:0000b479       ?get_CapRealTimeData@COPOSBiometrics@@UAGJPAF@Z 1000c479 f   BiometricsImpl.obj
 0001:0000b492       ?get_CapSensorColor@COPOSBiometrics@@UAGJPAJ@Z 1000c492 f   BiometricsImpl.obj
 0001:0000b4ab       ?get_CapSensorOrientation@COPOSBiometrics@@UAGJPAJ@Z 1000c4ab f   BiometricsImpl.obj
 0001:0000b4c4       ?get_CapSensorType@COPOSBiometrics@@UAGJPAJ@Z 1000c4c4 f   BiometricsImpl.obj
 0001:0000b4dd       ?get_CapStatisticsReporting@COPOSBiometrics@@UAGJPAF@Z 1000c4dd f   BiometricsImpl.obj
 0001:0000b4f6       ?get_CapTemplateAdaptation@COPOSBiometrics@@UAGJPAF@Z 1000c4f6 f   BiometricsImpl.obj
 0001:0000b50f       ?get_CapUpdateFirmware@COPOSBiometrics@@UAGJPAF@Z 1000c50f f   BiometricsImpl.obj
 0001:0000b528       ?get_CapUpdateStatistics@COPOSBiometrics@@UAGJPAF@Z 1000c528 f   BiometricsImpl.obj
 0001:0000b541       ?get_CheckHealthText@COPOSBiometrics@@UAGJPAPA_W@Z 1000c541 f   BiometricsImpl.obj
 0001:0000b55a       ?get_Claimed@COPOSBiometrics@@UAGJPAF@Z 1000c55a f   BiometricsImpl.obj
 0001:0000b570       ?get_ControlObjectDescription@COPOSBiometrics@@UAGJPAPA_W@Z 1000c570 f   BiometricsImpl.obj
 0001:0000b5be       ?get_ControlObjectVersion@COPOSBiometrics@@UAGJPAJ@Z 1000c5be f   BiometricsImpl.obj
 0001:0000b5d1       ?get_DataCount@COPOSBiometrics@@UAGJPAJ@Z 1000c5d1 f   BiometricsImpl.obj
 0001:0000b5e7       ?get_DataEventEnabled@COPOSBiometrics@@UAGJPAF@Z 1000c5e7 f   BiometricsImpl.obj
 0001:0000b5fd       ?get_DeviceDescription@COPOSBiometrics@@UAGJPAPA_W@Z 1000c5fd f   BiometricsImpl.obj
 0001:0000b616       ?get_DeviceEnabled@COPOSBiometrics@@UAGJPAF@Z 1000c616 f   BiometricsImpl.obj
 0001:0000b62c       ?get_DeviceName@COPOSBiometrics@@UAGJPAPA_W@Z 1000c62c f   BiometricsImpl.obj
 0001:0000b645       ?get_FreezeEvents@COPOSBiometrics@@UAGJPAF@Z 1000c645 f   BiometricsImpl.obj
 0001:0000b65b       ?get_OpenResult@COPOSBiometrics@@UAGJPAJ@Z 1000c65b f   BiometricsImpl.obj
 0001:0000b672       ?get_PowerNotify@COPOSBiometrics@@UAGJPAJ@Z 1000c672 f   BiometricsImpl.obj
 0001:0000b688       ?get_PowerState@COPOSBiometrics@@UAGJPAJ@Z 1000c688 f   BiometricsImpl.obj
 0001:0000b69e       ?get_RawSensorData@COPOSBiometrics@@UAGJPAPA_W@Z 1000c69e f   BiometricsImpl.obj
 0001:0000b6b7       ?get_RealTimeDataEnabled@COPOSBiometrics@@UAGJPAF@Z 1000c6b7 f   BiometricsImpl.obj
 0001:0000b6d0       ?get_ResultCode@COPOSBiometrics@@UAGJPAJ@Z 1000c6d0 f   BiometricsImpl.obj
 0001:0000b70e       ?get_ResultCodeExtended@COPOSBiometrics@@UAGJPAJ@Z 1000c70e f   BiometricsImpl.obj
 0001:0000b724       ?get_SensorBPP@COPOSBiometrics@@UAGJPAJ@Z 1000c724 f   BiometricsImpl.obj
 0001:0000b73d       ?get_SensorColor@COPOSBiometrics@@UAGJPAJ@Z 1000c73d f   BiometricsImpl.obj
 0001:0000b756       ?get_SensorHeight@COPOSBiometrics@@UAGJPAJ@Z 1000c756 f   BiometricsImpl.obj
 0001:0000b76f       ?get_SensorOrientation@COPOSBiometrics@@UAGJPAJ@Z 1000c76f f   BiometricsImpl.obj
 0001:0000b788       ?get_SensorType@COPOSBiometrics@@UAGJPAJ@Z 1000c788 f   BiometricsImpl.obj
 0001:0000b7a1       ?get_SensorWidth@COPOSBiometrics@@UAGJPAJ@Z 1000c7a1 f   BiometricsImpl.obj
 0001:0000b7ba       ?get_ServiceObjectDescription@COPOSBiometrics@@UAGJPAPA_W@Z 1000c7ba f   BiometricsImpl.obj
 0001:0000b7d3       ?get_ServiceObjectVersion@COPOSBiometrics@@UAGJPAJ@Z 1000c7d3 f   BiometricsImpl.obj
 0001:0000b7e9       ?get_State@COPOSBiometrics@@UAGJPAJ@Z 1000c7e9 f   BiometricsImpl.obj
 0001:0000b815       ?put_Algorithm@COPOSBiometrics@@UAGJJ@Z 1000c815 f   BiometricsImpl.obj
 0001:0000b82e       ?put_AutoDisable@COPOSBiometrics@@UAGJF@Z 1000c82e f   BiometricsImpl.obj
 0001:0000b84b       ?put_BinaryConversion@COPOSBiometrics@@UAGJJ@Z 1000c84b f   BiometricsImpl.obj
 0001:0000b861       ?put_DataEventEnabled@COPOSBiometrics@@UAGJF@Z 1000c861 f   BiometricsImpl.obj
 0001:0000b87e       ?put_DeviceEnabled@COPOSBiometrics@@UAGJF@Z 1000c87e f   BiometricsImpl.obj
 0001:0000b89b       ?put_FreezeEvents@COPOSBiometrics@@UAGJF@Z 1000c89b f   BiometricsImpl.obj
 0001:0000b8e7       ?put_PowerNotify@COPOSBiometrics@@UAGJJ@Z 1000c8e7 f   BiometricsImpl.obj
 0001:0000b8fd       ?put_RealTimeDataEnabled@COPOSBiometrics@@UAGJF@Z 1000c8fd f   BiometricsImpl.obj
 0001:0000b91d       ?put_SensorColor@COPOSBiometrics@@UAGJJ@Z 1000c91d f   BiometricsImpl.obj
 0001:0000b936       ?put_SensorOrientation@COPOSBiometrics@@UAGJJ@Z 1000c936 f   BiometricsImpl.obj
 0001:0000b94f       ?put_SensorType@COPOSBiometrics@@UAGJJ@Z 1000c94f f   BiometricsImpl.obj
 0001:0000b968       ?s_EventWindowProc@COPOSBiometrics@@KGJPAUHWND__@@IIJ@Z 1000c968 f i BiometricsImpl.obj
 0001:0000b9ba       ??_U@YAPAXI@Z              1000c9ba f   LIBCMT:new_array.obj
 0001:0000b9c3       ??3@YAXPAXI@Z              1000c9c3 f   LIBCMT:delete_scalar_size.obj
 0001:0000b9d1       ??_V@YAXPAX@Z              1000c9d1 f   LIBCMT:delete_array.obj
 0001:0000b9d6       ??_V@YAXPAXI@Z             1000c9d6 f   LIBCMT:delete_array_size.obj
 0001:0000ba28       ___scrt_acquire_startup_lock 1000ca28 f   LIBCMT:utility.obj
 0001:0000ba5a       ___scrt_dllmain_after_initialize_c 1000ca5a f   LIBCMT:utility.obj
 0001:0000ba85       ___scrt_dllmain_before_initialize_c 1000ca85 f   LIBCMT:utility.obj
 0001:0000ba93       ___scrt_dllmain_crt_thread_attach 1000ca93 f   LIBCMT:utility.obj
 0001:0000bab2       ___scrt_dllmain_crt_thread_detach 1000cab2 f   LIBCMT:utility.obj
 0001:0000babf       ___scrt_dllmain_exception_filter 1000cabf f   LIBCMT:utility.obj
 0001:0000baf3       ___scrt_dllmain_uninitialize_c 1000caf3 f   LIBCMT:utility.obj
 0001:0000bb16       ___scrt_dllmain_uninitialize_critical 1000cb16 f   LIBCMT:utility.obj
 0001:0000bb23       ___scrt_initialize_crt     1000cb23 f   LIBCMT:utility.obj
 0001:0000bb5c       ___scrt_initialize_onexit_tables 1000cb5c f   LIBCMT:utility.obj
 0001:0000bbe3       ___scrt_is_nonwritable_in_current_image 1000cbe3 f   LIBCMT:utility.obj
 0001:0000bc77       ___scrt_release_startup_lock 1000cc77 f   LIBCMT:utility.obj
 0001:0000bc94       ___scrt_uninitialize_crt   1000cc94 f   LIBCMT:utility.obj
 0001:0000bcbc       __onexit                   1000ccbc f   LIBCMT:utility.obj
[...]
 0002:00003678       ?_mb_locale_names@@3QBQB_WB 10023678     libucrt:mbctype.obj
 0002:00003ec0       ?LcidToLocaleNameTable@?A0x881e4c05@@3QBULcidToLocaleName@1@B 10023ec0     libucrt:lcidtoname_downlevel.obj
 0002:00004fe8       ?LocaleNameToIndexTable@?A0x881e4c05@@3QBULocaleNameIndex@1@B 10024fe8     libucrt:lcidtoname_downlevel.obj
 0002:00006920       LOG_name                   10026920     libucrt:log10_impl.obj
 0002:00006930       _One                       10026930     libucrt:ceil_pentium4.obj
 0002:00006940       _Bns                       10026940     libucrt:ceil_pentium4.obj
 0002:00006950       _Zero                      10026950     libucrt:ceil_pentium4.obj
 0002:00006960       _S                         10026960     libucrt:ceil_pentium4.obj
 0002:00006970       _NegZero                   10026970     libucrt:ceil_pentium4.obj
 0002:00006980       emask                      10026980     libucrt:log10_pentium4.obj
 0002:00006990       CC                         10026990     libucrt:log10_pentium4.obj
 0002:000069a0       Magic                      100269a0     libucrt:log10_pentium4.obj
 0002:000069b0       hi_mask                    100269b0     libucrt:log10_pentium4.obj
 0002:000069c0       LOG10_2                    100269c0     libucrt:log10_pentium4.obj
 0002:000069d0       place_L                    100269d0     libucrt:log10_pentium4.obj
 0002:000069f0       One                        100269f0     libucrt:log10_pentium4.obj
 0002:00006a00       Zero                       10026a00     libucrt:log10_pentium4.obj
 0002:00006a10       Two52                      10026a10     libucrt:log10_pentium4.obj
 0002:00006a20       Infs                       10026a20     libucrt:log10_pentium4.obj
 0002:00006a30       NaN                        10026a30     libucrt:log10_pentium4.obj
 0002:00006a40       coeff                      10026a40     libucrt:log10_pentium4.obj
 0002:00006a9e       _log2max                   10026a9e     libucrt:87tran.obj
 0002:00006aa8       _smallarg                  10026aa8     libucrt:87tran.obj
 0002:00006ab2       _half                      10026ab2     libucrt:87tran.obj
 0002:00006afe       One                        10026afe     libucrt:87disp.obj
 0002:00006b06       Three                      10026b06     libucrt:87disp.obj
 0002:00006b0e       XAMtoTagTab                10026b0e     libucrt:87disp.obj
 0002:00006b20       One                        10026b20     libucrt:common.obj
 0002:00006b34       DblMax                     10026b34     libucrt:common.obj
 0002:00006b3c       DblMin                     10026b3c     libucrt:common.obj
 0002:00006b44       IeeeAdjO                   10026b44     libucrt:common.obj
 0002:00006b4c       IeeeAdjU                   10026b4c     libucrt:common.obj
 0002:00006b54       _infinity                  10026b54     libucrt:common.obj
 0002:00006b5c       _zero                      10026b5c     libucrt:common.obj
 0002:00006ba8       _over                      10026ba8     libucrt:fpctrl.obj
 0002:00006bb4       _under                     10026bb4     libucrt:fpctrl.obj
 0002:000073e8       ?_names@?1??_get_fname@@9@9 100273e8     libucrt:fpexcept.obj
 0002:00007590       two32                      10027590     LIBCMT:ftol2.obj
 0002:00007594       two63                      10027594     LIBCMT:ftol2.obj
 0002:00007598       _NaN                       10027598     LIBCMT:ftol2.obj
 0002:00007c68       __sehtable$?_AtlVerifyStackAvailable@_ATL_SAFE_ALLOCA_IMPL@ATL@@YA_NK@Z 10027c68     Biometrics.obj
 0002:00007c88       __sehtable$___scrt_is_nonwritable_in_current_image 10027c88     LIBCMT:utility.obj
 0002:00007ca4       __catchsym$??2@YAPAXIABUnothrow_t@std@@@Z$2 10027ca4     LIBCMT:new_scalar_nothrow.obj
 0002:00007cb4       __unwindtable$??2@YAPAXIABUnothrow_t@std@@@Z 10027cb4     LIBCMT:new_scalar_nothrow.obj
 0002:00007cc4       __tryblocktable$??2@YAPAXIABUnothrow_t@std@@@Z 10027cc4     LIBCMT:new_scalar_nothrow.obj
 0002:00007cd8       __ehfuncinfo$??2@YAPAXIABUnothrow_t@std@@@Z 10027cd8     LIBCMT:new_scalar_nothrow.obj
 0002:00007d00       __sehtable$?dllmain_crt_process_attach@@YAHQAUHINSTANCE__@@QAX@Z 10027d00     LIBCMT:dll_dllmain.obj
 0002:00007d20       __sehtable$?dllmain_crt_process_detach@@YAH_N@Z 10027d20     LIBCMT:dll_dllmain.obj
 0002:00007d48       __sehtable$?dllmain_dispatch@@YAHQAUHINSTANCE__@@KQAX@Z 10027d48     LIBCMT:dll_dllmain.obj
 0002:00007df8       __sehtable$___DestructExceptionObject 10027df8     libvcruntime:ehhelpers.obj
 0002:00007e18       __sehtable$?FrameUnwindToState@__FrameHandler3@@SAXPAUEHRegistrationNode@@PAXPBU_s_FuncInfo@@H@Z 10027e18     libvcruntime:frame.obj
 0002:00007e40       __sehtable$?CallCatchBlock@@YAPAXPAUEHExceptionRecord@@PAUEHRegistrationNode@@PAU_CONTEXT@@PBU_s_FuncInfo@@PAXHK@Z 10027e40     libvcruntime:frame.obj
 0002:00007e68       __catchsym$?CallUnexpected@@YAXPBU_s_ESTypeList@@@Z$2 10027e68     libvcruntime:frame.obj
 0002:00007e78       __unwindtable$?CallUnexpected@@YAXPBU_s_ESTypeList@@@Z 10027e78     libvcruntime:frame.obj
 0002:00007e88       __tryblocktable$?CallUnexpected@@YAXPBU_s_ESTypeList@@@Z 10027e88     libvcruntime:frame.obj
 0002:00007e9c       __ehfuncinfo$?CallUnexpected@@YAXPBU_s_ESTypeList@@@Z 10027e9c     libvcruntime:frame.obj
 0002:00007ec0       __sehtable$??$BuildCatchObjectHelperInternal@V__FrameHandler3@@@@YAHPAUEHExceptionRecord@@PAXPBU_s_HandlerType@@PBU_s_CatchableType@@@Z 10027ec0     libvcruntime:frame.obj
 0002:00007ee0       __sehtable$??$BuildCatchObjectInternal@V__FrameHandler3@@@@YAXPAUEHExceptionRecord@@PAXPBU_s_HandlerType@@PBU_s_CatchableType@@@Z 10027ee0     libvcruntime:frame.obj
 0002:00007f38       __sehtable$??R<lambda_6e4b09c48022b2350581041d5f6b0c4c>@@QBE@XZ 10027f38     libucrt:exit.obj
 0002:00007f58       __sehtable$??$?RV<lambda_03b1d95aef87969028cfba75ccab2455>@@AAV<lambda_6e4b09c48022b2350581041d5f6b0c4c>@@V<lambda_22bdf7517842c4b3e53723af5aa32b9e>@@@?$__crt_seh_guarded_call@X@@QAEX$$QAV<lambda_03b1d95aef87969028cfba75ccab2455>@@AAV<lambda_6e4b09c48022b2350581041d5f6b0c4c>@@$$QAV<lambda_22bdf7517842c4b3e53723af5aa32b9e>@@@Z 10027f58     libucrt:exit.obj
 0002:00007f78       __sehtable$??$?RV<lambda_8e746cf0007f6ed984d6f78af1fec997>@@AAV<lambda_22ebabd17bc4fa466a2aca6d8deb888d>@@V<lambda_18ed0c0b38a6dc0daf1e7ac6d6adf05e>@@@?$__crt_seh_guarded_call@H@@QAEH$$QAV<lambda_8e746cf0007f6ed984d6f78af1fec997>@@AAV<lambda_22ebabd17bc4fa466a2aca6d8deb888d>@@$$QAV<lambda_18ed0c0b38a6dc0daf1e7ac6d6adf05e>@@@Z 10027f78     libucrt:onexit.obj
 0002:00007f98       __sehtable$??$?RV<lambda_69a2805e680e0e292e8ba93315fe43a8>@@AAV<lambda_f03950bc5685219e0bcd2087efbe011e>@@V<lambda_03fcd07e894ec930e3f35da366ca99d6>@@@?$__crt_seh_guarded_call@H@@QAEH$$QAV<lambda_69a2805e680e0e292e8ba93315fe43a8>@@AAV<lambda_f03950bc5685219e0bcd2087efbe011e>@@$$QAV<lambda_03fcd07e894ec930e3f35da366ca99d6>@@@Z 10027f98     libucrt:onexit.obj
 0002:00007fb8       __sehtable$__query_new_handler 10027fb8     libucrt:new_handler.obj
 0002:00007fd8       __sehtable$_terminate      10027fd8     libucrt:terminate.obj
 0002:00007ff8       __sehtable$??$?RV<lambda_15ade71b0218206bbe3333a0c9b79046>@@AAV<lambda_da44e0f8b0f19ba52fefafb335991732>@@V<lambda_207f2d024fc103971653565357d6cd41>@@@?$__crt_seh_guarded_call@X@@QAEX$$QAV<lambda_15ade71b0218206bbe3333a0c9b79046>@@AAV<lambda_da44e0f8b0f19ba52fefafb335991732>@@$$QAV<lambda_207f2d024fc103971653565357d6cd41>@@@Z 10027ff8     libucrt:per_thread_data.obj
 0002:00008018       __sehtable$??$?RV<lambda_a7e850c220f1c8d1e6efeecdedd162c6>@@AAV<lambda_46720907175c18b6c9d2717bc0d2d362>@@V<lambda_9048902d66e8d99359bc9897bbb930a8>@@@?$__crt_seh_guarded_call@X@@QAEX$$QAV<lambda_a7e850c220f1c8d1e6efeecdedd162c6>@@AAV<lambda_46720907175c18b6c9d2717bc0d2d362>@@$$QAV<lambda_9048902d66e8d99359bc9897bbb930a8>@@@Z 10028018     libucrt:per_thread_data.obj
 0002:00008038       __sehtable$??$?RV<lambda_38edbb1296d33220d7e4dd0ed76b244a>@@AAV<lambda_5ce1d447e08cb34b2473517608e21441>@@V<lambda_fb385d3da700c9147fc39e65dd577a8c>@@@?$__crt_seh_guarded_call@X@@QAEX$$QAV<lambda_38edbb1296d33220d7e4dd0ed76b244a>@@AAV<lambda_5ce1d447e08cb34b2473517608e21441>@@$$QAV<lambda_fb385d3da700c9147fc39e65dd577a8c>@@@Z 10028038     libucrt:per_thread_data.obj
 0002:00008058       __sehtable$??$?RV<lambda_6affb1475c98b40b75cdec977db92e3c>@@AAV<lambda_b8d4b9c228a6ecc3f80208dbb4b4a104>@@V<lambda_608742c3c92a14382c1684fc64f96c88>@@@?$__crt_seh_guarded_call@X@@QAEX$$QAV<lambda_6affb1475c98b40b75cdec977db92e3c>@@AAV<lambda_b8d4b9c228a6ecc3f80208dbb4b4a104>@@$$QAV<lambda_608742c3c92a14382c1684fc64f96c88>@@@Z 10028058     libucrt:per_thread_data.obj
 0002:00008078       __sehtable$??$?RV<lambda_e5124f882df8998aaf41531e079ba474>@@AAV<lambda_3e16ef9562a7dcce91392c22ab16ea36>@@V<lambda_e25ca0880e6ef98be67edffd8c599615>@@@?$__crt_seh_guarded_call@X@@QAEX$$QAV<lambda_e5124f882df8998aaf41531e079ba474>@@AAV<lambda_3e16ef9562a7dcce91392c22ab16ea36>@@$$QAV<lambda_e25ca0880e6ef98be67edffd8c599615>@@@Z 10028078     libucrt:wsetlocale.obj
 0002:00008098       __sehtable$___acrt_initialize_lowio 10028098     libucrt:ioinit.obj
 0002:000080b8       __sehtable$?update_thread_multibyte_data_internal@@YAPAU__crt_multibyte_data@@QAU__acrt_ptd@@QAPAU1@@Z 100280b8     libucrt:mbctype.obj
 0002:000080d8       __sehtable$??$?RV<lambda_ceb1ee4838e85a9d631eb091e2fbe199>@@AAV<lambda_ae742caa10f662c28703da3d2ea5e57e>@@V<lambda_cd08b5d6af4937fe54fc07d0c9bf6b37>@@@?$__crt_seh_guarded_call@X@@QAEX$$QAV<lambda_ceb1ee4838e85a9d631eb091e2fbe199>@@AAV<lambda_ae742caa10f662c28703da3d2ea5e57e>@@$$QAV<lambda_cd08b5d6af4937fe54fc07d0c9bf6b37>@@@Z 100280d8     libucrt:mbctype.obj
 0002:000080f8       __sehtable$_raise          100280f8     libucrt:signal.obj
 0002:00008118       __sehtable$??$?RV<lambda_cbab9ec6f41b0180b23cc171c22676b0>@@AAV<lambda_44731a7d0e6d81c3e6aa82d741081786>@@V<lambda_4b292cb8dd18144e164572427af410ab>@@@?$__crt_seh_guarded_call@P6AXH@Z@@QAEP6AXH@Z$$QAV<lambda_cbab9ec6f41b0180b23cc171c22676b0>@@AAV<lambda_44731a7d0e6d81c3e6aa82d741081786>@@$$QAV<lambda_4b292cb8dd18144e164572427af410ab>@@@Z 10028118     libucrt:signal.obj
 0002:00008138       __sehtable$??$?RV<lambda_2866be3712abc81a800a822484c830d8>@@AAV<lambda_39ca0ed439415581b5b15c265174cece>@@V<lambda_2b24c74d71094a6cd0cb82e44167d71b>@@@?$__crt_seh_guarded_call@X@@QAEX$$QAV<lambda_2866be3712abc81a800a822484c830d8>@@AAV<lambda_39ca0ed439415581b5b15c265174cece>@@$$QAV<lambda_2b24c74d71094a6cd0cb82e44167d71b>@@@Z 10028138     libucrt:fflush.obj
 0002:00008158       __sehtable$??$?RV<lambda_2cc53f568c5a2bb6f192f930a45d44ea>@@AAV<lambda_ab61a845afdef5b7c387490eaf3616ee>@@V<lambda_c2ffc0b7726aa6be21d5f0026187e748>@@@?$__crt_seh_guarded_call@X@@QAEX$$QAV<lambda_2cc53f568c5a2bb6f192f930a45d44ea>@@AAV<lambda_ab61a845afdef5b7c387490eaf3616ee>@@$$QAV<lambda_c2ffc0b7726aa6be21d5f0026187e748>@@@Z 10028158     libucrt:fflush.obj
 0002:00008178       __sehtable$___acrt_update_thread_locale_data 10028178     libucrt:locale_refcounting.obj
 0002:00008198       __sehtable$__fcloseall     10028198     libucrt:closeall.obj
 0002:000081b8       __sehtable$___acrt_lowio_ensure_fh_exists 100281b8     libucrt:osfinfo.obj
 0002:000081d8       __sehtable$??$?RV<lambda_9e9de3de5fa147e2223d7db92bc10aa6>@@AAV<lambda_38ce7e780aa69e748d6df282ebc68efe>@@V<lambda_8ca6da459f0f6780f1cff60fdc3d00e5>@@@?$__crt_seh_guarded_call@H@@QAEH$$QAV<lambda_9e9de3de5fa147e2223d7db92bc10aa6>@@AAV<lambda_38ce7e780aa69e748d6df282ebc68efe>@@$$QAV<lambda_8ca6da459f0f6780f1cff60fdc3d00e5>@@@Z 100281d8     libucrt:commit.obj
 0002:000081f8       __sehtable$__write         100281f8     libucrt:write.obj
 0002:00008218       __sehtable$_fclose         10028218     libucrt:fclose.obj
 0002:00008238       __sehtable$??$?RV<lambda_218ce3db14220d0be481dae8ef3383b6>@@AAV<lambda_628dfdc04ba53c8bfc02c9951375f3f5>@@V<lambda_57dc472bd5c9d5f3b2cbca59b8a843ae>@@@?$__crt_seh_guarded_call@H@@QAEH$$QAV<lambda_218ce3db14220d0be481dae8ef3383b6>@@AAV<lambda_628dfdc04ba53c8bfc02c9951375f3f5>@@$$QAV<lambda_57dc472bd5c9d5f3b2cbca59b8a843ae>@@@Z 10028238     libucrt:close.obj
 0002:00008258       __sehtable$___set_fpsr_sse2 10028258     libucrt:fpctrl.obj
 0002:00008278       __sehtable$__IsNonwritableInCurrentImage 10028278     LIBCMT:pesect.obj
 0002:000082a0       .edata                     100282a0     OPOSBiometrics.exp
 0002:000082c8       rgpv                       100282c8     OPOSBiometrics.exp
 0002:000082d8       rgszName                   100282d8     OPOSBiometrics.exp
 0002:000082e8       rgwOrd                     100282e8     OPOSBiometrics.exp
 0002:000082f0       szName                     100282f0     OPOSBiometrics.exp
 0002:00008303       $N00001                    10028303     OPOSBiometrics.exp
 0002:00008313       $N00002                    10028313     OPOSBiometrics.exp
 0002:00008325       $N00003                    10028325     OPOSBiometrics.exp
 0002:00008337       $N00004                    10028337     OPOSBiometrics.exp
 0002:0000894a       .idata$6                   1002894a     kernel32:KERNEL32.dll
 0002:00008b5e       .idata$6                   10028b5e     user32:USER32.dll
 0002:00008c92       .idata$6                   10028c92     gdi32:GDI32.dll
 0002:00008d38       .idata$6                   10028d38     advapi32:ADVAPI32.dll
 0002:00008e54       .idata$6                   10028e54     ole32:ole32.dll
 0002:00008e5e       .idata$6                   10028e5e     oleaut32:OLEAUT32.dll
 0003:00000110       ?ObjectMap@@3PAU_ATL_OBJMAP_ENTRY30@ATL@@A 1002a110     Biometrics.obj
 0003:000001d0       ?s_SOMethodNames@@3PAPADA  1002a1d0     BiometricsImpl.obj
 0003:0000023c       ?s_RequiredMethodsPerRelease@@3PAHA 1002a23c     BiometricsImpl.obj
 0003:00000260       ?__vcrt_flsindex@@3KA      1002a260     libvcruntime:per_thread_data.obj
 0003:00000280       ?errno_no_memory@@3HA      1002a280     libucrt:errno.obj
 0003:00000284       ?doserrno_no_memory@@3KA   1002a284     libucrt:errno.obj
 0003:00000290       ?__acrt_flsindex@@3KA      1002a290     libucrt:per_thread_data.obj
 0003:00000628       __mbctypes                 1002a628     libucrt:mbctype.obj
 0003:00000730       __mbcasemaps               1002a730     libucrt:mbctype.obj
 0003:00000830       ?__rgctypeflag@@3PADA      1002a830     libucrt:mbctype.obj
 0003:00000838       ?__rgcode_page_info@@3PAUcode_page_info@@A 1002a838     libucrt:mbctype.obj
 0003:00000a90       ?__dcrt_lowio_console_output_handle@@3PAXA 1002aa90     libucrt:initcon.obj
 0003:00000a94       ?__DAZ_ENABLED@?1??__set_fpsr_sse2@@9@9 1002aa94     libucrt:fpctrl.obj
 0003:00000c28       ?is_initialized_as_dll@@3_NA 1002ac28     LIBCMT:utility.obj
 0003:00000c29       ?module_local_atexit_table_initialized@@3_NA 1002ac29     LIBCMT:utility.obj
 0003:00000c2c       ?module_local_atexit_table@@3U_onexit_table_t@@A 1002ac2c     LIBCMT:utility.obj
 0003:00000c38       ?module_local_at_quick_exit_table@@3U_onexit_table_t@@A 1002ac38     LIBCMT:utility.obj
 0003:00000c44       ?g_tss_cv@@3U_RTL_CONDITION_VARIABLE@@A 1002ac44     LIBCMT:thread_safe_statics.obj
 0003:00000c48       ?g_tss_event@@3PAXA        1002ac48     LIBCMT:thread_safe_statics.obj
 0003:00000c4c       ?g_tss_mutex@@3U_RTL_CRITICAL_SECTION@@A 1002ac4c     LIBCMT:thread_safe_statics.obj
 0003:00000c64       ?g_sleep_condition_variable_cs@@3P6GHPAU_RTL_CONDITION_VARIABLE@@PAU_RTL_CRITICAL_SECTION@@K@ZA 1002ac64     LIBCMT:thread_safe_statics.obj
 0003:00000c68       ?g_wake_all_condition_variable@@3P6GXPAU_RTL_CONDITION_VARIABLE@@@ZA 1002ac68     LIBCMT:thread_safe_statics.obj
 0003:00000c70       _GS_ExceptionRecord        1002ac70     LIBCMT:gs_report.obj
 0003:00000cc0       _GS_ContextRecord          1002acc0     LIBCMT:gs_report.obj
 0003:00000f90       ?__proc_attached@@3HA      1002af90     LIBCMT:dll_dllmain.obj
 0003:00000ff4       ?AllocateData@@3P6GPAUAtlThunkData_t@@XZA 1002aff4     atls:atlthunk.obj
 0003:00000ff8       ?InitData@@3P6GXPAUAtlThunkData_t@@PAXI@ZA 1002aff8     atls:atlthunk.obj
 0003:00000ffc       ?DataToCode@@3P6GP6GJPAUHWND__@@IIJ@ZPAUAtlThunkData_t@@@ZA 1002affc     atls:atlthunk.obj
 0003:00001000       ?FreeData@@3P6GXPAUAtlThunkData_t@@@ZA 1002b000     atls:atlthunk.obj
 0003:00001004       ?Initialized@@3_NA         1002b004     atls:atlthunk.obj
 0003:00001014       ?__vcrt_startup_thread_ptd@@3U__vcrt_ptd@@A 1002b014     libvcruntime:per_thread_data.obj
 0003:0000103c       ___vcrt_lock_table         1002b03c     libvcruntime:locks.obj
 0003:00001054       ___vcrt_locks_initialized  1002b054     libvcruntime:locks.obj
 0003:00001080       ?heap@@3V_HeapManager@@A   1002b080     libvcruntime:undname.obj
 0003:00001094       ?module_handles@@3PAPAUHINSTANCE__@@A 1002b094     libvcruntime:winapi_downlevel.obj
 0003:000010a0       ?function_pointers@@3PAPAXA 1002b0a0     libvcruntime:winapi_downlevel.obj
 0003:000010b4       ?__acrt_invalid_parameter_handler@@3V?$dual_state_global@P6AXPB_W00II@Z@__crt_state_management@@A 1002b0b4     libucrt:invalid_parameter.obj
 0003:000010b8       ?c_termination_complete@@3JA 1002b0b8     libucrt:exit.obj
 0003:000010bc       ?thread_local_exit_callback_func@@3P6GXPAXK0@ZA 1002b0bc     libucrt:exit.obj
 0003:000010c8       ?program_name@?1???$common_configure_argv@D@@YAHW4_crt_argv_mode@@@Z@4PADA 1002b0c8     libucrt:argv_parsing.obj
 0003:000011f8       ?__acrt_new_handler@@3V?$dual_state_global@P6AHI@Z@__crt_state_management@@A 1002b1f8     libucrt:new_handler.obj
 0003:00001200       ?module_handles@@3PAPAUHINSTANCE__@@A 1002b200     libucrt:winapi_thunks.obj
 0003:00001250       ?encoded_function_pointers@@3PAPAXA 1002b250     libucrt:winapi_thunks.obj
 0003:000012d8       ?internal_state@?1??_mbtowc_l@@9@4U_Mbstatet@@A 1002b2d8     libucrt:mbtowc.obj
 0003:000012e8       ?enable_percent_n@@3IA     1002b2e8     libucrt:printf_count_output.obj
 0003:00001508       ?__acrt_lock_table@@3PAU_RTL_CRITICAL_SECTION@@A 1002b508     libucrt:locks.obj
 0003:00001658       ?__acrt_locks_initialized@@3IA 1002b658     libucrt:locks.obj
 0003:00001668       ?fSystemSet@@3HA           1002b668     libucrt:mbctype.obj
 0003:0000166c       ?initialized@?1??__acrt_initialize_multibyte@@9@4_NA 1002b66c     libucrt:mbctype.obj
 0003:0000168c       ?ctrlc_action@@3V?$dual_state_global@P6AXH@Z@__crt_state_management@@A 1002b68c     libucrt:signal.obj
 0003:00001690       ?ctrlbreak_action@@3V?$dual_state_global@P6AXH@Z@__crt_state_management@@A 1002b690     libucrt:signal.obj
 0003:00001694       ?abort_action@@3V?$dual_state_global@P6AXH@Z@__crt_state_management@@A 1002b694     libucrt:signal.obj
 0003:00001698       ?term_action@@3V?$dual_state_global@P6AXH@Z@__crt_state_management@@A 1002b698     libucrt:signal.obj
 0003:0000169c       ?user_matherr@@3V?$dual_state_global@P6AHPAU_exception@@@Z@__crt_state_management@@A 1002b69c     libucrt:matherr.obj
 0003:000016a0       ?__acrt_global_new_mode@@3V?$dual_state_global@J@__crt_state_management@@A 1002b6a0     libucrt:new_mode.obj
 0003:000016ac       ?internal_pst@?1??__mbrtoc32_utf8@__crt_mbstring@@YAIPA_UPBDIPAU_Mbstatet@@@Z@4U3@A 1002b6ac     libucrt:mbrtoc32.obj
 0003:000016b4       ?__acrt_app_type@@3W4_crt_app_type@@A 1002b6b4     libucrt:report_runtime_error.obj
 0003:000016bc       __pmatherr_set             1002b6bc     libucrt:libm_error.obj
 0004:00000220       $R000000                   1002c220     Biometrics.res
 0004:00000bb8       $R000998                   1002cbb8     Biometrics.res
 0004:00000ca0       $R000A80                   1002cca0     Biometrics.res
 0004:00000f08       $R000CE8                   1002cf08     Biometrics.res
 0004:00001410       $R0011F0                   1002d410     Biometrics.res
 0004:00004908       $R0046E8                   10030908     Biometrics.res
 0004:00004940       $R004720                   10030940     Biometrics.res
