 OPOSMSR

 Timestamp is 5defaa0f (Tue Dec 10 23:22:07 2019)

 Preferred load address is 10000000

 Start         Length     Name                   Class
 0001:00000000 00000080H .text$di                CODE
 0001:00000080 0001e093H .text$mn                CODE
 0001:0001e113 00000036H .text$x                 CODE
 0001:0001e149 00000042H .text$yd                CODE
 0002:00000000 00000300H .idata$5                DATA
 0002:00000300 00000004H .00cfg                  DATA
 0002:00000304 00000004H .CRT$XCA                DATA
 0002:00000308 00000004H .CRT$XCL                DATA
 0002:0000030c 00000010H .CRT$XCU                DATA
 0002:0000031c 00000004H .CRT$XCZ                DATA
 0002:00000320 00000004H .CRT$XIA                DATA
 0002:00000324 00000010H .CRT$XIC                DATA
 0002:00000334 00000004H .CRT$XIZ                DATA
 0002:00000338 00000004H .CRT$XLA                DATA
 0002:0000033c 00000004H .CRT$XLZ                DATA
 0002:00000340 00000004H .CRT$XPA                DATA
 0002:00000344 00000008H .CRT$XPX                DATA
 0002:0000034c 00000004H .CRT$XPXA               DATA
 0002:00000350 00000004H .CRT$XPZ                DATA
 0002:00000354 00000004H .CRT$XTA                DATA
 0002:00000358 00000008H .CRT$XTZ                DATA
 0002:0000035c 00000000H .gfids$y                DATA
 0002:00000360 0000710cH .rdata                  DATA
 0002:0000746c 00000018H .rdata$T                DATA
 0002:00007484 0000017cH .rdata$r                DATA
 0002:00007600 0000001cH .rdata$sxdata           DATA
 0002:0000761c 000003d8H .rdata$zzzdbg           DATA
 0002:000079f4 00000004H .rtc$IAA                DATA
 0002:000079f8 00000004H .rtc$IZZ                DATA
 0002:000079fc 00000004H .rtc$TAA                DATA
 0002:00007a00 00000004H .rtc$TZZ                DATA
 0002:00007a04 00000004H .tls                    DATA
 0002:00007a08 00000004H .tls$                   DATA
 0002:00007a0c 00000004H .tls$ZZZ                DATA
 0002:00007a10 0000060cH .xdata$x                DATA
 0002:0000801c 00000004H ATL$__a                 DATA
 0002:00008020 00000010H ATL$__z                 DATA
 0002:00008030 000000a4H .edata                  DATA
 0002:000080d4 00000078H .idata$2                DATA
 0002:0000814c 00000014H .idata$3                DATA
 0002:00008160 00000300H .idata$4                DATA
 0002:00008460 00000bc8H .idata$6                DATA
 0003:00000000 00000ac0H .data                   DATA
 0003:00000ac0 00000098H .data$r                 DATA
 0003:00000b58 00000b80H .bss                    DATA
 0004:00000000 00000220H .rsrc$01                DATA
 0004:00000220 00005b88H .rsrc$02                DATA

  Address         Publics by Value              Rva+Base       Lib:Object

 0000:00000000       ___guard_fids_count        00000000     <absolute>
 0000:00000000       ___hybrid_code_map_count   00000000     <absolute>
 0000:00000000       __except_list              00000000     <absolute>
 0000:00000000       ___hybrid_auxiliary_iat    00000000     <absolute>
 0000:00000000       ___guard_fids_table        00000000     <absolute>
 0000:00000000       ___guard_longjmp_table     00000000     <absolute>
 0000:00000000       ___guard_iat_count         00000000     <absolute>
 0000:00000000       ___guard_iat_table         00000000     <absolute>
 0000:00000000       ___volatile_metadata       00000000     <absolute>
 0000:00000000       ___AbsoluteZero            00000000     <absolute>
 0000:00000000       ___enclave_config          00000000     <absolute>
 0000:00000000       ___dynamic_value_reloc_table 00000000     <absolute>
 0000:00000000       ___guard_longjmp_count     00000000     <absolute>
 0000:00000000       ___hybrid_code_map         00000000     <absolute>
 0000:00000007       ___safe_se_handler_count   00000007     <absolute>
 0000:0000002c       __tls_array                0000002c     <absolute>
 0000:00000100       ___guard_flags             00000100     <absolute>
 0000:00000000       ___ImageBase               10000000     <linker-defined>
 0001:00000080       ?DupWide@_CW@@AAEXXZ       10001080 f   CWString.obj
 0001:0000009c       ?cw_dup@@YGXPBDAAHAAPA_W1@Z 1000109c f   CWString.obj
 0001:00000124       ?cw_memcpy@@YGHPA_WPBDH@Z  10001124 f   CWString.obj
 0001:00000150       ?cw_strcpy@@YAHPA_WPBD@Z   10001150 f   CWString.obj
 0001:00000163       ?cw_strlen@@YAHPBD@Z       10001163 f   CWString.obj
 0001:0000017c       ??0CAtlComModule@ATL@@QAE@XZ 1000117c f i OposVariant.obj
 0001:000001c1       ??0CAtlWinModule@ATL@@QAE@XZ 100011c1 f i OposVariant.obj
 0001:000001f8       ??0OposDispParms@@QAE@PAVOposVariant@@H@Z 100011f8 f   OposVariant.obj
 0001:00000269       ??1OposDispParms@@QAE@XZ   10001269 f   OposVariant.obj
 0001:00000277       ??A?$CSimpleArray@GV?$CSimpleArrayEqualHelper@G@ATL@@@ATL@@QAEAAGH@Z 10001277 f i OposVariant.obj
 0001:0000029c       ??_Estringdispid@CComTypeInfoHolder@ATL@@QAEPAXI@Z 1000129c f i OposVariant.obj
 0001:00000308       ?AtlWinModuleInit@ATL@@YGJPAU_ATL_WIN_MODULE70@1@@Z 10001308 f i OposVariant.obj
 0001:0000032e       ?AtlWinModuleTerm@ATL@@YGJPAU_ATL_WIN_MODULE70@1@PAUHINSTANCE__@@@Z 1000132e f i OposVariant.obj
 0001:00000391       ?ChangeBSTR@OposVariant@@QAEXPAPA_WAAJ@Z 10001391 f   OposVariant.obj
 0001:000003d2       ?ChangeLONG@OposVariant@@QAEXPAJAAJ@Z 100013d2 f   OposVariant.obj
 0001:00000413       ?GetLONG@OposVariant@@QAEJXZ 10001413 f   OposVariant.obj
 0001:0000042e       ?Init@CComCriticalSection@ATL@@QAEJXZ 1000142e f i OposVariant.obj
 0001:00000456       ?RemoveAll@?$CSimpleArray@GV?$CSimpleArrayEqualHelper@G@ATL@@@ATL@@QAEXXZ 10001456 f i OposVariant.obj
 0001:00000456       ?RemoveAll@?$CSimpleArray@PAUHINSTANCE__@@V?$CSimpleArrayEqualHelper@PAUHINSTANCE__@@@ATL@@@ATL@@QAEXXZ 10001456 f i atls:atlbase.obj
 0001:00000473       ?SetBSTR@OposVariant@@QAEXPA_WAAJ@Z 10001473 f   OposVariant.obj
 0001:000004a7       ?SetBSTR_Copy@OposVariant@@QAEXPA_WAAJ@Z 100014a7 f   OposVariant.obj
 0001:000004f7       ?SetBSTR_InOutPtr@OposVariant@@QAE_NPAPA_WAAJ@Z 100014f7 f   OposVariant.obj
 0001:0000052e       ?SetBSTR_OutPtr@OposVariant@@QAE_NPAPA_WAAJ@Z 1000152e f   OposVariant.obj
 0001:0000054a       ?SetDispatch_Ptr@OposVariant@@QAEXPAUIDispatch@@AAJ@Z 1000154a f   OposVariant.obj
 0001:00000585       ?SetLONG@OposVariant@@QAEXJ@Z 10001585 f   OposVariant.obj
 0001:000005a7       ?SetLONG_Ptr@OposVariant@@QAEXPAJAAJ@Z 100015a7 f   OposVariant.obj
 0001:000005da       ?SetString@OposVariant@@QAEXPB_WAAJ@Z 100015da f   OposVariant.obj
 0001:00000620       ?SetVARIANT@OposVariant@@QAEXAAUtagVARIANT@@GAAJ@Z 10001620 f   OposVariant.obj
 0001:00000667       ?SetVARIANT_BOOL@OposVariant@@QAEXF@Z 10001667 f   OposVariant.obj
 0001:00000691       ?Term@CAtlComModule@ATL@@QAEXXZ 10001691 f i OposVariant.obj
 0001:000006db       ?_AtlRaiseException@ATL@@YAXKK@Z 100016db f i OposVariant.obj
 0001:000006f0       ?AddRef@?$CComObject@VCOPOSMSR@@@ATL@@WHM@AGKXZ 100016f0 f i MSR.obj
 0001:000006fa       ?Release@?$CComObject@VCOPOSMSR@@@ATL@@WHM@AGKXZ 100016fa f i MSR.obj
 0001:00000704       ?QueryInterface@?$CComObject@VCOPOSMSR@@@ATL@@WIA@AGJABU_GUID@@PAPAX@Z 10001704 f i MSR.obj
 0001:00000711       ?AddRef@?$CComObject@VCOPOSMSR@@@ATL@@WIA@AGKXZ 10001711 f i MSR.obj
 0001:0000071e       ?CreateInstance@CComClassFactory@ATL@@UAGJPAUIUnknown@@ABU_GUID@@PAPAX@Z 1000171e f i MSR.obj
 0001:0000075c       ?Release@?$CComObject@VCOPOSMSR@@@ATL@@WIA@AGKXZ 1000175c f i MSR.obj
 0001:00000769       ?QueryInterface@?$CComObject@VCOPOSMSR@@@ATL@@WIE@AGJABU_GUID@@PAPAX@Z 10001769 f i MSR.obj
 0001:00000776       ?LockServer@CComClassFactory@ATL@@UAGJH@Z 10001776 f i MSR.obj
 0001:00000795       ?AddRef@?$CComObject@VCOPOSMSR@@@ATL@@WIE@AGKXZ 10001795 f i MSR.obj
 0001:000007a2       ?Release@?$CComObject@VCOPOSMSR@@@ATL@@WIE@AGKXZ 100017a2 f i MSR.obj
 0001:000007af       ?QueryInterface@?$CComObject@VCOPOSMSR@@@ATL@@WII@AGJABU_GUID@@PAPAX@Z 100017af f i MSR.obj
 0001:000007bc       ?AddRef@?$CComObject@VCOPOSMSR@@@ATL@@WII@AGKXZ 100017bc f i MSR.obj
 0001:000007c9       ?Release@?$CComObject@VCOPOSMSR@@@ATL@@WII@AGKXZ 100017c9 f i MSR.obj
 0001:000007d6       ?QueryInterface@?$CComObject@VCOPOSMSR@@@ATL@@WIM@AGJABU_GUID@@PAPAX@Z 100017d6 f i MSR.obj
 0001:000007e3       ?AddRef@?$CComObject@VCOPOSMSR@@@ATL@@WIM@AGKXZ 100017e3 f i MSR.obj
 0001:000007f0       ?Release@?$CComObject@VCOPOSMSR@@@ATL@@WIM@AGKXZ 100017f0 f i MSR.obj
 0001:000007fd       ?QueryInterface@?$CComObject@VCOPOSMSR@@@ATL@@WJA@AGJABU_GUID@@PAPAX@Z 100017fd f i MSR.obj
 0001:0000080a       ?AddRef@?$CComObject@VCOPOSMSR@@@ATL@@WJA@AGKXZ 1000180a f i MSR.obj
 0001:00000817       ?Release@?$CComObject@VCOPOSMSR@@@ATL@@WJA@AGKXZ 10001817 f i MSR.obj
 0001:00000824       ?QueryInterface@?$CComObject@VCOPOSMSR@@@ATL@@WJE@AGJABU_GUID@@PAPAX@Z 10001824 f i MSR.obj
 0001:00000831       ?AddRef@?$CComObject@VCOPOSMSR@@@ATL@@WJE@AGKXZ 10001831 f i MSR.obj
 0001:0000083e       ??_GCComClassFactory@ATL@@UAEPAXI@Z 1000183e f i MSR.obj
 0001:0000083e       ??_ECComClassFactory@ATL@@UAEPAXI@Z 1000183e f i MSR.obj
 0001:00000869       ?Release@?$CComObject@VCOPOSMSR@@@ATL@@WJE@AGKXZ 10001869 f i MSR.obj
 0001:00000876       ?QueryInterface@?$CComObject@VCOPOSMSR@@@ATL@@WJI@AGJABU_GUID@@PAPAX@Z 10001876 f i MSR.obj
 0001:00000883       ?AddRef@?$CComObject@VCOPOSMSR@@@ATL@@WJI@AGKXZ 10001883 f i MSR.obj
 0001:00000890       ?Release@?$CComObject@VCOPOSMSR@@@ATL@@WJI@AGKXZ 10001890 f i MSR.obj
 0001:0000089d       ?QueryInterface@?$CComObject@VCOPOSMSR@@@ATL@@WJM@AGJABU_GUID@@PAPAX@Z 1000189d f i MSR.obj
 0001:000008aa       ?AddRef@?$CComObject@VCOPOSMSR@@@ATL@@WJM@AGKXZ 100018aa f i MSR.obj
 0001:000008b7       ?Release@?$CComObject@VCOPOSMSR@@@ATL@@WJM@AGKXZ 100018b7 f i MSR.obj
 0001:000008c4       ?QueryInterface@?$CComObject@VCOPOSMSR@@@ATL@@WKA@AGJABU_GUID@@PAPAX@Z 100018c4 f i MSR.obj
 0001:000008d1       ?AddRef@?$CComObject@VCOPOSMSR@@@ATL@@WKA@AGKXZ 100018d1 f i MSR.obj
 0001:000008de       ?Release@?$CComObject@VCOPOSMSR@@@ATL@@WKA@AGKXZ 100018de f i MSR.obj
 0001:000008eb       ?AddRef@?$CComObject@VCOPOSMSR@@@ATL@@WKI@AGKXZ 100018eb f i MSR.obj
 0001:000008f8       ?Release@?$CComObject@VCOPOSMSR@@@ATL@@WKI@AGKXZ 100018f8 f i MSR.obj
 0001:00000905       ?AddRef@?$CComObject@VCOPOSMSR@@@ATL@@WLE@AGKXZ 10001905 f i MSR.obj
 0001:00000912       ?Release@?$CComObject@VCOPOSMSR@@@ATL@@WLE@AGKXZ 10001912 f i MSR.obj
 0001:0000091f       ??_E?$CComContainedObject@VCOPOSMSR@@@ATL@@W3AEPAXI@Z 1000191f f i MSR.obj
 0001:00000927       ??_E?$CComContainedObject@VCOPOSMSR@@@ATL@@WEM@AEPAXI@Z 10001927 f i MSR.obj
 0001:0000092f       ?QueryInterface@?$CComContainedObject@VCOPOSMSR@@@ATL@@WHA@AGJABU_GUID@@PAPAX@Z 1000192f f i MSR.obj
 0001:00000939       ?AddRef@?$CComContainedObject@VCOPOSMSR@@@ATL@@WHA@AGKXZ 10001939 f i MSR.obj
 0001:00000943       ?Release@?$CComContainedObject@VCOPOSMSR@@@ATL@@WHA@AGKXZ 10001943 f i MSR.obj
 0001:0000094d       ?QueryInterface@?$CComContainedObject@VCOPOSMSR@@@ATL@@WHE@AGJABU_GUID@@PAPAX@Z 1000194d f i MSR.obj
 0001:00000957       ?AddRef@?$CComContainedObject@VCOPOSMSR@@@ATL@@WHE@AGKXZ 10001957 f i MSR.obj
 0001:00000961       ?Release@?$CComContainedObject@VCOPOSMSR@@@ATL@@WHE@AGKXZ 10001961 f i MSR.obj
 0001:0000096b       ?QueryInterface@?$CComContainedObject@VCOPOSMSR@@@ATL@@WHI@AGJABU_GUID@@PAPAX@Z 1000196b f i MSR.obj
 0001:00000975       ?AddRef@?$CComContainedObject@VCOPOSMSR@@@ATL@@WHI@AGKXZ 10001975 f i MSR.obj
 0001:0000097f       ?Release@?$CComContainedObject@VCOPOSMSR@@@ATL@@WHI@AGKXZ 1000197f f i MSR.obj
 0001:00000989       ?QueryInterface@?$CComContainedObject@VCOPOSMSR@@@ATL@@WHM@AGJABU_GUID@@PAPAX@Z 10001989 f i MSR.obj
 0001:00000993       ?AddRef@?$CComContainedObject@VCOPOSMSR@@@ATL@@WHM@AGKXZ 10001993 f i MSR.obj
 0001:0000099d       ?Release@?$CComContainedObject@VCOPOSMSR@@@ATL@@WHM@AGKXZ 1000199d f i MSR.obj
 0001:000009a7       ?QueryInterface@?$CComContainedObject@VCOPOSMSR@@@ATL@@WIA@AGJABU_GUID@@PAPAX@Z 100019a7 f i MSR.obj
 0001:000009b4       ?AddRef@?$CComContainedObject@VCOPOSMSR@@@ATL@@WIA@AGKXZ 100019b4 f i MSR.obj
 0001:000009c1       ?Release@?$CComContainedObject@VCOPOSMSR@@@ATL@@WIA@AGKXZ 100019c1 f i MSR.obj
 0001:000009ce       ?QueryInterface@?$CComContainedObject@VCOPOSMSR@@@ATL@@WIE@AGJABU_GUID@@PAPAX@Z 100019ce f i MSR.obj
 0001:000009db       ?AddRef@?$CComContainedObject@VCOPOSMSR@@@ATL@@WIE@AGKXZ 100019db f i MSR.obj
 0001:000009e8       ?Release@?$CComContainedObject@VCOPOSMSR@@@ATL@@WIE@AGKXZ 100019e8 f i MSR.obj
 0001:000009f5       ?QueryInterface@?$CComContainedObject@VCOPOSMSR@@@ATL@@WII@AGJABU_GUID@@PAPAX@Z 100019f5 f i MSR.obj
 0001:00000a02       ?AddRef@?$CComContainedObject@VCOPOSMSR@@@ATL@@WII@AGKXZ 10001a02 f i MSR.obj
 0001:00000a0f       ?Release@?$CComContainedObject@VCOPOSMSR@@@ATL@@WII@AGKXZ 10001a0f f i MSR.obj
 0001:00000a1c       ?QueryInterface@?$CComContainedObject@VCOPOSMSR@@@ATL@@WIM@AGJABU_GUID@@PAPAX@Z 10001a1c f i MSR.obj
 0001:00000a29       ?AddRef@?$CComContainedObject@VCOPOSMSR@@@ATL@@WIM@AGKXZ 10001a29 f i MSR.obj
 0001:00000a36       ?Release@?$CComContainedObject@VCOPOSMSR@@@ATL@@WIM@AGKXZ 10001a36 f i MSR.obj
 0001:00000a43       ?QueryInterface@?$CComContainedObject@VCOPOSMSR@@@ATL@@WJA@AGJABU_GUID@@PAPAX@Z 10001a43 f i MSR.obj
 0001:00000a50       ?AddRef@?$CComContainedObject@VCOPOSMSR@@@ATL@@WJA@AGKXZ 10001a50 f i MSR.obj
 0001:00000a5d       ?Release@?$CComContainedObject@VCOPOSMSR@@@ATL@@WJA@AGKXZ 10001a5d f i MSR.obj
 0001:00000a6a       ?QueryInterface@?$CComContainedObject@VCOPOSMSR@@@ATL@@WJE@AGJABU_GUID@@PAPAX@Z 10001a6a f i MSR.obj
 0001:00000a77       ?AddRef@?$CComContainedObject@VCOPOSMSR@@@ATL@@WJE@AGKXZ 10001a77 f i MSR.obj
 0001:00000a84       ?Release@?$CComContainedObject@VCOPOSMSR@@@ATL@@WJE@AGKXZ 10001a84 f i MSR.obj
 0001:00000a91       ?QueryInterface@?$CComContainedObject@VCOPOSMSR@@@ATL@@WJI@AGJABU_GUID@@PAPAX@Z 10001a91 f i MSR.obj
 0001:00000a9e       ?AddRef@?$CComContainedObject@VCOPOSMSR@@@ATL@@WJI@AGKXZ 10001a9e f i MSR.obj
 0001:00000aab       ?Release@?$CComContainedObject@VCOPOSMSR@@@ATL@@WJI@AGKXZ 10001aab f i MSR.obj
 0001:00000ab8       ?QueryInterface@?$CComContainedObject@VCOPOSMSR@@@ATL@@WJM@AGJABU_GUID@@PAPAX@Z 10001ab8 f i MSR.obj
 0001:00000ac5       ?AddRef@?$CComContainedObject@VCOPOSMSR@@@ATL@@WJM@AGKXZ 10001ac5 f i MSR.obj
 0001:00000ad2       ?Release@?$CComContainedObject@VCOPOSMSR@@@ATL@@WJM@AGKXZ 10001ad2 f i MSR.obj
 0001:00000adf       ?QueryInterface@?$CComContainedObject@VCOPOSMSR@@@ATL@@WKA@AGJABU_GUID@@PAPAX@Z 10001adf f i MSR.obj
 0001:00000aec       ?AddRef@?$CComContainedObject@VCOPOSMSR@@@ATL@@WKA@AGKXZ 10001aec f i MSR.obj
 0001:00000af9       ?Release@?$CComContainedObject@VCOPOSMSR@@@ATL@@WKA@AGKXZ 10001af9 f i MSR.obj
 0001:00000b06       ?AddRef@?$CComContainedObject@VCOPOSMSR@@@ATL@@WKI@AGKXZ 10001b06 f i MSR.obj
 0001:00000b13       ?Release@?$CComContainedObject@VCOPOSMSR@@@ATL@@WKI@AGKXZ 10001b13 f i MSR.obj
 0001:00000b20       ?AddRef@?$CComContainedObject@VCOPOSMSR@@@ATL@@WLE@AGKXZ 10001b20 f i MSR.obj
 0001:00000b2d       ?Release@?$CComContainedObject@VCOPOSMSR@@@ATL@@WLE@AGKXZ 10001b2d f i MSR.obj
 0001:00000b3a       ?GetWindowProc@?$CWindowImplBaseT@VCWindow@ATL@@V?$CWinTraits@$0FGAAAAAA@$0A@@2@@ATL@@UAEP6GJPAUHWND__@@IIJ@ZXZ 10001b3a f i MSR.obj
 0001:00000b40       ?StartWindowProc@?$CWindowImplBaseT@VCWindow@ATL@@V?$CWinTraits@$0FGAAAAAA@$0A@@2@@ATL@@SGJPAUHWND__@@IIJ@Z 10001b40 f i MSR.obj
 0001:00000b94       ?ObjectMain@CComObjectRootBase@ATL@@SGX_N@Z 10001b94 f i MSR.obj
 0001:00000b94       ?OnFinalMessage@?$CWindowImplBaseT@VCWindow@ATL@@V?$CWinTraits@$0FGAAAAAA@$0A@@2@@ATL@@UAEXPAUHWND__@@@Z 10001b94 f i MSR.obj
 0001:00000b97       ?GetTypeInfoCount@?$IDispatchImpl@UIOPOSMSR@@$1?IID_IOPOSMSR@@3U_GUID@@B$1?LIBID_OposMSR_CCO@@3U3@B$00$0A@VCComTypeInfoHolder@ATL@@@ATL@@UAGJPAI@Z 10001b97 f i MSR.obj
 0001:00000bb4       ?GetTypeInfo@?$IDispatchImpl@UIOPOSMSR@@$1?IID_IOPOSMSR@@3U_GUID@@B$1?LIBID_OposMSR_CCO@@3U3@B$00$0A@VCComTypeInfoHolder@ATL@@@ATL@@UAGJIKPAPAUITypeInfo@@@Z 10001bb4 f i MSR.obj
 0001:00000bd8       ?GetIDsOfNames@?$IDispatchImpl@UIOPOSMSR@@$1?IID_IOPOSMSR@@3U_GUID@@B$1?LIBID_OposMSR_CCO@@3U3@B$00$0A@VCComTypeInfoHolder@ATL@@@ATL@@UAGJABU_GUID@@PAPA_WIKPAJ@Z 10001bd8 f i MSR.obj
 0001:00000bf8       ?Invoke@?$IDispatchImpl@UIOPOSMSR@@$1?IID_IOPOSMSR@@3U_GUID@@B$1?LIBID_OposMSR_CCO@@3U3@B$00$0A@VCComTypeInfoHolder@ATL@@@ATL@@UAGJJABU_GUID@@KGPAUtagDISPPARAMS@@PAUtagVARIANT@@PAUtagEXCEPINFO@@PAI@Z 10001bf8 f i MSR.obj
 0001:00000c06       ?CreateControlWindow@?$CComControl@VCOPOSMSR@@V?$CWindowImpl@VCOPOSMSR@@VCWindow@ATL@@V?$CWinTraits@$0FGAAAAAA@$0A@@3@@ATL@@@ATL@@UAEPAUHWND__@@PAU3@AAUtagRECT@@@Z 10001c06 f i MSR.obj
 0001:00000c35       ?ControlQueryInterface@?$CComControl@VCOPOSMSR@@V?$CWindowImpl@VCOPOSMSR@@VCWindow@ATL@@V?$CWinTraits@$0FGAAAAAA@$0A@@3@@ATL@@@ATL@@UAEJABU_GUID@@PAPAX@Z 10001c35 f i MSR.obj
 0001:00000c50       ?GetClassID@?$IPersistStorageImpl@VCOPOSMSR@@@ATL@@UAGJPAU_GUID@@@Z 10001c50 f i MSR.obj
 0001:00000c50       ?GetClassID@?$IPersistStreamInitImpl@VCOPOSMSR@@@ATL@@UAGJPAU_GUID@@@Z 10001c50 f i MSR.obj
 0001:00000c50       ?GetUserClassID@?$IOleObjectImpl@VCOPOSMSR@@@ATL@@UAGJPAU_GUID@@@Z 10001c50 f i MSR.obj
 0001:00000c74       ?IsDirty@?$IPersistStreamInitImpl@VCOPOSMSR@@@ATL@@UAGJXZ 10001c74 f i MSR.obj
 0001:00000c93       ?Load@?$IPersistStreamInitImpl@VCOPOSMSR@@@ATL@@UAGJPAUIStream@@@Z 10001c93 f i MSR.obj
 0001:00000cb2       ?Save@?$IPersistStreamInitImpl@VCOPOSMSR@@@ATL@@UAGJPAUIStream@@H@Z 10001cb2 f i MSR.obj
 0001:00000cd4       ?GetSizeMax@?$IPersistStreamInitImpl@VCOPOSMSR@@@ATL@@UAGJPAT_ULARGE_INTEGER@@@Z 10001cd4 f i MSR.obj
 0001:00000eb3       ?InitNew@?$IPersistStreamInitImpl@VCOPOSMSR@@@ATL@@UAGJXZ 10001eb3 f i MSR.obj
 0001:00000ed0       ?ContextSensitiveHelp@?$IOleInPlaceActiveObjectImpl@VCOPOSMSR@@@ATL@@UAGJH@Z 10001ed0 f i MSR.obj
 0001:00000ed0       ?QueryGetData@?$IDataObjectImpl@VCOPOSMSR@@@ATL@@UAGJPAUtagFORMATETC@@@Z 10001ed0 f i MSR.obj
 0001:00000ed0       ?SOOutputCompleteDummy@COPOSMSR@@MAGJJ@Z 10001ed0 f i MSR.obj
 0001:00000ed0       ?GetDropTarget@?$IOleInPlaceObjectWindowlessImpl@VCOPOSMSR@@@ATL@@UAGJPAPAUIDropTarget@@@Z 10001ed0 f i MSR.obj
 0001:00000ed0       ?ContextSensitiveHelp@?$IOleInPlaceObjectWindowlessImpl@VCOPOSMSR@@@ATL@@UAGJH@Z 10001ed0 f i MSR.obj
 0001:00000ed0       ?SetColorScheme@?$IOleObjectImpl@VCOPOSMSR@@@ATL@@UAGJPAUtagLOGPALETTE@@@Z 10001ed0 f i MSR.obj
 0001:00000ed0       ?OnMnemonic@?$IOleControlImpl@VCOPOSMSR@@@ATL@@UAGJPAUtagMSG@@@Z 10001ed0 f i MSR.obj
 0001:00000ed0       ?Unfreeze@?$IViewObjectExImpl@VCOPOSMSR@@@ATL@@UAGJK@Z 10001ed0 f i MSR.obj
 0001:00000ed0       ?GetControlInfo@?$IOleControlImpl@VCOPOSMSR@@@ATL@@UAGJPAUtagCONTROLINFO@@@Z 10001ed0 f i MSR.obj
 0001:00000ed8       ?SaveCompleted@?$IPersistStorageImpl@VCOPOSMSR@@@ATL@@UAGJPAUIStorage@@@Z 10001ed8 f i MSR.obj
 0001:00000ed8       ?EnableModeless@?$IOleInPlaceActiveObjectImpl@VCOPOSMSR@@@ATL@@UAGJH@Z 10001ed8 f i MSR.obj
 0001:00000ed8       ?OnAmbientPropertyChange@?$IOleControlImpl@VCOPOSMSR@@@ATL@@UAGJJ@Z 10001ed8 f i MSR.obj
 0001:00000ed8       ?OnFrameWindowActivate@?$IOleInPlaceActiveObjectImpl@VCOPOSMSR@@@ATL@@UAGJH@Z 10001ed8 f i MSR.obj
 0001:00000edd       ?SetClientSite@?$IOleObjectImpl@VCOPOSMSR@@@ATL@@UAGJPAUIOleClientSite@@@Z 10001edd f i MSR.obj
 0001:00000efa       ?GetClientSite@?$IOleObjectImpl@VCOPOSMSR@@@ATL@@UAGJPAPAUIOleClientSite@@@Z 10001efa f i MSR.obj
 0001:00000f17       ?SetHostNames@?$IOleObjectImpl@VCOPOSMSR@@@ATL@@UAGJPB_W0@Z 10001f17 f i MSR.obj
 0001:00000f1c       ?Close@?$IOleObjectImpl@VCOPOSMSR@@@ATL@@UAGJK@Z 10001f1c f i MSR.obj
 0001:00000f39       ?EnumFormatEtc@?$IDataObjectImpl@VCOPOSMSR@@@ATL@@UAGJKPAPAUIEnumFORMATETC@@@Z 10001f39 f i MSR.obj
 0001:00000f39       ?GetCanonicalFormatEtc@?$IDataObjectImpl@VCOPOSMSR@@@ATL@@UAGJPAUtagFORMATETC@@0@Z 10001f39 f i MSR.obj
 0001:00000f39       ?SetMoniker@?$IOleObjectImpl@VCOPOSMSR@@@ATL@@UAGJKPAUIMoniker@@@Z 10001f39 f i MSR.obj
 0001:00000f39       ?GetClipboardData@?$IOleObjectImpl@VCOPOSMSR@@@ATL@@UAGJKPAPAUIDataObject@@@Z 10001f39 f i MSR.obj
 0001:00000f39       ?GetRect@?$IViewObjectExImpl@VCOPOSMSR@@@ATL@@UAGJKPAU_RECTL@@@Z 10001f39 f i MSR.obj
 0001:00000f39       ?QueryInterface@CRegObject@ATL@@UAGJABU_GUID@@PAPAX@Z 10001f39 f i MSR.obj
 0001:00000f39       ?GetDataHere@?$IDataObjectImpl@VCOPOSMSR@@@ATL@@UAGJPAUtagFORMATETC@@PAUtagSTGMEDIUM@@@Z 10001f39 f i MSR.obj
 0001:00000f41       ?GetMoniker@?$IOleObjectImpl@VCOPOSMSR@@@ATL@@UAGJKKPAPAUIMoniker@@@Z 10001f41 f i MSR.obj
 0001:00000f41       ?SetData@?$IDataObjectImpl@VCOPOSMSR@@@ATL@@UAGJPAUtagFORMATETC@@PAUtagSTGMEDIUM@@H@Z 10001f41 f i MSR.obj
 0001:00000f41       ?InitFromData@?$IOleObjectImpl@VCOPOSMSR@@@ATL@@UAGJPAUIDataObject@@HK@Z 10001f41 f i MSR.obj
 0001:00000f49       ?DoVerb@?$IOleObjectImpl@VCOPOSMSR@@@ATL@@UAGJJPAUtagMSG@@PAUIOleClientSite@@JPAUHWND__@@PBUtagRECT@@@Z 10001f49 f i MSR.obj
 0001:0000103d       ?EnumVerbs@?$IOleObjectImpl@VCOPOSMSR@@@ATL@@UAGJPAPAUIEnumOLEVERB@@@Z 1000203d f i MSR.obj
 0001:0000105f       ?IsUpToDate@?$IOleObjectImpl@VCOPOSMSR@@@ATL@@UAGJXZ 1000205f f i MSR.obj
 0001:0000105f       ?HandsOffStorage@?$IPersistStorageImpl@VCOPOSMSR@@@ATL@@UAGJXZ 1000205f f i MSR.obj
 0001:0000105f       ?Release@CRegObject@ATL@@UAGKXZ 1000205f f i MSR.obj
 0001:0000105f       ?Update@?$IOleObjectImpl@VCOPOSMSR@@@ATL@@UAGJXZ 1000205f f i MSR.obj
 0001:00001064       ?GetUserType@?$IOleObjectImpl@VCOPOSMSR@@@ATL@@UAGJKPAPA_W@Z 10002064 f i MSR.obj
 0001:0000107c       ?SetExtent@?$IOleObjectImpl@VCOPOSMSR@@@ATL@@UAGJKPAUtagSIZE@@@Z 1000207c f i MSR.obj
 0001:0000109c       ?GetExtent@?$IOleObjectImpl@VCOPOSMSR@@@ATL@@UAGJKPAUtagSIZE@@@Z 1000209c f i MSR.obj
 0001:000010da       ?Advise@?$IOleObjectImpl@VCOPOSMSR@@@ATL@@UAGJPAUIAdviseSink@@PAK@Z 100020da f i MSR.obj
 0001:000010fa       ?Unadvise@?$IOleObjectImpl@VCOPOSMSR@@@ATL@@UAGJK@Z 100020fa f i MSR.obj
 0001:00001129       ?EnumAdvise@?$IOleObjectImpl@VCOPOSMSR@@@ATL@@UAGJPAPAUIEnumSTATDATA@@@Z 10002129 f i MSR.obj
 0001:00001169       ?GetMiscStatus@?$IOleObjectImpl@VCOPOSMSR@@@ATL@@UAGJKPAK@Z 10002169 f i MSR.obj
 0001:00001181       ?GetWindow@?$IOleInPlaceActiveObjectImpl@VCOPOSMSR@@@ATL@@UAGJPAPAUHWND__@@@Z 10002181 f i MSR.obj
 0001:000011ce       ?TranslateAcceleratorW@?$IOleInPlaceActiveObjectImpl@VCOPOSMSR@@@ATL@@UAGJPAUtagMSG@@@Z 100021ce f i MSR.obj
 0001:0000127c       ?OnDocWindowActivate@?$IOleInPlaceActiveObjectImpl@VCOPOSMSR@@@ATL@@UAGJH@Z 1000227c f i MSR.obj
 0001:0000129e       ?ResizeBorder@?$IOleInPlaceActiveObjectImpl@VCOPOSMSR@@@ATL@@UAGJPBUtagRECT@@PAUIOleInPlaceUIWindow@@H@Z 1000229e f i MSR.obj
 0001:000012a3       ?Draw@?$IViewObjectExImpl@VCOPOSMSR@@@ATL@@UAGJKJPAXPAUtagDVTARGETDEVICE@@PAUHDC__@@2PBU_RECTL@@3P6GHK@ZK@Z 100022a3 f i MSR.obj
 0001:000012d5       ?GetColorSet@?$IViewObjectExImpl@VCOPOSMSR@@@ATL@@UAGJKJPAXPAUtagDVTARGETDEVICE@@PAUHDC__@@PAPAUtagLOGPALETTE@@@Z 100022d5 f i MSR.obj
 0001:000012dd       ?Freeze@?$IViewObjectExImpl@VCOPOSMSR@@@ATL@@UAGJKJPAXPAK@Z 100022dd f i MSR.obj
 0001:000012e5       ?SetAdvise@?$IViewObjectExImpl@VCOPOSMSR@@@ATL@@UAGJKKPAUIAdviseSink@@@Z 100022e5 f i MSR.obj
 0001:00001304       ?GetAdvise@?$IViewObjectExImpl@VCOPOSMSR@@@ATL@@UAGJPAK0PAPAUIAdviseSink@@@Z 10002304 f i MSR.obj
 0001:00001339       ?GetExtent@?$IViewObjectExImpl@VCOPOSMSR@@@ATL@@UAGJKJPAUtagDVTARGETDEVICE@@PAUtagSIZE@@@Z 10002339 f i MSR.obj
 0001:0000136a       ?GetViewStatus@?$IViewObjectExImpl@VCOPOSMSR@@@ATL@@UAGJPAK@Z 1000236a f i MSR.obj
 0001:00001387       ?QueryHitPoint@?$IViewObjectExImpl@VCOPOSMSR@@@ATL@@UAGJKPBUtagRECT@@UtagPOINT@@JPAK@Z 10002387 f i MSR.obj
 0001:000013c8       ?QueryHitRect@?$IViewObjectExImpl@VCOPOSMSR@@@ATL@@UAGJKPBUtagRECT@@0JPAK@Z 100023c8 f i MSR.obj
 0001:00001423       ?GetNaturalExtent@?$IViewObjectExImpl@VCOPOSMSR@@@ATL@@UAGJKJPAUtagDVTARGETDEVICE@@PAUHDC__@@PAUtagExtentInfo@@PAUtagSIZE@@@Z 10002423 f i MSR.obj
 0001:0000146e       ?GetWindow@?$IOleInPlaceObjectWindowlessImpl@VCOPOSMSR@@@ATL@@UAGJPAPAUHWND__@@@Z 1000246e f i MSR.obj
 0001:000014bb       ?InPlaceDeactivate@?$IOleInPlaceObjectWindowlessImpl@VCOPOSMSR@@@ATL@@UAGJXZ 100024bb f i MSR.obj
 0001:000014d5       ?UIDeactivate@?$IOleInPlaceObjectWindowlessImpl@VCOPOSMSR@@@ATL@@UAGJXZ 100024d5 f i MSR.obj
 0001:000014ef       ?SetObjectRects@?$IOleInPlaceObjectWindowlessImpl@VCOPOSMSR@@@ATL@@UAGJPBUtagRECT@@0@Z 100024ef f i MSR.obj
 0001:0000150f       ?ReactivateAndUndo@?$IOleInPlaceObjectWindowlessImpl@VCOPOSMSR@@@ATL@@UAGJXZ 1000250f f i MSR.obj
 0001:00001517       ?OnWindowMessage@?$IOleInPlaceObjectWindowlessImpl@VCOPOSMSR@@@ATL@@UAGJIIJPAJ@Z 10002517 f i MSR.obj
 0001:00001587       ?EnumConnectionPoints@?$IConnectionPointContainerImpl@VCOPOSMSR@@@ATL@@UAGJPAPAUIEnumConnectionPoints@@@Z 10002587 f i MSR.obj
 0001:00001701       ?FindConnectionPoint@?$IConnectionPointContainerImpl@VCOPOSMSR@@@ATL@@UAGJABU_GUID@@PAPAUIConnectionPoint@@@Z 10002701 f i MSR.obj
 0001:000017a4       ?IsDirty@?$IPersistStorageImpl@VCOPOSMSR@@@ATL@@UAGJXZ 100027a4 f i MSR.obj
 0001:000017d8       ?InitNew@?$IPersistStorageImpl@VCOPOSMSR@@@ATL@@UAGJPAUIStorage@@@Z 100027d8 f i MSR.obj
 0001:0000180c       ?Load@?$IPersistStorageImpl@VCOPOSMSR@@@ATL@@UAGJPAUIStorage@@@Z 1000280c f i MSR.obj
 0001:00001878       ?Save@?$IPersistStorageImpl@VCOPOSMSR@@@ATL@@UAGJPAUIStorage@@H@Z 10002878 f i MSR.obj
 0001:000018eb       ?GetPages@?$ISpecifyPropertyPagesImpl@VCOPOSMSR@@@ATL@@UAGJPAUtagCAUUID@@@Z 100028eb f i MSR.obj
 0001:00001902       ?QuickActivate@?$IQuickActivateImpl@VCOPOSMSR@@@ATL@@UAGJPAUtagQACONTAINER@@PAUtagQACONTROL@@@Z 10002902 f i MSR.obj
 0001:00001925       ?SetContentExtent@?$IQuickActivateImpl@VCOPOSMSR@@@ATL@@UAGJPAUtagSIZE@@@Z 10002925 f i MSR.obj
 0001:00001951       ?GetContentExtent@?$IQuickActivateImpl@VCOPOSMSR@@@ATL@@UAGJPAUtagSIZE@@@Z 10002951 f i MSR.obj
 0001:0000198b       ?GetData@?$IDataObjectImpl@VCOPOSMSR@@@ATL@@UAGJPAUtagFORMATETC@@PAUtagSTGMEDIUM@@@Z 1000298b f i MSR.obj
 0001:000019ae       ?DAdvise@?$IDataObjectImpl@VCOPOSMSR@@@ATL@@UAGJPAUtagFORMATETC@@KPAUIAdviseSink@@PAK@Z 100029ae f i MSR.obj
 0001:000019ef       ?DUnadvise@?$IDataObjectImpl@VCOPOSMSR@@@ATL@@UAGJK@Z 100029ef f i MSR.obj
 0001:00001a1d       ?EnumDAdvise@?$IDataObjectImpl@VCOPOSMSR@@@ATL@@UAGJPAPAUIEnumSTATDATA@@@Z 10002a1d f i MSR.obj
 0001:00001a5c       ?GetClassInfoW@?$IProvideClassInfo2Impl@$1?CLSID_OPOSMSR@@3U_GUID@@B$1?DIID__IOPOSMSREvents@@3U2@B$1?LIBID_OposMSR_CCO@@3U2@B$00$0A@VCComTypeInfoHolder@ATL@@@ATL@@UAGJPAPAUITypeInfo@@@Z 10002a5c f i MSR.obj
 0001:00001a72       ?GetGUID@?$IProvideClassInfo2Impl@$1?CLSID_OPOSMSR@@3U_GUID@@B$1?DIID__IOPOSMSREvents@@3U2@B$1?LIBID_OposMSR_CCO@@3U2@B$00$0A@VCComTypeInfoHolder@ATL@@@ATL@@UAGJKPAU_GUID@@@Z 10002a72 f i MSR.obj
 0001:00001ab0       __get_startup_argv_mode    10002ab0 f i LIBCMT:argv_mode.obj
 0001:00001ab0       ?FAccessAllowed@?$IObjectSafetyImpl@VCOPOSMSR@@$02@ATL@@MAEHXZ 10002ab0 f i MSR.obj
 0001:00001ab4       ?GetInterfaceSafetyOptions@?$IObjectSafetyImpl@VCOPOSMSR@@$02@ATL@@UAGJABU_GUID@@PAK1@Z 10002ab4 f i MSR.obj
 0001:00001b28       ?SetInterfaceSafetyOptions@?$IObjectSafetyImpl@VCOPOSMSR@@$02@ATL@@UAGJABU_GUID@@KK@Z 10002b28 f i MSR.obj
 0001:00001ba2       ?_LocCPQueryInterface@?$IConnectionPointImpl@VCOPOSMSR@@$1?DIID__IOPOSMSREvents@@3U_GUID@@BVCComDynamicUnkArray@ATL@@@ATL@@UAGJABU_GUID@@PAPAX@Z 10002ba2 f i MSR.obj
 0001:00001ba2       ?_LocCPQueryInterface@?$IConnectionPointImpl@VCOPOSMSR@@$1?IID_IPropertyNotifySink@@3U_GUID@@BVCComDynamicUnkArray@ATL@@@ATL@@UAGJABU_GUID@@PAPAX@Z 10002ba2 f i MSR.obj
 0001:00001bef       ?GetConnectionInterface@?$IConnectionPointImpl@VCOPOSMSR@@$1?IID_IPropertyNotifySink@@3U_GUID@@BVCComDynamicUnkArray@ATL@@@ATL@@UAGJPAU_GUID@@@Z 10002bef f i MSR.obj
 0001:00001c13       ?GetConnectionPointContainer@?$IConnectionPointImpl@VCOPOSMSR@@$1?IID_IPropertyNotifySink@@3U_GUID@@BVCComDynamicUnkArray@ATL@@@ATL@@UAGJPAPAUIConnectionPointContainer@@@Z 10002c13 f i MSR.obj
 0001:00001c36       ?Advise@?$IConnectionPointImpl@VCOPOSMSR@@$1?IID_IPropertyNotifySink@@3U_GUID@@BVCComDynamicUnkArray@ATL@@@ATL@@UAGJPAUIUnknown@@PAK@Z 10002c36 f i MSR.obj
 0001:00001c36       ?Advise@?$IConnectionPointImpl@VCOPOSMSR@@$1?DIID__IOPOSMSREvents@@3U_GUID@@BVCComDynamicUnkArray@ATL@@@ATL@@UAGJPAUIUnknown@@PAK@Z 10002c36 f i MSR.obj
 0001:00001cd7       ?Unadvise@?$IConnectionPointImpl@VCOPOSMSR@@$1?DIID__IOPOSMSREvents@@3U_GUID@@BVCComDynamicUnkArray@ATL@@@ATL@@UAGJK@Z 10002cd7 f i MSR.obj
 0001:00001cd7       ?Unadvise@?$IConnectionPointImpl@VCOPOSMSR@@$1?IID_IPropertyNotifySink@@3U_GUID@@BVCComDynamicUnkArray@ATL@@@ATL@@UAGJK@Z 10002cd7 f i MSR.obj
 0001:00001d17       ?EnumConnections@?$IConnectionPointImpl@VCOPOSMSR@@$1?DIID__IOPOSMSREvents@@3U_GUID@@BVCComDynamicUnkArray@ATL@@@ATL@@UAGJPAPAUIEnumConnections@@@Z 10002d17 f i MSR.obj
 0001:00001d17       ?EnumConnections@?$IConnectionPointImpl@VCOPOSMSR@@$1?IID_IPropertyNotifySink@@3U_GUID@@BVCComDynamicUnkArray@ATL@@@ATL@@UAGJPAPAUIEnumConnections@@@Z 10002d17 f i MSR.obj
 0001:00001e1d       ?GetObjectDescription@?$CComCoClass@VCOPOSMSR@@$1?CLSID_OPOSMSR@@3U_GUID@@B@ATL@@SGPB_WXZ 10002e1d f i MSR.obj
 0001:00001e1d       ?GetCategoryMap@CComObjectRootBase@ATL@@SAPBU_ATL_CATMAP_ENTRY@2@XZ 10002e1d f i MSR.obj
 0001:00001e20       ?GetConnectionInterface@?$IConnectionPointImpl@VCOPOSMSR@@$1?DIID__IOPOSMSREvents@@3U_GUID@@BVCComDynamicUnkArray@ATL@@@ATL@@UAGJPAU_GUID@@@Z 10002e20 f i MSR.obj
 0001:00001e44       ?GetConnectionPointContainer@?$IConnectionPointImpl@VCOPOSMSR@@$1?DIID__IOPOSMSREvents@@3U_GUID@@BVCComDynamicUnkArray@ATL@@@ATL@@UAGJPAPAUIConnectionPointContainer@@@Z 10002e44 f i MSR.obj
 0001:00001e67       ?Lock@CAtlModule@ATL@@UAEJXZ 10002e67 f i MSR.obj
 0001:00001e71       ?Unlock@CAtlModule@ATL@@UAEJXZ 10002e71 f i MSR.obj
 0001:00001e7b       ?GetLockCount@CAtlModule@ATL@@UAEJXZ 10002e7b f i MSR.obj
 0001:00001e7f       ?GetGITPtr@CAtlModule@ATL@@UAEJPAPAUIGlobalInterfaceTable@@@Z 10002e7f f i MSR.obj
 0001:00001ecb       ?UpdateRegistry@COPOSMSR@@SGJH@Z 10002ecb f i MSR.obj
 0001:00001ee3       ?ProcessWindowMessage@COPOSMSR@@UAEHPAUHWND__@@IIJAAJK@Z 10002ee3 f i MSR.obj
 0001:00001f2c       ?SOData@COPOSMSR@@MAGJJ@Z  10002f2c f i MSR.obj
 0001:00001f65       ?SODirectIO@COPOSMSR@@MAGJJPAJPAPA_W@Z 10002f65 f i MSR.obj
 0001:00001fae       ?SOError@COPOSMSR@@MAGJJJJPAJ@Z 10002fae f i MSR.obj
 0001:00002003       ?SOStatusUpdate@COPOSMSR@@MAGJJ@Z 10003003 f i MSR.obj
 0001:0000203c       ?AddCommonRGSReplacements@?$CAtlModuleT@VCComModule@ATL@@@ATL@@UAEJPAUIRegistrarBase@@@Z 1000303c f i MSR.obj
 0001:00002056       ?UpdateRegistryFromResourceD@CComModule@ATL@@UAGJIHPAU_ATL_REGMAP_ENTRY@2@@Z 10003056 f i MSR.obj
 0001:00002056       ?UpdateRegistryFromResourceD@CComModule@ATL@@UAGJPB_WHPAU_ATL_REGMAP_ENTRY@2@@Z 10003056 f i MSR.obj
 0001:0000205e       ?UpdateRegistryFromResource@CComModule@ATL@@UAGJPB_WHPAU_ATL_REGMAP_ENTRY@2@@Z 1000305e f i MSR.obj
 0001:00002067       ?UpdateRegistryFromResource@CComModule@ATL@@UAGJIHPAU_ATL_REGMAP_ENTRY@2@@Z 10003067 f i MSR.obj
 0001:00002070       ??_GCComModule@ATL@@UAEPAXI@Z 10003070 f i MSR.obj
 0001:00002070       ??_ECComModule@ATL@@UAEPAXI@Z 10003070 f i MSR.obj
 0001:00002098       ?CreateInstance@?$CComCreator@V?$CComObjectCached@VCComClassFactory@ATL@@@ATL@@@ATL@@SGJPAXABU_GUID@@PAPAX@Z 10003098 f i MSR.obj
 0001:00002144       ?CreateInstance@?$CComCreator2@V?$CComCreator@V?$CComObject@VCOPOSMSR@@@ATL@@@ATL@@V?$CComCreator@V?$CComAggObject@VCOPOSMSR@@@ATL@@@2@@ATL@@SGJPAXABU_GUID@@PAPAX@Z 10003144 f i MSR.obj
 0001:00002164       ?AddRef@?$CComObjectCached@VCComClassFactory@ATL@@@ATL@@UAGKXZ 10003164 f i MSR.obj
 0001:0000218b       ?Release@?$CComObjectCached@VCComClassFactory@ATL@@@ATL@@UAGKXZ 1000318b f i MSR.obj
 0001:000021c1       ?QueryInterface@?$CComObjectCached@VCComClassFactory@ATL@@@ATL@@UAGJABU_GUID@@PAPAX@Z 100031c1 f i MSR.obj
 0001:000021db       ??_G?$CComObjectCached@VCComClassFactory@ATL@@@ATL@@UAEPAXI@Z 100031db f i MSR.obj
 0001:000021db       ??_E?$CComObjectCached@VCComClassFactory@ATL@@@ATL@@UAEPAXI@Z 100031db f i MSR.obj
 0001:000021fd       ?Next@?$CComEnumImpl@UIEnumConnectionPoints@@$1?_GUID_b196b285_bab4_101a_b69c_00aa00341d07@@3U__s_GUID@@BPAUIConnectionPoint@@V?$_CopyInterface@UIConnectionPoint@@@ATL@@@ATL@@UAGJKPAPAUIConnectionPoint@@PAK@Z 100031fd f i MSR.obj
 0001:000022d4       ?Skip@?$CComEnumImpl@UIEnumConnectionPoints@@$1?_GUID_b196b285_bab4_101a_b69c_00aa00341d07@@3U__s_GUID@@BPAUIConnectionPoint@@V?$_CopyInterface@UIConnectionPoint@@@ATL@@@ATL@@UAGJK@Z 100032d4 f i MSR.obj
 0001:00002301       ?Reset@?$CComEnumImpl@UIEnumConnections@@$1?_GUID_b196b287_bab4_101a_b69c_00aa00341d07@@3U__s_GUID@@BUtagCONNECTDATA@@V?$_Copy@UtagCONNECTDATA@@@ATL@@@ATL@@UAGJXZ 10003301 f i MSR.obj
 0001:00002301       ?Reset@?$CComEnumImpl@UIEnumConnectionPoints@@$1?_GUID_b196b285_bab4_101a_b69c_00aa00341d07@@3U__s_GUID@@BPAUIConnectionPoint@@V?$_CopyInterface@UIConnectionPoint@@@ATL@@@ATL@@UAGJXZ 10003301 f i MSR.obj
 0001:00002313       ?Clone@?$CComEnumImpl@UIEnumConnectionPoints@@$1?_GUID_b196b285_bab4_101a_b69c_00aa00341d07@@3U__s_GUID@@BPAUIConnectionPoint@@V?$_CopyInterface@UIConnectionPoint@@@ATL@@@ATL@@UAGJPAPAUIEnumConnectionPoints@@@Z 10003313 f i MSR.obj
 0001:000023f4       ?AddRef@?$CComObject@V?$CComEnum@UIEnumConnections@@$1?_GUID_b196b287_bab4_101a_b69c_00aa00341d07@@3U__s_GUID@@BUtagCONNECTDATA@@V?$_Copy@UtagCONNECTDATA@@@ATL@@VCComSingleThreadModel@6@@ATL@@@ATL@@UAGKXZ 100033f4 f i MSR.obj
 0001:000023f4       ?AddRef@?$CComObject@V?$CComEnum@UIEnumConnectionPoints@@$1?_GUID_b196b285_bab4_101a_b69c_00aa00341d07@@3U__s_GUID@@BPAUIConnectionPoint@@V?$_CopyInterface@UIConnectionPoint@@@ATL@@VCComSingleThreadModel@6@@ATL@@@ATL@@UAGKXZ 100033f4 f i MSR.obj
 0001:00002405       ?Release@?$CComObject@V?$CComEnum@UIEnumConnectionPoints@@$1?_GUID_b196b285_bab4_101a_b69c_00aa00341d07@@3U__s_GUID@@BPAUIConnectionPoint@@V?$_CopyInterface@UIConnectionPoint@@@ATL@@VCComSingleThreadModel@6@@ATL@@@ATL@@UAGKXZ 10003405 f i MSR.obj
 0001:00002405       ?Release@?$CComObject@V?$CComEnum@UIEnumConnections@@$1?_GUID_b196b287_bab4_101a_b69c_00aa00341d07@@3U__s_GUID@@BUtagCONNECTDATA@@V?$_Copy@UtagCONNECTDATA@@@ATL@@VCComSingleThreadModel@6@@ATL@@@ATL@@UAGKXZ 10003405 f i MSR.obj
 0001:00002441       ?QueryInterface@?$CComObject@V?$CComEnum@UIEnumConnectionPoints@@$1?_GUID_b196b285_bab4_101a_b69c_00aa00341d07@@3U__s_GUID@@BPAUIConnectionPoint@@V?$_CopyInterface@UIConnectionPoint@@@ATL@@VCComSingleThreadModel@6@@ATL@@@ATL@@UAGJABU_GUID@@PAPAX@Z 10003441 f i MSR.obj
 0001:0000245b       ??_E?$CComObject@V?$CComEnum@UIEnumConnectionPoints@@$1?_GUID_b196b285_bab4_101a_b69c_00aa00341d07@@3U__s_GUID@@BPAUIConnectionPoint@@V?$_CopyInterface@UIConnectionPoint@@@ATL@@VCComSingleThreadModel@6@@ATL@@@ATL@@UAEPAXI@Z 1000345b f i MSR.obj
 0001:0000245b       ??_G?$CComObject@V?$CComEnum@UIEnumConnectionPoints@@$1?_GUID_b196b285_bab4_101a_b69c_00aa00341d07@@3U__s_GUID@@BPAUIConnectionPoint@@V?$_CopyInterface@UIConnectionPoint@@@ATL@@VCComSingleThreadModel@6@@ATL@@@ATL@@UAEPAXI@Z 1000345b f i MSR.obj
 0001:0000247d       ?AddRef@CRegObject@ATL@@UAGKXZ 1000347d f i MSR.obj
 0001:00002483       ?AddReplacement@CRegObject@ATL@@UAGJPB_W0@Z 10003483 f i MSR.obj
 0001:000024bc       ?ClearReplacements@CRegObject@ATL@@UAGJXZ 100034bc f i MSR.obj
 0001:000024ce       ??_ECRegObject@ATL@@UAEPAXI@Z 100034ce f i MSR.obj
 0001:000024ce       ??_GCRegObject@ATL@@UAEPAXI@Z 100034ce f i MSR.obj
 0001:000024f0       ?AddRef@?$CComAggObject@VCOPOSMSR@@@ATL@@UAGKXZ 100034f0 f i MSR.obj
 0001:00002501       ?Release@?$CComAggObject@VCOPOSMSR@@@ATL@@UAGKXZ 10003501 f i MSR.obj
 0001:0000253d       ?QueryInterface@?$CComAggObject@VCOPOSMSR@@@ATL@@UAGJABU_GUID@@PAPAX@Z 1000353d f i MSR.obj
 0001:0000258c       ?AddRef@?$CComContainedObject@VCOPOSMSR@@@ATL@@UAGKXZ 1000358c f i MSR.obj
 0001:000025a2       ?Release@?$CComContainedObject@VCOPOSMSR@@@ATL@@UAGKXZ 100035a2 f i MSR.obj
 0001:000025b8       ?QueryInterface@?$CComContainedObject@VCOPOSMSR@@@ATL@@UAGJABU_GUID@@PAPAX@Z 100035b8 f i MSR.obj
 0001:000025d3       ??_G?$CComAggObject@VCOPOSMSR@@@ATL@@UAEPAXI@Z 100035d3 f i MSR.obj
 0001:000025d3       ??_E?$CComAggObject@VCOPOSMSR@@@ATL@@UAEPAXI@Z 100035d3 f i MSR.obj
 0001:000025f8       ?AddRef@?$CComObject@VCOPOSMSR@@@ATL@@UAGKXZ 100035f8 f i MSR.obj
 0001:0000260f       ?Release@?$CComObject@VCOPOSMSR@@@ATL@@UAGKXZ 1000360f f i MSR.obj
 0001:00002651       ?QueryInterface@?$CComObject@VCOPOSMSR@@@ATL@@UAGJABU_GUID@@PAPAX@Z 10003651 f i MSR.obj
 0001:0000266b       ?OnDrawAdvanced@CComControlBase@ATL@@UAEJAAUATL_DRAWINFO@@@Z 1000366b f i MSR.obj
 0001:0000275e       ?Next@?$CComEnumImpl@UIEnumConnections@@$1?_GUID_b196b287_bab4_101a_b69c_00aa00341d07@@3U__s_GUID@@BUtagCONNECTDATA@@V?$_Copy@UtagCONNECTDATA@@@ATL@@@ATL@@UAGJKPAUtagCONNECTDATA@@PAK@Z 1000375e f i MSR.obj
 0001:00002835       ?Skip@?$CComEnumImpl@UIEnumConnections@@$1?_GUID_b196b287_bab4_101a_b69c_00aa00341d07@@3U__s_GUID@@BUtagCONNECTDATA@@V?$_Copy@UtagCONNECTDATA@@@ATL@@@ATL@@UAGJK@Z 10003835 f i MSR.obj
 0001:00002862       ?Clone@?$CComEnumImpl@UIEnumConnections@@$1?_GUID_b196b287_bab4_101a_b69c_00aa00341d07@@3U__s_GUID@@BUtagCONNECTDATA@@V?$_Copy@UtagCONNECTDATA@@@ATL@@@ATL@@UAGJPAPAUIEnumConnections@@@Z 10003862 f i MSR.obj
 0001:00002943       ?QueryInterface@?$CComObject@V?$CComEnum@UIEnumConnections@@$1?_GUID_b196b287_bab4_101a_b69c_00aa00341d07@@3U__s_GUID@@BUtagCONNECTDATA@@V?$_Copy@UtagCONNECTDATA@@@ATL@@VCComSingleThreadModel@6@@ATL@@@ATL@@UAGJABU_GUID@@PAPAX@Z 10003943 f i MSR.obj
 0001:0000295d       ??_E?$CComObject@V?$CComEnum@UIEnumConnections@@$1?_GUID_b196b287_bab4_101a_b69c_00aa00341d07@@3U__s_GUID@@BUtagCONNECTDATA@@V?$_Copy@UtagCONNECTDATA@@@ATL@@VCComSingleThreadModel@6@@ATL@@@ATL@@UAEPAXI@Z 1000395d f i MSR.obj
 0001:0000295d       ??_G?$CComObject@V?$CComEnum@UIEnumConnections@@$1?_GUID_b196b287_bab4_101a_b69c_00aa00341d07@@3U__s_GUID@@BUtagCONNECTDATA@@V?$_Copy@UtagCONNECTDATA@@@ATL@@VCComSingleThreadModel@6@@ATL@@@ATL@@UAEPAXI@Z 1000395d f i MSR.obj
 0001:0000297f       ??_E?$CComObject@VCOPOSMSR@@@ATL@@W3AEPAXI@Z 1000397f f i MSR.obj
 0001:00002987       ??_E?$CComObject@VCOPOSMSR@@@ATL@@WEM@AEPAXI@Z 10003987 f i MSR.obj
 0001:0000298f       ?QueryInterface@?$CComObject@VCOPOSMSR@@@ATL@@WHA@AGJABU_GUID@@PAPAX@Z 1000398f f i MSR.obj
 0001:00002999       ?AddRef@?$CComObject@VCOPOSMSR@@@ATL@@WHA@AGKXZ 10003999 f i MSR.obj
 0001:000029a3       ?Release@?$CComObject@VCOPOSMSR@@@ATL@@WHA@AGKXZ 100039a3 f i MSR.obj
 0001:000029ad       ?QueryInterface@?$CComObject@VCOPOSMSR@@@ATL@@WHE@AGJABU_GUID@@PAPAX@Z 100039ad f i MSR.obj
 0001:000029b7       ?AddRef@?$CComObject@VCOPOSMSR@@@ATL@@WHE@AGKXZ 100039b7 f i MSR.obj
 0001:000029c1       ?Release@?$CComObject@VCOPOSMSR@@@ATL@@WHE@AGKXZ 100039c1 f i MSR.obj
 0001:000029cb       ?QueryInterface@?$CComObject@VCOPOSMSR@@@ATL@@WHI@AGJABU_GUID@@PAPAX@Z 100039cb f i MSR.obj
 0001:000029d5       ?AddRef@?$CComObject@VCOPOSMSR@@@ATL@@WHI@AGKXZ 100039d5 f i MSR.obj
 0001:000029df       ?Release@?$CComObject@VCOPOSMSR@@@ATL@@WHI@AGKXZ 100039df f i MSR.obj
 0001:000029e9       ?QueryInterface@?$CComObject@VCOPOSMSR@@@ATL@@WHM@AGJABU_GUID@@PAPAX@Z 100039e9 f i MSR.obj
 0001:000029f3       ??$?4UITypeInfo2@@@?$CComPtr@UITypeInfo@@@ATL@@QAEPAUITypeInfo@@ABV?$CComPtr@UITypeInfo2@@@1@@Z 100039f3 f i MSR.obj
 0001:00002a20       ??$AtlAdd@K@ATL@@YAJPAKKK@Z 10003a20 f i MSR.obj
 0001:00002a43       ??$AtlAdd@_K@ATL@@YAJPA_K_K1@Z 10003a43 f i MSR.obj
 0001:00002a7b       ??$AtlAddThrow@K@ATL@@YAKKK@Z 10003a7b f i MSR.obj
 0001:00002aa1       ??$AtlModuleRegisterWndClassInfoT@VAtlModuleRegisterWndClassInfoParamW@ATL@@@ATL@@YAGPAU_ATL_BASE_MODULE70@0@PAU_ATL_WIN_MODULE70@0@PAU_ATL_WNDCLASSINFOW@0@PAP6GJPAUHWND__@@IIJ@ZVAtlModuleRegisterWndClassInfoParamW@0@@Z 10003aa1 f i MSR.obj
 0001:00002bef       ??$AtlMultiply@H@ATL@@YAJPAHHH@Z 10003bef f i MSR.obj
 0001:00002c27       ??$AtlMultiply@I@ATL@@YAJPAIII@Z 10003c27 f i MSR.obj
 0001:00002c27       ??$AtlMultiply@K@ATL@@YAJPAKKK@Z 10003c27 f i MSR.obj
 0001:00002c49       ??$AtlMultiplyThrow@I@ATL@@YAIII@Z 10003c49 f i MSR.obj
 0001:00002c6f       ??0?$CComAggObject@VCOPOSMSR@@@ATL@@QAE@PAX@Z 10003c6f f i MSR.obj
 0001:00002c9c       ??0?$CComContainedObject@VCOPOSMSR@@@ATL@@QAE@PAX@Z 10003c9c f i MSR.obj
 0001:00002d55       ??0?$CComObject@V?$CComEnum@UIEnumConnectionPoints@@$1?_GUID_b196b285_bab4_101a_b69c_00aa00341d07@@3U__s_GUID@@BPAUIConnectionPoint@@V?$_CopyInterface@UIConnectionPoint@@@ATL@@VCComSingleThreadModel@6@@ATL@@@ATL@@QAE@PAX@Z 10003d55 f i MSR.obj
 0001:00002d83       ??0?$CComObject@V?$CComEnum@UIEnumConnections@@$1?_GUID_b196b287_bab4_101a_b69c_00aa00341d07@@3U__s_GUID@@BUtagCONNECTDATA@@V?$_Copy@UtagCONNECTDATA@@@ATL@@VCComSingleThreadModel@6@@ATL@@@ATL@@QAE@PAX@Z 10003d83 f i MSR.obj
 0001:00002db1       ??0?$CComObject@VCOPOSMSR@@@ATL@@QAE@PAX@Z 10003db1 f i MSR.obj
 0001:00002e68       ??0?$CComQIPtr@UIOleControlSite@@$1?_GUID_b196b289_bab4_101a_b69c_00aa00341d07@@3U__s_GUID@@B@ATL@@QAE@PAUIUnknown@@@Z 10003e68 f i MSR.obj
 0001:00002e91       ??0CAtlModule@ATL@@QAE@XZ  10003e91 f i MSR.obj
 0001:00002ed2       ??0CParseBuffer@CRegParser@ATL@@QAE@H@Z 10003ed2 f i MSR.obj
 0001:00002f08       ??0_ATL_MSG@ATL@@QAE@PAUHWND__@@IIJH@Z 10003f08 f i MSR.obj
 0001:00002f40       ??1?$CComAggObject@VCOPOSMSR@@@ATL@@UAE@XZ 10003f40 f i MSR.obj
 0001:00002f64       ??1?$CComEnumImpl@UIEnumConnectionPoints@@$1?_GUID_b196b285_bab4_101a_b69c_00aa00341d07@@3U__s_GUID@@BPAUIConnectionPoint@@V?$_CopyInterface@UIConnectionPoint@@@ATL@@@ATL@@UAE@XZ 10003f64 f i MSR.obj
 0001:00002fa4       ??1?$CComEnumImpl@UIEnumConnections@@$1?_GUID_b196b287_bab4_101a_b69c_00aa00341d07@@3U__s_GUID@@BUtagCONNECTDATA@@V?$_Copy@UtagCONNECTDATA@@@ATL@@@ATL@@UAE@XZ 10003fa4 f i MSR.obj
 0001:00002fe4       ??1?$CComObject@V?$CComEnum@UIEnumConnectionPoints@@$1?_GUID_b196b285_bab4_101a_b69c_00aa00341d07@@3U__s_GUID@@BPAUIConnectionPoint@@V?$_CopyInterface@UIConnectionPoint@@@ATL@@VCComSingleThreadModel@6@@ATL@@@ATL@@UAE@XZ 10003fe4 f i MSR.obj
 0001:00003007       ??1?$CComObject@V?$CComEnum@UIEnumConnections@@$1?_GUID_b196b287_bab4_101a_b69c_00aa00341d07@@3U__s_GUID@@BUtagCONNECTDATA@@V?$_Copy@UtagCONNECTDATA@@@ATL@@VCComSingleThreadModel@6@@ATL@@@ATL@@UAE@XZ 10004007 f i MSR.obj
 0001:0000302a       ??1?$CComObject@VCOPOSMSR@@@ATL@@UAE@XZ 1000402a f i MSR.obj
 0001:000030e8       ??1?$CComObjectCached@VCComClassFactory@ATL@@@ATL@@UAE@XZ 100040e8 f i MSR.obj
 0001:000030fe       ??1?$CComObjectRootEx@VCComMultiThreadModel@ATL@@@ATL@@QAE@XZ 100040fe f i MSR.obj
 0001:00003113       ??1CRegObject@ATL@@UAE@XZ  10004113 f i MSR.obj
 0001:00003133       ??4?$CComPtr@UIAdviseSink@@@ATL@@QAEPAUIAdviseSink@@PAU2@@Z 10004133 f i MSR.obj
 0001:00003133       ??4?$CComPtr@UIOleClientSite@@@ATL@@QAEPAUIOleClientSite@@PAU2@@Z 10004133 f i MSR.obj
 0001:00003133       ??4?$CComPtr@UIUnknown@@@ATL@@QAEPAUIUnknown@@PAU2@@Z 10004133 f i MSR.obj
 0001:00003167       ??_G?$CComContainedObject@VCOPOSMSR@@@ATL@@UAEPAXI@Z 10004167 f i MSR.obj
 0001:00003167       ??_E?$CComContainedObject@VCOPOSMSR@@@ATL@@UAEPAXI@Z 10004167 f i MSR.obj
 0001:0000318c       ??_E?$CComObject@VCOPOSMSR@@@ATL@@UAEPAXI@Z 1000418c f i MSR.obj
 0001:0000318c       ??_G?$CComObject@VCOPOSMSR@@@ATL@@UAEPAXI@Z 1000418c f i MSR.obj
 0001:000031b1       ?Add@?$CSimpleArray@GV?$CSimpleArrayEqualHelper@G@ATL@@@ATL@@QAEHABG@Z 100041b1 f i MSR.obj
 0001:00003235       ?Add@?$CSimpleMap@PA_WPA_WVCExpansionVectorEqualHelper@ATL@@@ATL@@QAEHABQA_W0@Z 10004235 f i MSR.obj
 0001:0000328a       ?Add@CComDynamicUnkArray@ATL@@QAEKPAUIUnknown@@@Z 1000428a f i MSR.obj
 0001:00003340       ?Add@CExpansionVector@ATL@@QAEHPB_W0@Z 10004340 f i MSR.obj
 0001:00003449       ?AddString@CParseBuffer@CRegParser@ATL@@QAEHPB_W@Z 10004449 f i MSR.obj
 0001:0000347e       ?AddTermFunc@CAtlModule@ATL@@QAEJP6GXK@ZK@Z 1000447e f i MSR.obj
 0001:000034e1       ?AddValue@CRegParser@ATL@@IAEJAAVCRegKey@2@PB_WPA_W@Z 100044e1 f i MSR.obj
 0001:000037fb       ?Allocate@?$CAtlSafeAllocBufferManager@VCCRTAllocator@ATL@@@_ATL_SAFE_ALLOCA_IMPL@ATL@@QAEPAXK@Z 100047fb f i MSR.obj
 0001:00003828       ?Allocate@?$CTempBuffer@E$0BAA@VCCRTAllocator@ATL@@@ATL@@QAEPAEI@Z 10004828 f i MSR.obj
 0001:00003857       ?Allocate@?$CTempBuffer@_W$0BAA@VCCRTAllocator@ATL@@@ATL@@QAEPA_WI@Z 10004857 f i MSR.obj
 0001:00003886       ?Allocate@?$CTempBuffer@_W$0EAA@VCCRTAllocator@ATL@@@ATL@@QAEPA_WI@Z 10004886 f i MSR.obj
 0001:000038b5       ?AllocateHeap@?$CTempBuffer@_W$0BAA@VCCRTAllocator@ATL@@@ATL@@AAEXI@Z 100048b5 f i MSR.obj
 0001:000038b5       ?AllocateHeap@?$CTempBuffer@E$0BAA@VCCRTAllocator@ATL@@@ATL@@AAEXI@Z 100048b5 f i MSR.obj
 0001:000038b5       ?AllocateHeap@?$CTempBuffer@_W$0EAA@VCCRTAllocator@ATL@@@ATL@@AAEXI@Z 100048b5 f i MSR.obj
 0001:000038da       ?Append@CParseBuffer@CRegParser@ATL@@QAEHPB_WH@Z 100048da f i MSR.obj
 0001:00003968       ?AtlCoTaskMemCAlloc@ATL@@YAPAXKK@Z 10004968 f i MSR.obj
 0001:00003995       ?AtlCoTaskMemRecalloc@ATL@@YAPAXPAXKK@Z 10004995 f i MSR.obj
 0001:000039c5       ?AtlComModuleGetClassObject@ATL@@YGJPAU_ATL_COM_MODULE70@1@ABU_GUID@@1PAPAX@Z 100049c5 f i MSR.obj
 0001:00003ab8       ?AtlComModuleRegisterServer@ATL@@YGJPAU_ATL_COM_MODULE70@1@HPBU_GUID@@@Z 10004ab8 f i MSR.obj
 0001:00003b40       ?AtlComModuleUnregisterServer@ATL@@YGJPAU_ATL_COM_MODULE70@1@HPBU_GUID@@@Z 10004b40 f i MSR.obj
 0001:00003bc8       ?AtlComQIPtrAssign2@ATL@@YAXPAPAUIUnknown@@PAU2@ABU_GUID@@@Z 10004bc8 f i MSR.obj
 0001:00003bf7       ?AtlCreateTargetDC@ATL@@YGPAUHDC__@@PAU2@PAUtagDVTARGETDEVICE@@@Z 10004bf7 f i MSR.obj
 0001:00003c60       ?AtlCrtErrorCheck@ATL@@YAHH@Z 10004c60 f i MSR.obj
 0001:00003c9b       ?AtlHiMetricToPixel@ATL@@YGXPBUtagSIZE@@PAU2@@Z 10004c9b f i MSR.obj
 0001:00003d10       ?AtlHresultFromLastError@ATL@@YAJXZ 10004d10 f i MSR.obj
 0001:00003d27       ?AtlHresultFromWin32@ATL@@YAJK@Z 10004d27 f i MSR.obj
 0001:00003d3c       ?AtlInternalOleLoadFromStream@ATL@@YAJPAUIStream@@ABU_GUID@@PAPAXTClassesAllowedInStream@1@K@Z 10004d3c f i MSR.obj
 0001:00003e62       ?AtlInternalQueryInterface@ATL@@YGJPAXPBU_ATL_INTMAP_ENTRY@1@ABU_GUID@@PAPAX@Z 10004e62 f i MSR.obj
 0001:00003f05       ?AtlLoadTypeLib@ATL@@YGJPAUHINSTANCE__@@PB_WPAPA_WPAPAUITypeLib@@@Z 10004f05 f i MSR.obj
 0001:000040e3       ?AtlRegisterClassCategoriesHelper@ATL@@YGJABU_GUID@@PBU_ATL_CATMAP_ENTRY@1@H@Z 100050e3 f i MSR.obj
 0001:000043df       ?AtlRegisterTypeLib@ATL@@YGJPAUHINSTANCE__@@PB_W@Z 100053df f i MSR.obj
 0001:00004567       ?AtlThrowImpl@ATL@@YGXJ@Z  10005567 f i MSR.obj
 0001:00004585       ?AtlUnRegisterTypeLib@ATL@@YGJPAUHINSTANCE__@@PB_W@Z 10005585 f i MSR.obj
 0001:00004630       ?AtlWinModuleAddCreateWndData@ATL@@YGXPAU_ATL_WIN_MODULE70@1@PAU_AtlCreateWndData@1@PAX@Z 10005630 f i MSR.obj
 0001:00004684       ?AtlWinModuleExtractCreateWndData@ATL@@YGPAXPAU_ATL_WIN_MODULE70@1@@Z 10005684 f i MSR.obj
 0001:000046e7       ?AtlWinModuleRegisterClassExW@ATL@@YGGPAU_ATL_WIN_MODULE70@1@PBUtagWNDCLASSEXW@@@Z 100056e7 f i MSR.obj
 0001:00004726       ?CanForceRemoveKey@CRegParser@ATL@@IAEHPB_W@Z 10005726 f i MSR.obj
 0001:00004755       ?ChToByte@CRegParser@ATL@@KAE_W@Z 10005755 f i MSR.obj
 0001:00004788       ?Cleanup@CComTypeInfoHolder@ATL@@SGXK@Z 10005788 f i MSR.obj
 0001:000047bb       ?ClearReplacements@CExpansionVector@ATL@@QAEJXZ 100057bb f i MSR.obj
 0001:000047f8       ?Close@CRegKey@ATL@@QAEJXZ 100057f8 f i MSR.obj
 0001:00004812       ?CreateInstance@?$CComCreator@V?$CComAggObject@VCOPOSMSR@@@ATL@@@ATL@@SGJPAXABU_GUID@@PAPAX@Z 10005812 f i MSR.obj
 0001:00004888       ?CreateInstance@?$CComCreator@V?$CComObject@VCOPOSMSR@@@ATL@@@ATL@@SGJPAXABU_GUID@@PAPAX@Z 10005888 f i MSR.obj
 0001:00004909       ?CreateInstance@?$CComObject@V?$CComEnum@UIEnumConnectionPoints@@$1?_GUID_b196b285_bab4_101a_b69c_00aa00341d07@@3U__s_GUID@@BPAUIConnectionPoint@@V?$_CopyInterface@UIConnectionPoint@@@ATL@@VCComSingleThreadModel@6@@ATL@@@ATL@@SGJPAPAV12@@Z 10005909 f i MSR.obj
 0001:00004950       ?CreateInstance@?$CComObject@V?$CComEnum@UIEnumConnections@@$1?_GUID_b196b287_bab4_101a_b69c_00aa00341d07@@3U__s_GUID@@BUtagCONNECTDATA@@V?$_Copy@UtagCONNECTDATA@@@ATL@@VCComSingleThreadModel@6@@ATL@@@ATL@@SGJPAPAV12@@Z 10005950 f i MSR.obj
 0001:00004997       ?DefaultReflectionHandler@?$CWindowImplRoot@VCWindow@ATL@@@ATL@@SAHPAUHWND__@@IIJAAJ@Z 10005997 f i MSR.obj
 0001:00004a0a       ?DeleteSubKey@CRegKey@ATL@@QAEJPB_W@Z 10005a0a f i MSR.obj
 0001:00004a83       ?DoEvent@COPOSMSR@@IAEXIIJ@Z 10005a83 f i MSR.obj
 0001:00004b03       ?DoVerbHide@?$IOleObjectImpl@VCOPOSMSR@@@ATL@@QAEJPBUtagRECT@@PAUHWND__@@@Z 10005b03 f i MSR.obj
 0001:00004b39       ?DoVerbInPlaceActivate@?$IOleObjectImpl@VCOPOSMSR@@@ATL@@QAEJPBUtagRECT@@PAUHWND__@@@Z 10005b39 f i MSR.obj
 0001:00004b6c       ?DoVerbPrimary@?$IOleObjectImpl@VCOPOSMSR@@@ATL@@QAEJPBUtagRECT@@PAUHWND__@@@Z 10005b6c f i MSR.obj
 0001:00004bf8       ?DoVerbProperties@CComControlBase@ATL@@QAEJPBUtagRECT@@PAUHWND__@@@Z 10005bf8 f i MSR.obj
 0001:00004d77       ?DoVerbUIActivate@?$IOleObjectImpl@VCOPOSMSR@@@ATL@@QAEJPBUtagRECT@@PAUHWND__@@@Z 10005d77 f i MSR.obj
 0001:00004db4       ?DoesVerbActivate@CComControlBase@ATL@@QAEHJ@Z 10005db4 f i MSR.obj
 0001:00004dd5       ?DoesVerbUIActivate@CComControlBase@ATL@@QAEHJ@Z 10005dd5 f i MSR.obj
 0001:00004e0a       ?EndOfVar@CRegParser@ATL@@IAEHXZ 10005e0a f i MSR.obj
 0001:00004e2a       ?EscapeSingleQuote@CAtlModule@ATL@@SAXPA_WIPB_W@Z 10005e2a f i MSR.obj
 0001:00004e79       ?FindKey@?$CSimpleMap@PA_WPA_WVCExpansionVectorEqualHelper@ATL@@@ATL@@QBEHABQA_W@Z 10005e79 f i MSR.obj
 0001:00004eb0       ?FireTheEvent@?$CProxy_IOPOSEvents@VCOPOSMSR@@@@IAEXPAVOposVariant@@IAAJPB_WJ@Z 10005eb0 f i MSR.obj
 0001:00004f42       ?FireViewChange@CComControlBase@ATL@@QAEJXZ 10005f42 f i MSR.obj
 0001:00004f8b       ?Fire_DataEvent@?$CProxy_IOPOSEvents@VCOPOSMSR@@@@QAEXJ@Z 10005f8b f i MSR.obj
 0001:0000501e       ?Fire_DirectIOEvent@?$CProxy_IOPOSEvents@VCOPOSMSR@@@@QAEXJPAJPAPA_W@Z 1000601e f i MSR.obj
 0001:00005107       ?Fire_ErrorEvent@?$CProxy_IOPOSEvents@VCOPOSMSR@@@@QAEXJJJPAJ@Z 10006107 f i MSR.obj
 0001:000051f1       ?Fire_StatusUpdateEvent@?$CProxy_IOPOSEvents@VCOPOSMSR@@@@QAEXJ@Z 100061f1 f i MSR.obj
 0001:00005284       ?FreeHeap@?$CTempBuffer@_W$0EAA@VCCRTAllocator@ATL@@@ATL@@AAEXXZ 10006284 f i MSR.obj
 0001:00005284       ?FreeHeap@?$CTempBuffer@E$0BAA@VCCRTAllocator@ATL@@@ATL@@AAEXXZ 10006284 f i MSR.obj
 0001:00005284       ?FreeHeap@?$CTempBuffer@_W$0BAA@VCCRTAllocator@ATL@@@ATL@@AAEXXZ 10006284 f i MSR.obj
 0001:0000528d       ?GetAmbientLocaleID@CComControlBase@ATL@@QAEJAAK@Z 1000628d f i MSR.obj
 0001:000052e9       ?GetAmbientUserMode@CComControlBase@ATL@@QAEJAAH@Z 100062e9 f i MSR.obj
 0001:00005359       ?GetAt@CComDynamicUnkArray@ATL@@QAEPAUIUnknown@@H@Z 10006359 f i MSR.obj
 0001:00005375       ?GetClassObject@CComModule@ATL@@QAEJABU_GUID@@0PAPAX@Z 10006375 f i MSR.obj
 0001:00005417       ?GetConnMap@COPOSMSR@@SAPBU_ATL_CONNMAP_ENTRY@ATL@@PAH@Z 10006417 f i MSR.obj
 0001:00005487       ?GetCookie@CComDynamicUnkArray@ATL@@QAGKPAPAUIUnknown@@@Z 10006487 f i MSR.obj
 0001:000054bf       ?GetIDsOfNames@CComTypeInfoHolder@ATL@@QAEJABU_GUID@@PAPA_WIKPAJ@Z 100064bf f i MSR.obj
 0001:000055e6       ?GetKeyAt@?$CSimpleMap@PA_WPA_WVCExpansionVectorEqualHelper@ATL@@@ATL@@QBEAAPA_WH@Z 100065e6 f i MSR.obj
 0001:0000560b       ?GetPagesHelper@?$ISpecifyPropertyPagesImpl@VCOPOSMSR@@@ATL@@IAEJPAUtagCAUUID@@PBUATL_PROPMAP_ENTRY@2@@Z 1000660b f i MSR.obj
 0001:00005732       ?GetProperty@?$CComPtr@UIDispatch@@@ATL@@SAJPAUIDispatch@@JPAUtagVARIANT@@@Z 10006732 f i MSR.obj
 0001:00005781       ?GetSizeMax@CComVariant@ATL@@QBEJPAT_ULARGE_INTEGER@@@Z 10006781 f i MSR.obj
 0001:00005947       ?GetTI@CComTypeInfoHolder@ATL@@QAEJK@Z 10006947 f i MSR.obj
 0001:00005b26       ?GetTI@CComTypeInfoHolder@ATL@@QAEJKPAPAUITypeInfo@@@Z 10006b26 f i MSR.obj
 0001:00005b68       ?GetUnknown@CComDynamicUnkArray@ATL@@QAGPAUIUnknown@@K@Z 10006b68 f i MSR.obj
 0001:00005b89       ?GetValueAt@?$CSimpleMap@PA_WPA_WVCExpansionVectorEqualHelper@ATL@@@ATL@@QBEAAPA_WH@Z 10006b89 f i MSR.obj
 0001:00005baf       ?GetZoomInfo@CComControlBase@ATL@@QAEXAAUATL_DRAWINFO@@@Z 10006baf f i MSR.obj
 0001:00005c42       ?HKeyFromString@CRegParser@ATL@@KAPAUHKEY__@@PA_W@Z 10006c42 f i MSR.obj
 0001:00005c70       ?HasSubKeys@CRegParser@ATL@@IAEHPAUHKEY__@@@Z 10006c70 f i MSR.obj
 0001:00005ca5       ?IDataObject_GetData@CComControlBase@ATL@@QAEJPAUtagFORMATETC@@PAUtagSTGMEDIUM@@@Z 10006ca5 f i MSR.obj
 0001:00005e4b       ?IOleInPlaceObject_InPlaceDeactivate@CComControlBase@ATL@@QAEJXZ 10006e4b f i MSR.obj
 0001:00005ed2       ?IOleInPlaceObject_SetObjectRects@CComControlBase@ATL@@QAEJPBUtagRECT@@0@Z 10006ed2 f i MSR.obj
 0001:00005f9f       ?IOleInPlaceObject_UIDeactivate@CComControlBase@ATL@@QAEJXZ 10006f9f f i MSR.obj
 0001:00006061       ?IOleObject_Advise@CComControlBase@ATL@@QAEJPAUIAdviseSink@@PAK@Z 10007061 f i MSR.obj
 0001:0000608b       ?IOleObject_Close@CComControlBase@ATL@@QAEJK@Z 1000708b f i MSR.obj
 0001:0000616f       ?IOleObject_GetClientSite@CComControlBase@ATL@@QAEJPAPAUIOleClientSite@@@Z 1000716f f i MSR.obj
 0001:00006198       ?IOleObject_SetClientSite@CComControlBase@ATL@@QAEJPAUIOleClientSite@@@Z 10007198 f i MSR.obj
 0001:000061d7       ?IOleObject_SetExtent@CComControlBase@ATL@@QAEJKPAUtagSIZE@@@Z 100071d7 f i MSR.obj
 0001:0000628b       ?IPSI_GetIPersistStreamInit@?$IPersistStorageImpl@VCOPOSMSR@@@ATL@@AAEPAUIPersistStreamInit@@XZ 1000728b f i MSR.obj
 0001:00006333       ?IPersistStreamInit_Load@?$IPersistStreamInitImpl@VCOPOSMSR@@@ATL@@QAEJPAUIStream@@PBUATL_PROPMAP_ENTRY@2@@Z 10007333 f i MSR.obj
 0001:000065af       ?IPersistStreamInit_Save@?$IPersistStreamInitImpl@VCOPOSMSR@@@ATL@@QAEJPAUIStream@@HPBUATL_PROPMAP_ENTRY@2@@Z 100075af f i MSR.obj
 0001:0000679d       ?IQuickActivate_QuickActivate@CComControlBase@ATL@@QAEJPAUtagQACONTAINER@@PAUtagQACONTROL@@@Z 1000779d f i MSR.obj
 0001:000069df       ?IViewObject_Draw@CComControlBase@ATL@@QAEJKJPAXPAUtagDVTARGETDEVICE@@PAUHDC__@@2PBU_RECTL@@3@Z 100079df f i MSR.obj
 0001:00006a87       ?InPlaceActivate@CComControlBase@ATL@@QAEJJPBUtagRECT@@@Z 10007a87 f i MSR.obj
 0001:00006cf8       ?Init@?$CComEnumImpl@UIEnumConnectionPoints@@$1?_GUID_b196b285_bab4_101a_b69c_00aa00341d07@@3U__s_GUID@@BPAUIConnectionPoint@@V?$_CopyInterface@UIConnectionPoint@@@ATL@@@ATL@@QAEJPAPAUIConnectionPoint@@0PAUIUnknown@@W4CComEnumFlags@2@@Z 10007cf8 f i MSR.obj
 0001:00006dd7       ?Init@?$CComEnumImpl@UIEnumConnections@@$1?_GUID_b196b287_bab4_101a_b69c_00aa00341d07@@3U__s_GUID@@BUtagCONNECTDATA@@V?$_Copy@UtagCONNECTDATA@@@ATL@@@ATL@@QAEJPAUtagCONNECTDATA@@0PAUIUnknown@@W4CComEnumFlags@2@@Z 10007dd7 f i MSR.obj
 0001:00006eb6       ?Init@CComModule@ATL@@QAEJPAU_ATL_OBJMAP_ENTRY30@2@PAUHINSTANCE__@@PBU_GUID@@@Z 10007eb6 f i MSR.obj
 0001:00006f15       ?Init@CDynamicStdCallThunk2@ATL@@QAEHKPAX@Z 10007f15 f i MSR.obj
 0001:00006f40       ?InlineIsEqualUnknown@ATL@@YGHABU_GUID@@@Z 10007f40 f i MSR.obj
 0001:00006f68       ?InternalSetAtIndex@?$CSimpleMap@PA_WPA_WVCExpansionVectorEqualHelper@ATL@@@ATL@@QAEXHABQA_W0@Z 10007f68 f i MSR.obj
 0001:00006f92       ?Invoke@CComTypeInfoHolder@ATL@@QAEJPAUIDispatch@@JABU_GUID@@KGPAUtagDISPPARAMS@@PAUtagVARIANT@@PAUtagEXCEPINFO@@PAI@Z 10007f92 f i MSR.obj
 0001:00006fd5       ?IsEqualObject@?$CComPtrBase@UIOleClientSite@@@ATL@@QAE_NPAUIUnknown@@@Z 10007fd5 f i MSR.obj
 0001:00006fd5       ?IsEqualObject@?$CComPtrBase@UITypeInfo@@@ATL@@QAE_NPAUIUnknown@@@Z 10007fd5 f i MSR.obj
 0001:00007042       ?IsSpace@CRegParser@ATL@@IAEH_W@Z 10008042 f i MSR.obj
 0001:0000706c       ?LoadNameCache@CComTypeInfoHolder@ATL@@QAEJPAUITypeInfo@@@Z 1000806c f i MSR.obj
 0001:000071b8       ?Lookup@?$CSimpleMap@PA_WPA_WVCExpansionVectorEqualHelper@ATL@@@ATL@@QBEPA_WABQA_W@Z 100081b8 f i MSR.obj
 0001:000071de       ?NextToken@CRegParser@ATL@@IAEJPA_W@Z 100081de f i MSR.obj
 0001:00007316       ?OnKillFocus@CComControlBase@ATL@@QAEJIIJAAH@Z 10008316 f i MSR.obj
 0001:00007371       ?OnMouseActivate@CComControlBase@ATL@@QAEJIIJAAH@Z 10008371 f i MSR.obj
 0001:000073df       ?OnPaint@CComControlBase@ATL@@QAEJIIJAAH@Z 100083df f i MSR.obj
 0001:00007491       ?OnSetFocus@CComControlBase@ATL@@QAEJIIJAAH@Z 10008491 f i MSR.obj
 0001:0000751a       ?Open@CRegKey@ATL@@QAEJPAUHKEY__@@PB_WK@Z 1000851a f i MSR.obj
 0001:0000756f       ?PreProcessBuffer@CRegParser@ATL@@QAEJPA_WPAPA_W@Z 1000856f f i MSR.obj
 0001:000077d9       ?ProcessWindowMessage@?$CComControl@VCOPOSMSR@@V?$CWindowImpl@VCOPOSMSR@@VCWindow@ATL@@V?$CWinTraits@$0FGAAAAAA@$0A@@3@@ATL@@@ATL@@UAEHPAUHWND__@@IIJAAJK@Z 100087d9 f i MSR.obj
 0001:00007878       ?ReadFromStream@CComBSTR@ATL@@QAEJPAUIStream@@@Z 10008878 f i MSR.obj
 0001:000079a6       ?ReadFromStream@CComVariant@ATL@@QAEJPAUIStream@@GTClassesAllowedInStream@2@K@Z 100089a6 f i MSR.obj
 0001:00007b2c       ?RecurseDeleteKey@CRegKey@ATL@@QAEJPB_W@Z 10008b2c f i MSR.obj
 0001:00007c1a       ?RegCreateKeyExW@CAtlTransactionManager@ATL@@QAEJPAUHKEY__@@PB_WKPA_WKKQAU_SECURITY_ATTRIBUTES@@PAPAU3@PAK@Z 10008c1a f i MSR.obj
 0001:00007c7d       ?RegDeleteKeyW@CAtlTransactionManager@ATL@@QAEJPAUHKEY__@@PB_W@Z 10008c7d f i MSR.obj
 0001:00007ccf       ?RegOpenKeyExW@CAtlTransactionManager@ATL@@QAEJPAUHKEY__@@PB_WKKPAPAU3@@Z 10008ccf f i MSR.obj
 0001:00007d26       ?Register@_ATL_WNDCLASSINFOW@ATL@@QAEGPAP6GJPAUHWND__@@IIJ@Z@Z 10008d26 f i MSR.obj
 0001:00007d46       ?RegisterBuffer@CRegParser@ATL@@QAEJPA_WH@Z 10008d46 f i MSR.obj
 0001:00007e7f       ?RegisterFromResource@CRegObject@ATL@@IAEJPB_W00H@Z 10008e7f f i MSR.obj
 0001:00007fb5       ?RegisterServer@?$CAtlModuleT@VCComModule@ATL@@@ATL@@QAEJHPBU_GUID@@@Z 10008fb5 f i MSR.obj
 0001:00007fe3       ?RegisterServer@CComModule@ATL@@QAEJHPBU_GUID@@@Z 10008fe3 f i MSR.obj
 0001:00008059       ?RegisterSubkeys@CRegParser@ATL@@IAEJPA_WPAUHKEY__@@HH@Z 10009059 f i MSR.obj
 0001:00008700       ?Remove@CComDynamicUnkArray@ATL@@QAEHK@Z 10009700 f i MSR.obj
 0001:00008729       ?RemoveAll@?$CSimpleMap@PA_WPA_WVCExpansionVectorEqualHelper@ATL@@@ATL@@QAEXXZ 10009729 f i MSR.obj
 0001:00008755       ?ResourceRegisterSz@CRegObject@ATL@@QAGJPB_W00@Z 10009755 f i MSR.obj
 0001:00008782       ?ResourceUnregisterSz@CRegObject@ATL@@QAGJPB_W00@Z 10009782 f i MSR.obj
 0001:000087af       ?SendOnDataChange@CComControlBase@ATL@@QAEJK@Z 100097af f i MSR.obj
 0001:000087fc       ?SetControlFocus@CComControlBase@ATL@@QAEHH@Z 100097fc f i MSR.obj
 0001:00008899       ?SetMultiStringValue@CRegKey@ATL@@QAEJPB_W0@Z 10009899 f i MSR.obj
 0001:000088f5       ?SetStringValue@CRegKey@ATL@@QAEJPB_W0K@Z 100098f5 f i MSR.obj
 0001:0000893e       ?SkipAssignment@CRegParser@ATL@@IAEJPA_W@Z 1000993e f i MSR.obj
 0001:000089a3       ?SkipWhiteSpace@CRegParser@ATL@@IAEXXZ 100099a3 f i MSR.obj
 0001:000089c5       ?StrChrW@CRegParser@ATL@@KAPA_WPA_W_W@Z 100099c5 f i MSR.obj
 0001:00008a02       ?Term@CAtlModule@ATL@@QAEXXZ 10009a02 f i MSR.obj
 0001:00008a55       ?Term@CComModule@ATL@@QAEXXZ 10009a55 f i MSR.obj
 0001:00008aad       ?UnregisterServer@?$CAtlModuleT@VCComModule@ATL@@@ATL@@QAEJHPBU_GUID@@@Z 10009aad f i MSR.obj
 0001:00008ad3       ?UnregisterServer@CComModule@ATL@@QAEJHPBU_GUID@@@Z 10009ad3 f i MSR.obj
 0001:00008b49       ?UpdateRegistryFromResource@CAtlModule@ATL@@QAGJIHPAU_ATL_REGMAP_ENTRY@2@@Z 10009b49 f i MSR.obj
 0001:00008d14       ?UpdateRegistryFromResource@CAtlModule@ATL@@QAGJPB_WHPAU_ATL_REGMAP_ENTRY@2@@Z 10009d14 f i MSR.obj
 0001:00008ee5       ?VTFromRegType@CRegParser@ATL@@KAHPB_WAAG@Z 10009ee5 f i MSR.obj
 0001:00008f52       ?WindowProc@?$CWindowImplBaseT@VCWindow@ATL@@V?$CWinTraits@$0FGAAAAAA@$0A@@2@@ATL@@SGJPAUHWND__@@IIJ@Z 10009f52 f i MSR.obj
 0001:00009044       ?WriteToStream@CComBSTR@ATL@@QAEJPAUIStream@@@Z 1000a044 f i MSR.obj
 0001:000090a6       ?WriteToStream@CComVariant@ATL@@QAEJPAUIStream@@@Z 1000a0a6 f i MSR.obj
 0001:00009220       ?WriteToStream@CComVariant@ATL@@QAEJPAUIStream@@G@Z 1000a220 f i MSR.obj
 0001:00009289       ?_AtlInitialConstruct@?$CComObjectRootEx@VCComMultiThreadModel@ATL@@@ATL@@QAEJXZ 1000a289 f i MSR.obj
 0001:0000929e       ?_AtlVerifyStackAvailable@_ATL_SAFE_ALLOCA_IMPL@ATL@@YA_NK@Z 1000a29e f i MSR.obj
 0001:0000931c       ?atlCreate@?$CWindowImpl@VCOPOSMSR@@VCWindow@ATL@@V?$CWinTraits@$0FGAAAAAA@$0A@@3@@ATL@@QAEPAUHWND__@@PAU3@V_U_RECT@2@PB_WKKV_U_MENUorID@2@PAX@Z 1000a31c f i MSR.obj
 0001:00009360       ?atlCreate@?$CWindowImplBaseT@VCWindow@ATL@@V?$CWinTraits@$0FGAAAAAA@$0A@@2@@ATL@@QAEPAUHWND__@@PAU3@V_U_RECT@2@PB_WKKV_U_MENUorID@2@GPAX@Z 1000a360 f i MSR.obj
 0001:000093fc       ?copy@?$_Copy@UtagCONNECTDATA@@@ATL@@SAJPAUtagCONNECTDATA@@PBU3@@Z 1000a3fc f i MSR.obj
 0001:00009432       ?copy@?$_CopyInterface@UIConnectionPoint@@@ATL@@SAJPAPAUIConnectionPoint@@PBQAU3@@Z 1000a432 f i MSR.obj
 0001:00009460       ?memcpy_s@Checked@ATL@@YAXPAXIPBXI@Z 1000a460 f i MSR.obj
 0001:0000947f       ?ocscpy_s@@YA_NPA_WIPB_W@Z 1000a47f f i MSR.obj
 0001:000094c9       ?wcscpy_s@Checked@ATL@@YAXPA_WIPB_W@Z 1000a4c9 f i MSR.obj
 0001:000094e5       _DllCanUnloadNow@0         1000a4e5 f   MSR.obj
 0001:000094f1       _DllGetClassObject@12      1000a4f1 f   MSR.obj
 0001:000094ff       _DllMain@12                1000a4ff f   MSR.obj
 0001:00009541       _DllRegisterServer@0       1000a541 f   MSR.obj
 0001:00009550       _DllUnregisterServer@0     1000a550 f   MSR.obj
 0001:0000955f       _InlineIsEqualGUID         1000a55f f i MSR.obj
 0001:0000958f       ___local_stdio_printf_options 1000a58f f i MSR.obj
 0001:00009595       __vswprintf_s_l            1000a595 f i MSR.obj
 0001:00009642       _swprintf_s                1000a642 f i MSR.obj
 0001:0000965e       ??0?$CComControl@VCOPOSMSR@@V?$CWindowImpl@VCOPOSMSR@@VCWindow@ATL@@V?$CWinTraits@$0FGAAAAAA@$0A@@3@@ATL@@@ATL@@QAE@XZ 1000a65e f i MSRImpl.obj
 0001:00009685       ??0?$CProxy_IOPOSEvents@VCOPOSMSR@@@@QAE@XZ 1000a685 f i MSRImpl.obj
 0001:000096a5       ??0CComControlBase@ATL@@QAE@AAPAUHWND__@@@Z 1000a6a5 f i MSRImpl.obj
 0001:000096ef       ??0COPOSMSR@@QAE@XZ        1000a6ef f   MSRImpl.obj
 0001:00009725       ??1?$CComControl@VCOPOSMSR@@V?$CWindowImpl@VCOPOSMSR@@VCWindow@ATL@@V?$CWinTraits@$0FGAAAAAA@$0A@@3@@ATL@@@ATL@@UAE@XZ 1000a725 f i MSRImpl.obj
 0001:0000973e       ??1?$IConnectionPointImpl@VCOPOSMSR@@$1?IID_IPropertyNotifySink@@3U_GUID@@BVCComDynamicUnkArray@ATL@@@ATL@@QAE@XZ 1000a73e f i MSRImpl.obj
 0001:0000973e       ??1?$IConnectionPointImpl@VCOPOSMSR@@$1?DIID__IOPOSMSREvents@@3U_GUID@@BVCComDynamicUnkArray@ATL@@@ATL@@QAE@XZ 1000a73e f i MSRImpl.obj
 0001:0000977b       ??1CComControlBase@ATL@@UAE@XZ 1000a77b f i MSRImpl.obj
 0001:000097de       ??1COPOSMSR@@UAE@XZ        1000a7de f   MSRImpl.obj
 0001:00009826       ?AuthenticateDevice@COPOSMSR@@UAGJPA_WPAJ@Z 1000a826 f   MSRImpl.obj
 0001:0000987d       ?CheckHealth@COPOSMSR@@UAGJJPAJ@Z 1000a87d f   MSRImpl.obj
 0001:000098cc       ?ClaimDevice@COPOSMSR@@UAGJJPAJ@Z 1000a8cc f   MSRImpl.obj
 0001:00009941       ?ClearInput@COPOSMSR@@UAGJPAJ@Z 1000a941 f   MSRImpl.obj
 0001:0000995c       ?ClearInputProperties@COPOSMSR@@UAGJPAJ@Z 1000a95c f   MSRImpl.obj
 0001:00009977       ?Close@COPOSMSR@@UAGJPAJ@Z 1000a977 f   MSRImpl.obj
 0001:000099e5       ?CompareFirmwareVersion@COPOSMSR@@UAGJPA_WPAJ1@Z 1000a9e5 f   MSRImpl.obj
 0001:00009a65       ?DeauthenticateDevice@COPOSMSR@@UAGJPA_WPAJ@Z 1000aa65 f   MSRImpl.obj
 0001:00009abc       ?DirectIO@COPOSMSR@@UAGJJPAJPAPA_W0@Z 1000aabc f   MSRImpl.obj
 0001:00009b6a       ?DoInvoke@COPOSMSR@@IAEJJPAVOposVariant@@IHPAJ_N@Z 1000ab6a f   MSRImpl.obj
 0001:00009c46       ?EventClose@COPOSMSR@@IAEXXZ 1000ac46 f i MSRImpl.obj
 0001:00009c79       ?EventInit@COPOSMSR@@IAEJXZ 1000ac79 f i MSRImpl.obj
 0001:00009d45       ?EventUninit@COPOSMSR@@IAEXXZ 1000ad45 f i MSRImpl.obj
 0001:00009d97       ?EventWindowProc@COPOSMSR@@IAGJIIJ@Z 1000ad97 f i MSRImpl.obj
 0001:00009e6b       ?FinalConstruct@COPOSMSR@@QAEJXZ 1000ae6b f   MSRImpl.obj
 0001:00009ea4       ?FireEventCleanup@COPOSMSR@@IAEXXZ 1000aea4 f i MSRImpl.obj
 0001:00009eba       ?FireEventSetup@COPOSMSR@@IAE_NXZ 1000aeba f i MSRImpl.obj
 0001:00009eee       ?FreezeEvents@COPOSMSR@@MAGJH@Z 1000aeee f   MSRImpl.obj
 0001:00009f4e       ?GetOposProp@COPOSMSR@@IAEJJPAFJ@Z 1000af4e f   MSRImpl.obj
 0001:00009f71       ?GetOposProp@COPOSMSR@@IAEJJPAJJ@Z 1000af71 f   MSRImpl.obj
 0001:0000a040       ?GetOposProp@COPOSMSR@@IAEJJPAPA_WJ@Z 1000b040 f   MSRImpl.obj
 0001:0000a11c       ?OnDraw@COPOSMSR@@MAEJAAUATL_DRAWINFO@@@Z 1000b11c f   MSRImpl.obj
 0001:0000a1bc       ?Open@COPOSMSR@@UAGJPA_WPAJ@Z 1000b1bc f   MSRImpl.obj
 0001:0000a9ff       ?ReleaseDevice@COPOSMSR@@UAGJPAJ@Z 1000b9ff f   MSRImpl.obj
 0001:0000aa4e       ?ResetStatistics@COPOSMSR@@UAGJPA_WPAJ@Z 1000ba4e f   MSRImpl.obj
 0001:0000aaa5       ?RetrieveCardProperty@COPOSMSR@@UAGJPA_WPAPA_WPAJ@Z 1000baa5 f   MSRImpl.obj
 0001:0000ab25       ?RetrieveDeviceAuthenticationData@COPOSMSR@@UAGJPAPA_WPAJ@Z 1000bb25 f   MSRImpl.obj
 0001:0000ab7c       ?RetrieveStatistics@COPOSMSR@@UAGJPAPA_WPAJ@Z 1000bb7c f   MSRImpl.obj
 0001:0000abd3       ?SOProcessID@COPOSMSR@@UAGJPAJ@Z 1000bbd3 f   MSRImpl.obj
 0001:0000abe7       ?SetCOFreezeEvents@COPOSMSR@@IAEXF@Z 1000bbe7 f   MSRImpl.obj
 0001:0000ac87       ?SetOposProp@COPOSMSR@@IAEJJJJ@Z 1000bc87 f   MSRImpl.obj
 0001:0000ad7e       ?SetOposProp@COPOSMSR@@IAEJJPA_WJ@Z 1000bd7e f   MSRImpl.obj
 0001:0000ae7f       ?UpdateFirmware@COPOSMSR@@UAGJPA_WPAJ@Z 1000be7f f   MSRImpl.obj
 0001:0000aed6       ?UpdateKey@COPOSMSR@@UAGJPA_W0PAJ@Z 1000bed6 f   MSRImpl.obj
 0001:0000af56       ?UpdateStatistics@COPOSMSR@@UAGJPA_WPAJ@Z 1000bf56 f   MSRImpl.obj
 0001:0000afad       ?WriteTracks@COPOSMSR@@UAGJUtagVARIANT@@JPAJ@Z 1000bfad f   MSRImpl.obj
 0001:0000b02f       ?get_AccountNumber@COPOSMSR@@UAGJPAPA_W@Z 1000c02f f   MSRImpl.obj
 0001:0000b048       ?get_AdditionalSecurityInformation@COPOSMSR@@UAGJPAPA_W@Z 1000c048 f   MSRImpl.obj
 0001:0000b061       ?get_AutoDisable@COPOSMSR@@UAGJPAF@Z 1000c061 f   MSRImpl.obj
 0001:0000b077       ?get_BinaryConversion@COPOSMSR@@UAGJPAJ@Z 1000c077 f   MSRImpl.obj
 0001:0000b08d       ?get_CapCardAuthentication@COPOSMSR@@UAGJPAPA_W@Z 1000c08d f   MSRImpl.obj
 0001:0000b0a6       ?get_CapCompareFirmwareVersion@COPOSMSR@@UAGJPAF@Z 1000c0a6 f   MSRImpl.obj
 0001:0000b0bf       ?get_CapDataEncryption@COPOSMSR@@UAGJPAJ@Z 1000c0bf f   MSRImpl.obj
 0001:0000b0d8       ?get_CapDeviceAuthentication@COPOSMSR@@UAGJPAJ@Z 1000c0d8 f   MSRImpl.obj
 0001:0000b0f1       ?get_CapISO@COPOSMSR@@UAGJPAF@Z 1000c0f1 f   MSRImpl.obj
 0001:0000b10a       ?get_CapJISOne@COPOSMSR@@UAGJPAF@Z 1000c10a f   MSRImpl.obj
 0001:0000b123       ?get_CapJISTwo@COPOSMSR@@UAGJPAF@Z 1000c123 f   MSRImpl.obj
 0001:0000b13c       ?get_CapPowerReporting@COPOSMSR@@UAGJPAJ@Z 1000c13c f   MSRImpl.obj
 0001:0000b155       ?get_CapStatisticsReporting@COPOSMSR@@UAGJPAF@Z 1000c155 f   MSRImpl.obj
 0001:0000b16e       ?get_CapTrackDataMasking@COPOSMSR@@UAGJPAF@Z 1000c16e f   MSRImpl.obj
 0001:0000b187       ?get_CapTransmitSentinels@COPOSMSR@@UAGJPAF@Z 1000c187 f   MSRImpl.obj
 0001:0000b1a0       ?get_CapUpdateFirmware@COPOSMSR@@UAGJPAF@Z 1000c1a0 f   MSRImpl.obj
 0001:0000b1b9       ?get_CapUpdateStatistics@COPOSMSR@@UAGJPAF@Z 1000c1b9 f   MSRImpl.obj
 0001:0000b1d2       ?get_CapWritableTracks@COPOSMSR@@UAGJPAJ@Z 1000c1d2 f   MSRImpl.obj
 0001:0000b1eb       ?get_CardAuthenticationData@COPOSMSR@@UAGJPAPA_W@Z 1000c1eb f   MSRImpl.obj
 0001:0000b204       ?get_CardAuthenticationDataLength@COPOSMSR@@UAGJPAJ@Z 1000c204 f   MSRImpl.obj
 0001:0000b21d       ?get_CardPropertyList@COPOSMSR@@UAGJPAPA_W@Z 1000c21d f   MSRImpl.obj
 0001:0000b236       ?get_CardType@COPOSMSR@@UAGJPAPA_W@Z 1000c236 f   MSRImpl.obj
 0001:0000b24f       ?get_CardTypeList@COPOSMSR@@UAGJPAPA_W@Z 1000c24f f   MSRImpl.obj
 0001:0000b268       ?get_CheckHealthText@COPOSMSR@@UAGJPAPA_W@Z 1000c268 f   MSRImpl.obj
 0001:0000b281       ?get_Claimed@COPOSMSR@@UAGJPAF@Z 1000c281 f   MSRImpl.obj
 0001:0000b297       ?get_ControlObjectDescription@COPOSMSR@@UAGJPAPA_W@Z 1000c297 f   MSRImpl.obj
 0001:0000b2e5       ?get_ControlObjectVersion@COPOSMSR@@UAGJPAJ@Z 1000c2e5 f   MSRImpl.obj
 0001:0000b2f8       ?get_DataCount@COPOSMSR@@UAGJPAJ@Z 1000c2f8 f   MSRImpl.obj
 0001:0000b30e       ?get_DataEncryptionAlgorithm@COPOSMSR@@UAGJPAJ@Z 1000c30e f   MSRImpl.obj
 0001:0000b327       ?get_DataEventEnabled@COPOSMSR@@UAGJPAF@Z 1000c327 f   MSRImpl.obj
 0001:0000b33d       ?get_DecodeData@COPOSMSR@@UAGJPAF@Z 1000c33d f   MSRImpl.obj
 0001:0000b356       ?get_DeviceAuthenticated@COPOSMSR@@UAGJPAF@Z 1000c356 f   MSRImpl.obj
 0001:0000b36f       ?get_DeviceAuthenticationProtocol@COPOSMSR@@UAGJPAJ@Z 1000c36f f   MSRImpl.obj
 0001:0000b388       ?get_DeviceDescription@COPOSMSR@@UAGJPAPA_W@Z 1000c388 f   MSRImpl.obj
 0001:0000b3a1       ?get_DeviceEnabled@COPOSMSR@@UAGJPAF@Z 1000c3a1 f   MSRImpl.obj
 0001:0000b3b7       ?get_DeviceName@COPOSMSR@@UAGJPAPA_W@Z 1000c3b7 f   MSRImpl.obj
 0001:0000b3d0       ?get_EncodingMaxLength@COPOSMSR@@UAGJPAJ@Z 1000c3d0 f   MSRImpl.obj
 0001:0000b3e9       ?get_ErrorReportingType@COPOSMSR@@UAGJPAJ@Z 1000c3e9 f   MSRImpl.obj
 0001:0000b402       ?get_ExpirationDate@COPOSMSR@@UAGJPAPA_W@Z 1000c402 f   MSRImpl.obj
 0001:0000b41b       ?get_FirstName@COPOSMSR@@UAGJPAPA_W@Z 1000c41b f   MSRImpl.obj
 0001:0000b434       ?get_FreezeEvents@COPOSMSR@@UAGJPAF@Z 1000c434 f   MSRImpl.obj
 0001:0000b44a       ?get_MiddleInitial@COPOSMSR@@UAGJPAPA_W@Z 1000c44a f   MSRImpl.obj
 0001:0000b463       ?get_OpenResult@COPOSMSR@@UAGJPAJ@Z 1000c463 f   MSRImpl.obj
 0001:0000b47a       ?get_ParseDecodeData@COPOSMSR@@UAGJPAF@Z 1000c47a f   MSRImpl.obj
 0001:0000b47a       ?get_ParseDecodedData@COPOSMSR@@UAGJPAF@Z 1000c47a f   MSRImpl.obj
 0001:0000b493       ?get_PowerNotify@COPOSMSR@@UAGJPAJ@Z 1000c493 f   MSRImpl.obj
 0001:0000b4a9       ?get_PowerState@COPOSMSR@@UAGJPAJ@Z 1000c4a9 f   MSRImpl.obj
 0001:0000b4bf       ?get_ResultCode@COPOSMSR@@UAGJPAJ@Z 1000c4bf f   MSRImpl.obj
 0001:0000b4fd       ?get_ResultCodeExtended@COPOSMSR@@UAGJPAJ@Z 1000c4fd f   MSRImpl.obj
 0001:0000b513       ?get_ServiceCode@COPOSMSR@@UAGJPAPA_W@Z 1000c513 f   MSRImpl.obj
 0001:0000b52c       ?get_ServiceObjectDescription@COPOSMSR@@UAGJPAPA_W@Z 1000c52c f   MSRImpl.obj
 0001:0000b545       ?get_ServiceObjectVersion@COPOSMSR@@UAGJPAJ@Z 1000c545 f   MSRImpl.obj
 0001:0000b55b       ?get_State@COPOSMSR@@UAGJPAJ@Z 1000c55b f   MSRImpl.obj
 0001:0000b587       ?get_Suffix@COPOSMSR@@UAGJPAPA_W@Z 1000c587 f   MSRImpl.obj
 0001:0000b5a0       ?get_Surname@COPOSMSR@@UAGJPAPA_W@Z 1000c5a0 f   MSRImpl.obj
 0001:0000b5b9       ?get_Title@COPOSMSR@@UAGJPAPA_W@Z 1000c5b9 f   MSRImpl.obj
 0001:0000b5d2       ?get_Track1Data@COPOSMSR@@UAGJPAPA_W@Z 1000c5d2 f   MSRImpl.obj
 0001:0000b5eb       ?get_Track1DiscretionaryData@COPOSMSR@@UAGJPAPA_W@Z 1000c5eb f   MSRImpl.obj
 0001:0000b604       ?get_Track1EncryptedData@COPOSMSR@@UAGJPAPA_W@Z 1000c604 f   MSRImpl.obj
 0001:0000b61d       ?get_Track1EncryptedDataLength@COPOSMSR@@UAGJPAJ@Z 1000c61d f   MSRImpl.obj
 0001:0000b636       ?get_Track2Data@COPOSMSR@@UAGJPAPA_W@Z 1000c636 f   MSRImpl.obj
 0001:0000b64f       ?get_Track2DiscretionaryData@COPOSMSR@@UAGJPAPA_W@Z 1000c64f f   MSRImpl.obj
 0001:0000b668       ?get_Track2EncryptedData@COPOSMSR@@UAGJPAPA_W@Z 1000c668 f   MSRImpl.obj
 0001:0000b681       ?get_Track2EncryptedDataLength@COPOSMSR@@UAGJPAJ@Z 1000c681 f   MSRImpl.obj
 0001:0000b69a       ?get_Track3Data@COPOSMSR@@UAGJPAPA_W@Z 1000c69a f   MSRImpl.obj
 0001:0000b6b3       ?get_Track3EncryptedData@COPOSMSR@@UAGJPAPA_W@Z 1000c6b3 f   MSRImpl.obj
 0001:0000b6cc       ?get_Track3EncryptedDataLength@COPOSMSR@@UAGJPAJ@Z 1000c6cc f   MSRImpl.obj
 0001:0000b6e5       ?get_Track4Data@COPOSMSR@@UAGJPAPA_W@Z 1000c6e5 f   MSRImpl.obj
 0001:0000b6fe       ?get_Track4EncryptedData@COPOSMSR@@UAGJPAPA_W@Z 1000c6fe f   MSRImpl.obj
 0001:0000b717       ?get_Track4EncryptedDataLength@COPOSMSR@@UAGJPAJ@Z 1000c717 f   MSRImpl.obj
 0001:0000b730       ?get_TracksToRead@COPOSMSR@@UAGJPAJ@Z 1000c730 f   MSRImpl.obj
 0001:0000b749       ?get_TracksToWrite@COPOSMSR@@UAGJPAJ@Z 1000c749 f   MSRImpl.obj
 0001:0000b762       ?get_TransmitSentinels@COPOSMSR@@UAGJPAF@Z 1000c762 f   MSRImpl.obj
 0001:0000b77b       ?get_WriteCardType@COPOSMSR@@UAGJPAPA_W@Z 1000c77b f   MSRImpl.obj
 0001:0000b794       ?put_AutoDisable@COPOSMSR@@UAGJF@Z 1000c794 f   MSRImpl.obj
 0001:0000b7b1       ?put_BinaryConversion@COPOSMSR@@UAGJJ@Z 1000c7b1 f   MSRImpl.obj
 0001:0000b7c7       ?put_DataEncryptionAlgorithm@COPOSMSR@@UAGJJ@Z 1000c7c7 f   MSRImpl.obj
 0001:0000b7e0       ?put_DataEventEnabled@COPOSMSR@@UAGJF@Z 1000c7e0 f   MSRImpl.obj
 0001:0000b7fd       ?put_DecodeData@COPOSMSR@@UAGJF@Z 1000c7fd f   MSRImpl.obj
 0001:0000b81d       ?put_DeviceEnabled@COPOSMSR@@UAGJF@Z 1000c81d f   MSRImpl.obj
 0001:0000b83a       ?put_ErrorReportingType@COPOSMSR@@UAGJJ@Z 1000c83a f   MSRImpl.obj
 0001:0000b853       ?put_FreezeEvents@COPOSMSR@@UAGJF@Z 1000c853 f   MSRImpl.obj
 0001:0000b89f       ?put_ParseDecodeData@COPOSMSR@@UAGJF@Z 1000c89f f   MSRImpl.obj
 0001:0000b89f       ?put_ParseDecodedData@COPOSMSR@@UAGJF@Z 1000c89f f   MSRImpl.obj
 0001:0000b8bf       ?put_PowerNotify@COPOSMSR@@UAGJJ@Z 1000c8bf f   MSRImpl.obj
 0001:0000b8d5       ?put_TracksToRead@COPOSMSR@@UAGJJ@Z 1000c8d5 f   MSRImpl.obj
 0001:0000b8ee       ?put_TracksToWrite@COPOSMSR@@UAGJJ@Z 1000c8ee f   MSRImpl.obj
 0001:0000b907       ?put_TransmitSentinels@COPOSMSR@@UAGJF@Z 1000c907 f   MSRImpl.obj
 0001:0000b927       ?put_WriteCardType@COPOSMSR@@UAGJPA_W@Z 1000c927 f   MSRImpl.obj
 0001:0000b940       ?s_EventWindowProc@COPOSMSR@@KGJPAUHWND__@@IIJ@Z 1000c940 f i MSRImpl.obj
 0001:0000b992       ??_U@YAPAXI@Z              1000c992 f   LIBCMT:new_array.obj
 0001:0000b99b       ??3@YAXPAXI@Z              1000c99b f   LIBCMT:delete_scalar_size.obj
 0001:0000b9a9       ??_V@YAXPAX@Z              1000c9a9 f   LIBCMT:delete_array.obj
 0001:0000b9ae       ??_V@YAXPAXI@Z             1000c9ae f   LIBCMT:delete_array_size.obj
 0001:0000ba00       ___scrt_acquire_startup_lock 1000ca00 f   LIBCMT:utility.obj
 0001:0000ba32       ___scrt_dllmain_after_initialize_c 1000ca32 f   LIBCMT:utility.obj
 0001:0000ba5d       ___scrt_dllmain_before_initialize_c 1000ca5d f   LIBCMT:utility.obj
 0001:0000ba6b       ___scrt_dllmain_crt_thread_attach 1000ca6b f   LIBCMT:utility.obj
 0001:0000ba8a       ___scrt_dllmain_crt_thread_detach 1000ca8a f   LIBCMT:utility.obj
 0001:0000ba97       ___scrt_dllmain_exception_filter 1000ca97 f   LIBCMT:utility.obj
 0001:0000bacb       ___scrt_dllmain_uninitialize_c 1000cacb f   LIBCMT:utility.obj
 0001:0000baee       ___scrt_dllmain_uninitialize_critical 1000caee f   LIBCMT:utility.obj
 0001:0000bafb       ___scrt_initialize_crt     1000cafb f   LIBCMT:utility.obj
 0001:0000bb34       ___scrt_initialize_onexit_tables 1000cb34 f   LIBCMT:utility.obj
 0001:0000bbbb       ___scrt_is_nonwritable_in_current_image 1000cbbb f   LIBCMT:utility.obj
 0001:0000bc4f       ___scrt_release_startup_lock 1000cc4f f   LIBCMT:utility.obj
 0001:0000bc6c       ___scrt_uninitialize_crt   1000cc6c f   LIBCMT:utility.obj
 0001:0000bc94       __onexit                   1000cc94 f   LIBCMT:utility.obj
 0001:0000bcc1       _atexit                    1000ccc1 f   LIBCMT:utility.obj
 0001:0000bcd6       ??3@YAXPAX@Z               1000ccd6 f   LIBCMT:delete_scalar.obj
 0001:0000bda0       __Init_thread_footer       1000cda0 f   LIBCMT:thread_safe_statics.obj
 0001:0000bdea       __Init_thread_header       1000cdea f   LIBCMT:thread_safe_statics.obj
 0001:0000be3c       __Init_thread_notify       1000ce3c f   LIBCMT:thread_safe_statics.obj
 0001:0000be72       __Init_thread_wait         1000ce72 f   LIBCMT:thread_safe_statics.obj
 0001:0000bec0       ___raise_securityfailure   1000cec0 f   LIBCMT:gs_report.obj
 0001:0000bee8       ___report_gsfailure        1000cee8 f   LIBCMT:gs_report.obj
 0001:0000bfe1       ___report_rangecheckfailure 1000cfe1 f   LIBCMT:gs_report.obj
 0001:0000bfed       ___report_securityfailure  1000cfed f   LIBCMT:gs_report.obj
 0001:0000c0bb       ??2@YAPAXIABUnothrow_t@std@@@Z 1000d0bb f   LIBCMT:new_scalar_nothrow.obj
 0001:0000c10b       ??_U@YAPAXIABUnothrow_t@std@@@Z 1000d10b f   LIBCMT:new_array_nothrow.obj
 0001:0000c114       @__security_check_cookie@4 1000d114 f   LIBCMT:secchk.obj
 0001:0000c130       __SEH_prolog4_GS           1000d130 f   LIBCMT:sehprolg4gs.obj
 0001:0000c179       __SEH_epilog4_GS           1000d179 f   LIBCMT:sehprolg4gs.obj
 0001:0000c190       __alloca_probe_16          1000d190 f   LIBCMT:alloca16.obj
 0001:0000c1a6       __alloca_probe_8           1000d1a6     LIBCMT:alloca16.obj
 0001:0000c1c0       __chkstk                   1000d1c0 f   LIBCMT:chkstk.obj
 0001:0000c1c0       __alloca_probe             1000d1c0 f   LIBCMT:chkstk.obj
 0001:0000c528       __DllMainCRTStartup@12     1000d528 f   LIBCMT:dll_dllmain.obj
 0001:0000c54b       ??2@YAPAXI@Z               1000d54b f   LIBCMT:new_scalar.obj
 0001:0000c57b       ___isa_available_init      1000d57b f   LIBCMT:cpu_disp.obj
 0001:0000c74b       ___scrt_is_ucrt_dll_in_use 1000d74b f   LIBCMT:ucrt_detection.obj
 0001:0000c757       ___scrt_fastfail           1000d757 f   LIBCMT:utility_desktop.obj
 0001:0000c871       __crt_debugger_hook        1000d871 f   LIBCMT:utility_desktop.obj
 0001:0000c880       __SEH_prolog4              1000d880 f   LIBCMT:sehprolg4.obj
 0001:0000c8c6       __SEH_epilog4              1000d8c6 f   LIBCMT:sehprolg4.obj
 0001:0000c8db       @_guard_check_icall_nop@4  1000d8db f i LIBCMT:guard_support.obj
 0001:0000c929       ___security_init_cookie    1000d929 f   LIBCMT:gs_support.obj
 0001:0000c974       ?__scrt_initialize_type_info@@YAXXZ 1000d974 f   LIBCMT:tncleanup.obj
 0001:0000c980       ?__scrt_uninitialize_type_info@@YAXXZ 1000d980 f   LIBCMT:tncleanup.obj
 0001:0000c98c       ___local_stdio_scanf_options 1000d98c f i LIBCMT:default_local_stdio_options.obj
 0001:0000c992       ___scrt_initialize_default_local_stdio_options 1000d992 f   LIBCMT:default_local_stdio_options.obj
 0001:0000c9af       ___scrt_get_dyn_tls_init_callback 1000d9af f   LIBCMT:dyn_tls_init.obj
 0001:0000c9b5       __RTC_Initialize           1000d9b5 f   LIBCMT:initsect.obj
 0001:0000c9e1       __RTC_Terminate            1000d9e1 f   LIBCMT:initsect.obj
 0001:0000ca0d       ??0bad_alloc@std@@QAE@ABV01@@Z 1000da0d f i LIBCMT:throw_bad_alloc.obj
 0001:0000ca28       ??0bad_alloc@std@@QAE@XZ   1000da28 f i LIBCMT:throw_bad_alloc.obj
 0001:0000ca40       ??0bad_array_new_length@std@@QAE@ABV01@@Z 1000da40 f i LIBCMT:throw_bad_alloc.obj
 0001:0000ca5b       ??0bad_array_new_length@std@@QAE@XZ 1000da5b f i LIBCMT:throw_bad_alloc.obj
 0001:0000ca73       ??0exception@std@@QAE@ABV01@@Z 1000da73 f i LIBCMT:throw_bad_alloc.obj
 0001:0000ca9f       ??1bad_alloc@std@@UAE@XZ   1000da9f f i LIBCMT:throw_bad_alloc.obj
 0001:0000ca9f       ??1bad_array_new_length@std@@UAE@XZ 1000da9f f i LIBCMT:throw_bad_alloc.obj
 0001:0000ca9f       ??1bad_exception@std@@UAE@XZ 1000da9f f i libvcruntime:frame.obj
 0001:0000cab0       ??_Gbad_exception@std@@UAEPAXI@Z 1000dab0 f i libvcruntime:frame.obj
 0001:0000cab0       ??_Gexception@std@@UAEPAXI@Z 1000dab0 f i LIBCMT:throw_bad_alloc.obj
 0001:0000cab0       ??_Ebad_exception@std@@UAEPAXI@Z 1000dab0 f i libvcruntime:frame.obj
 0001:0000cab0       ??_Eexception@std@@UAEPAXI@Z 1000dab0 f i LIBCMT:throw_bad_alloc.obj
 0001:0000cab0       ??_Gbad_alloc@std@@UAEPAXI@Z 1000dab0 f i LIBCMT:throw_bad_alloc.obj
[...]
 0002:00002f00       ?strings@?1??fp_format_nan_or_infinity@@YAHW4__acrt_fp_class@@_NPADI1@Z@4QAY03QBDA 10022f00     libucrt:cvt.obj
 0002:00003448       ?_mb_locale_names@@3QBQB_WB 10023448     libucrt:mbctype.obj
 0002:00003c90       ?LcidToLocaleNameTable@?A0x881e4c05@@3QBULcidToLocaleName@1@B 10023c90     libucrt:lcidtoname_downlevel.obj
 0002:00004db8       ?LocaleNameToIndexTable@?A0x881e4c05@@3QBULocaleNameIndex@1@B 10024db8     libucrt:lcidtoname_downlevel.obj
 0002:00006610       ?large_power_indices@?1??multiply_by_power_of_ten@__crt_strtox@@YA_NAAUbig_integer@2@I@Z@4QBUunpack_index@?1??12@YA_N0I@Z@B 10026610     libucrt:cfout.obj
 0002:000066f0       LOG_name                   100266f0     libucrt:log10_impl.obj
 0002:00006700       _One                       10026700     libucrt:ceil_pentium4.obj
 0002:00006710       _Bns                       10026710     libucrt:ceil_pentium4.obj
 0002:00006720       _Zero                      10026720     libucrt:ceil_pentium4.obj
 0002:00006730       _S                         10026730     libucrt:ceil_pentium4.obj
 0002:00006740       _NegZero                   10026740     libucrt:ceil_pentium4.obj
 0002:00006750       emask                      10026750     libucrt:log10_pentium4.obj
 0002:00006760       CC                         10026760     libucrt:log10_pentium4.obj
 0002:00006770       Magic                      10026770     libucrt:log10_pentium4.obj
 0002:00006780       hi_mask                    10026780     libucrt:log10_pentium4.obj
 0002:00006790       LOG10_2                    10026790     libucrt:log10_pentium4.obj
 0002:000067a0       place_L                    100267a0     libucrt:log10_pentium4.obj
 0002:000067c0       One                        100267c0     libucrt:log10_pentium4.obj
 0002:000067d0       Zero                       100267d0     libucrt:log10_pentium4.obj
 0002:000067e0       Two52                      100267e0     libucrt:log10_pentium4.obj
 0002:000067f0       Infs                       100267f0     libucrt:log10_pentium4.obj
 0002:00006800       NaN                        10026800     libucrt:log10_pentium4.obj
 0002:00006810       coeff                      10026810     libucrt:log10_pentium4.obj
 0002:0000686e       _log2max                   1002686e     libucrt:87tran.obj
 0002:00006878       _smallarg                  10026878     libucrt:87tran.obj
 0002:00006882       _half                      10026882     libucrt:87tran.obj
 0002:000068ce       One                        100268ce     libucrt:87disp.obj
 0002:000068d6       Three                      100268d6     libucrt:87disp.obj
 0002:000068de       XAMtoTagTab                100268de     libucrt:87disp.obj
 0002:000068f0       One                        100268f0     libucrt:common.obj
 0002:00006904       DblMax                     10026904     libucrt:common.obj
 0002:0000690c       DblMin                     1002690c     libucrt:common.obj
 0002:00006914       IeeeAdjO                   10026914     libucrt:common.obj
 0002:0000691c       IeeeAdjU                   1002691c     libucrt:common.obj
 0002:00006924       _infinity                  10026924     libucrt:common.obj
 0002:0000692c       _zero                      1002692c     libucrt:common.obj
 0002:00006978       _over                      10026978     libucrt:fpctrl.obj
 0002:00006984       _under                     10026984     libucrt:fpctrl.obj
 0002:000071b8       ?_names@?1??_get_fname@@9@9 100271b8     libucrt:fpexcept.obj
 0002:00007360       two32                      10027360     LIBCMT:ftol2.obj
 0002:00007364       two63                      10027364     LIBCMT:ftol2.obj
 0002:00007368       _NaN                       10027368     LIBCMT:ftol2.obj
 0002:00007a10       __sehtable$?_AtlVerifyStackAvailable@_ATL_SAFE_ALLOCA_IMPL@ATL@@YA_NK@Z 10027a10     MSR.obj
 0002:00007a30       __sehtable$___scrt_is_nonwritable_in_current_image 10027a30     LIBCMT:utility.obj
 0002:00007a4c       __catchsym$??2@YAPAXIABUnothrow_t@std@@@Z$2 10027a4c     LIBCMT:new_scalar_nothrow.obj
 0002:00007a5c       __unwindtable$??2@YAPAXIABUnothrow_t@std@@@Z 10027a5c     LIBCMT:new_scalar_nothrow.obj
 0002:00007a6c       __tryblocktable$??2@YAPAXIABUnothrow_t@std@@@Z 10027a6c     LIBCMT:new_scalar_nothrow.obj
 0002:00007a80       __ehfuncinfo$??2@YAPAXIABUnothrow_t@std@@@Z 10027a80     LIBCMT:new_scalar_nothrow.obj
 0002:00007aa8       __sehtable$?dllmain_crt_process_attach@@YAHQAUHINSTANCE__@@QAX@Z 10027aa8     LIBCMT:dll_dllmain.obj
 0002:00007ac8       __sehtable$?dllmain_crt_process_detach@@YAH_N@Z 10027ac8     LIBCMT:dll_dllmain.obj
 0002:00007af0       __sehtable$?dllmain_dispatch@@YAHQAUHINSTANCE__@@KQAX@Z 10027af0     LIBCMT:dll_dllmain.obj
 0002:00007ba0       __sehtable$___DestructExceptionObject 10027ba0     libvcruntime:ehhelpers.obj
 0002:00007bc0       __sehtable$?FrameUnwindToState@__FrameHandler3@@SAXPAUEHRegistrationNode@@PAXPBU_s_FuncInfo@@H@Z 10027bc0     libvcruntime:frame.obj
 0002:00007be8       __sehtable$?CallCatchBlock@@YAPAXPAUEHExceptionRecord@@PAUEHRegistrationNode@@PAU_CONTEXT@@PBU_s_FuncInfo@@PAXHK@Z 10027be8     libvcruntime:frame.obj
 0002:00007c10       __catchsym$?CallUnexpected@@YAXPBU_s_ESTypeList@@@Z$2 10027c10     libvcruntime:frame.obj
 0002:00007c20       __unwindtable$?CallUnexpected@@YAXPBU_s_ESTypeList@@@Z 10027c20     libvcruntime:frame.obj
 0002:00007c30       __tryblocktable$?CallUnexpected@@YAXPBU_s_ESTypeList@@@Z 10027c30     libvcruntime:frame.obj
 0002:00007c44       __ehfuncinfo$?CallUnexpected@@YAXPBU_s_ESTypeList@@@Z 10027c44     libvcruntime:frame.obj
 0002:00007c68       __sehtable$??$BuildCatchObjectHelperInternal@V__FrameHandler3@@@@YAHPAUEHExceptionRecord@@PAXPBU_s_HandlerType@@PBU_s_CatchableType@@@Z 10027c68     libvcruntime:frame.obj
 0002:00007c88       __sehtable$??$BuildCatchObjectInternal@V__FrameHandler3@@@@YAXPAUEHExceptionRecord@@PAXPBU_s_HandlerType@@PBU_s_CatchableType@@@Z 10027c88     libvcruntime:frame.obj
 0002:00007ce0       __sehtable$??R<lambda_6e4b09c48022b2350581041d5f6b0c4c>@@QBE@XZ 10027ce0     libucrt:exit.obj
 0002:00007d00       __sehtable$??$?RV<lambda_03b1d95aef87969028cfba75ccab2455>@@AAV<lambda_6e4b09c48022b2350581041d5f6b0c4c>@@V<lambda_22bdf7517842c4b3e53723af5aa32b9e>@@@?$__crt_seh_guarded_call@X@@QAEX$$QAV<lambda_03b1d95aef87969028cfba75ccab2455>@@AAV<lambda_6e4b09c48022b2350581041d5f6b0c4c>@@$$QAV<lambda_22bdf7517842c4b3e53723af5aa32b9e>@@@Z 10027d00     libucrt:exit.obj
 0002:00007d20       __sehtable$??$?RV<lambda_8e746cf0007f6ed984d6f78af1fec997>@@AAV<lambda_22ebabd17bc4fa466a2aca6d8deb888d>@@V<lambda_18ed0c0b38a6dc0daf1e7ac6d6adf05e>@@@?$__crt_seh_guarded_call@H@@QAEH$$QAV<lambda_8e746cf0007f6ed984d6f78af1fec997>@@AAV<lambda_22ebabd17bc4fa466a2aca6d8deb888d>@@$$QAV<lambda_18ed0c0b38a6dc0daf1e7ac6d6adf05e>@@@Z 10027d20     libucrt:onexit.obj
 0002:00007d40       __sehtable$??$?RV<lambda_69a2805e680e0e292e8ba93315fe43a8>@@AAV<lambda_f03950bc5685219e0bcd2087efbe011e>@@V<lambda_03fcd07e894ec930e3f35da366ca99d6>@@@?$__crt_seh_guarded_call@H@@QAEH$$QAV<lambda_69a2805e680e0e292e8ba93315fe43a8>@@AAV<lambda_f03950bc5685219e0bcd2087efbe011e>@@$$QAV<lambda_03fcd07e894ec930e3f35da366ca99d6>@@@Z 10027d40     libucrt:onexit.obj
 0002:00007d60       __sehtable$__query_new_handler 10027d60     libucrt:new_handler.obj
 0002:00007d80       __sehtable$_terminate      10027d80     libucrt:terminate.obj
 0002:00007da0       __sehtable$??$?RV<lambda_15ade71b0218206bbe3333a0c9b79046>@@AAV<lambda_da44e0f8b0f19ba52fefafb335991732>@@V<lambda_207f2d024fc103971653565357d6cd41>@@@?$__crt_seh_guarded_call@X@@QAEX$$QAV<lambda_15ade71b0218206bbe3333a0c9b79046>@@AAV<lambda_da44e0f8b0f19ba52fefafb335991732>@@$$QAV<lambda_207f2d024fc103971653565357d6cd41>@@@Z 10027da0     libucrt:per_thread_data.obj
 0002:00007dc0       __sehtable$??$?RV<lambda_a7e850c220f1c8d1e6efeecdedd162c6>@@AAV<lambda_46720907175c18b6c9d2717bc0d2d362>@@V<lambda_9048902d66e8d99359bc9897bbb930a8>@@@?$__crt_seh_guarded_call@X@@QAEX$$QAV<lambda_a7e850c220f1c8d1e6efeecdedd162c6>@@AAV<lambda_46720907175c18b6c9d2717bc0d2d362>@@$$QAV<lambda_9048902d66e8d99359bc9897bbb930a8>@@@Z 10027dc0     libucrt:per_thread_data.obj
 0002:00007de0       __sehtable$??$?RV<lambda_38edbb1296d33220d7e4dd0ed76b244a>@@AAV<lambda_5ce1d447e08cb34b2473517608e21441>@@V<lambda_fb385d3da700c9147fc39e65dd577a8c>@@@?$__crt_seh_guarded_call@X@@QAEX$$QAV<lambda_38edbb1296d33220d7e4dd0ed76b244a>@@AAV<lambda_5ce1d447e08cb34b2473517608e21441>@@$$QAV<lambda_fb385d3da700c9147fc39e65dd577a8c>@@@Z 10027de0     libucrt:per_thread_data.obj
 0002:00007e00       __sehtable$??$?RV<lambda_6affb1475c98b40b75cdec977db92e3c>@@AAV<lambda_b8d4b9c228a6ecc3f80208dbb4b4a104>@@V<lambda_608742c3c92a14382c1684fc64f96c88>@@@?$__crt_seh_guarded_call@X@@QAEX$$QAV<lambda_6affb1475c98b40b75cdec977db92e3c>@@AAV<lambda_b8d4b9c228a6ecc3f80208dbb4b4a104>@@$$QAV<lambda_608742c3c92a14382c1684fc64f96c88>@@@Z 10027e00     libucrt:per_thread_data.obj
 0002:00007e20       __sehtable$??$?RV<lambda_e5124f882df8998aaf41531e079ba474>@@AAV<lambda_3e16ef9562a7dcce91392c22ab16ea36>@@V<lambda_e25ca0880e6ef98be67edffd8c599615>@@@?$__crt_seh_guarded_call@X@@QAEX$$QAV<lambda_e5124f882df8998aaf41531e079ba474>@@AAV<lambda_3e16ef9562a7dcce91392c22ab16ea36>@@$$QAV<lambda_e25ca0880e6ef98be67edffd8c599615>@@@Z 10027e20     libucrt:wsetlocale.obj
 0002:00007e40       __sehtable$___acrt_initialize_lowio 10027e40     libucrt:ioinit.obj
 0002:00007e60       __sehtable$?update_thread_multibyte_data_internal@@YAPAU__crt_multibyte_data@@QAU__acrt_ptd@@QAPAU1@@Z 10027e60     libucrt:mbctype.obj
 0002:00007e80       __sehtable$??$?RV<lambda_ceb1ee4838e85a9d631eb091e2fbe199>@@AAV<lambda_ae742caa10f662c28703da3d2ea5e57e>@@V<lambda_cd08b5d6af4937fe54fc07d0c9bf6b37>@@@?$__crt_seh_guarded_call@X@@QAEX$$QAV<lambda_ceb1ee4838e85a9d631eb091e2fbe199>@@AAV<lambda_ae742caa10f662c28703da3d2ea5e57e>@@$$QAV<lambda_cd08b5d6af4937fe54fc07d0c9bf6b37>@@@Z 10027e80     libucrt:mbctype.obj
 0002:00007ea0       __sehtable$_raise          10027ea0     libucrt:signal.obj
 0002:00007ec0       __sehtable$??$?RV<lambda_cbab9ec6f41b0180b23cc171c22676b0>@@AAV<lambda_44731a7d0e6d81c3e6aa82d741081786>@@V<lambda_4b292cb8dd18144e164572427af410ab>@@@?$__crt_seh_guarded_call@P6AXH@Z@@QAEP6AXH@Z$$QAV<lambda_cbab9ec6f41b0180b23cc171c22676b0>@@AAV<lambda_44731a7d0e6d81c3e6aa82d741081786>@@$$QAV<lambda_4b292cb8dd18144e164572427af410ab>@@@Z 10027ec0     libucrt:signal.obj
 0002:00007ee0       __sehtable$??$?RV<lambda_2866be3712abc81a800a822484c830d8>@@AAV<lambda_39ca0ed439415581b5b15c265174cece>@@V<lambda_2b24c74d71094a6cd0cb82e44167d71b>@@@?$__crt_seh_guarded_call@X@@QAEX$$QAV<lambda_2866be3712abc81a800a822484c830d8>@@AAV<lambda_39ca0ed439415581b5b15c265174cece>@@$$QAV<lambda_2b24c74d71094a6cd0cb82e44167d71b>@@@Z 10027ee0     libucrt:fflush.obj
 0002:00007f00       __sehtable$??$?RV<lambda_2cc53f568c5a2bb6f192f930a45d44ea>@@AAV<lambda_ab61a845afdef5b7c387490eaf3616ee>@@V<lambda_c2ffc0b7726aa6be21d5f0026187e748>@@@?$__crt_seh_guarded_call@X@@QAEX$$QAV<lambda_2cc53f568c5a2bb6f192f930a45d44ea>@@AAV<lambda_ab61a845afdef5b7c387490eaf3616ee>@@$$QAV<lambda_c2ffc0b7726aa6be21d5f0026187e748>@@@Z 10027f00     libucrt:fflush.obj
 0002:00007f20       __sehtable$___acrt_update_thread_locale_data 10027f20     libucrt:locale_refcounting.obj
 0002:00007f40       __sehtable$__fcloseall     10027f40     libucrt:closeall.obj
 0002:00007f60       __sehtable$___acrt_lowio_ensure_fh_exists 10027f60     libucrt:osfinfo.obj
 0002:00007f80       __sehtable$??$?RV<lambda_9e9de3de5fa147e2223d7db92bc10aa6>@@AAV<lambda_38ce7e780aa69e748d6df282ebc68efe>@@V<lambda_8ca6da459f0f6780f1cff60fdc3d00e5>@@@?$__crt_seh_guarded_call@H@@QAEH$$QAV<lambda_9e9de3de5fa147e2223d7db92bc10aa6>@@AAV<lambda_38ce7e780aa69e748d6df282ebc68efe>@@$$QAV<lambda_8ca6da459f0f6780f1cff60fdc3d00e5>@@@Z 10027f80     libucrt:commit.obj
 0002:00007fa0       __sehtable$__write         10027fa0     libucrt:write.obj
 0002:00007fc0       __sehtable$_fclose         10027fc0     libucrt:fclose.obj
 0002:00007fe0       __sehtable$??$?RV<lambda_218ce3db14220d0be481dae8ef3383b6>@@AAV<lambda_628dfdc04ba53c8bfc02c9951375f3f5>@@V<lambda_57dc472bd5c9d5f3b2cbca59b8a843ae>@@@?$__crt_seh_guarded_call@H@@QAEH$$QAV<lambda_218ce3db14220d0be481dae8ef3383b6>@@AAV<lambda_628dfdc04ba53c8bfc02c9951375f3f5>@@$$QAV<lambda_57dc472bd5c9d5f3b2cbca59b8a843ae>@@@Z 10027fe0     libucrt:close.obj
 0002:00008000       __sehtable$__IsNonwritableInCurrentImage 10028000     LIBCMT:pesect.obj
 0002:00008030       .edata                     10028030     OPOSMSR.exp
 0002:00008058       rgpv                       10028058     OPOSMSR.exp
 0002:00008068       rgszName                   10028068     OPOSMSR.exp
 0002:00008078       rgwOrd                     10028078     OPOSMSR.exp
 0002:00008080       szName                     10028080     OPOSMSR.exp
 0002:0000808c       $N00001                    1002808c     OPOSMSR.exp
 0002:0000809c       $N00002                    1002809c     OPOSMSR.exp
 0002:000080ae       $N00003                    100280ae     OPOSMSR.exp
 0002:000080c0       $N00004                    100280c0     OPOSMSR.exp
 0002:000086d2       .idata$6                   100286d2     kernel32:KERNEL32.dll
 0002:000088e6       .idata$6                   100288e6     user32:USER32.dll
 0002:00008a1a       .idata$6                   10028a1a     gdi32:GDI32.dll
 0002:00008ac0       .idata$6                   10028ac0     advapi32:ADVAPI32.dll
 0002:00008bdc       .idata$6                   10028bdc     ole32:ole32.dll
 0002:00008be6       .idata$6                   10028be6     oleaut32:OLEAUT32.dll
 0003:00000110       ?ObjectMap@@3PAU_ATL_OBJMAP_ENTRY30@ATL@@A 1002a110     MSR.obj
 0003:000001b8       ?s_SOMethodNames@@3PAPADA  1002a1b8     MSRImpl.obj
 0003:0000021c       ?s_RequiredMethodsPerRelease@@3PAHA 1002a21c     MSRImpl.obj
 0003:00000270       ?__vcrt_flsindex@@3KA      1002a270     libvcruntime:per_thread_data.obj
 0003:00000290       ?errno_no_memory@@3HA      1002a290     libucrt:errno.obj
 0003:00000294       ?doserrno_no_memory@@3KA   1002a294     libucrt:errno.obj
 0003:000002a0       ?__acrt_flsindex@@3KA      1002a2a0     libucrt:per_thread_data.obj
 0003:00000638       __mbctypes                 1002a638     libucrt:mbctype.obj
 0003:00000740       __mbcasemaps               1002a740     libucrt:mbctype.obj
 0003:00000840       ?__rgctypeflag@@3PADA      1002a840     libucrt:mbctype.obj
 0003:00000848       ?__rgcode_page_info@@3PAUcode_page_info@@A 1002a848     libucrt:mbctype.obj
 0003:00000aa0       ?__dcrt_lowio_console_output_handle@@3PAXA 1002aaa0     libucrt:initcon.obj
 0003:00000c38       ?is_initialized_as_dll@@3_NA 1002ac38     LIBCMT:utility.obj
 0003:00000c39       ?module_local_atexit_table_initialized@@3_NA 1002ac39     LIBCMT:utility.obj
 0003:00000c3c       ?module_local_atexit_table@@3U_onexit_table_t@@A 1002ac3c     LIBCMT:utility.obj
 0003:00000c48       ?module_local_at_quick_exit_table@@3U_onexit_table_t@@A 1002ac48     LIBCMT:utility.obj
 0003:00000c54       ?g_tss_cv@@3U_RTL_CONDITION_VARIABLE@@A 1002ac54     LIBCMT:thread_safe_statics.obj
 0003:00000c58       ?g_tss_event@@3PAXA        1002ac58     LIBCMT:thread_safe_statics.obj
 0003:00000c5c       ?g_tss_mutex@@3U_RTL_CRITICAL_SECTION@@A 1002ac5c     LIBCMT:thread_safe_statics.obj
 0003:00000c74       ?g_sleep_condition_variable_cs@@3P6GHPAU_RTL_CONDITION_VARIABLE@@PAU_RTL_CRITICAL_SECTION@@K@ZA 1002ac74     LIBCMT:thread_safe_statics.obj
 0003:00000c78       ?g_wake_all_condition_variable@@3P6GXPAU_RTL_CONDITION_VARIABLE@@@ZA 1002ac78     LIBCMT:thread_safe_statics.obj
 0003:00000c80       _GS_ExceptionRecord        1002ac80     LIBCMT:gs_report.obj
 0003:00000cd0       _GS_ContextRecord          1002acd0     LIBCMT:gs_report.obj
 0003:00000fa0       ?__proc_attached@@3HA      1002afa0     LIBCMT:dll_dllmain.obj
 0003:00000ffc       ?AllocateData@@3P6GPAUAtlThunkData_t@@XZA 1002affc     atls:atlthunk.obj
 0003:00001000       ?InitData@@3P6GXPAUAtlThunkData_t@@PAXI@ZA 1002b000     atls:atlthunk.obj
 0003:00001004       ?DataToCode@@3P6GP6GJPAUHWND__@@IIJ@ZPAUAtlThunkData_t@@@ZA 1002b004     atls:atlthunk.obj
 0003:00001008       ?FreeData@@3P6GXPAUAtlThunkData_t@@@ZA 1002b008     atls:atlthunk.obj
 0003:0000100c       ?Initialized@@3_NA         1002b00c     atls:atlthunk.obj
 0003:0000101c       ?__vcrt_startup_thread_ptd@@3U__vcrt_ptd@@A 1002b01c     libvcruntime:per_thread_data.obj
 0003:00001044       ___vcrt_lock_table         1002b044     libvcruntime:locks.obj
 0003:0000105c       ___vcrt_locks_initialized  1002b05c     libvcruntime:locks.obj
 0003:00001088       ?heap@@3V_HeapManager@@A   1002b088     libvcruntime:undname.obj
 0003:0000109c       ?module_handles@@3PAPAUHINSTANCE__@@A 1002b09c     libvcruntime:winapi_downlevel.obj
 0003:000010a8       ?function_pointers@@3PAPAXA 1002b0a8     libvcruntime:winapi_downlevel.obj
 0003:000010bc       ?__acrt_invalid_parameter_handler@@3V?$dual_state_global@P6AXPB_W00II@Z@__crt_state_management@@A 1002b0bc     libucrt:invalid_parameter.obj
 0003:000010c0       ?c_termination_complete@@3JA 1002b0c0     libucrt:exit.obj
 0003:000010c4       ?thread_local_exit_callback_func@@3P6GXPAXK0@ZA 1002b0c4     libucrt:exit.obj
 0003:000010d0       ?program_name@?1???$common_configure_argv@D@@YAHW4_crt_argv_mode@@@Z@4PADA 1002b0d0     libucrt:argv_parsing.obj
 0003:00001200       ?__acrt_new_handler@@3V?$dual_state_global@P6AHI@Z@__crt_state_management@@A 1002b200     libucrt:new_handler.obj
 0003:00001208       ?module_handles@@3PAPAUHINSTANCE__@@A 1002b208     libucrt:winapi_thunks.obj
 0003:00001258       ?encoded_function_pointers@@3PAPAXA 1002b258     libucrt:winapi_thunks.obj
 0003:000012e0       ?internal_state@?1??_mbtowc_l@@9@4U_Mbstatet@@A 1002b2e0     libucrt:mbtowc.obj
 0003:000012f0       ?enable_percent_n@@3IA     1002b2f0     libucrt:printf_count_output.obj
 0003:00001510       ?__acrt_lock_table@@3PAU_RTL_CRITICAL_SECTION@@A 1002b510     libucrt:locks.obj
 0003:00001660       ?__acrt_locks_initialized@@3IA 1002b660     libucrt:locks.obj
 0003:00001670       ?fSystemSet@@3HA           1002b670     libucrt:mbctype.obj
 0003:00001674       ?initialized@?1??__acrt_initialize_multibyte@@9@4_NA 1002b674     libucrt:mbctype.obj
 0003:00001694       ?ctrlc_action@@3V?$dual_state_global@P6AXH@Z@__crt_state_management@@A 1002b694     libucrt:signal.obj
 0003:00001698       ?ctrlbreak_action@@3V?$dual_state_global@P6AXH@Z@__crt_state_management@@A 1002b698     libucrt:signal.obj
 0003:0000169c       ?abort_action@@3V?$dual_state_global@P6AXH@Z@__crt_state_management@@A 1002b69c     libucrt:signal.obj
 0003:000016a0       ?term_action@@3V?$dual_state_global@P6AXH@Z@__crt_state_management@@A 1002b6a0     libucrt:signal.obj
 0003:000016a4       ?user_matherr@@3V?$dual_state_global@P6AHPAU_exception@@@Z@__crt_state_management@@A 1002b6a4     libucrt:matherr.obj
 0003:000016a8       ?__acrt_global_new_mode@@3V?$dual_state_global@J@__crt_state_management@@A 1002b6a8     libucrt:new_mode.obj
 0003:000016b4       ?internal_pst@?1??__mbrtoc32_utf8@__crt_mbstring@@YAIPA_UPBDIPAU_Mbstatet@@@Z@4U3@A 1002b6b4     libucrt:mbrtoc32.obj
 0003:000016bc       ?__acrt_app_type@@3W4_crt_app_type@@A 1002b6bc     libucrt:report_runtime_error.obj
 0003:000016c4       __pmatherr_set             1002b6c4     libucrt:libm_error.obj
 0004:00000220       $R000000                   1002c220     MSR.res
 0004:00000b90       $R000970                   1002cb90     MSR.res
 0004:00000c78       $R000A58                   1002cc78     MSR.res
 0004:00000ee0       $R000CC0                   1002cee0     MSR.res
 0004:00001410       $R0011F0                   1002d410     MSR.res
 0004:00005c00       $R0059E0                   10031c00     MSR.res
 0004:00005c28       $R005A08                   10031c28     MSR.res
