 OPOSPOSPower

 Timestamp is 5ed45950 (Mon Jun  1 10:26:40 2020)

 Preferred load address is 10000000

 Start         Length     Name                   Class
 0001:00000000 00000080H .text$di                CODE
 0001:00000080 0001dfb3H .text$mn                CODE
 0001:0001e033 00000036H .text$x                 CODE
 0001:0001e069 00000042H .text$yd                CODE
 0002:00000000 000002fcH .idata$5                DATA
 0002:000002fc 00000004H .00cfg                  DATA
 0002:00000300 00000004H .CRT$XCA                DATA
 0002:00000304 00000004H .CRT$XCL                DATA
 0002:00000308 00000010H .CRT$XCU                DATA
 0002:00000318 00000004H .CRT$XCZ                DATA
 0002:0000031c 00000004H .CRT$XIA                DATA
 0002:00000320 00000010H .CRT$XIC                DATA
 0002:00000330 00000004H .CRT$XIZ                DATA
 0002:00000334 00000004H .CRT$XLA                DATA
 0002:00000338 00000004H .CRT$XLZ                DATA
 0002:0000033c 00000004H .CRT$XPA                DATA
 0002:00000340 00000008H .CRT$XPX                DATA
 0002:00000348 00000004H .CRT$XPXA               DATA
 0002:0000034c 00000004H .CRT$XPZ                DATA
 0002:00000350 00000004H .CRT$XTA                DATA
 0002:00000354 0000000cH .CRT$XTZ                DATA
 0002:00000358 00000000H .gfids$y                DATA
 0002:00000360 00007298H .rdata                  DATA
 0002:000075f8 00000018H .rdata$T                DATA
 0002:00007610 00000178H .rdata$r                DATA
 0002:00007788 0000001cH .rdata$sxdata           DATA
 0002:000077a4 000003dcH .rdata$zzzdbg           DATA
 0002:00007b80 00000004H .rtc$IAA                DATA
 0002:00007b84 00000004H .rtc$IZZ                DATA
 0002:00007b88 00000004H .rtc$TAA                DATA
 0002:00007b8c 00000004H .rtc$TZZ                DATA
 0002:00007b90 00000004H .tls                    DATA
 0002:00007b94 00000004H .tls$                   DATA
 0002:00007b98 00000008H .tls$ZZZ                DATA
 0002:00007ba0 0000062cH .xdata$x                DATA
 0002:000081cc 00000004H ATL$__a                 DATA
 0002:000081d0 00000010H ATL$__z                 DATA
 0002:000081e0 000000acH .edata                  DATA
 0002:0000828c 00000078H .idata$2                DATA
 0002:00008304 00000014H .idata$3                DATA
 0002:00008318 000002fcH .idata$4                DATA
 0002:00008614 00000bceH .idata$6                DATA
 0003:00000000 00000aa0H .data                   DATA
 0003:00000aa0 00000098H .data$r                 DATA
 0003:00000b38 00000b80H .bss                    DATA
 0004:00000000 00000220H .rsrc$01                DATA
 0004:00000220 000043d0H .rsrc$02                DATA

  Address         Publics by Value              Rva+Base       Lib:Object

 0000:00000000       ___arm64x_redirection_metadata 00000000     <absolute>
 0000:00000000       ___guard_iat_count         00000000     <absolute>
 0000:00000000       ___x64_code_ranges_to_entry_points 00000000     <absolute>
 0000:00000000       ___guard_fids_count        00000000     <absolute>
 0000:00000000       ___guard_longjmp_table     00000000     <absolute>
 0000:00000000       ___hybrid_code_map_count   00000000     <absolute>
 0000:00000000       ___dynamic_value_reloc_table 00000000     <absolute>
 0000:00000000       ___guard_longjmp_count     00000000     <absolute>
 0000:00000000       __except_list              00000000     <absolute>
 0000:00000000       ___arm64x_native_entrypoint 00000000     <absolute>
 0000:00000000       ___guard_fids_table        00000000     <absolute>
 0000:00000000       ___guard_eh_cont_count     00000000     <absolute>
 0000:00000000       ___hybrid_auxiliary_iat    00000000     <absolute>
 0000:00000000       ___guard_iat_table         00000000     <absolute>
 0000:00000000       ___volatile_metadata       00000000     <absolute>
 0000:00000000       ___enclave_config          00000000     <absolute>
 0000:00000000       ___AbsoluteZero            00000000     <absolute>
 0000:00000000       ___guard_eh_cont_table     00000000     <absolute>
 0000:00000000       ___hybrid_code_map         00000000     <absolute>
 0000:00000007       ___safe_se_handler_count   00000007     <absolute>
 0000:0000002c       __tls_array                0000002c     <absolute>
 0000:00000100       ___guard_flags             00000100     <absolute>
 0000:00000000       ___ImageBase               10000000     <linker-defined>
 0001:00000080       ?DupWide@_CW@@AAEXXZ       10001080 f   CWString.obj
 0001:0000009c       ?cw_dup@@YGXPBDAAHAAPA_W1@Z 1000109c f   CWString.obj
 0001:00000124       ?cw_memcpy@@YGHPA_WPBDH@Z  10001124 f   CWString.obj
 0001:00000150       ?cw_strcpy@@YAHPA_WPBD@Z   10001150 f   CWString.obj
 0001:00000163       ?cw_strlen@@YAHPBD@Z       10001163 f   CWString.obj
 0001:0000017c       ??0CAtlComModule@ATL@@QAE@XZ 1000117c f i OposVariant.obj
 0001:000001c1       ??0CAtlWinModule@ATL@@QAE@XZ 100011c1 f i OposVariant.obj
 0001:000001f8       ??0OposDispParms@@QAE@PAVOposVariant@@H@Z 100011f8 f   OposVariant.obj
 0001:00000269       ??1OposDispParms@@QAE@XZ   10001269 f   OposVariant.obj
 0001:00000277       ??A?$CSimpleArray@GV?$CSimpleArrayEqualHelper@G@ATL@@@ATL@@QAEAAGH@Z 10001277 f i OposVariant.obj
 0001:0000029c       ??_Estringdispid@CComTypeInfoHolder@ATL@@QAEPAXI@Z 1000129c f i OposVariant.obj
 0001:00000308       ?AtlWinModuleInit@ATL@@YGJPAU_ATL_WIN_MODULE70@1@@Z 10001308 f i OposVariant.obj
 0001:0000032e       ?AtlWinModuleTerm@ATL@@YGJPAU_ATL_WIN_MODULE70@1@PAUHINSTANCE__@@@Z 1000132e f i OposVariant.obj
 0001:00000391       ?ChangeBSTR@OposVariant@@QAEXPAPA_WAAJ@Z 10001391 f   OposVariant.obj
 0001:000003d2       ?ChangeLONG@OposVariant@@QAEXPAJAAJ@Z 100013d2 f   OposVariant.obj
 0001:00000413       ?GetLONG@OposVariant@@QAEJXZ 10001413 f   OposVariant.obj
 0001:0000042e       ?Init@CComCriticalSection@ATL@@QAEJXZ 1000142e f i OposVariant.obj
 0001:00000456       ?RemoveAll@?$CSimpleArray@PAUHINSTANCE__@@V?$CSimpleArrayEqualHelper@PAUHINSTANCE__@@@ATL@@@ATL@@QAEXXZ 10001456 f i atls:atlbase.obj
 0001:00000456       ?RemoveAll@?$CSimpleArray@GV?$CSimpleArrayEqualHelper@G@ATL@@@ATL@@QAEXXZ 10001456 f i OposVariant.obj
 0001:00000473       ?SetBSTR@OposVariant@@QAEXPA_WAAJ@Z 10001473 f   OposVariant.obj
 0001:000004a7       ?SetBSTR_Copy@OposVariant@@QAEXPA_WAAJ@Z 100014a7 f   OposVariant.obj
 0001:000004f7       ?SetBSTR_InOutPtr@OposVariant@@QAE_NPAPA_WAAJ@Z 100014f7 f   OposVariant.obj
 0001:0000052e       ?SetDispatch_Ptr@OposVariant@@QAEXPAUIDispatch@@AAJ@Z 1000152e f   OposVariant.obj
 0001:00000569       ?SetLONG@OposVariant@@QAEXJ@Z 10001569 f   OposVariant.obj
 0001:0000058b       ?SetLONG_Ptr@OposVariant@@QAEXPAJAAJ@Z 1000158b f   OposVariant.obj
 0001:000005be       ?SetString@OposVariant@@QAEXPB_WAAJ@Z 100015be f   OposVariant.obj
 0001:00000604       ?SetVARIANT_BOOL@OposVariant@@QAEXF@Z 10001604 f   OposVariant.obj
 0001:0000062e       ?Term@CAtlComModule@ATL@@QAEXXZ 1000162e f i OposVariant.obj
 0001:00000678       ?_AtlRaiseException@ATL@@YAXKK@Z 10001678 f i OposVariant.obj
 0001:0000068d       ?Release@?$CComContainedObject@VCOPOSPOSPower@@@ATL@@WIA@AGKXZ 1000168d f i POSPower.obj
 0001:0000069a       ?QueryInterface@?$CComContainedObject@VCOPOSPOSPower@@@ATL@@WIE@AGJABU_GUID@@PAPAX@Z 1000169a f i POSPower.obj
 0001:000006a7       ?AddRef@?$CComContainedObject@VCOPOSPOSPower@@@ATL@@WIE@AGKXZ 100016a7 f i POSPower.obj
 0001:000006b4       ?Release@?$CComContainedObject@VCOPOSPOSPower@@@ATL@@WIE@AGKXZ 100016b4 f i POSPower.obj
 0001:000006c1       ?QueryInterface@?$CComContainedObject@VCOPOSPOSPower@@@ATL@@WII@AGJABU_GUID@@PAPAX@Z 100016c1 f i POSPower.obj
 0001:000006ce       ?AddRef@?$CComContainedObject@VCOPOSPOSPower@@@ATL@@WII@AGKXZ 100016ce f i POSPower.obj
 0001:000006db       ?Release@?$CComContainedObject@VCOPOSPOSPower@@@ATL@@WII@AGKXZ 100016db f i POSPower.obj
 0001:000006e8       ?QueryInterface@?$CComContainedObject@VCOPOSPOSPower@@@ATL@@WIM@AGJABU_GUID@@PAPAX@Z 100016e8 f i POSPower.obj
 0001:000006f5       ?AddRef@?$CComContainedObject@VCOPOSPOSPower@@@ATL@@WIM@AGKXZ 100016f5 f i POSPower.obj
 0001:00000702       ?Release@?$CComContainedObject@VCOPOSPOSPower@@@ATL@@WIM@AGKXZ 10001702 f i POSPower.obj
 0001:0000070f       ?QueryInterface@?$CComContainedObject@VCOPOSPOSPower@@@ATL@@WJA@AGJABU_GUID@@PAPAX@Z 1000170f f i POSPower.obj
 0001:0000071c       ?AddRef@?$CComContainedObject@VCOPOSPOSPower@@@ATL@@WJA@AGKXZ 1000171c f i POSPower.obj
 0001:00000729       ?Release@?$CComContainedObject@VCOPOSPOSPower@@@ATL@@WJA@AGKXZ 10001729 f i POSPower.obj
 0001:00000736       ?QueryInterface@?$CComContainedObject@VCOPOSPOSPower@@@ATL@@WJE@AGJABU_GUID@@PAPAX@Z 10001736 f i POSPower.obj
 0001:00000743       ?AddRef@?$CComContainedObject@VCOPOSPOSPower@@@ATL@@WJE@AGKXZ 10001743 f i POSPower.obj
 0001:00000750       ?Release@?$CComContainedObject@VCOPOSPOSPower@@@ATL@@WJE@AGKXZ 10001750 f i POSPower.obj
 0001:0000075d       ?QueryInterface@?$CComContainedObject@VCOPOSPOSPower@@@ATL@@WJI@AGJABU_GUID@@PAPAX@Z 1000175d f i POSPower.obj
 0001:0000076a       ?AddRef@?$CComContainedObject@VCOPOSPOSPower@@@ATL@@WJI@AGKXZ 1000176a f i POSPower.obj
 0001:00000777       ?Release@?$CComContainedObject@VCOPOSPOSPower@@@ATL@@WJI@AGKXZ 10001777 f i POSPower.obj
 0001:00000784       ?QueryInterface@?$CComContainedObject@VCOPOSPOSPower@@@ATL@@WJM@AGJABU_GUID@@PAPAX@Z 10001784 f i POSPower.obj
 0001:00000791       ?AddRef@?$CComContainedObject@VCOPOSPOSPower@@@ATL@@WJM@AGKXZ 10001791 f i POSPower.obj
 0001:0000079e       ?Release@?$CComContainedObject@VCOPOSPOSPower@@@ATL@@WJM@AGKXZ 1000179e f i POSPower.obj
 0001:000007ab       ?QueryInterface@?$CComContainedObject@VCOPOSPOSPower@@@ATL@@WKA@AGJABU_GUID@@PAPAX@Z 100017ab f i POSPower.obj
 0001:000007b8       ?AddRef@?$CComContainedObject@VCOPOSPOSPower@@@ATL@@WKA@AGKXZ 100017b8 f i POSPower.obj
 0001:000007c5       ?Release@?$CComContainedObject@VCOPOSPOSPower@@@ATL@@WKA@AGKXZ 100017c5 f i POSPower.obj
 0001:000007d2       ?AddRef@?$CComContainedObject@VCOPOSPOSPower@@@ATL@@WKI@AGKXZ 100017d2 f i POSPower.obj
 0001:000007df       ?Release@?$CComContainedObject@VCOPOSPOSPower@@@ATL@@WKI@AGKXZ 100017df f i POSPower.obj
 0001:000007ec       ?AddRef@?$CComContainedObject@VCOPOSPOSPower@@@ATL@@WLE@AGKXZ 100017ec f i POSPower.obj
 0001:000007f9       ?Release@?$CComContainedObject@VCOPOSPOSPower@@@ATL@@WLE@AGKXZ 100017f9 f i POSPower.obj
 0001:00000806       ?CreateInstance@CComClassFactory@ATL@@UAGJPAUIUnknown@@ABU_GUID@@PAPAX@Z 10001806 f i POSPower.obj
 0001:00000844       ?LockServer@CComClassFactory@ATL@@UAGJH@Z 10001844 f i POSPower.obj
 0001:00000863       ??_ECComClassFactory@ATL@@UAEPAXI@Z 10001863 f i POSPower.obj
 0001:00000863       ??_GCComClassFactory@ATL@@UAEPAXI@Z 10001863 f i POSPower.obj
 0001:0000088e       ?GetWindowProc@?$CWindowImplBaseT@VCWindow@ATL@@V?$CWinTraits@$0FGAAAAAA@$0A@@2@@ATL@@UAEP6GJPAUHWND__@@IIJ@ZXZ 1000188e f i POSPower.obj
 0001:00000894       ?StartWindowProc@?$CWindowImplBaseT@VCWindow@ATL@@V?$CWinTraits@$0FGAAAAAA@$0A@@2@@ATL@@SGJPAUHWND__@@IIJ@Z 10001894 f i POSPower.obj
 0001:000008e8       ?OnFinalMessage@?$CWindowImplBaseT@VCWindow@ATL@@V?$CWinTraits@$0FGAAAAAA@$0A@@2@@ATL@@UAEXPAUHWND__@@@Z 100018e8 f i POSPower.obj
 0001:000008e8       ?ObjectMain@CComObjectRootBase@ATL@@SGX_N@Z 100018e8 f i POSPower.obj
 0001:000008eb       ?GetTypeInfoCount@?$IDispatchImpl@UIOPOSPOSPower@@$1?IID_IOPOSPOSPower@@3U_GUID@@B$1?LIBID_OposPOSPower_CCO@@3U3@B$00$0A@VCComTypeInfoHolder@ATL@@@ATL@@UAGJPAI@Z 100018eb f i POSPower.obj
 0001:00000908       ?GetTypeInfo@?$IDispatchImpl@UIOPOSPOSPower@@$1?IID_IOPOSPOSPower@@3U_GUID@@B$1?LIBID_OposPOSPower_CCO@@3U3@B$00$0A@VCComTypeInfoHolder@ATL@@@ATL@@UAGJIKPAPAUITypeInfo@@@Z 10001908 f i POSPower.obj
 0001:0000092c       ?GetIDsOfNames@?$IDispatchImpl@UIOPOSPOSPower@@$1?IID_IOPOSPOSPower@@3U_GUID@@B$1?LIBID_OposPOSPower_CCO@@3U3@B$00$0A@VCComTypeInfoHolder@ATL@@@ATL@@UAGJABU_GUID@@PAPA_WIKPAJ@Z 1000192c f i POSPower.obj
 0001:0000094c       ?Invoke@?$IDispatchImpl@UIOPOSPOSPower@@$1?IID_IOPOSPOSPower@@3U_GUID@@B$1?LIBID_OposPOSPower_CCO@@3U3@B$00$0A@VCComTypeInfoHolder@ATL@@@ATL@@UAGJJABU_GUID@@KGPAUtagDISPPARAMS@@PAUtagVARIANT@@PAUtagEXCEPINFO@@PAI@Z 1000194c f i POSPower.obj
 0001:0000095a       ?CreateControlWindow@?$CComControl@VCOPOSPOSPower@@V?$CWindowImpl@VCOPOSPOSPower@@VCWindow@ATL@@V?$CWinTraits@$0FGAAAAAA@$0A@@3@@ATL@@@ATL@@UAEPAUHWND__@@PAU3@AAUtagRECT@@@Z 1000195a f i POSPower.obj
 0001:00000989       ?ControlQueryInterface@?$CComControl@VCOPOSPOSPower@@V?$CWindowImpl@VCOPOSPOSPower@@VCWindow@ATL@@V?$CWinTraits@$0FGAAAAAA@$0A@@3@@ATL@@@ATL@@UAEJABU_GUID@@PAPAX@Z 10001989 f i POSPower.obj
 0001:000009a4       ?GetClassID@?$IPersistStorageImpl@VCOPOSPOSPower@@@ATL@@UAGJPAU_GUID@@@Z 100019a4 f i POSPower.obj
 0001:000009a4       ?GetUserClassID@?$IOleObjectImpl@VCOPOSPOSPower@@@ATL@@UAGJPAU_GUID@@@Z 100019a4 f i POSPower.obj
 0001:000009a4       ?GetClassID@?$IPersistStreamInitImpl@VCOPOSPOSPower@@@ATL@@UAGJPAU_GUID@@@Z 100019a4 f i POSPower.obj
 0001:000009c8       ?IsDirty@?$IPersistStreamInitImpl@VCOPOSPOSPower@@@ATL@@UAGJXZ 100019c8 f i POSPower.obj
 0001:000009e7       ?Load@?$IPersistStreamInitImpl@VCOPOSPOSPower@@@ATL@@UAGJPAUIStream@@@Z 100019e7 f i POSPower.obj
 0001:00000a06       ?Save@?$IPersistStreamInitImpl@VCOPOSPOSPower@@@ATL@@UAGJPAUIStream@@H@Z 10001a06 f i POSPower.obj
 0001:00000a28       ?GetSizeMax@?$IPersistStreamInitImpl@VCOPOSPOSPower@@@ATL@@UAGJPAT_ULARGE_INTEGER@@@Z 10001a28 f i POSPower.obj
 0001:00000c07       ?InitNew@?$IPersistStreamInitImpl@VCOPOSPOSPower@@@ATL@@UAGJXZ 10001c07 f i POSPower.obj
 0001:00000c24       ?SOOutputCompleteDummy@COPOSPOSPower@@MAGJJ@Z 10001c24 f i POSPower.obj
 0001:00000c24       ?GetDropTarget@?$IOleInPlaceObjectWindowlessImpl@VCOPOSPOSPower@@@ATL@@UAGJPAPAUIDropTarget@@@Z 10001c24 f i POSPower.obj
 0001:00000c24       ?ContextSensitiveHelp@?$IOleInPlaceActiveObjectImpl@VCOPOSPOSPower@@@ATL@@UAGJH@Z 10001c24 f i POSPower.obj
 0001:00000c24       ?SODataDummy@COPOSPOSPower@@MAGJJ@Z 10001c24 f i POSPower.obj
 0001:00000c24       ?Unfreeze@?$IViewObjectExImpl@VCOPOSPOSPower@@@ATL@@UAGJK@Z 10001c24 f i POSPower.obj
 0001:00000c24       ?SetColorScheme@?$IOleObjectImpl@VCOPOSPOSPower@@@ATL@@UAGJPAUtagLOGPALETTE@@@Z 10001c24 f i POSPower.obj
 0001:00000c24       ?OnMnemonic@?$IOleControlImpl@VCOPOSPOSPower@@@ATL@@UAGJPAUtagMSG@@@Z 10001c24 f i POSPower.obj
 0001:00000c24       ?ContextSensitiveHelp@?$IOleInPlaceObjectWindowlessImpl@VCOPOSPOSPower@@@ATL@@UAGJH@Z 10001c24 f i POSPower.obj
 0001:00000c24       ?QueryGetData@?$IDataObjectImpl@VCOPOSPOSPower@@@ATL@@UAGJPAUtagFORMATETC@@@Z 10001c24 f i POSPower.obj
 0001:00000c24       ?GetControlInfo@?$IOleControlImpl@VCOPOSPOSPower@@@ATL@@UAGJPAUtagCONTROLINFO@@@Z 10001c24 f i POSPower.obj
 0001:00000c2c       ?EnableModeless@?$IOleInPlaceActiveObjectImpl@VCOPOSPOSPower@@@ATL@@UAGJH@Z 10001c2c f i POSPower.obj
 0001:00000c2c       ?OnFrameWindowActivate@?$IOleInPlaceActiveObjectImpl@VCOPOSPOSPower@@@ATL@@UAGJH@Z 10001c2c f i POSPower.obj
 0001:00000c2c       ?OnAmbientPropertyChange@?$IOleControlImpl@VCOPOSPOSPower@@@ATL@@UAGJJ@Z 10001c2c f i POSPower.obj
 0001:00000c2c       ?SaveCompleted@?$IPersistStorageImpl@VCOPOSPOSPower@@@ATL@@UAGJPAUIStorage@@@Z 10001c2c f i POSPower.obj
 0001:00000c31       ?SetClientSite@?$IOleObjectImpl@VCOPOSPOSPower@@@ATL@@UAGJPAUIOleClientSite@@@Z 10001c31 f i POSPower.obj
 0001:00000c4e       ?GetClientSite@?$IOleObjectImpl@VCOPOSPOSPower@@@ATL@@UAGJPAPAUIOleClientSite@@@Z 10001c4e f i POSPower.obj
 0001:00000c6b       ?SetHostNames@?$IOleObjectImpl@VCOPOSPOSPower@@@ATL@@UAGJPB_W0@Z 10001c6b f i POSPower.obj
 0001:00000c70       ?Close@?$IOleObjectImpl@VCOPOSPOSPower@@@ATL@@UAGJK@Z 10001c70 f i POSPower.obj
 0001:00000c8d       ?GetCanonicalFormatEtc@?$IDataObjectImpl@VCOPOSPOSPower@@@ATL@@UAGJPAUtagFORMATETC@@0@Z 10001c8d f i POSPower.obj
 0001:00000c8d       ?GetDataHere@?$IDataObjectImpl@VCOPOSPOSPower@@@ATL@@UAGJPAUtagFORMATETC@@PAUtagSTGMEDIUM@@@Z 10001c8d f i POSPower.obj
 0001:00000c8d       ?GetRect@?$IViewObjectExImpl@VCOPOSPOSPower@@@ATL@@UAGJKPAU_RECTL@@@Z 10001c8d f i POSPower.obj
 0001:00000c8d       ?EnumFormatEtc@?$IDataObjectImpl@VCOPOSPOSPower@@@ATL@@UAGJKPAPAUIEnumFORMATETC@@@Z 10001c8d f i POSPower.obj
 0001:00000c8d       ?GetClipboardData@?$IOleObjectImpl@VCOPOSPOSPower@@@ATL@@UAGJKPAPAUIDataObject@@@Z 10001c8d f i POSPower.obj
 0001:00000c8d       ?QueryInterface@CRegObject@ATL@@UAGJABU_GUID@@PAPAX@Z 10001c8d f i POSPower.obj
 0001:00000c8d       ?SetMoniker@?$IOleObjectImpl@VCOPOSPOSPower@@@ATL@@UAGJKPAUIMoniker@@@Z 10001c8d f i POSPower.obj
 0001:00000c95       ?GetMoniker@?$IOleObjectImpl@VCOPOSPOSPower@@@ATL@@UAGJKKPAPAUIMoniker@@@Z 10001c95 f i POSPower.obj
 0001:00000c95       ?SetData@?$IDataObjectImpl@VCOPOSPOSPower@@@ATL@@UAGJPAUtagFORMATETC@@PAUtagSTGMEDIUM@@H@Z 10001c95 f i POSPower.obj
 0001:00000c95       ?InitFromData@?$IOleObjectImpl@VCOPOSPOSPower@@@ATL@@UAGJPAUIDataObject@@HK@Z 10001c95 f i POSPower.obj
 0001:00000c9d       ?DoVerb@?$IOleObjectImpl@VCOPOSPOSPower@@@ATL@@UAGJJPAUtagMSG@@PAUIOleClientSite@@JPAUHWND__@@PBUtagRECT@@@Z 10001c9d f i POSPower.obj
 0001:00000d91       ?EnumVerbs@?$IOleObjectImpl@VCOPOSPOSPower@@@ATL@@UAGJPAPAUIEnumOLEVERB@@@Z 10001d91 f i POSPower.obj
 0001:00000db3       ?HandsOffStorage@?$IPersistStorageImpl@VCOPOSPOSPower@@@ATL@@UAGJXZ 10001db3 f i POSPower.obj
 0001:00000db3       ?IsUpToDate@?$IOleObjectImpl@VCOPOSPOSPower@@@ATL@@UAGJXZ 10001db3 f i POSPower.obj
 0001:00000db3       ?Update@?$IOleObjectImpl@VCOPOSPOSPower@@@ATL@@UAGJXZ 10001db3 f i POSPower.obj
 0001:00000db3       ?Release@CRegObject@ATL@@UAGKXZ 10001db3 f i POSPower.obj
 0001:00000db8       ?GetUserType@?$IOleObjectImpl@VCOPOSPOSPower@@@ATL@@UAGJKPAPA_W@Z 10001db8 f i POSPower.obj
 0001:00000dd0       ?SetExtent@?$IOleObjectImpl@VCOPOSPOSPower@@@ATL@@UAGJKPAUtagSIZE@@@Z 10001dd0 f i POSPower.obj
 0001:00000df0       ?GetExtent@?$IOleObjectImpl@VCOPOSPOSPower@@@ATL@@UAGJKPAUtagSIZE@@@Z 10001df0 f i POSPower.obj
 0001:00000e2e       ?Advise@?$IOleObjectImpl@VCOPOSPOSPower@@@ATL@@UAGJPAUIAdviseSink@@PAK@Z 10001e2e f i POSPower.obj
 0001:00000e4e       ?Unadvise@?$IOleObjectImpl@VCOPOSPOSPower@@@ATL@@UAGJK@Z 10001e4e f i POSPower.obj
 0001:00000e7d       ?EnumAdvise@?$IOleObjectImpl@VCOPOSPOSPower@@@ATL@@UAGJPAPAUIEnumSTATDATA@@@Z 10001e7d f i POSPower.obj
 0001:00000ebd       ?GetMiscStatus@?$IOleObjectImpl@VCOPOSPOSPower@@@ATL@@UAGJKPAK@Z 10001ebd f i POSPower.obj
 0001:00000ed5       ?GetWindow@?$IOleInPlaceActiveObjectImpl@VCOPOSPOSPower@@@ATL@@UAGJPAPAUHWND__@@@Z 10001ed5 f i POSPower.obj
 0001:00000f22       ?TranslateAcceleratorW@?$IOleInPlaceActiveObjectImpl@VCOPOSPOSPower@@@ATL@@UAGJPAUtagMSG@@@Z 10001f22 f i POSPower.obj
 0001:00000fd0       ?OnDocWindowActivate@?$IOleInPlaceActiveObjectImpl@VCOPOSPOSPower@@@ATL@@UAGJH@Z 10001fd0 f i POSPower.obj
 0001:00000ff2       ?ResizeBorder@?$IOleInPlaceActiveObjectImpl@VCOPOSPOSPower@@@ATL@@UAGJPBUtagRECT@@PAUIOleInPlaceUIWindow@@H@Z 10001ff2 f i POSPower.obj
 0001:00000ff7       ?Draw@?$IViewObjectExImpl@VCOPOSPOSPower@@@ATL@@UAGJKJPAXPAUtagDVTARGETDEVICE@@PAUHDC__@@2PBU_RECTL@@3P6GHK@ZK@Z 10001ff7 f i POSPower.obj
 0001:00001029       ?GetColorSet@?$IViewObjectExImpl@VCOPOSPOSPower@@@ATL@@UAGJKJPAXPAUtagDVTARGETDEVICE@@PAUHDC__@@PAPAUtagLOGPALETTE@@@Z 10002029 f i POSPower.obj
 0001:00001031       ?SOErrorDummy@COPOSPOSPower@@MAGJJJJPAJ@Z 10002031 f i POSPower.obj
 0001:00001031       ?Freeze@?$IViewObjectExImpl@VCOPOSPOSPower@@@ATL@@UAGJKJPAXPAK@Z 10002031 f i POSPower.obj
 0001:00001039       ?SetAdvise@?$IViewObjectExImpl@VCOPOSPOSPower@@@ATL@@UAGJKKPAUIAdviseSink@@@Z 10002039 f i POSPower.obj
 0001:00001058       ?GetAdvise@?$IViewObjectExImpl@VCOPOSPOSPower@@@ATL@@UAGJPAK0PAPAUIAdviseSink@@@Z 10002058 f i POSPower.obj
 0001:0000108d       ?GetExtent@?$IViewObjectExImpl@VCOPOSPOSPower@@@ATL@@UAGJKJPAUtagDVTARGETDEVICE@@PAUtagSIZE@@@Z 1000208d f i POSPower.obj
 0001:000010be       ?GetViewStatus@?$IViewObjectExImpl@VCOPOSPOSPower@@@ATL@@UAGJPAK@Z 100020be f i POSPower.obj
 0001:000010db       ?QueryHitPoint@?$IViewObjectExImpl@VCOPOSPOSPower@@@ATL@@UAGJKPBUtagRECT@@UtagPOINT@@JPAK@Z 100020db f i POSPower.obj
 0001:0000111c       ?QueryHitRect@?$IViewObjectExImpl@VCOPOSPOSPower@@@ATL@@UAGJKPBUtagRECT@@0JPAK@Z 1000211c f i POSPower.obj
 0001:00001177       ?GetNaturalExtent@?$IViewObjectExImpl@VCOPOSPOSPower@@@ATL@@UAGJKJPAUtagDVTARGETDEVICE@@PAUHDC__@@PAUtagExtentInfo@@PAUtagSIZE@@@Z 10002177 f i POSPower.obj
 0001:000011c2       ?GetWindow@?$IOleInPlaceObjectWindowlessImpl@VCOPOSPOSPower@@@ATL@@UAGJPAPAUHWND__@@@Z 100021c2 f i POSPower.obj
 0001:0000120f       ?InPlaceDeactivate@?$IOleInPlaceObjectWindowlessImpl@VCOPOSPOSPower@@@ATL@@UAGJXZ 1000220f f i POSPower.obj
 0001:00001229       ?UIDeactivate@?$IOleInPlaceObjectWindowlessImpl@VCOPOSPOSPower@@@ATL@@UAGJXZ 10002229 f i POSPower.obj
 0001:00001243       ?SetObjectRects@?$IOleInPlaceObjectWindowlessImpl@VCOPOSPOSPower@@@ATL@@UAGJPBUtagRECT@@0@Z 10002243 f i POSPower.obj
 0001:00001263       ?ReactivateAndUndo@?$IOleInPlaceObjectWindowlessImpl@VCOPOSPOSPower@@@ATL@@UAGJXZ 10002263 f i POSPower.obj
 0001:0000126b       ?OnWindowMessage@?$IOleInPlaceObjectWindowlessImpl@VCOPOSPOSPower@@@ATL@@UAGJIIJPAJ@Z 1000226b f i POSPower.obj
 0001:000012db       ?EnumConnectionPoints@?$IConnectionPointContainerImpl@VCOPOSPOSPower@@@ATL@@UAGJPAPAUIEnumConnectionPoints@@@Z 100022db f i POSPower.obj
 0001:00001467       ?FindConnectionPoint@?$IConnectionPointContainerImpl@VCOPOSPOSPower@@@ATL@@UAGJABU_GUID@@PAPAUIConnectionPoint@@@Z 10002467 f i POSPower.obj
 0001:0000150a       ?IsDirty@?$IPersistStorageImpl@VCOPOSPOSPower@@@ATL@@UAGJXZ 1000250a f i POSPower.obj
 0001:0000153a       ?InitNew@?$IPersistStorageImpl@VCOPOSPOSPower@@@ATL@@UAGJPAUIStorage@@@Z 1000253a f i POSPower.obj
 0001:0000156a       ?Load@?$IPersistStorageImpl@VCOPOSPOSPower@@@ATL@@UAGJPAUIStorage@@@Z 1000256a f i POSPower.obj
 0001:000015d6       ?Save@?$IPersistStorageImpl@VCOPOSPOSPower@@@ATL@@UAGJPAUIStorage@@H@Z 100025d6 f i POSPower.obj
 0001:00001649       ?GetPages@?$ISpecifyPropertyPagesImpl@VCOPOSPOSPower@@@ATL@@UAGJPAUtagCAUUID@@@Z 10002649 f i POSPower.obj
 0001:00001660       ?QuickActivate@?$IQuickActivateImpl@VCOPOSPOSPower@@@ATL@@UAGJPAUtagQACONTAINER@@PAUtagQACONTROL@@@Z 10002660 f i POSPower.obj
 0001:00001683       ?SetContentExtent@?$IQuickActivateImpl@VCOPOSPOSPower@@@ATL@@UAGJPAUtagSIZE@@@Z 10002683 f i POSPower.obj
 0001:000016af       ?GetContentExtent@?$IQuickActivateImpl@VCOPOSPOSPower@@@ATL@@UAGJPAUtagSIZE@@@Z 100026af f i POSPower.obj
 0001:000016e9       ?GetData@?$IDataObjectImpl@VCOPOSPOSPower@@@ATL@@UAGJPAUtagFORMATETC@@PAUtagSTGMEDIUM@@@Z 100026e9 f i POSPower.obj
 0001:0000170c       ?DAdvise@?$IDataObjectImpl@VCOPOSPOSPower@@@ATL@@UAGJPAUtagFORMATETC@@KPAUIAdviseSink@@PAK@Z 1000270c f i POSPower.obj
 0001:0000174d       ?DUnadvise@?$IDataObjectImpl@VCOPOSPOSPower@@@ATL@@UAGJK@Z 1000274d f i POSPower.obj
 0001:0000177b       ?EnumDAdvise@?$IDataObjectImpl@VCOPOSPOSPower@@@ATL@@UAGJPAPAUIEnumSTATDATA@@@Z 1000277b f i POSPower.obj
 0001:000017ba       ?GetClassInfoW@?$IProvideClassInfo2Impl@$1?CLSID_OPOSPOSPower@@3U_GUID@@B$1?DIID__IOPOSPOSPowerEvents@@3U2@B$1?LIBID_OposPOSPower_CCO@@3U2@B$00$0A@VCComTypeInfoHolder@ATL@@@ATL@@UAGJPAPAUITypeInfo@@@Z 100027ba f i POSPower.obj
 0001:000017d0       ?GetGUID@?$IProvideClassInfo2Impl@$1?CLSID_OPOSPOSPower@@3U_GUID@@B$1?DIID__IOPOSPOSPowerEvents@@3U2@B$1?LIBID_OposPOSPower_CCO@@3U2@B$00$0A@VCComTypeInfoHolder@ATL@@@ATL@@UAGJKPAU_GUID@@@Z 100027d0 f i POSPower.obj
 0001:0000180e       ?FAccessAllowed@?$IObjectSafetyImpl@VCOPOSPOSPower@@$02@ATL@@MAEHXZ 1000280e f i POSPower.obj
 0001:0000180e       __get_startup_argv_mode    1000280e f i LIBCMT:argv_mode.obj
 0001:00001812       ?GetInterfaceSafetyOptions@?$IObjectSafetyImpl@VCOPOSPOSPower@@$02@ATL@@UAGJABU_GUID@@PAK1@Z 10002812 f i POSPower.obj
 0001:00001886       ?SetInterfaceSafetyOptions@?$IObjectSafetyImpl@VCOPOSPOSPower@@$02@ATL@@UAGJABU_GUID@@KK@Z 10002886 f i POSPower.obj
 0001:00001900       ?_LocCPQueryInterface@?$IConnectionPointImpl@VCOPOSPOSPower@@$1?IID_IPropertyNotifySink@@3U_GUID@@BVCComDynamicUnkArray@ATL@@@ATL@@UAGJABU_GUID@@PAPAX@Z 10002900 f i POSPower.obj
 0001:00001900       ?_LocCPQueryInterface@?$IConnectionPointImpl@VCOPOSPOSPower@@$1?DIID__IOPOSPOSPowerEvents@@3U_GUID@@BVCComDynamicUnkArray@ATL@@@ATL@@UAGJABU_GUID@@PAPAX@Z 10002900 f i POSPower.obj
 0001:0000194d       ?GetConnectionInterface@?$IConnectionPointImpl@VCOPOSPOSPower@@$1?IID_IPropertyNotifySink@@3U_GUID@@BVCComDynamicUnkArray@ATL@@@ATL@@UAGJPAU_GUID@@@Z 1000294d f i POSPower.obj
 0001:00001971       ?GetConnectionPointContainer@?$IConnectionPointImpl@VCOPOSPOSPower@@$1?IID_IPropertyNotifySink@@3U_GUID@@BVCComDynamicUnkArray@ATL@@@ATL@@UAGJPAPAUIConnectionPointContainer@@@Z 10002971 f i POSPower.obj
 0001:00001994       ?Advise@?$IConnectionPointImpl@VCOPOSPOSPower@@$1?IID_IPropertyNotifySink@@3U_GUID@@BVCComDynamicUnkArray@ATL@@@ATL@@UAGJPAUIUnknown@@PAK@Z 10002994 f i POSPower.obj
 0001:00001994       ?Advise@?$IConnectionPointImpl@VCOPOSPOSPower@@$1?DIID__IOPOSPOSPowerEvents@@3U_GUID@@BVCComDynamicUnkArray@ATL@@@ATL@@UAGJPAUIUnknown@@PAK@Z 10002994 f i POSPower.obj
 0001:00001a34       ?Unadvise@?$IConnectionPointImpl@VCOPOSPOSPower@@$1?IID_IPropertyNotifySink@@3U_GUID@@BVCComDynamicUnkArray@ATL@@@ATL@@UAGJK@Z 10002a34 f i POSPower.obj
 0001:00001a34       ?Unadvise@?$IConnectionPointImpl@VCOPOSPOSPower@@$1?DIID__IOPOSPOSPowerEvents@@3U_GUID@@BVCComDynamicUnkArray@ATL@@@ATL@@UAGJK@Z 10002a34 f i POSPower.obj
 0001:00001a74       ?EnumConnections@?$IConnectionPointImpl@VCOPOSPOSPower@@$1?DIID__IOPOSPOSPowerEvents@@3U_GUID@@BVCComDynamicUnkArray@ATL@@@ATL@@UAGJPAPAUIEnumConnections@@@Z 10002a74 f i POSPower.obj
 0001:00001a74       ?EnumConnections@?$IConnectionPointImpl@VCOPOSPOSPower@@$1?IID_IPropertyNotifySink@@3U_GUID@@BVCComDynamicUnkArray@ATL@@@ATL@@UAGJPAPAUIEnumConnections@@@Z 10002a74 f i POSPower.obj
 0001:00001b6f       ?GetObjectDescription@?$CComCoClass@VCOPOSPOSPower@@$1?CLSID_OPOSPOSPower@@3U_GUID@@B@ATL@@SGPB_WXZ 10002b6f f i POSPower.obj
 0001:00001b6f       ?GetCategoryMap@CComObjectRootBase@ATL@@SAPBU_ATL_CATMAP_ENTRY@2@XZ 10002b6f f i POSPower.obj
 0001:00001b72       ?GetConnectionInterface@?$IConnectionPointImpl@VCOPOSPOSPower@@$1?DIID__IOPOSPOSPowerEvents@@3U_GUID@@BVCComDynamicUnkArray@ATL@@@ATL@@UAGJPAU_GUID@@@Z 10002b72 f i POSPower.obj
 0001:00001b96       ?GetConnectionPointContainer@?$IConnectionPointImpl@VCOPOSPOSPower@@$1?DIID__IOPOSPOSPowerEvents@@3U_GUID@@BVCComDynamicUnkArray@ATL@@@ATL@@UAGJPAPAUIConnectionPointContainer@@@Z 10002b96 f i POSPower.obj
 0001:00001bb9       ?UpdateRegistry@COPOSPOSPower@@SGJH@Z 10002bb9 f i POSPower.obj
 0001:00001bd1       ?ProcessWindowMessage@COPOSPOSPower@@UAEHPAUHWND__@@IIJAAJK@Z 10002bd1 f i POSPower.obj
 0001:00001c1a       ?SODirectIO@COPOSPOSPower@@MAGJJPAJPAPA_W@Z 10002c1a f i POSPower.obj
 0001:00001c63       ?SOStatusUpdate@COPOSPOSPower@@MAGJJ@Z 10002c63 f i POSPower.obj
 0001:00001c9c       ?Lock@CAtlModule@ATL@@UAEJXZ 10002c9c f i POSPower.obj
 0001:00001ca6       ?Unlock@CAtlModule@ATL@@UAEJXZ 10002ca6 f i POSPower.obj
 0001:00001cb0       ?GetLockCount@CAtlModule@ATL@@UAEJXZ 10002cb0 f i POSPower.obj
 0001:00001cb4       ?GetGITPtr@CAtlModule@ATL@@UAEJPAPAUIGlobalInterfaceTable@@@Z 10002cb4 f i POSPower.obj
 0001:00001d00       ?AddCommonRGSReplacements@?$CAtlModuleT@VCComModule@ATL@@@ATL@@UAEJPAUIRegistrarBase@@@Z 10002d00 f i POSPower.obj
 0001:00001d1a       ?UpdateRegistryFromResourceD@CComModule@ATL@@UAGJPB_WHPAU_ATL_REGMAP_ENTRY@2@@Z 10002d1a f i POSPower.obj
 0001:00001d1a       ?UpdateRegistryFromResourceD@CComModule@ATL@@UAGJIHPAU_ATL_REGMAP_ENTRY@2@@Z 10002d1a f i POSPower.obj
 0001:00001d22       ?UpdateRegistryFromResource@CComModule@ATL@@UAGJPB_WHPAU_ATL_REGMAP_ENTRY@2@@Z 10002d22 f i POSPower.obj
 0001:00001d2b       ?UpdateRegistryFromResource@CComModule@ATL@@UAGJIHPAU_ATL_REGMAP_ENTRY@2@@Z 10002d2b f i POSPower.obj
 0001:00001d34       ?CreateInstance@?$CComCreator@V?$CComObjectCached@VCComClassFactory@ATL@@@ATL@@@ATL@@SGJPAXABU_GUID@@PAPAX@Z 10002d34 f i POSPower.obj
 0001:00001dd4       ?CreateInstance@?$CComCreator2@V?$CComCreator@V?$CComObject@VCOPOSPOSPower@@@ATL@@@ATL@@V?$CComCreator@V?$CComAggObject@VCOPOSPOSPower@@@ATL@@@2@@ATL@@SGJPAXABU_GUID@@PAPAX@Z 10002dd4 f i POSPower.obj
 0001:00001df4       ??_ECComModule@ATL@@UAEPAXI@Z 10002df4 f i POSPower.obj
 0001:00001df4       ??_GCComModule@ATL@@UAEPAXI@Z 10002df4 f i POSPower.obj
 0001:00001e1c       ?AddRef@?$CComObjectCached@VCComClassFactory@ATL@@@ATL@@UAGKXZ 10002e1c f i POSPower.obj
 0001:00001e43       ?Release@?$CComObjectCached@VCComClassFactory@ATL@@@ATL@@UAGKXZ 10002e43 f i POSPower.obj
 0001:00001e79       ?QueryInterface@?$CComObjectCached@VCComClassFactory@ATL@@@ATL@@UAGJABU_GUID@@PAPAX@Z 10002e79 f i POSPower.obj
 0001:00001e93       ??_G?$CComObjectCached@VCComClassFactory@ATL@@@ATL@@UAEPAXI@Z 10002e93 f i POSPower.obj
 0001:00001e93       ??_E?$CComObjectCached@VCComClassFactory@ATL@@@ATL@@UAEPAXI@Z 10002e93 f i POSPower.obj
 0001:00001eb5       ?Next@?$CComEnumImpl@UIEnumConnectionPoints@@$1?_GUID_b196b285_bab4_101a_b69c_00aa00341d07@@3U__s_GUID@@BPAUIConnectionPoint@@V?$_CopyInterface@UIConnectionPoint@@@ATL@@@ATL@@UAGJKPAPAUIConnectionPoint@@PAK@Z 10002eb5 f i POSPower.obj
 0001:00001f8c       ?Skip@?$CComEnumImpl@UIEnumConnectionPoints@@$1?_GUID_b196b285_bab4_101a_b69c_00aa00341d07@@3U__s_GUID@@BPAUIConnectionPoint@@V?$_CopyInterface@UIConnectionPoint@@@ATL@@@ATL@@UAGJK@Z 10002f8c f i POSPower.obj
 0001:00001fb9       ?Reset@?$CComEnumImpl@UIEnumConnections@@$1?_GUID_b196b287_bab4_101a_b69c_00aa00341d07@@3U__s_GUID@@BUtagCONNECTDATA@@V?$_Copy@UtagCONNECTDATA@@@ATL@@@ATL@@UAGJXZ 10002fb9 f i POSPower.obj
 0001:00001fb9       ?Reset@?$CComEnumImpl@UIEnumConnectionPoints@@$1?_GUID_b196b285_bab4_101a_b69c_00aa00341d07@@3U__s_GUID@@BPAUIConnectionPoint@@V?$_CopyInterface@UIConnectionPoint@@@ATL@@@ATL@@UAGJXZ 10002fb9 f i POSPower.obj
 0001:00001fcb       ?Clone@?$CComEnumImpl@UIEnumConnectionPoints@@$1?_GUID_b196b285_bab4_101a_b69c_00aa00341d07@@3U__s_GUID@@BPAUIConnectionPoint@@V?$_CopyInterface@UIConnectionPoint@@@ATL@@@ATL@@UAGJPAPAUIEnumConnectionPoints@@@Z 10002fcb f i POSPower.obj
 0001:000020ac       ?AddRef@?$CComObject@V?$CComEnum@UIEnumConnectionPoints@@$1?_GUID_b196b285_bab4_101a_b69c_00aa00341d07@@3U__s_GUID@@BPAUIConnectionPoint@@V?$_CopyInterface@UIConnectionPoint@@@ATL@@VCComSingleThreadModel@6@@ATL@@@ATL@@UAGKXZ 100030ac f i POSPower.obj
 0001:000020ac       ?AddRef@?$CComObject@V?$CComEnum@UIEnumConnections@@$1?_GUID_b196b287_bab4_101a_b69c_00aa00341d07@@3U__s_GUID@@BUtagCONNECTDATA@@V?$_Copy@UtagCONNECTDATA@@@ATL@@VCComSingleThreadModel@6@@ATL@@@ATL@@UAGKXZ 100030ac f i POSPower.obj
 0001:000020bd       ?Release@?$CComObject@V?$CComEnum@UIEnumConnections@@$1?_GUID_b196b287_bab4_101a_b69c_00aa00341d07@@3U__s_GUID@@BUtagCONNECTDATA@@V?$_Copy@UtagCONNECTDATA@@@ATL@@VCComSingleThreadModel@6@@ATL@@@ATL@@UAGKXZ 100030bd f i POSPower.obj
 0001:000020bd       ?Release@?$CComObject@V?$CComEnum@UIEnumConnectionPoints@@$1?_GUID_b196b285_bab4_101a_b69c_00aa00341d07@@3U__s_GUID@@BPAUIConnectionPoint@@V?$_CopyInterface@UIConnectionPoint@@@ATL@@VCComSingleThreadModel@6@@ATL@@@ATL@@UAGKXZ 100030bd f i POSPower.obj
 0001:000020f9       ?QueryInterface@?$CComObject@V?$CComEnum@UIEnumConnectionPoints@@$1?_GUID_b196b285_bab4_101a_b69c_00aa00341d07@@3U__s_GUID@@BPAUIConnectionPoint@@V?$_CopyInterface@UIConnectionPoint@@@ATL@@VCComSingleThreadModel@6@@ATL@@@ATL@@UAGJABU_GUID@@PAPAX@Z 100030f9 f i POSPower.obj
 0001:00002113       ??_E?$CComObject@V?$CComEnum@UIEnumConnectionPoints@@$1?_GUID_b196b285_bab4_101a_b69c_00aa00341d07@@3U__s_GUID@@BPAUIConnectionPoint@@V?$_CopyInterface@UIConnectionPoint@@@ATL@@VCComSingleThreadModel@6@@ATL@@@ATL@@UAEPAXI@Z 10003113 f i POSPower.obj
 0001:00002113       ??_G?$CComObject@V?$CComEnum@UIEnumConnectionPoints@@$1?_GUID_b196b285_bab4_101a_b69c_00aa00341d07@@3U__s_GUID@@BPAUIConnectionPoint@@V?$_CopyInterface@UIConnectionPoint@@@ATL@@VCComSingleThreadModel@6@@ATL@@@ATL@@UAEPAXI@Z 10003113 f i POSPower.obj
 0001:00002135       ?AddRef@CRegObject@ATL@@UAGKXZ 10003135 f i POSPower.obj
 0001:0000213b       ?AddReplacement@CRegObject@ATL@@UAGJPB_W0@Z 1000313b f i POSPower.obj
 0001:00002174       ?ClearReplacements@CRegObject@ATL@@UAGJXZ 10003174 f i POSPower.obj
 0001:00002186       ??_ECRegObject@ATL@@UAEPAXI@Z 10003186 f i POSPower.obj
 0001:00002186       ??_GCRegObject@ATL@@UAEPAXI@Z 10003186 f i POSPower.obj
 0001:000021a8       ?AddRef@?$CComAggObject@VCOPOSPOSPower@@@ATL@@UAGKXZ 100031a8 f i POSPower.obj
 0001:000021b9       ?Release@?$CComAggObject@VCOPOSPOSPower@@@ATL@@UAGKXZ 100031b9 f i POSPower.obj
 0001:000021f5       ?QueryInterface@?$CComAggObject@VCOPOSPOSPower@@@ATL@@UAGJABU_GUID@@PAPAX@Z 100031f5 f i POSPower.obj
 0001:00002244       ?AddRef@?$CComContainedObject@VCOPOSPOSPower@@@ATL@@UAGKXZ 10003244 f i POSPower.obj
 0001:0000225a       ?Release@?$CComContainedObject@VCOPOSPOSPower@@@ATL@@UAGKXZ 1000325a f i POSPower.obj
 0001:00002270       ?QueryInterface@?$CComContainedObject@VCOPOSPOSPower@@@ATL@@UAGJABU_GUID@@PAPAX@Z 10003270 f i POSPower.obj
 0001:0000228b       ??_E?$CComAggObject@VCOPOSPOSPower@@@ATL@@UAEPAXI@Z 1000328b f i POSPower.obj
 0001:0000228b       ??_G?$CComAggObject@VCOPOSPOSPower@@@ATL@@UAEPAXI@Z 1000328b f i POSPower.obj
 0001:000022b0       ?AddRef@?$CComObject@VCOPOSPOSPower@@@ATL@@UAGKXZ 100032b0 f i POSPower.obj
 0001:000022c7       ?Release@?$CComObject@VCOPOSPOSPower@@@ATL@@UAGKXZ 100032c7 f i POSPower.obj
 0001:00002309       ?QueryInterface@?$CComObject@VCOPOSPOSPower@@@ATL@@UAGJABU_GUID@@PAPAX@Z 10003309 f i POSPower.obj
 0001:00002323       ?OnDrawAdvanced@CComControlBase@ATL@@UAEJAAUATL_DRAWINFO@@@Z 10003323 f i POSPower.obj
 0001:00002416       ?Next@?$CComEnumImpl@UIEnumConnections@@$1?_GUID_b196b287_bab4_101a_b69c_00aa00341d07@@3U__s_GUID@@BUtagCONNECTDATA@@V?$_Copy@UtagCONNECTDATA@@@ATL@@@ATL@@UAGJKPAUtagCONNECTDATA@@PAK@Z 10003416 f i POSPower.obj
 0001:000024ed       ?Skip@?$CComEnumImpl@UIEnumConnections@@$1?_GUID_b196b287_bab4_101a_b69c_00aa00341d07@@3U__s_GUID@@BUtagCONNECTDATA@@V?$_Copy@UtagCONNECTDATA@@@ATL@@@ATL@@UAGJK@Z 100034ed f i POSPower.obj
 0001:0000251a       ?Clone@?$CComEnumImpl@UIEnumConnections@@$1?_GUID_b196b287_bab4_101a_b69c_00aa00341d07@@3U__s_GUID@@BUtagCONNECTDATA@@V?$_Copy@UtagCONNECTDATA@@@ATL@@@ATL@@UAGJPAPAUIEnumConnections@@@Z 1000351a f i POSPower.obj
 0001:000025fb       ?QueryInterface@?$CComObject@V?$CComEnum@UIEnumConnections@@$1?_GUID_b196b287_bab4_101a_b69c_00aa00341d07@@3U__s_GUID@@BUtagCONNECTDATA@@V?$_Copy@UtagCONNECTDATA@@@ATL@@VCComSingleThreadModel@6@@ATL@@@ATL@@UAGJABU_GUID@@PAPAX@Z 100035fb f i POSPower.obj
 0001:00002615       ??_G?$CComObject@V?$CComEnum@UIEnumConnections@@$1?_GUID_b196b287_bab4_101a_b69c_00aa00341d07@@3U__s_GUID@@BUtagCONNECTDATA@@V?$_Copy@UtagCONNECTDATA@@@ATL@@VCComSingleThreadModel@6@@ATL@@@ATL@@UAEPAXI@Z 10003615 f i POSPower.obj
 0001:00002615       ??_E?$CComObject@V?$CComEnum@UIEnumConnections@@$1?_GUID_b196b287_bab4_101a_b69c_00aa00341d07@@3U__s_GUID@@BUtagCONNECTDATA@@V?$_Copy@UtagCONNECTDATA@@@ATL@@VCComSingleThreadModel@6@@ATL@@@ATL@@UAEPAXI@Z 10003615 f i POSPower.obj
 0001:00002637       ??_E?$CComObject@VCOPOSPOSPower@@@ATL@@W3AEPAXI@Z 10003637 f i POSPower.obj
 0001:0000263f       ??_E?$CComObject@VCOPOSPOSPower@@@ATL@@WEM@AEPAXI@Z 1000363f f i POSPower.obj
 0001:00002647       ?QueryInterface@?$CComObject@VCOPOSPOSPower@@@ATL@@WHA@AGJABU_GUID@@PAPAX@Z 10003647 f i POSPower.obj
 0001:00002651       ?AddRef@?$CComObject@VCOPOSPOSPower@@@ATL@@WHA@AGKXZ 10003651 f i POSPower.obj
 0001:0000265b       ?Release@?$CComObject@VCOPOSPOSPower@@@ATL@@WHA@AGKXZ 1000365b f i POSPower.obj
 0001:00002665       ?QueryInterface@?$CComObject@VCOPOSPOSPower@@@ATL@@WHE@AGJABU_GUID@@PAPAX@Z 10003665 f i POSPower.obj
 0001:0000266f       ?AddRef@?$CComObject@VCOPOSPOSPower@@@ATL@@WHE@AGKXZ 1000366f f i POSPower.obj
 0001:00002679       ?Release@?$CComObject@VCOPOSPOSPower@@@ATL@@WHE@AGKXZ 10003679 f i POSPower.obj
 0001:00002683       ?QueryInterface@?$CComObject@VCOPOSPOSPower@@@ATL@@WHI@AGJABU_GUID@@PAPAX@Z 10003683 f i POSPower.obj
 0001:0000268d       ?AddRef@?$CComObject@VCOPOSPOSPower@@@ATL@@WHI@AGKXZ 1000368d f i POSPower.obj
 0001:00002697       ?Release@?$CComObject@VCOPOSPOSPower@@@ATL@@WHI@AGKXZ 10003697 f i POSPower.obj
 0001:000026a1       ?QueryInterface@?$CComObject@VCOPOSPOSPower@@@ATL@@WHM@AGJABU_GUID@@PAPAX@Z 100036a1 f i POSPower.obj
 0001:000026ab       ?AddRef@?$CComObject@VCOPOSPOSPower@@@ATL@@WHM@AGKXZ 100036ab f i POSPower.obj
 0001:000026b5       ?Release@?$CComObject@VCOPOSPOSPower@@@ATL@@WHM@AGKXZ 100036b5 f i POSPower.obj
 0001:000026bf       ?QueryInterface@?$CComObject@VCOPOSPOSPower@@@ATL@@WIA@AGJABU_GUID@@PAPAX@Z 100036bf f i POSPower.obj
 0001:000026cc       ?AddRef@?$CComObject@VCOPOSPOSPower@@@ATL@@WIA@AGKXZ 100036cc f i POSPower.obj
 0001:000026d9       ?Release@?$CComObject@VCOPOSPOSPower@@@ATL@@WIA@AGKXZ 100036d9 f i POSPower.obj
 0001:000026e6       ?QueryInterface@?$CComObject@VCOPOSPOSPower@@@ATL@@WIE@AGJABU_GUID@@PAPAX@Z 100036e6 f i POSPower.obj
 0001:000026f3       ?AddRef@?$CComObject@VCOPOSPOSPower@@@ATL@@WIE@AGKXZ 100036f3 f i POSPower.obj
 0001:00002700       ?Release@?$CComObject@VCOPOSPOSPower@@@ATL@@WIE@AGKXZ 10003700 f i POSPower.obj
 0001:0000270d       ?QueryInterface@?$CComObject@VCOPOSPOSPower@@@ATL@@WII@AGJABU_GUID@@PAPAX@Z 1000370d f i POSPower.obj
 0001:0000271a       ?AddRef@?$CComObject@VCOPOSPOSPower@@@ATL@@WII@AGKXZ 1000371a f i POSPower.obj
 0001:00002727       ?Release@?$CComObject@VCOPOSPOSPower@@@ATL@@WII@AGKXZ 10003727 f i POSPower.obj
 0001:00002734       ?QueryInterface@?$CComObject@VCOPOSPOSPower@@@ATL@@WIM@AGJABU_GUID@@PAPAX@Z 10003734 f i POSPower.obj
 0001:00002741       ?AddRef@?$CComObject@VCOPOSPOSPower@@@ATL@@WIM@AGKXZ 10003741 f i POSPower.obj
 0001:0000274e       ?Release@?$CComObject@VCOPOSPOSPower@@@ATL@@WIM@AGKXZ 1000374e f i POSPower.obj
 0001:0000275b       ?QueryInterface@?$CComObject@VCOPOSPOSPower@@@ATL@@WJA@AGJABU_GUID@@PAPAX@Z 1000375b f i POSPower.obj
 0001:00002768       ?AddRef@?$CComObject@VCOPOSPOSPower@@@ATL@@WJA@AGKXZ 10003768 f i POSPower.obj
 0001:00002775       ?Release@?$CComObject@VCOPOSPOSPower@@@ATL@@WJA@AGKXZ 10003775 f i POSPower.obj
 0001:00002782       ?QueryInterface@?$CComObject@VCOPOSPOSPower@@@ATL@@WJE@AGJABU_GUID@@PAPAX@Z 10003782 f i POSPower.obj
 0001:0000278f       ?AddRef@?$CComObject@VCOPOSPOSPower@@@ATL@@WJE@AGKXZ 1000378f f i POSPower.obj
 0001:0000279c       ?Release@?$CComObject@VCOPOSPOSPower@@@ATL@@WJE@AGKXZ 1000379c f i POSPower.obj
 0001:000027a9       ?QueryInterface@?$CComObject@VCOPOSPOSPower@@@ATL@@WJI@AGJABU_GUID@@PAPAX@Z 100037a9 f i POSPower.obj
 0001:000027b6       ?AddRef@?$CComObject@VCOPOSPOSPower@@@ATL@@WJI@AGKXZ 100037b6 f i POSPower.obj
 0001:000027c3       ?Release@?$CComObject@VCOPOSPOSPower@@@ATL@@WJI@AGKXZ 100037c3 f i POSPower.obj
 0001:000027d0       ?QueryInterface@?$CComObject@VCOPOSPOSPower@@@ATL@@WJM@AGJABU_GUID@@PAPAX@Z 100037d0 f i POSPower.obj
 0001:000027dd       ?AddRef@?$CComObject@VCOPOSPOSPower@@@ATL@@WJM@AGKXZ 100037dd f i POSPower.obj
 0001:000027ea       ?Release@?$CComObject@VCOPOSPOSPower@@@ATL@@WJM@AGKXZ 100037ea f i POSPower.obj
 0001:000027f7       ?QueryInterface@?$CComObject@VCOPOSPOSPower@@@ATL@@WKA@AGJABU_GUID@@PAPAX@Z 100037f7 f i POSPower.obj
 0001:00002804       ?AddRef@?$CComObject@VCOPOSPOSPower@@@ATL@@WKA@AGKXZ 10003804 f i POSPower.obj
 0001:00002811       ?Release@?$CComObject@VCOPOSPOSPower@@@ATL@@WKA@AGKXZ 10003811 f i POSPower.obj
 0001:0000281e       ?AddRef@?$CComObject@VCOPOSPOSPower@@@ATL@@WKI@AGKXZ 1000381e f i POSPower.obj
 0001:0000282b       ?Release@?$CComObject@VCOPOSPOSPower@@@ATL@@WKI@AGKXZ 1000382b f i POSPower.obj
 0001:00002838       ?AddRef@?$CComObject@VCOPOSPOSPower@@@ATL@@WLE@AGKXZ 10003838 f i POSPower.obj
 0001:00002845       ?Release@?$CComObject@VCOPOSPOSPower@@@ATL@@WLE@AGKXZ 10003845 f i POSPower.obj
 0001:00002852       ??_E?$CComContainedObject@VCOPOSPOSPower@@@ATL@@W3AEPAXI@Z 10003852 f i POSPower.obj
 0001:0000285a       ??_E?$CComContainedObject@VCOPOSPOSPower@@@ATL@@WEM@AEPAXI@Z 1000385a f i POSPower.obj
 0001:00002862       ?QueryInterface@?$CComContainedObject@VCOPOSPOSPower@@@ATL@@WHA@AGJABU_GUID@@PAPAX@Z 10003862 f i POSPower.obj
 0001:0000286c       ?AddRef@?$CComContainedObject@VCOPOSPOSPower@@@ATL@@WHA@AGKXZ 1000386c f i POSPower.obj
 0001:00002876       ?Release@?$CComContainedObject@VCOPOSPOSPower@@@ATL@@WHA@AGKXZ 10003876 f i POSPower.obj
 0001:00002880       ?QueryInterface@?$CComContainedObject@VCOPOSPOSPower@@@ATL@@WHE@AGJABU_GUID@@PAPAX@Z 10003880 f i POSPower.obj
 0001:0000288a       ?AddRef@?$CComContainedObject@VCOPOSPOSPower@@@ATL@@WHE@AGKXZ 1000388a f i POSPower.obj
 0001:00002894       ?Release@?$CComContainedObject@VCOPOSPOSPower@@@ATL@@WHE@AGKXZ 10003894 f i POSPower.obj
 0001:0000289e       ?QueryInterface@?$CComContainedObject@VCOPOSPOSPower@@@ATL@@WHI@AGJABU_GUID@@PAPAX@Z 1000389e f i POSPower.obj
 0001:000028a8       ?AddRef@?$CComContainedObject@VCOPOSPOSPower@@@ATL@@WHI@AGKXZ 100038a8 f i POSPower.obj
 0001:000028b2       ?Release@?$CComContainedObject@VCOPOSPOSPower@@@ATL@@WHI@AGKXZ 100038b2 f i POSPower.obj
 0001:000028bc       ?QueryInterface@?$CComContainedObject@VCOPOSPOSPower@@@ATL@@WHM@AGJABU_GUID@@PAPAX@Z 100038bc f i POSPower.obj
 0001:000028c6       ?AddRef@?$CComContainedObject@VCOPOSPOSPower@@@ATL@@WHM@AGKXZ 100038c6 f i POSPower.obj
 0001:000028d0       ?Release@?$CComContainedObject@VCOPOSPOSPower@@@ATL@@WHM@AGKXZ 100038d0 f i POSPower.obj
 0001:000028da       ?QueryInterface@?$CComContainedObject@VCOPOSPOSPower@@@ATL@@WIA@AGJABU_GUID@@PAPAX@Z 100038da f i POSPower.obj
 0001:000028e7       ?AddRef@?$CComContainedObject@VCOPOSPOSPower@@@ATL@@WIA@AGKXZ 100038e7 f i POSPower.obj
 0001:000028f4       ??$?4UITypeInfo2@@@?$CComPtr@UITypeInfo@@@ATL@@QAEPAUITypeInfo@@ABV?$CComPtr@UITypeInfo2@@@1@@Z 100038f4 f i POSPower.obj
 0001:00002921       ??$AtlAdd@K@ATL@@YAJPAKKK@Z 10003921 f i POSPower.obj
 0001:00002944       ??$AtlAdd@_K@ATL@@YAJPA_K_K1@Z 10003944 f i POSPower.obj
 0001:0000297c       ??$AtlAddThrow@K@ATL@@YAKKK@Z 1000397c f i POSPower.obj
 0001:000029a2       ??$AtlModuleRegisterWndClassInfoT@VAtlModuleRegisterWndClassInfoParamW@ATL@@@ATL@@YAGPAU_ATL_BASE_MODULE70@0@PAU_ATL_WIN_MODULE70@0@PAU_ATL_WNDCLASSINFOW@0@PAP6GJPAUHWND__@@IIJ@ZVAtlModuleRegisterWndClassInfoParamW@0@@Z 100039a2 f i POSPower.obj
 0001:00002af0       ??$AtlMultiply@H@ATL@@YAJPAHHH@Z 10003af0 f i POSPower.obj
 0001:00002b28       ??$AtlMultiply@I@ATL@@YAJPAIII@Z 10003b28 f i POSPower.obj
 0001:00002b28       ??$AtlMultiply@K@ATL@@YAJPAKKK@Z 10003b28 f i POSPower.obj
 0001:00002b4a       ??$AtlMultiplyThrow@I@ATL@@YAIII@Z 10003b4a f i POSPower.obj
 0001:00002b70       ??0?$CComAggObject@VCOPOSPOSPower@@@ATL@@QAE@PAX@Z 10003b70 f i POSPower.obj
 0001:00002b9d       ??0?$CComContainedObject@VCOPOSPOSPower@@@ATL@@QAE@PAX@Z 10003b9d f i POSPower.obj
 0001:00002c56       ??0?$CComObject@V?$CComEnum@UIEnumConnectionPoints@@$1?_GUID_b196b285_bab4_101a_b69c_00aa00341d07@@3U__s_GUID@@BPAUIConnectionPoint@@V?$_CopyInterface@UIConnectionPoint@@@ATL@@VCComSingleThreadModel@6@@ATL@@@ATL@@QAE@PAX@Z 10003c56 f i POSPower.obj
 0001:00002c84       ??0?$CComObject@V?$CComEnum@UIEnumConnections@@$1?_GUID_b196b287_bab4_101a_b69c_00aa00341d07@@3U__s_GUID@@BUtagCONNECTDATA@@V?$_Copy@UtagCONNECTDATA@@@ATL@@VCComSingleThreadModel@6@@ATL@@@ATL@@QAE@PAX@Z 10003c84 f i POSPower.obj
 0001:00002cb2       ??0?$CComObject@VCOPOSPOSPower@@@ATL@@QAE@PAX@Z 10003cb2 f i POSPower.obj
 0001:00002d69       ??0?$CComQIPtr@UIOleControlSite@@$1?_GUID_b196b289_bab4_101a_b69c_00aa00341d07@@3U__s_GUID@@B@ATL@@QAE@PAUIUnknown@@@Z 10003d69 f i POSPower.obj
 0001:00002d92       ??0CAtlModule@ATL@@QAE@XZ  10003d92 f i POSPower.obj
 0001:00002dd3       ??0CParseBuffer@CRegParser@ATL@@QAE@H@Z 10003dd3 f i POSPower.obj
 0001:00002e09       ??0_ATL_MSG@ATL@@QAE@PAUHWND__@@IIJH@Z 10003e09 f i POSPower.obj
 0001:00002e41       ??1?$CComAggObject@VCOPOSPOSPower@@@ATL@@UAE@XZ 10003e41 f i POSPower.obj
 0001:00002e65       ??1?$CComEnumImpl@UIEnumConnectionPoints@@$1?_GUID_b196b285_bab4_101a_b69c_00aa00341d07@@3U__s_GUID@@BPAUIConnectionPoint@@V?$_CopyInterface@UIConnectionPoint@@@ATL@@@ATL@@UAE@XZ 10003e65 f i POSPower.obj
 0001:00002ea5       ??1?$CComEnumImpl@UIEnumConnections@@$1?_GUID_b196b287_bab4_101a_b69c_00aa00341d07@@3U__s_GUID@@BUtagCONNECTDATA@@V?$_Copy@UtagCONNECTDATA@@@ATL@@@ATL@@UAE@XZ 10003ea5 f i POSPower.obj
 0001:00002ee5       ??1?$CComObject@V?$CComEnum@UIEnumConnectionPoints@@$1?_GUID_b196b285_bab4_101a_b69c_00aa00341d07@@3U__s_GUID@@BPAUIConnectionPoint@@V?$_CopyInterface@UIConnectionPoint@@@ATL@@VCComSingleThreadModel@6@@ATL@@@ATL@@UAE@XZ 10003ee5 f i POSPower.obj
 0001:00002f08       ??1?$CComObject@V?$CComEnum@UIEnumConnections@@$1?_GUID_b196b287_bab4_101a_b69c_00aa00341d07@@3U__s_GUID@@BUtagCONNECTDATA@@V?$_Copy@UtagCONNECTDATA@@@ATL@@VCComSingleThreadModel@6@@ATL@@@ATL@@UAE@XZ 10003f08 f i POSPower.obj
 0001:00002f2b       ??1?$CComObject@VCOPOSPOSPower@@@ATL@@UAE@XZ 10003f2b f i POSPower.obj
 0001:00002fe9       ??1?$CComObjectCached@VCComClassFactory@ATL@@@ATL@@UAE@XZ 10003fe9 f i POSPower.obj
 0001:00002fff       ??1?$CComObjectRootEx@VCComMultiThreadModel@ATL@@@ATL@@QAE@XZ 10003fff f i POSPower.obj
 0001:00003014       ??1CRegObject@ATL@@UAE@XZ  10004014 f i POSPower.obj
 0001:00003034       ??4?$CComPtr@UIOleClientSite@@@ATL@@QAEPAUIOleClientSite@@PAU2@@Z 10004034 f i POSPower.obj
 0001:00003034       ??4?$CComPtr@UIAdviseSink@@@ATL@@QAEPAUIAdviseSink@@PAU2@@Z 10004034 f i POSPower.obj
 0001:00003034       ??4?$CComPtr@UIUnknown@@@ATL@@QAEPAUIUnknown@@PAU2@@Z 10004034 f i POSPower.obj
 0001:00003068       ??_E?$CComContainedObject@VCOPOSPOSPower@@@ATL@@UAEPAXI@Z 10004068 f i POSPower.obj
 0001:00003068       ??_G?$CComContainedObject@VCOPOSPOSPower@@@ATL@@UAEPAXI@Z 10004068 f i POSPower.obj
 0001:0000308d       ??_E?$CComObject@VCOPOSPOSPower@@@ATL@@UAEPAXI@Z 1000408d f i POSPower.obj
 0001:0000308d       ??_G?$CComObject@VCOPOSPOSPower@@@ATL@@UAEPAXI@Z 1000408d f i POSPower.obj
 0001:000030b2       ?Add@?$CSimpleArray@GV?$CSimpleArrayEqualHelper@G@ATL@@@ATL@@QAEHABG@Z 100040b2 f i POSPower.obj
 0001:00003136       ?Add@?$CSimpleMap@PA_WPA_WVCExpansionVectorEqualHelper@ATL@@@ATL@@QAEHABQA_W0@Z 10004136 f i POSPower.obj
 0001:0000318b       ?Add@CComDynamicUnkArray@ATL@@QAEKPAUIUnknown@@@Z 1000418b f i POSPower.obj
 0001:00003241       ?Add@CExpansionVector@ATL@@QAEHPB_W0@Z 10004241 f i POSPower.obj
 0001:0000334a       ?AddString@CParseBuffer@CRegParser@ATL@@QAEHPB_W@Z 1000434a f i POSPower.obj
 0001:0000337f       ?AddTermFunc@CAtlModule@ATL@@QAEJP6GXK@ZK@Z 1000437f f i POSPower.obj
 0001:000033e2       ?AddValue@CRegParser@ATL@@IAEJAAVCRegKey@2@PB_WPA_W@Z 100043e2 f i POSPower.obj
 0001:000036fc       ?Allocate@?$CAtlSafeAllocBufferManager@VCCRTAllocator@ATL@@@_ATL_SAFE_ALLOCA_IMPL@ATL@@QAEPAXK@Z 100046fc f i POSPower.obj
 0001:00003729       ?Allocate@?$CTempBuffer@E$0BAA@VCCRTAllocator@ATL@@@ATL@@QAEPAEI@Z 10004729 f i POSPower.obj
 0001:00003758       ?Allocate@?$CTempBuffer@_W$0BAA@VCCRTAllocator@ATL@@@ATL@@QAEPA_WI@Z 10004758 f i POSPower.obj
 0001:00003787       ?Allocate@?$CTempBuffer@_W$0EAA@VCCRTAllocator@ATL@@@ATL@@QAEPA_WI@Z 10004787 f i POSPower.obj
 0001:000037b6       ?AllocateHeap@?$CTempBuffer@_W$0EAA@VCCRTAllocator@ATL@@@ATL@@AAEXI@Z 100047b6 f i POSPower.obj
 0001:000037b6       ?AllocateHeap@?$CTempBuffer@_W$0BAA@VCCRTAllocator@ATL@@@ATL@@AAEXI@Z 100047b6 f i POSPower.obj
 0001:000037b6       ?AllocateHeap@?$CTempBuffer@E$0BAA@VCCRTAllocator@ATL@@@ATL@@AAEXI@Z 100047b6 f i POSPower.obj
 0001:000037db       ?Append@CParseBuffer@CRegParser@ATL@@QAEHPB_WH@Z 100047db f i POSPower.obj
 0001:00003869       ?AtlCoTaskMemCAlloc@ATL@@YAPAXKK@Z 10004869 f i POSPower.obj
 0001:00003896       ?AtlCoTaskMemRecalloc@ATL@@YAPAXPAXKK@Z 10004896 f i POSPower.obj
 0001:000038c6       ?AtlComModuleGetClassObject@ATL@@YGJPAU_ATL_COM_MODULE70@1@ABU_GUID@@1PAPAX@Z 100048c6 f i POSPower.obj
 0001:000039b9       ?AtlComModuleRegisterServer@ATL@@YGJPAU_ATL_COM_MODULE70@1@HPBU_GUID@@@Z 100049b9 f i POSPower.obj
 0001:00003a41       ?AtlComModuleUnregisterServer@ATL@@YGJPAU_ATL_COM_MODULE70@1@HPBU_GUID@@@Z 10004a41 f i POSPower.obj
 0001:00003ac9       ?AtlComQIPtrAssign2@ATL@@YAXPAPAUIUnknown@@PAU2@ABU_GUID@@@Z 10004ac9 f i POSPower.obj
 0001:00003af8       ?AtlCreateTargetDC@ATL@@YGPAUHDC__@@PAU2@PAUtagDVTARGETDEVICE@@@Z 10004af8 f i POSPower.obj
 0001:00003b61       ?AtlCrtErrorCheck@ATL@@YAHH@Z 10004b61 f i POSPower.obj
 0001:00003b9c       ?AtlHiMetricToPixel@ATL@@YGXPBUtagSIZE@@PAU2@@Z 10004b9c f i POSPower.obj
 0001:00003c11       ?AtlHresultFromLastError@ATL@@YAJXZ 10004c11 f i POSPower.obj
 0001:00003c28       ?AtlHresultFromWin32@ATL@@YAJK@Z 10004c28 f i POSPower.obj
 0001:00003c3d       ?AtlInternalOleLoadFromStream@ATL@@YAJPAUIStream@@ABU_GUID@@PAPAXTClassesAllowedInStream@1@K@Z 10004c3d f i POSPower.obj
 0001:00003d5b       ?AtlInternalQueryInterface@ATL@@YGJPAXPBU_ATL_INTMAP_ENTRY@1@ABU_GUID@@PAPAX@Z 10004d5b f i POSPower.obj
 0001:00003dfe       ?AtlLoadTypeLib@ATL@@YGJPAUHINSTANCE__@@PB_WPAPA_WPAPAUITypeLib@@@Z 10004dfe f i POSPower.obj
 0001:00003fdc       ?AtlRegisterClassCategoriesHelper@ATL@@YGJABU_GUID@@PBU_ATL_CATMAP_ENTRY@1@H@Z 10004fdc f i POSPower.obj
 0001:000042d8       ?AtlRegisterTypeLib@ATL@@YGJPAUHINSTANCE__@@PB_W@Z 100052d8 f i POSPower.obj
 0001:00004460       ?AtlThrowImpl@ATL@@YGXJ@Z  10005460 f i POSPower.obj
 0001:0000447e       ?AtlUnRegisterTypeLib@ATL@@YGJPAUHINSTANCE__@@PB_W@Z 1000547e f i POSPower.obj
 0001:00004529       ?AtlWinModuleAddCreateWndData@ATL@@YGXPAU_ATL_WIN_MODULE70@1@PAU_AtlCreateWndData@1@PAX@Z 10005529 f i POSPower.obj
 0001:0000457d       ?AtlWinModuleExtractCreateWndData@ATL@@YGPAXPAU_ATL_WIN_MODULE70@1@@Z 1000557d f i POSPower.obj
 0001:000045e0       ?AtlWinModuleRegisterClassExW@ATL@@YGGPAU_ATL_WIN_MODULE70@1@PBUtagWNDCLASSEXW@@@Z 100055e0 f i POSPower.obj
 0001:0000461f       ?CanForceRemoveKey@CRegParser@ATL@@IAEHPB_W@Z 1000561f f i POSPower.obj
 0001:0000464e       ?ChToByte@CRegParser@ATL@@KAE_W@Z 1000564e f i POSPower.obj
 0001:00004681       ?Cleanup@CComTypeInfoHolder@ATL@@SGXK@Z 10005681 f i POSPower.obj
 0001:000046b4       ?ClearReplacements@CExpansionVector@ATL@@QAEJXZ 100056b4 f i POSPower.obj
 0001:000046f1       ?Close@CRegKey@ATL@@QAEJXZ 100056f1 f i POSPower.obj
 0001:0000470b       ?CreateInstance@?$CComCreator@V?$CComAggObject@VCOPOSPOSPower@@@ATL@@@ATL@@SGJPAXABU_GUID@@PAPAX@Z 1000570b f i POSPower.obj
 0001:00004780       ?CreateInstance@?$CComCreator@V?$CComObject@VCOPOSPOSPower@@@ATL@@@ATL@@SGJPAXABU_GUID@@PAPAX@Z 10005780 f i POSPower.obj
 0001:00004800       ?CreateInstance@?$CComObject@V?$CComEnum@UIEnumConnectionPoints@@$1?_GUID_b196b285_bab4_101a_b69c_00aa00341d07@@3U__s_GUID@@BPAUIConnectionPoint@@V?$_CopyInterface@UIConnectionPoint@@@ATL@@VCComSingleThreadModel@6@@ATL@@@ATL@@SGJPAPAV12@@Z 10005800 f i POSPower.obj
 0001:0000484a       ?CreateInstance@?$CComObject@V?$CComEnum@UIEnumConnections@@$1?_GUID_b196b287_bab4_101a_b69c_00aa00341d07@@3U__s_GUID@@BUtagCONNECTDATA@@V?$_Copy@UtagCONNECTDATA@@@ATL@@VCComSingleThreadModel@6@@ATL@@@ATL@@SGJPAPAV12@@Z 1000584a f i POSPower.obj
 0001:00004894       ?DefaultReflectionHandler@?$CWindowImplRoot@VCWindow@ATL@@@ATL@@SAHPAUHWND__@@IIJAAJ@Z 10005894 f i POSPower.obj
 0001:00004907       ?DeleteSubKey@CRegKey@ATL@@QAEJPB_W@Z 10005907 f i POSPower.obj
 0001:00004980       ?DoEvent@COPOSPOSPower@@IAEXIIJ@Z 10005980 f i POSPower.obj
 0001:00004a00       ?DoVerbHide@?$IOleObjectImpl@VCOPOSPOSPower@@@ATL@@QAEJPBUtagRECT@@PAUHWND__@@@Z 10005a00 f i POSPower.obj
 0001:00004a36       ?DoVerbInPlaceActivate@?$IOleObjectImpl@VCOPOSPOSPower@@@ATL@@QAEJPBUtagRECT@@PAUHWND__@@@Z 10005a36 f i POSPower.obj
 0001:00004a69       ?DoVerbPrimary@?$IOleObjectImpl@VCOPOSPOSPower@@@ATL@@QAEJPBUtagRECT@@PAUHWND__@@@Z 10005a69 f i POSPower.obj
 0001:00004af5       ?DoVerbProperties@CComControlBase@ATL@@QAEJPBUtagRECT@@PAUHWND__@@@Z 10005af5 f i POSPower.obj
 0001:00004c74       ?DoVerbUIActivate@?$IOleObjectImpl@VCOPOSPOSPower@@@ATL@@QAEJPBUtagRECT@@PAUHWND__@@@Z 10005c74 f i POSPower.obj
 0001:00004cb1       ?DoesVerbActivate@CComControlBase@ATL@@QAEHJ@Z 10005cb1 f i POSPower.obj
 0001:00004cd2       ?DoesVerbUIActivate@CComControlBase@ATL@@QAEHJ@Z 10005cd2 f i POSPower.obj
 0001:00004d07       ?EndOfVar@CRegParser@ATL@@IAEHXZ 10005d07 f i POSPower.obj
 0001:00004d27       ?EscapeSingleQuote@CAtlModule@ATL@@SAXPA_WIPB_W@Z 10005d27 f i POSPower.obj
 0001:00004d76       ?FindKey@?$CSimpleMap@PA_WPA_WVCExpansionVectorEqualHelper@ATL@@@ATL@@QBEHABQA_W@Z 10005d76 f i POSPower.obj
 0001:00004dad       ?FireTheEvent@?$CProxy_IOPOSEvents@VCOPOSPOSPower@@@@IAEXPAVOposVariant@@IAAJPB_WJ@Z 10005dad f i POSPower.obj
 0001:00004e3f       ?FireViewChange@CComControlBase@ATL@@QAEJXZ 10005e3f f i POSPower.obj
 0001:00004e88       ?Fire_DirectIOEvent@?$CProxy_IOPOSEvents@VCOPOSPOSPower@@@@QAEXJPAJPAPA_W@Z 10005e88 f i POSPower.obj
 0001:00004f74       ?Fire_StatusUpdateEvent@?$CProxy_IOPOSEvents@VCOPOSPOSPower@@@@QAEXJ@Z 10005f74 f i POSPower.obj
 0001:0000500a       ?FreeHeap@?$CTempBuffer@E$0BAA@VCCRTAllocator@ATL@@@ATL@@AAEXXZ 1000600a f i POSPower.obj
 0001:0000500a       ?FreeHeap@?$CTempBuffer@_W$0EAA@VCCRTAllocator@ATL@@@ATL@@AAEXXZ 1000600a f i POSPower.obj
 0001:0000500a       ?FreeHeap@?$CTempBuffer@_W$0BAA@VCCRTAllocator@ATL@@@ATL@@AAEXXZ 1000600a f i POSPower.obj
 0001:00005013       ?GetAmbientLocaleID@CComControlBase@ATL@@QAEJAAK@Z 10006013 f i POSPower.obj
 0001:0000506f       ?GetAmbientUserMode@CComControlBase@ATL@@QAEJAAH@Z 1000606f f i POSPower.obj
 0001:000050df       ?GetAt@CComDynamicUnkArray@ATL@@QAEPAUIUnknown@@H@Z 100060df f i POSPower.obj
 0001:000050fb       ?GetClassObject@CComModule@ATL@@QAEJABU_GUID@@0PAPAX@Z 100060fb f i POSPower.obj
 0001:0000519d       ?GetConnMap@COPOSPOSPower@@SAPBU_ATL_CONNMAP_ENTRY@ATL@@PAH@Z 1000619d f i POSPower.obj
 0001:0000520d       ?GetCookie@CComDynamicUnkArray@ATL@@QAGKPAPAUIUnknown@@@Z 1000620d f i POSPower.obj
 0001:00005245       ?GetIDsOfNames@CComTypeInfoHolder@ATL@@QAEJABU_GUID@@PAPA_WIKPAJ@Z 10006245 f i POSPower.obj
 0001:0000536c       ?GetKeyAt@?$CSimpleMap@PA_WPA_WVCExpansionVectorEqualHelper@ATL@@@ATL@@QBEAAPA_WH@Z 1000636c f i POSPower.obj
 0001:00005391       ?GetPagesHelper@?$ISpecifyPropertyPagesImpl@VCOPOSPOSPower@@@ATL@@IAEJPAUtagCAUUID@@PBUATL_PROPMAP_ENTRY@2@@Z 10006391 f i POSPower.obj
 0001:000054b8       ?GetProperty@?$CComPtr@UIDispatch@@@ATL@@SAJPAUIDispatch@@JPAUtagVARIANT@@@Z 100064b8 f i POSPower.obj
 0001:00005507       ?GetSizeMax@CComVariant@ATL@@QBEJPAT_ULARGE_INTEGER@@@Z 10006507 f i POSPower.obj
 0001:000056c9       ?GetTI@CComTypeInfoHolder@ATL@@QAEJK@Z 100066c9 f i POSPower.obj
 0001:000058a8       ?GetTI@CComTypeInfoHolder@ATL@@QAEJKPAPAUITypeInfo@@@Z 100068a8 f i POSPower.obj
 0001:000058ea       ?GetUnknown@CComDynamicUnkArray@ATL@@QAGPAUIUnknown@@K@Z 100068ea f i POSPower.obj
 0001:0000590b       ?GetValueAt@?$CSimpleMap@PA_WPA_WVCExpansionVectorEqualHelper@ATL@@@ATL@@QBEAAPA_WH@Z 1000690b f i POSPower.obj
 0001:00005931       ?GetZoomInfo@CComControlBase@ATL@@QAEXAAUATL_DRAWINFO@@@Z 10006931 f i POSPower.obj
 0001:000059c4       ?HKeyFromString@CRegParser@ATL@@KAPAUHKEY__@@PA_W@Z 100069c4 f i POSPower.obj
 0001:000059f2       ?HasSubKeys@CRegParser@ATL@@IAEHPAUHKEY__@@@Z 100069f2 f i POSPower.obj
 0001:00005a27       ?IDataObject_GetData@CComControlBase@ATL@@QAEJPAUtagFORMATETC@@PAUtagSTGMEDIUM@@@Z 10006a27 f i POSPower.obj
 0001:00005bcd       ?IOleInPlaceObject_InPlaceDeactivate@CComControlBase@ATL@@QAEJXZ 10006bcd f i POSPower.obj
 0001:00005c54       ?IOleInPlaceObject_SetObjectRects@CComControlBase@ATL@@QAEJPBUtagRECT@@0@Z 10006c54 f i POSPower.obj
 0001:00005d21       ?IOleInPlaceObject_UIDeactivate@CComControlBase@ATL@@QAEJXZ 10006d21 f i POSPower.obj
 0001:00005de3       ?IOleObject_Advise@CComControlBase@ATL@@QAEJPAUIAdviseSink@@PAK@Z 10006de3 f i POSPower.obj
 0001:00005e0d       ?IOleObject_Close@CComControlBase@ATL@@QAEJK@Z 10006e0d f i POSPower.obj
 0001:00005ef1       ?IOleObject_GetClientSite@CComControlBase@ATL@@QAEJPAPAUIOleClientSite@@@Z 10006ef1 f i POSPower.obj
 0001:00005f1a       ?IOleObject_SetClientSite@CComControlBase@ATL@@QAEJPAUIOleClientSite@@@Z 10006f1a f i POSPower.obj
 0001:00005f59       ?IOleObject_SetExtent@CComControlBase@ATL@@QAEJKPAUtagSIZE@@@Z 10006f59 f i POSPower.obj
 0001:0000600d       ?IPSI_GetIPersistStreamInit@?$IPersistStorageImpl@VCOPOSPOSPower@@@ATL@@AAEPAUIPersistStreamInit@@XZ 1000700d f i POSPower.obj
 0001:000060b5       ?IPersistStreamInit_Load@?$IPersistStreamInitImpl@VCOPOSPOSPower@@@ATL@@QAEJPAUIStream@@PBUATL_PROPMAP_ENTRY@2@@Z 100070b5 f i POSPower.obj
 0001:0000632a       ?IPersistStreamInit_Save@?$IPersistStreamInitImpl@VCOPOSPOSPower@@@ATL@@QAEJPAUIStream@@HPBUATL_PROPMAP_ENTRY@2@@Z 1000732a f i POSPower.obj
 0001:00006518       ?IQuickActivate_QuickActivate@CComControlBase@ATL@@QAEJPAUtagQACONTAINER@@PAUtagQACONTROL@@@Z 10007518 f i POSPower.obj
 0001:0000675a       ?IViewObject_Draw@CComControlBase@ATL@@QAEJKJPAXPAUtagDVTARGETDEVICE@@PAUHDC__@@2PBU_RECTL@@3@Z 1000775a f i POSPower.obj
 0001:00006802       ?InPlaceActivate@CComControlBase@ATL@@QAEJJPBUtagRECT@@@Z 10007802 f i POSPower.obj
 0001:00006a73       ?Init@?$CComEnumImpl@UIEnumConnectionPoints@@$1?_GUID_b196b285_bab4_101a_b69c_00aa00341d07@@3U__s_GUID@@BPAUIConnectionPoint@@V?$_CopyInterface@UIConnectionPoint@@@ATL@@@ATL@@QAEJPAPAUIConnectionPoint@@0PAUIUnknown@@W4CComEnumFlags@2@@Z 10007a73 f i POSPower.obj
 0001:00006b52       ?Init@?$CComEnumImpl@UIEnumConnections@@$1?_GUID_b196b287_bab4_101a_b69c_00aa00341d07@@3U__s_GUID@@BUtagCONNECTDATA@@V?$_Copy@UtagCONNECTDATA@@@ATL@@@ATL@@QAEJPAUtagCONNECTDATA@@0PAUIUnknown@@W4CComEnumFlags@2@@Z 10007b52 f i POSPower.obj
 0001:00006c31       ?Init@CComModule@ATL@@QAEJPAU_ATL_OBJMAP_ENTRY30@2@PAUHINSTANCE__@@PBU_GUID@@@Z 10007c31 f i POSPower.obj
 0001:00006c90       ?Init@CDynamicStdCallThunk2@ATL@@QAEHKPAX@Z 10007c90 f i POSPower.obj
 0001:00006cbb       ?InlineIsEqualUnknown@ATL@@YGHABU_GUID@@@Z 10007cbb f i POSPower.obj
 0001:00006ce3       ?InternalSetAtIndex@?$CSimpleMap@PA_WPA_WVCExpansionVectorEqualHelper@ATL@@@ATL@@QAEXHABQA_W0@Z 10007ce3 f i POSPower.obj
 0001:00006d0d       ?Invoke@CComTypeInfoHolder@ATL@@QAEJPAUIDispatch@@JABU_GUID@@KGPAUtagDISPPARAMS@@PAUtagVARIANT@@PAUtagEXCEPINFO@@PAI@Z 10007d0d f i POSPower.obj
 0001:00006d50       ?IsEqualObject@?$CComPtrBase@UIOleClientSite@@@ATL@@QAE_NPAUIUnknown@@@Z 10007d50 f i POSPower.obj
 0001:00006d50       ?IsEqualObject@?$CComPtrBase@UITypeInfo@@@ATL@@QAE_NPAUIUnknown@@@Z 10007d50 f i POSPower.obj
 0001:00006dbd       ?IsSpace@CRegParser@ATL@@IAEH_W@Z 10007dbd f i POSPower.obj
 0001:00006de7       ?LoadNameCache@CComTypeInfoHolder@ATL@@QAEJPAUITypeInfo@@@Z 10007de7 f i POSPower.obj
 0001:00006f1c       ?Lookup@?$CSimpleMap@PA_WPA_WVCExpansionVectorEqualHelper@ATL@@@ATL@@QBEPA_WABQA_W@Z 10007f1c f i POSPower.obj
 0001:00006f42       ?NextToken@CRegParser@ATL@@IAEJPA_W@Z 10007f42 f i POSPower.obj
 0001:0000707a       ?OnKillFocus@CComControlBase@ATL@@QAEJIIJAAH@Z 1000807a f i POSPower.obj
 0001:000070d5       ?OnMouseActivate@CComControlBase@ATL@@QAEJIIJAAH@Z 100080d5 f i POSPower.obj
 0001:00007143       ?OnPaint@CComControlBase@ATL@@QAEJIIJAAH@Z 10008143 f i POSPower.obj
 0001:000071f5       ?OnSetFocus@CComControlBase@ATL@@QAEJIIJAAH@Z 100081f5 f i POSPower.obj
 0001:0000727e       ?Open@CRegKey@ATL@@QAEJPAUHKEY__@@PB_WK@Z 1000827e f i POSPower.obj
 0001:000072d3       ?PreProcessBuffer@CRegParser@ATL@@QAEJPA_WPAPA_W@Z 100082d3 f i POSPower.obj
 0001:00007542       ?ProcessWindowMessage@?$CComControl@VCOPOSPOSPower@@V?$CWindowImpl@VCOPOSPOSPower@@VCWindow@ATL@@V?$CWinTraits@$0FGAAAAAA@$0A@@3@@ATL@@@ATL@@UAEHPAUHWND__@@IIJAAJK@Z 10008542 f i POSPower.obj
 0001:000075e1       ?ReadFromStream@CComBSTR@ATL@@QAEJPAUIStream@@@Z 100085e1 f i POSPower.obj
 0001:00007704       ?ReadFromStream@CComVariant@ATL@@QAEJPAUIStream@@GTClassesAllowedInStream@2@K@Z 10008704 f i POSPower.obj
 0001:0000788e       ?RecurseDeleteKey@CRegKey@ATL@@QAEJPB_W@Z 1000888e f i POSPower.obj
 0001:0000797c       ?RegCreateKeyExW@CAtlTransactionManager@ATL@@QAEJPAUHKEY__@@PB_WKPA_WKKQAU_SECURITY_ATTRIBUTES@@PAPAU3@PAK@Z 1000897c f i POSPower.obj
 0001:000079df       ?RegDeleteKeyW@CAtlTransactionManager@ATL@@QAEJPAUHKEY__@@PB_W@Z 100089df f i POSPower.obj
 0001:00007a31       ?RegOpenKeyExW@CAtlTransactionManager@ATL@@QAEJPAUHKEY__@@PB_WKKPAPAU3@@Z 10008a31 f i POSPower.obj
 0001:00007a88       ?Register@_ATL_WNDCLASSINFOW@ATL@@QAEGPAP6GJPAUHWND__@@IIJ@Z@Z 10008a88 f i POSPower.obj
 0001:00007aa8       ?RegisterBuffer@CRegParser@ATL@@QAEJPA_WH@Z 10008aa8 f i POSPower.obj
 0001:00007bef       ?RegisterFromResource@CRegObject@ATL@@IAEJPB_W00H@Z 10008bef f i POSPower.obj
 0001:00007d25       ?RegisterServer@?$CAtlModuleT@VCComModule@ATL@@@ATL@@QAEJHPBU_GUID@@@Z 10008d25 f i POSPower.obj
 0001:00007d53       ?RegisterServer@CComModule@ATL@@QAEJHPBU_GUID@@@Z 10008d53 f i POSPower.obj
 0001:00007dc9       ?RegisterSubkeys@CRegParser@ATL@@IAEJPA_WPAUHKEY__@@HH@Z 10008dc9 f i POSPower.obj
 0001:00008476       ?Remove@CComDynamicUnkArray@ATL@@QAEHK@Z 10009476 f i POSPower.obj
 0001:0000849f       ?RemoveAll@?$CSimpleMap@PA_WPA_WVCExpansionVectorEqualHelper@ATL@@@ATL@@QAEXXZ 1000949f f i POSPower.obj
 0001:000084cb       ?ResourceRegisterSz@CRegObject@ATL@@QAGJPB_W00@Z 100094cb f i POSPower.obj
 0001:000084f8       ?ResourceUnregisterSz@CRegObject@ATL@@QAGJPB_W00@Z 100094f8 f i POSPower.obj
 0001:00008525       ?SendOnDataChange@CComControlBase@ATL@@QAEJK@Z 10009525 f i POSPower.obj
 0001:00008572       ?SetControlFocus@CComControlBase@ATL@@QAEHH@Z 10009572 f i POSPower.obj
 0001:0000860f       ?SetMultiStringValue@CRegKey@ATL@@QAEJPB_W0@Z 1000960f f i POSPower.obj
 0001:0000866b       ?SetStringValue@CRegKey@ATL@@QAEJPB_W0K@Z 1000966b f i POSPower.obj
 0001:000086b4       ?SkipAssignment@CRegParser@ATL@@IAEJPA_W@Z 100096b4 f i POSPower.obj
 0001:00008719       ?SkipWhiteSpace@CRegParser@ATL@@IAEXXZ 10009719 f i POSPower.obj
 0001:0000873b       ?StrChrW@CRegParser@ATL@@KAPA_WPA_W_W@Z 1000973b f i POSPower.obj
 0001:00008778       ?Term@CAtlModule@ATL@@QAEXXZ 10009778 f i POSPower.obj
 0001:000087cb       ?Term@CComModule@ATL@@QAEXXZ 100097cb f i POSPower.obj
 0001:00008823       ?UnregisterServer@?$CAtlModuleT@VCComModule@ATL@@@ATL@@QAEJHPBU_GUID@@@Z 10009823 f i POSPower.obj
 0001:00008849       ?UnregisterServer@CComModule@ATL@@QAEJHPBU_GUID@@@Z 10009849 f i POSPower.obj
 0001:000088bf       ?UpdateRegistryFromResource@CAtlModule@ATL@@QAGJIHPAU_ATL_REGMAP_ENTRY@2@@Z 100098bf f i POSPower.obj
 0001:00008a8a       ?UpdateRegistryFromResource@CAtlModule@ATL@@QAGJPB_WHPAU_ATL_REGMAP_ENTRY@2@@Z 10009a8a f i POSPower.obj
 0001:00008c5b       ?VTFromRegType@CRegParser@ATL@@KAHPB_WAAG@Z 10009c5b f i POSPower.obj
 0001:00008cc8       ?WindowProc@?$CWindowImplBaseT@VCWindow@ATL@@V?$CWinTraits@$0FGAAAAAA@$0A@@2@@ATL@@SGJPAUHWND__@@IIJ@Z 10009cc8 f i POSPower.obj
 0001:00008dba       ?WriteToStream@CComBSTR@ATL@@QAEJPAUIStream@@@Z 10009dba f i POSPower.obj
 0001:00008e1c       ?WriteToStream@CComVariant@ATL@@QAEJPAUIStream@@@Z 10009e1c f i POSPower.obj
 0001:00008f96       ?WriteToStream@CComVariant@ATL@@QAEJPAUIStream@@G@Z 10009f96 f i POSPower.obj
 0001:00008fff       ?_AtlInitialConstruct@?$CComObjectRootEx@VCComMultiThreadModel@ATL@@@ATL@@QAEJXZ 10009fff f i POSPower.obj
 0001:00009014       ?_AtlVerifyStackAvailable@_ATL_SAFE_ALLOCA_IMPL@ATL@@YA_NK@Z 1000a014 f i POSPower.obj
 0001:00009092       ?atlCreate@?$CWindowImpl@VCOPOSPOSPower@@VCWindow@ATL@@V?$CWinTraits@$0FGAAAAAA@$0A@@3@@ATL@@QAEPAUHWND__@@PAU3@V_U_RECT@2@PB_WKKV_U_MENUorID@2@PAX@Z 1000a092 f i POSPower.obj
 0001:000090d6       ?atlCreate@?$CWindowImplBaseT@VCWindow@ATL@@V?$CWinTraits@$0FGAAAAAA@$0A@@2@@ATL@@QAEPAUHWND__@@PAU3@V_U_RECT@2@PB_WKKV_U_MENUorID@2@GPAX@Z 1000a0d6 f i POSPower.obj
 0001:00009172       ?copy@?$_Copy@UtagCONNECTDATA@@@ATL@@SAJPAUtagCONNECTDATA@@PBU3@@Z 1000a172 f i POSPower.obj
 0001:000091a8       ?copy@?$_CopyInterface@UIConnectionPoint@@@ATL@@SAJPAPAUIConnectionPoint@@PBQAU3@@Z 1000a1a8 f i POSPower.obj
 0001:000091d6       ?memcpy_s@Checked@ATL@@YAXPAXIPBXI@Z 1000a1d6 f i POSPower.obj
 0001:000091f5       ?ocscpy_s@@YA_NPA_WIPB_W@Z 1000a1f5 f i POSPower.obj
 0001:0000923f       ?wcscpy_s@Checked@ATL@@YAXPA_WIPB_W@Z 1000a23f f i POSPower.obj
 0001:0000925b       _DllCanUnloadNow@0         1000a25b f   POSPower.obj
 0001:00009267       _DllGetClassObject@12      1000a267 f   POSPower.obj
 0001:00009275       _DllMain@12                1000a275 f   POSPower.obj
 0001:000092b7       _DllRegisterServer@0       1000a2b7 f   POSPower.obj
 0001:000092c6       _DllUnregisterServer@0     1000a2c6 f   POSPower.obj
 0001:000092d5       _InlineIsEqualGUID         1000a2d5 f i POSPower.obj
 0001:00009305       ___local_stdio_printf_options 1000a305 f i POSPower.obj
 0001:0000930b       __vswprintf_s_l            1000a30b f i POSPower.obj
 0001:000093b8       _swprintf_s                1000a3b8 f i POSPower.obj
 0001:000093d4       ??0?$CComControl@VCOPOSPOSPower@@V?$CWindowImpl@VCOPOSPOSPower@@VCWindow@ATL@@V?$CWinTraits@$0FGAAAAAA@$0A@@3@@ATL@@@ATL@@QAE@XZ 1000a3d4 f i POSPowerImpl.obj
 0001:000093fb       ??0CComControlBase@ATL@@QAE@AAPAUHWND__@@@Z 1000a3fb f i POSPowerImpl.obj
 0001:00009445       ??0COPOSPOSPower@@QAE@XZ   1000a445 f   POSPowerImpl.obj
 0001:00009494       ??1?$CComControl@VCOPOSPOSPower@@V?$CWindowImpl@VCOPOSPOSPower@@VCWindow@ATL@@V?$CWinTraits@$0FGAAAAAA@$0A@@3@@ATL@@@ATL@@UAE@XZ 1000a494 f i POSPowerImpl.obj
 0001:000094ad       ??1?$IConnectionPointImpl@VCOPOSPOSPower@@$1?IID_IPropertyNotifySink@@3U_GUID@@BVCComDynamicUnkArray@ATL@@@ATL@@QAE@XZ 1000a4ad f i POSPowerImpl.obj
 0001:000094ad       ??1?$IConnectionPointImpl@VCOPOSPOSPower@@$1?DIID__IOPOSPOSPowerEvents@@3U_GUID@@BVCComDynamicUnkArray@ATL@@@ATL@@QAE@XZ 1000a4ad f i POSPowerImpl.obj
 0001:000094ea       ??1CComControlBase@ATL@@UAE@XZ 1000a4ea f i POSPowerImpl.obj
 0001:0000954d       ??1COPOSPOSPower@@UAE@XZ   1000a54d f   POSPowerImpl.obj
 0001:00009595       ?CheckHealth@COPOSPOSPower@@UAGJJPAJ@Z 1000a595 f   POSPowerImpl.obj
 0001:000095e4       ?ClaimDevice@COPOSPOSPower@@UAGJJPAJ@Z 1000a5e4 f   POSPowerImpl.obj
 0001:00009652       ?Close@COPOSPOSPower@@UAGJPAJ@Z 1000a652 f   POSPowerImpl.obj
 0001:000096c0       ?CompareFirmwareVersion@COPOSPOSPower@@UAGJPA_WPAJ1@Z 1000a6c0 f   POSPowerImpl.obj
 0001:00009740       ?DirectIO@COPOSPOSPower@@UAGJJPAJPAPA_W0@Z 1000a740 f   POSPowerImpl.obj
 0001:000097ee       ?DoInvoke@COPOSPOSPower@@IAEJJPAVOposVariant@@IHPAJ_N@Z 1000a7ee f   POSPowerImpl.obj
 0001:000098ca       ?EventClose@COPOSPOSPower@@IAEXXZ 1000a8ca f i POSPowerImpl.obj
 0001:000098fd       ?EventInit@COPOSPOSPower@@IAEJXZ 1000a8fd f i POSPowerImpl.obj
 0001:000099c9       ?EventUninit@COPOSPOSPower@@IAEXXZ 1000a9c9 f i POSPowerImpl.obj
 0001:00009a1b       ?EventWindowProc@COPOSPOSPower@@IAGJIIJ@Z 1000aa1b f i POSPowerImpl.obj
 0001:00009a92       ?FinalConstruct@COPOSPOSPower@@QAEJXZ 1000aa92 f   POSPowerImpl.obj
 0001:00009acb       ?FireEventCleanup@COPOSPOSPower@@IAEXXZ 1000aacb f i POSPowerImpl.obj
 0001:00009ae1       ?FireEventSetup@COPOSPOSPower@@IAE_NXZ 1000aae1 f i POSPowerImpl.obj
 0001:00009b15       ?FreezeEvents@COPOSPOSPower@@MAGJH@Z 1000ab15 f   POSPowerImpl.obj
 0001:00009b66       ?GetOposProp@COPOSPOSPower@@IAEJJPAFJ@Z 1000ab66 f   POSPowerImpl.obj
 0001:00009b89       ?GetOposProp@COPOSPOSPower@@IAEJJPAJJ@Z 1000ab89 f   POSPowerImpl.obj
 0001:00009c58       ?GetOposProp@COPOSPOSPower@@IAEJJPAPA_WJ@Z 1000ac58 f   POSPowerImpl.obj
 0001:00009d34       ?OnDraw@COPOSPOSPower@@MAEJAAUATL_DRAWINFO@@@Z 1000ad34 f   POSPowerImpl.obj
 0001:00009dd4       ?Open@COPOSPOSPower@@UAGJPA_WPAJ@Z 1000add4 f   POSPowerImpl.obj
 0001:0000a61b       ?ReleaseDevice@COPOSPOSPower@@UAGJPAJ@Z 1000b61b f   POSPowerImpl.obj
 0001:0000a652       ?ResetStatistics@COPOSPOSPower@@UAGJPA_WPAJ@Z 1000b652 f   POSPowerImpl.obj
 0001:0000a6a9       ?RestartPOS@COPOSPOSPower@@UAGJPAJ@Z 1000b6a9 f   POSPowerImpl.obj
 0001:0000a6c4       ?RetrieveStatistics@COPOSPOSPower@@UAGJPAPA_WPAJ@Z 1000b6c4 f   POSPowerImpl.obj
 0001:0000a71b       ?SOProcessID@COPOSPOSPower@@UAGJPAJ@Z 1000b71b f   POSPowerImpl.obj
 0001:0000a72f       ?SetCOFreezeEvents@COPOSPOSPower@@IAEXF@Z 1000b72f f   POSPowerImpl.obj
 0001:0000a7cf       ?SetOposProp@COPOSPOSPower@@IAEJJJJ@Z 1000b7cf f   POSPowerImpl.obj
 0001:0000a8c6       ?ShutdownPOS@COPOSPOSPower@@UAGJPAJ@Z 1000b8c6 f   POSPowerImpl.obj
 0001:0000a8e1       ?StandbyPOS@COPOSPOSPower@@UAGJJPAJ@Z 1000b8e1 f   POSPowerImpl.obj
 0001:0000a930       ?SuspendPOS@COPOSPOSPower@@UAGJJPAJ@Z 1000b930 f   POSPowerImpl.obj
 0001:0000a97f       ?UpdateFirmware@COPOSPOSPower@@UAGJPA_WPAJ@Z 1000b97f f   POSPowerImpl.obj
 0001:0000a9d6       ?UpdateStatistics@COPOSPOSPower@@UAGJPA_WPAJ@Z 1000b9d6 f   POSPowerImpl.obj
 0001:0000aa2d       ?get_BatteryCapacityRemaining@COPOSPOSPower@@UAGJPAJ@Z 1000ba2d f   POSPowerImpl.obj
 0001:0000aa46       ?get_BatteryCriticallyLowThreshold@COPOSPOSPower@@UAGJPAJ@Z 1000ba46 f   POSPowerImpl.obj
 0001:0000aa5f       ?get_BatteryLowThreshold@COPOSPOSPower@@UAGJPAJ@Z 1000ba5f f   POSPowerImpl.obj
 0001:0000aa78       ?get_BinaryConversion@COPOSPOSPower@@UAGJPAJ@Z 1000ba78 f   POSPowerImpl.obj
 0001:0000aa8e       ?get_CapBatteryCapacityRemaining@COPOSPOSPower@@UAGJPAF@Z 1000ba8e f   POSPowerImpl.obj
 0001:0000aaa7       ?get_CapCompareFirmwareVersion@COPOSPOSPower@@UAGJPAF@Z 1000baa7 f   POSPowerImpl.obj
 0001:0000aac0       ?get_CapFanAlarm@COPOSPOSPower@@UAGJPAF@Z 1000bac0 f   POSPowerImpl.obj
 0001:0000aad9       ?get_CapHeatAlarm@COPOSPOSPower@@UAGJPAF@Z 1000bad9 f   POSPowerImpl.obj
 0001:0000aaf2       ?get_CapPowerReporting@COPOSPOSPower@@UAGJPAJ@Z 1000baf2 f   POSPowerImpl.obj
 0001:0000ab0b       ?get_CapQuickCharge@COPOSPOSPower@@UAGJPAF@Z 1000bb0b f   POSPowerImpl.obj
 0001:0000ab24       ?get_CapRestartPOS@COPOSPOSPower@@UAGJPAF@Z 1000bb24 f   POSPowerImpl.obj
 0001:0000ab3d       ?get_CapShutdownPOS@COPOSPOSPower@@UAGJPAF@Z 1000bb3d f   POSPowerImpl.obj
 0001:0000ab56       ?get_CapStandbyPOS@COPOSPOSPower@@UAGJPAF@Z 1000bb56 f   POSPowerImpl.obj
 0001:0000ab6f       ?get_CapStatisticsReporting@COPOSPOSPower@@UAGJPAF@Z 1000bb6f f   POSPowerImpl.obj
 0001:0000ab88       ?get_CapSuspendPOS@COPOSPOSPower@@UAGJPAF@Z 1000bb88 f   POSPowerImpl.obj
 0001:0000aba1       ?get_CapUPSChargeState@COPOSPOSPower@@UAGJPAJ@Z 1000bba1 f   POSPowerImpl.obj
 0001:0000abba       ?get_CapUpdateFirmware@COPOSPOSPower@@UAGJPAF@Z 1000bbba f   POSPowerImpl.obj
 0001:0000abd3       ?get_CapUpdateStatistics@COPOSPOSPower@@UAGJPAF@Z 1000bbd3 f   POSPowerImpl.obj
 0001:0000abec       ?get_CapVariableBatteryCriticallyLowThreshold@COPOSPOSPower@@UAGJPAF@Z 1000bbec f   POSPowerImpl.obj
 0001:0000ac05       ?get_CapVariableBatteryLowThreshold@COPOSPOSPower@@UAGJPAF@Z 1000bc05 f   POSPowerImpl.obj
 0001:0000ac1e       ?get_CheckHealthText@COPOSPOSPower@@UAGJPAPA_W@Z 1000bc1e f   POSPowerImpl.obj
 0001:0000ac37       ?get_Claimed@COPOSPOSPower@@UAGJPAF@Z 1000bc37 f   POSPowerImpl.obj
 0001:0000ac4d       ?get_ControlObjectDescription@COPOSPOSPower@@UAGJPAPA_W@Z 1000bc4d f   POSPowerImpl.obj
 0001:0000ac9b       ?get_ControlObjectVersion@COPOSPOSPower@@UAGJPAJ@Z 1000bc9b f   POSPowerImpl.obj
 0001:0000acae       ?get_DeviceDescription@COPOSPOSPower@@UAGJPAPA_W@Z 1000bcae f   POSPowerImpl.obj
 0001:0000acc7       ?get_DeviceEnabled@COPOSPOSPower@@UAGJPAF@Z 1000bcc7 f   POSPowerImpl.obj
 0001:0000acdd       ?get_DeviceName@COPOSPOSPower@@UAGJPAPA_W@Z 1000bcdd f   POSPowerImpl.obj
 0001:0000acf6       ?get_EnforcedShutdownDelayTime@COPOSPOSPower@@UAGJPAJ@Z 1000bcf6 f   POSPowerImpl.obj
 0001:0000ad0f       ?get_FreezeEvents@COPOSPOSPower@@UAGJPAF@Z 1000bd0f f   POSPowerImpl.obj
 0001:0000ad25       ?get_OpenResult@COPOSPOSPower@@UAGJPAJ@Z 1000bd25 f   POSPowerImpl.obj
 0001:0000ad3c       ?get_PowerFailDelayTime@COPOSPOSPower@@UAGJPAJ@Z 1000bd3c f   POSPowerImpl.obj
 0001:0000ad55       ?get_PowerNotify@COPOSPOSPower@@UAGJPAJ@Z 1000bd55 f   POSPowerImpl.obj
 0001:0000ad6b       ?get_PowerSource@COPOSPOSPower@@UAGJPAJ@Z 1000bd6b f   POSPowerImpl.obj
 0001:0000ad84       ?get_PowerState@COPOSPOSPower@@UAGJPAJ@Z 1000bd84 f   POSPowerImpl.obj
 0001:0000ad9a       ?get_QuickChargeMode@COPOSPOSPower@@UAGJPAF@Z 1000bd9a f   POSPowerImpl.obj
 0001:0000adb3       ?get_QuickChargeTime@COPOSPOSPower@@UAGJPAJ@Z 1000bdb3 f   POSPowerImpl.obj
 0001:0000adcc       ?get_ResultCode@COPOSPOSPower@@UAGJPAJ@Z 1000bdcc f   POSPowerImpl.obj
 0001:0000ae0a       ?get_ResultCodeExtended@COPOSPOSPower@@UAGJPAJ@Z 1000be0a f   POSPowerImpl.obj
 0001:0000ae20       ?get_ServiceObjectDescription@COPOSPOSPower@@UAGJPAPA_W@Z 1000be20 f   POSPowerImpl.obj
 0001:0000ae39       ?get_ServiceObjectVersion@COPOSPOSPower@@UAGJPAJ@Z 1000be39 f   POSPowerImpl.obj
 0001:0000ae4f       ?get_State@COPOSPOSPower@@UAGJPAJ@Z 1000be4f f   POSPowerImpl.obj
 0001:0000ae7b       ?get_UPSChargeState@COPOSPOSPower@@UAGJPAJ@Z 1000be7b f   POSPowerImpl.obj
 0001:0000ae94       ?put_BatteryCriticallyLowThreshold@COPOSPOSPower@@UAGJJ@Z 1000be94 f   POSPowerImpl.obj
 0001:0000aead       ?put_BatteryLowThreshold@COPOSPOSPower@@UAGJJ@Z 1000bead f   POSPowerImpl.obj
 0001:0000aec6       ?put_BinaryConversion@COPOSPOSPower@@UAGJJ@Z 1000bec6 f   POSPowerImpl.obj
 0001:0000aedc       ?put_DeviceEnabled@COPOSPOSPower@@UAGJF@Z 1000bedc f   POSPowerImpl.obj
 0001:0000aef9       ?put_EnforcedShutdownDelayTime@COPOSPOSPower@@UAGJJ@Z 1000bef9 f   POSPowerImpl.obj
 0001:0000af12       ?put_FreezeEvents@COPOSPOSPower@@UAGJF@Z 1000bf12 f   POSPowerImpl.obj
 0001:0000af5e       ?put_PowerNotify@COPOSPOSPower@@UAGJJ@Z 1000bf5e f   POSPowerImpl.obj
 0001:0000af74       ?s_EventWindowProc@COPOSPOSPower@@KGJPAUHWND__@@IIJ@Z 1000bf74 f i POSPowerImpl.obj
 0001:0000afc6       ??_U@YAPAXI@Z              1000bfc6 f   LIBCMT:new_array.obj
 0001:0000afcf       ??3@YAXPAXI@Z              1000bfcf f   LIBCMT:delete_scalar_size.obj
 0001:0000afdd       ??_V@YAXPAX@Z              1000bfdd f   LIBCMT:delete_array.obj
 0001:0000afe2       ??_V@YAXPAXI@Z             1000bfe2 f   LIBCMT:delete_array_size.obj
 0001:0000b034       ___scrt_acquire_startup_lock 1000c034 f   LIBCMT:utility.obj
 0001:0000b066       ___scrt_dllmain_after_initialize_c 1000c066 f   LIBCMT:utility.obj
 0001:0000b091       ___scrt_dllmain_before_initialize_c 1000c091 f   LIBCMT:utility.obj
 0001:0000b09f       ___scrt_dllmain_crt_thread_attach 1000c09f f   LIBCMT:utility.obj
 0001:0000b0be       ___scrt_dllmain_crt_thread_detach 1000c0be f   LIBCMT:utility.obj
 0001:0000b0cb       ___scrt_dllmain_exception_filter 1000c0cb f   LIBCMT:utility.obj
 0001:0000b0ff       ___scrt_dllmain_uninitialize_c 1000c0ff f   LIBCMT:utility.obj
 0001:0000b122       ___scrt_dllmain_uninitialize_critical 1000c122 f   LIBCMT:utility.obj
 0001:0000b12f       ___scrt_initialize_crt     1000c12f f   LIBCMT:utility.obj
 0001:0000b168       ___scrt_initialize_onexit_tables 1000c168 f   LIBCMT:utility.obj
 0001:0000b1ef       ___scrt_is_nonwritable_in_current_image 1000c1ef f   LIBCMT:utility.obj
 0001:0000b283       ___scrt_release_startup_lock 1000c283 f   LIBCMT:utility.obj
 0001:0000b2a0       ___scrt_uninitialize_crt   1000c2a0 f   LIBCMT:utility.obj
 0001:0000b2c8       __onexit                   1000c2c8 f   LIBCMT:utility.obj
 0001:0000b2f5       _atexit                    1000c2f5 f   LIBCMT:utility.obj
 0001:0000b30a       ??3@YAXPAX@Z               1000c30a f   LIBCMT:delete_scalar.obj
 0001:0000b3d4       __Init_thread_footer       1000c3d4 f   LIBCMT:thread_safe_statics.obj
 0001:0000b41e       __Init_thread_header       1000c41e f   LIBCMT:thread_safe_statics.obj
 0001:0000b470       __Init_thread_notify       1000c470 f   LIBCMT:thread_safe_statics.obj
 0001:0000b4a6       __Init_thread_wait         1000c4a6 f   LIBCMT:thread_safe_statics.obj
 0001:0000b4f4       ___raise_securityfailure   1000c4f4 f   LIBCMT:gs_report.obj
 0001:0000b51c       ___report_gsfailure        1000c51c f   LIBCMT:gs_report.obj
 0001:0000b615       ___report_rangecheckfailure 1000c615 f   LIBCMT:gs_report.obj
 0001:0000b621       ___report_securityfailure  1000c621 f   LIBCMT:gs_report.obj
 0001:0000b6ef       ??2@YAPAXIABUnothrow_t@std@@@Z 1000c6ef f   LIBCMT:new_scalar_nothrow.obj
 0001:0000b73f       ??_U@YAPAXIABUnothrow_t@std@@@Z 1000c73f f   LIBCMT:new_array_nothrow.obj
 0001:0000b748       @__security_check_cookie@4 1000c748 f   LIBCMT:secchk.obj
 0001:0000b760       __SEH_prolog4_GS           1000c760 f   LIBCMT:sehprolg4gs.obj
 0001:0000b7a9       __SEH_epilog4_GS           1000c7a9 f   LIBCMT:sehprolg4gs.obj
 0001:0000b7c0       __alloca_probe_16          1000c7c0 f   LIBCMT:alloca16.obj
 0001:0000b7d6       __alloca_probe_8           1000c7d6     LIBCMT:alloca16.obj
 0001:0000b7f0       __alloca_probe             1000c7f0 f   LIBCMT:chkstk.obj
 0001:0000b7f0       __chkstk                   1000c7f0 f   LIBCMT:chkstk.obj
 0001:0000bb5d       __DllMainCRTStartup@12     1000cb5d f   LIBCMT:dll_dllmain.obj
 0001:0000bb80       ??2@YAPAXI@Z               1000cb80 f   LIBCMT:new_scalar.obj
 0001:0000bbb0       ___isa_available_init      1000cbb0 f   LIBCMT:cpu_disp.obj
 0001:0000bd80       ___scrt_is_ucrt_dll_in_use 1000cd80 f   LIBCMT:ucrt_detection.obj
 0001:0000bd8c       ___scrt_fastfail           1000cd8c f   LIBCMT:utility_desktop.obj
 0001:0000bea6       __crt_debugger_hook        1000cea6 f   LIBCMT:utility_desktop.obj
 0001:0000beb0       __SEH_prolog4              1000ceb0 f   LIBCMT:sehprolg4.obj
 0001:0000bef6       __SEH_epilog4              1000cef6 f   LIBCMT:sehprolg4.obj
 0001:0000bf0b       @_guard_check_icall_nop@4  1000cf0b f i LIBCMT:guard_support.obj
 0001:0000bf59       ___security_init_cookie    1000cf59 f   LIBCMT:gs_support.obj
 0001:0000bfa4       ?__scrt_initialize_type_info@@YAXXZ 1000cfa4 f   LIBCMT:tncleanup.obj
 0001:0000bfb0       ?__scrt_uninitialize_type_info@@YAXXZ 1000cfb0 f   LIBCMT:tncleanup.obj
 0001:0000bfbc       ___local_stdio_scanf_options 1000cfbc f i LIBCMT:default_local_stdio_options.obj
 0001:0000bfc2       ___scrt_initialize_default_local_stdio_options 1000cfc2 f   LIBCMT:default_local_stdio_options.obj
 0001:0000bfdf       ___scrt_get_dyn_tls_init_callback 1000cfdf f   LIBCMT:dyn_tls_init.obj
 0001:0000bfe5       __RTC_Initialize           1000cfe5 f   LIBCMT:initsect.obj
 0001:0000c011       __RTC_Terminate            1000d011 f   LIBCMT:initsect.obj
 0001:0000c03d       ??0bad_alloc@std@@QAE@ABV01@@Z 1000d03d f i LIBCMT:throw_bad_alloc.obj
 0001:0000c058       ??0bad_alloc@std@@QAE@XZ   1000d058 f i LIBCMT:throw_bad_alloc.obj
 0001:0000c070       ??0bad_array_new_length@std@@QAE@ABV01@@Z 1000d070 f i LIBCMT:throw_bad_alloc.obj
 0001:0000c08b       ??0bad_array_new_length@std@@QAE@XZ 1000d08b f i LIBCMT:throw_bad_alloc.obj
 0001:0000c0a3       ??0exception@std@@QAE@ABV01@@Z 1000d0a3 f i LIBCMT:throw_bad_alloc.obj
 0001:0000c0cf       ??1bad_alloc@std@@UAE@XZ   1000d0cf f i LIBCMT:throw_bad_alloc.obj
 0001:0000c0cf       ??1bad_exception@std@@UAE@XZ 1000d0cf f i libvcruntime:frame.obj
 0001:0000c0cf       ??1bad_array_new_length@std@@UAE@XZ 1000d0cf f i LIBCMT:throw_bad_alloc.obj
[...]
 0002:000035c8       ?_mb_locale_names@@3QBQB_WB 100235c8     libucrt:mbctype.obj
 0002:00003e10       ?LcidToLocaleNameTable@?A0x881e4c05@@3QBULcidToLocaleName@1@B 10023e10     libucrt:lcidtoname_downlevel.obj
 0002:00004f38       ?LocaleNameToIndexTable@?A0x881e4c05@@3QBULocaleNameIndex@1@B 10024f38     libucrt:lcidtoname_downlevel.obj
 0002:00006870       LOG_name                   10026870     libucrt:log10_impl.obj
 0002:00006880       _One                       10026880     libucrt:ceil_pentium4.obj
 0002:00006890       _Bns                       10026890     libucrt:ceil_pentium4.obj
 0002:000068a0       _Zero                      100268a0     libucrt:ceil_pentium4.obj
 0002:000068b0       _S                         100268b0     libucrt:ceil_pentium4.obj
 0002:000068c0       _NegZero                   100268c0     libucrt:ceil_pentium4.obj
 0002:000068d0       emask                      100268d0     libucrt:log10_pentium4.obj
 0002:000068e0       CC                         100268e0     libucrt:log10_pentium4.obj
 0002:000068f0       Magic                      100268f0     libucrt:log10_pentium4.obj
 0002:00006900       hi_mask                    10026900     libucrt:log10_pentium4.obj
 0002:00006910       LOG10_2                    10026910     libucrt:log10_pentium4.obj
 0002:00006920       place_L                    10026920     libucrt:log10_pentium4.obj
 0002:00006940       One                        10026940     libucrt:log10_pentium4.obj
 0002:00006950       Zero                       10026950     libucrt:log10_pentium4.obj
 0002:00006960       Two52                      10026960     libucrt:log10_pentium4.obj
 0002:00006970       Infs                       10026970     libucrt:log10_pentium4.obj
 0002:00006980       NaN                        10026980     libucrt:log10_pentium4.obj
 0002:00006990       coeff                      10026990     libucrt:log10_pentium4.obj
 0002:000069ee       _log2max                   100269ee     libucrt:87tran.obj
 0002:000069f8       _smallarg                  100269f8     libucrt:87tran.obj
 0002:00006a02       _half                      10026a02     libucrt:87tran.obj
 0002:00006a4e       One                        10026a4e     libucrt:87disp.obj
 0002:00006a56       Three                      10026a56     libucrt:87disp.obj
 0002:00006a5e       XAMtoTagTab                10026a5e     libucrt:87disp.obj
 0002:00006a70       One                        10026a70     libucrt:common.obj
 0002:00006a84       DblMax                     10026a84     libucrt:common.obj
 0002:00006a8c       DblMin                     10026a8c     libucrt:common.obj
 0002:00006a94       IeeeAdjO                   10026a94     libucrt:common.obj
 0002:00006a9c       IeeeAdjU                   10026a9c     libucrt:common.obj
 0002:00006aa4       _infinity                  10026aa4     libucrt:common.obj
 0002:00006aac       _zero                      10026aac     libucrt:common.obj
 0002:00006af8       _over                      10026af8     libucrt:fpctrl.obj
 0002:00006b04       _under                     10026b04     libucrt:fpctrl.obj
 0002:00007338       ?_names@?1??_get_fname@@9@9 10027338     libucrt:fpexcept.obj
 0002:000074e0       two32                      100274e0     LIBCMT:ftol2.obj
 0002:000074e4       two63                      100274e4     LIBCMT:ftol2.obj
 0002:000074e8       _NaN                       100274e8     LIBCMT:ftol2.obj
 0002:00007ba0       __sehtable$?_AtlVerifyStackAvailable@_ATL_SAFE_ALLOCA_IMPL@ATL@@YA_NK@Z 10027ba0     POSPower.obj
 0002:00007bc0       __sehtable$___scrt_is_nonwritable_in_current_image 10027bc0     LIBCMT:utility.obj
 0002:00007bdc       __catchsym$??2@YAPAXIABUnothrow_t@std@@@Z$2 10027bdc     LIBCMT:new_scalar_nothrow.obj
 0002:00007bec       __unwindtable$??2@YAPAXIABUnothrow_t@std@@@Z 10027bec     LIBCMT:new_scalar_nothrow.obj
 0002:00007bfc       __tryblocktable$??2@YAPAXIABUnothrow_t@std@@@Z 10027bfc     LIBCMT:new_scalar_nothrow.obj
 0002:00007c10       __ehfuncinfo$??2@YAPAXIABUnothrow_t@std@@@Z 10027c10     LIBCMT:new_scalar_nothrow.obj
 0002:00007c38       __sehtable$?dllmain_crt_process_attach@@YAHQAUHINSTANCE__@@QAX@Z 10027c38     LIBCMT:dll_dllmain.obj
 0002:00007c58       __sehtable$?dllmain_crt_process_detach@@YAH_N@Z 10027c58     LIBCMT:dll_dllmain.obj
 0002:00007c80       __sehtable$?dllmain_dispatch@@YAHQAUHINSTANCE__@@KQAX@Z 10027c80     LIBCMT:dll_dllmain.obj
 0002:00007d30       __sehtable$___DestructExceptionObject 10027d30     libvcruntime:ehhelpers.obj
 0002:00007d50       __sehtable$?FrameUnwindToState@__FrameHandler3@@SAXPAUEHRegistrationNode@@PAXPBU_s_FuncInfo@@H@Z 10027d50     libvcruntime:frame.obj
 0002:00007d78       __sehtable$?CallCatchBlock@@YAPAXPAUEHExceptionRecord@@PAUEHRegistrationNode@@PAU_CONTEXT@@PBU_s_FuncInfo@@PAXHK@Z 10027d78     libvcruntime:frame.obj
 0002:00007da0       __catchsym$?CallUnexpected@@YAXPBU_s_ESTypeList@@@Z$2 10027da0     libvcruntime:frame.obj
 0002:00007db0       __unwindtable$?CallUnexpected@@YAXPBU_s_ESTypeList@@@Z 10027db0     libvcruntime:frame.obj
 0002:00007dc0       __tryblocktable$?CallUnexpected@@YAXPBU_s_ESTypeList@@@Z 10027dc0     libvcruntime:frame.obj
 0002:00007dd4       __ehfuncinfo$?CallUnexpected@@YAXPBU_s_ESTypeList@@@Z 10027dd4     libvcruntime:frame.obj
 0002:00007df8       __sehtable$??$BuildCatchObjectHelperInternal@V__FrameHandler3@@@@YAHPAUEHExceptionRecord@@PAXPBU_s_HandlerType@@PBU_s_CatchableType@@@Z 10027df8     libvcruntime:frame.obj
 0002:00007e18       __sehtable$??$BuildCatchObjectInternal@V__FrameHandler3@@@@YAXPAUEHExceptionRecord@@PAXPBU_s_HandlerType@@PBU_s_CatchableType@@@Z 10027e18     libvcruntime:frame.obj
 0002:00007e70       __sehtable$??R<lambda_6e4b09c48022b2350581041d5f6b0c4c>@@QBE@XZ 10027e70     libucrt:exit.obj
 0002:00007e90       __sehtable$??$?RV<lambda_03b1d95aef87969028cfba75ccab2455>@@AAV<lambda_6e4b09c48022b2350581041d5f6b0c4c>@@V<lambda_22bdf7517842c4b3e53723af5aa32b9e>@@@?$__crt_seh_guarded_call@X@@QAEX$$QAV<lambda_03b1d95aef87969028cfba75ccab2455>@@AAV<lambda_6e4b09c48022b2350581041d5f6b0c4c>@@$$QAV<lambda_22bdf7517842c4b3e53723af5aa32b9e>@@@Z 10027e90     libucrt:exit.obj
 0002:00007eb0       __sehtable$??$?RV<lambda_8e746cf0007f6ed984d6f78af1fec997>@@AAV<lambda_22ebabd17bc4fa466a2aca6d8deb888d>@@V<lambda_18ed0c0b38a6dc0daf1e7ac6d6adf05e>@@@?$__crt_seh_guarded_call@H@@QAEH$$QAV<lambda_8e746cf0007f6ed984d6f78af1fec997>@@AAV<lambda_22ebabd17bc4fa466a2aca6d8deb888d>@@$$QAV<lambda_18ed0c0b38a6dc0daf1e7ac6d6adf05e>@@@Z 10027eb0     libucrt:onexit.obj
 0002:00007ed0       __sehtable$??$?RV<lambda_69a2805e680e0e292e8ba93315fe43a8>@@AAV<lambda_f03950bc5685219e0bcd2087efbe011e>@@V<lambda_03fcd07e894ec930e3f35da366ca99d6>@@@?$__crt_seh_guarded_call@H@@QAEH$$QAV<lambda_69a2805e680e0e292e8ba93315fe43a8>@@AAV<lambda_f03950bc5685219e0bcd2087efbe011e>@@$$QAV<lambda_03fcd07e894ec930e3f35da366ca99d6>@@@Z 10027ed0     libucrt:onexit.obj
 0002:00007ef0       __sehtable$__query_new_handler 10027ef0     libucrt:new_handler.obj
 0002:00007f10       __sehtable$_terminate      10027f10     libucrt:terminate.obj
 0002:00007f30       __sehtable$??$?RV<lambda_15ade71b0218206bbe3333a0c9b79046>@@AAV<lambda_da44e0f8b0f19ba52fefafb335991732>@@V<lambda_207f2d024fc103971653565357d6cd41>@@@?$__crt_seh_guarded_call@X@@QAEX$$QAV<lambda_15ade71b0218206bbe3333a0c9b79046>@@AAV<lambda_da44e0f8b0f19ba52fefafb335991732>@@$$QAV<lambda_207f2d024fc103971653565357d6cd41>@@@Z 10027f30     libucrt:per_thread_data.obj
 0002:00007f50       __sehtable$??$?RV<lambda_a7e850c220f1c8d1e6efeecdedd162c6>@@AAV<lambda_46720907175c18b6c9d2717bc0d2d362>@@V<lambda_9048902d66e8d99359bc9897bbb930a8>@@@?$__crt_seh_guarded_call@X@@QAEX$$QAV<lambda_a7e850c220f1c8d1e6efeecdedd162c6>@@AAV<lambda_46720907175c18b6c9d2717bc0d2d362>@@$$QAV<lambda_9048902d66e8d99359bc9897bbb930a8>@@@Z 10027f50     libucrt:per_thread_data.obj
 0002:00007f70       __sehtable$??$?RV<lambda_38edbb1296d33220d7e4dd0ed76b244a>@@AAV<lambda_5ce1d447e08cb34b2473517608e21441>@@V<lambda_fb385d3da700c9147fc39e65dd577a8c>@@@?$__crt_seh_guarded_call@X@@QAEX$$QAV<lambda_38edbb1296d33220d7e4dd0ed76b244a>@@AAV<lambda_5ce1d447e08cb34b2473517608e21441>@@$$QAV<lambda_fb385d3da700c9147fc39e65dd577a8c>@@@Z 10027f70     libucrt:per_thread_data.obj
 0002:00007f90       __sehtable$??$?RV<lambda_6affb1475c98b40b75cdec977db92e3c>@@AAV<lambda_b8d4b9c228a6ecc3f80208dbb4b4a104>@@V<lambda_608742c3c92a14382c1684fc64f96c88>@@@?$__crt_seh_guarded_call@X@@QAEX$$QAV<lambda_6affb1475c98b40b75cdec977db92e3c>@@AAV<lambda_b8d4b9c228a6ecc3f80208dbb4b4a104>@@$$QAV<lambda_608742c3c92a14382c1684fc64f96c88>@@@Z 10027f90     libucrt:per_thread_data.obj
 0002:00007fb0       __sehtable$??$?RV<lambda_e5124f882df8998aaf41531e079ba474>@@AAV<lambda_3e16ef9562a7dcce91392c22ab16ea36>@@V<lambda_e25ca0880e6ef98be67edffd8c599615>@@@?$__crt_seh_guarded_call@X@@QAEX$$QAV<lambda_e5124f882df8998aaf41531e079ba474>@@AAV<lambda_3e16ef9562a7dcce91392c22ab16ea36>@@$$QAV<lambda_e25ca0880e6ef98be67edffd8c599615>@@@Z 10027fb0     libucrt:wsetlocale.obj
 0002:00007fd0       __sehtable$___acrt_initialize_lowio 10027fd0     libucrt:ioinit.obj
 0002:00007ff0       __sehtable$?update_thread_multibyte_data_internal@@YAPAU__crt_multibyte_data@@QAU__acrt_ptd@@QAPAU1@@Z 10027ff0     libucrt:mbctype.obj
 0002:00008010       __sehtable$??$?RV<lambda_ceb1ee4838e85a9d631eb091e2fbe199>@@AAV<lambda_ae742caa10f662c28703da3d2ea5e57e>@@V<lambda_cd08b5d6af4937fe54fc07d0c9bf6b37>@@@?$__crt_seh_guarded_call@X@@QAEX$$QAV<lambda_ceb1ee4838e85a9d631eb091e2fbe199>@@AAV<lambda_ae742caa10f662c28703da3d2ea5e57e>@@$$QAV<lambda_cd08b5d6af4937fe54fc07d0c9bf6b37>@@@Z 10028010     libucrt:mbctype.obj
 0002:00008030       __sehtable$_raise          10028030     libucrt:signal.obj
 0002:00008050       __sehtable$??$?RV<lambda_cbab9ec6f41b0180b23cc171c22676b0>@@AAV<lambda_44731a7d0e6d81c3e6aa82d741081786>@@V<lambda_4b292cb8dd18144e164572427af410ab>@@@?$__crt_seh_guarded_call@P6AXH@Z@@QAEP6AXH@Z$$QAV<lambda_cbab9ec6f41b0180b23cc171c22676b0>@@AAV<lambda_44731a7d0e6d81c3e6aa82d741081786>@@$$QAV<lambda_4b292cb8dd18144e164572427af410ab>@@@Z 10028050     libucrt:signal.obj
 0002:00008070       __sehtable$??$?RV<lambda_2866be3712abc81a800a822484c830d8>@@AAV<lambda_39ca0ed439415581b5b15c265174cece>@@V<lambda_2b24c74d71094a6cd0cb82e44167d71b>@@@?$__crt_seh_guarded_call@X@@QAEX$$QAV<lambda_2866be3712abc81a800a822484c830d8>@@AAV<lambda_39ca0ed439415581b5b15c265174cece>@@$$QAV<lambda_2b24c74d71094a6cd0cb82e44167d71b>@@@Z 10028070     libucrt:fflush.obj
 0002:00008090       __sehtable$??$?RV<lambda_2cc53f568c5a2bb6f192f930a45d44ea>@@AAV<lambda_ab61a845afdef5b7c387490eaf3616ee>@@V<lambda_c2ffc0b7726aa6be21d5f0026187e748>@@@?$__crt_seh_guarded_call@X@@QAEX$$QAV<lambda_2cc53f568c5a2bb6f192f930a45d44ea>@@AAV<lambda_ab61a845afdef5b7c387490eaf3616ee>@@$$QAV<lambda_c2ffc0b7726aa6be21d5f0026187e748>@@@Z 10028090     libucrt:fflush.obj
 0002:000080b0       __sehtable$___acrt_update_thread_locale_data 100280b0     libucrt:locale_refcounting.obj
 0002:000080d0       __sehtable$__fcloseall     100280d0     libucrt:closeall.obj
 0002:000080f0       __sehtable$___acrt_lowio_ensure_fh_exists 100280f0     libucrt:osfinfo.obj
 0002:00008110       __sehtable$??$?RV<lambda_9e9de3de5fa147e2223d7db92bc10aa6>@@AAV<lambda_38ce7e780aa69e748d6df282ebc68efe>@@V<lambda_8ca6da459f0f6780f1cff60fdc3d00e5>@@@?$__crt_seh_guarded_call@H@@QAEH$$QAV<lambda_9e9de3de5fa147e2223d7db92bc10aa6>@@AAV<lambda_38ce7e780aa69e748d6df282ebc68efe>@@$$QAV<lambda_8ca6da459f0f6780f1cff60fdc3d00e5>@@@Z 10028110     libucrt:commit.obj
 0002:00008130       __sehtable$__write         10028130     libucrt:write.obj
 0002:00008150       __sehtable$_fclose         10028150     libucrt:fclose.obj
 0002:00008170       __sehtable$??$?RV<lambda_218ce3db14220d0be481dae8ef3383b6>@@AAV<lambda_628dfdc04ba53c8bfc02c9951375f3f5>@@V<lambda_57dc472bd5c9d5f3b2cbca59b8a843ae>@@@?$__crt_seh_guarded_call@H@@QAEH$$QAV<lambda_218ce3db14220d0be481dae8ef3383b6>@@AAV<lambda_628dfdc04ba53c8bfc02c9951375f3f5>@@$$QAV<lambda_57dc472bd5c9d5f3b2cbca59b8a843ae>@@@Z 10028170     libucrt:close.obj
 0002:00008190       __sehtable$___set_fpsr_sse2 10028190     libucrt:fpctrl.obj
 0002:000081b0       __sehtable$__IsNonwritableInCurrentImage 100281b0     LIBCMT:pesect.obj
 0002:000081e0       .edata                     100281e0     OPOSPOSPower.exp
 0002:00008208       rgpv                       10028208     OPOSPOSPower.exp
 0002:00008218       rgszName                   10028218     OPOSPOSPower.exp
 0002:00008228       rgwOrd                     10028228     OPOSPOSPower.exp
 0002:00008230       szName                     10028230     OPOSPOSPower.exp
 0002:00008241       $N00001                    10028241     OPOSPOSPower.exp
 0002:00008251       $N00002                    10028251     OPOSPOSPower.exp
 0002:00008263       $N00003                    10028263     OPOSPOSPower.exp
 0002:00008275       $N00004                    10028275     OPOSPOSPower.exp
 0002:00008886       .idata$6                   10028886     kernel32:KERNEL32.dll
 0002:00008a9a       .idata$6                   10028a9a     user32:USER32.dll
 0002:00008bce       .idata$6                   10028bce     gdi32:GDI32.dll
 0002:00008c74       .idata$6                   10028c74     advapi32:ADVAPI32.dll
 0002:00008d90       .idata$6                   10028d90     ole32:ole32.dll
 0002:00008d9a       .idata$6                   10028d9a     oleaut32:OLEAUT32.dll
 0003:00000110       ?ObjectMap@@3PAU_ATL_OBJMAP_ENTRY30@ATL@@A 1002a110     POSPower.obj
 0003:000001c4       ?s_RequiredMethodsPerRelease@@3PAHA 1002a1c4     POSPowerImpl.obj
 0003:000001d8       ?s_SOMethodNames@@3PAPADA  1002a1d8     POSPowerImpl.obj
 0003:00000250       ?__vcrt_flsindex@@3KA      1002a250     libvcruntime:per_thread_data.obj
 0003:00000270       ?errno_no_memory@@3HA      1002a270     libucrt:errno.obj
 0003:00000274       ?doserrno_no_memory@@3KA   1002a274     libucrt:errno.obj
 0003:00000280       ?__acrt_flsindex@@3KA      1002a280     libucrt:per_thread_data.obj
 0003:00000618       __mbctypes                 1002a618     libucrt:mbctype.obj
 0003:00000720       __mbcasemaps               1002a720     libucrt:mbctype.obj
 0003:00000820       ?__rgctypeflag@@3PADA      1002a820     libucrt:mbctype.obj
 0003:00000828       ?__rgcode_page_info@@3PAUcode_page_info@@A 1002a828     libucrt:mbctype.obj
 0003:00000a80       ?__dcrt_lowio_console_output_handle@@3PAXA 1002aa80     libucrt:initcon.obj
 0003:00000a84       ?__DAZ_ENABLED@?1??__set_fpsr_sse2@@9@9 1002aa84     libucrt:fpctrl.obj
 0003:00000c18       ?is_initialized_as_dll@@3_NA 1002ac18     LIBCMT:utility.obj
 0003:00000c19       ?module_local_atexit_table_initialized@@3_NA 1002ac19     LIBCMT:utility.obj
 0003:00000c1c       ?module_local_atexit_table@@3U_onexit_table_t@@A 1002ac1c     LIBCMT:utility.obj
 0003:00000c28       ?module_local_at_quick_exit_table@@3U_onexit_table_t@@A 1002ac28     LIBCMT:utility.obj
 0003:00000c34       ?g_tss_cv@@3U_RTL_CONDITION_VARIABLE@@A 1002ac34     LIBCMT:thread_safe_statics.obj
 0003:00000c38       ?g_tss_event@@3PAXA        1002ac38     LIBCMT:thread_safe_statics.obj
 0003:00000c3c       ?g_tss_mutex@@3U_RTL_CRITICAL_SECTION@@A 1002ac3c     LIBCMT:thread_safe_statics.obj
 0003:00000c54       ?g_sleep_condition_variable_cs@@3P6GHPAU_RTL_CONDITION_VARIABLE@@PAU_RTL_CRITICAL_SECTION@@K@ZA 1002ac54     LIBCMT:thread_safe_statics.obj
 0003:00000c58       ?g_wake_all_condition_variable@@3P6GXPAU_RTL_CONDITION_VARIABLE@@@ZA 1002ac58     LIBCMT:thread_safe_statics.obj
 0003:00000c60       _GS_ExceptionRecord        1002ac60     LIBCMT:gs_report.obj
 0003:00000cb0       _GS_ContextRecord          1002acb0     LIBCMT:gs_report.obj
 0003:00000f80       ?__proc_attached@@3HA      1002af80     LIBCMT:dll_dllmain.obj
 0003:00000fdc       ?AllocateData@@3P6GPAUAtlThunkData_t@@XZA 1002afdc     atls:atlthunk.obj
 0003:00000fe0       ?InitData@@3P6GXPAUAtlThunkData_t@@PAXI@ZA 1002afe0     atls:atlthunk.obj
 0003:00000fe4       ?DataToCode@@3P6GP6GJPAUHWND__@@IIJ@ZPAUAtlThunkData_t@@@ZA 1002afe4     atls:atlthunk.obj
 0003:00000fe8       ?FreeData@@3P6GXPAUAtlThunkData_t@@@ZA 1002afe8     atls:atlthunk.obj
 0003:00000fec       ?Initialized@@3_NA         1002afec     atls:atlthunk.obj
 0003:00000ffc       ?__vcrt_startup_thread_ptd@@3U__vcrt_ptd@@A 1002affc     libvcruntime:per_thread_data.obj
 0003:00001024       ___vcrt_lock_table         1002b024     libvcruntime:locks.obj
 0003:0000103c       ___vcrt_locks_initialized  1002b03c     libvcruntime:locks.obj
 0003:00001068       ?heap@@3V_HeapManager@@A   1002b068     libvcruntime:undname.obj
 0003:0000107c       ?module_handles@@3PAPAUHINSTANCE__@@A 1002b07c     libvcruntime:winapi_downlevel.obj
 0003:00001088       ?function_pointers@@3PAPAXA 1002b088     libvcruntime:winapi_downlevel.obj
 0003:0000109c       ?__acrt_invalid_parameter_handler@@3V?$dual_state_global@P6AXPB_W00II@Z@__crt_state_management@@A 1002b09c     libucrt:invalid_parameter.obj
 0003:000010a0       ?c_termination_complete@@3JA 1002b0a0     libucrt:exit.obj
 0003:000010a4       ?thread_local_exit_callback_func@@3P6GXPAXK0@ZA 1002b0a4     libucrt:exit.obj
 0003:000010b0       ?program_name@?1???$common_configure_argv@D@@YAHW4_crt_argv_mode@@@Z@4PADA 1002b0b0     libucrt:argv_parsing.obj
 0003:000011e0       ?__acrt_new_handler@@3V?$dual_state_global@P6AHI@Z@__crt_state_management@@A 1002b1e0     libucrt:new_handler.obj
 0003:000011e8       ?module_handles@@3PAPAUHINSTANCE__@@A 1002b1e8     libucrt:winapi_thunks.obj
 0003:00001238       ?encoded_function_pointers@@3PAPAXA 1002b238     libucrt:winapi_thunks.obj
 0003:000012c0       ?internal_state@?1??_mbtowc_l@@9@4U_Mbstatet@@A 1002b2c0     libucrt:mbtowc.obj
 0003:000012d0       ?enable_percent_n@@3IA     1002b2d0     libucrt:printf_count_output.obj
 0003:000014f0       ?__acrt_lock_table@@3PAU_RTL_CRITICAL_SECTION@@A 1002b4f0     libucrt:locks.obj
 0003:00001640       ?__acrt_locks_initialized@@3IA 1002b640     libucrt:locks.obj
 0003:00001650       ?fSystemSet@@3HA           1002b650     libucrt:mbctype.obj
 0003:00001654       ?initialized@?1??__acrt_initialize_multibyte@@9@4_NA 1002b654     libucrt:mbctype.obj
 0003:00001674       ?ctrlc_action@@3V?$dual_state_global@P6AXH@Z@__crt_state_management@@A 1002b674     libucrt:signal.obj
 0003:00001678       ?ctrlbreak_action@@3V?$dual_state_global@P6AXH@Z@__crt_state_management@@A 1002b678     libucrt:signal.obj
 0003:0000167c       ?abort_action@@3V?$dual_state_global@P6AXH@Z@__crt_state_management@@A 1002b67c     libucrt:signal.obj
 0003:00001680       ?term_action@@3V?$dual_state_global@P6AXH@Z@__crt_state_management@@A 1002b680     libucrt:signal.obj
 0003:00001684       ?user_matherr@@3V?$dual_state_global@P6AHPAU_exception@@@Z@__crt_state_management@@A 1002b684     libucrt:matherr.obj
 0003:00001688       ?__acrt_global_new_mode@@3V?$dual_state_global@J@__crt_state_management@@A 1002b688     libucrt:new_mode.obj
 0003:00001694       ?internal_pst@?1??__mbrtoc32_utf8@__crt_mbstring@@YAIPA_UPBDIPAU_Mbstatet@@@Z@4U3@A 1002b694     libucrt:mbrtoc32.obj
 0003:0000169c       ?__acrt_app_type@@3W4_crt_app_type@@A 1002b69c     libucrt:report_runtime_error.obj
 0003:000016a4       __pmatherr_set             1002b6a4     libucrt:libm_error.obj
 0004:00000220       $R000000                   1002c220     POSPower.res
 0004:00000bb0       $R000990                   1002cbb0     POSPower.res
 0004:00000c98       $R000A78                   1002cc98     POSPower.res
 0004:00000f00       $R000CE0                   1002cf00     POSPower.res
 0004:00001458       $R001238                   1002d458     POSPower.res
 0004:00004440       $R004220                   10030440     POSPower.res
 0004:00004470       $R004250                   10030470     POSPower.res
