 OPOSPOSPower

 Timestamp is 5b863e9a (Wed Aug 29 15:35:06 2018)

 Preferred load address is 10000000

 Start         Length     Name                   Class
 0001:00000000 00000080H .text$di                CODE
 0001:00000080 0001cdfbH .text$mn                CODE
 0001:0001ce7b 00000051H .text$x                 CODE
 0001:0001cecc 00000042H .text$yd                CODE
 0002:00000000 000002fcH .idata$5                DATA
 0002:000002fc 00000004H .00cfg                  DATA
 0002:00000300 00000004H .CRT$XCA                DATA
 0002:00000304 00000004H .CRT$XCL                DATA
 0002:00000308 00000010H .CRT$XCU                DATA
 0002:00000318 00000004H .CRT$XCZ                DATA
 0002:0000031c 00000004H .CRT$XIA                DATA
 0002:00000320 00000010H .CRT$XIC                DATA
 0002:00000330 00000004H .CRT$XIZ                DATA
 0002:00000334 00000004H .CRT$XLA                DATA
 0002:00000338 00000004H .CRT$XLZ                DATA
 0002:0000033c 00000004H .CRT$XPA                DATA
 0002:00000340 00000008H .CRT$XPX                DATA
 0002:00000348 00000004H .CRT$XPXA               DATA
 0002:0000034c 00000004H .CRT$XPZ                DATA
 0002:00000350 00000004H .CRT$XTA                DATA
 0002:00000354 0000000cH .CRT$XTZ                DATA
 0002:00000358 00000000H .gfids$y                DATA
 0002:00000360 00006d68H .rdata                  DATA
 0002:000070c8 00000018H .rdata$T                DATA
 0002:000070e0 00000180H .rdata$r                DATA
 0002:00007260 00000020H .rdata$sxdata           DATA
 0002:00007280 000003dcH .rdata$zzzdbg           DATA
 0002:0000765c 00000004H .rtc$IAA                DATA
 0002:00007660 00000004H .rtc$IZZ                DATA
 0002:00007664 00000004H .rtc$TAA                DATA
 0002:00007668 00000004H .rtc$TZZ                DATA
 0002:0000766c 00000004H .tls                    DATA
 0002:00007670 00000004H .tls$                   DATA
 0002:00007674 00000004H .tls$ZZZ                DATA
 0002:00007678 00000624H .xdata$x                DATA
 0002:00007c9c 00000004H ATL$__a                 DATA
 0002:00007ca0 00000010H ATL$__z                 DATA
 0002:00007cb0 000000acH .edata                  DATA
 0002:00007d5c 00000078H .idata$2                DATA
 0002:00007dd4 00000014H .idata$3                DATA
 0002:00007de8 000002fcH .idata$4                DATA
 0002:000080e4 00000bc0H .idata$6                DATA
 0003:00000000 00000980H .data                   DATA
 0003:00000980 00000098H .data$r                 DATA
 0003:00000a18 00000b68H .bss                    DATA
 0004:00000000 00000220H .rsrc$01                DATA
 0004:00000220 00004358H .rsrc$02                DATA

  Address         Publics by Value              Rva+Base       Lib:Object

 0000:00000000       ___guard_iat_count         00000000     <absolute>
 0000:00000000       ___guard_longjmp_count     00000000     <absolute>
 0000:00000000       ___guard_fids_count        00000000     <absolute>
 0000:00000000       ___guard_longjmp_table     00000000     <absolute>
 0000:00000000       ___hybrid_code_map_count   00000000     <absolute>
 0000:00000000       __except_list              00000000     <absolute>
 0000:00000000       ___guard_fids_table        00000000     <absolute>
 0000:00000000       ___hybrid_auxiliary_iat    00000000     <absolute>
 0000:00000000       ___dynamic_value_reloc_table 00000000     <absolute>
 0000:00000000       ___guard_iat_table         00000000     <absolute>
 0000:00000000       ___volatile_metadata       00000000     <absolute>
 0000:00000000       ___enclave_config          00000000     <absolute>
 0000:00000000       ___hybrid_code_map         00000000     <absolute>
 0000:00000008       ___safe_se_handler_count   00000008     <absolute>
 0000:0000002c       __tls_array                0000002c     <absolute>
 0000:00000100       ___guard_flags             00000100     <absolute>
 0000:00000000       ___ImageBase               10000000     <linker-defined>
 0001:00000080       ?DupWide@_CW@@AAEXXZ       10001080 f   CWString.obj
 0001:0000009c       ?cw_dup@@YGXPBDAAHAAPA_W1@Z 1000109c f   CWString.obj
 0001:0000010b       ?cw_memcpy@@YGHPA_WPBDH@Z  1000110b f   CWString.obj
 0001:00000137       ?cw_strcpy@@YAHPA_WPBD@Z   10001137 f   CWString.obj
 0001:0000014a       ?cw_strlen@@YAHPBD@Z       1000114a f   CWString.obj
 0001:00000163       ??0CAtlComModule@ATL@@QAE@XZ 10001163 f i OposVariant.obj
 0001:000001a8       ??0CAtlWinModule@ATL@@QAE@XZ 100011a8 f i OposVariant.obj
 0001:000001df       ??0OposDispParms@@QAE@PAVOposVariant@@H@Z 100011df f   OposVariant.obj
 0001:00000250       ??1OposDispParms@@QAE@XZ   10001250 f   OposVariant.obj
 0001:0000025e       ??A?$CSimpleArray@GV?$CSimpleArrayEqualHelper@G@ATL@@@ATL@@QAEAAGH@Z 1000125e f i OposVariant.obj
 0001:00000283       ??_Estringdispid@CComTypeInfoHolder@ATL@@QAEPAXI@Z 10001283 f i OposVariant.obj
 0001:000002ef       ?AtlWinModuleInit@ATL@@YGJPAU_ATL_WIN_MODULE70@1@@Z 100012ef f i OposVariant.obj
 0001:00000315       ?AtlWinModuleTerm@ATL@@YGJPAU_ATL_WIN_MODULE70@1@PAUHINSTANCE__@@@Z 10001315 f i OposVariant.obj
 0001:00000378       ?ChangeBSTR@OposVariant@@QAEXPAPA_WAAJ@Z 10001378 f   OposVariant.obj
 0001:000003b9       ?ChangeLONG@OposVariant@@QAEXPAJAAJ@Z 100013b9 f   OposVariant.obj
 0001:000003fa       ?GetLONG@OposVariant@@QAEJXZ 100013fa f   OposVariant.obj
 0001:00000415       ?Init@CComCriticalSection@ATL@@QAEJXZ 10001415 f i OposVariant.obj
 0001:0000043c       ?RemoveAll@?$CSimpleArray@PAUHINSTANCE__@@V?$CSimpleArrayEqualHelper@PAUHINSTANCE__@@@ATL@@@ATL@@QAEXXZ 1000143c f i atls:atlbase.obj
 0001:0000043c       ?RemoveAll@?$CSimpleArray@GV?$CSimpleArrayEqualHelper@G@ATL@@@ATL@@QAEXXZ 1000143c f i OposVariant.obj
 0001:00000459       ?SetBSTR@OposVariant@@QAEXPA_WAAJ@Z 10001459 f   OposVariant.obj
 0001:0000048d       ?SetBSTR_Copy@OposVariant@@QAEXPA_WAAJ@Z 1000148d f   OposVariant.obj
 0001:000004dd       ?SetBSTR_InOutPtr@OposVariant@@QAE_NPAPA_WAAJ@Z 100014dd f   OposVariant.obj
 0001:00000514       ?SetDispatch_Ptr@OposVariant@@QAEXPAUIDispatch@@AAJ@Z 10001514 f   OposVariant.obj
 0001:0000054f       ?SetLONG@OposVariant@@QAEXJ@Z 1000154f f   OposVariant.obj
 0001:00000571       ?SetLONG_Ptr@OposVariant@@QAEXPAJAAJ@Z 10001571 f   OposVariant.obj
 0001:000005a4       ?SetString@OposVariant@@QAEXPB_WAAJ@Z 100015a4 f   OposVariant.obj
 0001:000005ea       ?SetVARIANT_BOOL@OposVariant@@QAEXF@Z 100015ea f   OposVariant.obj
 0001:00000614       ?Term@CAtlComModule@ATL@@QAEXXZ 10001614 f i OposVariant.obj
 0001:0000065e       ?_AtlRaiseException@ATL@@YAXKK@Z 1000165e f i OposVariant.obj
 0001:00000673       ?SetAdvise@?$IViewObjectExImpl@VCOPOSPOSPower@@@ATL@@UAGJKKPAUIAdviseSink@@@Z 10001673 f i POSPower.obj
 0001:00000692       ?GetAdvise@?$IViewObjectExImpl@VCOPOSPOSPower@@@ATL@@UAGJPAK0PAPAUIAdviseSink@@@Z 10001692 f i POSPower.obj
 0001:000006c7       ?GetExtent@?$IViewObjectExImpl@VCOPOSPOSPower@@@ATL@@UAGJKJPAUtagDVTARGETDEVICE@@PAUtagSIZE@@@Z 100016c7 f i POSPower.obj
 0001:000006f8       ?SetMoniker@?$IOleObjectImpl@VCOPOSPOSPower@@@ATL@@UAGJKPAUIMoniker@@@Z 100016f8 f i POSPower.obj
 0001:000006f8       ?QueryInterface@CRegObject@ATL@@UAGJABU_GUID@@PAPAX@Z 100016f8 f i POSPower.obj
 0001:000006f8       ?GetDataHere@?$IDataObjectImpl@VCOPOSPOSPower@@@ATL@@UAGJPAUtagFORMATETC@@PAUtagSTGMEDIUM@@@Z 100016f8 f i POSPower.obj
 0001:000006f8       ?GetRect@?$IViewObjectExImpl@VCOPOSPOSPower@@@ATL@@UAGJKPAU_RECTL@@@Z 100016f8 f i POSPower.obj
 0001:000006f8       ?EnumFormatEtc@?$IDataObjectImpl@VCOPOSPOSPower@@@ATL@@UAGJKPAPAUIEnumFORMATETC@@@Z 100016f8 f i POSPower.obj
 0001:000006f8       ?GetCanonicalFormatEtc@?$IDataObjectImpl@VCOPOSPOSPower@@@ATL@@UAGJPAUtagFORMATETC@@0@Z 100016f8 f i POSPower.obj
 0001:000006f8       ?GetClipboardData@?$IOleObjectImpl@VCOPOSPOSPower@@@ATL@@UAGJKPAPAUIDataObject@@@Z 100016f8 f i POSPower.obj
 0001:00000700       ?GetViewStatus@?$IViewObjectExImpl@VCOPOSPOSPower@@@ATL@@UAGJPAK@Z 10001700 f i POSPower.obj
 0001:0000071d       ?QueryHitPoint@?$IViewObjectExImpl@VCOPOSPOSPower@@@ATL@@UAGJKPBUtagRECT@@UtagPOINT@@JPAK@Z 1000171d f i POSPower.obj
 0001:0000075e       ?QueryHitRect@?$IViewObjectExImpl@VCOPOSPOSPower@@@ATL@@UAGJKPBUtagRECT@@0JPAK@Z 1000175e f i POSPower.obj
 0001:000007b9       ?GetNaturalExtent@?$IViewObjectExImpl@VCOPOSPOSPower@@@ATL@@UAGJKJPAUtagDVTARGETDEVICE@@PAUHDC__@@PAUtagExtentInfo@@PAUtagSIZE@@@Z 100017b9 f i POSPower.obj
 0001:00000804       ?GetWindow@?$IOleInPlaceObjectWindowlessImpl@VCOPOSPOSPower@@@ATL@@UAGJPAPAUHWND__@@@Z 10001804 f i POSPower.obj
 0001:00000851       ?GetControlInfo@?$IOleControlImpl@VCOPOSPOSPower@@@ATL@@UAGJPAUtagCONTROLINFO@@@Z 10001851 f i POSPower.obj
 0001:00000851       ?SetColorScheme@?$IOleObjectImpl@VCOPOSPOSPower@@@ATL@@UAGJPAUtagLOGPALETTE@@@Z 10001851 f i POSPower.obj
 0001:00000851       ?OnMnemonic@?$IOleControlImpl@VCOPOSPOSPower@@@ATL@@UAGJPAUtagMSG@@@Z 10001851 f i POSPower.obj
 0001:00000851       ?Unfreeze@?$IViewObjectExImpl@VCOPOSPOSPower@@@ATL@@UAGJK@Z 10001851 f i POSPower.obj
 0001:00000851       ?SOOutputCompleteDummy@COPOSPOSPower@@MAGJJ@Z 10001851 f i POSPower.obj
 0001:00000851       ?SODataDummy@COPOSPOSPower@@MAGJJ@Z 10001851 f i POSPower.obj
 0001:00000851       ?ContextSensitiveHelp@?$IOleInPlaceObjectWindowlessImpl@VCOPOSPOSPower@@@ATL@@UAGJH@Z 10001851 f i POSPower.obj
 0001:00000851       ?ContextSensitiveHelp@?$IOleInPlaceActiveObjectImpl@VCOPOSPOSPower@@@ATL@@UAGJH@Z 10001851 f i POSPower.obj
 0001:00000851       ?GetDropTarget@?$IOleInPlaceObjectWindowlessImpl@VCOPOSPOSPower@@@ATL@@UAGJPAPAUIDropTarget@@@Z 10001851 f i POSPower.obj
 0001:00000851       ?QueryGetData@?$IDataObjectImpl@VCOPOSPOSPower@@@ATL@@UAGJPAUtagFORMATETC@@@Z 10001851 f i POSPower.obj
 0001:00000859       ?InPlaceDeactivate@?$IOleInPlaceObjectWindowlessImpl@VCOPOSPOSPower@@@ATL@@UAGJXZ 10001859 f i POSPower.obj
 0001:00000873       ?UIDeactivate@?$IOleInPlaceObjectWindowlessImpl@VCOPOSPOSPower@@@ATL@@UAGJXZ 10001873 f i POSPower.obj
 0001:0000088d       ?SetObjectRects@?$IOleInPlaceObjectWindowlessImpl@VCOPOSPOSPower@@@ATL@@UAGJPBUtagRECT@@0@Z 1000188d f i POSPower.obj
 0001:000008ad       ?ReactivateAndUndo@?$IOleInPlaceObjectWindowlessImpl@VCOPOSPOSPower@@@ATL@@UAGJXZ 100018ad f i POSPower.obj
 0001:000008b5       ?OnWindowMessage@?$IOleInPlaceObjectWindowlessImpl@VCOPOSPOSPower@@@ATL@@UAGJIIJPAJ@Z 100018b5 f i POSPower.obj
 0001:00000925       ?EnumConnectionPoints@?$IConnectionPointContainerImpl@VCOPOSPOSPower@@@ATL@@UAGJPAPAUIEnumConnectionPoints@@@Z 10001925 f i POSPower.obj
 0001:00000a9f       ?FindConnectionPoint@?$IConnectionPointContainerImpl@VCOPOSPOSPower@@@ATL@@UAGJABU_GUID@@PAPAUIConnectionPoint@@@Z 10001a9f f i POSPower.obj
 0001:00000b42       ?GetClassID@?$IPersistStreamInitImpl@VCOPOSPOSPower@@@ATL@@UAGJPAU_GUID@@@Z 10001b42 f i POSPower.obj
 0001:00000b42       ?GetUserClassID@?$IOleObjectImpl@VCOPOSPOSPower@@@ATL@@UAGJPAU_GUID@@@Z 10001b42 f i POSPower.obj
 0001:00000b42       ?GetClassID@?$IPersistStorageImpl@VCOPOSPOSPower@@@ATL@@UAGJPAU_GUID@@@Z 10001b42 f i POSPower.obj
 0001:00000b66       ?IsDirty@?$IPersistStorageImpl@VCOPOSPOSPower@@@ATL@@UAGJXZ 10001b66 f i POSPower.obj
 0001:00000b9a       ?InitNew@?$IPersistStorageImpl@VCOPOSPOSPower@@@ATL@@UAGJPAUIStorage@@@Z 10001b9a f i POSPower.obj
 0001:00000bce       ?Load@?$IPersistStorageImpl@VCOPOSPOSPower@@@ATL@@UAGJPAUIStorage@@@Z 10001bce f i POSPower.obj
 0001:00000c3a       ?Save@?$IPersistStorageImpl@VCOPOSPOSPower@@@ATL@@UAGJPAUIStorage@@H@Z 10001c3a f i POSPower.obj
 0001:00000cad       ?OnAmbientPropertyChange@?$IOleControlImpl@VCOPOSPOSPower@@@ATL@@UAGJJ@Z 10001cad f i POSPower.obj
 0001:00000cad       ?EnableModeless@?$IOleInPlaceActiveObjectImpl@VCOPOSPOSPower@@@ATL@@UAGJH@Z 10001cad f i POSPower.obj
 0001:00000cad       ?OnFrameWindowActivate@?$IOleInPlaceActiveObjectImpl@VCOPOSPOSPower@@@ATL@@UAGJH@Z 10001cad f i POSPower.obj
 0001:00000cad       ?SaveCompleted@?$IPersistStorageImpl@VCOPOSPOSPower@@@ATL@@UAGJPAUIStorage@@@Z 10001cad f i POSPower.obj
 0001:00000cb2       ?Release@CRegObject@ATL@@UAGKXZ 10001cb2 f i POSPower.obj
 0001:00000cb2       ?Update@?$IOleObjectImpl@VCOPOSPOSPower@@@ATL@@UAGJXZ 10001cb2 f i POSPower.obj
 0001:00000cb2       ?HandsOffStorage@?$IPersistStorageImpl@VCOPOSPOSPower@@@ATL@@UAGJXZ 10001cb2 f i POSPower.obj
 0001:00000cb2       ?IsUpToDate@?$IOleObjectImpl@VCOPOSPOSPower@@@ATL@@UAGJXZ 10001cb2 f i POSPower.obj
 0001:00000cb7       ?GetPages@?$ISpecifyPropertyPagesImpl@VCOPOSPOSPower@@@ATL@@UAGJPAUtagCAUUID@@@Z 10001cb7 f i POSPower.obj
 0001:00000cce       ?QuickActivate@?$IQuickActivateImpl@VCOPOSPOSPower@@@ATL@@UAGJPAUtagQACONTAINER@@PAUtagQACONTROL@@@Z 10001cce f i POSPower.obj
 0001:00000cf1       ?SetContentExtent@?$IQuickActivateImpl@VCOPOSPOSPower@@@ATL@@UAGJPAUtagSIZE@@@Z 10001cf1 f i POSPower.obj
 0001:00000d1d       ?GetContentExtent@?$IQuickActivateImpl@VCOPOSPOSPower@@@ATL@@UAGJPAUtagSIZE@@@Z 10001d1d f i POSPower.obj
 0001:00000d3d       ?GetData@?$IDataObjectImpl@VCOPOSPOSPower@@@ATL@@UAGJPAUtagFORMATETC@@PAUtagSTGMEDIUM@@@Z 10001d3d f i POSPower.obj
 0001:00000d60       ?InitFromData@?$IOleObjectImpl@VCOPOSPOSPower@@@ATL@@UAGJPAUIDataObject@@HK@Z 10001d60 f i POSPower.obj
 0001:00000d60       ?SetData@?$IDataObjectImpl@VCOPOSPOSPower@@@ATL@@UAGJPAUtagFORMATETC@@PAUtagSTGMEDIUM@@H@Z 10001d60 f i POSPower.obj
 0001:00000d60       ?GetMoniker@?$IOleObjectImpl@VCOPOSPOSPower@@@ATL@@UAGJKKPAPAUIMoniker@@@Z 10001d60 f i POSPower.obj
 0001:00000d68       ?DAdvise@?$IDataObjectImpl@VCOPOSPOSPower@@@ATL@@UAGJPAUtagFORMATETC@@KPAUIAdviseSink@@PAK@Z 10001d68 f i POSPower.obj
 0001:00000da9       ?DUnadvise@?$IDataObjectImpl@VCOPOSPOSPower@@@ATL@@UAGJK@Z 10001da9 f i POSPower.obj
 0001:00000dd7       ?EnumDAdvise@?$IDataObjectImpl@VCOPOSPOSPower@@@ATL@@UAGJPAPAUIEnumSTATDATA@@@Z 10001dd7 f i POSPower.obj
 0001:00000e16       ?GetClassInfoW@?$IProvideClassInfo2Impl@$1?CLSID_OPOSPOSPower@@3U_GUID@@B$1?DIID__IOPOSPOSPowerEvents@@3U2@B$1?LIBID_OposPOSPower_CCO@@3U2@B$00$0A@VCComTypeInfoHolder@ATL@@@ATL@@UAGJPAPAUITypeInfo@@@Z 10001e16 f i POSPower.obj
 0001:00000e2c       ?GetGUID@?$IProvideClassInfo2Impl@$1?CLSID_OPOSPOSPower@@3U_GUID@@B$1?DIID__IOPOSPOSPowerEvents@@3U2@B$1?LIBID_OposPOSPower_CCO@@3U2@B$00$0A@VCComTypeInfoHolder@ATL@@@ATL@@UAGJKPAU_GUID@@@Z 10001e2c f i POSPower.obj
 0001:00000e6a       ?FAccessAllowed@?$IObjectSafetyImpl@VCOPOSPOSPower@@$02@ATL@@MAEHXZ 10001e6a f i POSPower.obj
 0001:00000e6a       __get_startup_argv_mode    10001e6a f i LIBCMT:argv_mode.obj
 0001:00000e6e       ?GetInterfaceSafetyOptions@?$IObjectSafetyImpl@VCOPOSPOSPower@@$02@ATL@@UAGJABU_GUID@@PAK1@Z 10001e6e f i POSPower.obj
 0001:00000ee2       ?SetInterfaceSafetyOptions@?$IObjectSafetyImpl@VCOPOSPOSPower@@$02@ATL@@UAGJABU_GUID@@KK@Z 10001ee2 f i POSPower.obj
 0001:00000f5c       ?_LocCPQueryInterface@?$IConnectionPointImpl@VCOPOSPOSPower@@$1?DIID__IOPOSPOSPowerEvents@@3U_GUID@@BVCComDynamicUnkArray@ATL@@@ATL@@UAGJABU_GUID@@PAPAX@Z 10001f5c f i POSPower.obj
 0001:00000f5c       ?_LocCPQueryInterface@?$IConnectionPointImpl@VCOPOSPOSPower@@$1?IID_IPropertyNotifySink@@3U_GUID@@BVCComDynamicUnkArray@ATL@@@ATL@@UAGJABU_GUID@@PAPAX@Z 10001f5c f i POSPower.obj
 0001:00000fa9       ?GetConnectionInterface@?$IConnectionPointImpl@VCOPOSPOSPower@@$1?IID_IPropertyNotifySink@@3U_GUID@@BVCComDynamicUnkArray@ATL@@@ATL@@UAGJPAU_GUID@@@Z 10001fa9 f i POSPower.obj
 0001:00000fcd       ?GetConnectionPointContainer@?$IConnectionPointImpl@VCOPOSPOSPower@@$1?IID_IPropertyNotifySink@@3U_GUID@@BVCComDynamicUnkArray@ATL@@@ATL@@UAGJPAPAUIConnectionPointContainer@@@Z 10001fcd f i POSPower.obj
 0001:00000ff0       ?Advise@?$IConnectionPointImpl@VCOPOSPOSPower@@$1?DIID__IOPOSPOSPowerEvents@@3U_GUID@@BVCComDynamicUnkArray@ATL@@@ATL@@UAGJPAUIUnknown@@PAK@Z 10001ff0 f i POSPower.obj
 0001:00000ff0       ?Advise@?$IConnectionPointImpl@VCOPOSPOSPower@@$1?IID_IPropertyNotifySink@@3U_GUID@@BVCComDynamicUnkArray@ATL@@@ATL@@UAGJPAUIUnknown@@PAK@Z 10001ff0 f i POSPower.obj
 0001:00001091       ?Unadvise@?$IConnectionPointImpl@VCOPOSPOSPower@@$1?DIID__IOPOSPOSPowerEvents@@3U_GUID@@BVCComDynamicUnkArray@ATL@@@ATL@@UAGJK@Z 10002091 f i POSPower.obj
 0001:00001091       ?Unadvise@?$IConnectionPointImpl@VCOPOSPOSPower@@$1?IID_IPropertyNotifySink@@3U_GUID@@BVCComDynamicUnkArray@ATL@@@ATL@@UAGJK@Z 10002091 f i POSPower.obj
 0001:000010d1       ?EnumConnections@?$IConnectionPointImpl@VCOPOSPOSPower@@$1?DIID__IOPOSPOSPowerEvents@@3U_GUID@@BVCComDynamicUnkArray@ATL@@@ATL@@UAGJPAPAUIEnumConnections@@@Z 100020d1 f i POSPower.obj
 0001:000010d1       ?EnumConnections@?$IConnectionPointImpl@VCOPOSPOSPower@@$1?IID_IPropertyNotifySink@@3U_GUID@@BVCComDynamicUnkArray@ATL@@@ATL@@UAGJPAPAUIEnumConnections@@@Z 100020d1 f i POSPower.obj
 0001:000011d7       ?GetObjectDescription@?$CComCoClass@VCOPOSPOSPower@@$1?CLSID_OPOSPOSPower@@3U_GUID@@B@ATL@@SGPB_WXZ 100021d7 f i POSPower.obj
 0001:000011d7       ?GetCategoryMap@CComObjectRootBase@ATL@@SAPBU_ATL_CATMAP_ENTRY@2@XZ 100021d7 f i POSPower.obj
 0001:000011da       ?GetConnectionInterface@?$IConnectionPointImpl@VCOPOSPOSPower@@$1?DIID__IOPOSPOSPowerEvents@@3U_GUID@@BVCComDynamicUnkArray@ATL@@@ATL@@UAGJPAU_GUID@@@Z 100021da f i POSPower.obj
 0001:000011fe       ?GetConnectionPointContainer@?$IConnectionPointImpl@VCOPOSPOSPower@@$1?DIID__IOPOSPOSPowerEvents@@3U_GUID@@BVCComDynamicUnkArray@ATL@@@ATL@@UAGJPAPAUIConnectionPointContainer@@@Z 100021fe f i POSPower.obj
 0001:00001221       ?UpdateRegistry@COPOSPOSPower@@SGJH@Z 10002221 f i POSPower.obj
 0001:00001239       ?ProcessWindowMessage@COPOSPOSPower@@UAEHPAUHWND__@@IIJAAJK@Z 10002239 f i POSPower.obj
 0001:00001282       ?SODirectIO@COPOSPOSPower@@MAGJJPAJPAPA_W@Z 10002282 f i POSPower.obj
 0001:000012cb       ?SOErrorDummy@COPOSPOSPower@@MAGJJJJPAJ@Z 100022cb f i POSPower.obj
 0001:000012cb       ?Freeze@?$IViewObjectExImpl@VCOPOSPOSPower@@@ATL@@UAGJKJPAXPAK@Z 100022cb f i POSPower.obj
 0001:000012d3       ?SOStatusUpdate@COPOSPOSPower@@MAGJJ@Z 100022d3 f i POSPower.obj
 0001:0000130c       ?AddRef@CRegObject@ATL@@UAGKXZ 1000230c f i POSPower.obj
 0001:00001312       ?CreateInstance@?$CComCreator@V?$CComObjectCached@VCComClassFactory@ATL@@@ATL@@@ATL@@SGJPAXABU_GUID@@PAPAX@Z 10002312 f i POSPower.obj
 0001:000013a5       ?AddReplacement@CRegObject@ATL@@UAGJPB_W0@Z 100023a5 f i POSPower.obj
 0001:000013de       ?ClearReplacements@CRegObject@ATL@@UAGJXZ 100023de f i POSPower.obj
 0001:000013f0       ?CreateInstance@?$CComCreator2@V?$CComCreator@V?$CComObject@VCOPOSPOSPower@@@ATL@@@ATL@@V?$CComCreator@V?$CComAggObject@VCOPOSPOSPower@@@ATL@@@2@@ATL@@SGJPAXABU_GUID@@PAPAX@Z 100023f0 f i POSPower.obj
 0001:00001410       ??_ECRegObject@ATL@@UAEPAXI@Z 10002410 f i POSPower.obj
 0001:00001410       ??_GCRegObject@ATL@@UAEPAXI@Z 10002410 f i POSPower.obj
 0001:00001432       ?Next@?$CComEnumImpl@UIEnumConnectionPoints@@$1?_GUID_b196b285_bab4_101a_b69c_00aa00341d07@@3U__s_GUID@@BPAUIConnectionPoint@@V?$_CopyInterface@UIConnectionPoint@@@ATL@@@ATL@@UAGJKPAPAUIConnectionPoint@@PAK@Z 10002432 f i POSPower.obj
 0001:00001509       ?Skip@?$CComEnumImpl@UIEnumConnectionPoints@@$1?_GUID_b196b285_bab4_101a_b69c_00aa00341d07@@3U__s_GUID@@BPAUIConnectionPoint@@V?$_CopyInterface@UIConnectionPoint@@@ATL@@@ATL@@UAGJK@Z 10002509 f i POSPower.obj
 0001:00001536       ?Reset@?$CComEnumImpl@UIEnumConnectionPoints@@$1?_GUID_b196b285_bab4_101a_b69c_00aa00341d07@@3U__s_GUID@@BPAUIConnectionPoint@@V?$_CopyInterface@UIConnectionPoint@@@ATL@@@ATL@@UAGJXZ 10002536 f i POSPower.obj
 0001:00001536       ?Reset@?$CComEnumImpl@UIEnumConnections@@$1?_GUID_b196b287_bab4_101a_b69c_00aa00341d07@@3U__s_GUID@@BUtagCONNECTDATA@@V?$_Copy@UtagCONNECTDATA@@@ATL@@@ATL@@UAGJXZ 10002536 f i POSPower.obj
 0001:00001548       ?Clone@?$CComEnumImpl@UIEnumConnectionPoints@@$1?_GUID_b196b285_bab4_101a_b69c_00aa00341d07@@3U__s_GUID@@BPAUIConnectionPoint@@V?$_CopyInterface@UIConnectionPoint@@@ATL@@@ATL@@UAGJPAPAUIEnumConnectionPoints@@@Z 10002548 f i POSPower.obj
 0001:00001627       ?AddRef@?$CComObject@V?$CComEnum@UIEnumConnections@@$1?_GUID_b196b287_bab4_101a_b69c_00aa00341d07@@3U__s_GUID@@BUtagCONNECTDATA@@V?$_Copy@UtagCONNECTDATA@@@ATL@@VCComSingleThreadModel@6@@ATL@@@ATL@@UAGKXZ 10002627 f i POSPower.obj
 0001:00001627       ?AddRef@?$CComObject@V?$CComEnum@UIEnumConnectionPoints@@$1?_GUID_b196b285_bab4_101a_b69c_00aa00341d07@@3U__s_GUID@@BPAUIConnectionPoint@@V?$_CopyInterface@UIConnectionPoint@@@ATL@@VCComSingleThreadModel@6@@ATL@@@ATL@@UAGKXZ 10002627 f i POSPower.obj
 0001:00001638       ?Release@?$CComObject@V?$CComEnum@UIEnumConnectionPoints@@$1?_GUID_b196b285_bab4_101a_b69c_00aa00341d07@@3U__s_GUID@@BPAUIConnectionPoint@@V?$_CopyInterface@UIConnectionPoint@@@ATL@@VCComSingleThreadModel@6@@ATL@@@ATL@@UAGKXZ 10002638 f i POSPower.obj
 0001:00001638       ?Release@?$CComObject@V?$CComEnum@UIEnumConnections@@$1?_GUID_b196b287_bab4_101a_b69c_00aa00341d07@@3U__s_GUID@@BUtagCONNECTDATA@@V?$_Copy@UtagCONNECTDATA@@@ATL@@VCComSingleThreadModel@6@@ATL@@@ATL@@UAGKXZ 10002638 f i POSPower.obj
 0001:00001674       ?QueryInterface@?$CComObject@V?$CComEnum@UIEnumConnectionPoints@@$1?_GUID_b196b285_bab4_101a_b69c_00aa00341d07@@3U__s_GUID@@BPAUIConnectionPoint@@V?$_CopyInterface@UIConnectionPoint@@@ATL@@VCComSingleThreadModel@6@@ATL@@@ATL@@UAGJABU_GUID@@PAPAX@Z 10002674 f i POSPower.obj
 0001:0000168e       ??_E?$CComObject@V?$CComEnum@UIEnumConnectionPoints@@$1?_GUID_b196b285_bab4_101a_b69c_00aa00341d07@@3U__s_GUID@@BPAUIConnectionPoint@@V?$_CopyInterface@UIConnectionPoint@@@ATL@@VCComSingleThreadModel@6@@ATL@@@ATL@@UAEPAXI@Z 1000268e f i POSPower.obj
 0001:0000168e       ??_G?$CComObject@V?$CComEnum@UIEnumConnectionPoints@@$1?_GUID_b196b285_bab4_101a_b69c_00aa00341d07@@3U__s_GUID@@BPAUIConnectionPoint@@V?$_CopyInterface@UIConnectionPoint@@@ATL@@VCComSingleThreadModel@6@@ATL@@@ATL@@UAEPAXI@Z 1000268e f i POSPower.obj
 0001:000016b0       ?AddRef@?$CComObjectCached@VCComClassFactory@ATL@@@ATL@@UAGKXZ 100026b0 f i POSPower.obj
 0001:000016d7       ?Release@?$CComObjectCached@VCComClassFactory@ATL@@@ATL@@UAGKXZ 100026d7 f i POSPower.obj
 0001:0000170d       ?QueryInterface@?$CComObjectCached@VCComClassFactory@ATL@@@ATL@@UAGJABU_GUID@@PAPAX@Z 1000270d f i POSPower.obj
 0001:00001727       ??_E?$CComObjectCached@VCComClassFactory@ATL@@@ATL@@UAEPAXI@Z 10002727 f i POSPower.obj
 0001:00001727       ??_G?$CComObjectCached@VCComClassFactory@ATL@@@ATL@@UAEPAXI@Z 10002727 f i POSPower.obj
 0001:00001749       ?AddRef@?$CComAggObject@VCOPOSPOSPower@@@ATL@@UAGKXZ 10002749 f i POSPower.obj
 0001:0000175a       ?Release@?$CComAggObject@VCOPOSPOSPower@@@ATL@@UAGKXZ 1000275a f i POSPower.obj
 0001:00001796       ?QueryInterface@?$CComAggObject@VCOPOSPOSPower@@@ATL@@UAGJABU_GUID@@PAPAX@Z 10002796 f i POSPower.obj
 0001:000017e5       ?AddRef@?$CComContainedObject@VCOPOSPOSPower@@@ATL@@UAGKXZ 100027e5 f i POSPower.obj
 0001:000017fb       ?Release@?$CComContainedObject@VCOPOSPOSPower@@@ATL@@UAGKXZ 100027fb f i POSPower.obj
 0001:00001811       ?QueryInterface@?$CComContainedObject@VCOPOSPOSPower@@@ATL@@UAGJABU_GUID@@PAPAX@Z 10002811 f i POSPower.obj
 0001:0000182c       ??_G?$CComAggObject@VCOPOSPOSPower@@@ATL@@UAEPAXI@Z 1000282c f i POSPower.obj
 0001:0000182c       ??_E?$CComAggObject@VCOPOSPOSPower@@@ATL@@UAEPAXI@Z 1000282c f i POSPower.obj
 0001:00001851       ?AddRef@?$CComObject@VCOPOSPOSPower@@@ATL@@UAGKXZ 10002851 f i POSPower.obj
 0001:00001868       ?Release@?$CComObject@VCOPOSPOSPower@@@ATL@@UAGKXZ 10002868 f i POSPower.obj
 0001:000018aa       ?QueryInterface@?$CComObject@VCOPOSPOSPower@@@ATL@@UAGJABU_GUID@@PAPAX@Z 100028aa f i POSPower.obj
 0001:000018c4       ?ObjectMain@CComObjectRootBase@ATL@@SGX_N@Z 100028c4 f i POSPower.obj
 0001:000018c4       ?OnFinalMessage@?$CWindowImplBaseT@VCWindow@ATL@@V?$CWinTraits@$0FGAAAAAA@$0A@@2@@ATL@@UAEXPAUHWND__@@@Z 100028c4 f i POSPower.obj
 0001:000018c7       ?OnDrawAdvanced@CComControlBase@ATL@@UAEJAAUATL_DRAWINFO@@@Z 100028c7 f i POSPower.obj
 0001:000019b6       ?CreateInstance@CComClassFactory@ATL@@UAGJPAUIUnknown@@ABU_GUID@@PAPAX@Z 100029b6 f i POSPower.obj
 0001:000019f4       ?LockServer@CComClassFactory@ATL@@UAGJH@Z 100029f4 f i POSPower.obj
 0001:00001a13       ??_ECComClassFactory@ATL@@UAEPAXI@Z 10002a13 f i POSPower.obj
 0001:00001a13       ??_GCComClassFactory@ATL@@UAEPAXI@Z 10002a13 f i POSPower.obj
 0001:00001a3e       ?Next@?$CComEnumImpl@UIEnumConnections@@$1?_GUID_b196b287_bab4_101a_b69c_00aa00341d07@@3U__s_GUID@@BUtagCONNECTDATA@@V?$_Copy@UtagCONNECTDATA@@@ATL@@@ATL@@UAGJKPAUtagCONNECTDATA@@PAK@Z 10002a3e f i POSPower.obj
 0001:00001b15       ?Skip@?$CComEnumImpl@UIEnumConnections@@$1?_GUID_b196b287_bab4_101a_b69c_00aa00341d07@@3U__s_GUID@@BUtagCONNECTDATA@@V?$_Copy@UtagCONNECTDATA@@@ATL@@@ATL@@UAGJK@Z 10002b15 f i POSPower.obj
 0001:00001b42       ?Clone@?$CComEnumImpl@UIEnumConnections@@$1?_GUID_b196b287_bab4_101a_b69c_00aa00341d07@@3U__s_GUID@@BUtagCONNECTDATA@@V?$_Copy@UtagCONNECTDATA@@@ATL@@@ATL@@UAGJPAPAUIEnumConnections@@@Z 10002b42 f i POSPower.obj
 0001:00001c21       ?QueryInterface@?$CComObject@V?$CComEnum@UIEnumConnections@@$1?_GUID_b196b287_bab4_101a_b69c_00aa00341d07@@3U__s_GUID@@BUtagCONNECTDATA@@V?$_Copy@UtagCONNECTDATA@@@ATL@@VCComSingleThreadModel@6@@ATL@@@ATL@@UAGJABU_GUID@@PAPAX@Z 10002c21 f i POSPower.obj
 0001:00001c3b       ??_G?$CComObject@V?$CComEnum@UIEnumConnections@@$1?_GUID_b196b287_bab4_101a_b69c_00aa00341d07@@3U__s_GUID@@BUtagCONNECTDATA@@V?$_Copy@UtagCONNECTDATA@@@ATL@@VCComSingleThreadModel@6@@ATL@@@ATL@@UAEPAXI@Z 10002c3b f i POSPower.obj
 0001:00001c3b       ??_E?$CComObject@V?$CComEnum@UIEnumConnections@@$1?_GUID_b196b287_bab4_101a_b69c_00aa00341d07@@3U__s_GUID@@BUtagCONNECTDATA@@V?$_Copy@UtagCONNECTDATA@@@ATL@@VCComSingleThreadModel@6@@ATL@@@ATL@@UAEPAXI@Z 10002c3b f i POSPower.obj
 0001:00001c5d       ??_E?$CComObject@VCOPOSPOSPower@@@ATL@@W3AEPAXI@Z 10002c5d f i POSPower.obj
 0001:00001c65       ??_E?$CComObject@VCOPOSPOSPower@@@ATL@@WEM@AEPAXI@Z 10002c65 f i POSPower.obj
 0001:00001c6d       ?QueryInterface@?$CComObject@VCOPOSPOSPower@@@ATL@@WHA@AGJABU_GUID@@PAPAX@Z 10002c6d f i POSPower.obj
 0001:00001c77       ?AddRef@?$CComObject@VCOPOSPOSPower@@@ATL@@WHA@AGKXZ 10002c77 f i POSPower.obj
 0001:00001c81       ?Release@?$CComObject@VCOPOSPOSPower@@@ATL@@WHA@AGKXZ 10002c81 f i POSPower.obj
 0001:00001c8b       ?QueryInterface@?$CComObject@VCOPOSPOSPower@@@ATL@@WHE@AGJABU_GUID@@PAPAX@Z 10002c8b f i POSPower.obj
 0001:00001c95       ?AddRef@?$CComObject@VCOPOSPOSPower@@@ATL@@WHE@AGKXZ 10002c95 f i POSPower.obj
 0001:00001c9f       ?Release@?$CComObject@VCOPOSPOSPower@@@ATL@@WHE@AGKXZ 10002c9f f i POSPower.obj
 0001:00001ca9       ?QueryInterface@?$CComObject@VCOPOSPOSPower@@@ATL@@WHI@AGJABU_GUID@@PAPAX@Z 10002ca9 f i POSPower.obj
 0001:00001cb3       ?AddRef@?$CComObject@VCOPOSPOSPower@@@ATL@@WHI@AGKXZ 10002cb3 f i POSPower.obj
 0001:00001cbd       ?Release@?$CComObject@VCOPOSPOSPower@@@ATL@@WHI@AGKXZ 10002cbd f i POSPower.obj
 0001:00001cc7       ?QueryInterface@?$CComObject@VCOPOSPOSPower@@@ATL@@WHM@AGJABU_GUID@@PAPAX@Z 10002cc7 f i POSPower.obj
 0001:00001cd1       ?AddRef@?$CComObject@VCOPOSPOSPower@@@ATL@@WHM@AGKXZ 10002cd1 f i POSPower.obj
 0001:00001cdb       ?Release@?$CComObject@VCOPOSPOSPower@@@ATL@@WHM@AGKXZ 10002cdb f i POSPower.obj
 0001:00001ce5       ?QueryInterface@?$CComObject@VCOPOSPOSPower@@@ATL@@WIA@AGJABU_GUID@@PAPAX@Z 10002ce5 f i POSPower.obj
 0001:00001cf2       ?AddRef@?$CComObject@VCOPOSPOSPower@@@ATL@@WIA@AGKXZ 10002cf2 f i POSPower.obj
 0001:00001cff       ?Release@?$CComObject@VCOPOSPOSPower@@@ATL@@WIA@AGKXZ 10002cff f i POSPower.obj
 0001:00001d0c       ?QueryInterface@?$CComObject@VCOPOSPOSPower@@@ATL@@WIE@AGJABU_GUID@@PAPAX@Z 10002d0c f i POSPower.obj
 0001:00001d19       ?AddRef@?$CComObject@VCOPOSPOSPower@@@ATL@@WIE@AGKXZ 10002d19 f i POSPower.obj
 0001:00001d26       ?Release@?$CComObject@VCOPOSPOSPower@@@ATL@@WIE@AGKXZ 10002d26 f i POSPower.obj
 0001:00001d33       ?QueryInterface@?$CComObject@VCOPOSPOSPower@@@ATL@@WII@AGJABU_GUID@@PAPAX@Z 10002d33 f i POSPower.obj
 0001:00001d40       ?AddRef@?$CComObject@VCOPOSPOSPower@@@ATL@@WII@AGKXZ 10002d40 f i POSPower.obj
 0001:00001d4d       ?Release@?$CComObject@VCOPOSPOSPower@@@ATL@@WII@AGKXZ 10002d4d f i POSPower.obj
 0001:00001d5a       ?QueryInterface@?$CComObject@VCOPOSPOSPower@@@ATL@@WIM@AGJABU_GUID@@PAPAX@Z 10002d5a f i POSPower.obj
 0001:00001d67       ?AddRef@?$CComObject@VCOPOSPOSPower@@@ATL@@WIM@AGKXZ 10002d67 f i POSPower.obj
 0001:00001d74       ?Release@?$CComObject@VCOPOSPOSPower@@@ATL@@WIM@AGKXZ 10002d74 f i POSPower.obj
 0001:00001d81       ?QueryInterface@?$CComObject@VCOPOSPOSPower@@@ATL@@WJA@AGJABU_GUID@@PAPAX@Z 10002d81 f i POSPower.obj
 0001:00001d8e       ?AddRef@?$CComObject@VCOPOSPOSPower@@@ATL@@WJA@AGKXZ 10002d8e f i POSPower.obj
 0001:00001d9b       ?Release@?$CComObject@VCOPOSPOSPower@@@ATL@@WJA@AGKXZ 10002d9b f i POSPower.obj
 0001:00001da8       ?QueryInterface@?$CComObject@VCOPOSPOSPower@@@ATL@@WJE@AGJABU_GUID@@PAPAX@Z 10002da8 f i POSPower.obj
 0001:00001db5       ?AddRef@?$CComObject@VCOPOSPOSPower@@@ATL@@WJE@AGKXZ 10002db5 f i POSPower.obj
 0001:00001dc2       ?Release@?$CComObject@VCOPOSPOSPower@@@ATL@@WJE@AGKXZ 10002dc2 f i POSPower.obj
 0001:00001dcf       ?QueryInterface@?$CComObject@VCOPOSPOSPower@@@ATL@@WJI@AGJABU_GUID@@PAPAX@Z 10002dcf f i POSPower.obj
 0001:00001ddc       ?AddRef@?$CComObject@VCOPOSPOSPower@@@ATL@@WJI@AGKXZ 10002ddc f i POSPower.obj
 0001:00001de9       ?Release@?$CComObject@VCOPOSPOSPower@@@ATL@@WJI@AGKXZ 10002de9 f i POSPower.obj
 0001:00001df6       ?QueryInterface@?$CComObject@VCOPOSPOSPower@@@ATL@@WJM@AGJABU_GUID@@PAPAX@Z 10002df6 f i POSPower.obj
 0001:00001e03       ?AddRef@?$CComObject@VCOPOSPOSPower@@@ATL@@WJM@AGKXZ 10002e03 f i POSPower.obj
 0001:00001e10       ?Release@?$CComObject@VCOPOSPOSPower@@@ATL@@WJM@AGKXZ 10002e10 f i POSPower.obj
 0001:00001e1d       ?QueryInterface@?$CComObject@VCOPOSPOSPower@@@ATL@@WKA@AGJABU_GUID@@PAPAX@Z 10002e1d f i POSPower.obj
 0001:00001e2a       ?AddRef@?$CComObject@VCOPOSPOSPower@@@ATL@@WKA@AGKXZ 10002e2a f i POSPower.obj
 0001:00001e37       ?Release@?$CComObject@VCOPOSPOSPower@@@ATL@@WKA@AGKXZ 10002e37 f i POSPower.obj
 0001:00001e44       ?AddRef@?$CComObject@VCOPOSPOSPower@@@ATL@@WKI@AGKXZ 10002e44 f i POSPower.obj
 0001:00001e51       ?Release@?$CComObject@VCOPOSPOSPower@@@ATL@@WKI@AGKXZ 10002e51 f i POSPower.obj
 0001:00001e5e       ?AddRef@?$CComObject@VCOPOSPOSPower@@@ATL@@WLE@AGKXZ 10002e5e f i POSPower.obj
 0001:00001e6b       ?Release@?$CComObject@VCOPOSPOSPower@@@ATL@@WLE@AGKXZ 10002e6b f i POSPower.obj
 0001:00001e78       ??_E?$CComContainedObject@VCOPOSPOSPower@@@ATL@@W3AEPAXI@Z 10002e78 f i POSPower.obj
 0001:00001e80       ??_E?$CComContainedObject@VCOPOSPOSPower@@@ATL@@WEM@AEPAXI@Z 10002e80 f i POSPower.obj
 0001:00001e88       ?QueryInterface@?$CComContainedObject@VCOPOSPOSPower@@@ATL@@WHA@AGJABU_GUID@@PAPAX@Z 10002e88 f i POSPower.obj
 0001:00001e92       ?AddRef@?$CComContainedObject@VCOPOSPOSPower@@@ATL@@WHA@AGKXZ 10002e92 f i POSPower.obj
 0001:00001e9c       ?Release@?$CComContainedObject@VCOPOSPOSPower@@@ATL@@WHA@AGKXZ 10002e9c f i POSPower.obj
 0001:00001ea6       ?QueryInterface@?$CComContainedObject@VCOPOSPOSPower@@@ATL@@WHE@AGJABU_GUID@@PAPAX@Z 10002ea6 f i POSPower.obj
 0001:00001eb0       ?AddRef@?$CComContainedObject@VCOPOSPOSPower@@@ATL@@WHE@AGKXZ 10002eb0 f i POSPower.obj
 0001:00001eba       ?Release@?$CComContainedObject@VCOPOSPOSPower@@@ATL@@WHE@AGKXZ 10002eba f i POSPower.obj
 0001:00001ec4       ?QueryInterface@?$CComContainedObject@VCOPOSPOSPower@@@ATL@@WHI@AGJABU_GUID@@PAPAX@Z 10002ec4 f i POSPower.obj
 0001:00001ece       ?AddRef@?$CComContainedObject@VCOPOSPOSPower@@@ATL@@WHI@AGKXZ 10002ece f i POSPower.obj
 0001:00001ed8       ?Release@?$CComContainedObject@VCOPOSPOSPower@@@ATL@@WHI@AGKXZ 10002ed8 f i POSPower.obj
 0001:00001ee2       ?QueryInterface@?$CComContainedObject@VCOPOSPOSPower@@@ATL@@WHM@AGJABU_GUID@@PAPAX@Z 10002ee2 f i POSPower.obj
 0001:00001eec       ?AddRef@?$CComContainedObject@VCOPOSPOSPower@@@ATL@@WHM@AGKXZ 10002eec f i POSPower.obj
 0001:00001ef6       ?Release@?$CComContainedObject@VCOPOSPOSPower@@@ATL@@WHM@AGKXZ 10002ef6 f i POSPower.obj
 0001:00001f00       ?QueryInterface@?$CComContainedObject@VCOPOSPOSPower@@@ATL@@WIA@AGJABU_GUID@@PAPAX@Z 10002f00 f i POSPower.obj
 0001:00001f0d       ?AddRef@?$CComContainedObject@VCOPOSPOSPower@@@ATL@@WIA@AGKXZ 10002f0d f i POSPower.obj
 0001:00001f1a       ?Release@?$CComContainedObject@VCOPOSPOSPower@@@ATL@@WIA@AGKXZ 10002f1a f i POSPower.obj
 0001:00001f27       ?QueryInterface@?$CComContainedObject@VCOPOSPOSPower@@@ATL@@WIE@AGJABU_GUID@@PAPAX@Z 10002f27 f i POSPower.obj
 0001:00001f34       ?AddRef@?$CComContainedObject@VCOPOSPOSPower@@@ATL@@WIE@AGKXZ 10002f34 f i POSPower.obj
 0001:00001f41       ?Release@?$CComContainedObject@VCOPOSPOSPower@@@ATL@@WIE@AGKXZ 10002f41 f i POSPower.obj
 0001:00001f4e       ?QueryInterface@?$CComContainedObject@VCOPOSPOSPower@@@ATL@@WII@AGJABU_GUID@@PAPAX@Z 10002f4e f i POSPower.obj
 0001:00001f5b       ?AddRef@?$CComContainedObject@VCOPOSPOSPower@@@ATL@@WII@AGKXZ 10002f5b f i POSPower.obj
 0001:00001f68       ?Release@?$CComContainedObject@VCOPOSPOSPower@@@ATL@@WII@AGKXZ 10002f68 f i POSPower.obj
 0001:00001f75       ?QueryInterface@?$CComContainedObject@VCOPOSPOSPower@@@ATL@@WIM@AGJABU_GUID@@PAPAX@Z 10002f75 f i POSPower.obj
 0001:00001f82       ?AddRef@?$CComContainedObject@VCOPOSPOSPower@@@ATL@@WIM@AGKXZ 10002f82 f i POSPower.obj
 0001:00001f8f       ?Release@?$CComContainedObject@VCOPOSPOSPower@@@ATL@@WIM@AGKXZ 10002f8f f i POSPower.obj
 0001:00001f9c       ?QueryInterface@?$CComContainedObject@VCOPOSPOSPower@@@ATL@@WJA@AGJABU_GUID@@PAPAX@Z 10002f9c f i POSPower.obj
 0001:00001fa9       ?AddRef@?$CComContainedObject@VCOPOSPOSPower@@@ATL@@WJA@AGKXZ 10002fa9 f i POSPower.obj
 0001:00001fb6       ?Release@?$CComContainedObject@VCOPOSPOSPower@@@ATL@@WJA@AGKXZ 10002fb6 f i POSPower.obj
 0001:00001fc3       ?QueryInterface@?$CComContainedObject@VCOPOSPOSPower@@@ATL@@WJE@AGJABU_GUID@@PAPAX@Z 10002fc3 f i POSPower.obj
 0001:00001fd0       ?AddRef@?$CComContainedObject@VCOPOSPOSPower@@@ATL@@WJE@AGKXZ 10002fd0 f i POSPower.obj
 0001:00001fdd       ?Release@?$CComContainedObject@VCOPOSPOSPower@@@ATL@@WJE@AGKXZ 10002fdd f i POSPower.obj
 0001:00001fea       ?QueryInterface@?$CComContainedObject@VCOPOSPOSPower@@@ATL@@WJI@AGJABU_GUID@@PAPAX@Z 10002fea f i POSPower.obj
 0001:00001ff7       ?AddRef@?$CComContainedObject@VCOPOSPOSPower@@@ATL@@WJI@AGKXZ 10002ff7 f i POSPower.obj
 0001:00002004       ?Release@?$CComContainedObject@VCOPOSPOSPower@@@ATL@@WJI@AGKXZ 10003004 f i POSPower.obj
 0001:00002011       ?QueryInterface@?$CComContainedObject@VCOPOSPOSPower@@@ATL@@WJM@AGJABU_GUID@@PAPAX@Z 10003011 f i POSPower.obj
 0001:0000201e       ?AddRef@?$CComContainedObject@VCOPOSPOSPower@@@ATL@@WJM@AGKXZ 1000301e f i POSPower.obj
 0001:0000202b       ?Release@?$CComContainedObject@VCOPOSPOSPower@@@ATL@@WJM@AGKXZ 1000302b f i POSPower.obj
 0001:00002038       ?QueryInterface@?$CComContainedObject@VCOPOSPOSPower@@@ATL@@WKA@AGJABU_GUID@@PAPAX@Z 10003038 f i POSPower.obj
 0001:00002045       ?AddRef@?$CComContainedObject@VCOPOSPOSPower@@@ATL@@WKA@AGKXZ 10003045 f i POSPower.obj
 0001:00002052       ?Release@?$CComContainedObject@VCOPOSPOSPower@@@ATL@@WKA@AGKXZ 10003052 f i POSPower.obj
 0001:0000205f       ?AddRef@?$CComContainedObject@VCOPOSPOSPower@@@ATL@@WKI@AGKXZ 1000305f f i POSPower.obj
 0001:0000206c       ?Release@?$CComContainedObject@VCOPOSPOSPower@@@ATL@@WKI@AGKXZ 1000306c f i POSPower.obj
 0001:00002079       ?AddRef@?$CComContainedObject@VCOPOSPOSPower@@@ATL@@WLE@AGKXZ 10003079 f i POSPower.obj
 0001:00002086       ?Release@?$CComContainedObject@VCOPOSPOSPower@@@ATL@@WLE@AGKXZ 10003086 f i POSPower.obj
 0001:00002093       ?Lock@CAtlModule@ATL@@UAEJXZ 10003093 f i POSPower.obj
 0001:0000209d       ?Unlock@CAtlModule@ATL@@UAEJXZ 1000309d f i POSPower.obj
 0001:000020a7       ?GetLockCount@CAtlModule@ATL@@UAEJXZ 100030a7 f i POSPower.obj
 0001:000020ab       ?GetGITPtr@CAtlModule@ATL@@UAEJPAPAUIGlobalInterfaceTable@@@Z 100030ab f i POSPower.obj
 0001:000020f7       ?GetWindowProc@?$CWindowImplBaseT@VCWindow@ATL@@V?$CWinTraits@$0FGAAAAAA@$0A@@2@@ATL@@UAEP6GJPAUHWND__@@IIJ@ZXZ 100030f7 f i POSPower.obj
 0001:000020fd       ?StartWindowProc@?$CWindowImplBaseT@VCWindow@ATL@@V?$CWinTraits@$0FGAAAAAA@$0A@@2@@ATL@@SGJPAUHWND__@@IIJ@Z 100030fd f i POSPower.obj
 0001:00002151       ?AddCommonRGSReplacements@?$CAtlModuleT@VCComModule@ATL@@@ATL@@UAEJPAUIRegistrarBase@@@Z 10003151 f i POSPower.obj
 0001:0000216b       ?GetTypeInfoCount@?$IDispatchImpl@UIOPOSPOSPower@@$1?IID_IOPOSPOSPower@@3U_GUID@@B$1?LIBID_OposPOSPower_CCO@@3U3@B$00$0A@VCComTypeInfoHolder@ATL@@@ATL@@UAGJPAI@Z 1000316b f i POSPower.obj
 0001:00002188       ?GetTypeInfo@?$IDispatchImpl@UIOPOSPOSPower@@$1?IID_IOPOSPOSPower@@3U_GUID@@B$1?LIBID_OposPOSPower_CCO@@3U3@B$00$0A@VCComTypeInfoHolder@ATL@@@ATL@@UAGJIKPAPAUITypeInfo@@@Z 10003188 f i POSPower.obj
 0001:000021ac       ?GetIDsOfNames@?$IDispatchImpl@UIOPOSPOSPower@@$1?IID_IOPOSPOSPower@@3U_GUID@@B$1?LIBID_OposPOSPower_CCO@@3U3@B$00$0A@VCComTypeInfoHolder@ATL@@@ATL@@UAGJABU_GUID@@PAPA_WIKPAJ@Z 100031ac f i POSPower.obj
 0001:000021cc       ?Invoke@?$IDispatchImpl@UIOPOSPOSPower@@$1?IID_IOPOSPOSPower@@3U_GUID@@B$1?LIBID_OposPOSPower_CCO@@3U3@B$00$0A@VCComTypeInfoHolder@ATL@@@ATL@@UAGJJABU_GUID@@KGPAUtagDISPPARAMS@@PAUtagVARIANT@@PAUtagEXCEPINFO@@PAI@Z 100031cc f i POSPower.obj
 0001:000021da       ?UpdateRegistryFromResourceD@CComModule@ATL@@UAGJPB_WHPAU_ATL_REGMAP_ENTRY@2@@Z 100031da f i POSPower.obj
 0001:000021da       ?UpdateRegistryFromResourceD@CComModule@ATL@@UAGJIHPAU_ATL_REGMAP_ENTRY@2@@Z 100031da f i POSPower.obj
 0001:000021e2       ?UpdateRegistryFromResource@CComModule@ATL@@UAGJPB_WHPAU_ATL_REGMAP_ENTRY@2@@Z 100031e2 f i POSPower.obj
 0001:000021eb       ?UpdateRegistryFromResource@CComModule@ATL@@UAGJIHPAU_ATL_REGMAP_ENTRY@2@@Z 100031eb f i POSPower.obj
 0001:000021f4       ?CreateControlWindow@?$CComControl@VCOPOSPOSPower@@V?$CWindowImpl@VCOPOSPOSPower@@VCWindow@ATL@@V?$CWinTraits@$0FGAAAAAA@$0A@@3@@ATL@@@ATL@@UAEPAUHWND__@@PAU3@AAUtagRECT@@@Z 100031f4 f i POSPower.obj
 0001:00002223       ?ControlQueryInterface@?$CComControl@VCOPOSPOSPower@@V?$CWindowImpl@VCOPOSPOSPower@@VCWindow@ATL@@V?$CWinTraits@$0FGAAAAAA@$0A@@3@@ATL@@@ATL@@UAEJABU_GUID@@PAPAX@Z 10003223 f i POSPower.obj
 0001:0000223e       ?IsDirty@?$IPersistStreamInitImpl@VCOPOSPOSPower@@@ATL@@UAGJXZ 1000323e f i POSPower.obj
 0001:0000225d       ?Load@?$IPersistStreamInitImpl@VCOPOSPOSPower@@@ATL@@UAGJPAUIStream@@@Z 1000325d f i POSPower.obj
 0001:0000227c       ?Save@?$IPersistStreamInitImpl@VCOPOSPOSPower@@@ATL@@UAGJPAUIStream@@H@Z 1000327c f i POSPower.obj
 0001:0000229e       ?GetSizeMax@?$IPersistStreamInitImpl@VCOPOSPOSPower@@@ATL@@UAGJPAT_ULARGE_INTEGER@@@Z 1000329e f i POSPower.obj
 0001:00002453       ??_GCComModule@ATL@@UAEPAXI@Z 10003453 f i POSPower.obj
 0001:00002453       ??_ECComModule@ATL@@UAEPAXI@Z 10003453 f i POSPower.obj
 0001:0000247b       ?InitNew@?$IPersistStreamInitImpl@VCOPOSPOSPower@@@ATL@@UAGJXZ 1000347b f i POSPower.obj
 0001:00002498       ?SetClientSite@?$IOleObjectImpl@VCOPOSPOSPower@@@ATL@@UAGJPAUIOleClientSite@@@Z 10003498 f i POSPower.obj
 0001:000024b5       ?GetClientSite@?$IOleObjectImpl@VCOPOSPOSPower@@@ATL@@UAGJPAPAUIOleClientSite@@@Z 100034b5 f i POSPower.obj
 0001:000024d2       ?SetHostNames@?$IOleObjectImpl@VCOPOSPOSPower@@@ATL@@UAGJPB_W0@Z 100034d2 f i POSPower.obj
 0001:000024d7       ?Close@?$IOleObjectImpl@VCOPOSPOSPower@@@ATL@@UAGJK@Z 100034d7 f i POSPower.obj
 0001:000024f4       ?DoVerb@?$IOleObjectImpl@VCOPOSPOSPower@@@ATL@@UAGJJPAUtagMSG@@PAUIOleClientSite@@JPAUHWND__@@PBUtagRECT@@@Z 100034f4 f i POSPower.obj
 0001:0000260c       ?EnumVerbs@?$IOleObjectImpl@VCOPOSPOSPower@@@ATL@@UAGJPAPAUIEnumOLEVERB@@@Z 1000360c f i POSPower.obj
 0001:0000262e       ?GetUserType@?$IOleObjectImpl@VCOPOSPOSPower@@@ATL@@UAGJKPAPA_W@Z 1000362e f i POSPower.obj
 0001:00002646       ?SetExtent@?$IOleObjectImpl@VCOPOSPOSPower@@@ATL@@UAGJKPAUtagSIZE@@@Z 10003646 f i POSPower.obj
 0001:00002666       ?GetExtent@?$IOleObjectImpl@VCOPOSPOSPower@@@ATL@@UAGJKPAUtagSIZE@@@Z 10003666 f i POSPower.obj
 0001:000026a4       ?Advise@?$IOleObjectImpl@VCOPOSPOSPower@@@ATL@@UAGJPAUIAdviseSink@@PAK@Z 100036a4 f i POSPower.obj
 0001:000026c4       ?Unadvise@?$IOleObjectImpl@VCOPOSPOSPower@@@ATL@@UAGJK@Z 100036c4 f i POSPower.obj
 0001:000026f3       ?EnumAdvise@?$IOleObjectImpl@VCOPOSPOSPower@@@ATL@@UAGJPAPAUIEnumSTATDATA@@@Z 100036f3 f i POSPower.obj
 0001:00002733       ?GetMiscStatus@?$IOleObjectImpl@VCOPOSPOSPower@@@ATL@@UAGJKPAK@Z 10003733 f i POSPower.obj
 0001:0000274b       ?GetWindow@?$IOleInPlaceActiveObjectImpl@VCOPOSPOSPower@@@ATL@@UAGJPAPAUHWND__@@@Z 1000374b f i POSPower.obj
 0001:00002798       ?TranslateAcceleratorW@?$IOleInPlaceActiveObjectImpl@VCOPOSPOSPower@@@ATL@@UAGJPAUtagMSG@@@Z 10003798 f i POSPower.obj
 0001:00002836       ?OnDocWindowActivate@?$IOleInPlaceActiveObjectImpl@VCOPOSPOSPower@@@ATL@@UAGJH@Z 10003836 f i POSPower.obj
 0001:00002858       ?ResizeBorder@?$IOleInPlaceActiveObjectImpl@VCOPOSPOSPower@@@ATL@@UAGJPBUtagRECT@@PAUIOleInPlaceUIWindow@@H@Z 10003858 f i POSPower.obj
 0001:0000285d       ?Draw@?$IViewObjectExImpl@VCOPOSPOSPower@@@ATL@@UAGJKJPAXPAUtagDVTARGETDEVICE@@PAUHDC__@@2PBU_RECTL@@3P6GHK@ZK@Z 1000385d f i POSPower.obj
 0001:0000288f       ?GetColorSet@?$IViewObjectExImpl@VCOPOSPOSPower@@@ATL@@UAGJKJPAXPAUtagDVTARGETDEVICE@@PAUHDC__@@PAPAUtagLOGPALETTE@@@Z 1000388f f i POSPower.obj
 0001:00002897       ??$?4UITypeInfo2@@@?$CComPtr@UITypeInfo@@@ATL@@QAEPAUITypeInfo@@ABV?$CComPtr@UITypeInfo2@@@1@@Z 10003897 f i POSPower.obj
 0001:000028c4       ??$AtlAdd@K@ATL@@YAJPAKKK@Z 100038c4 f i POSPower.obj
 0001:000028e7       ??$AtlAdd@_K@ATL@@YAJPA_K_K1@Z 100038e7 f i POSPower.obj
 0001:0000291f       ??$AtlAddThrow@K@ATL@@YAKKK@Z 1000391f f i POSPower.obj
 0001:00002945       ??$AtlModuleRegisterWndClassInfoT@VAtlModuleRegisterWndClassInfoParamW@ATL@@@ATL@@YAGPAU_ATL_BASE_MODULE70@0@PAU_ATL_WIN_MODULE70@0@PAU_ATL_WNDCLASSINFOW@0@PAP6GJPAUHWND__@@IIJ@ZVAtlModuleRegisterWndClassInfoParamW@0@@Z 10003945 f i POSPower.obj
 0001:00002a93       ??$AtlMultiply@H@ATL@@YAJPAHHH@Z 10003a93 f i POSPower.obj
 0001:00002acb       ??$AtlMultiply@K@ATL@@YAJPAKKK@Z 10003acb f i POSPower.obj
 0001:00002acb       ??$AtlMultiply@I@ATL@@YAJPAIII@Z 10003acb f i POSPower.obj
 0001:00002aed       ??$AtlMultiplyThrow@I@ATL@@YAIII@Z 10003aed f i POSPower.obj
 0001:00002b13       ??0?$CComAggObject@VCOPOSPOSPower@@@ATL@@QAE@PAX@Z 10003b13 f i POSPower.obj
 0001:00002b40       ??0?$CComContainedObject@VCOPOSPOSPower@@@ATL@@QAE@PAX@Z 10003b40 f i POSPower.obj
 0001:00002bf9       ??0?$CComObject@V?$CComEnum@UIEnumConnectionPoints@@$1?_GUID_b196b285_bab4_101a_b69c_00aa00341d07@@3U__s_GUID@@BPAUIConnectionPoint@@V?$_CopyInterface@UIConnectionPoint@@@ATL@@VCComSingleThreadModel@6@@ATL@@@ATL@@QAE@PAX@Z 10003bf9 f i POSPower.obj
 0001:00002c27       ??0?$CComObject@V?$CComEnum@UIEnumConnections@@$1?_GUID_b196b287_bab4_101a_b69c_00aa00341d07@@3U__s_GUID@@BUtagCONNECTDATA@@V?$_Copy@UtagCONNECTDATA@@@ATL@@VCComSingleThreadModel@6@@ATL@@@ATL@@QAE@PAX@Z 10003c27 f i POSPower.obj
 0001:00002c55       ??0?$CComObject@VCOPOSPOSPower@@@ATL@@QAE@PAX@Z 10003c55 f i POSPower.obj
 0001:00002d0c       ??0?$CComQIPtr@UIOleControlSite@@$1?_GUID_b196b289_bab4_101a_b69c_00aa00341d07@@3U__s_GUID@@B@ATL@@QAE@PAUIUnknown@@@Z 10003d0c f i POSPower.obj
 0001:00002d35       ??0CAtlModule@ATL@@QAE@XZ  10003d35 f i POSPower.obj
 0001:00002d76       ??0CParseBuffer@CRegParser@ATL@@QAE@H@Z 10003d76 f i POSPower.obj
 0001:00002dac       ??0_ATL_MSG@ATL@@QAE@PAUHWND__@@IIJH@Z 10003dac f i POSPower.obj
 0001:00002de4       ??1?$CComAggObject@VCOPOSPOSPower@@@ATL@@UAE@XZ 10003de4 f i POSPower.obj
 0001:00002e08       ??1?$CComEnumImpl@UIEnumConnectionPoints@@$1?_GUID_b196b285_bab4_101a_b69c_00aa00341d07@@3U__s_GUID@@BPAUIConnectionPoint@@V?$_CopyInterface@UIConnectionPoint@@@ATL@@@ATL@@UAE@XZ 10003e08 f i POSPower.obj
 0001:00002e48       ??1?$CComEnumImpl@UIEnumConnections@@$1?_GUID_b196b287_bab4_101a_b69c_00aa00341d07@@3U__s_GUID@@BUtagCONNECTDATA@@V?$_Copy@UtagCONNECTDATA@@@ATL@@@ATL@@UAE@XZ 10003e48 f i POSPower.obj
 0001:00002e88       ??1?$CComObject@V?$CComEnum@UIEnumConnectionPoints@@$1?_GUID_b196b285_bab4_101a_b69c_00aa00341d07@@3U__s_GUID@@BPAUIConnectionPoint@@V?$_CopyInterface@UIConnectionPoint@@@ATL@@VCComSingleThreadModel@6@@ATL@@@ATL@@UAE@XZ 10003e88 f i POSPower.obj
 0001:00002eab       ??1?$CComObject@V?$CComEnum@UIEnumConnections@@$1?_GUID_b196b287_bab4_101a_b69c_00aa00341d07@@3U__s_GUID@@BUtagCONNECTDATA@@V?$_Copy@UtagCONNECTDATA@@@ATL@@VCComSingleThreadModel@6@@ATL@@@ATL@@UAE@XZ 10003eab f i POSPower.obj
 0001:00002ece       ??1?$CComObject@VCOPOSPOSPower@@@ATL@@UAE@XZ 10003ece f i POSPower.obj
 0001:00002f8c       ??1?$CComObjectCached@VCComClassFactory@ATL@@@ATL@@UAE@XZ 10003f8c f i POSPower.obj
 0001:00002fa2       ??1?$CComObjectRootEx@VCComMultiThreadModel@ATL@@@ATL@@QAE@XZ 10003fa2 f i POSPower.obj
 0001:00002fb7       ??1CRegObject@ATL@@UAE@XZ  10003fb7 f i POSPower.obj
 0001:00002fd7       ??4?$CComPtr@UIUnknown@@@ATL@@QAEPAUIUnknown@@PAU2@@Z 10003fd7 f i POSPower.obj
 0001:00002fd7       ??4?$CComPtr@UIAdviseSink@@@ATL@@QAEPAUIAdviseSink@@PAU2@@Z 10003fd7 f i POSPower.obj
 0001:00002fd7       ??4?$CComPtr@UIOleClientSite@@@ATL@@QAEPAUIOleClientSite@@PAU2@@Z 10003fd7 f i POSPower.obj
 0001:0000300b       ??4?$CComQIPtr@UIOleObject@@$1?_GUID_00000112_0000_0000_c000_000000000046@@3U__s_GUID@@B@ATL@@QAEPAUIOleObject@@PAUIUnknown@@@Z 1000400b f i POSPower.obj
 0001:00003030       ??4?$CComQIPtr@UISpecifyPropertyPages@@$1?_GUID_b196b28b_bab4_101a_b69c_00aa00341d07@@3U__s_GUID@@B@ATL@@QAEPAUISpecifyPropertyPages@@PAUIUnknown@@@Z 10004030 f i POSPower.obj
 0001:00003055       ??_G?$CComContainedObject@VCOPOSPOSPower@@@ATL@@UAEPAXI@Z 10004055 f i POSPower.obj
 0001:00003055       ??_E?$CComContainedObject@VCOPOSPOSPower@@@ATL@@UAEPAXI@Z 10004055 f i POSPower.obj
 0001:0000307a       ??_E?$CComObject@VCOPOSPOSPower@@@ATL@@UAEPAXI@Z 1000407a f i POSPower.obj
 0001:0000307a       ??_G?$CComObject@VCOPOSPOSPower@@@ATL@@UAEPAXI@Z 1000407a f i POSPower.obj
 0001:0000309f       ?Add@?$CSimpleArray@GV?$CSimpleArrayEqualHelper@G@ATL@@@ATL@@QAEHABG@Z 1000409f f i POSPower.obj
 0001:00003123       ?Add@?$CSimpleMap@PA_WPA_WVCExpansionVectorEqualHelper@ATL@@@ATL@@QAEHABQA_W0@Z 10004123 f i POSPower.obj
 0001:00003178       ?Add@CComDynamicUnkArray@ATL@@QAEKPAUIUnknown@@@Z 10004178 f i POSPower.obj
 0001:00003233       ?Add@CExpansionVector@ATL@@QAEHPB_W0@Z 10004233 f i POSPower.obj
 0001:00003337       ?AddString@CParseBuffer@CRegParser@ATL@@QAEHPB_W@Z 10004337 f i POSPower.obj
 0001:0000336c       ?AddValue@CRegParser@ATL@@IAEJAAVCRegKey@2@PB_WPA_W@Z 1000436c f i POSPower.obj
 0001:0000368d       ?Allocate@?$CAtlSafeAllocBufferManager@VCCRTAllocator@ATL@@@_ATL_SAFE_ALLOCA_IMPL@ATL@@QAEPAXK@Z 1000468d f i POSPower.obj
 0001:000036ba       ?Allocate@?$CTempBuffer@E$0BAA@VCCRTAllocator@ATL@@@ATL@@QAEPAEI@Z 100046ba f i POSPower.obj
 0001:000036e9       ?Allocate@?$CTempBuffer@_W$0BAA@VCCRTAllocator@ATL@@@ATL@@QAEPA_WI@Z 100046e9 f i POSPower.obj
 0001:00003718       ?Allocate@?$CTempBuffer@_W$0EAA@VCCRTAllocator@ATL@@@ATL@@QAEPA_WI@Z 10004718 f i POSPower.obj
 0001:00003747       ?AllocateHeap@?$CTempBuffer@E$0BAA@VCCRTAllocator@ATL@@@ATL@@AAEXI@Z 10004747 f i POSPower.obj
 0001:00003747       ?AllocateHeap@?$CTempBuffer@_W$0BAA@VCCRTAllocator@ATL@@@ATL@@AAEXI@Z 10004747 f i POSPower.obj
 0001:00003747       ?AllocateHeap@?$CTempBuffer@_W$0EAA@VCCRTAllocator@ATL@@@ATL@@AAEXI@Z 10004747 f i POSPower.obj
 0001:0000376c       ?Append@CParseBuffer@CRegParser@ATL@@QAEHPB_WH@Z 1000476c f i POSPower.obj
 0001:000037fa       ?AtlCallTermFunc@ATL@@YGXPAU_ATL_MODULE70@1@@Z 100047fa f i POSPower.obj
 0001:0000383e       ?AtlCoTaskMemCAlloc@ATL@@YAPAXKK@Z 1000483e f i POSPower.obj
 0001:0000386b       ?AtlCoTaskMemRecalloc@ATL@@YAPAXPAXKK@Z 1000486b f i POSPower.obj
 0001:0000389b       ?AtlComModuleGetClassObject@ATL@@YGJPAU_ATL_COM_MODULE70@1@ABU_GUID@@1PAPAX@Z 1000489b f i POSPower.obj
 0001:0000398e       ?AtlComModuleRegisterServer@ATL@@YGJPAU_ATL_COM_MODULE70@1@HPBU_GUID@@@Z 1000498e f i POSPower.obj
 0001:00003a16       ?AtlComModuleUnregisterServer@ATL@@YGJPAU_ATL_COM_MODULE70@1@HPBU_GUID@@@Z 10004a16 f i POSPower.obj
 0001:00003a9e       ?AtlComQIPtrAssign2@ATL@@YAXPAPAUIUnknown@@PAU2@ABU_GUID@@@Z 10004a9e f i POSPower.obj
 0001:00003acd       ?AtlCreateTargetDC@ATL@@YGPAUHDC__@@PAU2@PAUtagDVTARGETDEVICE@@@Z 10004acd f i POSPower.obj
 0001:00003b36       ?AtlCrtErrorCheck@ATL@@YAHH@Z 10004b36 f i POSPower.obj
 0001:00003b71       ?AtlHiMetricToPixel@ATL@@YGXPBUtagSIZE@@PAU2@@Z 10004b71 f i POSPower.obj
 0001:00003be6       ?AtlHresultFromLastError@ATL@@YAJXZ 10004be6 f i POSPower.obj
 0001:00003bfd       ?AtlHresultFromWin32@ATL@@YAJK@Z 10004bfd f i POSPower.obj
 0001:00003c12       ?AtlIPersistStreamInit_Load@ATL@@YGJPAUIStream@@PBUATL_PROPMAP_ENTRY@1@PAXPAUIUnknown@@@Z 10004c12 f i POSPower.obj
 0001:00003df2       ?AtlIPersistStreamInit_Save@ATL@@YGJPAUIStream@@HPBUATL_PROPMAP_ENTRY@1@PAXPAUIUnknown@@@Z 10004df2 f i POSPower.obj
 0001:00003f8a       ?AtlInternalOleLoadFromStream@ATL@@YAJPAUIStream@@ABU_GUID@@PAPAXTClassesAllowedInStream@1@K@Z 10004f8a f i POSPower.obj
 0001:000040b0       ?AtlInternalQueryInterface@ATL@@YGJPAXPBU_ATL_INTMAP_ENTRY@1@ABU_GUID@@PAPAX@Z 100050b0 f i POSPower.obj
 0001:00004153       ?AtlLoadTypeLib@ATL@@YGJPAUHINSTANCE__@@PB_WPAPA_WPAPAUITypeLib@@@Z 10005153 f i POSPower.obj
 0001:00004331       ?AtlModuleAddTermFunc@ATL@@YGJPAU_ATL_MODULE70@1@P6GXK@ZK@Z 10005331 f i POSPower.obj
 0001:0000438e       ?AtlRegisterClassCategoriesHelper@ATL@@YGJABU_GUID@@PBU_ATL_CATMAP_ENTRY@1@H@Z 1000538e f i POSPower.obj
 0001:0000466e       ?AtlRegisterTypeLib@ATL@@YGJPAUHINSTANCE__@@PB_W@Z 1000566e f i POSPower.obj
 0001:000047f6       ?AtlThrowImpl@ATL@@YGXJ@Z  100057f6 f i POSPower.obj
 0001:00004814       ?AtlUnRegisterTypeLib@ATL@@YGJPAUHINSTANCE__@@PB_W@Z 10005814 f i POSPower.obj
 0001:000048bf       ?AtlWinModuleAddCreateWndData@ATL@@YGXPAU_ATL_WIN_MODULE70@1@PAU_AtlCreateWndData@1@PAX@Z 100058bf f i POSPower.obj
 0001:00004913       ?AtlWinModuleExtractCreateWndData@ATL@@YGPAXPAU_ATL_WIN_MODULE70@1@@Z 10005913 f i POSPower.obj
 0001:00004976       ?AtlWinModuleRegisterClassExW@ATL@@YGGPAU_ATL_WIN_MODULE70@1@PBUtagWNDCLASSEXW@@@Z 10005976 f i POSPower.obj
 0001:000049b5       ?CanForceRemoveKey@CRegParser@ATL@@IAEHPB_W@Z 100059b5 f i POSPower.obj
 0001:000049e4       ?ChToByte@CRegParser@ATL@@KAE_W@Z 100059e4 f i POSPower.obj
 0001:00004a17       ?Cleanup@CComTypeInfoHolder@ATL@@SGXK@Z 10005a17 f i POSPower.obj
 0001:00004a4a       ?ClearReplacements@CExpansionVector@ATL@@QAEJXZ 10005a4a f i POSPower.obj
 0001:00004a87       ?Close@CRegKey@ATL@@QAEJXZ 10005a87 f i POSPower.obj
 0001:00004aa1       ?Create@?$CWindowImpl@VCOPOSPOSPower@@VCWindow@ATL@@V?$CWinTraits@$0FGAAAAAA@$0A@@3@@ATL@@QAEPAUHWND__@@PAU3@V_U_RECT@2@PB_WKKV_U_MENUorID@2@PAX@Z 10005aa1 f i POSPower.obj
 0001:00004ae5       ?Create@?$CWindowImplBaseT@VCWindow@ATL@@V?$CWinTraits@$0FGAAAAAA@$0A@@2@@ATL@@QAEPAUHWND__@@PAU3@V_U_RECT@2@PB_WKKV_U_MENUorID@2@GPAX@Z 10005ae5 f i POSPower.obj
 0001:00004b81       ?Create@CRegKey@ATL@@QAEJPAUHKEY__@@PB_WPA_WKKPAU_SECURITY_ATTRIBUTES@@PAK@Z 10005b81 f i POSPower.obj
 0001:00004be4       ?CreateInstance@?$CComCreator@V?$CComAggObject@VCOPOSPOSPower@@@ATL@@@ATL@@SGJPAXABU_GUID@@PAPAX@Z 10005be4 f i POSPower.obj
 0001:00004c5a       ?CreateInstance@?$CComCreator@V?$CComObject@VCOPOSPOSPower@@@ATL@@@ATL@@SGJPAXABU_GUID@@PAPAX@Z 10005c5a f i POSPower.obj
 0001:00004cdb       ?CreateInstance@?$CComObject@V?$CComEnum@UIEnumConnectionPoints@@$1?_GUID_b196b285_bab4_101a_b69c_00aa00341d07@@3U__s_GUID@@BPAUIConnectionPoint@@V?$_CopyInterface@UIConnectionPoint@@@ATL@@VCComSingleThreadModel@6@@ATL@@@ATL@@SGJPAPAV12@@Z 10005cdb f i POSPower.obj
 0001:00004d22       ?CreateInstance@?$CComObject@V?$CComEnum@UIEnumConnections@@$1?_GUID_b196b287_bab4_101a_b69c_00aa00341d07@@3U__s_GUID@@BUtagCONNECTDATA@@V?$_Copy@UtagCONNECTDATA@@@ATL@@VCComSingleThreadModel@6@@ATL@@@ATL@@SGJPAPAV12@@Z 10005d22 f i POSPower.obj
 0001:00004d69       ?DefaultReflectionHandler@?$CWindowImplRoot@VCWindow@ATL@@@ATL@@SAHPAUHWND__@@IIJAAJ@Z 10005d69 f i POSPower.obj
 0001:00004ddc       ?DeleteSubKey@CRegKey@ATL@@QAEJPB_W@Z 10005ddc f i POSPower.obj
 0001:00004dff       ?DoEvent@COPOSPOSPower@@IAEXIIJ@Z 10005dff f i POSPower.obj
 0001:00004e7f       ?DoVerbHide@?$IOleObjectImpl@VCOPOSPOSPower@@@ATL@@QAEJPBUtagRECT@@PAUHWND__@@@Z 10005e7f f i POSPower.obj
 0001:00004eb5       ?DoVerbInPlaceActivate@?$IOleObjectImpl@VCOPOSPOSPower@@@ATL@@QAEJPBUtagRECT@@PAUHWND__@@@Z 10005eb5 f i POSPower.obj
 0001:00004ee8       ?DoVerbPrimary@?$IOleObjectImpl@VCOPOSPOSPower@@@ATL@@QAEJPBUtagRECT@@PAUHWND__@@@Z 10005ee8 f i POSPower.obj
 0001:00004f74       ?DoVerbProperties@CComControlBase@ATL@@QAEJPBUtagRECT@@PAUHWND__@@@Z 10005f74 f i POSPower.obj
 0001:0000509b       ?DoVerbShow@?$IOleObjectImpl@VCOPOSPOSPower@@@ATL@@QAEJPBUtagRECT@@PAUHWND__@@@Z 1000609b f i POSPower.obj
 0001:000050c0       ?DoVerbUIActivate@?$IOleObjectImpl@VCOPOSPOSPower@@@ATL@@QAEJPBUtagRECT@@PAUHWND__@@@Z 100060c0 f i POSPower.obj
 0001:000050fd       ?DoesVerbActivate@CComControlBase@ATL@@QAEHJ@Z 100060fd f i POSPower.obj
 0001:0000511e       ?DoesVerbUIActivate@CComControlBase@ATL@@QAEHJ@Z 1000611e f i POSPower.obj
 0001:00005153       ?EndOfVar@CRegParser@ATL@@IAEHXZ 10006153 f i POSPower.obj
 0001:00005173       ?EscapeSingleQuote@CAtlModule@ATL@@SAXPA_WIPB_W@Z 10006173 f i POSPower.obj
 0001:000051c2       ?FindKey@?$CSimpleMap@PA_WPA_WVCExpansionVectorEqualHelper@ATL@@@ATL@@QBEHABQA_W@Z 100061c2 f i POSPower.obj
 0001:000051f9       ?FireTheEvent@?$CProxy_IOPOSEvents@VCOPOSPOSPower@@@@IAEXPAVOposVariant@@IAAJPB_WJ@Z 100061f9 f i POSPower.obj
 0001:0000528b       ?FireViewChange@CComControlBase@ATL@@QAEJXZ 1000628b f i POSPower.obj
 0001:000052d4       ?Fire_DirectIOEvent@?$CProxy_IOPOSEvents@VCOPOSPOSPower@@@@QAEXJPAJPAPA_W@Z 100062d4 f i POSPower.obj
 0001:000053ba       ?Fire_StatusUpdateEvent@?$CProxy_IOPOSEvents@VCOPOSPOSPower@@@@QAEXJ@Z 100063ba f i POSPower.obj
 0001:00005446       ?FreeHeap@?$CTempBuffer@_W$0EAA@VCCRTAllocator@ATL@@@ATL@@AAEXXZ 10006446 f i POSPower.obj
 0001:00005446       ?FreeHeap@?$CTempBuffer@E$0BAA@VCCRTAllocator@ATL@@@ATL@@AAEXXZ 10006446 f i POSPower.obj
 0001:00005446       ?FreeHeap@?$CTempBuffer@_W$0BAA@VCCRTAllocator@ATL@@@ATL@@AAEXXZ 10006446 f i POSPower.obj
 0001:0000544f       ?GetAmbientLocaleID@CComControlBase@ATL@@QAEJAAK@Z 1000644f f i POSPower.obj
 0001:000054ab       ?GetAmbientUserMode@CComControlBase@ATL@@QAEJAAH@Z 100064ab f i POSPower.obj
 0001:0000551b       ?GetAt@CComDynamicUnkArray@ATL@@QAEPAUIUnknown@@H@Z 1000651b f i POSPower.obj
 0001:00005537       ?GetClassObject@CComModule@ATL@@QAEJABU_GUID@@0PAPAX@Z 10006537 f i POSPower.obj
 0001:000055d9       ?GetConnMap@COPOSPOSPower@@SAPBU_ATL_CONNMAP_ENTRY@ATL@@PAH@Z 100065d9 f i POSPower.obj
 0001:00005649       ?GetCookie@CComDynamicUnkArray@ATL@@QAGKPAPAUIUnknown@@@Z 10006649 f i POSPower.obj
 0001:00005681       ?GetIDsOfNames@CComTypeInfoHolder@ATL@@QAEJABU_GUID@@PAPA_WIKPAJ@Z 10006681 f i POSPower.obj
 0001:0000578f       ?GetKeyAt@?$CSimpleMap@PA_WPA_WVCExpansionVectorEqualHelper@ATL@@@ATL@@QBEAAPA_WH@Z 1000678f f i POSPower.obj
 0001:000057b4       ?GetPagesHelper@?$ISpecifyPropertyPagesImpl@VCOPOSPOSPower@@@ATL@@IAEJPAUtagCAUUID@@PBUATL_PROPMAP_ENTRY@2@@Z 100067b4 f i POSPower.obj
 0001:000058db       ?GetProperty@?$CComPtr@UIDispatch@@@ATL@@SAJPAUIDispatch@@JPAUtagVARIANT@@@Z 100068db f i POSPower.obj
 0001:0000592a       ?GetSizeMax@CComVariant@ATL@@QBEJPAT_ULARGE_INTEGER@@@Z 1000692a f i POSPower.obj
 0001:00005ae4       ?GetStreamSize@CComBSTR@ATL@@SAKPA_W@Z 10006ae4 f i POSPower.obj
 0001:00005afe       ?GetTI@CComTypeInfoHolder@ATL@@QAEJK@Z 10006afe f i POSPower.obj
 0001:00005ce7       ?GetTI@CComTypeInfoHolder@ATL@@QAEJKPAPAUITypeInfo@@@Z 10006ce7 f i POSPower.obj
 0001:00005d29       ?GetUnknown@CComDynamicUnkArray@ATL@@QAGPAUIUnknown@@K@Z 10006d29 f i POSPower.obj
 0001:00005d4a       ?GetValueAt@?$CSimpleMap@PA_WPA_WVCExpansionVectorEqualHelper@ATL@@@ATL@@QBEAAPA_WH@Z 10006d4a f i POSPower.obj
 0001:00005d70       ?GetZoomInfo@CComControlBase@ATL@@QAEXAAUATL_DRAWINFO@@@Z 10006d70 f i POSPower.obj
 0001:00005e03       ?HKeyFromString@CRegParser@ATL@@KAPAUHKEY__@@PA_W@Z 10006e03 f i POSPower.obj
 0001:00005e31       ?HasSubKeys@CRegParser@ATL@@IAEHPAUHKEY__@@@Z 10006e31 f i POSPower.obj
 0001:00005e66       ?IDataObject_GetData@CComControlBase@ATL@@QAEJPAUtagFORMATETC@@PAUtagSTGMEDIUM@@@Z 10006e66 f i POSPower.obj
 0001:0000600c       ?IOleInPlaceObject_InPlaceDeactivate@CComControlBase@ATL@@QAEJXZ 1000700c f i POSPower.obj
 0001:00006093       ?IOleInPlaceObject_SetObjectRects@CComControlBase@ATL@@QAEJPBUtagRECT@@0@Z 10007093 f i POSPower.obj
 0001:00006160       ?IOleInPlaceObject_UIDeactivate@CComControlBase@ATL@@QAEJXZ 10007160 f i POSPower.obj
 0001:00006222       ?IOleObject_Advise@CComControlBase@ATL@@QAEJPAUIAdviseSink@@PAK@Z 10007222 f i POSPower.obj
 0001:0000624c       ?IOleObject_Close@CComControlBase@ATL@@QAEJK@Z 1000724c f i POSPower.obj
 0001:00006330       ?IOleObject_GetClientSite@CComControlBase@ATL@@QAEJPAPAUIOleClientSite@@@Z 10007330 f i POSPower.obj
 0001:00006359       ?IOleObject_SetClientSite@CComControlBase@ATL@@QAEJPAUIOleClientSite@@@Z 10007359 f i POSPower.obj
 0001:00006398       ?IOleObject_SetExtent@CComControlBase@ATL@@QAEJKPAUtagSIZE@@@Z 10007398 f i POSPower.obj
 0001:0000644c       ?IPSI_GetIPersistStreamInit@?$IPersistStorageImpl@VCOPOSPOSPower@@@ATL@@AAEPAUIPersistStreamInit@@XZ 1000744c f i POSPower.obj
 0001:0000648e       ?IPersistStreamInit_Load@?$IPersistStreamInitImpl@VCOPOSPOSPower@@@ATL@@QAEJPAUIStream@@PBUATL_PROPMAP_ENTRY@2@@Z 1000748e f i POSPower.obj
 0001:000064ba       ?IPersistStreamInit_Save@?$IPersistStreamInitImpl@VCOPOSPOSPower@@@ATL@@QAEJPAUIStream@@HPBUATL_PROPMAP_ENTRY@2@@Z 100074ba f i POSPower.obj
 0001:000064ef       ?IQuickActivate_QuickActivate@CComControlBase@ATL@@QAEJPAUtagQACONTAINER@@PAUtagQACONTROL@@@Z 100074ef f i POSPower.obj
 0001:00006731       ?IViewObject_Draw@CComControlBase@ATL@@QAEJKJPAXPAUtagDVTARGETDEVICE@@PAUHDC__@@2PBU_RECTL@@3@Z 10007731 f i POSPower.obj
 0001:000067d9       ?InPlaceActivate@CComControlBase@ATL@@QAEJJPBUtagRECT@@@Z 100077d9 f i POSPower.obj
 0001:00006a4a       ?Init@?$CComEnumImpl@UIEnumConnectionPoints@@$1?_GUID_b196b285_bab4_101a_b69c_00aa00341d07@@3U__s_GUID@@BPAUIConnectionPoint@@V?$_CopyInterface@UIConnectionPoint@@@ATL@@@ATL@@QAEJPAPAUIConnectionPoint@@0PAUIUnknown@@W4CComEnumFlags@2@@Z 10007a4a f i POSPower.obj
 0001:00006b29       ?Init@?$CComEnumImpl@UIEnumConnections@@$1?_GUID_b196b287_bab4_101a_b69c_00aa00341d07@@3U__s_GUID@@BUtagCONNECTDATA@@V?$_Copy@UtagCONNECTDATA@@@ATL@@@ATL@@QAEJPAUtagCONNECTDATA@@0PAUIUnknown@@W4CComEnumFlags@2@@Z 10007b29 f i POSPower.obj
 0001:00006c08       ?Init@CComModule@ATL@@QAEJPAU_ATL_OBJMAP_ENTRY30@2@PAUHINSTANCE__@@PBU_GUID@@@Z 10007c08 f i POSPower.obj
 0001:00006c67       ?Init@CDynamicStdCallThunk2@ATL@@QAEHKPAX@Z 10007c67 f i POSPower.obj
 0001:00006c92       ?InlineIsEqualUnknown@ATL@@YGHABU_GUID@@@Z 10007c92 f i POSPower.obj
 0001:00006cba       ?InternalGetSite@CComControlBase@ATL@@QAEJABU_GUID@@PAPAX@Z 10007cba f i POSPower.obj
 0001:00006ce8       ?InternalSetAtIndex@?$CSimpleMap@PA_WPA_WVCExpansionVectorEqualHelper@ATL@@@ATL@@QAEXHABQA_W0@Z 10007ce8 f i POSPower.obj
 0001:00006d12       ?Invoke@CComTypeInfoHolder@ATL@@QAEJPAUIDispatch@@JABU_GUID@@KGPAUtagDISPPARAMS@@PAUtagVARIANT@@PAUtagEXCEPINFO@@PAI@Z 10007d12 f i POSPower.obj
 0001:00006d55       ?IsEqualObject@?$CComPtrBase@UITypeInfo@@@ATL@@QAE_NPAUIUnknown@@@Z 10007d55 f i POSPower.obj
 0001:00006d55       ?IsEqualObject@?$CComPtrBase@UIOleClientSite@@@ATL@@QAE_NPAUIUnknown@@@Z 10007d55 f i POSPower.obj
 0001:00006dc2       ?IsSpace@CRegParser@ATL@@IAEH_W@Z 10007dc2 f i POSPower.obj
 0001:00006dec       ?LoadNameCache@CComTypeInfoHolder@ATL@@QAEJPAUITypeInfo@@@Z 10007dec f i POSPower.obj
 0001:00006f3a       ?Lookup@?$CSimpleMap@PA_WPA_WVCExpansionVectorEqualHelper@ATL@@@ATL@@QBEPA_WABQA_W@Z 10007f3a f i POSPower.obj
 0001:00006f60       ?NextToken@CRegParser@ATL@@IAEJPA_W@Z 10007f60 f i POSPower.obj
 0001:00007098       ?OnKillFocus@CComControlBase@ATL@@QAEJIIJAAH@Z 10008098 f i POSPower.obj
 0001:000070f3       ?OnMouseActivate@CComControlBase@ATL@@QAEJIIJAAH@Z 100080f3 f i POSPower.obj
 0001:00007161       ?OnPaint@CComControlBase@ATL@@QAEJIIJAAH@Z 10008161 f i POSPower.obj
 0001:00007213       ?OnSetFocus@CComControlBase@ATL@@QAEJIIJAAH@Z 10008213 f i POSPower.obj
 0001:0000729c       ?Open@CRegKey@ATL@@QAEJPAUHKEY__@@PB_WK@Z 1000829c f i POSPower.obj
 0001:000072e5       ?PreProcessBuffer@CRegParser@ATL@@QAEJPA_WPAPA_W@Z 100082e5 f i POSPower.obj
 0001:0000754f       ?ProcessWindowMessage@?$CComControl@VCOPOSPOSPower@@V?$CWindowImpl@VCOPOSPOSPower@@VCWindow@ATL@@V?$CWinTraits@$0FGAAAAAA@$0A@@3@@ATL@@@ATL@@UAEHPAUHWND__@@IIJAAJK@Z 1000854f f i POSPower.obj
 0001:000075ee       ?PutProperty@?$CComPtr@UIDispatch@@@ATL@@SAJPAUIDispatch@@JPAUtagVARIANT@@@Z 100085ee f i POSPower.obj
 0001:00007680       ?ReadFromStream@CComBSTR@ATL@@QAEJPAUIStream@@@Z 10008680 f i POSPower.obj
 0001:000077ae       ?ReadFromStream@CComVariant@ATL@@QAEJPAUIStream@@GTClassesAllowedInStream@2@K@Z 100087ae f i POSPower.obj
 0001:00007934       ?RecurseDeleteKey@CRegKey@ATL@@QAEJPB_W@Z 10008934 f i POSPower.obj
 0001:000079f6       ?RegCreateKeyExW@CAtlTransactionManager@ATL@@QAEJPAUHKEY__@@PB_WKPA_WKKQAU_SECURITY_ATTRIBUTES@@PAPAU3@PAK@Z 100089f6 f i POSPower.obj
 0001:00007a59       ?RegDeleteKeyW@CAtlTransactionManager@ATL@@QAEJPAUHKEY__@@PB_W@Z 10008a59 f i POSPower.obj
 0001:00007aab       ?RegOpenKeyExW@CAtlTransactionManager@ATL@@QAEJPAUHKEY__@@PB_WKKPAPAU3@@Z 10008aab f i POSPower.obj
 0001:00007b02       ?Register@_ATL_WNDCLASSINFOW@ATL@@QAEGPAP6GJPAUHWND__@@IIJ@Z@Z 10008b02 f i POSPower.obj
 0001:00007b22       ?RegisterBuffer@CRegParser@ATL@@QAEJPA_WH@Z 10008b22 f i POSPower.obj
 0001:00007c5b       ?RegisterFromResource@CRegObject@ATL@@IAEJPB_W00H@Z 10008c5b f i POSPower.obj
 0001:00007d91       ?RegisterServer@?$CAtlModuleT@VCComModule@ATL@@@ATL@@QAEJHPBU_GUID@@@Z 10008d91 f i POSPower.obj
 0001:00007dbf       ?RegisterServer@CComModule@ATL@@QAEJHPBU_GUID@@@Z 10008dbf f i POSPower.obj
 0001:00007e35       ?RegisterSubkeys@CRegParser@ATL@@IAEJPA_WPAUHKEY__@@HH@Z 10008e35 f i POSPower.obj
 0001:00008404       ?Remove@CComDynamicUnkArray@ATL@@QAEHK@Z 10009404 f i POSPower.obj
 0001:0000842d       ?RemoveAll@?$CSimpleMap@PA_WPA_WVCExpansionVectorEqualHelper@ATL@@@ATL@@QAEXXZ 1000942d f i POSPower.obj
 0001:00008459       ?ResourceRegisterSz@CRegObject@ATL@@QAGJPB_W00@Z 10009459 f i POSPower.obj
 0001:00008486       ?ResourceUnregisterSz@CRegObject@ATL@@QAGJPB_W00@Z 10009486 f i POSPower.obj
 0001:000084b3       ?SendOnDataChange@CComControlBase@ATL@@QAEJK@Z 100094b3 f i POSPower.obj
 0001:00008500       ?SetControlFocus@CComControlBase@ATL@@QAEHH@Z 10009500 f i POSPower.obj
 0001:0000859d       ?SetMultiStringValue@CRegKey@ATL@@QAEJPB_W0@Z 1000959d f i POSPower.obj
 0001:000085f9       ?SetStringValue@CRegKey@ATL@@QAEJPB_W0K@Z 100095f9 f i POSPower.obj
 0001:00008642       ?SkipAssignment@CRegParser@ATL@@IAEJPA_W@Z 10009642 f i POSPower.obj
 0001:000086a7       ?SkipWhiteSpace@CRegParser@ATL@@IAEXXZ 100096a7 f i POSPower.obj
 0001:000086c9       ?StrChrW@CRegParser@ATL@@KAPA_WPA_W_W@Z 100096c9 f i POSPower.obj
 0001:00008706       ?Term@CAtlModule@ATL@@QAEXXZ 10009706 f i POSPower.obj
 0001:0000873f       ?Term@CComModule@ATL@@QAEXXZ 1000973f f i POSPower.obj
 0001:00008797       ?UnregisterServer@?$CAtlModuleT@VCComModule@ATL@@@ATL@@QAEJHPBU_GUID@@@Z 10009797 f i POSPower.obj
 0001:000087bd       ?UnregisterServer@CComModule@ATL@@QAEJHPBU_GUID@@@Z 100097bd f i POSPower.obj
 0001:00008833       ?UpdateRegistryFromResource@CAtlModule@ATL@@QAGJIHPAU_ATL_REGMAP_ENTRY@2@@Z 10009833 f i POSPower.obj
 0001:000089fe       ?UpdateRegistryFromResource@CAtlModule@ATL@@QAGJPB_WHPAU_ATL_REGMAP_ENTRY@2@@Z 100099fe f i POSPower.obj
 0001:00008bcf       ?VTFromRegType@CRegParser@ATL@@KAHPB_WAAG@Z 10009bcf f i POSPower.obj
 0001:00008c3c       ?WindowProc@?$CWindowImplBaseT@VCWindow@ATL@@V?$CWinTraits@$0FGAAAAAA@$0A@@2@@ATL@@SGJPAUHWND__@@IIJ@Z 10009c3c f i POSPower.obj
 0001:00008d2e       ?WriteToStream@CComBSTR@ATL@@QAEJPAUIStream@@@Z 10009d2e f i POSPower.obj
 0001:00008d85       ?WriteToStream@CComVariant@ATL@@QAEJPAUIStream@@@Z 10009d85 f i POSPower.obj
 0001:00008eff       ?WriteToStream@CComVariant@ATL@@QAEJPAUIStream@@G@Z 10009eff f i POSPower.obj
 0001:00008f68       ?_AtlInitialConstruct@?$CComObjectRootEx@VCComMultiThreadModel@ATL@@@ATL@@QAEJXZ 10009f68 f i POSPower.obj
 0001:00008f7d       ?_AtlVerifyStackAvailable@_ATL_SAFE_ALLOCA_IMPL@ATL@@YA_NK@Z 10009f7d f i POSPower.obj
 0001:00008ffb       ?copy@?$_Copy@UtagCONNECTDATA@@@ATL@@SAJPAUtagCONNECTDATA@@PBU3@@Z 10009ffb f i POSPower.obj
 0001:00009031       ?copy@?$_CopyInterface@UIConnectionPoint@@@ATL@@SAJPAPAUIConnectionPoint@@PBQAU3@@Z 1000a031 f i POSPower.obj
 0001:0000905f       ?memcpy_s@Checked@ATL@@YAXPAXIPBXI@Z 1000a05f f i POSPower.obj
 0001:0000907e       ?ocscpy_s@@YA_NPA_WIPB_W@Z 1000a07e f i POSPower.obj
 0001:000090ad       ?ocslen@@YAHPB_W@Z         1000a0ad f i POSPower.obj
 0001:000090cd       ?wcscpy_s@Checked@ATL@@YAXPA_WIPB_W@Z 1000a0cd f i POSPower.obj
 0001:000090e9       _DllCanUnloadNow@0         1000a0e9 f   POSPower.obj
 0001:000090f5       _DllGetClassObject@12      1000a0f5 f   POSPower.obj
 0001:00009103       _DllMain@12                1000a103 f   POSPower.obj
 0001:00009145       _DllRegisterServer@0       1000a145 f   POSPower.obj
 0001:00009154       _DllUnregisterServer@0     1000a154 f   POSPower.obj
 0001:00009163       _InlineIsEqualGUID         1000a163 f i POSPower.obj
 0001:00009193       ___local_stdio_printf_options 1000a193 f i POSPower.obj
 0001:00009199       __vswprintf_s_l            1000a199 f i POSPower.obj
 0001:00009246       _swprintf_s                1000a246 f i POSPower.obj
 0001:00009262       ??0?$CComControl@VCOPOSPOSPower@@V?$CWindowImpl@VCOPOSPOSPower@@VCWindow@ATL@@V?$CWinTraits@$0FGAAAAAA@$0A@@3@@ATL@@@ATL@@QAE@XZ 1000a262 f i POSPowerImpl.obj
 0001:00009289       ??0CComControlBase@ATL@@QAE@AAPAUHWND__@@@Z 1000a289 f i POSPowerImpl.obj
 0001:000092d3       ??0COPOSPOSPower@@QAE@XZ   1000a2d3 f   POSPowerImpl.obj
 0001:00009322       ??1?$CComControl@VCOPOSPOSPower@@V?$CWindowImpl@VCOPOSPOSPower@@VCWindow@ATL@@V?$CWinTraits@$0FGAAAAAA@$0A@@3@@ATL@@@ATL@@UAE@XZ 1000a322 f i POSPowerImpl.obj
 0001:0000933b       ??1?$IConnectionPointImpl@VCOPOSPOSPower@@$1?IID_IPropertyNotifySink@@3U_GUID@@BVCComDynamicUnkArray@ATL@@@ATL@@QAE@XZ 1000a33b f i POSPowerImpl.obj
 0001:0000933b       ??1?$IConnectionPointImpl@VCOPOSPOSPower@@$1?DIID__IOPOSPOSPowerEvents@@3U_GUID@@BVCComDynamicUnkArray@ATL@@@ATL@@QAE@XZ 1000a33b f i POSPowerImpl.obj
 0001:00009378       ??1CComControlBase@ATL@@UAE@XZ 1000a378 f i POSPowerImpl.obj
 0001:000093db       ??1COPOSPOSPower@@UAE@XZ   1000a3db f   POSPowerImpl.obj
 0001:00009423       ??1OposVariantResult@@QAE@XZ 1000a423 f i POSPowerImpl.obj
 0001:00009444       ??1_CW@@QAE@XZ             1000a444 f i POSPowerImpl.obj
 0001:0000945d       ?CheckHealth@COPOSPOSPower@@UAGJJPAJ@Z 1000a45d f   POSPowerImpl.obj
 0001:000094ac       ?ClaimDevice@COPOSPOSPower@@UAGJJPAJ@Z 1000a4ac f   POSPowerImpl.obj
 0001:0000951a       ?Close@COPOSPOSPower@@UAGJPAJ@Z 1000a51a f   POSPowerImpl.obj
 0001:00009588       ?CompareFirmwareVersion@COPOSPOSPower@@UAGJPA_WPAJ1@Z 1000a588 f   POSPowerImpl.obj
 0001:00009608       ?DirectIO@COPOSPOSPower@@UAGJJPAJPAPA_W0@Z 1000a608 f   POSPowerImpl.obj
 0001:000096b6       ?DoInvoke@COPOSPOSPower@@IAEJJPAVOposVariant@@IHPAJ_N@Z 1000a6b6 f   POSPowerImpl.obj
 0001:00009778       ?EventClose@COPOSPOSPower@@IAEXXZ 1000a778 f i POSPowerImpl.obj
 0001:000097ab       ?EventInit@COPOSPOSPower@@IAEJXZ 1000a7ab f i POSPowerImpl.obj
 0001:00009877       ?EventUninit@COPOSPOSPower@@IAEXXZ 1000a877 f i POSPowerImpl.obj
 0001:000098c9       ?EventWindowProc@COPOSPOSPower@@IAGJIIJ@Z 1000a8c9 f i POSPowerImpl.obj
 0001:00009940       ?FinalConstruct@COPOSPOSPower@@QAEJXZ 1000a940 f   POSPowerImpl.obj
 0001:00009979       ?FireEventCleanup@COPOSPOSPower@@IAEXXZ 1000a979 f i POSPowerImpl.obj
 0001:0000998f       ?FireEventSetup@COPOSPOSPower@@IAE_NXZ 1000a98f f i POSPowerImpl.obj
 0001:000099c3       ?FreezeEvents@COPOSPOSPower@@MAGJH@Z 1000a9c3 f   POSPowerImpl.obj
 0001:00009a14       ?GetOposProp@COPOSPOSPower@@IAEJJPAFJ@Z 1000aa14 f   POSPowerImpl.obj
 0001:00009a37       ?GetOposProp@COPOSPOSPower@@IAEJJPAJJ@Z 1000aa37 f   POSPowerImpl.obj
 0001:00009af5       ?GetOposProp@COPOSPOSPower@@IAEJJPAPA_WJ@Z 1000aaf5 f   POSPowerImpl.obj
 0001:00009bc0       ?OnDraw@COPOSPOSPower@@MAEJAAUATL_DRAWINFO@@@Z 1000abc0 f   POSPowerImpl.obj
 0001:00009c60       ?Open@COPOSPOSPower@@UAGJPA_WPAJ@Z 1000ac60 f   POSPowerImpl.obj
 0001:0000a3fe       ?ReleaseDevice@COPOSPOSPower@@UAGJPAJ@Z 1000b3fe f   POSPowerImpl.obj
 0001:0000a435       ?ResetStatistics@COPOSPOSPower@@UAGJPA_WPAJ@Z 1000b435 f   POSPowerImpl.obj
 0001:0000a48c       ?RestartPOS@COPOSPOSPower@@UAGJPAJ@Z 1000b48c f   POSPowerImpl.obj
 0001:0000a4a7       ?RetrieveStatistics@COPOSPOSPower@@UAGJPAPA_WPAJ@Z 1000b4a7 f   POSPowerImpl.obj
 0001:0000a4fe       ?SOProcessID@COPOSPOSPower@@UAGJPAJ@Z 1000b4fe f   POSPowerImpl.obj
 0001:0000a512       ?SetCOFreezeEvents@COPOSPOSPower@@IAEXF@Z 1000b512 f   POSPowerImpl.obj
 0001:0000a59d       ?SetOposProp@COPOSPOSPower@@IAEJJJJ@Z 1000b59d f   POSPowerImpl.obj
 0001:0000a67b       ?ShutdownPOS@COPOSPOSPower@@UAGJPAJ@Z 1000b67b f   POSPowerImpl.obj
 0001:0000a696       ?StandbyPOS@COPOSPOSPower@@UAGJJPAJ@Z 1000b696 f   POSPowerImpl.obj
 0001:0000a6e5       ?SuspendPOS@COPOSPOSPower@@UAGJJPAJ@Z 1000b6e5 f   POSPowerImpl.obj
 0001:0000a734       ?UpdateFirmware@COPOSPOSPower@@UAGJPA_WPAJ@Z 1000b734 f   POSPowerImpl.obj
 0001:0000a78b       ?UpdateStatistics@COPOSPOSPower@@UAGJPA_WPAJ@Z 1000b78b f   POSPowerImpl.obj
 0001:0000a7e2       ?get_BatteryCapacityRemaining@COPOSPOSPower@@UAGJPAJ@Z 1000b7e2 f   POSPowerImpl.obj
 0001:0000a7fb       ?get_BatteryCriticallyLowThreshold@COPOSPOSPower@@UAGJPAJ@Z 1000b7fb f   POSPowerImpl.obj
 0001:0000a814       ?get_BatteryLowThreshold@COPOSPOSPower@@UAGJPAJ@Z 1000b814 f   POSPowerImpl.obj
 0001:0000a82d       ?get_BinaryConversion@COPOSPOSPower@@UAGJPAJ@Z 1000b82d f   POSPowerImpl.obj
 0001:0000a843       ?get_CapBatteryCapacityRemaining@COPOSPOSPower@@UAGJPAF@Z 1000b843 f   POSPowerImpl.obj
 0001:0000a85c       ?get_CapCompareFirmwareVersion@COPOSPOSPower@@UAGJPAF@Z 1000b85c f   POSPowerImpl.obj
 0001:0000a875       ?get_CapFanAlarm@COPOSPOSPower@@UAGJPAF@Z 1000b875 f   POSPowerImpl.obj
 0001:0000a88e       ?get_CapHeatAlarm@COPOSPOSPower@@UAGJPAF@Z 1000b88e f   POSPowerImpl.obj
 0001:0000a8a7       ?get_CapPowerReporting@COPOSPOSPower@@UAGJPAJ@Z 1000b8a7 f   POSPowerImpl.obj
 0001:0000a8c0       ?get_CapQuickCharge@COPOSPOSPower@@UAGJPAF@Z 1000b8c0 f   POSPowerImpl.obj
 0001:0000a8d9       ?get_CapRestartPOS@COPOSPOSPower@@UAGJPAF@Z 1000b8d9 f   POSPowerImpl.obj
 0001:0000a8f2       ?get_CapShutdownPOS@COPOSPOSPower@@UAGJPAF@Z 1000b8f2 f   POSPowerImpl.obj
 0001:0000a90b       ?get_CapStandbyPOS@COPOSPOSPower@@UAGJPAF@Z 1000b90b f   POSPowerImpl.obj
 0001:0000a924       ?get_CapStatisticsReporting@COPOSPOSPower@@UAGJPAF@Z 1000b924 f   POSPowerImpl.obj
 0001:0000a93d       ?get_CapSuspendPOS@COPOSPOSPower@@UAGJPAF@Z 1000b93d f   POSPowerImpl.obj
 0001:0000a956       ?get_CapUPSChargeState@COPOSPOSPower@@UAGJPAJ@Z 1000b956 f   POSPowerImpl.obj
 0001:0000a96f       ?get_CapUpdateFirmware@COPOSPOSPower@@UAGJPAF@Z 1000b96f f   POSPowerImpl.obj
 0001:0000a988       ?get_CapUpdateStatistics@COPOSPOSPower@@UAGJPAF@Z 1000b988 f   POSPowerImpl.obj
 0001:0000a9a1       ?get_CapVariableBatteryCriticallyLowThreshold@COPOSPOSPower@@UAGJPAF@Z 1000b9a1 f   POSPowerImpl.obj
 0001:0000a9ba       ?get_CapVariableBatteryLowThreshold@COPOSPOSPower@@UAGJPAF@Z 1000b9ba f   POSPowerImpl.obj
 0001:0000a9d3       ?get_CheckHealthText@COPOSPOSPower@@UAGJPAPA_W@Z 1000b9d3 f   POSPowerImpl.obj
 0001:0000a9ec       ?get_Claimed@COPOSPOSPower@@UAGJPAF@Z 1000b9ec f   POSPowerImpl.obj
 0001:0000aa02       ?get_ControlObjectDescription@COPOSPOSPower@@UAGJPAPA_W@Z 1000ba02 f   POSPowerImpl.obj
 0001:0000aa3f       ?get_ControlObjectVersion@COPOSPOSPower@@UAGJPAJ@Z 1000ba3f f   POSPowerImpl.obj
 0001:0000aa52       ?get_DeviceDescription@COPOSPOSPower@@UAGJPAPA_W@Z 1000ba52 f   POSPowerImpl.obj
 0001:0000aa6b       ?get_DeviceEnabled@COPOSPOSPower@@UAGJPAF@Z 1000ba6b f   POSPowerImpl.obj
 0001:0000aa81       ?get_DeviceName@COPOSPOSPower@@UAGJPAPA_W@Z 1000ba81 f   POSPowerImpl.obj
 0001:0000aa9a       ?get_EnforcedShutdownDelayTime@COPOSPOSPower@@UAGJPAJ@Z 1000ba9a f   POSPowerImpl.obj
 0001:0000aab3       ?get_FreezeEvents@COPOSPOSPower@@UAGJPAF@Z 1000bab3 f   POSPowerImpl.obj
 0001:0000aac9       ?get_OpenResult@COPOSPOSPower@@UAGJPAJ@Z 1000bac9 f   POSPowerImpl.obj
 0001:0000aae0       ?get_PowerFailDelayTime@COPOSPOSPower@@UAGJPAJ@Z 1000bae0 f   POSPowerImpl.obj
 0001:0000aaf9       ?get_PowerNotify@COPOSPOSPower@@UAGJPAJ@Z 1000baf9 f   POSPowerImpl.obj
 0001:0000ab0f       ?get_PowerSource@COPOSPOSPower@@UAGJPAJ@Z 1000bb0f f   POSPowerImpl.obj
 0001:0000ab28       ?get_PowerState@COPOSPOSPower@@UAGJPAJ@Z 1000bb28 f   POSPowerImpl.obj
 0001:0000ab3e       ?get_QuickChargeMode@COPOSPOSPower@@UAGJPAF@Z 1000bb3e f   POSPowerImpl.obj
 0001:0000ab57       ?get_QuickChargeTime@COPOSPOSPower@@UAGJPAJ@Z 1000bb57 f   POSPowerImpl.obj
 0001:0000ab70       ?get_ResultCode@COPOSPOSPower@@UAGJPAJ@Z 1000bb70 f   POSPowerImpl.obj
 0001:0000abae       ?get_ResultCodeExtended@COPOSPOSPower@@UAGJPAJ@Z 1000bbae f   POSPowerImpl.obj
 0001:0000abc4       ?get_ServiceObjectDescription@COPOSPOSPower@@UAGJPAPA_W@Z 1000bbc4 f   POSPowerImpl.obj
 0001:0000abdd       ?get_ServiceObjectVersion@COPOSPOSPower@@UAGJPAJ@Z 1000bbdd f   POSPowerImpl.obj
 0001:0000abf3       ?get_State@COPOSPOSPower@@UAGJPAJ@Z 1000bbf3 f   POSPowerImpl.obj
 0001:0000ac1f       ?get_UPSChargeState@COPOSPOSPower@@UAGJPAJ@Z 1000bc1f f   POSPowerImpl.obj
 0001:0000ac38       ?put_BatteryCriticallyLowThreshold@COPOSPOSPower@@UAGJJ@Z 1000bc38 f   POSPowerImpl.obj
 0001:0000ac51       ?put_BatteryLowThreshold@COPOSPOSPower@@UAGJJ@Z 1000bc51 f   POSPowerImpl.obj
 0001:0000ac6a       ?put_BinaryConversion@COPOSPOSPower@@UAGJJ@Z 1000bc6a f   POSPowerImpl.obj
 0001:0000ac80       ?put_DeviceEnabled@COPOSPOSPower@@UAGJF@Z 1000bc80 f   POSPowerImpl.obj
 0001:0000ac9d       ?put_EnforcedShutdownDelayTime@COPOSPOSPower@@UAGJJ@Z 1000bc9d f   POSPowerImpl.obj
 0001:0000acb6       ?put_FreezeEvents@COPOSPOSPower@@UAGJF@Z 1000bcb6 f   POSPowerImpl.obj
 0001:0000ad02       ?put_PowerNotify@COPOSPOSPower@@UAGJJ@Z 1000bd02 f   POSPowerImpl.obj
 0001:0000ad18       ?s_EventWindowProc@COPOSPOSPower@@KGJPAUHWND__@@IIJ@Z 1000bd18 f i POSPowerImpl.obj
 0001:0000ad6a       ??_U@YAPAXI@Z              1000bd6a f   LIBCMT:new_array.obj
 0001:0000ad73       ??3@YAXPAXI@Z              1000bd73 f   LIBCMT:delete_scalar_size.obj
 0001:0000ad81       ??_V@YAXPAX@Z              1000bd81 f   LIBCMT:delete_array.obj
 0001:0000ad86       ??_V@YAXPAXI@Z             1000bd86 f   LIBCMT:delete_array_size.obj
 0001:0000ad94       ??$__crt_fast_encode_pointer@PAX@@YAPAXQAX@Z 1000bd94 f i libvcruntime:winapi_downlevel.obj
 0001:0000ad94       ??$__crt_fast_encode_pointer@P6GXPAU_RTL_CONDITION_VARIABLE@@@Z@@YAP6GXPAU_RTL_CONDITION_VARIABLE@@@ZQ6GX0@Z@Z 1000bd94 f i LIBCMT:thread_safe_statics.obj
 0001:0000ad94       ??$__crt_fast_encode_pointer@PAP6AXXZ@@YAPAP6AXXZQAP6AXXZ@Z 1000bd94 f i LIBCMT:utility.obj
 0001:0000ad94       ??$__crt_fast_encode_pointer@P6GHPAU_RTL_CONDITION_VARIABLE@@PAU_RTL_CRITICAL_SECTION@@K@Z@@YAP6GHPAU_RTL_CONDITION_VARIABLE@@PAU_RTL_CRITICAL_SECTION@@K@ZQ6GH01K@Z@Z 1000bd94 f i LIBCMT:thread_safe_statics.obj
 0001:0000adf5       ___scrt_acquire_startup_lock 1000bdf5 f   LIBCMT:utility.obj
 0001:0000ae27       ___scrt_dllmain_after_initialize_c 1000be27 f   LIBCMT:utility.obj
 0001:0000ae52       ___scrt_dllmain_before_initialize_c 1000be52 f   LIBCMT:utility.obj
 0001:0000ae60       ___scrt_dllmain_crt_thread_attach 1000be60 f   LIBCMT:utility.obj
 0001:0000ae7f       ___scrt_dllmain_crt_thread_detach 1000be7f f   LIBCMT:utility.obj
 0001:0000ae8c       ___scrt_dllmain_exception_filter 1000be8c f   LIBCMT:utility.obj
 0001:0000aec0       ___scrt_dllmain_uninitialize_c 1000bec0 f   LIBCMT:utility.obj
 0001:0000aee3       ___scrt_dllmain_uninitialize_critical 1000bee3 f   LIBCMT:utility.obj
 0001:0000aef0       ___scrt_initialize_crt     1000bef0 f   LIBCMT:utility.obj
 0001:0000af29       ___scrt_initialize_onexit_tables 1000bf29 f   LIBCMT:utility.obj
 0001:0000afce       ___scrt_is_nonwritable_in_current_image 1000bfce f   LIBCMT:utility.obj
 0001:0000b062       ___scrt_release_startup_lock 1000c062 f   LIBCMT:utility.obj
 0001:0000b07f       ___scrt_uninitialize_crt   1000c07f f   LIBCMT:utility.obj
 0001:0000b0a7       __onexit                   1000c0a7 f   LIBCMT:utility.obj
 0001:0000b0e2       _atexit                    1000c0e2 f   LIBCMT:utility.obj
 0001:0000b0f7       ??3@YAXPAX@Z               1000c0f7 f   LIBCMT:delete_scalar.obj
 0001:0000b22e       __Init_thread_footer       1000c22e f   LIBCMT:thread_safe_statics.obj
 0001:0000b278       __Init_thread_header       1000c278 f   LIBCMT:thread_safe_statics.obj
 0001:0000b2ca       __Init_thread_notify       1000c2ca f   LIBCMT:thread_safe_statics.obj
 0001:0000b30c       __Init_thread_wait         1000c30c f   LIBCMT:thread_safe_statics.obj
 0001:0000b36c       ___raise_securityfailure   1000c36c f   LIBCMT:gs_report.obj
 0001:0000b394       ___report_gsfailure        1000c394 f   LIBCMT:gs_report.obj
 0001:0000b48d       ___report_rangecheckfailure 1000c48d f   LIBCMT:gs_report.obj
 0001:0000b499       ___report_securityfailure  1000c499 f   LIBCMT:gs_report.obj
 0001:0000b567       ??2@YAPAXIABUnothrow_t@std@@@Z 1000c567 f   LIBCMT:new_scalar_nothrow.obj
 0001:0000b5b7       ??_U@YAPAXIABUnothrow_t@std@@@Z 1000c5b7 f   LIBCMT:new_array_nothrow.obj
 0001:0000b5c0       @__security_check_cookie@4 1000c5c0 f   LIBCMT:_secchk_.obj
 0001:0000b5e0       __SEH_prolog4_GS           1000c5e0 f   LIBCMT:_sehprolg4gs_.obj
 0001:0000b629       __SEH_epilog4_GS           1000c629 f   LIBCMT:_sehprolg4gs_.obj
 0001:0000b640       __alloca_probe_16          1000c640 f   LIBCMT:alloca16.obj
 0001:0000b656       __alloca_probe_8           1000c656     LIBCMT:alloca16.obj
 0001:0000b670       __chkstk                   1000c670 f   LIBCMT:chkstk.obj
 0001:0000b670       __alloca_probe             1000c670 f   LIBCMT:chkstk.obj
 0001:0000b9bd       __DllMainCRTStartup@12     1000c9bd f   LIBCMT:dll_dllmain.obj
 0001:0000b9e0       ??2@YAPAXI@Z               1000c9e0 f   LIBCMT:new_scalar.obj
 0001:0000ba10       ___isa_available_init      1000ca10 f   LIBCMT:_cpu_disp_.obj
 0001:0000bba7       ___scrt_is_ucrt_dll_in_use 1000cba7 f   LIBCMT:ucrt_detection.obj
 0001:0000bbb3       ___scrt_fastfail           1000cbb3 f   LIBCMT:utility_desktop.obj
 0001:0000bccd       __crt_debugger_hook        1000cccd f   LIBCMT:utility_desktop.obj
[...]
 0002:00002b20       ?candidate_modules@?1??try_get_LCMapStringEx@@YAP6GHPB_WK0HPA_WHPAU_nlsversioninfo@@PAXJ@ZXZ@4QBW4module_id@?A0x391cf84c@@B 10020b20     libucrt:winapi_thunks.obj
 0002:00002b38       ?candidate_modules@?1??try_get_LocaleNameToLCID@@YAP6GKPB_WK@ZXZ@4QBW4module_id@?A0x391cf84c@@B 10020b38     libucrt:winapi_thunks.obj
 0002:00002b54       ?candidate_modules@?1??try_get_AppPolicyGetProcessTerminationMethod@@YAP6GJPAXPAW4AppPolicyProcessTerminationMethod@@@ZXZ@4QBW4module_id@?A0x391cf84c@@B 10020b54     libucrt:winapi_thunks.obj
 0002:00002b80       ?candidate_modules@?1??try_get_SetThreadStackGuarantee@@YAP6GHPAK@ZXZ@4QBW4module_id@?A0x391cf84c@@B 10020b80     libucrt:winapi_thunks.obj
 0002:000030ac       ?_mb_locale_names@@3QBQB_WB 100210ac     libucrt:mbctype.obj
 0002:000038f8       ?LcidToLocaleNameTable@?A0x881e4c05@@3QBULcidToLocaleName@1@B 100218f8     libucrt:lcidtoname_downlevel.obj
 0002:00004a20       ?LocaleNameToIndexTable@?A0x881e4c05@@3QBULocaleNameIndex@1@B 10022a20     libucrt:lcidtoname_downlevel.obj
 0002:00006360       LOG_name                   10024360     libucrt:log10.obj
 0002:00006370       _One                       10024370     libucrt:ceil_pentium4.obj
 0002:00006380       _Bns                       10024380     libucrt:ceil_pentium4.obj
 0002:00006390       _Zero                      10024390     libucrt:ceil_pentium4.obj
 0002:000063a0       _S                         100243a0     libucrt:ceil_pentium4.obj
 0002:000063b0       _NegZero                   100243b0     libucrt:ceil_pentium4.obj
 0002:000063c0       emask                      100243c0     libucrt:log10_pentium4.obj
 0002:000063d0       CC                         100243d0     libucrt:log10_pentium4.obj
 0002:000063e0       Magic                      100243e0     libucrt:log10_pentium4.obj
 0002:000063f0       hi_mask                    100243f0     libucrt:log10_pentium4.obj
 0002:00006400       LOG10_2                    10024400     libucrt:log10_pentium4.obj
 0002:00006410       place_L                    10024410     libucrt:log10_pentium4.obj
 0002:00006430       One                        10024430     libucrt:log10_pentium4.obj
 0002:00006440       Zero                       10024440     libucrt:log10_pentium4.obj
 0002:00006450       Two52                      10024450     libucrt:log10_pentium4.obj
 0002:00006460       Infs                       10024460     libucrt:log10_pentium4.obj
 0002:00006470       NaN                        10024470     libucrt:log10_pentium4.obj
 0002:00006480       coeff                      10024480     libucrt:log10_pentium4.obj
 0002:000064de       _log2max                   100244de     libucrt:87tran.obj
 0002:000064e8       _smallarg                  100244e8     libucrt:87tran.obj
 0002:000064f2       _half                      100244f2     libucrt:87tran.obj
 0002:0000653e       One                        1002453e     libucrt:87disp.obj
 0002:00006546       Three                      10024546     libucrt:87disp.obj
 0002:0000654e       XAMtoTagTab                1002454e     libucrt:87disp.obj
 0002:00006560       One                        10024560     libucrt:common.obj
 0002:00006574       DblMax                     10024574     libucrt:common.obj
 0002:0000657c       DblMin                     1002457c     libucrt:common.obj
 0002:00006584       IeeeAdjO                   10024584     libucrt:common.obj
 0002:0000658c       IeeeAdjU                   1002458c     libucrt:common.obj
 0002:00006594       _infinity                  10024594     libucrt:common.obj
 0002:0000659c       _zero                      1002459c     libucrt:common.obj
 0002:000065d8       _over                      100245d8     libucrt:fpctrl.obj
 0002:000065e4       _under                     100245e4     libucrt:fpctrl.obj
 0002:00006e18       ?_names@?1??_get_fname@@9@9 10024e18     libucrt:fpexcept.obj
 0002:00007678       __sehtable$?_AtlVerifyStackAvailable@_ATL_SAFE_ALLOCA_IMPL@ATL@@YA_NK@Z 10025678     POSPower.obj
 0002:00007698       __sehtable$___scrt_is_nonwritable_in_current_image 10025698     LIBCMT:utility.obj
 0002:000076b4       __ehfuncinfo$?__scrt_initialize_thread_safe_statics_platform_specific@@YAXXZ 100256b4     LIBCMT:thread_safe_statics.obj
 0002:000076d8       __catchsym$??2@YAPAXIABUnothrow_t@std@@@Z$2 100256d8     LIBCMT:new_scalar_nothrow.obj
 0002:000076e8       __unwindtable$??2@YAPAXIABUnothrow_t@std@@@Z 100256e8     LIBCMT:new_scalar_nothrow.obj
 0002:000076f8       __tryblocktable$??2@YAPAXIABUnothrow_t@std@@@Z 100256f8     LIBCMT:new_scalar_nothrow.obj
 0002:0000770c       __ehfuncinfo$??2@YAPAXIABUnothrow_t@std@@@Z 1002570c     LIBCMT:new_scalar_nothrow.obj
 0002:00007730       __sehtable$?dllmain_crt_process_attach@@YAHQAUHINSTANCE__@@QAX@Z 10025730     LIBCMT:dll_dllmain.obj
 0002:00007750       __sehtable$?dllmain_crt_process_detach@@YAH_N@Z 10025750     LIBCMT:dll_dllmain.obj
 0002:00007770       __sehtable$?dllmain_dispatch@@YAHQAUHINSTANCE__@@KQAX@Z 10025770     LIBCMT:dll_dllmain.obj
 0002:00007820       __sehtable$?FrameUnwindToState@__FrameHandler3@@SAXPAUEHRegistrationNode@@PAXPBU_s_FuncInfo@@H@Z 10025820     libvcruntime:frame.obj
 0002:00007848       __sehtable$?CallCatchBlock@@YAPAXPAUEHExceptionRecord@@PAUEHRegistrationNode@@PAU_CONTEXT@@PBU_s_FuncInfo@@PAXHK@Z 10025848     libvcruntime:frame.obj
 0002:00007870       __catchsym$?CallUnexpected@@YAXPBU_s_ESTypeList@@@Z$2 10025870     libvcruntime:frame.obj
 0002:00007880       __unwindtable$?CallUnexpected@@YAXPBU_s_ESTypeList@@@Z 10025880     libvcruntime:frame.obj
 0002:00007890       __tryblocktable$?CallUnexpected@@YAXPBU_s_ESTypeList@@@Z 10025890     libvcruntime:frame.obj
 0002:000078a4       __ehfuncinfo$?CallUnexpected@@YAXPBU_s_ESTypeList@@@Z 100258a4     libvcruntime:frame.obj
 0002:000078c8       __sehtable$??$BuildCatchObjectHelperInternal@$$CBU_s_HandlerType@@@@YAHPAUEHExceptionRecord@@PAXPBU_s_HandlerType@@PBU_s_CatchableType@@@Z 100258c8     libvcruntime:frame.obj
 0002:000078e8       __sehtable$??$BuildCatchObjectInternal@$$CBU_s_HandlerType@@@@YAXPAUEHExceptionRecord@@PAXPBU_s_HandlerType@@PBU_s_CatchableType@@@Z 100258e8     libvcruntime:frame.obj
 0002:00007940       __sehtable$___DestructExceptionObject 10025940     libvcruntime:ehhelpers.obj
 0002:00007960       __sehtable$??R<lambda_6e4b09c48022b2350581041d5f6b0c4c>@@QBE@XZ 10025960     libucrt:exit.obj
 0002:00007980       __sehtable$??$?RV<lambda_03b1d95aef87969028cfba75ccab2455>@@AAV<lambda_6e4b09c48022b2350581041d5f6b0c4c>@@V<lambda_22bdf7517842c4b3e53723af5aa32b9e>@@@?$__crt_seh_guarded_call@X@@QAEX$$QAV<lambda_03b1d95aef87969028cfba75ccab2455>@@AAV<lambda_6e4b09c48022b2350581041d5f6b0c4c>@@$$QAV<lambda_22bdf7517842c4b3e53723af5aa32b9e>@@@Z 10025980     libucrt:exit.obj
 0002:000079a0       __sehtable$??$?RV<lambda_8e746cf0007f6ed984d6f78af1fec997>@@AAV<lambda_22ebabd17bc4fa466a2aca6d8deb888d>@@V<lambda_18ed0c0b38a6dc0daf1e7ac6d6adf05e>@@@?$__crt_seh_guarded_call@H@@QAEH$$QAV<lambda_8e746cf0007f6ed984d6f78af1fec997>@@AAV<lambda_22ebabd17bc4fa466a2aca6d8deb888d>@@$$QAV<lambda_18ed0c0b38a6dc0daf1e7ac6d6adf05e>@@@Z 100259a0     libucrt:onexit.obj
 0002:000079c0       __sehtable$??$?RV<lambda_69a2805e680e0e292e8ba93315fe43a8>@@AAV<lambda_f03950bc5685219e0bcd2087efbe011e>@@V<lambda_03fcd07e894ec930e3f35da366ca99d6>@@@?$__crt_seh_guarded_call@H@@QAEH$$QAV<lambda_69a2805e680e0e292e8ba93315fe43a8>@@AAV<lambda_f03950bc5685219e0bcd2087efbe011e>@@$$QAV<lambda_03fcd07e894ec930e3f35da366ca99d6>@@@Z 100259c0     libucrt:onexit.obj
 0002:000079e0       __sehtable$__query_new_handler 100259e0     libucrt:new_handler.obj
 0002:00007a00       __sehtable$_terminate      10025a00     libucrt:terminate.obj
 0002:00007a20       __sehtable$??$?RV<lambda_15ade71b0218206bbe3333a0c9b79046>@@AAV<lambda_da44e0f8b0f19ba52fefafb335991732>@@V<lambda_207f2d024fc103971653565357d6cd41>@@@?$__crt_seh_guarded_call@X@@QAEX$$QAV<lambda_15ade71b0218206bbe3333a0c9b79046>@@AAV<lambda_da44e0f8b0f19ba52fefafb335991732>@@$$QAV<lambda_207f2d024fc103971653565357d6cd41>@@@Z 10025a20     libucrt:per_thread_data.obj
 0002:00007a40       __sehtable$??$?RV<lambda_a7e850c220f1c8d1e6efeecdedd162c6>@@AAV<lambda_46720907175c18b6c9d2717bc0d2d362>@@V<lambda_9048902d66e8d99359bc9897bbb930a8>@@@?$__crt_seh_guarded_call@X@@QAEX$$QAV<lambda_a7e850c220f1c8d1e6efeecdedd162c6>@@AAV<lambda_46720907175c18b6c9d2717bc0d2d362>@@$$QAV<lambda_9048902d66e8d99359bc9897bbb930a8>@@@Z 10025a40     libucrt:per_thread_data.obj
 0002:00007a60       __sehtable$??$?RV<lambda_38edbb1296d33220d7e4dd0ed76b244a>@@AAV<lambda_5ce1d447e08cb34b2473517608e21441>@@V<lambda_fb385d3da700c9147fc39e65dd577a8c>@@@?$__crt_seh_guarded_call@X@@QAEX$$QAV<lambda_38edbb1296d33220d7e4dd0ed76b244a>@@AAV<lambda_5ce1d447e08cb34b2473517608e21441>@@$$QAV<lambda_fb385d3da700c9147fc39e65dd577a8c>@@@Z 10025a60     libucrt:per_thread_data.obj
 0002:00007a80       __sehtable$??$?RV<lambda_6affb1475c98b40b75cdec977db92e3c>@@AAV<lambda_b8d4b9c228a6ecc3f80208dbb4b4a104>@@V<lambda_608742c3c92a14382c1684fc64f96c88>@@@?$__crt_seh_guarded_call@X@@QAEX$$QAV<lambda_6affb1475c98b40b75cdec977db92e3c>@@AAV<lambda_b8d4b9c228a6ecc3f80208dbb4b4a104>@@$$QAV<lambda_608742c3c92a14382c1684fc64f96c88>@@@Z 10025a80     libucrt:per_thread_data.obj
 0002:00007aa0       __sehtable$??$?RV<lambda_e5124f882df8998aaf41531e079ba474>@@AAV<lambda_3e16ef9562a7dcce91392c22ab16ea36>@@V<lambda_e25ca0880e6ef98be67edffd8c599615>@@@?$__crt_seh_guarded_call@X@@QAEX$$QAV<lambda_e5124f882df8998aaf41531e079ba474>@@AAV<lambda_3e16ef9562a7dcce91392c22ab16ea36>@@$$QAV<lambda_e25ca0880e6ef98be67edffd8c599615>@@@Z 10025aa0     libucrt:wsetlocale.obj
 0002:00007ac0       __sehtable$___acrt_initialize_lowio 10025ac0     libucrt:ioinit.obj
 0002:00007ae0       __sehtable$?update_thread_multibyte_data_internal@@YAPAU__crt_multibyte_data@@QAU__acrt_ptd@@QAU1@@Z 10025ae0     libucrt:mbctype.obj
 0002:00007b00       __sehtable$??$?RV<lambda_ceb1ee4838e85a9d631eb091e2fbe199>@@AAV<lambda_ae742caa10f662c28703da3d2ea5e57e>@@V<lambda_cd08b5d6af4937fe54fc07d0c9bf6b37>@@@?$__crt_seh_guarded_call@X@@QAEX$$QAV<lambda_ceb1ee4838e85a9d631eb091e2fbe199>@@AAV<lambda_ae742caa10f662c28703da3d2ea5e57e>@@$$QAV<lambda_cd08b5d6af4937fe54fc07d0c9bf6b37>@@@Z 10025b00     libucrt:mbctype.obj
 0002:00007b20       __sehtable$_raise          10025b20     libucrt:signal.obj
 0002:00007b40       __sehtable$??$?RV<lambda_cbab9ec6f41b0180b23cc171c22676b0>@@AAV<lambda_44731a7d0e6d81c3e6aa82d741081786>@@V<lambda_4b292cb8dd18144e164572427af410ab>@@@?$__crt_seh_guarded_call@P6AXH@Z@@QAEP6AXH@Z$$QAV<lambda_cbab9ec6f41b0180b23cc171c22676b0>@@AAV<lambda_44731a7d0e6d81c3e6aa82d741081786>@@$$QAV<lambda_4b292cb8dd18144e164572427af410ab>@@@Z 10025b40     libucrt:signal.obj
 0002:00007b60       __sehtable$___acrt_update_thread_locale_data 10025b60     libucrt:locale_refcounting.obj
 0002:00007b80       __sehtable$__fcloseall     10025b80     libucrt:closeall.obj
 0002:00007ba0       __sehtable$??$?RV<lambda_2866be3712abc81a800a822484c830d8>@@AAV<lambda_39ca0ed439415581b5b15c265174cece>@@V<lambda_2b24c74d71094a6cd0cb82e44167d71b>@@@?$__crt_seh_guarded_call@X@@QAEX$$QAV<lambda_2866be3712abc81a800a822484c830d8>@@AAV<lambda_39ca0ed439415581b5b15c265174cece>@@$$QAV<lambda_2b24c74d71094a6cd0cb82e44167d71b>@@@Z 10025ba0     libucrt:fflush.obj
 0002:00007bc0       __sehtable$??$?RV<lambda_2cc53f568c5a2bb6f192f930a45d44ea>@@AAV<lambda_ab61a845afdef5b7c387490eaf3616ee>@@V<lambda_c2ffc0b7726aa6be21d5f0026187e748>@@@?$__crt_seh_guarded_call@X@@QAEX$$QAV<lambda_2cc53f568c5a2bb6f192f930a45d44ea>@@AAV<lambda_ab61a845afdef5b7c387490eaf3616ee>@@$$QAV<lambda_c2ffc0b7726aa6be21d5f0026187e748>@@@Z 10025bc0     libucrt:fflush.obj
 0002:00007be0       __sehtable$___acrt_lowio_ensure_fh_exists 10025be0     libucrt:osfinfo.obj
 0002:00007c00       __sehtable$__write         10025c00     libucrt:write.obj
 0002:00007c20       __sehtable$_fclose         10025c20     libucrt:fclose.obj
 0002:00007c40       __sehtable$??$?RV<lambda_9e9de3de5fa147e2223d7db92bc10aa6>@@AAV<lambda_38ce7e780aa69e748d6df282ebc68efe>@@V<lambda_8ca6da459f0f6780f1cff60fdc3d00e5>@@@?$__crt_seh_guarded_call@H@@QAEH$$QAV<lambda_9e9de3de5fa147e2223d7db92bc10aa6>@@AAV<lambda_38ce7e780aa69e748d6df282ebc68efe>@@$$QAV<lambda_8ca6da459f0f6780f1cff60fdc3d00e5>@@@Z 10025c40     libucrt:commit.obj
 0002:00007c60       __sehtable$??$?RV<lambda_218ce3db14220d0be481dae8ef3383b6>@@AAV<lambda_628dfdc04ba53c8bfc02c9951375f3f5>@@V<lambda_57dc472bd5c9d5f3b2cbca59b8a843ae>@@@?$__crt_seh_guarded_call@H@@QAEH$$QAV<lambda_218ce3db14220d0be481dae8ef3383b6>@@AAV<lambda_628dfdc04ba53c8bfc02c9951375f3f5>@@$$QAV<lambda_57dc472bd5c9d5f3b2cbca59b8a843ae>@@@Z 10025c60     libucrt:close.obj
 0002:00007c80       __sehtable$__IsNonwritableInCurrentImage 10025c80     LIBCMT:pesect.obj
 0002:00007cb0       .edata                     10025cb0     OPOSPOSPower.exp
 0002:00007cd8       rgpv                       10025cd8     OPOSPOSPower.exp
 0002:00007ce8       rgszName                   10025ce8     OPOSPOSPower.exp
 0002:00007cf8       rgwOrd                     10025cf8     OPOSPOSPower.exp
 0002:00007d00       szName                     10025d00     OPOSPOSPower.exp
 0002:00007d11       $N00001                    10025d11     OPOSPOSPower.exp
 0002:00007d21       $N00002                    10025d21     OPOSPOSPower.exp
 0002:00007d33       $N00003                    10025d33     OPOSPOSPower.exp
 0002:00007d45       $N00004                    10025d45     OPOSPOSPower.exp
 0002:00008360       .idata$6                   10026360     kernel32:KERNEL32.dll
 0002:00008574       .idata$6                   10026574     user32:USER32.dll
 0002:000086a8       .idata$6                   100266a8     gdi32:GDI32.dll
 0002:0000874e       .idata$6                   1002674e     advapi32:ADVAPI32.dll
 0002:0000886a       .idata$6                   1002686a     ole32:ole32.dll
 0002:00008874       .idata$6                   10026874     oleaut32:OLEAUT32.dll
 0003:00000110       ?ObjectMap@@3PAU_ATL_OBJMAP_ENTRY30@ATL@@A 10027110     POSPower.obj
 0003:000001b0       ?s_SOMethodNames@@3PAPADA  100271b0     POSPowerImpl.obj
 0003:00000204       ?s_RequiredMethodsPerRelease@@3PAHA 10027204     POSPowerImpl.obj
 0003:00000230       ?__vcrt_flsindex@@3KA      10027230     libvcruntime:per_thread_data.obj
 0003:00000250       ?errno_no_memory@@3HA      10027250     libucrt:errno.obj
 0003:00000254       ?doserrno_no_memory@@3KA   10027254     libucrt:errno.obj
 0003:00000260       ?__acrt_flsindex@@3KA      10027260     libucrt:per_thread_data.obj
 0003:000003d8       __mbctypes                 100273d8     libucrt:mbctype.obj
 0003:000004e0       __mbcasemaps               100274e0     libucrt:mbctype.obj
 0003:000005e0       ?__rgctypeflag@@3PADA      100275e0     libucrt:mbctype.obj
 0003:000005e8       ?__rgcode_page_info@@3PAUcode_page_info@@A 100275e8     libucrt:mbctype.obj
 0003:00000af0       ?is_initialized_as_dll@@3_NA 10027af0     LIBCMT:utility.obj
 0003:00000af1       ?module_local_atexit_table_initialized@@3_NA 10027af1     LIBCMT:utility.obj
 0003:00000af4       ?module_local_atexit_table@@3U_onexit_table_t@@A 10027af4     LIBCMT:utility.obj
 0003:00000b00       ?module_local_at_quick_exit_table@@3U_onexit_table_t@@A 10027b00     LIBCMT:utility.obj
 0003:00000b0c       ?_Tss_mutex@@3U_RTL_CRITICAL_SECTION@@A 10027b0c     LIBCMT:thread_safe_statics.obj
 0003:00000b24       ?_Tss_cv@@3U_RTL_CONDITION_VARIABLE@@A 10027b24     LIBCMT:thread_safe_statics.obj
 0003:00000b28       ?_Tss_event@@3PAXA         10027b28     LIBCMT:thread_safe_statics.obj
 0003:00000b2c       ?encoded_sleep_condition_variable_cs@@3P6GHPAU_RTL_CONDITION_VARIABLE@@PAU_RTL_CRITICAL_SECTION@@K@ZA 10027b2c     LIBCMT:thread_safe_statics.obj
 0003:00000b30       ?encoded_wake_all_condition_variable@@3P6GXPAU_RTL_CONDITION_VARIABLE@@@ZA 10027b30     LIBCMT:thread_safe_statics.obj
 0003:00000b38       _GS_ExceptionRecord        10027b38     LIBCMT:gs_report.obj
 0003:00000b88       _GS_ContextRecord          10027b88     LIBCMT:gs_report.obj
 0003:00000e58       ?__proc_attached@@3HA      10027e58     LIBCMT:dll_dllmain.obj
 0003:00000eb4       ?AllocateData@@3P6GPAUAtlThunkData_t@@XZA 10027eb4     atls:atlthunk.obj
 0003:00000eb8       ?InitData@@3P6GXPAUAtlThunkData_t@@PAXI@ZA 10027eb8     atls:atlthunk.obj
 0003:00000ebc       ?DataToCode@@3P6GP6GJPAUHWND__@@IIJ@ZPAUAtlThunkData_t@@@ZA 10027ebc     atls:atlthunk.obj
 0003:00000ec0       ?FreeData@@3P6GXPAUAtlThunkData_t@@@ZA 10027ec0     atls:atlthunk.obj
 0003:00000ec4       ?Initialized@@3_NA         10027ec4     atls:atlthunk.obj
 0003:00000ed0       ?__vcrt_startup_thread_ptd@@3U__vcrt_ptd@@A 10027ed0     libvcruntime:per_thread_data.obj
 0003:00000ef8       ___vcrt_lock_table         10027ef8     libvcruntime:locks.obj
 0003:00000f10       ___vcrt_locks_initialized  10027f10     libvcruntime:locks.obj
 0003:00000f14       ?module_handles@@3PAPAUHINSTANCE__@@A 10027f14     libvcruntime:winapi_downlevel.obj
 0003:00000f20       ?encoded_function_pointers@@3PAPAXA 10027f20     libvcruntime:winapi_downlevel.obj
 0003:00000f5c       ?heap@@3V_HeapManager@@A   10027f5c     libvcruntime:undname.obj
 0003:00000f74       ?__acrt_invalid_parameter_handler@@3V?$dual_state_global@P6AXPB_W00II@Z@__crt_state_management@@A 10027f74     libucrt:invalid_parameter.obj
 0003:00000f78       ?c_termination_complete@@3JA 10027f78     libucrt:exit.obj
 0003:00000f7c       ?thread_local_exit_callback_func@@3P6GXPAXK0@ZA 10027f7c     libucrt:exit.obj
 0003:00000f88       ?program_name@?1???$common_configure_argv@D@@YAHW4_crt_argv_mode@@@Z@4PADA 10027f88     libucrt:argv_parsing.obj
 0003:000010b8       ?__acrt_new_handler@@3V?$dual_state_global@P6AHI@Z@__crt_state_management@@A 100280b8     libucrt:new_handler.obj
 0003:000010c0       ?module_handles@@3PAPAUHINSTANCE__@@A 100280c0     libucrt:winapi_thunks.obj
 0003:00001110       ?encoded_function_pointers@@3PAPAXA 10028110     libucrt:winapi_thunks.obj
 0003:000011a0       ?enable_percent_n@@3IA     100281a0     libucrt:printf_count_output.obj
 0003:000013c0       ?__acrt_lock_table@@3PAU_RTL_CRITICAL_SECTION@@A 100283c0     libucrt:locks.obj
 0003:00001510       ?__acrt_locks_initialized@@3IA 10028510     libucrt:locks.obj
 0003:00001520       ?fSystemSet@@3HA           10028520     libucrt:mbctype.obj
 0003:00001524       ?initialized@?1??__acrt_initialize_multibyte@@9@4_NA 10028524     libucrt:mbctype.obj
 0003:00001544       ?ctrlc_action@@3V?$dual_state_global@P6AXH@Z@__crt_state_management@@A 10028544     libucrt:signal.obj
 0003:00001548       ?ctrlbreak_action@@3V?$dual_state_global@P6AXH@Z@__crt_state_management@@A 10028548     libucrt:signal.obj
 0003:0000154c       ?abort_action@@3V?$dual_state_global@P6AXH@Z@__crt_state_management@@A 1002854c     libucrt:signal.obj
 0003:00001550       ?term_action@@3V?$dual_state_global@P6AXH@Z@__crt_state_management@@A 10028550     libucrt:signal.obj
 0003:00001554       ?user_matherr@@3V?$dual_state_global@P6AHPAU_exception@@@Z@__crt_state_management@@A 10028554     libucrt:matherr.obj
 0003:00001558       ?__acrt_global_new_mode@@3V?$dual_state_global@J@__crt_state_management@@A 10028558     libucrt:new_mode.obj
 0003:00001564       ?__acrt_app_type@@3W4_crt_app_type@@A 10028564     libucrt:report_runtime_error.obj
 0003:0000156c       __pmatherr_set             1002856c     libucrt:libm_error.obj
 0004:00000220       $R000000                   10029220     POSPower.res
 0004:00000b88       $R000968                   10029b88     POSPower.res
 0004:00000c70       $R000A50                   10029c70     POSPower.res
 0004:00000ed8       $R000CB8                   10029ed8     POSPower.res
 0004:000013f0       $R0011D0                   1002a3f0     POSPower.res
 0004:000043c8       $R0041A8                   1002d3c8     POSPower.res
 0004:000043f8       $R0041D8                   1002d3f8     POSPower.res
