 OPOSCAT

 Timestamp is 5ed4577a (Mon Jun  1 10:18:50 2020)

 Preferred load address is 10000000

 Start         Length     Name                   Class
 0001:00000000 00000080H .text$di                CODE
 0001:00000080 0001ebb3H .text$mn                CODE
 0001:0001ec33 00000036H .text$x                 CODE
 0001:0001ec69 00000042H .text$yd                CODE
 0002:00000000 000002fcH .idata$5                DATA
 0002:000002fc 00000004H .00cfg                  DATA
 0002:00000300 00000004H .CRT$XCA                DATA
 0002:00000304 00000004H .CRT$XCL                DATA
 0002:00000308 00000010H .CRT$XCU                DATA
 0002:00000318 00000004H .CRT$XCZ                DATA
 0002:0000031c 00000004H .CRT$XIA                DATA
 0002:00000320 00000010H .CRT$XIC                DATA
 0002:00000330 00000004H .CRT$XIZ                DATA
 0002:00000334 00000004H .CRT$XLA                DATA
 0002:00000338 00000004H .CRT$XLZ                DATA
 0002:0000033c 00000004H .CRT$XPA                DATA
 0002:00000340 00000008H .CRT$XPX                DATA
 0002:00000348 00000004H .CRT$XPXA               DATA
 0002:0000034c 00000004H .CRT$XPZ                DATA
 0002:00000350 00000004H .CRT$XTA                DATA
 0002:00000354 0000000cH .CRT$XTZ                DATA
 0002:00000358 00000000H .gfids$y                DATA
 0002:00000360 00007448H .rdata                  DATA
 0002:000077a8 00000018H .rdata$T                DATA
 0002:000077c0 00000178H .rdata$r                DATA
 0002:00007938 0000001cH .rdata$sxdata           DATA
 0002:00007954 000003d8H .rdata$zzzdbg           DATA
 0002:00007d2c 00000004H .rtc$IAA                DATA
 0002:00007d30 00000004H .rtc$IZZ                DATA
 0002:00007d34 00000004H .rtc$TAA                DATA
 0002:00007d38 00000004H .rtc$TZZ                DATA
 0002:00007d3c 00000004H .tls                    DATA
 0002:00007d40 00000004H .tls$                   DATA
 0002:00007d44 00000004H .tls$ZZZ                DATA
 0002:00007d48 0000062cH .xdata$x                DATA
 0002:00008374 00000004H ATL$__a                 DATA
 0002:00008378 00000008H ATL$__z                 DATA
 0002:00008380 000000a4H .edata                  DATA
 0002:00008424 00000078H .idata$2                DATA
 0002:0000849c 00000014H .idata$3                DATA
 0002:000084b0 000002fcH .idata$4                DATA
 0002:000087ac 00000bceH .idata$6                DATA
 0003:00000000 00000ac0H .data                   DATA
 0003:00000ac0 00000098H .data$r                 DATA
 0003:00000b58 00000b80H .bss                    DATA
 0004:00000000 00000220H .rsrc$01                DATA
 0004:00000220 000051d0H .rsrc$02                DATA

  Address         Publics by Value              Rva+Base       Lib:Object

 0000:00000000       ___arm64x_redirection_metadata 00000000     <absolute>
 0000:00000000       ___x64_code_ranges_to_entry_points 00000000     <absolute>
 0000:00000000       ___guard_fids_count        00000000     <absolute>
 0000:00000000       ___guard_longjmp_table     00000000     <absolute>
 0000:00000000       ___guard_iat_count         00000000     <absolute>
 0000:00000000       ___hybrid_code_map_count   00000000     <absolute>
 0000:00000000       ___dynamic_value_reloc_table 00000000     <absolute>
 0000:00000000       ___guard_longjmp_count     00000000     <absolute>
 0000:00000000       __except_list              00000000     <absolute>
 0000:00000000       ___arm64x_native_entrypoint 00000000     <absolute>
 0000:00000000       ___guard_fids_table        00000000     <absolute>
 0000:00000000       ___guard_eh_cont_count     00000000     <absolute>
 0000:00000000       ___hybrid_auxiliary_iat    00000000     <absolute>
 0000:00000000       ___guard_iat_table         00000000     <absolute>
 0000:00000000       ___volatile_metadata       00000000     <absolute>
 0000:00000000       ___enclave_config          00000000     <absolute>
 0000:00000000       ___AbsoluteZero            00000000     <absolute>
 0000:00000000       ___guard_eh_cont_table     00000000     <absolute>
 0000:00000000       ___hybrid_code_map         00000000     <absolute>
 0000:00000007       ___safe_se_handler_count   00000007     <absolute>
 0000:0000002c       __tls_array                0000002c     <absolute>
 0000:00000100       ___guard_flags             00000100     <absolute>
 0000:00000000       ___ImageBase               10000000     <linker-defined>
 0001:00000080       ?DupWide@_CW@@AAEXXZ       10001080 f   CWString.obj
 0001:0000009c       ?cw_dup@@YGXPBDAAHAAPA_W1@Z 1000109c f   CWString.obj
 0001:00000124       ?cw_memcpy@@YGHPA_WPBDH@Z  10001124 f   CWString.obj
 0001:00000150       ?cw_strcpy@@YAHPA_WPBD@Z   10001150 f   CWString.obj
 0001:00000163       ?cw_strlen@@YAHPBD@Z       10001163 f   CWString.obj
 0001:0000017c       ??0CAtlComModule@ATL@@QAE@XZ 1000117c f i OposVariant.obj
 0001:000001c1       ??0CAtlWinModule@ATL@@QAE@XZ 100011c1 f i OposVariant.obj
 0001:000001f8       ??0OposDispParms@@QAE@PAVOposVariant@@H@Z 100011f8 f   OposVariant.obj
 0001:00000269       ??1OposDispParms@@QAE@XZ   10001269 f   OposVariant.obj
 0001:00000277       ??A?$CSimpleArray@GV?$CSimpleArrayEqualHelper@G@ATL@@@ATL@@QAEAAGH@Z 10001277 f i OposVariant.obj
 0001:0000029c       ??_Estringdispid@CComTypeInfoHolder@ATL@@QAEPAXI@Z 1000129c f i OposVariant.obj
 0001:00000308       ?AtlWinModuleInit@ATL@@YGJPAU_ATL_WIN_MODULE70@1@@Z 10001308 f i OposVariant.obj
 0001:0000032e       ?AtlWinModuleTerm@ATL@@YGJPAU_ATL_WIN_MODULE70@1@PAUHINSTANCE__@@@Z 1000132e f i OposVariant.obj
 0001:00000391       ?ChangeBSTR@OposVariant@@QAEXPAPA_WAAJ@Z 10001391 f   OposVariant.obj
 0001:000003d2       ?ChangeCURRENCY@OposVariant@@QAEXPATtagCY@@AAJ@Z 100013d2 f   OposVariant.obj
 0001:00000421       ?ChangeLONG@OposVariant@@QAEXPAJAAJ@Z 10001421 f   OposVariant.obj
 0001:00000462       ?GetLONG@OposVariant@@QAEJXZ 10001462 f   OposVariant.obj
 0001:0000047d       ?Init@CComCriticalSection@ATL@@QAEJXZ 1000147d f i OposVariant.obj
 0001:000004a5       ?RemoveAll@?$CSimpleArray@PAUHINSTANCE__@@V?$CSimpleArrayEqualHelper@PAUHINSTANCE__@@@ATL@@@ATL@@QAEXXZ 100014a5 f i atls:atlbase.obj
 0001:000004a5       ?RemoveAll@?$CSimpleArray@GV?$CSimpleArrayEqualHelper@G@ATL@@@ATL@@QAEXXZ 100014a5 f i OposVariant.obj
 0001:000004c2       ?SetBSTR@OposVariant@@QAEXPA_WAAJ@Z 100014c2 f   OposVariant.obj
 0001:000004f6       ?SetBSTR_Copy@OposVariant@@QAEXPA_WAAJ@Z 100014f6 f   OposVariant.obj
 0001:00000546       ?SetBSTR_InOutPtr@OposVariant@@QAE_NPAPA_WAAJ@Z 10001546 f   OposVariant.obj
 0001:0000057d       ?SetCURRENCY@OposVariant@@QAEXTtagCY@@@Z 1000157d f   OposVariant.obj
 0001:000005a5       ?SetDispatch_Ptr@OposVariant@@QAEXPAUIDispatch@@AAJ@Z 100015a5 f   OposVariant.obj
 0001:000005e0       ?SetLONG@OposVariant@@QAEXJ@Z 100015e0 f   OposVariant.obj
 0001:00000602       ?SetLONG_Ptr@OposVariant@@QAEXPAJAAJ@Z 10001602 f   OposVariant.obj
 0001:00000635       ?SetString@OposVariant@@QAEXPB_WAAJ@Z 10001635 f   OposVariant.obj
 0001:0000067b       ?SetVARIANT_BOOL@OposVariant@@QAEXF@Z 1000167b f   OposVariant.obj
 0001:000006a5       ?Term@CAtlComModule@ATL@@QAEXXZ 100016a5 f i OposVariant.obj
 0001:000006ef       ?_AtlRaiseException@ATL@@YAXKK@Z 100016ef f i OposVariant.obj
 0001:00000704       ??_E?$CComObject@VCOPOSCAT@@@ATL@@W3AEPAXI@Z 10001704 f i CAT.obj
 0001:0000070c       ??_E?$CComObject@VCOPOSCAT@@@ATL@@WEM@AEPAXI@Z 1000170c f i CAT.obj
 0001:00000714       ?QueryInterface@?$CComObject@VCOPOSCAT@@@ATL@@WHA@AGJABU_GUID@@PAPAX@Z 10001714 f i CAT.obj
 0001:0000071e       ?AddRef@?$CComObject@VCOPOSCAT@@@ATL@@WHA@AGKXZ 1000171e f i CAT.obj
 0001:00000728       ?Release@?$CComObject@VCOPOSCAT@@@ATL@@WHA@AGKXZ 10001728 f i CAT.obj
 0001:00000732       ?QueryInterface@?$CComObject@VCOPOSCAT@@@ATL@@WHE@AGJABU_GUID@@PAPAX@Z 10001732 f i CAT.obj
 0001:0000073c       ?AddRef@?$CComObject@VCOPOSCAT@@@ATL@@WHE@AGKXZ 1000173c f i CAT.obj
 0001:00000746       ?Release@?$CComObject@VCOPOSCAT@@@ATL@@WHE@AGKXZ 10001746 f i CAT.obj
 0001:00000750       ?QueryInterface@?$CComObject@VCOPOSCAT@@@ATL@@WHI@AGJABU_GUID@@PAPAX@Z 10001750 f i CAT.obj
 0001:0000075a       ?AddRef@?$CComObject@VCOPOSCAT@@@ATL@@WHI@AGKXZ 1000175a f i CAT.obj
 0001:00000764       ?Release@?$CComObject@VCOPOSCAT@@@ATL@@WHI@AGKXZ 10001764 f i CAT.obj
 0001:0000076e       ?QueryInterface@?$CComObject@VCOPOSCAT@@@ATL@@WHM@AGJABU_GUID@@PAPAX@Z 1000176e f i CAT.obj
 0001:00000778       ?AddRef@?$CComObject@VCOPOSCAT@@@ATL@@WHM@AGKXZ 10001778 f i CAT.obj
 0001:00000782       ?Release@?$CComObject@VCOPOSCAT@@@ATL@@WHM@AGKXZ 10001782 f i CAT.obj
 0001:0000078c       ?QueryInterface@?$CComObject@VCOPOSCAT@@@ATL@@WIA@AGJABU_GUID@@PAPAX@Z 1000178c f i CAT.obj
 0001:00000799       ?AddRef@?$CComObject@VCOPOSCAT@@@ATL@@WIA@AGKXZ 10001799 f i CAT.obj
 0001:000007a6       ?Release@?$CComObject@VCOPOSCAT@@@ATL@@WIA@AGKXZ 100017a6 f i CAT.obj
 0001:000007b3       ?QueryInterface@?$CComObject@VCOPOSCAT@@@ATL@@WIE@AGJABU_GUID@@PAPAX@Z 100017b3 f i CAT.obj
 0001:000007c0       ?AddRef@?$CComObject@VCOPOSCAT@@@ATL@@WIE@AGKXZ 100017c0 f i CAT.obj
 0001:000007cd       ?Release@?$CComObject@VCOPOSCAT@@@ATL@@WIE@AGKXZ 100017cd f i CAT.obj
 0001:000007da       ?QueryInterface@?$CComObject@VCOPOSCAT@@@ATL@@WII@AGJABU_GUID@@PAPAX@Z 100017da f i CAT.obj
 0001:000007e7       ?AddRef@?$CComObject@VCOPOSCAT@@@ATL@@WII@AGKXZ 100017e7 f i CAT.obj
 0001:000007f4       ?Release@?$CComObject@VCOPOSCAT@@@ATL@@WII@AGKXZ 100017f4 f i CAT.obj
 0001:00000801       ?QueryInterface@?$CComObject@VCOPOSCAT@@@ATL@@WIM@AGJABU_GUID@@PAPAX@Z 10001801 f i CAT.obj
 0001:0000080e       ?AddRef@?$CComObject@VCOPOSCAT@@@ATL@@WIM@AGKXZ 1000180e f i CAT.obj
 0001:0000081b       ?Release@?$CComObject@VCOPOSCAT@@@ATL@@WIM@AGKXZ 1000181b f i CAT.obj
 0001:00000828       ?QueryInterface@?$CComObject@VCOPOSCAT@@@ATL@@WJA@AGJABU_GUID@@PAPAX@Z 10001828 f i CAT.obj
 0001:00000835       ?AddRef@?$CComObject@VCOPOSCAT@@@ATL@@WJA@AGKXZ 10001835 f i CAT.obj
 0001:00000842       ?Release@?$CComObject@VCOPOSCAT@@@ATL@@WJA@AGKXZ 10001842 f i CAT.obj
 0001:0000084f       ?QueryInterface@?$CComObject@VCOPOSCAT@@@ATL@@WJE@AGJABU_GUID@@PAPAX@Z 1000184f f i CAT.obj
 0001:0000085c       ?AddRef@?$CComObject@VCOPOSCAT@@@ATL@@WJE@AGKXZ 1000185c f i CAT.obj
 0001:00000869       ?Release@?$CComObject@VCOPOSCAT@@@ATL@@WJE@AGKXZ 10001869 f i CAT.obj
 0001:00000876       ?QueryInterface@?$CComObject@VCOPOSCAT@@@ATL@@WJI@AGJABU_GUID@@PAPAX@Z 10001876 f i CAT.obj
 0001:00000883       ?AddRef@?$CComObject@VCOPOSCAT@@@ATL@@WJI@AGKXZ 10001883 f i CAT.obj
 0001:00000890       ?Release@?$CComObject@VCOPOSCAT@@@ATL@@WJI@AGKXZ 10001890 f i CAT.obj
 0001:0000089d       ?QueryInterface@?$CComObject@VCOPOSCAT@@@ATL@@WJM@AGJABU_GUID@@PAPAX@Z 1000189d f i CAT.obj
 0001:000008aa       ?AddRef@?$CComObject@VCOPOSCAT@@@ATL@@WJM@AGKXZ 100018aa f i CAT.obj
 0001:000008b7       ?Release@?$CComObject@VCOPOSCAT@@@ATL@@WJM@AGKXZ 100018b7 f i CAT.obj
 0001:000008c4       ?QueryInterface@?$CComObject@VCOPOSCAT@@@ATL@@WKA@AGJABU_GUID@@PAPAX@Z 100018c4 f i CAT.obj
 0001:000008d1       ?AddRef@?$CComObject@VCOPOSCAT@@@ATL@@WKA@AGKXZ 100018d1 f i CAT.obj
 0001:000008de       ?Release@?$CComObject@VCOPOSCAT@@@ATL@@WKA@AGKXZ 100018de f i CAT.obj
 0001:000008eb       ?AddRef@?$CComObject@VCOPOSCAT@@@ATL@@WKI@AGKXZ 100018eb f i CAT.obj
 0001:000008f8       ?Release@?$CComObject@VCOPOSCAT@@@ATL@@WKI@AGKXZ 100018f8 f i CAT.obj
 0001:00000905       ?AddRef@?$CComObject@VCOPOSCAT@@@ATL@@WLE@AGKXZ 10001905 f i CAT.obj
 0001:00000912       ?Release@?$CComObject@VCOPOSCAT@@@ATL@@WLE@AGKXZ 10001912 f i CAT.obj
 0001:0000091f       ??_E?$CComContainedObject@VCOPOSCAT@@@ATL@@W3AEPAXI@Z 1000191f f i CAT.obj
 0001:00000927       ??_E?$CComContainedObject@VCOPOSCAT@@@ATL@@WEM@AEPAXI@Z 10001927 f i CAT.obj
 0001:0000092f       ?QueryInterface@?$CComContainedObject@VCOPOSCAT@@@ATL@@WHA@AGJABU_GUID@@PAPAX@Z 1000192f f i CAT.obj
 0001:00000939       ?AddRef@?$CComContainedObject@VCOPOSCAT@@@ATL@@WHA@AGKXZ 10001939 f i CAT.obj
 0001:00000943       ?Release@?$CComContainedObject@VCOPOSCAT@@@ATL@@WHA@AGKXZ 10001943 f i CAT.obj
 0001:0000094d       ?QueryInterface@?$CComContainedObject@VCOPOSCAT@@@ATL@@WHE@AGJABU_GUID@@PAPAX@Z 1000194d f i CAT.obj
 0001:00000957       ?AddRef@?$CComContainedObject@VCOPOSCAT@@@ATL@@WHE@AGKXZ 10001957 f i CAT.obj
 0001:00000961       ?Release@?$CComContainedObject@VCOPOSCAT@@@ATL@@WHE@AGKXZ 10001961 f i CAT.obj
 0001:0000096b       ?QueryInterface@?$CComContainedObject@VCOPOSCAT@@@ATL@@WHI@AGJABU_GUID@@PAPAX@Z 1000196b f i CAT.obj
 0001:00000975       ?AddRef@?$CComContainedObject@VCOPOSCAT@@@ATL@@WHI@AGKXZ 10001975 f i CAT.obj
 0001:0000097f       ?Release@?$CComContainedObject@VCOPOSCAT@@@ATL@@WHI@AGKXZ 1000197f f i CAT.obj
 0001:00000989       ?QueryInterface@?$CComContainedObject@VCOPOSCAT@@@ATL@@WHM@AGJABU_GUID@@PAPAX@Z 10001989 f i CAT.obj
 0001:00000993       ?AddRef@?$CComContainedObject@VCOPOSCAT@@@ATL@@WHM@AGKXZ 10001993 f i CAT.obj
 0001:0000099d       ?Release@?$CComContainedObject@VCOPOSCAT@@@ATL@@WHM@AGKXZ 1000199d f i CAT.obj
 0001:000009a7       ?QueryInterface@?$CComContainedObject@VCOPOSCAT@@@ATL@@WIA@AGJABU_GUID@@PAPAX@Z 100019a7 f i CAT.obj
 0001:000009b4       ?AddRef@?$CComContainedObject@VCOPOSCAT@@@ATL@@WIA@AGKXZ 100019b4 f i CAT.obj
 0001:000009c1       ?Release@?$CComContainedObject@VCOPOSCAT@@@ATL@@WIA@AGKXZ 100019c1 f i CAT.obj
 0001:000009ce       ?QueryInterface@?$CComContainedObject@VCOPOSCAT@@@ATL@@WIE@AGJABU_GUID@@PAPAX@Z 100019ce f i CAT.obj
 0001:000009db       ?AddRef@?$CComContainedObject@VCOPOSCAT@@@ATL@@WIE@AGKXZ 100019db f i CAT.obj
 0001:000009e8       ?CreateInstance@CComClassFactory@ATL@@UAGJPAUIUnknown@@ABU_GUID@@PAPAX@Z 100019e8 f i CAT.obj
 0001:00000a26       ?Release@?$CComContainedObject@VCOPOSCAT@@@ATL@@WIE@AGKXZ 10001a26 f i CAT.obj
 0001:00000a33       ?QueryInterface@?$CComContainedObject@VCOPOSCAT@@@ATL@@WII@AGJABU_GUID@@PAPAX@Z 10001a33 f i CAT.obj
 0001:00000a40       ?LockServer@CComClassFactory@ATL@@UAGJH@Z 10001a40 f i CAT.obj
 0001:00000a5f       ?AddRef@?$CComContainedObject@VCOPOSCAT@@@ATL@@WII@AGKXZ 10001a5f f i CAT.obj
 0001:00000a6c       ?Release@?$CComContainedObject@VCOPOSCAT@@@ATL@@WII@AGKXZ 10001a6c f i CAT.obj
 0001:00000a79       ?QueryInterface@?$CComContainedObject@VCOPOSCAT@@@ATL@@WIM@AGJABU_GUID@@PAPAX@Z 10001a79 f i CAT.obj
 0001:00000a86       ?AddRef@?$CComContainedObject@VCOPOSCAT@@@ATL@@WIM@AGKXZ 10001a86 f i CAT.obj
 0001:00000a93       ?Release@?$CComContainedObject@VCOPOSCAT@@@ATL@@WIM@AGKXZ 10001a93 f i CAT.obj
 0001:00000aa0       ?QueryInterface@?$CComContainedObject@VCOPOSCAT@@@ATL@@WJA@AGJABU_GUID@@PAPAX@Z 10001aa0 f i CAT.obj
 0001:00000aad       ?AddRef@?$CComContainedObject@VCOPOSCAT@@@ATL@@WJA@AGKXZ 10001aad f i CAT.obj
 0001:00000aba       ?Release@?$CComContainedObject@VCOPOSCAT@@@ATL@@WJA@AGKXZ 10001aba f i CAT.obj
 0001:00000ac7       ?QueryInterface@?$CComContainedObject@VCOPOSCAT@@@ATL@@WJE@AGJABU_GUID@@PAPAX@Z 10001ac7 f i CAT.obj
 0001:00000ad4       ?AddRef@?$CComContainedObject@VCOPOSCAT@@@ATL@@WJE@AGKXZ 10001ad4 f i CAT.obj
 0001:00000ae1       ?Release@?$CComContainedObject@VCOPOSCAT@@@ATL@@WJE@AGKXZ 10001ae1 f i CAT.obj
 0001:00000aee       ?QueryInterface@?$CComContainedObject@VCOPOSCAT@@@ATL@@WJI@AGJABU_GUID@@PAPAX@Z 10001aee f i CAT.obj
 0001:00000afb       ?AddRef@?$CComContainedObject@VCOPOSCAT@@@ATL@@WJI@AGKXZ 10001afb f i CAT.obj
 0001:00000b08       ??_GCComClassFactory@ATL@@UAEPAXI@Z 10001b08 f i CAT.obj
 0001:00000b08       ??_ECComClassFactory@ATL@@UAEPAXI@Z 10001b08 f i CAT.obj
 0001:00000b33       ?Release@?$CComContainedObject@VCOPOSCAT@@@ATL@@WJI@AGKXZ 10001b33 f i CAT.obj
 0001:00000b40       ?QueryInterface@?$CComContainedObject@VCOPOSCAT@@@ATL@@WJM@AGJABU_GUID@@PAPAX@Z 10001b40 f i CAT.obj
 0001:00000b4d       ?AddRef@?$CComContainedObject@VCOPOSCAT@@@ATL@@WJM@AGKXZ 10001b4d f i CAT.obj
 0001:00000b5a       ?Release@?$CComContainedObject@VCOPOSCAT@@@ATL@@WJM@AGKXZ 10001b5a f i CAT.obj
 0001:00000b67       ?QueryInterface@?$CComContainedObject@VCOPOSCAT@@@ATL@@WKA@AGJABU_GUID@@PAPAX@Z 10001b67 f i CAT.obj
 0001:00000b74       ?AddRef@?$CComContainedObject@VCOPOSCAT@@@ATL@@WKA@AGKXZ 10001b74 f i CAT.obj
 0001:00000b81       ?Release@?$CComContainedObject@VCOPOSCAT@@@ATL@@WKA@AGKXZ 10001b81 f i CAT.obj
 0001:00000b8e       ?AddRef@?$CComContainedObject@VCOPOSCAT@@@ATL@@WKI@AGKXZ 10001b8e f i CAT.obj
 0001:00000b9b       ?Release@?$CComContainedObject@VCOPOSCAT@@@ATL@@WKI@AGKXZ 10001b9b f i CAT.obj
 0001:00000ba8       ?AddRef@?$CComContainedObject@VCOPOSCAT@@@ATL@@WLE@AGKXZ 10001ba8 f i CAT.obj
 0001:00000bb5       ?Release@?$CComContainedObject@VCOPOSCAT@@@ATL@@WLE@AGKXZ 10001bb5 f i CAT.obj
 0001:00000bc2       ?GetWindowProc@?$CWindowImplBaseT@VCWindow@ATL@@V?$CWinTraits@$0FGAAAAAA@$0A@@2@@ATL@@UAEP6GJPAUHWND__@@IIJ@ZXZ 10001bc2 f i CAT.obj
 0001:00000bc8       ?StartWindowProc@?$CWindowImplBaseT@VCWindow@ATL@@V?$CWinTraits@$0FGAAAAAA@$0A@@2@@ATL@@SGJPAUHWND__@@IIJ@Z 10001bc8 f i CAT.obj
 0001:00000c1c       ?OnFinalMessage@?$CWindowImplBaseT@VCWindow@ATL@@V?$CWinTraits@$0FGAAAAAA@$0A@@2@@ATL@@UAEXPAUHWND__@@@Z 10001c1c f i CAT.obj
 0001:00000c1c       ?ObjectMain@CComObjectRootBase@ATL@@SGX_N@Z 10001c1c f i CAT.obj
 0001:00000c1f       ?GetTypeInfoCount@?$IDispatchImpl@UIOPOSCAT@@$1?IID_IOPOSCAT@@3U_GUID@@B$1?LIBID_OposCAT_CCO@@3U3@B$00$0A@VCComTypeInfoHolder@ATL@@@ATL@@UAGJPAI@Z 10001c1f f i CAT.obj
 0001:00000c3c       ?GetTypeInfo@?$IDispatchImpl@UIOPOSCAT@@$1?IID_IOPOSCAT@@3U_GUID@@B$1?LIBID_OposCAT_CCO@@3U3@B$00$0A@VCComTypeInfoHolder@ATL@@@ATL@@UAGJIKPAPAUITypeInfo@@@Z 10001c3c f i CAT.obj
 0001:00000c60       ?GetIDsOfNames@?$IDispatchImpl@UIOPOSCAT@@$1?IID_IOPOSCAT@@3U_GUID@@B$1?LIBID_OposCAT_CCO@@3U3@B$00$0A@VCComTypeInfoHolder@ATL@@@ATL@@UAGJABU_GUID@@PAPA_WIKPAJ@Z 10001c60 f i CAT.obj
 0001:00000c80       ?Invoke@?$IDispatchImpl@UIOPOSCAT@@$1?IID_IOPOSCAT@@3U_GUID@@B$1?LIBID_OposCAT_CCO@@3U3@B$00$0A@VCComTypeInfoHolder@ATL@@@ATL@@UAGJJABU_GUID@@KGPAUtagDISPPARAMS@@PAUtagVARIANT@@PAUtagEXCEPINFO@@PAI@Z 10001c80 f i CAT.obj
 0001:00000c8e       ?CreateControlWindow@?$CComControl@VCOPOSCAT@@V?$CWindowImpl@VCOPOSCAT@@VCWindow@ATL@@V?$CWinTraits@$0FGAAAAAA@$0A@@3@@ATL@@@ATL@@UAEPAUHWND__@@PAU3@AAUtagRECT@@@Z 10001c8e f i CAT.obj
 0001:00000cbd       ?ControlQueryInterface@?$CComControl@VCOPOSCAT@@V?$CWindowImpl@VCOPOSCAT@@VCWindow@ATL@@V?$CWinTraits@$0FGAAAAAA@$0A@@3@@ATL@@@ATL@@UAEJABU_GUID@@PAPAX@Z 10001cbd f i CAT.obj
 0001:00000cd8       ?GetClassID@?$IPersistStreamInitImpl@VCOPOSCAT@@@ATL@@UAGJPAU_GUID@@@Z 10001cd8 f i CAT.obj
 0001:00000cd8       ?GetUserClassID@?$IOleObjectImpl@VCOPOSCAT@@@ATL@@UAGJPAU_GUID@@@Z 10001cd8 f i CAT.obj
 0001:00000cd8       ?GetClassID@?$IPersistStorageImpl@VCOPOSCAT@@@ATL@@UAGJPAU_GUID@@@Z 10001cd8 f i CAT.obj
 0001:00000cfc       ?IsDirty@?$IPersistStreamInitImpl@VCOPOSCAT@@@ATL@@UAGJXZ 10001cfc f i CAT.obj
 0001:00000d1b       ?Load@?$IPersistStreamInitImpl@VCOPOSCAT@@@ATL@@UAGJPAUIStream@@@Z 10001d1b f i CAT.obj
 0001:00000d3a       ?Save@?$IPersistStreamInitImpl@VCOPOSCAT@@@ATL@@UAGJPAUIStream@@H@Z 10001d3a f i CAT.obj
 0001:00000d5c       ?GetSizeMax@?$IPersistStreamInitImpl@VCOPOSCAT@@@ATL@@UAGJPAT_ULARGE_INTEGER@@@Z 10001d5c f i CAT.obj
 0001:00000f3b       ?InitNew@?$IPersistStreamInitImpl@VCOPOSCAT@@@ATL@@UAGJXZ 10001f3b f i CAT.obj
 0001:00000f58       ?OnMnemonic@?$IOleControlImpl@VCOPOSCAT@@@ATL@@UAGJPAUtagMSG@@@Z 10001f58 f i CAT.obj
 0001:00000f58       ?Unfreeze@?$IViewObjectExImpl@VCOPOSCAT@@@ATL@@UAGJK@Z 10001f58 f i CAT.obj
 0001:00000f58       ?SODataDummy@COPOSCAT@@MAGJJ@Z 10001f58 f i CAT.obj
 0001:00000f58       ?ContextSensitiveHelp@?$IOleInPlaceObjectWindowlessImpl@VCOPOSCAT@@@ATL@@UAGJH@Z 10001f58 f i CAT.obj
 0001:00000f58       ?GetDropTarget@?$IOleInPlaceObjectWindowlessImpl@VCOPOSCAT@@@ATL@@UAGJPAPAUIDropTarget@@@Z 10001f58 f i CAT.obj
 0001:00000f58       ?GetControlInfo@?$IOleControlImpl@VCOPOSCAT@@@ATL@@UAGJPAUtagCONTROLINFO@@@Z 10001f58 f i CAT.obj
 0001:00000f58       ?ContextSensitiveHelp@?$IOleInPlaceActiveObjectImpl@VCOPOSCAT@@@ATL@@UAGJH@Z 10001f58 f i CAT.obj
 0001:00000f58       ?QueryGetData@?$IDataObjectImpl@VCOPOSCAT@@@ATL@@UAGJPAUtagFORMATETC@@@Z 10001f58 f i CAT.obj
 0001:00000f58       ?SetColorScheme@?$IOleObjectImpl@VCOPOSCAT@@@ATL@@UAGJPAUtagLOGPALETTE@@@Z 10001f58 f i CAT.obj
 0001:00000f60       ?EnableModeless@?$IOleInPlaceActiveObjectImpl@VCOPOSCAT@@@ATL@@UAGJH@Z 10001f60 f i CAT.obj
 0001:00000f60       ?SaveCompleted@?$IPersistStorageImpl@VCOPOSCAT@@@ATL@@UAGJPAUIStorage@@@Z 10001f60 f i CAT.obj
 0001:00000f60       ?OnAmbientPropertyChange@?$IOleControlImpl@VCOPOSCAT@@@ATL@@UAGJJ@Z 10001f60 f i CAT.obj
 0001:00000f60       ?OnFrameWindowActivate@?$IOleInPlaceActiveObjectImpl@VCOPOSCAT@@@ATL@@UAGJH@Z 10001f60 f i CAT.obj
 0001:00000f65       ?SetClientSite@?$IOleObjectImpl@VCOPOSCAT@@@ATL@@UAGJPAUIOleClientSite@@@Z 10001f65 f i CAT.obj
 0001:00000f82       ?GetClientSite@?$IOleObjectImpl@VCOPOSCAT@@@ATL@@UAGJPAPAUIOleClientSite@@@Z 10001f82 f i CAT.obj
 0001:00000f9f       ?SetHostNames@?$IOleObjectImpl@VCOPOSCAT@@@ATL@@UAGJPB_W0@Z 10001f9f f i CAT.obj
 0001:00000fa4       ?Close@?$IOleObjectImpl@VCOPOSCAT@@@ATL@@UAGJK@Z 10001fa4 f i CAT.obj
 0001:00000fc1       ?GetCanonicalFormatEtc@?$IDataObjectImpl@VCOPOSCAT@@@ATL@@UAGJPAUtagFORMATETC@@0@Z 10001fc1 f i CAT.obj
 0001:00000fc1       ?GetRect@?$IViewObjectExImpl@VCOPOSCAT@@@ATL@@UAGJKPAU_RECTL@@@Z 10001fc1 f i CAT.obj
 0001:00000fc1       ?GetClipboardData@?$IOleObjectImpl@VCOPOSCAT@@@ATL@@UAGJKPAPAUIDataObject@@@Z 10001fc1 f i CAT.obj
 0001:00000fc1       ?EnumFormatEtc@?$IDataObjectImpl@VCOPOSCAT@@@ATL@@UAGJKPAPAUIEnumFORMATETC@@@Z 10001fc1 f i CAT.obj
 0001:00000fc1       ?GetDataHere@?$IDataObjectImpl@VCOPOSCAT@@@ATL@@UAGJPAUtagFORMATETC@@PAUtagSTGMEDIUM@@@Z 10001fc1 f i CAT.obj
 0001:00000fc1       ?QueryInterface@CRegObject@ATL@@UAGJABU_GUID@@PAPAX@Z 10001fc1 f i CAT.obj
 0001:00000fc1       ?SetMoniker@?$IOleObjectImpl@VCOPOSCAT@@@ATL@@UAGJKPAUIMoniker@@@Z 10001fc1 f i CAT.obj
 0001:00000fc9       ?GetMoniker@?$IOleObjectImpl@VCOPOSCAT@@@ATL@@UAGJKKPAPAUIMoniker@@@Z 10001fc9 f i CAT.obj
 0001:00000fc9       ?InitFromData@?$IOleObjectImpl@VCOPOSCAT@@@ATL@@UAGJPAUIDataObject@@HK@Z 10001fc9 f i CAT.obj
 0001:00000fc9       ?SetData@?$IDataObjectImpl@VCOPOSCAT@@@ATL@@UAGJPAUtagFORMATETC@@PAUtagSTGMEDIUM@@H@Z 10001fc9 f i CAT.obj
 0001:00000fd1       ?DoVerb@?$IOleObjectImpl@VCOPOSCAT@@@ATL@@UAGJJPAUtagMSG@@PAUIOleClientSite@@JPAUHWND__@@PBUtagRECT@@@Z 10001fd1 f i CAT.obj
 0001:000010c5       ?EnumVerbs@?$IOleObjectImpl@VCOPOSCAT@@@ATL@@UAGJPAPAUIEnumOLEVERB@@@Z 100020c5 f i CAT.obj
 0001:000010e7       ?HandsOffStorage@?$IPersistStorageImpl@VCOPOSCAT@@@ATL@@UAGJXZ 100020e7 f i CAT.obj
 0001:000010e7       ?Release@CRegObject@ATL@@UAGKXZ 100020e7 f i CAT.obj
 0001:000010e7       ?IsUpToDate@?$IOleObjectImpl@VCOPOSCAT@@@ATL@@UAGJXZ 100020e7 f i CAT.obj
 0001:000010e7       ?Update@?$IOleObjectImpl@VCOPOSCAT@@@ATL@@UAGJXZ 100020e7 f i CAT.obj
 0001:000010ec       ?GetUserType@?$IOleObjectImpl@VCOPOSCAT@@@ATL@@UAGJKPAPA_W@Z 100020ec f i CAT.obj
 0001:00001104       ?SetExtent@?$IOleObjectImpl@VCOPOSCAT@@@ATL@@UAGJKPAUtagSIZE@@@Z 10002104 f i CAT.obj
 0001:00001124       ?GetExtent@?$IOleObjectImpl@VCOPOSCAT@@@ATL@@UAGJKPAUtagSIZE@@@Z 10002124 f i CAT.obj
 0001:00001162       ?Advise@?$IOleObjectImpl@VCOPOSCAT@@@ATL@@UAGJPAUIAdviseSink@@PAK@Z 10002162 f i CAT.obj
 0001:00001182       ?Unadvise@?$IOleObjectImpl@VCOPOSCAT@@@ATL@@UAGJK@Z 10002182 f i CAT.obj
 0001:000011b1       ?EnumAdvise@?$IOleObjectImpl@VCOPOSCAT@@@ATL@@UAGJPAPAUIEnumSTATDATA@@@Z 100021b1 f i CAT.obj
 0001:000011f1       ?GetMiscStatus@?$IOleObjectImpl@VCOPOSCAT@@@ATL@@UAGJKPAK@Z 100021f1 f i CAT.obj
 0001:00001209       ?GetWindow@?$IOleInPlaceActiveObjectImpl@VCOPOSCAT@@@ATL@@UAGJPAPAUHWND__@@@Z 10002209 f i CAT.obj
 0001:00001256       ?TranslateAcceleratorW@?$IOleInPlaceActiveObjectImpl@VCOPOSCAT@@@ATL@@UAGJPAUtagMSG@@@Z 10002256 f i CAT.obj
 0001:00001304       ?OnDocWindowActivate@?$IOleInPlaceActiveObjectImpl@VCOPOSCAT@@@ATL@@UAGJH@Z 10002304 f i CAT.obj
 0001:00001326       ?ResizeBorder@?$IOleInPlaceActiveObjectImpl@VCOPOSCAT@@@ATL@@UAGJPBUtagRECT@@PAUIOleInPlaceUIWindow@@H@Z 10002326 f i CAT.obj
 0001:0000132b       ?Draw@?$IViewObjectExImpl@VCOPOSCAT@@@ATL@@UAGJKJPAXPAUtagDVTARGETDEVICE@@PAUHDC__@@2PBU_RECTL@@3P6GHK@ZK@Z 1000232b f i CAT.obj
 0001:0000135d       ?GetColorSet@?$IViewObjectExImpl@VCOPOSCAT@@@ATL@@UAGJKJPAXPAUtagDVTARGETDEVICE@@PAUHDC__@@PAPAUtagLOGPALETTE@@@Z 1000235d f i CAT.obj
 0001:00001365       ?Freeze@?$IViewObjectExImpl@VCOPOSCAT@@@ATL@@UAGJKJPAXPAK@Z 10002365 f i CAT.obj
 0001:0000136d       ?SetAdvise@?$IViewObjectExImpl@VCOPOSCAT@@@ATL@@UAGJKKPAUIAdviseSink@@@Z 1000236d f i CAT.obj
 0001:0000138c       ?GetAdvise@?$IViewObjectExImpl@VCOPOSCAT@@@ATL@@UAGJPAK0PAPAUIAdviseSink@@@Z 1000238c f i CAT.obj
 0001:000013c1       ?GetExtent@?$IViewObjectExImpl@VCOPOSCAT@@@ATL@@UAGJKJPAUtagDVTARGETDEVICE@@PAUtagSIZE@@@Z 100023c1 f i CAT.obj
 0001:000013f2       ?GetViewStatus@?$IViewObjectExImpl@VCOPOSCAT@@@ATL@@UAGJPAK@Z 100023f2 f i CAT.obj
 0001:0000140f       ?QueryHitPoint@?$IViewObjectExImpl@VCOPOSCAT@@@ATL@@UAGJKPBUtagRECT@@UtagPOINT@@JPAK@Z 1000240f f i CAT.obj
 0001:00001450       ?QueryHitRect@?$IViewObjectExImpl@VCOPOSCAT@@@ATL@@UAGJKPBUtagRECT@@0JPAK@Z 10002450 f i CAT.obj
 0001:000014ab       ?GetNaturalExtent@?$IViewObjectExImpl@VCOPOSCAT@@@ATL@@UAGJKJPAUtagDVTARGETDEVICE@@PAUHDC__@@PAUtagExtentInfo@@PAUtagSIZE@@@Z 100024ab f i CAT.obj
 0001:000014f6       ?GetWindow@?$IOleInPlaceObjectWindowlessImpl@VCOPOSCAT@@@ATL@@UAGJPAPAUHWND__@@@Z 100024f6 f i CAT.obj
 0001:00001543       ?InPlaceDeactivate@?$IOleInPlaceObjectWindowlessImpl@VCOPOSCAT@@@ATL@@UAGJXZ 10002543 f i CAT.obj
 0001:0000155d       ?UIDeactivate@?$IOleInPlaceObjectWindowlessImpl@VCOPOSCAT@@@ATL@@UAGJXZ 1000255d f i CAT.obj
 0001:00001577       ?SetObjectRects@?$IOleInPlaceObjectWindowlessImpl@VCOPOSCAT@@@ATL@@UAGJPBUtagRECT@@0@Z 10002577 f i CAT.obj
 0001:00001597       ?ReactivateAndUndo@?$IOleInPlaceObjectWindowlessImpl@VCOPOSCAT@@@ATL@@UAGJXZ 10002597 f i CAT.obj
 0001:0000159f       ?OnWindowMessage@?$IOleInPlaceObjectWindowlessImpl@VCOPOSCAT@@@ATL@@UAGJIIJPAJ@Z 1000259f f i CAT.obj
 0001:0000160f       ?EnumConnectionPoints@?$IConnectionPointContainerImpl@VCOPOSCAT@@@ATL@@UAGJPAPAUIEnumConnectionPoints@@@Z 1000260f f i CAT.obj
 0001:0000179b       ?FindConnectionPoint@?$IConnectionPointContainerImpl@VCOPOSCAT@@@ATL@@UAGJABU_GUID@@PAPAUIConnectionPoint@@@Z 1000279b f i CAT.obj
 0001:0000183e       ?IsDirty@?$IPersistStorageImpl@VCOPOSCAT@@@ATL@@UAGJXZ 1000283e f i CAT.obj
 0001:0000186e       ?InitNew@?$IPersistStorageImpl@VCOPOSCAT@@@ATL@@UAGJPAUIStorage@@@Z 1000286e f i CAT.obj
 0001:0000189e       ?Load@?$IPersistStorageImpl@VCOPOSCAT@@@ATL@@UAGJPAUIStorage@@@Z 1000289e f i CAT.obj
 0001:0000190a       ?Save@?$IPersistStorageImpl@VCOPOSCAT@@@ATL@@UAGJPAUIStorage@@H@Z 1000290a f i CAT.obj
 0001:0000197d       ?GetPages@?$ISpecifyPropertyPagesImpl@VCOPOSCAT@@@ATL@@UAGJPAUtagCAUUID@@@Z 1000297d f i CAT.obj
 0001:00001994       ?QuickActivate@?$IQuickActivateImpl@VCOPOSCAT@@@ATL@@UAGJPAUtagQACONTAINER@@PAUtagQACONTROL@@@Z 10002994 f i CAT.obj
 0001:000019b7       ?SetContentExtent@?$IQuickActivateImpl@VCOPOSCAT@@@ATL@@UAGJPAUtagSIZE@@@Z 100029b7 f i CAT.obj
 0001:000019e3       ?GetContentExtent@?$IQuickActivateImpl@VCOPOSCAT@@@ATL@@UAGJPAUtagSIZE@@@Z 100029e3 f i CAT.obj
 0001:00001a1d       ?GetData@?$IDataObjectImpl@VCOPOSCAT@@@ATL@@UAGJPAUtagFORMATETC@@PAUtagSTGMEDIUM@@@Z 10002a1d f i CAT.obj
 0001:00001a40       ?DAdvise@?$IDataObjectImpl@VCOPOSCAT@@@ATL@@UAGJPAUtagFORMATETC@@KPAUIAdviseSink@@PAK@Z 10002a40 f i CAT.obj
 0001:00001a81       ?DUnadvise@?$IDataObjectImpl@VCOPOSCAT@@@ATL@@UAGJK@Z 10002a81 f i CAT.obj
 0001:00001aaf       ?EnumDAdvise@?$IDataObjectImpl@VCOPOSCAT@@@ATL@@UAGJPAPAUIEnumSTATDATA@@@Z 10002aaf f i CAT.obj
 0001:00001aee       ?GetClassInfoW@?$IProvideClassInfo2Impl@$1?CLSID_OPOSCAT@@3U_GUID@@B$1?DIID__IOPOSCATEvents@@3U2@B$1?LIBID_OposCAT_CCO@@3U2@B$00$0A@VCComTypeInfoHolder@ATL@@@ATL@@UAGJPAPAUITypeInfo@@@Z 10002aee f i CAT.obj
 0001:00001b04       ?GetGUID@?$IProvideClassInfo2Impl@$1?CLSID_OPOSCAT@@3U_GUID@@B$1?DIID__IOPOSCATEvents@@3U2@B$1?LIBID_OposCAT_CCO@@3U2@B$00$0A@VCComTypeInfoHolder@ATL@@@ATL@@UAGJKPAU_GUID@@@Z 10002b04 f i CAT.obj
 0001:00001b42       ?FAccessAllowed@?$IObjectSafetyImpl@VCOPOSCAT@@$02@ATL@@MAEHXZ 10002b42 f i CAT.obj
 0001:00001b42       __get_startup_argv_mode    10002b42 f i LIBCMT:argv_mode.obj
 0001:00001b46       ?GetInterfaceSafetyOptions@?$IObjectSafetyImpl@VCOPOSCAT@@$02@ATL@@UAGJABU_GUID@@PAK1@Z 10002b46 f i CAT.obj
 0001:00001bba       ?SetInterfaceSafetyOptions@?$IObjectSafetyImpl@VCOPOSCAT@@$02@ATL@@UAGJABU_GUID@@KK@Z 10002bba f i CAT.obj
 0001:00001c34       ?_LocCPQueryInterface@?$IConnectionPointImpl@VCOPOSCAT@@$1?DIID__IOPOSCATEvents@@3U_GUID@@BVCComDynamicUnkArray@ATL@@@ATL@@UAGJABU_GUID@@PAPAX@Z 10002c34 f i CAT.obj
 0001:00001c34       ?_LocCPQueryInterface@?$IConnectionPointImpl@VCOPOSCAT@@$1?IID_IPropertyNotifySink@@3U_GUID@@BVCComDynamicUnkArray@ATL@@@ATL@@UAGJABU_GUID@@PAPAX@Z 10002c34 f i CAT.obj
 0001:00001c81       ?GetConnectionInterface@?$IConnectionPointImpl@VCOPOSCAT@@$1?IID_IPropertyNotifySink@@3U_GUID@@BVCComDynamicUnkArray@ATL@@@ATL@@UAGJPAU_GUID@@@Z 10002c81 f i CAT.obj
 0001:00001ca5       ?GetConnectionPointContainer@?$IConnectionPointImpl@VCOPOSCAT@@$1?IID_IPropertyNotifySink@@3U_GUID@@BVCComDynamicUnkArray@ATL@@@ATL@@UAGJPAPAUIConnectionPointContainer@@@Z 10002ca5 f i CAT.obj
 0001:00001cc8       ?Advise@?$IConnectionPointImpl@VCOPOSCAT@@$1?IID_IPropertyNotifySink@@3U_GUID@@BVCComDynamicUnkArray@ATL@@@ATL@@UAGJPAUIUnknown@@PAK@Z 10002cc8 f i CAT.obj
 0001:00001cc8       ?Advise@?$IConnectionPointImpl@VCOPOSCAT@@$1?DIID__IOPOSCATEvents@@3U_GUID@@BVCComDynamicUnkArray@ATL@@@ATL@@UAGJPAUIUnknown@@PAK@Z 10002cc8 f i CAT.obj
 0001:00001d68       ?Unadvise@?$IConnectionPointImpl@VCOPOSCAT@@$1?IID_IPropertyNotifySink@@3U_GUID@@BVCComDynamicUnkArray@ATL@@@ATL@@UAGJK@Z 10002d68 f i CAT.obj
 0001:00001d68       ?Unadvise@?$IConnectionPointImpl@VCOPOSCAT@@$1?DIID__IOPOSCATEvents@@3U_GUID@@BVCComDynamicUnkArray@ATL@@@ATL@@UAGJK@Z 10002d68 f i CAT.obj
 0001:00001da8       ?EnumConnections@?$IConnectionPointImpl@VCOPOSCAT@@$1?DIID__IOPOSCATEvents@@3U_GUID@@BVCComDynamicUnkArray@ATL@@@ATL@@UAGJPAPAUIEnumConnections@@@Z 10002da8 f i CAT.obj
 0001:00001da8       ?EnumConnections@?$IConnectionPointImpl@VCOPOSCAT@@$1?IID_IPropertyNotifySink@@3U_GUID@@BVCComDynamicUnkArray@ATL@@@ATL@@UAGJPAPAUIEnumConnections@@@Z 10002da8 f i CAT.obj
 0001:00001ea3       ?GetObjectDescription@?$CComCoClass@VCOPOSCAT@@$1?CLSID_OPOSCAT@@3U_GUID@@B@ATL@@SGPB_WXZ 10002ea3 f i CAT.obj
 0001:00001ea3       ?GetCategoryMap@CComObjectRootBase@ATL@@SAPBU_ATL_CATMAP_ENTRY@2@XZ 10002ea3 f i CAT.obj
 0001:00001ea6       ?GetConnectionInterface@?$IConnectionPointImpl@VCOPOSCAT@@$1?DIID__IOPOSCATEvents@@3U_GUID@@BVCComDynamicUnkArray@ATL@@@ATL@@UAGJPAU_GUID@@@Z 10002ea6 f i CAT.obj
 0001:00001eca       ?GetConnectionPointContainer@?$IConnectionPointImpl@VCOPOSCAT@@$1?DIID__IOPOSCATEvents@@3U_GUID@@BVCComDynamicUnkArray@ATL@@@ATL@@UAGJPAPAUIConnectionPointContainer@@@Z 10002eca f i CAT.obj
 0001:00001eed       ?UpdateRegistry@COPOSCAT@@SGJH@Z 10002eed f i CAT.obj
 0001:00001f05       ?Lock@CAtlModule@ATL@@UAEJXZ 10002f05 f i CAT.obj
 0001:00001f0f       ?ProcessWindowMessage@COPOSCAT@@UAEHPAUHWND__@@IIJAAJK@Z 10002f0f f i CAT.obj
 0001:00001f58       ?Unlock@CAtlModule@ATL@@UAEJXZ 10002f58 f i CAT.obj
 0001:00001f62       ?GetLockCount@CAtlModule@ATL@@UAEJXZ 10002f62 f i CAT.obj
 0001:00001f66       ?GetGITPtr@CAtlModule@ATL@@UAEJPAPAUIGlobalInterfaceTable@@@Z 10002f66 f i CAT.obj
 0001:00001fb2       ?SODirectIO@COPOSCAT@@MAGJJPAJPAPA_W@Z 10002fb2 f i CAT.obj
 0001:00001ffb       ?SOError@COPOSCAT@@MAGJJJJPAJ@Z 10002ffb f i CAT.obj
 0001:00002050       ?SOOutputComplete@COPOSCAT@@MAGJJ@Z 10003050 f i CAT.obj
 0001:00002089       ?SOStatusUpdate@COPOSCAT@@MAGJJ@Z 10003089 f i CAT.obj
 0001:000020c2       ?AddCommonRGSReplacements@?$CAtlModuleT@VCComModule@ATL@@@ATL@@UAEJPAUIRegistrarBase@@@Z 100030c2 f i CAT.obj
 0001:000020dc       ?UpdateRegistryFromResourceD@CComModule@ATL@@UAGJPB_WHPAU_ATL_REGMAP_ENTRY@2@@Z 100030dc f i CAT.obj
 0001:000020dc       ?UpdateRegistryFromResourceD@CComModule@ATL@@UAGJIHPAU_ATL_REGMAP_ENTRY@2@@Z 100030dc f i CAT.obj
 0001:000020e4       ?UpdateRegistryFromResource@CComModule@ATL@@UAGJPB_WHPAU_ATL_REGMAP_ENTRY@2@@Z 100030e4 f i CAT.obj
 0001:000020ed       ?UpdateRegistryFromResource@CComModule@ATL@@UAGJIHPAU_ATL_REGMAP_ENTRY@2@@Z 100030ed f i CAT.obj
 0001:000020f6       ??_ECComModule@ATL@@UAEPAXI@Z 100030f6 f i CAT.obj
 0001:000020f6       ??_GCComModule@ATL@@UAEPAXI@Z 100030f6 f i CAT.obj
 0001:0000211e       ?CreateInstance@?$CComCreator@V?$CComObjectCached@VCComClassFactory@ATL@@@ATL@@@ATL@@SGJPAXABU_GUID@@PAPAX@Z 1000311e f i CAT.obj
 0001:000021be       ?CreateInstance@?$CComCreator2@V?$CComCreator@V?$CComObject@VCOPOSCAT@@@ATL@@@ATL@@V?$CComCreator@V?$CComAggObject@VCOPOSCAT@@@ATL@@@2@@ATL@@SGJPAXABU_GUID@@PAPAX@Z 100031be f i CAT.obj
 0001:000021de       ?AddRef@?$CComObjectCached@VCComClassFactory@ATL@@@ATL@@UAGKXZ 100031de f i CAT.obj
 0001:00002205       ?Release@?$CComObjectCached@VCComClassFactory@ATL@@@ATL@@UAGKXZ 10003205 f i CAT.obj
 0001:0000223b       ?QueryInterface@?$CComObjectCached@VCComClassFactory@ATL@@@ATL@@UAGJABU_GUID@@PAPAX@Z 1000323b f i CAT.obj
 0001:00002255       ??_G?$CComObjectCached@VCComClassFactory@ATL@@@ATL@@UAEPAXI@Z 10003255 f i CAT.obj
 0001:00002255       ??_E?$CComObjectCached@VCComClassFactory@ATL@@@ATL@@UAEPAXI@Z 10003255 f i CAT.obj
 0001:00002277       ?Next@?$CComEnumImpl@UIEnumConnectionPoints@@$1?_GUID_b196b285_bab4_101a_b69c_00aa00341d07@@3U__s_GUID@@BPAUIConnectionPoint@@V?$_CopyInterface@UIConnectionPoint@@@ATL@@@ATL@@UAGJKPAPAUIConnectionPoint@@PAK@Z 10003277 f i CAT.obj
 0001:0000234e       ?Skip@?$CComEnumImpl@UIEnumConnectionPoints@@$1?_GUID_b196b285_bab4_101a_b69c_00aa00341d07@@3U__s_GUID@@BPAUIConnectionPoint@@V?$_CopyInterface@UIConnectionPoint@@@ATL@@@ATL@@UAGJK@Z 1000334e f i CAT.obj
 0001:0000237b       ?Reset@?$CComEnumImpl@UIEnumConnections@@$1?_GUID_b196b287_bab4_101a_b69c_00aa00341d07@@3U__s_GUID@@BUtagCONNECTDATA@@V?$_Copy@UtagCONNECTDATA@@@ATL@@@ATL@@UAGJXZ 1000337b f i CAT.obj
 0001:0000237b       ?Reset@?$CComEnumImpl@UIEnumConnectionPoints@@$1?_GUID_b196b285_bab4_101a_b69c_00aa00341d07@@3U__s_GUID@@BPAUIConnectionPoint@@V?$_CopyInterface@UIConnectionPoint@@@ATL@@@ATL@@UAGJXZ 1000337b f i CAT.obj
 0001:0000238d       ?Clone@?$CComEnumImpl@UIEnumConnectionPoints@@$1?_GUID_b196b285_bab4_101a_b69c_00aa00341d07@@3U__s_GUID@@BPAUIConnectionPoint@@V?$_CopyInterface@UIConnectionPoint@@@ATL@@@ATL@@UAGJPAPAUIEnumConnectionPoints@@@Z 1000338d f i CAT.obj
 0001:0000246e       ?AddRef@?$CComObject@V?$CComEnum@UIEnumConnectionPoints@@$1?_GUID_b196b285_bab4_101a_b69c_00aa00341d07@@3U__s_GUID@@BPAUIConnectionPoint@@V?$_CopyInterface@UIConnectionPoint@@@ATL@@VCComSingleThreadModel@6@@ATL@@@ATL@@UAGKXZ 1000346e f i CAT.obj
 0001:0000246e       ?AddRef@?$CComObject@V?$CComEnum@UIEnumConnections@@$1?_GUID_b196b287_bab4_101a_b69c_00aa00341d07@@3U__s_GUID@@BUtagCONNECTDATA@@V?$_Copy@UtagCONNECTDATA@@@ATL@@VCComSingleThreadModel@6@@ATL@@@ATL@@UAGKXZ 1000346e f i CAT.obj
 0001:0000247f       ?Release@?$CComObject@V?$CComEnum@UIEnumConnectionPoints@@$1?_GUID_b196b285_bab4_101a_b69c_00aa00341d07@@3U__s_GUID@@BPAUIConnectionPoint@@V?$_CopyInterface@UIConnectionPoint@@@ATL@@VCComSingleThreadModel@6@@ATL@@@ATL@@UAGKXZ 1000347f f i CAT.obj
 0001:0000247f       ?Release@?$CComObject@V?$CComEnum@UIEnumConnections@@$1?_GUID_b196b287_bab4_101a_b69c_00aa00341d07@@3U__s_GUID@@BUtagCONNECTDATA@@V?$_Copy@UtagCONNECTDATA@@@ATL@@VCComSingleThreadModel@6@@ATL@@@ATL@@UAGKXZ 1000347f f i CAT.obj
 0001:000024bb       ?QueryInterface@?$CComObject@V?$CComEnum@UIEnumConnectionPoints@@$1?_GUID_b196b285_bab4_101a_b69c_00aa00341d07@@3U__s_GUID@@BPAUIConnectionPoint@@V?$_CopyInterface@UIConnectionPoint@@@ATL@@VCComSingleThreadModel@6@@ATL@@@ATL@@UAGJABU_GUID@@PAPAX@Z 100034bb f i CAT.obj
 0001:000024d5       ??_E?$CComObject@V?$CComEnum@UIEnumConnectionPoints@@$1?_GUID_b196b285_bab4_101a_b69c_00aa00341d07@@3U__s_GUID@@BPAUIConnectionPoint@@V?$_CopyInterface@UIConnectionPoint@@@ATL@@VCComSingleThreadModel@6@@ATL@@@ATL@@UAEPAXI@Z 100034d5 f i CAT.obj
 0001:000024d5       ??_G?$CComObject@V?$CComEnum@UIEnumConnectionPoints@@$1?_GUID_b196b285_bab4_101a_b69c_00aa00341d07@@3U__s_GUID@@BPAUIConnectionPoint@@V?$_CopyInterface@UIConnectionPoint@@@ATL@@VCComSingleThreadModel@6@@ATL@@@ATL@@UAEPAXI@Z 100034d5 f i CAT.obj
 0001:000024f7       ?AddRef@CRegObject@ATL@@UAGKXZ 100034f7 f i CAT.obj
 0001:000024fd       ?AddReplacement@CRegObject@ATL@@UAGJPB_W0@Z 100034fd f i CAT.obj
 0001:00002536       ?ClearReplacements@CRegObject@ATL@@UAGJXZ 10003536 f i CAT.obj
 0001:00002548       ??_GCRegObject@ATL@@UAEPAXI@Z 10003548 f i CAT.obj
 0001:00002548       ??_ECRegObject@ATL@@UAEPAXI@Z 10003548 f i CAT.obj
 0001:0000256a       ?AddRef@?$CComAggObject@VCOPOSCAT@@@ATL@@UAGKXZ 1000356a f i CAT.obj
 0001:0000257b       ?Release@?$CComAggObject@VCOPOSCAT@@@ATL@@UAGKXZ 1000357b f i CAT.obj
 0001:000025b7       ?QueryInterface@?$CComAggObject@VCOPOSCAT@@@ATL@@UAGJABU_GUID@@PAPAX@Z 100035b7 f i CAT.obj
 0001:00002606       ?AddRef@?$CComContainedObject@VCOPOSCAT@@@ATL@@UAGKXZ 10003606 f i CAT.obj
 0001:0000261c       ?Release@?$CComContainedObject@VCOPOSCAT@@@ATL@@UAGKXZ 1000361c f i CAT.obj
 0001:00002632       ?QueryInterface@?$CComContainedObject@VCOPOSCAT@@@ATL@@UAGJABU_GUID@@PAPAX@Z 10003632 f i CAT.obj
 0001:0000264d       ??_G?$CComAggObject@VCOPOSCAT@@@ATL@@UAEPAXI@Z 1000364d f i CAT.obj
 0001:0000264d       ??_E?$CComAggObject@VCOPOSCAT@@@ATL@@UAEPAXI@Z 1000364d f i CAT.obj
 0001:00002672       ?AddRef@?$CComObject@VCOPOSCAT@@@ATL@@UAGKXZ 10003672 f i CAT.obj
 0001:00002689       ?Release@?$CComObject@VCOPOSCAT@@@ATL@@UAGKXZ 10003689 f i CAT.obj
 0001:000026cb       ?QueryInterface@?$CComObject@VCOPOSCAT@@@ATL@@UAGJABU_GUID@@PAPAX@Z 100036cb f i CAT.obj
 0001:000026e5       ?OnDrawAdvanced@CComControlBase@ATL@@UAEJAAUATL_DRAWINFO@@@Z 100036e5 f i CAT.obj
 0001:000027d8       ?Next@?$CComEnumImpl@UIEnumConnections@@$1?_GUID_b196b287_bab4_101a_b69c_00aa00341d07@@3U__s_GUID@@BUtagCONNECTDATA@@V?$_Copy@UtagCONNECTDATA@@@ATL@@@ATL@@UAGJKPAUtagCONNECTDATA@@PAK@Z 100037d8 f i CAT.obj
 0001:000028af       ?Skip@?$CComEnumImpl@UIEnumConnections@@$1?_GUID_b196b287_bab4_101a_b69c_00aa00341d07@@3U__s_GUID@@BUtagCONNECTDATA@@V?$_Copy@UtagCONNECTDATA@@@ATL@@@ATL@@UAGJK@Z 100038af f i CAT.obj
 0001:000028dc       ?Clone@?$CComEnumImpl@UIEnumConnections@@$1?_GUID_b196b287_bab4_101a_b69c_00aa00341d07@@3U__s_GUID@@BUtagCONNECTDATA@@V?$_Copy@UtagCONNECTDATA@@@ATL@@@ATL@@UAGJPAPAUIEnumConnections@@@Z 100038dc f i CAT.obj
 0001:000029bd       ?QueryInterface@?$CComObject@V?$CComEnum@UIEnumConnections@@$1?_GUID_b196b287_bab4_101a_b69c_00aa00341d07@@3U__s_GUID@@BUtagCONNECTDATA@@V?$_Copy@UtagCONNECTDATA@@@ATL@@VCComSingleThreadModel@6@@ATL@@@ATL@@UAGJABU_GUID@@PAPAX@Z 100039bd f i CAT.obj
 0001:000029d7       ??_E?$CComObject@V?$CComEnum@UIEnumConnections@@$1?_GUID_b196b287_bab4_101a_b69c_00aa00341d07@@3U__s_GUID@@BUtagCONNECTDATA@@V?$_Copy@UtagCONNECTDATA@@@ATL@@VCComSingleThreadModel@6@@ATL@@@ATL@@UAEPAXI@Z 100039d7 f i CAT.obj
 0001:000029d7       ??_G?$CComObject@V?$CComEnum@UIEnumConnections@@$1?_GUID_b196b287_bab4_101a_b69c_00aa00341d07@@3U__s_GUID@@BUtagCONNECTDATA@@V?$_Copy@UtagCONNECTDATA@@@ATL@@VCComSingleThreadModel@6@@ATL@@@ATL@@UAEPAXI@Z 100039d7 f i CAT.obj
 0001:000029f9       ??$?4UITypeInfo2@@@?$CComPtr@UITypeInfo@@@ATL@@QAEPAUITypeInfo@@ABV?$CComPtr@UITypeInfo2@@@1@@Z 100039f9 f i CAT.obj
 0001:00002a26       ??$AtlAdd@K@ATL@@YAJPAKKK@Z 10003a26 f i CAT.obj
 0001:00002a49       ??$AtlAdd@_K@ATL@@YAJPA_K_K1@Z 10003a49 f i CAT.obj
 0001:00002a81       ??$AtlAddThrow@K@ATL@@YAKKK@Z 10003a81 f i CAT.obj
 0001:00002aa7       ??$AtlModuleRegisterWndClassInfoT@VAtlModuleRegisterWndClassInfoParamW@ATL@@@ATL@@YAGPAU_ATL_BASE_MODULE70@0@PAU_ATL_WIN_MODULE70@0@PAU_ATL_WNDCLASSINFOW@0@PAP6GJPAUHWND__@@IIJ@ZVAtlModuleRegisterWndClassInfoParamW@0@@Z 10003aa7 f i CAT.obj
 0001:00002bf5       ??$AtlMultiply@H@ATL@@YAJPAHHH@Z 10003bf5 f i CAT.obj
 0001:00002c2d       ??$AtlMultiply@I@ATL@@YAJPAIII@Z 10003c2d f i CAT.obj
 0001:00002c2d       ??$AtlMultiply@K@ATL@@YAJPAKKK@Z 10003c2d f i CAT.obj
 0001:00002c4f       ??$AtlMultiplyThrow@I@ATL@@YAIII@Z 10003c4f f i CAT.obj
 0001:00002c75       ??0?$CComAggObject@VCOPOSCAT@@@ATL@@QAE@PAX@Z 10003c75 f i CAT.obj
 0001:00002ca2       ??0?$CComContainedObject@VCOPOSCAT@@@ATL@@QAE@PAX@Z 10003ca2 f i CAT.obj
 0001:00002d5b       ??0?$CComObject@V?$CComEnum@UIEnumConnectionPoints@@$1?_GUID_b196b285_bab4_101a_b69c_00aa00341d07@@3U__s_GUID@@BPAUIConnectionPoint@@V?$_CopyInterface@UIConnectionPoint@@@ATL@@VCComSingleThreadModel@6@@ATL@@@ATL@@QAE@PAX@Z 10003d5b f i CAT.obj
 0001:00002d89       ??0?$CComObject@V?$CComEnum@UIEnumConnections@@$1?_GUID_b196b287_bab4_101a_b69c_00aa00341d07@@3U__s_GUID@@BUtagCONNECTDATA@@V?$_Copy@UtagCONNECTDATA@@@ATL@@VCComSingleThreadModel@6@@ATL@@@ATL@@QAE@PAX@Z 10003d89 f i CAT.obj
 0001:00002db7       ??0?$CComObject@VCOPOSCAT@@@ATL@@QAE@PAX@Z 10003db7 f i CAT.obj
 0001:00002e6e       ??0?$CComQIPtr@UIOleControlSite@@$1?_GUID_b196b289_bab4_101a_b69c_00aa00341d07@@3U__s_GUID@@B@ATL@@QAE@PAUIUnknown@@@Z 10003e6e f i CAT.obj
 0001:00002e97       ??0CAtlModule@ATL@@QAE@XZ  10003e97 f i CAT.obj
 0001:00002ed8       ??0CParseBuffer@CRegParser@ATL@@QAE@H@Z 10003ed8 f i CAT.obj
 0001:00002f0e       ??0_ATL_MSG@ATL@@QAE@PAUHWND__@@IIJH@Z 10003f0e f i CAT.obj
 0001:00002f46       ??1?$CComAggObject@VCOPOSCAT@@@ATL@@UAE@XZ 10003f46 f i CAT.obj
 0001:00002f6a       ??1?$CComEnumImpl@UIEnumConnectionPoints@@$1?_GUID_b196b285_bab4_101a_b69c_00aa00341d07@@3U__s_GUID@@BPAUIConnectionPoint@@V?$_CopyInterface@UIConnectionPoint@@@ATL@@@ATL@@UAE@XZ 10003f6a f i CAT.obj
 0001:00002faa       ??1?$CComEnumImpl@UIEnumConnections@@$1?_GUID_b196b287_bab4_101a_b69c_00aa00341d07@@3U__s_GUID@@BUtagCONNECTDATA@@V?$_Copy@UtagCONNECTDATA@@@ATL@@@ATL@@UAE@XZ 10003faa f i CAT.obj
 0001:00002fea       ??1?$CComObject@V?$CComEnum@UIEnumConnectionPoints@@$1?_GUID_b196b285_bab4_101a_b69c_00aa00341d07@@3U__s_GUID@@BPAUIConnectionPoint@@V?$_CopyInterface@UIConnectionPoint@@@ATL@@VCComSingleThreadModel@6@@ATL@@@ATL@@UAE@XZ 10003fea f i CAT.obj
 0001:0000300d       ??1?$CComObject@V?$CComEnum@UIEnumConnections@@$1?_GUID_b196b287_bab4_101a_b69c_00aa00341d07@@3U__s_GUID@@BUtagCONNECTDATA@@V?$_Copy@UtagCONNECTDATA@@@ATL@@VCComSingleThreadModel@6@@ATL@@@ATL@@UAE@XZ 1000400d f i CAT.obj
 0001:00003030       ??1?$CComObject@VCOPOSCAT@@@ATL@@UAE@XZ 10004030 f i CAT.obj
 0001:000030ee       ??1?$CComObjectCached@VCComClassFactory@ATL@@@ATL@@UAE@XZ 100040ee f i CAT.obj
 0001:00003104       ??1?$CComObjectRootEx@VCComMultiThreadModel@ATL@@@ATL@@QAE@XZ 10004104 f i CAT.obj
 0001:00003119       ??1CRegObject@ATL@@UAE@XZ  10004119 f i CAT.obj
 0001:00003139       ??4?$CComPtr@UIOleClientSite@@@ATL@@QAEPAUIOleClientSite@@PAU2@@Z 10004139 f i CAT.obj
 0001:00003139       ??4?$CComPtr@UIUnknown@@@ATL@@QAEPAUIUnknown@@PAU2@@Z 10004139 f i CAT.obj
 0001:00003139       ??4?$CComPtr@UIAdviseSink@@@ATL@@QAEPAUIAdviseSink@@PAU2@@Z 10004139 f i CAT.obj
 0001:0000316d       ??_E?$CComContainedObject@VCOPOSCAT@@@ATL@@UAEPAXI@Z 1000416d f i CAT.obj
 0001:0000316d       ??_G?$CComContainedObject@VCOPOSCAT@@@ATL@@UAEPAXI@Z 1000416d f i CAT.obj
 0001:00003192       ??_E?$CComObject@VCOPOSCAT@@@ATL@@UAEPAXI@Z 10004192 f i CAT.obj
 0001:00003192       ??_G?$CComObject@VCOPOSCAT@@@ATL@@UAEPAXI@Z 10004192 f i CAT.obj
 0001:000031b7       ?Add@?$CSimpleArray@GV?$CSimpleArrayEqualHelper@G@ATL@@@ATL@@QAEHABG@Z 100041b7 f i CAT.obj
 0001:0000323b       ?Add@?$CSimpleMap@PA_WPA_WVCExpansionVectorEqualHelper@ATL@@@ATL@@QAEHABQA_W0@Z 1000423b f i CAT.obj
 0001:00003290       ?Add@CComDynamicUnkArray@ATL@@QAEKPAUIUnknown@@@Z 10004290 f i CAT.obj
 0001:00003346       ?Add@CExpansionVector@ATL@@QAEHPB_W0@Z 10004346 f i CAT.obj
 0001:0000344f       ?AddString@CParseBuffer@CRegParser@ATL@@QAEHPB_W@Z 1000444f f i CAT.obj
 0001:00003484       ?AddTermFunc@CAtlModule@ATL@@QAEJP6GXK@ZK@Z 10004484 f i CAT.obj
 0001:000034e7       ?AddValue@CRegParser@ATL@@IAEJAAVCRegKey@2@PB_WPA_W@Z 100044e7 f i CAT.obj
 0001:00003801       ?Allocate@?$CAtlSafeAllocBufferManager@VCCRTAllocator@ATL@@@_ATL_SAFE_ALLOCA_IMPL@ATL@@QAEPAXK@Z 10004801 f i CAT.obj
 0001:0000382e       ?Allocate@?$CTempBuffer@E$0BAA@VCCRTAllocator@ATL@@@ATL@@QAEPAEI@Z 1000482e f i CAT.obj
 0001:0000385d       ?Allocate@?$CTempBuffer@_W$0BAA@VCCRTAllocator@ATL@@@ATL@@QAEPA_WI@Z 1000485d f i CAT.obj
 0001:0000388c       ?Allocate@?$CTempBuffer@_W$0EAA@VCCRTAllocator@ATL@@@ATL@@QAEPA_WI@Z 1000488c f i CAT.obj
 0001:000038bb       ?AllocateHeap@?$CTempBuffer@_W$0EAA@VCCRTAllocator@ATL@@@ATL@@AAEXI@Z 100048bb f i CAT.obj
 0001:000038bb       ?AllocateHeap@?$CTempBuffer@E$0BAA@VCCRTAllocator@ATL@@@ATL@@AAEXI@Z 100048bb f i CAT.obj
 0001:000038bb       ?AllocateHeap@?$CTempBuffer@_W$0BAA@VCCRTAllocator@ATL@@@ATL@@AAEXI@Z 100048bb f i CAT.obj
 0001:000038e0       ?Append@CParseBuffer@CRegParser@ATL@@QAEHPB_WH@Z 100048e0 f i CAT.obj
 0001:0000396e       ?AtlCoTaskMemCAlloc@ATL@@YAPAXKK@Z 1000496e f i CAT.obj
 0001:0000399b       ?AtlCoTaskMemRecalloc@ATL@@YAPAXPAXKK@Z 1000499b f i CAT.obj
 0001:000039cb       ?AtlComModuleGetClassObject@ATL@@YGJPAU_ATL_COM_MODULE70@1@ABU_GUID@@1PAPAX@Z 100049cb f i CAT.obj
 0001:00003abe       ?AtlComModuleRegisterServer@ATL@@YGJPAU_ATL_COM_MODULE70@1@HPBU_GUID@@@Z 10004abe f i CAT.obj
 0001:00003b46       ?AtlComModuleUnregisterServer@ATL@@YGJPAU_ATL_COM_MODULE70@1@HPBU_GUID@@@Z 10004b46 f i CAT.obj
 0001:00003bce       ?AtlComQIPtrAssign2@ATL@@YAXPAPAUIUnknown@@PAU2@ABU_GUID@@@Z 10004bce f i CAT.obj
 0001:00003bfd       ?AtlCreateTargetDC@ATL@@YGPAUHDC__@@PAU2@PAUtagDVTARGETDEVICE@@@Z 10004bfd f i CAT.obj
 0001:00003c66       ?AtlCrtErrorCheck@ATL@@YAHH@Z 10004c66 f i CAT.obj
 0001:00003ca1       ?AtlHiMetricToPixel@ATL@@YGXPBUtagSIZE@@PAU2@@Z 10004ca1 f i CAT.obj
 0001:00003d16       ?AtlHresultFromLastError@ATL@@YAJXZ 10004d16 f i CAT.obj
 0001:00003d2d       ?AtlHresultFromWin32@ATL@@YAJK@Z 10004d2d f i CAT.obj
 0001:00003d42       ?AtlInternalOleLoadFromStream@ATL@@YAJPAUIStream@@ABU_GUID@@PAPAXTClassesAllowedInStream@1@K@Z 10004d42 f i CAT.obj
 0001:00003e60       ?AtlInternalQueryInterface@ATL@@YGJPAXPBU_ATL_INTMAP_ENTRY@1@ABU_GUID@@PAPAX@Z 10004e60 f i CAT.obj
 0001:00003f03       ?AtlLoadTypeLib@ATL@@YGJPAUHINSTANCE__@@PB_WPAPA_WPAPAUITypeLib@@@Z 10004f03 f i CAT.obj
 0001:000040e1       ?AtlRegisterClassCategoriesHelper@ATL@@YGJABU_GUID@@PBU_ATL_CATMAP_ENTRY@1@H@Z 100050e1 f i CAT.obj
 0001:000043dd       ?AtlRegisterTypeLib@ATL@@YGJPAUHINSTANCE__@@PB_W@Z 100053dd f i CAT.obj
 0001:00004565       ?AtlThrowImpl@ATL@@YGXJ@Z  10005565 f i CAT.obj
 0001:00004583       ?AtlUnRegisterTypeLib@ATL@@YGJPAUHINSTANCE__@@PB_W@Z 10005583 f i CAT.obj
 0001:0000462e       ?AtlWinModuleAddCreateWndData@ATL@@YGXPAU_ATL_WIN_MODULE70@1@PAU_AtlCreateWndData@1@PAX@Z 1000562e f i CAT.obj
 0001:00004682       ?AtlWinModuleExtractCreateWndData@ATL@@YGPAXPAU_ATL_WIN_MODULE70@1@@Z 10005682 f i CAT.obj
 0001:000046e5       ?AtlWinModuleRegisterClassExW@ATL@@YGGPAU_ATL_WIN_MODULE70@1@PBUtagWNDCLASSEXW@@@Z 100056e5 f i CAT.obj
 0001:00004724       ?CanForceRemoveKey@CRegParser@ATL@@IAEHPB_W@Z 10005724 f i CAT.obj
 0001:00004753       ?ChToByte@CRegParser@ATL@@KAE_W@Z 10005753 f i CAT.obj
 0001:00004786       ?Cleanup@CComTypeInfoHolder@ATL@@SGXK@Z 10005786 f i CAT.obj
 0001:000047b9       ?ClearReplacements@CExpansionVector@ATL@@QAEJXZ 100057b9 f i CAT.obj
 0001:000047f6       ?Close@CRegKey@ATL@@QAEJXZ 100057f6 f i CAT.obj
 0001:00004810       ?CreateInstance@?$CComCreator@V?$CComAggObject@VCOPOSCAT@@@ATL@@@ATL@@SGJPAXABU_GUID@@PAPAX@Z 10005810 f i CAT.obj
 0001:00004885       ?CreateInstance@?$CComCreator@V?$CComObject@VCOPOSCAT@@@ATL@@@ATL@@SGJPAXABU_GUID@@PAPAX@Z 10005885 f i CAT.obj
 0001:00004905       ?CreateInstance@?$CComObject@V?$CComEnum@UIEnumConnectionPoints@@$1?_GUID_b196b285_bab4_101a_b69c_00aa00341d07@@3U__s_GUID@@BPAUIConnectionPoint@@V?$_CopyInterface@UIConnectionPoint@@@ATL@@VCComSingleThreadModel@6@@ATL@@@ATL@@SGJPAPAV12@@Z 10005905 f i CAT.obj
 0001:0000494f       ?CreateInstance@?$CComObject@V?$CComEnum@UIEnumConnections@@$1?_GUID_b196b287_bab4_101a_b69c_00aa00341d07@@3U__s_GUID@@BUtagCONNECTDATA@@V?$_Copy@UtagCONNECTDATA@@@ATL@@VCComSingleThreadModel@6@@ATL@@@ATL@@SGJPAPAV12@@Z 1000594f f i CAT.obj
 0001:00004999       ?DefaultReflectionHandler@?$CWindowImplRoot@VCWindow@ATL@@@ATL@@SAHPAUHWND__@@IIJAAJ@Z 10005999 f i CAT.obj
 0001:00004a0c       ?DeleteSubKey@CRegKey@ATL@@QAEJPB_W@Z 10005a0c f i CAT.obj
 0001:00004a85       ?DoEvent@COPOSCAT@@IAEXIIJ@Z 10005a85 f i CAT.obj
 0001:00004b05       ?DoVerbHide@?$IOleObjectImpl@VCOPOSCAT@@@ATL@@QAEJPBUtagRECT@@PAUHWND__@@@Z 10005b05 f i CAT.obj
 0001:00004b3b       ?DoVerbInPlaceActivate@?$IOleObjectImpl@VCOPOSCAT@@@ATL@@QAEJPBUtagRECT@@PAUHWND__@@@Z 10005b3b f i CAT.obj
 0001:00004b6e       ?DoVerbPrimary@?$IOleObjectImpl@VCOPOSCAT@@@ATL@@QAEJPBUtagRECT@@PAUHWND__@@@Z 10005b6e f i CAT.obj
 0001:00004bfa       ?DoVerbProperties@CComControlBase@ATL@@QAEJPBUtagRECT@@PAUHWND__@@@Z 10005bfa f i CAT.obj
 0001:00004d79       ?DoVerbUIActivate@?$IOleObjectImpl@VCOPOSCAT@@@ATL@@QAEJPBUtagRECT@@PAUHWND__@@@Z 10005d79 f i CAT.obj
 0001:00004db6       ?DoesVerbActivate@CComControlBase@ATL@@QAEHJ@Z 10005db6 f i CAT.obj
 0001:00004dd7       ?DoesVerbUIActivate@CComControlBase@ATL@@QAEHJ@Z 10005dd7 f i CAT.obj
 0001:00004e0c       ?EndOfVar@CRegParser@ATL@@IAEHXZ 10005e0c f i CAT.obj
 0001:00004e2c       ?EscapeSingleQuote@CAtlModule@ATL@@SAXPA_WIPB_W@Z 10005e2c f i CAT.obj
 0001:00004e7b       ?FindKey@?$CSimpleMap@PA_WPA_WVCExpansionVectorEqualHelper@ATL@@@ATL@@QBEHABQA_W@Z 10005e7b f i CAT.obj
 0001:00004eb2       ?FireTheEvent@?$CProxy_IOPOSEvents@VCOPOSCAT@@@@IAEXPAVOposVariant@@IAAJPB_WJ@Z 10005eb2 f i CAT.obj
 0001:00004f44       ?FireViewChange@CComControlBase@ATL@@QAEJXZ 10005f44 f i CAT.obj
 0001:00004f8d       ?Fire_DirectIOEvent@?$CProxy_IOPOSEvents@VCOPOSCAT@@@@QAEXJPAJPAPA_W@Z 10005f8d f i CAT.obj
 0001:00005079       ?Fire_ErrorEvent@?$CProxy_IOPOSEvents@VCOPOSCAT@@@@QAEXJJJPAJ@Z 10006079 f i CAT.obj
 0001:0000516a       ?Fire_OutputCompleteEvent@?$CProxy_IOPOSEvents@VCOPOSCAT@@@@QAEXJ@Z 1000616a f i CAT.obj
 0001:00005200       ?Fire_StatusUpdateEvent@?$CProxy_IOPOSEvents@VCOPOSCAT@@@@QAEXJ@Z 10006200 f i CAT.obj
 0001:00005296       ?FreeHeap@?$CTempBuffer@_W$0BAA@VCCRTAllocator@ATL@@@ATL@@AAEXXZ 10006296 f i CAT.obj
 0001:00005296       ?FreeHeap@?$CTempBuffer@E$0BAA@VCCRTAllocator@ATL@@@ATL@@AAEXXZ 10006296 f i CAT.obj
 0001:00005296       ?FreeHeap@?$CTempBuffer@_W$0EAA@VCCRTAllocator@ATL@@@ATL@@AAEXXZ 10006296 f i CAT.obj
 0001:0000529f       ?GetAmbientLocaleID@CComControlBase@ATL@@QAEJAAK@Z 1000629f f i CAT.obj
 0001:000052fb       ?GetAmbientUserMode@CComControlBase@ATL@@QAEJAAH@Z 100062fb f i CAT.obj
 0001:0000536b       ?GetAt@CComDynamicUnkArray@ATL@@QAEPAUIUnknown@@H@Z 1000636b f i CAT.obj
 0001:00005387       ?GetClassObject@CComModule@ATL@@QAEJABU_GUID@@0PAPAX@Z 10006387 f i CAT.obj
 0001:00005429       ?GetConnMap@COPOSCAT@@SAPBU_ATL_CONNMAP_ENTRY@ATL@@PAH@Z 10006429 f i CAT.obj
 0001:00005499       ?GetCookie@CComDynamicUnkArray@ATL@@QAGKPAPAUIUnknown@@@Z 10006499 f i CAT.obj
 0001:000054d1       ?GetIDsOfNames@CComTypeInfoHolder@ATL@@QAEJABU_GUID@@PAPA_WIKPAJ@Z 100064d1 f i CAT.obj
 0001:000055f8       ?GetKeyAt@?$CSimpleMap@PA_WPA_WVCExpansionVectorEqualHelper@ATL@@@ATL@@QBEAAPA_WH@Z 100065f8 f i CAT.obj
 0001:0000561d       ?GetPagesHelper@?$ISpecifyPropertyPagesImpl@VCOPOSCAT@@@ATL@@IAEJPAUtagCAUUID@@PBUATL_PROPMAP_ENTRY@2@@Z 1000661d f i CAT.obj
 0001:00005744       ?GetProperty@?$CComPtr@UIDispatch@@@ATL@@SAJPAUIDispatch@@JPAUtagVARIANT@@@Z 10006744 f i CAT.obj
 0001:00005793       ?GetSizeMax@CComVariant@ATL@@QBEJPAT_ULARGE_INTEGER@@@Z 10006793 f i CAT.obj
 0001:00005955       ?GetTI@CComTypeInfoHolder@ATL@@QAEJK@Z 10006955 f i CAT.obj
 0001:00005b34       ?GetTI@CComTypeInfoHolder@ATL@@QAEJKPAPAUITypeInfo@@@Z 10006b34 f i CAT.obj
 0001:00005b76       ?GetUnknown@CComDynamicUnkArray@ATL@@QAGPAUIUnknown@@K@Z 10006b76 f i CAT.obj
 0001:00005b97       ?GetValueAt@?$CSimpleMap@PA_WPA_WVCExpansionVectorEqualHelper@ATL@@@ATL@@QBEAAPA_WH@Z 10006b97 f i CAT.obj
 0001:00005bbd       ?GetZoomInfo@CComControlBase@ATL@@QAEXAAUATL_DRAWINFO@@@Z 10006bbd f i CAT.obj
 0001:00005c50       ?HKeyFromString@CRegParser@ATL@@KAPAUHKEY__@@PA_W@Z 10006c50 f i CAT.obj
 0001:00005c7e       ?HasSubKeys@CRegParser@ATL@@IAEHPAUHKEY__@@@Z 10006c7e f i CAT.obj
 0001:00005cb3       ?IDataObject_GetData@CComControlBase@ATL@@QAEJPAUtagFORMATETC@@PAUtagSTGMEDIUM@@@Z 10006cb3 f i CAT.obj
 0001:00005e59       ?IOleInPlaceObject_InPlaceDeactivate@CComControlBase@ATL@@QAEJXZ 10006e59 f i CAT.obj
 0001:00005ee0       ?IOleInPlaceObject_SetObjectRects@CComControlBase@ATL@@QAEJPBUtagRECT@@0@Z 10006ee0 f i CAT.obj
 0001:00005fad       ?IOleInPlaceObject_UIDeactivate@CComControlBase@ATL@@QAEJXZ 10006fad f i CAT.obj
 0001:0000606f       ?IOleObject_Advise@CComControlBase@ATL@@QAEJPAUIAdviseSink@@PAK@Z 1000706f f i CAT.obj
 0001:00006099       ?IOleObject_Close@CComControlBase@ATL@@QAEJK@Z 10007099 f i CAT.obj
 0001:0000617d       ?IOleObject_GetClientSite@CComControlBase@ATL@@QAEJPAPAUIOleClientSite@@@Z 1000717d f i CAT.obj
 0001:000061a6       ?IOleObject_SetClientSite@CComControlBase@ATL@@QAEJPAUIOleClientSite@@@Z 100071a6 f i CAT.obj
 0001:000061e5       ?IOleObject_SetExtent@CComControlBase@ATL@@QAEJKPAUtagSIZE@@@Z 100071e5 f i CAT.obj
 0001:00006299       ?IPSI_GetIPersistStreamInit@?$IPersistStorageImpl@VCOPOSCAT@@@ATL@@AAEPAUIPersistStreamInit@@XZ 10007299 f i CAT.obj
 0001:00006341       ?IPersistStreamInit_Load@?$IPersistStreamInitImpl@VCOPOSCAT@@@ATL@@QAEJPAUIStream@@PBUATL_PROPMAP_ENTRY@2@@Z 10007341 f i CAT.obj
 0001:000065b6       ?IPersistStreamInit_Save@?$IPersistStreamInitImpl@VCOPOSCAT@@@ATL@@QAEJPAUIStream@@HPBUATL_PROPMAP_ENTRY@2@@Z 100075b6 f i CAT.obj
 0001:000067a4       ?IQuickActivate_QuickActivate@CComControlBase@ATL@@QAEJPAUtagQACONTAINER@@PAUtagQACONTROL@@@Z 100077a4 f i CAT.obj
 0001:000069e6       ?IViewObject_Draw@CComControlBase@ATL@@QAEJKJPAXPAUtagDVTARGETDEVICE@@PAUHDC__@@2PBU_RECTL@@3@Z 100079e6 f i CAT.obj
 0001:00006a8e       ?InPlaceActivate@CComControlBase@ATL@@QAEJJPBUtagRECT@@@Z 10007a8e f i CAT.obj
 0001:00006cff       ?Init@?$CComEnumImpl@UIEnumConnectionPoints@@$1?_GUID_b196b285_bab4_101a_b69c_00aa00341d07@@3U__s_GUID@@BPAUIConnectionPoint@@V?$_CopyInterface@UIConnectionPoint@@@ATL@@@ATL@@QAEJPAPAUIConnectionPoint@@0PAUIUnknown@@W4CComEnumFlags@2@@Z 10007cff f i CAT.obj
 0001:00006dde       ?Init@?$CComEnumImpl@UIEnumConnections@@$1?_GUID_b196b287_bab4_101a_b69c_00aa00341d07@@3U__s_GUID@@BUtagCONNECTDATA@@V?$_Copy@UtagCONNECTDATA@@@ATL@@@ATL@@QAEJPAUtagCONNECTDATA@@0PAUIUnknown@@W4CComEnumFlags@2@@Z 10007dde f i CAT.obj
 0001:00006ebd       ?Init@CComModule@ATL@@QAEJPAU_ATL_OBJMAP_ENTRY30@2@PAUHINSTANCE__@@PBU_GUID@@@Z 10007ebd f i CAT.obj
 0001:00006f1c       ?Init@CDynamicStdCallThunk2@ATL@@QAEHKPAX@Z 10007f1c f i CAT.obj
 0001:00006f47       ?InlineIsEqualUnknown@ATL@@YGHABU_GUID@@@Z 10007f47 f i CAT.obj
 0001:00006f6f       ?InternalSetAtIndex@?$CSimpleMap@PA_WPA_WVCExpansionVectorEqualHelper@ATL@@@ATL@@QAEXHABQA_W0@Z 10007f6f f i CAT.obj
 0001:00006f99       ?Invoke@CComTypeInfoHolder@ATL@@QAEJPAUIDispatch@@JABU_GUID@@KGPAUtagDISPPARAMS@@PAUtagVARIANT@@PAUtagEXCEPINFO@@PAI@Z 10007f99 f i CAT.obj
 0001:00006fdc       ?IsEqualObject@?$CComPtrBase@UITypeInfo@@@ATL@@QAE_NPAUIUnknown@@@Z 10007fdc f i CAT.obj
 0001:00006fdc       ?IsEqualObject@?$CComPtrBase@UIOleClientSite@@@ATL@@QAE_NPAUIUnknown@@@Z 10007fdc f i CAT.obj
 0001:00007049       ?IsSpace@CRegParser@ATL@@IAEH_W@Z 10008049 f i CAT.obj
 0001:00007073       ?LoadNameCache@CComTypeInfoHolder@ATL@@QAEJPAUITypeInfo@@@Z 10008073 f i CAT.obj
 0001:000071a8       ?Lookup@?$CSimpleMap@PA_WPA_WVCExpansionVectorEqualHelper@ATL@@@ATL@@QBEPA_WABQA_W@Z 100081a8 f i CAT.obj
 0001:000071ce       ?NextToken@CRegParser@ATL@@IAEJPA_W@Z 100081ce f i CAT.obj
 0001:00007306       ?OnKillFocus@CComControlBase@ATL@@QAEJIIJAAH@Z 10008306 f i CAT.obj
 0001:00007361       ?OnMouseActivate@CComControlBase@ATL@@QAEJIIJAAH@Z 10008361 f i CAT.obj
 0001:000073cf       ?OnPaint@CComControlBase@ATL@@QAEJIIJAAH@Z 100083cf f i CAT.obj
 0001:00007481       ?OnSetFocus@CComControlBase@ATL@@QAEJIIJAAH@Z 10008481 f i CAT.obj
 0001:0000750a       ?Open@CRegKey@ATL@@QAEJPAUHKEY__@@PB_WK@Z 1000850a f i CAT.obj
 0001:0000755f       ?PreProcessBuffer@CRegParser@ATL@@QAEJPA_WPAPA_W@Z 1000855f f i CAT.obj
 0001:000077ce       ?ProcessWindowMessage@?$CComControl@VCOPOSCAT@@V?$CWindowImpl@VCOPOSCAT@@VCWindow@ATL@@V?$CWinTraits@$0FGAAAAAA@$0A@@3@@ATL@@@ATL@@UAEHPAUHWND__@@IIJAAJK@Z 100087ce f i CAT.obj
 0001:0000786d       ?ReadFromStream@CComBSTR@ATL@@QAEJPAUIStream@@@Z 1000886d f i CAT.obj
 0001:00007990       ?ReadFromStream@CComVariant@ATL@@QAEJPAUIStream@@GTClassesAllowedInStream@2@K@Z 10008990 f i CAT.obj
 0001:00007b1a       ?RecurseDeleteKey@CRegKey@ATL@@QAEJPB_W@Z 10008b1a f i CAT.obj
 0001:00007c08       ?RegCreateKeyExW@CAtlTransactionManager@ATL@@QAEJPAUHKEY__@@PB_WKPA_WKKQAU_SECURITY_ATTRIBUTES@@PAPAU3@PAK@Z 10008c08 f i CAT.obj
 0001:00007c6b       ?RegDeleteKeyW@CAtlTransactionManager@ATL@@QAEJPAUHKEY__@@PB_W@Z 10008c6b f i CAT.obj
 0001:00007cbd       ?RegOpenKeyExW@CAtlTransactionManager@ATL@@QAEJPAUHKEY__@@PB_WKKPAPAU3@@Z 10008cbd f i CAT.obj
 0001:00007d14       ?Register@_ATL_WNDCLASSINFOW@ATL@@QAEGPAP6GJPAUHWND__@@IIJ@Z@Z 10008d14 f i CAT.obj
 0001:00007d34       ?RegisterBuffer@CRegParser@ATL@@QAEJPA_WH@Z 10008d34 f i CAT.obj
 0001:00007e7b       ?RegisterFromResource@CRegObject@ATL@@IAEJPB_W00H@Z 10008e7b f i CAT.obj
 0001:00007fb1       ?RegisterServer@?$CAtlModuleT@VCComModule@ATL@@@ATL@@QAEJHPBU_GUID@@@Z 10008fb1 f i CAT.obj
 0001:00007fdf       ?RegisterServer@CComModule@ATL@@QAEJHPBU_GUID@@@Z 10008fdf f i CAT.obj
 0001:00008055       ?RegisterSubkeys@CRegParser@ATL@@IAEJPA_WPAUHKEY__@@HH@Z 10009055 f i CAT.obj
 0001:00008702       ?Remove@CComDynamicUnkArray@ATL@@QAEHK@Z 10009702 f i CAT.obj
 0001:0000872b       ?RemoveAll@?$CSimpleMap@PA_WPA_WVCExpansionVectorEqualHelper@ATL@@@ATL@@QAEXXZ 1000972b f i CAT.obj
 0001:00008757       ?ResourceRegisterSz@CRegObject@ATL@@QAGJPB_W00@Z 10009757 f i CAT.obj
 0001:00008784       ?ResourceUnregisterSz@CRegObject@ATL@@QAGJPB_W00@Z 10009784 f i CAT.obj
 0001:000087b1       ?SendOnDataChange@CComControlBase@ATL@@QAEJK@Z 100097b1 f i CAT.obj
 0001:000087fe       ?SetControlFocus@CComControlBase@ATL@@QAEHH@Z 100097fe f i CAT.obj
 0001:0000889b       ?SetMultiStringValue@CRegKey@ATL@@QAEJPB_W0@Z 1000989b f i CAT.obj
 0001:000088f7       ?SetStringValue@CRegKey@ATL@@QAEJPB_W0K@Z 100098f7 f i CAT.obj
 0001:00008940       ?SkipAssignment@CRegParser@ATL@@IAEJPA_W@Z 10009940 f i CAT.obj
 0001:000089a5       ?SkipWhiteSpace@CRegParser@ATL@@IAEXXZ 100099a5 f i CAT.obj
 0001:000089c7       ?StrChrW@CRegParser@ATL@@KAPA_WPA_W_W@Z 100099c7 f i CAT.obj
 0001:00008a04       ?Term@CAtlModule@ATL@@QAEXXZ 10009a04 f i CAT.obj
 0001:00008a57       ?Term@CComModule@ATL@@QAEXXZ 10009a57 f i CAT.obj
 0001:00008aaf       ?UnregisterServer@?$CAtlModuleT@VCComModule@ATL@@@ATL@@QAEJHPBU_GUID@@@Z 10009aaf f i CAT.obj
 0001:00008ad5       ?UnregisterServer@CComModule@ATL@@QAEJHPBU_GUID@@@Z 10009ad5 f i CAT.obj
 0001:00008b4b       ?UpdateRegistryFromResource@CAtlModule@ATL@@QAGJIHPAU_ATL_REGMAP_ENTRY@2@@Z 10009b4b f i CAT.obj
 0001:00008d16       ?UpdateRegistryFromResource@CAtlModule@ATL@@QAGJPB_WHPAU_ATL_REGMAP_ENTRY@2@@Z 10009d16 f i CAT.obj
 0001:00008ee7       ?VTFromRegType@CRegParser@ATL@@KAHPB_WAAG@Z 10009ee7 f i CAT.obj
 0001:00008f54       ?WindowProc@?$CWindowImplBaseT@VCWindow@ATL@@V?$CWinTraits@$0FGAAAAAA@$0A@@2@@ATL@@SGJPAUHWND__@@IIJ@Z 10009f54 f i CAT.obj
 0001:00009046       ?WriteToStream@CComBSTR@ATL@@QAEJPAUIStream@@@Z 1000a046 f i CAT.obj
 0001:000090a8       ?WriteToStream@CComVariant@ATL@@QAEJPAUIStream@@@Z 1000a0a8 f i CAT.obj
 0001:00009222       ?WriteToStream@CComVariant@ATL@@QAEJPAUIStream@@G@Z 1000a222 f i CAT.obj
 0001:0000928b       ?_AtlInitialConstruct@?$CComObjectRootEx@VCComMultiThreadModel@ATL@@@ATL@@QAEJXZ 1000a28b f i CAT.obj
 0001:000092a0       ?_AtlVerifyStackAvailable@_ATL_SAFE_ALLOCA_IMPL@ATL@@YA_NK@Z 1000a2a0 f i CAT.obj
 0001:0000931e       ?atlCreate@?$CWindowImpl@VCOPOSCAT@@VCWindow@ATL@@V?$CWinTraits@$0FGAAAAAA@$0A@@3@@ATL@@QAEPAUHWND__@@PAU3@V_U_RECT@2@PB_WKKV_U_MENUorID@2@PAX@Z 1000a31e f i CAT.obj
 0001:00009362       ?atlCreate@?$CWindowImplBaseT@VCWindow@ATL@@V?$CWinTraits@$0FGAAAAAA@$0A@@2@@ATL@@QAEPAUHWND__@@PAU3@V_U_RECT@2@PB_WKKV_U_MENUorID@2@GPAX@Z 1000a362 f i CAT.obj
 0001:000093fe       ?copy@?$_Copy@UtagCONNECTDATA@@@ATL@@SAJPAUtagCONNECTDATA@@PBU3@@Z 1000a3fe f i CAT.obj
 0001:00009434       ?copy@?$_CopyInterface@UIConnectionPoint@@@ATL@@SAJPAPAUIConnectionPoint@@PBQAU3@@Z 1000a434 f i CAT.obj
 0001:00009462       ?memcpy_s@Checked@ATL@@YAXPAXIPBXI@Z 1000a462 f i CAT.obj
 0001:00009481       ?ocscpy_s@@YA_NPA_WIPB_W@Z 1000a481 f i CAT.obj
 0001:000094cb       ?wcscpy_s@Checked@ATL@@YAXPA_WIPB_W@Z 1000a4cb f i CAT.obj
 0001:000094e7       _DllCanUnloadNow@0         1000a4e7 f   CAT.obj
 0001:000094f3       _DllGetClassObject@12      1000a4f3 f   CAT.obj
 0001:00009501       _DllMain@12                1000a501 f   CAT.obj
 0001:00009543       _DllRegisterServer@0       1000a543 f   CAT.obj
 0001:00009552       _DllUnregisterServer@0     1000a552 f   CAT.obj
 0001:00009561       _InlineIsEqualGUID         1000a561 f i CAT.obj
 0001:00009591       ___local_stdio_printf_options 1000a591 f i CAT.obj
 0001:00009597       __vswprintf_s_l            1000a597 f i CAT.obj
 0001:00009644       _swprintf_s                1000a644 f i CAT.obj
 0001:00009660       ??0?$CComControl@VCOPOSCAT@@V?$CWindowImpl@VCOPOSCAT@@VCWindow@ATL@@V?$CWinTraits@$0FGAAAAAA@$0A@@3@@ATL@@@ATL@@QAE@XZ 1000a660 f i CATImpl.obj
 0001:00009687       ??0?$CProxy_IOPOSEvents@VCOPOSCAT@@@@QAE@XZ 1000a687 f i CATImpl.obj
 0001:000096a7       ??0CComControlBase@ATL@@QAE@AAPAUHWND__@@@Z 1000a6a7 f i CATImpl.obj
 0001:000096f1       ??0COPOSCAT@@QAE@XZ        1000a6f1 f   CATImpl.obj
 0001:00009727       ??1?$CComControl@VCOPOSCAT@@V?$CWindowImpl@VCOPOSCAT@@VCWindow@ATL@@V?$CWinTraits@$0FGAAAAAA@$0A@@3@@ATL@@@ATL@@UAE@XZ 1000a727 f i CATImpl.obj
 0001:00009740       ??1?$IConnectionPointImpl@VCOPOSCAT@@$1?IID_IPropertyNotifySink@@3U_GUID@@BVCComDynamicUnkArray@ATL@@@ATL@@QAE@XZ 1000a740 f i CATImpl.obj
 0001:00009740       ??1?$IConnectionPointImpl@VCOPOSCAT@@$1?DIID__IOPOSCATEvents@@3U_GUID@@BVCComDynamicUnkArray@ATL@@@ATL@@QAE@XZ 1000a740 f i CATImpl.obj
 0001:0000977d       ??1CComControlBase@ATL@@UAE@XZ 1000a77d f i CATImpl.obj
 0001:000097e0       ??1COPOSCAT@@UAE@XZ        1000a7e0 f   CATImpl.obj
 0001:00009828       ?AccessDailyLog@COPOSCAT@@UAGJJJJPAJ@Z 1000a828 f   CATImpl.obj
 0001:000098be       ?AuthorizeCompletion@COPOSCAT@@UAGJJTtagCY@@0JPAJ@Z 1000a8be f   CATImpl.obj
 0001:00009965       ?AuthorizePreSales@COPOSCAT@@UAGJJTtagCY@@0JPAJ@Z 1000a965 f   CATImpl.obj
 0001:00009a0c       ?AuthorizeRefund@COPOSCAT@@UAGJJTtagCY@@0JPAJ@Z 1000aa0c f   CATImpl.obj
 0001:00009ab3       ?AuthorizeSales@COPOSCAT@@UAGJJTtagCY@@0JPAJ@Z 1000aab3 f   CATImpl.obj
 0001:00009b5a       ?AuthorizeVoid@COPOSCAT@@UAGJJTtagCY@@0JPAJ@Z 1000ab5a f   CATImpl.obj
 0001:00009c01       ?AuthorizeVoidPreSales@COPOSCAT@@UAGJJTtagCY@@0JPAJ@Z 1000ac01 f   CATImpl.obj
 0001:00009ca8       ?CashDeposit@COPOSCAT@@UAGJJTtagCY@@JPAJ@Z 1000aca8 f   CATImpl.obj
 0001:00009d41       ?CheckCard@COPOSCAT@@UAGJJJPAJ@Z 1000ad41 f   CATImpl.obj
 0001:00009db5       ?CheckHealth@COPOSCAT@@UAGJJPAJ@Z 1000adb5 f   CATImpl.obj
 0001:00009e04       ?ClaimDevice@COPOSCAT@@UAGJJPAJ@Z 1000ae04 f   CATImpl.obj
 0001:00009e79       ?ClearOutput@COPOSCAT@@UAGJPAJ@Z 1000ae79 f   CATImpl.obj
 0001:00009e94       ?Close@COPOSCAT@@UAGJPAJ@Z 1000ae94 f   CATImpl.obj
 0001:00009f02       ?CompareFirmwareVersion@COPOSCAT@@UAGJPA_WPAJ1@Z 1000af02 f   CATImpl.obj
 0001:00009f82       ?DirectIO@COPOSCAT@@UAGJJPAJPAPA_W0@Z 1000af82 f   CATImpl.obj
 0001:0000a030       ?DoInvoke@COPOSCAT@@IAEJJPAVOposVariant@@IHPAJ_N@Z 1000b030 f   CATImpl.obj
 0001:0000a10c       ?EventClose@COPOSCAT@@IAEXXZ 1000b10c f i CATImpl.obj
 0001:0000a13f       ?EventInit@COPOSCAT@@IAEJXZ 1000b13f f i CATImpl.obj
 0001:0000a20b       ?EventUninit@COPOSCAT@@IAEXXZ 1000b20b f i CATImpl.obj
 0001:0000a25d       ?EventWindowProc@COPOSCAT@@IAGJIIJ@Z 1000b25d f i CATImpl.obj
 0001:0000a330       ?FinalConstruct@COPOSCAT@@QAEJXZ 1000b330 f   CATImpl.obj
 0001:0000a369       ?FireEventCleanup@COPOSCAT@@IAEXXZ 1000b369 f i CATImpl.obj
 0001:0000a37f       ?FireEventSetup@COPOSCAT@@IAE_NXZ 1000b37f f i CATImpl.obj
 0001:0000a3b3       ?FreezeEvents@COPOSCAT@@MAGJH@Z 1000b3b3 f   CATImpl.obj
 0001:0000a413       ?GetOposProp@COPOSCAT@@IAEJJPAFJ@Z 1000b413 f   CATImpl.obj
 0001:0000a436       ?GetOposProp@COPOSCAT@@IAEJJPAJJ@Z 1000b436 f   CATImpl.obj
 0001:0000a505       ?GetOposProp@COPOSCAT@@IAEJJPAPA_WJ@Z 1000b505 f   CATImpl.obj
 0001:0000a5e1       ?LockTerminal@COPOSCAT@@UAGJPAJ@Z 1000b5e1 f   CATImpl.obj
 0001:0000a5fc       ?OnDraw@COPOSCAT@@MAEJAAUATL_DRAWINFO@@@Z 1000b5fc f   CATImpl.obj
 0001:0000a69c       ?Open@COPOSCAT@@UAGJPA_WPAJ@Z 1000b69c f   CATImpl.obj
 0001:0000aef0       ?ReleaseDevice@COPOSCAT@@UAGJPAJ@Z 1000bef0 f   CATImpl.obj
 0001:0000af3f       ?ResetStatistics@COPOSCAT@@UAGJPA_WPAJ@Z 1000bf3f f   CATImpl.obj
 0001:0000af96       ?RetrieveStatistics@COPOSCAT@@UAGJPAPA_WPAJ@Z 1000bf96 f   CATImpl.obj
 0001:0000afed       ?SOProcessID@COPOSCAT@@UAGJPAJ@Z 1000bfed f   CATImpl.obj
 0001:0000b001       ?SetCOFreezeEvents@COPOSCAT@@IAEXF@Z 1000c001 f   CATImpl.obj
 0001:0000b0a1       ?SetOposProp@COPOSCAT@@IAEJJJJ@Z 1000c0a1 f   CATImpl.obj
 0001:0000b198       ?SetOposProp@COPOSCAT@@IAEJJPA_WJ@Z 1000c198 f   CATImpl.obj
 0001:0000b299       ?UnlockTerminal@COPOSCAT@@UAGJPAJ@Z 1000c299 f   CATImpl.obj
 0001:0000b2b4       ?UpdateFirmware@COPOSCAT@@UAGJPA_WPAJ@Z 1000c2b4 f   CATImpl.obj
 0001:0000b30b       ?UpdateStatistics@COPOSCAT@@UAGJPA_WPAJ@Z 1000c30b f   CATImpl.obj
 0001:0000b362       ?get_AccountNumber@COPOSCAT@@UAGJPAPA_W@Z 1000c362 f   CATImpl.obj
 0001:0000b37b       ?get_AdditionalSecurityInformation@COPOSCAT@@UAGJPAPA_W@Z 1000c37b f   CATImpl.obj
 0001:0000b394       ?get_ApprovalCode@COPOSCAT@@UAGJPAPA_W@Z 1000c394 f   CATImpl.obj
 0001:0000b3ad       ?get_AsyncMode@COPOSCAT@@UAGJPAF@Z 1000c3ad f   CATImpl.obj
 0001:0000b3c6       ?get_Balance@COPOSCAT@@UAGJPATtagCY@@@Z 1000c3c6 f   CATImpl.obj
 0001:0000b460       ?get_BinaryConversion@COPOSCAT@@UAGJPAJ@Z 1000c460 f   CATImpl.obj
 0001:0000b476       ?get_CapAdditionalSecurityInformation@COPOSCAT@@UAGJPAF@Z 1000c476 f   CATImpl.obj
 0001:0000b48f       ?get_CapAuthorizeCompletion@COPOSCAT@@UAGJPAF@Z 1000c48f f   CATImpl.obj
 0001:0000b4a8       ?get_CapAuthorizePreSales@COPOSCAT@@UAGJPAF@Z 1000c4a8 f   CATImpl.obj
 0001:0000b4c1       ?get_CapAuthorizeRefund@COPOSCAT@@UAGJPAF@Z 1000c4c1 f   CATImpl.obj
 0001:0000b4da       ?get_CapAuthorizeVoid@COPOSCAT@@UAGJPAF@Z 1000c4da f   CATImpl.obj
 0001:0000b4f3       ?get_CapAuthorizeVoidPreSales@COPOSCAT@@UAGJPAF@Z 1000c4f3 f   CATImpl.obj
 0001:0000b50c       ?get_CapCashDeposit@COPOSCAT@@UAGJPAF@Z 1000c50c f   CATImpl.obj
 0001:0000b525       ?get_CapCenterResultCode@COPOSCAT@@UAGJPAF@Z 1000c525 f   CATImpl.obj
 0001:0000b53e       ?get_CapCheckCard@COPOSCAT@@UAGJPAF@Z 1000c53e f   CATImpl.obj
 0001:0000b557       ?get_CapCompareFirmwareVersion@COPOSCAT@@UAGJPAF@Z 1000c557 f   CATImpl.obj
 0001:0000b570       ?get_CapDailyLog@COPOSCAT@@UAGJPAJ@Z 1000c570 f   CATImpl.obj
 0001:0000b589       ?get_CapInstallments@COPOSCAT@@UAGJPAF@Z 1000c589 f   CATImpl.obj
 0001:0000b5a2       ?get_CapLockTerminal@COPOSCAT@@UAGJPAF@Z 1000c5a2 f   CATImpl.obj
 0001:0000b5bb       ?get_CapLogStatus@COPOSCAT@@UAGJPAF@Z 1000c5bb f   CATImpl.obj
 0001:0000b5d4       ?get_CapPaymentDetail@COPOSCAT@@UAGJPAF@Z 1000c5d4 f   CATImpl.obj
 0001:0000b5ed       ?get_CapPowerReporting@COPOSCAT@@UAGJPAJ@Z 1000c5ed f   CATImpl.obj
 0001:0000b606       ?get_CapStatisticsReporting@COPOSCAT@@UAGJPAF@Z 1000c606 f   CATImpl.obj
 0001:0000b61f       ?get_CapTaxOthers@COPOSCAT@@UAGJPAF@Z 1000c61f f   CATImpl.obj
 0001:0000b638       ?get_CapTrainingMode@COPOSCAT@@UAGJPAF@Z 1000c638 f   CATImpl.obj
 0001:0000b651       ?get_CapTransactionNumber@COPOSCAT@@UAGJPAF@Z 1000c651 f   CATImpl.obj
 0001:0000b66a       ?get_CapUnlockTerminal@COPOSCAT@@UAGJPAF@Z 1000c66a f   CATImpl.obj
 0001:0000b683       ?get_CapUpdateFirmware@COPOSCAT@@UAGJPAF@Z 1000c683 f   CATImpl.obj
 0001:0000b69c       ?get_CapUpdateStatistics@COPOSCAT@@UAGJPAF@Z 1000c69c f   CATImpl.obj
 0001:0000b6b5       ?get_CardCompanyID@COPOSCAT@@UAGJPAPA_W@Z 1000c6b5 f   CATImpl.obj
 0001:0000b6ce       ?get_CenterResultCode@COPOSCAT@@UAGJPAPA_W@Z 1000c6ce f   CATImpl.obj
 0001:0000b6e7       ?get_CheckHealthText@COPOSCAT@@UAGJPAPA_W@Z 1000c6e7 f   CATImpl.obj
 0001:0000b700       ?get_Claimed@COPOSCAT@@UAGJPAF@Z 1000c700 f   CATImpl.obj
 0001:0000b716       ?get_ControlObjectDescription@COPOSCAT@@UAGJPAPA_W@Z 1000c716 f   CATImpl.obj
 0001:0000b764       ?get_ControlObjectVersion@COPOSCAT@@UAGJPAJ@Z 1000c764 f   CATImpl.obj
 0001:0000b777       ?get_DailyLog@COPOSCAT@@UAGJPAPA_W@Z 1000c777 f   CATImpl.obj
 0001:0000b790       ?get_DeviceDescription@COPOSCAT@@UAGJPAPA_W@Z 1000c790 f   CATImpl.obj
 0001:0000b7a9       ?get_DeviceEnabled@COPOSCAT@@UAGJPAF@Z 1000c7a9 f   CATImpl.obj
 0001:0000b7bf       ?get_DeviceName@COPOSCAT@@UAGJPAPA_W@Z 1000c7bf f   CATImpl.obj
 0001:0000b7d8       ?get_FreezeEvents@COPOSCAT@@UAGJPAF@Z 1000c7d8 f   CATImpl.obj
 0001:0000b7ee       ?get_LogStatus@COPOSCAT@@UAGJPAJ@Z 1000c7ee f   CATImpl.obj
 0001:0000b807       ?get_OpenResult@COPOSCAT@@UAGJPAJ@Z 1000c807 f   CATImpl.obj
 0001:0000b81e       ?get_OutputID@COPOSCAT@@UAGJPAJ@Z 1000c81e f   CATImpl.obj
 0001:0000b834       ?get_PaymentCondition@COPOSCAT@@UAGJPAJ@Z 1000c834 f   CATImpl.obj
 0001:0000b84d       ?get_PaymentDetail@COPOSCAT@@UAGJPAPA_W@Z 1000c84d f   CATImpl.obj
 0001:0000b866       ?get_PaymentMedia@COPOSCAT@@UAGJPAJ@Z 1000c866 f   CATImpl.obj
 0001:0000b87f       ?get_PowerNotify@COPOSCAT@@UAGJPAJ@Z 1000c87f f   CATImpl.obj
 0001:0000b895       ?get_PowerState@COPOSCAT@@UAGJPAJ@Z 1000c895 f   CATImpl.obj
 0001:0000b8ab       ?get_ResultCode@COPOSCAT@@UAGJPAJ@Z 1000c8ab f   CATImpl.obj
 0001:0000b8e9       ?get_ResultCodeExtended@COPOSCAT@@UAGJPAJ@Z 1000c8e9 f   CATImpl.obj
 0001:0000b8ff       ?get_SequenceNumber@COPOSCAT@@UAGJPAJ@Z 1000c8ff f   CATImpl.obj
 0001:0000b918       ?get_ServiceObjectDescription@COPOSCAT@@UAGJPAPA_W@Z 1000c918 f   CATImpl.obj
 0001:0000b931       ?get_ServiceObjectVersion@COPOSCAT@@UAGJPAJ@Z 1000c931 f   CATImpl.obj
 0001:0000b947       ?get_SettledAmount@COPOSCAT@@UAGJPATtagCY@@@Z 1000c947 f   CATImpl.obj
 0001:0000b9e1       ?get_SlipNumber@COPOSCAT@@UAGJPAPA_W@Z 1000c9e1 f   CATImpl.obj
 0001:0000b9fa       ?get_State@COPOSCAT@@UAGJPAJ@Z 1000c9fa f   CATImpl.obj
 0001:0000ba26       ?get_TrainingMode@COPOSCAT@@UAGJPAF@Z 1000ca26 f   CATImpl.obj
 0001:0000ba3f       ?get_TransactionNumber@COPOSCAT@@UAGJPAPA_W@Z 1000ca3f f   CATImpl.obj
 0001:0000ba58       ?get_TransactionType@COPOSCAT@@UAGJPAJ@Z 1000ca58 f   CATImpl.obj
 0001:0000ba71       ?put_AdditionalSecurityInformation@COPOSCAT@@UAGJPA_W@Z 1000ca71 f   CATImpl.obj
 0001:0000ba8a       ?put_AsyncMode@COPOSCAT@@UAGJF@Z 1000ca8a f   CATImpl.obj
 0001:0000baaa       ?put_BinaryConversion@COPOSCAT@@UAGJJ@Z 1000caaa f   CATImpl.obj
 0001:0000bac0       ?put_DeviceEnabled@COPOSCAT@@UAGJF@Z 1000cac0 f   CATImpl.obj
 0001:0000badd       ?put_FreezeEvents@COPOSCAT@@UAGJF@Z 1000cadd f   CATImpl.obj
 0001:0000bb29       ?put_PaymentMedia@COPOSCAT@@UAGJJ@Z 1000cb29 f   CATImpl.obj
 0001:0000bb42       ?put_PowerNotify@COPOSCAT@@UAGJJ@Z 1000cb42 f   CATImpl.obj
 0001:0000bb58       ?put_TrainingMode@COPOSCAT@@UAGJF@Z 1000cb58 f   CATImpl.obj
 0001:0000bb78       ?s_EventWindowProc@COPOSCAT@@KGJPAUHWND__@@IIJ@Z 1000cb78 f i CATImpl.obj
 0001:0000bbca       ??_U@YAPAXI@Z              1000cbca f   LIBCMT:new_array.obj
 0001:0000bbd3       ??3@YAXPAXI@Z              1000cbd3 f   LIBCMT:delete_scalar_size.obj
 0001:0000bbe1       ??_V@YAXPAX@Z              1000cbe1 f   LIBCMT:delete_array.obj
 0001:0000bbe6       ??_V@YAXPAXI@Z             1000cbe6 f   LIBCMT:delete_array_size.obj
 0001:0000bc38       ___scrt_acquire_startup_lock 1000cc38 f   LIBCMT:utility.obj
 0001:0000bc6a       ___scrt_dllmain_after_initialize_c 1000cc6a f   LIBCMT:utility.obj
 0001:0000bc95       ___scrt_dllmain_before_initialize_c 1000cc95 f   LIBCMT:utility.obj
 0001:0000bca3       ___scrt_dllmain_crt_thread_attach 1000cca3 f   LIBCMT:utility.obj
 0001:0000bcc2       ___scrt_dllmain_crt_thread_detach 1000ccc2 f   LIBCMT:utility.obj
 0001:0000bccf       ___scrt_dllmain_exception_filter 1000cccf f   LIBCMT:utility.obj
 0001:0000bd03       ___scrt_dllmain_uninitialize_c 1000cd03 f   LIBCMT:utility.obj
 0001:0000bd26       ___scrt_dllmain_uninitialize_critical 1000cd26 f   LIBCMT:utility.obj
 0001:0000bd33       ___scrt_initialize_crt     1000cd33 f   LIBCMT:utility.obj
 0001:0000bd6c       ___scrt_initialize_onexit_tables 1000cd6c f   LIBCMT:utility.obj
 0001:0000bdf3       ___scrt_is_nonwritable_in_current_image 1000cdf3 f   LIBCMT:utility.obj
 0001:0000be87       ___scrt_release_startup_lock 1000ce87 f   LIBCMT:utility.obj
 0001:0000bea4       ___scrt_uninitialize_crt   1000cea4 f   LIBCMT:utility.obj
 0001:0000becc       __onexit                   1000cecc f   LIBCMT:utility.obj
 0001:0000bef9       _atexit                    1000cef9 f   LIBCMT:utility.obj
 0001:0000bf0e       ??3@YAXPAX@Z               1000cf0e f   LIBCMT:delete_scalar.obj
 0001:0000bfd8       __Init_thread_footer       1000cfd8 f   LIBCMT:thread_safe_statics.obj
 0001:0000c022       __Init_thread_header       1000d022 f   LIBCMT:thread_safe_statics.obj
 0001:0000c074       __Init_thread_notify       1000d074 f   LIBCMT:thread_safe_statics.obj
 0001:0000c0aa       __Init_thread_wait         1000d0aa f   LIBCMT:thread_safe_statics.obj
 0001:0000c0f8       ___raise_securityfailure   1000d0f8 f   LIBCMT:gs_report.obj
 0001:0000c120       ___report_gsfailure        1000d120 f   LIBCMT:gs_report.obj
 0001:0000c219       ___report_rangecheckfailure 1000d219 f   LIBCMT:gs_report.obj
 0001:0000c225       ___report_securityfailure  1000d225 f   LIBCMT:gs_report.obj
 0001:0000c2f3       ??2@YAPAXIABUnothrow_t@std@@@Z 1000d2f3 f   LIBCMT:new_scalar_nothrow.obj
 0001:0000c343       ??_U@YAPAXIABUnothrow_t@std@@@Z 1000d343 f   LIBCMT:new_array_nothrow.obj
 0001:0000c34c       @__security_check_cookie@4 1000d34c f   LIBCMT:secchk.obj
 0001:0000c360       __SEH_prolog4_GS           1000d360 f   LIBCMT:sehprolg4gs.obj
 0001:0000c3a9       __SEH_epilog4_GS           1000d3a9 f   LIBCMT:sehprolg4gs.obj
 0001:0000c3c0       __alloca_probe_16          1000d3c0 f   LIBCMT:alloca16.obj
 0001:0000c3d6       __alloca_probe_8           1000d3d6     LIBCMT:alloca16.obj
 0001:0000c3f0       __chkstk                   1000d3f0 f   LIBCMT:chkstk.obj
 0001:0000c3f0       __alloca_probe             1000d3f0 f   LIBCMT:chkstk.obj
 0001:0000c75d       __DllMainCRTStartup@12     1000d75d f   LIBCMT:dll_dllmain.obj
 0001:0000c780       ??2@YAPAXI@Z               1000d780 f   LIBCMT:new_scalar.obj
 0001:0000c7b0       ___isa_available_init      1000d7b0 f   LIBCMT:cpu_disp.obj
 0001:0000c980       ___scrt_is_ucrt_dll_in_use 1000d980 f   LIBCMT:ucrt_detection.obj
 0001:0000c98c       ___scrt_fastfail           1000d98c f   LIBCMT:utility_desktop.obj
 0001:0000caa6       __crt_debugger_hook        1000daa6 f   LIBCMT:utility_desktop.obj
 0001:0000cab0       __SEH_prolog4              1000dab0 f   LIBCMT:sehprolg4.obj
 0001:0000caf6       __SEH_epilog4              1000daf6 f   LIBCMT:sehprolg4.obj
 0001:0000cb0b       @_guard_check_icall_nop@4  1000db0b f i LIBCMT:guard_support.obj
 0001:0000cb59       ___security_init_cookie    1000db59 f   LIBCMT:gs_support.obj
 0001:0000cba4       ?__scrt_initialize_type_info@@YAXXZ 1000dba4 f   LIBCMT:tncleanup.obj
 0001:0000cbb0       ?__scrt_uninitialize_type_info@@YAXXZ 1000dbb0 f   LIBCMT:tncleanup.obj
 0001:0000cbbc       ___local_stdio_scanf_options 1000dbbc f i LIBCMT:default_local_stdio_options.obj
 0001:0000cbc2       ___scrt_initialize_default_local_stdio_options 1000dbc2 f   LIBCMT:default_local_stdio_options.obj
 0001:0000cbdf       ___scrt_get_dyn_tls_init_callback 1000dbdf f   LIBCMT:dyn_tls_init.obj
 0001:0000cbe5       __RTC_Initialize           1000dbe5 f   LIBCMT:initsect.obj
 0001:0000cc11       __RTC_Terminate            1000dc11 f   LIBCMT:initsect.obj
 0001:0000cc3d       ??0bad_alloc@std@@QAE@ABV01@@Z 1000dc3d f i LIBCMT:throw_bad_alloc.obj
 0001:0000cc58       ??0bad_alloc@std@@QAE@XZ   1000dc58 f i LIBCMT:throw_bad_alloc.obj
 0001:0000cc70       ??0bad_array_new_length@std@@QAE@ABV01@@Z 1000dc70 f i LIBCMT:throw_bad_alloc.obj
 0001:0000cc8b       ??0bad_array_new_length@std@@QAE@XZ 1000dc8b f i LIBCMT:throw_bad_alloc.obj
 0001:0000cca3       ??0exception@std@@QAE@ABV01@@Z 1000dca3 f i LIBCMT:throw_bad_alloc.obj
 0001:0000cccf       ??1bad_alloc@std@@UAE@XZ   1000dccf f i LIBCMT:throw_bad_alloc.obj
 0001:0000cccf       ??1bad_array_new_length@std@@UAE@XZ 1000dccf f i LIBCMT:throw_bad_alloc.obj
 0001:0000cccf       ??1bad_exception@std@@UAE@XZ 1000dccf f i libvcruntime:frame.obj
 0001:0000cce0       ??_Gbad_array_new_length@std@@UAEPAXI@Z 1000dce0 f i LIBCMT:throw_bad_alloc.obj
 0001:0000cce0       ??_Eexception@std@@UAEPAXI@Z 1000dce0 f i LIBCMT:throw_bad_alloc.obj
 0001:0000cce0       ??_Ebad_exception@std@@UAEPAXI@Z 1000dce0 f i libvcruntime:frame.obj
 0001:0000cce0       ??_Ebad_alloc@std@@UAEPAXI@Z 1000dce0 f i LIBCMT:throw_bad_alloc.obj
 0001:0000cce0       ??_Gbad_alloc@std@@UAEPAXI@Z 1000dce0 f i LIBCMT:throw_bad_alloc.obj
 0001:0000cce0       ??_Gexception@std@@UAEPAXI@Z 1000dce0 f i LIBCMT:throw_bad_alloc.obj
 0001:0000cce0       ??_Ebad_array_new_length@std@@UAEPAXI@Z 1000dce0 f i LIBCMT:throw_bad_alloc.obj
 0001:0000cce0       ??_Gbad_exception@std@@UAEPAXI@Z 1000dce0 f i libvcruntime:frame.obj
 0001:0000cd0d       ?__scrt_throw_std_bad_alloc@@YAXXZ 1000dd0d f   LIBCMT:throw_bad_alloc.obj
 0001:0000cd2a       ?__scrt_throw_std_bad_array_new_length@@YAXXZ 1000dd2a f   LIBCMT:throw_bad_alloc.obj
 0001:0000cd47       ?what@exception@std@@UBEPBDXZ 1000dd47 f i LIBCMT:throw_bad_alloc.obj
 0001:0000cd54       ??_Etype_info@@UAEPAXI@Z   1000dd54 f i LIBCMT:std_type_info_static.obj
 0001:0000cd54       ??_Gtype_info@@UAEPAXI@Z   1000dd54 f i LIBCMT:std_type_info_static.obj
 0001:0000cd77       ??0CAtlBaseModule@ATL@@QAE@XZ 1000dd77 f   atls:atlbase.obj
 0001:0000cdca       ??0_ATL_BASE_MODULE70@ATL@@QAE@XZ 1000ddca f i atls:atlbase.obj
 0001:0000cded       ??1CAtlBaseModule@ATL@@QAE@XZ 1000dded f   atls:atlbase.obj
 0001:0000ceda       ?Init@_stdcallthunk@ATL@@QAEHKPAX@Z 1000deda f i atls:atlthunk.obj
 0001:0000cf0f       ?__AllocStdCallThunk_cmn@@YAPAXXZ 1000df0f f   atls:atlthunk.obj
 0001:0000cfd5       ?__FreeStdCallThunk_cmn@@YAXPAX@Z 1000dfd5 f   atls:atlthunk.obj
[...]
 0002:00003230       ?strings@?1??fp_format_nan_or_infinity@@YAHW4__acrt_fp_class@@_NPADI1@Z@4QAY03QBDA 10023230     libucrt:cvt.obj
 0002:00003778       ?_mb_locale_names@@3QBQB_WB 10023778     libucrt:mbctype.obj
 0002:00003fc0       ?LcidToLocaleNameTable@?A0x881e4c05@@3QBULcidToLocaleName@1@B 10023fc0     libucrt:lcidtoname_downlevel.obj
 0002:000050e8       ?LocaleNameToIndexTable@?A0x881e4c05@@3QBULocaleNameIndex@1@B 100250e8     libucrt:lcidtoname_downlevel.obj
 0002:00006a20       LOG_name                   10026a20     libucrt:log10_impl.obj
 0002:00006a30       _One                       10026a30     libucrt:ceil_pentium4.obj
 0002:00006a40       _Bns                       10026a40     libucrt:ceil_pentium4.obj
 0002:00006a50       _Zero                      10026a50     libucrt:ceil_pentium4.obj
 0002:00006a60       _S                         10026a60     libucrt:ceil_pentium4.obj
 0002:00006a70       _NegZero                   10026a70     libucrt:ceil_pentium4.obj
 0002:00006a80       emask                      10026a80     libucrt:log10_pentium4.obj
 0002:00006a90       CC                         10026a90     libucrt:log10_pentium4.obj
 0002:00006aa0       Magic                      10026aa0     libucrt:log10_pentium4.obj
 0002:00006ab0       hi_mask                    10026ab0     libucrt:log10_pentium4.obj
 0002:00006ac0       LOG10_2                    10026ac0     libucrt:log10_pentium4.obj
 0002:00006ad0       place_L                    10026ad0     libucrt:log10_pentium4.obj
 0002:00006af0       One                        10026af0     libucrt:log10_pentium4.obj
 0002:00006b00       Zero                       10026b00     libucrt:log10_pentium4.obj
 0002:00006b10       Two52                      10026b10     libucrt:log10_pentium4.obj
 0002:00006b20       Infs                       10026b20     libucrt:log10_pentium4.obj
 0002:00006b30       NaN                        10026b30     libucrt:log10_pentium4.obj
 0002:00006b40       coeff                      10026b40     libucrt:log10_pentium4.obj
 0002:00006b9e       _log2max                   10026b9e     libucrt:87tran.obj
 0002:00006ba8       _smallarg                  10026ba8     libucrt:87tran.obj
 0002:00006bb2       _half                      10026bb2     libucrt:87tran.obj
 0002:00006bfe       One                        10026bfe     libucrt:87disp.obj
 0002:00006c06       Three                      10026c06     libucrt:87disp.obj
 0002:00006c0e       XAMtoTagTab                10026c0e     libucrt:87disp.obj
 0002:00006c20       One                        10026c20     libucrt:common.obj
 0002:00006c34       DblMax                     10026c34     libucrt:common.obj
 0002:00006c3c       DblMin                     10026c3c     libucrt:common.obj
 0002:00006c44       IeeeAdjO                   10026c44     libucrt:common.obj
 0002:00006c4c       IeeeAdjU                   10026c4c     libucrt:common.obj
 0002:00006c54       _infinity                  10026c54     libucrt:common.obj
 0002:00006c5c       _zero                      10026c5c     libucrt:common.obj
 0002:00006ca8       _over                      10026ca8     libucrt:fpctrl.obj
 0002:00006cb4       _under                     10026cb4     libucrt:fpctrl.obj
 0002:000074e8       ?_names@?1??_get_fname@@9@9 100274e8     libucrt:fpexcept.obj
 0002:00007690       two32                      10027690     LIBCMT:ftol2.obj
 0002:00007694       two63                      10027694     LIBCMT:ftol2.obj
 0002:00007698       _NaN                       10027698     LIBCMT:ftol2.obj
 0002:00007d48       __sehtable$?_AtlVerifyStackAvailable@_ATL_SAFE_ALLOCA_IMPL@ATL@@YA_NK@Z 10027d48     CAT.obj
 0002:00007d68       __sehtable$___scrt_is_nonwritable_in_current_image 10027d68     LIBCMT:utility.obj
 0002:00007d84       __catchsym$??2@YAPAXIABUnothrow_t@std@@@Z$2 10027d84     LIBCMT:new_scalar_nothrow.obj
 0002:00007d94       __unwindtable$??2@YAPAXIABUnothrow_t@std@@@Z 10027d94     LIBCMT:new_scalar_nothrow.obj
 0002:00007da4       __tryblocktable$??2@YAPAXIABUnothrow_t@std@@@Z 10027da4     LIBCMT:new_scalar_nothrow.obj
 0002:00007db8       __ehfuncinfo$??2@YAPAXIABUnothrow_t@std@@@Z 10027db8     LIBCMT:new_scalar_nothrow.obj
 0002:00007de0       __sehtable$?dllmain_crt_process_attach@@YAHQAUHINSTANCE__@@QAX@Z 10027de0     LIBCMT:dll_dllmain.obj
 0002:00007e00       __sehtable$?dllmain_crt_process_detach@@YAH_N@Z 10027e00     LIBCMT:dll_dllmain.obj
 0002:00007e28       __sehtable$?dllmain_dispatch@@YAHQAUHINSTANCE__@@KQAX@Z 10027e28     LIBCMT:dll_dllmain.obj
 0002:00007ed8       __sehtable$___DestructExceptionObject 10027ed8     libvcruntime:ehhelpers.obj
 0002:00007ef8       __sehtable$?FrameUnwindToState@__FrameHandler3@@SAXPAUEHRegistrationNode@@PAXPBU_s_FuncInfo@@H@Z 10027ef8     libvcruntime:frame.obj
 0002:00007f20       __sehtable$?CallCatchBlock@@YAPAXPAUEHExceptionRecord@@PAUEHRegistrationNode@@PAU_CONTEXT@@PBU_s_FuncInfo@@PAXHK@Z 10027f20     libvcruntime:frame.obj
 0002:00007f48       __catchsym$?CallUnexpected@@YAXPBU_s_ESTypeList@@@Z$2 10027f48     libvcruntime:frame.obj
 0002:00007f58       __unwindtable$?CallUnexpected@@YAXPBU_s_ESTypeList@@@Z 10027f58     libvcruntime:frame.obj
 0002:00007f68       __tryblocktable$?CallUnexpected@@YAXPBU_s_ESTypeList@@@Z 10027f68     libvcruntime:frame.obj
 0002:00007f7c       __ehfuncinfo$?CallUnexpected@@YAXPBU_s_ESTypeList@@@Z 10027f7c     libvcruntime:frame.obj
 0002:00007fa0       __sehtable$??$BuildCatchObjectHelperInternal@V__FrameHandler3@@@@YAHPAUEHExceptionRecord@@PAXPBU_s_HandlerType@@PBU_s_CatchableType@@@Z 10027fa0     libvcruntime:frame.obj
 0002:00007fc0       __sehtable$??$BuildCatchObjectInternal@V__FrameHandler3@@@@YAXPAUEHExceptionRecord@@PAXPBU_s_HandlerType@@PBU_s_CatchableType@@@Z 10027fc0     libvcruntime:frame.obj
 0002:00008018       __sehtable$??R<lambda_6e4b09c48022b2350581041d5f6b0c4c>@@QBE@XZ 10028018     libucrt:exit.obj
 0002:00008038       __sehtable$??$?RV<lambda_03b1d95aef87969028cfba75ccab2455>@@AAV<lambda_6e4b09c48022b2350581041d5f6b0c4c>@@V<lambda_22bdf7517842c4b3e53723af5aa32b9e>@@@?$__crt_seh_guarded_call@X@@QAEX$$QAV<lambda_03b1d95aef87969028cfba75ccab2455>@@AAV<lambda_6e4b09c48022b2350581041d5f6b0c4c>@@$$QAV<lambda_22bdf7517842c4b3e53723af5aa32b9e>@@@Z 10028038     libucrt:exit.obj
 0002:00008058       __sehtable$??$?RV<lambda_8e746cf0007f6ed984d6f78af1fec997>@@AAV<lambda_22ebabd17bc4fa466a2aca6d8deb888d>@@V<lambda_18ed0c0b38a6dc0daf1e7ac6d6adf05e>@@@?$__crt_seh_guarded_call@H@@QAEH$$QAV<lambda_8e746cf0007f6ed984d6f78af1fec997>@@AAV<lambda_22ebabd17bc4fa466a2aca6d8deb888d>@@$$QAV<lambda_18ed0c0b38a6dc0daf1e7ac6d6adf05e>@@@Z 10028058     libucrt:onexit.obj
 0002:00008078       __sehtable$??$?RV<lambda_69a2805e680e0e292e8ba93315fe43a8>@@AAV<lambda_f03950bc5685219e0bcd2087efbe011e>@@V<lambda_03fcd07e894ec930e3f35da366ca99d6>@@@?$__crt_seh_guarded_call@H@@QAEH$$QAV<lambda_69a2805e680e0e292e8ba93315fe43a8>@@AAV<lambda_f03950bc5685219e0bcd2087efbe011e>@@$$QAV<lambda_03fcd07e894ec930e3f35da366ca99d6>@@@Z 10028078     libucrt:onexit.obj
 0002:00008098       __sehtable$__query_new_handler 10028098     libucrt:new_handler.obj
 0002:000080b8       __sehtable$_terminate      100280b8     libucrt:terminate.obj
 0002:000080d8       __sehtable$??$?RV<lambda_15ade71b0218206bbe3333a0c9b79046>@@AAV<lambda_da44e0f8b0f19ba52fefafb335991732>@@V<lambda_207f2d024fc103971653565357d6cd41>@@@?$__crt_seh_guarded_call@X@@QAEX$$QAV<lambda_15ade71b0218206bbe3333a0c9b79046>@@AAV<lambda_da44e0f8b0f19ba52fefafb335991732>@@$$QAV<lambda_207f2d024fc103971653565357d6cd41>@@@Z 100280d8     libucrt:per_thread_data.obj
 0002:000080f8       __sehtable$??$?RV<lambda_a7e850c220f1c8d1e6efeecdedd162c6>@@AAV<lambda_46720907175c18b6c9d2717bc0d2d362>@@V<lambda_9048902d66e8d99359bc9897bbb930a8>@@@?$__crt_seh_guarded_call@X@@QAEX$$QAV<lambda_a7e850c220f1c8d1e6efeecdedd162c6>@@AAV<lambda_46720907175c18b6c9d2717bc0d2d362>@@$$QAV<lambda_9048902d66e8d99359bc9897bbb930a8>@@@Z 100280f8     libucrt:per_thread_data.obj
 0002:00008118       __sehtable$??$?RV<lambda_38edbb1296d33220d7e4dd0ed76b244a>@@AAV<lambda_5ce1d447e08cb34b2473517608e21441>@@V<lambda_fb385d3da700c9147fc39e65dd577a8c>@@@?$__crt_seh_guarded_call@X@@QAEX$$QAV<lambda_38edbb1296d33220d7e4dd0ed76b244a>@@AAV<lambda_5ce1d447e08cb34b2473517608e21441>@@$$QAV<lambda_fb385d3da700c9147fc39e65dd577a8c>@@@Z 10028118     libucrt:per_thread_data.obj
 0002:00008138       __sehtable$??$?RV<lambda_6affb1475c98b40b75cdec977db92e3c>@@AAV<lambda_b8d4b9c228a6ecc3f80208dbb4b4a104>@@V<lambda_608742c3c92a14382c1684fc64f96c88>@@@?$__crt_seh_guarded_call@X@@QAEX$$QAV<lambda_6affb1475c98b40b75cdec977db92e3c>@@AAV<lambda_b8d4b9c228a6ecc3f80208dbb4b4a104>@@$$QAV<lambda_608742c3c92a14382c1684fc64f96c88>@@@Z 10028138     libucrt:per_thread_data.obj
 0002:00008158       __sehtable$??$?RV<lambda_e5124f882df8998aaf41531e079ba474>@@AAV<lambda_3e16ef9562a7dcce91392c22ab16ea36>@@V<lambda_e25ca0880e6ef98be67edffd8c599615>@@@?$__crt_seh_guarded_call@X@@QAEX$$QAV<lambda_e5124f882df8998aaf41531e079ba474>@@AAV<lambda_3e16ef9562a7dcce91392c22ab16ea36>@@$$QAV<lambda_e25ca0880e6ef98be67edffd8c599615>@@@Z 10028158     libucrt:wsetlocale.obj
 0002:00008178       __sehtable$___acrt_initialize_lowio 10028178     libucrt:ioinit.obj
 0002:00008198       __sehtable$?update_thread_multibyte_data_internal@@YAPAU__crt_multibyte_data@@QAU__acrt_ptd@@QAPAU1@@Z 10028198     libucrt:mbctype.obj
 0002:000081b8       __sehtable$??$?RV<lambda_ceb1ee4838e85a9d631eb091e2fbe199>@@AAV<lambda_ae742caa10f662c28703da3d2ea5e57e>@@V<lambda_cd08b5d6af4937fe54fc07d0c9bf6b37>@@@?$__crt_seh_guarded_call@X@@QAEX$$QAV<lambda_ceb1ee4838e85a9d631eb091e2fbe199>@@AAV<lambda_ae742caa10f662c28703da3d2ea5e57e>@@$$QAV<lambda_cd08b5d6af4937fe54fc07d0c9bf6b37>@@@Z 100281b8     libucrt:mbctype.obj
 0002:000081d8       __sehtable$_raise          100281d8     libucrt:signal.obj
 0002:000081f8       __sehtable$??$?RV<lambda_cbab9ec6f41b0180b23cc171c22676b0>@@AAV<lambda_44731a7d0e6d81c3e6aa82d741081786>@@V<lambda_4b292cb8dd18144e164572427af410ab>@@@?$__crt_seh_guarded_call@P6AXH@Z@@QAEP6AXH@Z$$QAV<lambda_cbab9ec6f41b0180b23cc171c22676b0>@@AAV<lambda_44731a7d0e6d81c3e6aa82d741081786>@@$$QAV<lambda_4b292cb8dd18144e164572427af410ab>@@@Z 100281f8     libucrt:signal.obj
 0002:00008218       __sehtable$??$?RV<lambda_2866be3712abc81a800a822484c830d8>@@AAV<lambda_39ca0ed439415581b5b15c265174cece>@@V<lambda_2b24c74d71094a6cd0cb82e44167d71b>@@@?$__crt_seh_guarded_call@X@@QAEX$$QAV<lambda_2866be3712abc81a800a822484c830d8>@@AAV<lambda_39ca0ed439415581b5b15c265174cece>@@$$QAV<lambda_2b24c74d71094a6cd0cb82e44167d71b>@@@Z 10028218     libucrt:fflush.obj
 0002:00008238       __sehtable$??$?RV<lambda_2cc53f568c5a2bb6f192f930a45d44ea>@@AAV<lambda_ab61a845afdef5b7c387490eaf3616ee>@@V<lambda_c2ffc0b7726aa6be21d5f0026187e748>@@@?$__crt_seh_guarded_call@X@@QAEX$$QAV<lambda_2cc53f568c5a2bb6f192f930a45d44ea>@@AAV<lambda_ab61a845afdef5b7c387490eaf3616ee>@@$$QAV<lambda_c2ffc0b7726aa6be21d5f0026187e748>@@@Z 10028238     libucrt:fflush.obj
 0002:00008258       __sehtable$___acrt_update_thread_locale_data 10028258     libucrt:locale_refcounting.obj
 0002:00008278       __sehtable$__fcloseall     10028278     libucrt:closeall.obj
 0002:00008298       __sehtable$___acrt_lowio_ensure_fh_exists 10028298     libucrt:osfinfo.obj
 0002:000082b8       __sehtable$??$?RV<lambda_9e9de3de5fa147e2223d7db92bc10aa6>@@AAV<lambda_38ce7e780aa69e748d6df282ebc68efe>@@V<lambda_8ca6da459f0f6780f1cff60fdc3d00e5>@@@?$__crt_seh_guarded_call@H@@QAEH$$QAV<lambda_9e9de3de5fa147e2223d7db92bc10aa6>@@AAV<lambda_38ce7e780aa69e748d6df282ebc68efe>@@$$QAV<lambda_8ca6da459f0f6780f1cff60fdc3d00e5>@@@Z 100282b8     libucrt:commit.obj
 0002:000082d8       __sehtable$__write         100282d8     libucrt:write.obj
 0002:000082f8       __sehtable$_fclose         100282f8     libucrt:fclose.obj
 0002:00008318       __sehtable$??$?RV<lambda_218ce3db14220d0be481dae8ef3383b6>@@AAV<lambda_628dfdc04ba53c8bfc02c9951375f3f5>@@V<lambda_57dc472bd5c9d5f3b2cbca59b8a843ae>@@@?$__crt_seh_guarded_call@H@@QAEH$$QAV<lambda_218ce3db14220d0be481dae8ef3383b6>@@AAV<lambda_628dfdc04ba53c8bfc02c9951375f3f5>@@$$QAV<lambda_57dc472bd5c9d5f3b2cbca59b8a843ae>@@@Z 10028318     libucrt:close.obj
 0002:00008338       __sehtable$___set_fpsr_sse2 10028338     libucrt:fpctrl.obj
 0002:00008358       __sehtable$__IsNonwritableInCurrentImage 10028358     LIBCMT:pesect.obj
 0002:00008380       .edata                     10028380     OPOSCAT.exp
 0002:000083a8       rgpv                       100283a8     OPOSCAT.exp
 0002:000083b8       rgszName                   100283b8     OPOSCAT.exp
 0002:000083c8       rgwOrd                     100283c8     OPOSCAT.exp
 0002:000083d0       szName                     100283d0     OPOSCAT.exp
 0002:000083dc       $N00001                    100283dc     OPOSCAT.exp
 0002:000083ec       $N00002                    100283ec     OPOSCAT.exp
 0002:000083fe       $N00003                    100283fe     OPOSCAT.exp
 0002:00008410       $N00004                    10028410     OPOSCAT.exp
 0002:00008a1e       .idata$6                   10028a1e     kernel32:KERNEL32.dll
 0002:00008c32       .idata$6                   10028c32     user32:USER32.dll
 0002:00008d66       .idata$6                   10028d66     gdi32:GDI32.dll
 0002:00008e0c       .idata$6                   10028e0c     advapi32:ADVAPI32.dll
 0002:00008f28       .idata$6                   10028f28     ole32:ole32.dll
 0002:00008f32       .idata$6                   10028f32     oleaut32:OLEAUT32.dll
 0003:00000110       ?ObjectMap@@3PAU_ATL_OBJMAP_ENTRY30@ATL@@A 1002a110     CAT.obj
 0003:000001b8       ?s_SOMethodNames@@3PAPADA  1002a1b8     CATImpl.obj
 0003:00000234       ?s_RequiredMethodsPerRelease@@3PAHA 1002a234     CATImpl.obj
 0003:00000270       ?__vcrt_flsindex@@3KA      1002a270     libvcruntime:per_thread_data.obj
 0003:00000290       ?errno_no_memory@@3HA      1002a290     libucrt:errno.obj
 0003:00000294       ?doserrno_no_memory@@3KA   1002a294     libucrt:errno.obj
 0003:000002a0       ?__acrt_flsindex@@3KA      1002a2a0     libucrt:per_thread_data.obj
 0003:00000638       __mbctypes                 1002a638     libucrt:mbctype.obj
 0003:00000740       __mbcasemaps               1002a740     libucrt:mbctype.obj
 0003:00000840       ?__rgctypeflag@@3PADA      1002a840     libucrt:mbctype.obj
 0003:00000848       ?__rgcode_page_info@@3PAUcode_page_info@@A 1002a848     libucrt:mbctype.obj
 0003:00000aa0       ?__dcrt_lowio_console_output_handle@@3PAXA 1002aaa0     libucrt:initcon.obj
 0003:00000aa4       ?__DAZ_ENABLED@?1??__set_fpsr_sse2@@9@9 1002aaa4     libucrt:fpctrl.obj
 0003:00000c38       ?is_initialized_as_dll@@3_NA 1002ac38     LIBCMT:utility.obj
 0003:00000c39       ?module_local_atexit_table_initialized@@3_NA 1002ac39     LIBCMT:utility.obj
 0003:00000c3c       ?module_local_atexit_table@@3U_onexit_table_t@@A 1002ac3c     LIBCMT:utility.obj
 0003:00000c48       ?module_local_at_quick_exit_table@@3U_onexit_table_t@@A 1002ac48     LIBCMT:utility.obj
 0003:00000c54       ?g_tss_cv@@3U_RTL_CONDITION_VARIABLE@@A 1002ac54     LIBCMT:thread_safe_statics.obj
 0003:00000c58       ?g_tss_event@@3PAXA        1002ac58     LIBCMT:thread_safe_statics.obj
 0003:00000c5c       ?g_tss_mutex@@3U_RTL_CRITICAL_SECTION@@A 1002ac5c     LIBCMT:thread_safe_statics.obj
 0003:00000c74       ?g_sleep_condition_variable_cs@@3P6GHPAU_RTL_CONDITION_VARIABLE@@PAU_RTL_CRITICAL_SECTION@@K@ZA 1002ac74     LIBCMT:thread_safe_statics.obj
 0003:00000c78       ?g_wake_all_condition_variable@@3P6GXPAU_RTL_CONDITION_VARIABLE@@@ZA 1002ac78     LIBCMT:thread_safe_statics.obj
 0003:00000c80       _GS_ExceptionRecord        1002ac80     LIBCMT:gs_report.obj
 0003:00000cd0       _GS_ContextRecord          1002acd0     LIBCMT:gs_report.obj
 0003:00000fa0       ?__proc_attached@@3HA      1002afa0     LIBCMT:dll_dllmain.obj
 0003:00000ffc       ?AllocateData@@3P6GPAUAtlThunkData_t@@XZA 1002affc     atls:atlthunk.obj
 0003:00001000       ?InitData@@3P6GXPAUAtlThunkData_t@@PAXI@ZA 1002b000     atls:atlthunk.obj
 0003:00001004       ?DataToCode@@3P6GP6GJPAUHWND__@@IIJ@ZPAUAtlThunkData_t@@@ZA 1002b004     atls:atlthunk.obj
 0003:00001008       ?FreeData@@3P6GXPAUAtlThunkData_t@@@ZA 1002b008     atls:atlthunk.obj
 0003:0000100c       ?Initialized@@3_NA         1002b00c     atls:atlthunk.obj
 0003:0000101c       ?__vcrt_startup_thread_ptd@@3U__vcrt_ptd@@A 1002b01c     libvcruntime:per_thread_data.obj
 0003:00001044       ___vcrt_lock_table         1002b044     libvcruntime:locks.obj
 0003:0000105c       ___vcrt_locks_initialized  1002b05c     libvcruntime:locks.obj
 0003:00001088       ?heap@@3V_HeapManager@@A   1002b088     libvcruntime:undname.obj
 0003:0000109c       ?module_handles@@3PAPAUHINSTANCE__@@A 1002b09c     libvcruntime:winapi_downlevel.obj
 0003:000010a8       ?function_pointers@@3PAPAXA 1002b0a8     libvcruntime:winapi_downlevel.obj
 0003:000010bc       ?__acrt_invalid_parameter_handler@@3V?$dual_state_global@P6AXPB_W00II@Z@__crt_state_management@@A 1002b0bc     libucrt:invalid_parameter.obj
 0003:000010c0       ?c_termination_complete@@3JA 1002b0c0     libucrt:exit.obj
 0003:000010c4       ?thread_local_exit_callback_func@@3P6GXPAXK0@ZA 1002b0c4     libucrt:exit.obj
 0003:000010d0       ?program_name@?1???$common_configure_argv@D@@YAHW4_crt_argv_mode@@@Z@4PADA 1002b0d0     libucrt:argv_parsing.obj
 0003:00001200       ?__acrt_new_handler@@3V?$dual_state_global@P6AHI@Z@__crt_state_management@@A 1002b200     libucrt:new_handler.obj
 0003:00001208       ?module_handles@@3PAPAUHINSTANCE__@@A 1002b208     libucrt:winapi_thunks.obj
 0003:00001258       ?encoded_function_pointers@@3PAPAXA 1002b258     libucrt:winapi_thunks.obj
 0003:000012e0       ?internal_state@?1??_mbtowc_l@@9@4U_Mbstatet@@A 1002b2e0     libucrt:mbtowc.obj
 0003:000012f0       ?enable_percent_n@@3IA     1002b2f0     libucrt:printf_count_output.obj
 0003:00001510       ?__acrt_lock_table@@3PAU_RTL_CRITICAL_SECTION@@A 1002b510     libucrt:locks.obj
 0003:00001660       ?__acrt_locks_initialized@@3IA 1002b660     libucrt:locks.obj
 0003:00001670       ?fSystemSet@@3HA           1002b670     libucrt:mbctype.obj
 0003:00001674       ?initialized@?1??__acrt_initialize_multibyte@@9@4_NA 1002b674     libucrt:mbctype.obj
 0003:00001694       ?ctrlc_action@@3V?$dual_state_global@P6AXH@Z@__crt_state_management@@A 1002b694     libucrt:signal.obj
 0003:00001698       ?ctrlbreak_action@@3V?$dual_state_global@P6AXH@Z@__crt_state_management@@A 1002b698     libucrt:signal.obj
 0003:0000169c       ?abort_action@@3V?$dual_state_global@P6AXH@Z@__crt_state_management@@A 1002b69c     libucrt:signal.obj
 0003:000016a0       ?term_action@@3V?$dual_state_global@P6AXH@Z@__crt_state_management@@A 1002b6a0     libucrt:signal.obj
 0003:000016a4       ?user_matherr@@3V?$dual_state_global@P6AHPAU_exception@@@Z@__crt_state_management@@A 1002b6a4     libucrt:matherr.obj
 0003:000016a8       ?__acrt_global_new_mode@@3V?$dual_state_global@J@__crt_state_management@@A 1002b6a8     libucrt:new_mode.obj
 0003:000016b4       ?internal_pst@?1??__mbrtoc32_utf8@__crt_mbstring@@YAIPA_UPBDIPAU_Mbstatet@@@Z@4U3@A 1002b6b4     libucrt:mbrtoc32.obj
 0003:000016bc       ?__acrt_app_type@@3W4_crt_app_type@@A 1002b6bc     libucrt:report_runtime_error.obj
 0003:000016c4       __pmatherr_set             1002b6c4     libucrt:libm_error.obj
 0004:00000220       $R000000                   1002c220     CAT.res
 0004:00000b90       $R000970                   1002cb90     CAT.res
 0004:00000c78       $R000A58                   1002cc78     CAT.res
 0004:00000ee0       $R000CC0                   1002cee0     CAT.res
 0004:00001410       $R0011F0                   1002d410     CAT.res
 0004:00005248       $R005028                   10031248     CAT.res
 0004:00005270       $R005050                   10031270     CAT.res
