 OPOSTotals

 Timestamp is 5c44001a (Sun Jan 20 13:59:06 2019)

 Preferred load address is 10000000

 Start         Length     Name                   Class
 0001:00000000 00000080H .text$di                CODE
 0001:00000080 0001ce6bH .text$mn                CODE
 0001:0001ceeb 00000051H .text$x                 CODE
 0001:0001cf3c 00000042H .text$yd                CODE
 0002:00000000 00000300H .idata$5                DATA
 0002:00000300 00000004H .00cfg                  DATA
 0002:00000304 00000004H .CRT$XCA                DATA
 0002:00000308 00000004H .CRT$XCL                DATA
 0002:0000030c 00000010H .CRT$XCU                DATA
 0002:0000031c 00000004H .CRT$XCZ                DATA
 0002:00000320 00000004H .CRT$XIA                DATA
 0002:00000324 00000010H .CRT$XIC                DATA
 0002:00000334 00000004H .CRT$XIZ                DATA
 0002:00000338 00000004H .CRT$XLA                DATA
 0002:0000033c 00000004H .CRT$XLZ                DATA
 0002:00000340 00000004H .CRT$XPA                DATA
 0002:00000344 00000008H .CRT$XPX                DATA
 0002:0000034c 00000004H .CRT$XPXA               DATA
 0002:00000350 00000004H .CRT$XPZ                DATA
 0002:00000354 00000004H .CRT$XTA                DATA
 0002:00000358 00000008H .CRT$XTZ                DATA
 0002:0000035c 00000000H .gfids$x                DATA
 0002:0000035c 00000000H .gfids$y                DATA
 0002:00000360 00006e28H .rdata                  DATA
 0002:00007188 00000018H .rdata$T                DATA
 0002:000071a0 00000180H .rdata$r                DATA
 0002:00007320 00000020H .rdata$sxdata           DATA
 0002:00007340 000003dcH .rdata$zzzdbg           DATA
 0002:0000771c 00000004H .rtc$IAA                DATA
 0002:00007720 00000004H .rtc$IZZ                DATA
 0002:00007724 00000004H .rtc$TAA                DATA
 0002:00007728 00000004H .rtc$TZZ                DATA
 0002:0000772c 00000004H .tls                    DATA
 0002:00007730 00000004H .tls$                   DATA
 0002:00007734 00000004H .tls$ZZZ                DATA
 0002:00007738 000005f4H .xdata$x                DATA
 0002:00007d2c 00000004H ATL$__a                 DATA
 0002:00007d30 00000010H ATL$__z                 DATA
 0002:00007d40 000000a8H .edata                  DATA
 0002:00007de8 00000078H .idata$2                DATA
 0002:00007e60 00000014H .idata$3                DATA
 0002:00007e74 00000300H .idata$4                DATA
 0002:00008174 00000bdeH .idata$6                DATA
 0003:00000000 000009c0H .data                   DATA
 0003:000009c0 00000098H .data$r                 DATA
 0003:00000a58 00000b5cH .bss                    DATA
 0004:00000000 00000220H .rsrc$01                DATA
 0004:00000220 00004078H .rsrc$02                DATA

  Address         Publics by Value              Rva+Base       Lib:Object

 0000:00000000       ___guard_fids_count        00000000     <absolute>
 0000:00000000       ___guard_iat_count         00000000     <absolute>
 0000:00000000       ___hybrid_code_map_count   00000000     <absolute>
 0000:00000000       ___dynamic_value_reloc_table 00000000     <absolute>
 0000:00000000       ___guard_longjmp_count     00000000     <absolute>
 0000:00000000       __except_list              00000000     <absolute>
 0000:00000000       ___guard_fids_table        00000000     <absolute>
 0000:00000000       ___guard_longjmp_table     00000000     <absolute>
 0000:00000000       ___hybrid_auxiliary_iat    00000000     <absolute>
 0000:00000000       ___guard_iat_table         00000000     <absolute>
 0000:00000000       ___volatile_metadata       00000000     <absolute>
 0000:00000000       ___enclave_config          00000000     <absolute>
 0000:00000000       ___hybrid_code_map         00000000     <absolute>
 0000:00000008       ___safe_se_handler_count   00000008     <absolute>
 0000:0000002c       __tls_array                0000002c     <absolute>
 0000:00000100       ___guard_flags             00000100     <absolute>
 0000:00000000       ___ImageBase               10000000     <linker-defined>
 0001:00000080       ?DupWide@_CW@@AAEXXZ       10001080 f   CWString.obj
 0001:0000009c       ?cw_dup@@YGXPBDAAHAAPA_W1@Z 1000109c f   CWString.obj
 0001:0000010b       ?cw_memcpy@@YGHPA_WPBDH@Z  1000110b f   CWString.obj
 0001:00000137       ?cw_strcpy@@YAHPA_WPBD@Z   10001137 f   CWString.obj
 0001:0000014a       ?cw_strlen@@YAHPBD@Z       1000114a f   CWString.obj
 0001:00000163       ??0CAtlComModule@ATL@@QAE@XZ 10001163 f i OposVariant.obj
 0001:000001a8       ??0CAtlWinModule@ATL@@QAE@XZ 100011a8 f i OposVariant.obj
 0001:000001df       ??0OposDispParms@@QAE@PAVOposVariant@@H@Z 100011df f   OposVariant.obj
 0001:00000250       ??1OposDispParms@@QAE@XZ   10001250 f   OposVariant.obj
 0001:0000025e       ??A?$CSimpleArray@GV?$CSimpleArrayEqualHelper@G@ATL@@@ATL@@QAEAAGH@Z 1000125e f i OposVariant.obj
 0001:00000283       ??_Estringdispid@CComTypeInfoHolder@ATL@@QAEPAXI@Z 10001283 f i OposVariant.obj
 0001:000002ef       ?AtlWinModuleInit@ATL@@YGJPAU_ATL_WIN_MODULE70@1@@Z 100012ef f i OposVariant.obj
 0001:00000315       ?AtlWinModuleTerm@ATL@@YGJPAU_ATL_WIN_MODULE70@1@PAUHINSTANCE__@@@Z 10001315 f i OposVariant.obj
 0001:00000378       ?ChangeBSTR@OposVariant@@QAEXPAPA_WAAJ@Z 10001378 f   OposVariant.obj
 0001:000003b9       ?ChangeLONG@OposVariant@@QAEXPAJAAJ@Z 100013b9 f   OposVariant.obj
 0001:000003fa       ?GetLONG@OposVariant@@QAEJXZ 100013fa f   OposVariant.obj
 0001:00000415       ?Init@CComCriticalSection@ATL@@QAEJXZ 10001415 f i OposVariant.obj
 0001:0000043d       ?RemoveAll@?$CSimpleArray@PAUHINSTANCE__@@V?$CSimpleArrayEqualHelper@PAUHINSTANCE__@@@ATL@@@ATL@@QAEXXZ 1000143d f i atls:atlbase.obj
 0001:0000043d       ?RemoveAll@?$CSimpleArray@GV?$CSimpleArrayEqualHelper@G@ATL@@@ATL@@QAEXXZ 1000143d f i OposVariant.obj
 0001:0000045a       ?SetBSTR@OposVariant@@QAEXPA_WAAJ@Z 1000145a f   OposVariant.obj
 0001:0000048e       ?SetBSTR_Copy@OposVariant@@QAEXPA_WAAJ@Z 1000148e f   OposVariant.obj
 0001:000004de       ?SetBSTR_InOutPtr@OposVariant@@QAE_NPAPA_WAAJ@Z 100014de f   OposVariant.obj
 0001:00000515       ?SetBSTR_OutPtr@OposVariant@@QAE_NPAPA_WAAJ@Z 10001515 f   OposVariant.obj
 0001:00000531       ?SetDispatch_Ptr@OposVariant@@QAEXPAUIDispatch@@AAJ@Z 10001531 f   OposVariant.obj
 0001:0000056c       ?SetLONG@OposVariant@@QAEXJ@Z 1000156c f   OposVariant.obj
 0001:0000058e       ?SetLONG_Ptr@OposVariant@@QAEXPAJAAJ@Z 1000158e f   OposVariant.obj
 0001:000005c1       ?SetString@OposVariant@@QAEXPB_WAAJ@Z 100015c1 f   OposVariant.obj
 0001:00000607       ?SetVARIANT_BOOL@OposVariant@@QAEXF@Z 10001607 f   OposVariant.obj
 0001:00000631       ?Term@CAtlComModule@ATL@@QAEXXZ 10001631 f i OposVariant.obj
 0001:0000067b       ?_AtlRaiseException@ATL@@YAXKK@Z 1000167b f i OposVariant.obj
 0001:00000690       ?AddRef@?$CComObjectCached@VCComClassFactory@ATL@@@ATL@@UAGKXZ 10001690 f i Totals.obj
 0001:000006b7       ?Release@?$CComObjectCached@VCComClassFactory@ATL@@@ATL@@UAGKXZ 100016b7 f i Totals.obj
 0001:000006ed       ?QueryInterface@?$CComObjectCached@VCComClassFactory@ATL@@@ATL@@UAGJABU_GUID@@PAPAX@Z 100016ed f i Totals.obj
 0001:00000707       ??_G?$CComObjectCached@VCComClassFactory@ATL@@@ATL@@UAEPAXI@Z 10001707 f i Totals.obj
 0001:00000707       ??_E?$CComObjectCached@VCComClassFactory@ATL@@@ATL@@UAEPAXI@Z 10001707 f i Totals.obj
 0001:00000729       ?AddRef@?$CComAggObject@VCOPOSTotals@@@ATL@@UAGKXZ 10001729 f i Totals.obj
 0001:0000073a       ?Release@?$CComAggObject@VCOPOSTotals@@@ATL@@UAGKXZ 1000173a f i Totals.obj
 0001:00000776       ?QueryInterface@?$CComAggObject@VCOPOSTotals@@@ATL@@UAGJABU_GUID@@PAPAX@Z 10001776 f i Totals.obj
 0001:000007c5       ?AddRef@?$CComContainedObject@VCOPOSTotals@@@ATL@@UAGKXZ 100017c5 f i Totals.obj
 0001:000007db       ?Release@?$CComContainedObject@VCOPOSTotals@@@ATL@@UAGKXZ 100017db f i Totals.obj
 0001:000007f1       ?QueryInterface@?$CComContainedObject@VCOPOSTotals@@@ATL@@UAGJABU_GUID@@PAPAX@Z 100017f1 f i Totals.obj
 0001:0000080c       ??_E?$CComAggObject@VCOPOSTotals@@@ATL@@UAEPAXI@Z 1000180c f i Totals.obj
 0001:0000080c       ??_G?$CComAggObject@VCOPOSTotals@@@ATL@@UAEPAXI@Z 1000180c f i Totals.obj
 0001:00000831       ?AddRef@?$CComObject@VCOPOSTotals@@@ATL@@UAGKXZ 10001831 f i Totals.obj
 0001:00000848       ?Release@?$CComObject@VCOPOSTotals@@@ATL@@UAGKXZ 10001848 f i Totals.obj
 0001:0000088a       ?QueryInterface@?$CComObject@VCOPOSTotals@@@ATL@@UAGJABU_GUID@@PAPAX@Z 1000188a f i Totals.obj
 0001:000008a4       ?ObjectMain@CComObjectRootBase@ATL@@SGX_N@Z 100018a4 f i Totals.obj
 0001:000008a4       ?OnFinalMessage@?$CWindowImplBaseT@VCWindow@ATL@@V?$CWinTraits@$0FGAAAAAA@$0A@@2@@ATL@@UAEXPAUHWND__@@@Z 100018a4 f i Totals.obj
 0001:000008a7       ?GetCategoryMap@CComObjectRootBase@ATL@@SAPBU_ATL_CATMAP_ENTRY@2@XZ 100018a7 f i Totals.obj
 0001:000008a7       ?GetObjectDescription@?$CComCoClass@VCOPOSTotals@@$1?CLSID_OPOSTotals@@3U_GUID@@B@ATL@@SGPB_WXZ 100018a7 f i Totals.obj
 0001:000008aa       ?CreateInstance@CComClassFactory@ATL@@UAGJPAUIUnknown@@ABU_GUID@@PAPAX@Z 100018aa f i Totals.obj
 0001:000008e8       ?LockServer@CComClassFactory@ATL@@UAGJH@Z 100018e8 f i Totals.obj
 0001:00000907       ??_ECComClassFactory@ATL@@UAEPAXI@Z 10001907 f i Totals.obj
 0001:00000907       ??_GCComClassFactory@ATL@@UAEPAXI@Z 10001907 f i Totals.obj
 0001:00000932       ?OnDrawAdvanced@CComControlBase@ATL@@UAEJAAUATL_DRAWINFO@@@Z 10001932 f i Totals.obj
 0001:00000a21       ?Next@?$CComEnumImpl@UIEnumConnections@@$1?_GUID_b196b287_bab4_101a_b69c_00aa00341d07@@3U__s_GUID@@BUtagCONNECTDATA@@V?$_Copy@UtagCONNECTDATA@@@ATL@@@ATL@@UAGJKPAUtagCONNECTDATA@@PAK@Z 10001a21 f i Totals.obj
 0001:00000af8       ?Skip@?$CComEnumImpl@UIEnumConnections@@$1?_GUID_b196b287_bab4_101a_b69c_00aa00341d07@@3U__s_GUID@@BUtagCONNECTDATA@@V?$_Copy@UtagCONNECTDATA@@@ATL@@@ATL@@UAGJK@Z 10001af8 f i Totals.obj
 0001:00000b25       ?Reset@?$CComEnumImpl@UIEnumConnectionPoints@@$1?_GUID_b196b285_bab4_101a_b69c_00aa00341d07@@3U__s_GUID@@BPAUIConnectionPoint@@V?$_CopyInterface@UIConnectionPoint@@@ATL@@@ATL@@UAGJXZ 10001b25 f i Totals.obj
 0001:00000b25       ?Reset@?$CComEnumImpl@UIEnumConnections@@$1?_GUID_b196b287_bab4_101a_b69c_00aa00341d07@@3U__s_GUID@@BUtagCONNECTDATA@@V?$_Copy@UtagCONNECTDATA@@@ATL@@@ATL@@UAGJXZ 10001b25 f i Totals.obj
 0001:00000b37       ?Clone@?$CComEnumImpl@UIEnumConnections@@$1?_GUID_b196b287_bab4_101a_b69c_00aa00341d07@@3U__s_GUID@@BUtagCONNECTDATA@@V?$_Copy@UtagCONNECTDATA@@@ATL@@@ATL@@UAGJPAPAUIEnumConnections@@@Z 10001b37 f i Totals.obj
 0001:00000c16       ?AddRef@?$CComObject@V?$CComEnum@UIEnumConnections@@$1?_GUID_b196b287_bab4_101a_b69c_00aa00341d07@@3U__s_GUID@@BUtagCONNECTDATA@@V?$_Copy@UtagCONNECTDATA@@@ATL@@VCComSingleThreadModel@6@@ATL@@@ATL@@UAGKXZ 10001c16 f i Totals.obj
 0001:00000c16       ?AddRef@?$CComObject@V?$CComEnum@UIEnumConnectionPoints@@$1?_GUID_b196b285_bab4_101a_b69c_00aa00341d07@@3U__s_GUID@@BPAUIConnectionPoint@@V?$_CopyInterface@UIConnectionPoint@@@ATL@@VCComSingleThreadModel@6@@ATL@@@ATL@@UAGKXZ 10001c16 f i Totals.obj
 0001:00000c27       ?Release@?$CComObject@V?$CComEnum@UIEnumConnections@@$1?_GUID_b196b287_bab4_101a_b69c_00aa00341d07@@3U__s_GUID@@BUtagCONNECTDATA@@V?$_Copy@UtagCONNECTDATA@@@ATL@@VCComSingleThreadModel@6@@ATL@@@ATL@@UAGKXZ 10001c27 f i Totals.obj
 0001:00000c27       ?Release@?$CComObject@V?$CComEnum@UIEnumConnectionPoints@@$1?_GUID_b196b285_bab4_101a_b69c_00aa00341d07@@3U__s_GUID@@BPAUIConnectionPoint@@V?$_CopyInterface@UIConnectionPoint@@@ATL@@VCComSingleThreadModel@6@@ATL@@@ATL@@UAGKXZ 10001c27 f i Totals.obj
 0001:00000c63       ?QueryInterface@?$CComObject@V?$CComEnum@UIEnumConnections@@$1?_GUID_b196b287_bab4_101a_b69c_00aa00341d07@@3U__s_GUID@@BUtagCONNECTDATA@@V?$_Copy@UtagCONNECTDATA@@@ATL@@VCComSingleThreadModel@6@@ATL@@@ATL@@UAGJABU_GUID@@PAPAX@Z 10001c63 f i Totals.obj
 0001:00000c7d       ??_E?$CComObject@V?$CComEnum@UIEnumConnections@@$1?_GUID_b196b287_bab4_101a_b69c_00aa00341d07@@3U__s_GUID@@BUtagCONNECTDATA@@V?$_Copy@UtagCONNECTDATA@@@ATL@@VCComSingleThreadModel@6@@ATL@@@ATL@@UAEPAXI@Z 10001c7d f i Totals.obj
 0001:00000c7d       ??_G?$CComObject@V?$CComEnum@UIEnumConnections@@$1?_GUID_b196b287_bab4_101a_b69c_00aa00341d07@@3U__s_GUID@@BUtagCONNECTDATA@@V?$_Copy@UtagCONNECTDATA@@@ATL@@VCComSingleThreadModel@6@@ATL@@@ATL@@UAEPAXI@Z 10001c7d f i Totals.obj
 0001:00000c9f       ??_E?$CComObject@VCOPOSTotals@@@ATL@@W3AEPAXI@Z 10001c9f f i Totals.obj
 0001:00000ca7       ??_E?$CComObject@VCOPOSTotals@@@ATL@@WEM@AEPAXI@Z 10001ca7 f i Totals.obj
 0001:00000caf       ?QueryInterface@?$CComObject@VCOPOSTotals@@@ATL@@WHA@AGJABU_GUID@@PAPAX@Z 10001caf f i Totals.obj
 0001:00000cb9       ?AddRef@?$CComObject@VCOPOSTotals@@@ATL@@WHA@AGKXZ 10001cb9 f i Totals.obj
 0001:00000cc3       ?Release@?$CComObject@VCOPOSTotals@@@ATL@@WHA@AGKXZ 10001cc3 f i Totals.obj
 0001:00000ccd       ?QueryInterface@?$CComObject@VCOPOSTotals@@@ATL@@WHE@AGJABU_GUID@@PAPAX@Z 10001ccd f i Totals.obj
 0001:00000cd7       ?AddRef@?$CComObject@VCOPOSTotals@@@ATL@@WHE@AGKXZ 10001cd7 f i Totals.obj
 0001:00000ce1       ?Release@?$CComObject@VCOPOSTotals@@@ATL@@WHE@AGKXZ 10001ce1 f i Totals.obj
 0001:00000ceb       ?QueryInterface@?$CComObject@VCOPOSTotals@@@ATL@@WHI@AGJABU_GUID@@PAPAX@Z 10001ceb f i Totals.obj
 0001:00000cf5       ?AddRef@?$CComObject@VCOPOSTotals@@@ATL@@WHI@AGKXZ 10001cf5 f i Totals.obj
 0001:00000cff       ?Release@?$CComObject@VCOPOSTotals@@@ATL@@WHI@AGKXZ 10001cff f i Totals.obj
 0001:00000d09       ?QueryInterface@?$CComObject@VCOPOSTotals@@@ATL@@WHM@AGJABU_GUID@@PAPAX@Z 10001d09 f i Totals.obj
 0001:00000d13       ?AddRef@?$CComObject@VCOPOSTotals@@@ATL@@WHM@AGKXZ 10001d13 f i Totals.obj
 0001:00000d1d       ?Release@?$CComObject@VCOPOSTotals@@@ATL@@WHM@AGKXZ 10001d1d f i Totals.obj
 0001:00000d27       ?QueryInterface@?$CComObject@VCOPOSTotals@@@ATL@@WIA@AGJABU_GUID@@PAPAX@Z 10001d27 f i Totals.obj
 0001:00000d34       ?AddRef@?$CComObject@VCOPOSTotals@@@ATL@@WIA@AGKXZ 10001d34 f i Totals.obj
 0001:00000d41       ?Release@?$CComObject@VCOPOSTotals@@@ATL@@WIA@AGKXZ 10001d41 f i Totals.obj
 0001:00000d4e       ?QueryInterface@?$CComObject@VCOPOSTotals@@@ATL@@WIE@AGJABU_GUID@@PAPAX@Z 10001d4e f i Totals.obj
 0001:00000d5b       ?AddRef@?$CComObject@VCOPOSTotals@@@ATL@@WIE@AGKXZ 10001d5b f i Totals.obj
 0001:00000d68       ?Release@?$CComObject@VCOPOSTotals@@@ATL@@WIE@AGKXZ 10001d68 f i Totals.obj
 0001:00000d75       ?QueryInterface@?$CComObject@VCOPOSTotals@@@ATL@@WII@AGJABU_GUID@@PAPAX@Z 10001d75 f i Totals.obj
 0001:00000d82       ?AddRef@?$CComObject@VCOPOSTotals@@@ATL@@WII@AGKXZ 10001d82 f i Totals.obj
 0001:00000d8f       ?Release@?$CComObject@VCOPOSTotals@@@ATL@@WII@AGKXZ 10001d8f f i Totals.obj
 0001:00000d9c       ?QueryInterface@?$CComObject@VCOPOSTotals@@@ATL@@WIM@AGJABU_GUID@@PAPAX@Z 10001d9c f i Totals.obj
 0001:00000da9       ?AddRef@?$CComObject@VCOPOSTotals@@@ATL@@WIM@AGKXZ 10001da9 f i Totals.obj
 0001:00000db6       ?Release@?$CComObject@VCOPOSTotals@@@ATL@@WIM@AGKXZ 10001db6 f i Totals.obj
 0001:00000dc3       ?QueryInterface@?$CComObject@VCOPOSTotals@@@ATL@@WJA@AGJABU_GUID@@PAPAX@Z 10001dc3 f i Totals.obj
 0001:00000dd0       ?AddRef@?$CComObject@VCOPOSTotals@@@ATL@@WJA@AGKXZ 10001dd0 f i Totals.obj
 0001:00000ddd       ?Release@?$CComObject@VCOPOSTotals@@@ATL@@WJA@AGKXZ 10001ddd f i Totals.obj
 0001:00000dea       ?QueryInterface@?$CComObject@VCOPOSTotals@@@ATL@@WJE@AGJABU_GUID@@PAPAX@Z 10001dea f i Totals.obj
 0001:00000df7       ?AddRef@?$CComObject@VCOPOSTotals@@@ATL@@WJE@AGKXZ 10001df7 f i Totals.obj
 0001:00000e04       ?Release@?$CComObject@VCOPOSTotals@@@ATL@@WJE@AGKXZ 10001e04 f i Totals.obj
 0001:00000e11       ?QueryInterface@?$CComObject@VCOPOSTotals@@@ATL@@WJI@AGJABU_GUID@@PAPAX@Z 10001e11 f i Totals.obj
 0001:00000e1e       ?AddRef@?$CComObject@VCOPOSTotals@@@ATL@@WJI@AGKXZ 10001e1e f i Totals.obj
 0001:00000e2b       ?Release@?$CComObject@VCOPOSTotals@@@ATL@@WJI@AGKXZ 10001e2b f i Totals.obj
 0001:00000e38       ?QueryInterface@?$CComObject@VCOPOSTotals@@@ATL@@WJM@AGJABU_GUID@@PAPAX@Z 10001e38 f i Totals.obj
 0001:00000e45       ?AddRef@?$CComObject@VCOPOSTotals@@@ATL@@WJM@AGKXZ 10001e45 f i Totals.obj
 0001:00000e52       ?Release@?$CComObject@VCOPOSTotals@@@ATL@@WJM@AGKXZ 10001e52 f i Totals.obj
 0001:00000e5f       ?QueryInterface@?$CComObject@VCOPOSTotals@@@ATL@@WKA@AGJABU_GUID@@PAPAX@Z 10001e5f f i Totals.obj
 0001:00000e6c       ?AddRef@?$CComObject@VCOPOSTotals@@@ATL@@WKA@AGKXZ 10001e6c f i Totals.obj
 0001:00000e79       ?Release@?$CComObject@VCOPOSTotals@@@ATL@@WKA@AGKXZ 10001e79 f i Totals.obj
 0001:00000e86       ?AddRef@?$CComObject@VCOPOSTotals@@@ATL@@WKI@AGKXZ 10001e86 f i Totals.obj
 0001:00000e93       ?Release@?$CComObject@VCOPOSTotals@@@ATL@@WKI@AGKXZ 10001e93 f i Totals.obj
 0001:00000ea0       ?AddRef@?$CComObject@VCOPOSTotals@@@ATL@@WLE@AGKXZ 10001ea0 f i Totals.obj
 0001:00000ead       ?Release@?$CComObject@VCOPOSTotals@@@ATL@@WLE@AGKXZ 10001ead f i Totals.obj
 0001:00000eba       ??_E?$CComContainedObject@VCOPOSTotals@@@ATL@@W3AEPAXI@Z 10001eba f i Totals.obj
 0001:00000ec2       ??_E?$CComContainedObject@VCOPOSTotals@@@ATL@@WEM@AEPAXI@Z 10001ec2 f i Totals.obj
 0001:00000eca       ?QueryInterface@?$CComContainedObject@VCOPOSTotals@@@ATL@@WHA@AGJABU_GUID@@PAPAX@Z 10001eca f i Totals.obj
 0001:00000ed4       ?AddRef@?$CComContainedObject@VCOPOSTotals@@@ATL@@WHA@AGKXZ 10001ed4 f i Totals.obj
 0001:00000ede       ?Release@?$CComContainedObject@VCOPOSTotals@@@ATL@@WHA@AGKXZ 10001ede f i Totals.obj
 0001:00000ee8       ?QueryInterface@?$CComContainedObject@VCOPOSTotals@@@ATL@@WHE@AGJABU_GUID@@PAPAX@Z 10001ee8 f i Totals.obj
 0001:00000ef2       ?AddRef@?$CComContainedObject@VCOPOSTotals@@@ATL@@WHE@AGKXZ 10001ef2 f i Totals.obj
 0001:00000efc       ?Release@?$CComContainedObject@VCOPOSTotals@@@ATL@@WHE@AGKXZ 10001efc f i Totals.obj
 0001:00000f06       ?QueryInterface@?$CComContainedObject@VCOPOSTotals@@@ATL@@WHI@AGJABU_GUID@@PAPAX@Z 10001f06 f i Totals.obj
 0001:00000f10       ?AddRef@?$CComContainedObject@VCOPOSTotals@@@ATL@@WHI@AGKXZ 10001f10 f i Totals.obj
 0001:00000f1a       ?Release@?$CComContainedObject@VCOPOSTotals@@@ATL@@WHI@AGKXZ 10001f1a f i Totals.obj
 0001:00000f24       ?QueryInterface@?$CComContainedObject@VCOPOSTotals@@@ATL@@WHM@AGJABU_GUID@@PAPAX@Z 10001f24 f i Totals.obj
 0001:00000f2e       ?AddRef@?$CComContainedObject@VCOPOSTotals@@@ATL@@WHM@AGKXZ 10001f2e f i Totals.obj
 0001:00000f38       ?Release@?$CComContainedObject@VCOPOSTotals@@@ATL@@WHM@AGKXZ 10001f38 f i Totals.obj
 0001:00000f42       ?QueryInterface@?$CComContainedObject@VCOPOSTotals@@@ATL@@WIA@AGJABU_GUID@@PAPAX@Z 10001f42 f i Totals.obj
 0001:00000f4f       ?AddRef@?$CComContainedObject@VCOPOSTotals@@@ATL@@WIA@AGKXZ 10001f4f f i Totals.obj
 0001:00000f5c       ?Release@?$CComContainedObject@VCOPOSTotals@@@ATL@@WIA@AGKXZ 10001f5c f i Totals.obj
 0001:00000f69       ?QueryInterface@?$CComContainedObject@VCOPOSTotals@@@ATL@@WIE@AGJABU_GUID@@PAPAX@Z 10001f69 f i Totals.obj
 0001:00000f76       ?AddRef@?$CComContainedObject@VCOPOSTotals@@@ATL@@WIE@AGKXZ 10001f76 f i Totals.obj
 0001:00000f83       ?Release@?$CComContainedObject@VCOPOSTotals@@@ATL@@WIE@AGKXZ 10001f83 f i Totals.obj
 0001:00000f90       ?QueryInterface@?$CComContainedObject@VCOPOSTotals@@@ATL@@WII@AGJABU_GUID@@PAPAX@Z 10001f90 f i Totals.obj
 0001:00000f9d       ?AddRef@?$CComContainedObject@VCOPOSTotals@@@ATL@@WII@AGKXZ 10001f9d f i Totals.obj
 0001:00000faa       ?Release@?$CComContainedObject@VCOPOSTotals@@@ATL@@WII@AGKXZ 10001faa f i Totals.obj
 0001:00000fb7       ?QueryInterface@?$CComContainedObject@VCOPOSTotals@@@ATL@@WIM@AGJABU_GUID@@PAPAX@Z 10001fb7 f i Totals.obj
 0001:00000fc4       ?AddRef@?$CComContainedObject@VCOPOSTotals@@@ATL@@WIM@AGKXZ 10001fc4 f i Totals.obj
 0001:00000fd1       ?Release@?$CComContainedObject@VCOPOSTotals@@@ATL@@WIM@AGKXZ 10001fd1 f i Totals.obj
 0001:00000fde       ?QueryInterface@?$CComContainedObject@VCOPOSTotals@@@ATL@@WJA@AGJABU_GUID@@PAPAX@Z 10001fde f i Totals.obj
 0001:00000feb       ?AddRef@?$CComContainedObject@VCOPOSTotals@@@ATL@@WJA@AGKXZ 10001feb f i Totals.obj
 0001:00000ff8       ?Release@?$CComContainedObject@VCOPOSTotals@@@ATL@@WJA@AGKXZ 10001ff8 f i Totals.obj
 0001:00001005       ?QueryInterface@?$CComContainedObject@VCOPOSTotals@@@ATL@@WJE@AGJABU_GUID@@PAPAX@Z 10002005 f i Totals.obj
 0001:00001012       ?AddRef@?$CComContainedObject@VCOPOSTotals@@@ATL@@WJE@AGKXZ 10002012 f i Totals.obj
 0001:0000101f       ?Release@?$CComContainedObject@VCOPOSTotals@@@ATL@@WJE@AGKXZ 1000201f f i Totals.obj
 0001:0000102c       ?QueryInterface@?$CComContainedObject@VCOPOSTotals@@@ATL@@WJI@AGJABU_GUID@@PAPAX@Z 1000202c f i Totals.obj
 0001:00001039       ?AddRef@?$CComContainedObject@VCOPOSTotals@@@ATL@@WJI@AGKXZ 10002039 f i Totals.obj
 0001:00001046       ?Release@?$CComContainedObject@VCOPOSTotals@@@ATL@@WJI@AGKXZ 10002046 f i Totals.obj
 0001:00001053       ?QueryInterface@?$CComContainedObject@VCOPOSTotals@@@ATL@@WJM@AGJABU_GUID@@PAPAX@Z 10002053 f i Totals.obj
 0001:00001060       ?AddRef@?$CComContainedObject@VCOPOSTotals@@@ATL@@WJM@AGKXZ 10002060 f i Totals.obj
 0001:0000106d       ?Release@?$CComContainedObject@VCOPOSTotals@@@ATL@@WJM@AGKXZ 1000206d f i Totals.obj
 0001:0000107a       ?QueryInterface@?$CComContainedObject@VCOPOSTotals@@@ATL@@WKA@AGJABU_GUID@@PAPAX@Z 1000207a f i Totals.obj
 0001:00001087       ?AddRef@?$CComContainedObject@VCOPOSTotals@@@ATL@@WKA@AGKXZ 10002087 f i Totals.obj
 0001:00001094       ?Release@?$CComContainedObject@VCOPOSTotals@@@ATL@@WKA@AGKXZ 10002094 f i Totals.obj
 0001:000010a1       ?AddRef@?$CComContainedObject@VCOPOSTotals@@@ATL@@WKI@AGKXZ 100020a1 f i Totals.obj
 0001:000010ae       ?Release@?$CComContainedObject@VCOPOSTotals@@@ATL@@WKI@AGKXZ 100020ae f i Totals.obj
 0001:000010bb       ?AddRef@?$CComContainedObject@VCOPOSTotals@@@ATL@@WLE@AGKXZ 100020bb f i Totals.obj
 0001:000010c8       ?Release@?$CComContainedObject@VCOPOSTotals@@@ATL@@WLE@AGKXZ 100020c8 f i Totals.obj
 0001:000010d5       ?Lock@CAtlModule@ATL@@UAEJXZ 100020d5 f i Totals.obj
 0001:000010df       ?Unlock@CAtlModule@ATL@@UAEJXZ 100020df f i Totals.obj
 0001:000010e9       ?GetLockCount@CAtlModule@ATL@@UAEJXZ 100020e9 f i Totals.obj
 0001:000010ed       ?GetGITPtr@CAtlModule@ATL@@UAEJPAPAUIGlobalInterfaceTable@@@Z 100020ed f i Totals.obj
 0001:00001139       ?AddCommonRGSReplacements@?$CAtlModuleT@VCComModule@ATL@@@ATL@@UAEJPAUIRegistrarBase@@@Z 10002139 f i Totals.obj
 0001:00001153       ?UpdateRegistryFromResourceD@CComModule@ATL@@UAGJIHPAU_ATL_REGMAP_ENTRY@2@@Z 10002153 f i Totals.obj
 0001:00001153       ?UpdateRegistryFromResourceD@CComModule@ATL@@UAGJPB_WHPAU_ATL_REGMAP_ENTRY@2@@Z 10002153 f i Totals.obj
 0001:0000115b       ?UpdateRegistryFromResource@CComModule@ATL@@UAGJPB_WHPAU_ATL_REGMAP_ENTRY@2@@Z 1000215b f i Totals.obj
 0001:00001164       ?UpdateRegistryFromResource@CComModule@ATL@@UAGJIHPAU_ATL_REGMAP_ENTRY@2@@Z 10002164 f i Totals.obj
 0001:0000116d       ??_GCComModule@ATL@@UAEPAXI@Z 1000216d f i Totals.obj
 0001:0000116d       ??_ECComModule@ATL@@UAEPAXI@Z 1000216d f i Totals.obj
 0001:00001195       ?GetWindowProc@?$CWindowImplBaseT@VCWindow@ATL@@V?$CWinTraits@$0FGAAAAAA@$0A@@2@@ATL@@UAEP6GJPAUHWND__@@IIJ@ZXZ 10002195 f i Totals.obj
 0001:0000119b       ?StartWindowProc@?$CWindowImplBaseT@VCWindow@ATL@@V?$CWinTraits@$0FGAAAAAA@$0A@@2@@ATL@@SGJPAUHWND__@@IIJ@Z 1000219b f i Totals.obj
 0001:000011ef       ?GetTypeInfoCount@?$IDispatchImpl@UIOPOSTotals@@$1?IID_IOPOSTotals@@3U_GUID@@B$1?LIBID_OposTotals_CCO@@3U3@B$00$0A@VCComTypeInfoHolder@ATL@@@ATL@@UAGJPAI@Z 100021ef f i Totals.obj
 0001:0000120c       ?GetTypeInfo@?$IDispatchImpl@UIOPOSTotals@@$1?IID_IOPOSTotals@@3U_GUID@@B$1?LIBID_OposTotals_CCO@@3U3@B$00$0A@VCComTypeInfoHolder@ATL@@@ATL@@UAGJIKPAPAUITypeInfo@@@Z 1000220c f i Totals.obj
 0001:00001230       ?GetIDsOfNames@?$IDispatchImpl@UIOPOSTotals@@$1?IID_IOPOSTotals@@3U_GUID@@B$1?LIBID_OposTotals_CCO@@3U3@B$00$0A@VCComTypeInfoHolder@ATL@@@ATL@@UAGJABU_GUID@@PAPA_WIKPAJ@Z 10002230 f i Totals.obj
 0001:00001250       ?Invoke@?$IDispatchImpl@UIOPOSTotals@@$1?IID_IOPOSTotals@@3U_GUID@@B$1?LIBID_OposTotals_CCO@@3U3@B$00$0A@VCComTypeInfoHolder@ATL@@@ATL@@UAGJJABU_GUID@@KGPAUtagDISPPARAMS@@PAUtagVARIANT@@PAUtagEXCEPINFO@@PAI@Z 10002250 f i Totals.obj
 0001:0000125e       ?CreateControlWindow@?$CComControl@VCOPOSTotals@@V?$CWindowImpl@VCOPOSTotals@@VCWindow@ATL@@V?$CWinTraits@$0FGAAAAAA@$0A@@3@@ATL@@@ATL@@UAEPAUHWND__@@PAU3@AAUtagRECT@@@Z 1000225e f i Totals.obj
 0001:0000128d       ?ControlQueryInterface@?$CComControl@VCOPOSTotals@@V?$CWindowImpl@VCOPOSTotals@@VCWindow@ATL@@V?$CWinTraits@$0FGAAAAAA@$0A@@3@@ATL@@@ATL@@UAEJABU_GUID@@PAPAX@Z 1000228d f i Totals.obj
 0001:000012a8       ?GetClassID@?$IPersistStreamInitImpl@VCOPOSTotals@@@ATL@@UAGJPAU_GUID@@@Z 100022a8 f i Totals.obj
 0001:000012a8       ?GetUserClassID@?$IOleObjectImpl@VCOPOSTotals@@@ATL@@UAGJPAU_GUID@@@Z 100022a8 f i Totals.obj
 0001:000012a8       ?GetClassID@?$IPersistStorageImpl@VCOPOSTotals@@@ATL@@UAGJPAU_GUID@@@Z 100022a8 f i Totals.obj
 0001:000012cc       ?IsDirty@?$IPersistStreamInitImpl@VCOPOSTotals@@@ATL@@UAGJXZ 100022cc f i Totals.obj
 0001:000012eb       ?Load@?$IPersistStreamInitImpl@VCOPOSTotals@@@ATL@@UAGJPAUIStream@@@Z 100022eb f i Totals.obj
 0001:0000130a       ?Save@?$IPersistStreamInitImpl@VCOPOSTotals@@@ATL@@UAGJPAUIStream@@H@Z 1000230a f i Totals.obj
 0001:0000132c       ?GetSizeMax@?$IPersistStreamInitImpl@VCOPOSTotals@@@ATL@@UAGJPAT_ULARGE_INTEGER@@@Z 1000232c f i Totals.obj
 0001:000014e1       ?InitNew@?$IPersistStreamInitImpl@VCOPOSTotals@@@ATL@@UAGJXZ 100024e1 f i Totals.obj
 0001:000014fe       ?OnMnemonic@?$IOleControlImpl@VCOPOSTotals@@@ATL@@UAGJPAUtagMSG@@@Z 100024fe f i Totals.obj
 0001:000014fe       ?GetControlInfo@?$IOleControlImpl@VCOPOSTotals@@@ATL@@UAGJPAUtagCONTROLINFO@@@Z 100024fe f i Totals.obj
 0001:000014fe       ?Unfreeze@?$IViewObjectExImpl@VCOPOSTotals@@@ATL@@UAGJK@Z 100024fe f i Totals.obj
 0001:000014fe       ?QueryGetData@?$IDataObjectImpl@VCOPOSTotals@@@ATL@@UAGJPAUtagFORMATETC@@@Z 100024fe f i Totals.obj
 0001:000014fe       ?SODataDummy@COPOSTotals@@MAGJJ@Z 100024fe f i Totals.obj
 0001:000014fe       ?SetColorScheme@?$IOleObjectImpl@VCOPOSTotals@@@ATL@@UAGJPAUtagLOGPALETTE@@@Z 100024fe f i Totals.obj
 0001:000014fe       ?GetDropTarget@?$IOleInPlaceObjectWindowlessImpl@VCOPOSTotals@@@ATL@@UAGJPAPAUIDropTarget@@@Z 100024fe f i Totals.obj
 0001:000014fe       ?ContextSensitiveHelp@?$IOleInPlaceActiveObjectImpl@VCOPOSTotals@@@ATL@@UAGJH@Z 100024fe f i Totals.obj
 0001:000014fe       ?ContextSensitiveHelp@?$IOleInPlaceObjectWindowlessImpl@VCOPOSTotals@@@ATL@@UAGJH@Z 100024fe f i Totals.obj
 0001:000014fe       ?SOOutputCompleteDummy@COPOSTotals@@MAGJJ@Z 100024fe f i Totals.obj
 0001:00001506       ?SaveCompleted@?$IPersistStorageImpl@VCOPOSTotals@@@ATL@@UAGJPAUIStorage@@@Z 10002506 f i Totals.obj
 0001:00001506       ?OnFrameWindowActivate@?$IOleInPlaceActiveObjectImpl@VCOPOSTotals@@@ATL@@UAGJH@Z 10002506 f i Totals.obj
 0001:00001506       ?EnableModeless@?$IOleInPlaceActiveObjectImpl@VCOPOSTotals@@@ATL@@UAGJH@Z 10002506 f i Totals.obj
 0001:00001506       ?OnAmbientPropertyChange@?$IOleControlImpl@VCOPOSTotals@@@ATL@@UAGJJ@Z 10002506 f i Totals.obj
 0001:0000150b       ?SetClientSite@?$IOleObjectImpl@VCOPOSTotals@@@ATL@@UAGJPAUIOleClientSite@@@Z 1000250b f i Totals.obj
 0001:00001528       ?GetClientSite@?$IOleObjectImpl@VCOPOSTotals@@@ATL@@UAGJPAPAUIOleClientSite@@@Z 10002528 f i Totals.obj
 0001:00001545       ?SetHostNames@?$IOleObjectImpl@VCOPOSTotals@@@ATL@@UAGJPB_W0@Z 10002545 f i Totals.obj
 0001:0000154a       ?Close@?$IOleObjectImpl@VCOPOSTotals@@@ATL@@UAGJK@Z 1000254a f i Totals.obj
 0001:00001567       ?GetClipboardData@?$IOleObjectImpl@VCOPOSTotals@@@ATL@@UAGJKPAPAUIDataObject@@@Z 10002567 f i Totals.obj
 0001:00001567       ?GetDataHere@?$IDataObjectImpl@VCOPOSTotals@@@ATL@@UAGJPAUtagFORMATETC@@PAUtagSTGMEDIUM@@@Z 10002567 f i Totals.obj
 0001:00001567       ?SetMoniker@?$IOleObjectImpl@VCOPOSTotals@@@ATL@@UAGJKPAUIMoniker@@@Z 10002567 f i Totals.obj
 0001:00001567       ?EnumFormatEtc@?$IDataObjectImpl@VCOPOSTotals@@@ATL@@UAGJKPAPAUIEnumFORMATETC@@@Z 10002567 f i Totals.obj
 0001:00001567       ?GetCanonicalFormatEtc@?$IDataObjectImpl@VCOPOSTotals@@@ATL@@UAGJPAUtagFORMATETC@@0@Z 10002567 f i Totals.obj
 0001:00001567       ?QueryInterface@CRegObject@ATL@@UAGJABU_GUID@@PAPAX@Z 10002567 f i Totals.obj
 0001:00001567       ?GetRect@?$IViewObjectExImpl@VCOPOSTotals@@@ATL@@UAGJKPAU_RECTL@@@Z 10002567 f i Totals.obj
 0001:0000156f       ?InitFromData@?$IOleObjectImpl@VCOPOSTotals@@@ATL@@UAGJPAUIDataObject@@HK@Z 1000256f f i Totals.obj
 0001:0000156f       ?SetData@?$IDataObjectImpl@VCOPOSTotals@@@ATL@@UAGJPAUtagFORMATETC@@PAUtagSTGMEDIUM@@H@Z 1000256f f i Totals.obj
 0001:0000156f       ?GetMoniker@?$IOleObjectImpl@VCOPOSTotals@@@ATL@@UAGJKKPAPAUIMoniker@@@Z 1000256f f i Totals.obj
 0001:00001577       ?DoVerb@?$IOleObjectImpl@VCOPOSTotals@@@ATL@@UAGJJPAUtagMSG@@PAUIOleClientSite@@JPAUHWND__@@PBUtagRECT@@@Z 10002577 f i Totals.obj
 0001:0000168f       ?EnumVerbs@?$IOleObjectImpl@VCOPOSTotals@@@ATL@@UAGJPAPAUIEnumOLEVERB@@@Z 1000268f f i Totals.obj
 0001:000016b1       ?IsUpToDate@?$IOleObjectImpl@VCOPOSTotals@@@ATL@@UAGJXZ 100026b1 f i Totals.obj
 0001:000016b1       ?Release@CRegObject@ATL@@UAGKXZ 100026b1 f i Totals.obj
 0001:000016b1       ?HandsOffStorage@?$IPersistStorageImpl@VCOPOSTotals@@@ATL@@UAGJXZ 100026b1 f i Totals.obj
 0001:000016b1       ?Update@?$IOleObjectImpl@VCOPOSTotals@@@ATL@@UAGJXZ 100026b1 f i Totals.obj
 0001:000016b6       ?GetUserType@?$IOleObjectImpl@VCOPOSTotals@@@ATL@@UAGJKPAPA_W@Z 100026b6 f i Totals.obj
 0001:000016ce       ?SetExtent@?$IOleObjectImpl@VCOPOSTotals@@@ATL@@UAGJKPAUtagSIZE@@@Z 100026ce f i Totals.obj
 0001:000016ee       ?GetExtent@?$IOleObjectImpl@VCOPOSTotals@@@ATL@@UAGJKPAUtagSIZE@@@Z 100026ee f i Totals.obj
 0001:0000172c       ?Advise@?$IOleObjectImpl@VCOPOSTotals@@@ATL@@UAGJPAUIAdviseSink@@PAK@Z 1000272c f i Totals.obj
 0001:0000174c       ?Unadvise@?$IOleObjectImpl@VCOPOSTotals@@@ATL@@UAGJK@Z 1000274c f i Totals.obj
 0001:0000177b       ?EnumAdvise@?$IOleObjectImpl@VCOPOSTotals@@@ATL@@UAGJPAPAUIEnumSTATDATA@@@Z 1000277b f i Totals.obj
 0001:000017bb       ?GetMiscStatus@?$IOleObjectImpl@VCOPOSTotals@@@ATL@@UAGJKPAK@Z 100027bb f i Totals.obj
 0001:000017d3       ?GetWindow@?$IOleInPlaceActiveObjectImpl@VCOPOSTotals@@@ATL@@UAGJPAPAUHWND__@@@Z 100027d3 f i Totals.obj
 0001:00001820       ?TranslateAcceleratorW@?$IOleInPlaceActiveObjectImpl@VCOPOSTotals@@@ATL@@UAGJPAUtagMSG@@@Z 10002820 f i Totals.obj
 0001:000018be       ?OnDocWindowActivate@?$IOleInPlaceActiveObjectImpl@VCOPOSTotals@@@ATL@@UAGJH@Z 100028be f i Totals.obj
 0001:000018e0       ?ResizeBorder@?$IOleInPlaceActiveObjectImpl@VCOPOSTotals@@@ATL@@UAGJPBUtagRECT@@PAUIOleInPlaceUIWindow@@H@Z 100028e0 f i Totals.obj
 0001:000018e5       ?Draw@?$IViewObjectExImpl@VCOPOSTotals@@@ATL@@UAGJKJPAXPAUtagDVTARGETDEVICE@@PAUHDC__@@2PBU_RECTL@@3P6GHK@ZK@Z 100028e5 f i Totals.obj
 0001:00001917       ?GetColorSet@?$IViewObjectExImpl@VCOPOSTotals@@@ATL@@UAGJKJPAXPAUtagDVTARGETDEVICE@@PAUHDC__@@PAPAUtagLOGPALETTE@@@Z 10002917 f i Totals.obj
 0001:0000191f       ?SOErrorDummy@COPOSTotals@@MAGJJJJPAJ@Z 1000291f f i Totals.obj
 0001:0000191f       ?Freeze@?$IViewObjectExImpl@VCOPOSTotals@@@ATL@@UAGJKJPAXPAK@Z 1000291f f i Totals.obj
 0001:00001927       ?SetAdvise@?$IViewObjectExImpl@VCOPOSTotals@@@ATL@@UAGJKKPAUIAdviseSink@@@Z 10002927 f i Totals.obj
 0001:00001946       ?GetAdvise@?$IViewObjectExImpl@VCOPOSTotals@@@ATL@@UAGJPAK0PAPAUIAdviseSink@@@Z 10002946 f i Totals.obj
 0001:0000197b       ?GetExtent@?$IViewObjectExImpl@VCOPOSTotals@@@ATL@@UAGJKJPAUtagDVTARGETDEVICE@@PAUtagSIZE@@@Z 1000297b f i Totals.obj
 0001:000019ac       ?GetViewStatus@?$IViewObjectExImpl@VCOPOSTotals@@@ATL@@UAGJPAK@Z 100029ac f i Totals.obj
 0001:000019c9       ?QueryHitPoint@?$IViewObjectExImpl@VCOPOSTotals@@@ATL@@UAGJKPBUtagRECT@@UtagPOINT@@JPAK@Z 100029c9 f i Totals.obj
 0001:00001a0a       ?QueryHitRect@?$IViewObjectExImpl@VCOPOSTotals@@@ATL@@UAGJKPBUtagRECT@@0JPAK@Z 10002a0a f i Totals.obj
 0001:00001a65       ?GetNaturalExtent@?$IViewObjectExImpl@VCOPOSTotals@@@ATL@@UAGJKJPAUtagDVTARGETDEVICE@@PAUHDC__@@PAUtagExtentInfo@@PAUtagSIZE@@@Z 10002a65 f i Totals.obj
 0001:00001ab0       ?GetWindow@?$IOleInPlaceObjectWindowlessImpl@VCOPOSTotals@@@ATL@@UAGJPAPAUHWND__@@@Z 10002ab0 f i Totals.obj
 0001:00001afd       ?InPlaceDeactivate@?$IOleInPlaceObjectWindowlessImpl@VCOPOSTotals@@@ATL@@UAGJXZ 10002afd f i Totals.obj
 0001:00001b17       ?UIDeactivate@?$IOleInPlaceObjectWindowlessImpl@VCOPOSTotals@@@ATL@@UAGJXZ 10002b17 f i Totals.obj
 0001:00001b31       ?SetObjectRects@?$IOleInPlaceObjectWindowlessImpl@VCOPOSTotals@@@ATL@@UAGJPBUtagRECT@@0@Z 10002b31 f i Totals.obj
 0001:00001b51       ?ReactivateAndUndo@?$IOleInPlaceObjectWindowlessImpl@VCOPOSTotals@@@ATL@@UAGJXZ 10002b51 f i Totals.obj
 0001:00001b59       ?OnWindowMessage@?$IOleInPlaceObjectWindowlessImpl@VCOPOSTotals@@@ATL@@UAGJIIJPAJ@Z 10002b59 f i Totals.obj
 0001:00001bc9       ?EnumConnectionPoints@?$IConnectionPointContainerImpl@VCOPOSTotals@@@ATL@@UAGJPAPAUIEnumConnectionPoints@@@Z 10002bc9 f i Totals.obj
 0001:00001d43       ?FindConnectionPoint@?$IConnectionPointContainerImpl@VCOPOSTotals@@@ATL@@UAGJABU_GUID@@PAPAUIConnectionPoint@@@Z 10002d43 f i Totals.obj
 0001:00001de6       ?IsDirty@?$IPersistStorageImpl@VCOPOSTotals@@@ATL@@UAGJXZ 10002de6 f i Totals.obj
 0001:00001e1a       ?InitNew@?$IPersistStorageImpl@VCOPOSTotals@@@ATL@@UAGJPAUIStorage@@@Z 10002e1a f i Totals.obj
 0001:00001e4e       ?Load@?$IPersistStorageImpl@VCOPOSTotals@@@ATL@@UAGJPAUIStorage@@@Z 10002e4e f i Totals.obj
 0001:00001eba       ?Save@?$IPersistStorageImpl@VCOPOSTotals@@@ATL@@UAGJPAUIStorage@@H@Z 10002eba f i Totals.obj
 0001:00001f2d       ?GetPages@?$ISpecifyPropertyPagesImpl@VCOPOSTotals@@@ATL@@UAGJPAUtagCAUUID@@@Z 10002f2d f i Totals.obj
 0001:00001f44       ?QuickActivate@?$IQuickActivateImpl@VCOPOSTotals@@@ATL@@UAGJPAUtagQACONTAINER@@PAUtagQACONTROL@@@Z 10002f44 f i Totals.obj
 0001:00001f67       ?SetContentExtent@?$IQuickActivateImpl@VCOPOSTotals@@@ATL@@UAGJPAUtagSIZE@@@Z 10002f67 f i Totals.obj
 0001:00001f93       ?GetContentExtent@?$IQuickActivateImpl@VCOPOSTotals@@@ATL@@UAGJPAUtagSIZE@@@Z 10002f93 f i Totals.obj
 0001:00001fb3       ?GetData@?$IDataObjectImpl@VCOPOSTotals@@@ATL@@UAGJPAUtagFORMATETC@@PAUtagSTGMEDIUM@@@Z 10002fb3 f i Totals.obj
 0001:00001fd6       ?DAdvise@?$IDataObjectImpl@VCOPOSTotals@@@ATL@@UAGJPAUtagFORMATETC@@KPAUIAdviseSink@@PAK@Z 10002fd6 f i Totals.obj
 0001:00002017       ?DUnadvise@?$IDataObjectImpl@VCOPOSTotals@@@ATL@@UAGJK@Z 10003017 f i Totals.obj
 0001:00002045       ?EnumDAdvise@?$IDataObjectImpl@VCOPOSTotals@@@ATL@@UAGJPAPAUIEnumSTATDATA@@@Z 10003045 f i Totals.obj
 0001:00002084       ?GetClassInfoW@?$IProvideClassInfo2Impl@$1?CLSID_OPOSTotals@@3U_GUID@@B$1?DIID__IOPOSTotalsEvents@@3U2@B$1?LIBID_OposTotals_CCO@@3U2@B$00$0A@VCComTypeInfoHolder@ATL@@@ATL@@UAGJPAPAUITypeInfo@@@Z 10003084 f i Totals.obj
 0001:0000209a       ?GetGUID@?$IProvideClassInfo2Impl@$1?CLSID_OPOSTotals@@3U_GUID@@B$1?DIID__IOPOSTotalsEvents@@3U2@B$1?LIBID_OposTotals_CCO@@3U2@B$00$0A@VCComTypeInfoHolder@ATL@@@ATL@@UAGJKPAU_GUID@@@Z 1000309a f i Totals.obj
 0001:000020d8       __get_startup_argv_mode    100030d8 f i LIBCMT:argv_mode.obj
 0001:000020d8       ?FAccessAllowed@?$IObjectSafetyImpl@VCOPOSTotals@@$02@ATL@@MAEHXZ 100030d8 f i Totals.obj
 0001:000020dc       ?GetInterfaceSafetyOptions@?$IObjectSafetyImpl@VCOPOSTotals@@$02@ATL@@UAGJABU_GUID@@PAK1@Z 100030dc f i Totals.obj
 0001:00002150       ?SetInterfaceSafetyOptions@?$IObjectSafetyImpl@VCOPOSTotals@@$02@ATL@@UAGJABU_GUID@@KK@Z 10003150 f i Totals.obj
 0001:000021ca       ?_LocCPQueryInterface@?$IConnectionPointImpl@VCOPOSTotals@@$1?DIID__IOPOSTotalsEvents@@3U_GUID@@BVCComDynamicUnkArray@ATL@@@ATL@@UAGJABU_GUID@@PAPAX@Z 100031ca f i Totals.obj
 0001:000021ca       ?_LocCPQueryInterface@?$IConnectionPointImpl@VCOPOSTotals@@$1?IID_IPropertyNotifySink@@3U_GUID@@BVCComDynamicUnkArray@ATL@@@ATL@@UAGJABU_GUID@@PAPAX@Z 100031ca f i Totals.obj
 0001:00002217       ?GetConnectionInterface@?$IConnectionPointImpl@VCOPOSTotals@@$1?IID_IPropertyNotifySink@@3U_GUID@@BVCComDynamicUnkArray@ATL@@@ATL@@UAGJPAU_GUID@@@Z 10003217 f i Totals.obj
 0001:0000223b       ?GetConnectionPointContainer@?$IConnectionPointImpl@VCOPOSTotals@@$1?IID_IPropertyNotifySink@@3U_GUID@@BVCComDynamicUnkArray@ATL@@@ATL@@UAGJPAPAUIConnectionPointContainer@@@Z 1000323b f i Totals.obj
 0001:0000225e       ?Advise@?$IConnectionPointImpl@VCOPOSTotals@@$1?IID_IPropertyNotifySink@@3U_GUID@@BVCComDynamicUnkArray@ATL@@@ATL@@UAGJPAUIUnknown@@PAK@Z 1000325e f i Totals.obj
 0001:0000225e       ?Advise@?$IConnectionPointImpl@VCOPOSTotals@@$1?DIID__IOPOSTotalsEvents@@3U_GUID@@BVCComDynamicUnkArray@ATL@@@ATL@@UAGJPAUIUnknown@@PAK@Z 1000325e f i Totals.obj
 0001:000022ff       ?Unadvise@?$IConnectionPointImpl@VCOPOSTotals@@$1?DIID__IOPOSTotalsEvents@@3U_GUID@@BVCComDynamicUnkArray@ATL@@@ATL@@UAGJK@Z 100032ff f i Totals.obj
 0001:000022ff       ?Unadvise@?$IConnectionPointImpl@VCOPOSTotals@@$1?IID_IPropertyNotifySink@@3U_GUID@@BVCComDynamicUnkArray@ATL@@@ATL@@UAGJK@Z 100032ff f i Totals.obj
 0001:0000233f       ?EnumConnections@?$IConnectionPointImpl@VCOPOSTotals@@$1?IID_IPropertyNotifySink@@3U_GUID@@BVCComDynamicUnkArray@ATL@@@ATL@@UAGJPAPAUIEnumConnections@@@Z 1000333f f i Totals.obj
 0001:0000233f       ?EnumConnections@?$IConnectionPointImpl@VCOPOSTotals@@$1?DIID__IOPOSTotalsEvents@@3U_GUID@@BVCComDynamicUnkArray@ATL@@@ATL@@UAGJPAPAUIEnumConnections@@@Z 1000333f f i Totals.obj
 0001:00002445       ?GetConnectionInterface@?$IConnectionPointImpl@VCOPOSTotals@@$1?DIID__IOPOSTotalsEvents@@3U_GUID@@BVCComDynamicUnkArray@ATL@@@ATL@@UAGJPAU_GUID@@@Z 10003445 f i Totals.obj
 0001:00002469       ?GetConnectionPointContainer@?$IConnectionPointImpl@VCOPOSTotals@@$1?DIID__IOPOSTotalsEvents@@3U_GUID@@BVCComDynamicUnkArray@ATL@@@ATL@@UAGJPAPAUIConnectionPointContainer@@@Z 10003469 f i Totals.obj
 0001:0000248c       ?AddRef@CRegObject@ATL@@UAGKXZ 1000348c f i Totals.obj
 0001:00002492       ?AddReplacement@CRegObject@ATL@@UAGJPB_W0@Z 10003492 f i Totals.obj
 0001:000024cb       ?ClearReplacements@CRegObject@ATL@@UAGJXZ 100034cb f i Totals.obj
 0001:000024dd       ??_ECRegObject@ATL@@UAEPAXI@Z 100034dd f i Totals.obj
 0001:000024dd       ??_GCRegObject@ATL@@UAEPAXI@Z 100034dd f i Totals.obj
 0001:000024ff       ?UpdateRegistry@COPOSTotals@@SGJH@Z 100034ff f i Totals.obj
 0001:00002517       ?ProcessWindowMessage@COPOSTotals@@UAEHPAUHWND__@@IIJAAJK@Z 10003517 f i Totals.obj
 0001:00002560       ?SODirectIO@COPOSTotals@@MAGJJPAJPAPA_W@Z 10003560 f i Totals.obj
 0001:000025a9       ?SOStatusUpdate@COPOSTotals@@MAGJJ@Z 100035a9 f i Totals.obj
 0001:000025e2       ?CreateInstance@?$CComCreator@V?$CComObjectCached@VCComClassFactory@ATL@@@ATL@@@ATL@@SGJPAXABU_GUID@@PAPAX@Z 100035e2 f i Totals.obj
 0001:00002675       ?CreateInstance@?$CComCreator2@V?$CComCreator@V?$CComObject@VCOPOSTotals@@@ATL@@@ATL@@V?$CComCreator@V?$CComAggObject@VCOPOSTotals@@@ATL@@@2@@ATL@@SGJPAXABU_GUID@@PAPAX@Z 10003675 f i Totals.obj
 0001:00002695       ?Next@?$CComEnumImpl@UIEnumConnectionPoints@@$1?_GUID_b196b285_bab4_101a_b69c_00aa00341d07@@3U__s_GUID@@BPAUIConnectionPoint@@V?$_CopyInterface@UIConnectionPoint@@@ATL@@@ATL@@UAGJKPAPAUIConnectionPoint@@PAK@Z 10003695 f i Totals.obj
 0001:0000276c       ?Skip@?$CComEnumImpl@UIEnumConnectionPoints@@$1?_GUID_b196b285_bab4_101a_b69c_00aa00341d07@@3U__s_GUID@@BPAUIConnectionPoint@@V?$_CopyInterface@UIConnectionPoint@@@ATL@@@ATL@@UAGJK@Z 1000376c f i Totals.obj
 0001:00002799       ?Clone@?$CComEnumImpl@UIEnumConnectionPoints@@$1?_GUID_b196b285_bab4_101a_b69c_00aa00341d07@@3U__s_GUID@@BPAUIConnectionPoint@@V?$_CopyInterface@UIConnectionPoint@@@ATL@@@ATL@@UAGJPAPAUIEnumConnectionPoints@@@Z 10003799 f i Totals.obj
 0001:00002878       ?QueryInterface@?$CComObject@V?$CComEnum@UIEnumConnectionPoints@@$1?_GUID_b196b285_bab4_101a_b69c_00aa00341d07@@3U__s_GUID@@BPAUIConnectionPoint@@V?$_CopyInterface@UIConnectionPoint@@@ATL@@VCComSingleThreadModel@6@@ATL@@@ATL@@UAGJABU_GUID@@PAPAX@Z 10003878 f i Totals.obj
 0001:00002892       ??_E?$CComObject@V?$CComEnum@UIEnumConnectionPoints@@$1?_GUID_b196b285_bab4_101a_b69c_00aa00341d07@@3U__s_GUID@@BPAUIConnectionPoint@@V?$_CopyInterface@UIConnectionPoint@@@ATL@@VCComSingleThreadModel@6@@ATL@@@ATL@@UAEPAXI@Z 10003892 f i Totals.obj
 0001:00002892       ??_G?$CComObject@V?$CComEnum@UIEnumConnectionPoints@@$1?_GUID_b196b285_bab4_101a_b69c_00aa00341d07@@3U__s_GUID@@BPAUIConnectionPoint@@V?$_CopyInterface@UIConnectionPoint@@@ATL@@VCComSingleThreadModel@6@@ATL@@@ATL@@UAEPAXI@Z 10003892 f i Totals.obj
 0001:000028b4       ??$?4UITypeInfo2@@@?$CComPtr@UITypeInfo@@@ATL@@QAEPAUITypeInfo@@ABV?$CComPtr@UITypeInfo2@@@1@@Z 100038b4 f i Totals.obj
 0001:000028e1       ??$AtlAdd@K@ATL@@YAJPAKKK@Z 100038e1 f i Totals.obj
 0001:00002904       ??$AtlAdd@_K@ATL@@YAJPA_K_K1@Z 10003904 f i Totals.obj
 0001:0000293c       ??$AtlAddThrow@K@ATL@@YAKKK@Z 1000393c f i Totals.obj
 0001:00002962       ??$AtlModuleRegisterWndClassInfoT@VAtlModuleRegisterWndClassInfoParamW@ATL@@@ATL@@YAGPAU_ATL_BASE_MODULE70@0@PAU_ATL_WIN_MODULE70@0@PAU_ATL_WNDCLASSINFOW@0@PAP6GJPAUHWND__@@IIJ@ZVAtlModuleRegisterWndClassInfoParamW@0@@Z 10003962 f i Totals.obj
 0001:00002ab0       ??$AtlMultiply@H@ATL@@YAJPAHHH@Z 10003ab0 f i Totals.obj
 0001:00002ae8       ??$AtlMultiply@I@ATL@@YAJPAIII@Z 10003ae8 f i Totals.obj
 0001:00002ae8       ??$AtlMultiply@K@ATL@@YAJPAKKK@Z 10003ae8 f i Totals.obj
 0001:00002b0a       ??$AtlMultiplyThrow@I@ATL@@YAIII@Z 10003b0a f i Totals.obj
 0001:00002b30       ??0?$CComAggObject@VCOPOSTotals@@@ATL@@QAE@PAX@Z 10003b30 f i Totals.obj
 0001:00002b5d       ??0?$CComContainedObject@VCOPOSTotals@@@ATL@@QAE@PAX@Z 10003b5d f i Totals.obj
 0001:00002c16       ??0?$CComObject@V?$CComEnum@UIEnumConnectionPoints@@$1?_GUID_b196b285_bab4_101a_b69c_00aa00341d07@@3U__s_GUID@@BPAUIConnectionPoint@@V?$_CopyInterface@UIConnectionPoint@@@ATL@@VCComSingleThreadModel@6@@ATL@@@ATL@@QAE@PAX@Z 10003c16 f i Totals.obj
 0001:00002c44       ??0?$CComObject@V?$CComEnum@UIEnumConnections@@$1?_GUID_b196b287_bab4_101a_b69c_00aa00341d07@@3U__s_GUID@@BUtagCONNECTDATA@@V?$_Copy@UtagCONNECTDATA@@@ATL@@VCComSingleThreadModel@6@@ATL@@@ATL@@QAE@PAX@Z 10003c44 f i Totals.obj
 0001:00002c72       ??0?$CComObject@VCOPOSTotals@@@ATL@@QAE@PAX@Z 10003c72 f i Totals.obj
 0001:00002d29       ??0?$CComQIPtr@UIOleControlSite@@$1?_GUID_b196b289_bab4_101a_b69c_00aa00341d07@@3U__s_GUID@@B@ATL@@QAE@PAUIUnknown@@@Z 10003d29 f i Totals.obj
 0001:00002d52       ??0CAtlModule@ATL@@QAE@XZ  10003d52 f i Totals.obj
 0001:00002d93       ??0CParseBuffer@CRegParser@ATL@@QAE@H@Z 10003d93 f i Totals.obj
 0001:00002dc9       ??0_ATL_MSG@ATL@@QAE@PAUHWND__@@IIJH@Z 10003dc9 f i Totals.obj
 0001:00002e01       ??1?$CComAggObject@VCOPOSTotals@@@ATL@@UAE@XZ 10003e01 f i Totals.obj
 0001:00002e25       ??1?$CComEnumImpl@UIEnumConnectionPoints@@$1?_GUID_b196b285_bab4_101a_b69c_00aa00341d07@@3U__s_GUID@@BPAUIConnectionPoint@@V?$_CopyInterface@UIConnectionPoint@@@ATL@@@ATL@@UAE@XZ 10003e25 f i Totals.obj
 0001:00002e65       ??1?$CComEnumImpl@UIEnumConnections@@$1?_GUID_b196b287_bab4_101a_b69c_00aa00341d07@@3U__s_GUID@@BUtagCONNECTDATA@@V?$_Copy@UtagCONNECTDATA@@@ATL@@@ATL@@UAE@XZ 10003e65 f i Totals.obj
 0001:00002ea5       ??1?$CComObject@V?$CComEnum@UIEnumConnectionPoints@@$1?_GUID_b196b285_bab4_101a_b69c_00aa00341d07@@3U__s_GUID@@BPAUIConnectionPoint@@V?$_CopyInterface@UIConnectionPoint@@@ATL@@VCComSingleThreadModel@6@@ATL@@@ATL@@UAE@XZ 10003ea5 f i Totals.obj
 0001:00002ec8       ??1?$CComObject@V?$CComEnum@UIEnumConnections@@$1?_GUID_b196b287_bab4_101a_b69c_00aa00341d07@@3U__s_GUID@@BUtagCONNECTDATA@@V?$_Copy@UtagCONNECTDATA@@@ATL@@VCComSingleThreadModel@6@@ATL@@@ATL@@UAE@XZ 10003ec8 f i Totals.obj
 0001:00002eeb       ??1?$CComObject@VCOPOSTotals@@@ATL@@UAE@XZ 10003eeb f i Totals.obj
 0001:00002fa9       ??1?$CComObjectCached@VCComClassFactory@ATL@@@ATL@@UAE@XZ 10003fa9 f i Totals.obj
 0001:00002fbf       ??1?$CComObjectRootEx@VCComMultiThreadModel@ATL@@@ATL@@QAE@XZ 10003fbf f i Totals.obj
 0001:00002fd4       ??1CRegObject@ATL@@UAE@XZ  10003fd4 f i Totals.obj
 0001:00002ff4       ??4?$CComPtr@UIOleClientSite@@@ATL@@QAEPAUIOleClientSite@@PAU2@@Z 10003ff4 f i Totals.obj
 0001:00002ff4       ??4?$CComPtr@UIUnknown@@@ATL@@QAEPAUIUnknown@@PAU2@@Z 10003ff4 f i Totals.obj
 0001:00002ff4       ??4?$CComPtr@UIAdviseSink@@@ATL@@QAEPAUIAdviseSink@@PAU2@@Z 10003ff4 f i Totals.obj
 0001:00003028       ??4?$CComQIPtr@UIOleObject@@$1?_GUID_00000112_0000_0000_c000_000000000046@@3U__s_GUID@@B@ATL@@QAEPAUIOleObject@@PAUIUnknown@@@Z 10004028 f i Totals.obj
 0001:0000304d       ??4?$CComQIPtr@UISpecifyPropertyPages@@$1?_GUID_b196b28b_bab4_101a_b69c_00aa00341d07@@3U__s_GUID@@B@ATL@@QAEPAUISpecifyPropertyPages@@PAUIUnknown@@@Z 1000404d f i Totals.obj
 0001:00003072       ??_E?$CComContainedObject@VCOPOSTotals@@@ATL@@UAEPAXI@Z 10004072 f i Totals.obj
 0001:00003072       ??_G?$CComContainedObject@VCOPOSTotals@@@ATL@@UAEPAXI@Z 10004072 f i Totals.obj
 0001:00003097       ??_E?$CComObject@VCOPOSTotals@@@ATL@@UAEPAXI@Z 10004097 f i Totals.obj
 0001:00003097       ??_G?$CComObject@VCOPOSTotals@@@ATL@@UAEPAXI@Z 10004097 f i Totals.obj
 0001:000030bc       ?Add@?$CSimpleArray@GV?$CSimpleArrayEqualHelper@G@ATL@@@ATL@@QAEHABG@Z 100040bc f i Totals.obj
 0001:00003140       ?Add@?$CSimpleMap@PA_WPA_WVCExpansionVectorEqualHelper@ATL@@@ATL@@QAEHABQA_W0@Z 10004140 f i Totals.obj
 0001:00003195       ?Add@CComDynamicUnkArray@ATL@@QAEKPAUIUnknown@@@Z 10004195 f i Totals.obj
 0001:00003250       ?Add@CExpansionVector@ATL@@QAEHPB_W0@Z 10004250 f i Totals.obj
 0001:00003354       ?AddString@CParseBuffer@CRegParser@ATL@@QAEHPB_W@Z 10004354 f i Totals.obj
 0001:00003389       ?AddValue@CRegParser@ATL@@IAEJAAVCRegKey@2@PB_WPA_W@Z 10004389 f i Totals.obj
 0001:000036aa       ?Allocate@?$CAtlSafeAllocBufferManager@VCCRTAllocator@ATL@@@_ATL_SAFE_ALLOCA_IMPL@ATL@@QAEPAXK@Z 100046aa f i Totals.obj
 0001:000036d7       ?Allocate@?$CTempBuffer@E$0BAA@VCCRTAllocator@ATL@@@ATL@@QAEPAEI@Z 100046d7 f i Totals.obj
 0001:00003706       ?Allocate@?$CTempBuffer@_W$0BAA@VCCRTAllocator@ATL@@@ATL@@QAEPA_WI@Z 10004706 f i Totals.obj
 0001:00003735       ?Allocate@?$CTempBuffer@_W$0EAA@VCCRTAllocator@ATL@@@ATL@@QAEPA_WI@Z 10004735 f i Totals.obj
 0001:00003764       ?AllocateHeap@?$CTempBuffer@_W$0EAA@VCCRTAllocator@ATL@@@ATL@@AAEXI@Z 10004764 f i Totals.obj
 0001:00003764       ?AllocateHeap@?$CTempBuffer@_W$0BAA@VCCRTAllocator@ATL@@@ATL@@AAEXI@Z 10004764 f i Totals.obj
 0001:00003764       ?AllocateHeap@?$CTempBuffer@E$0BAA@VCCRTAllocator@ATL@@@ATL@@AAEXI@Z 10004764 f i Totals.obj
 0001:00003789       ?Append@CParseBuffer@CRegParser@ATL@@QAEHPB_WH@Z 10004789 f i Totals.obj
 0001:00003817       ?AtlCallTermFunc@ATL@@YGXPAU_ATL_MODULE70@1@@Z 10004817 f i Totals.obj
 0001:0000385b       ?AtlCoTaskMemCAlloc@ATL@@YAPAXKK@Z 1000485b f i Totals.obj
 0001:00003888       ?AtlCoTaskMemRecalloc@ATL@@YAPAXPAXKK@Z 10004888 f i Totals.obj
 0001:000038b8       ?AtlComModuleGetClassObject@ATL@@YGJPAU_ATL_COM_MODULE70@1@ABU_GUID@@1PAPAX@Z 100048b8 f i Totals.obj
 0001:000039ab       ?AtlComModuleRegisterServer@ATL@@YGJPAU_ATL_COM_MODULE70@1@HPBU_GUID@@@Z 100049ab f i Totals.obj
 0001:00003a33       ?AtlComModuleUnregisterServer@ATL@@YGJPAU_ATL_COM_MODULE70@1@HPBU_GUID@@@Z 10004a33 f i Totals.obj
 0001:00003abb       ?AtlComQIPtrAssign2@ATL@@YAXPAPAUIUnknown@@PAU2@ABU_GUID@@@Z 10004abb f i Totals.obj
 0001:00003aea       ?AtlCreateTargetDC@ATL@@YGPAUHDC__@@PAU2@PAUtagDVTARGETDEVICE@@@Z 10004aea f i Totals.obj
 0001:00003b53       ?AtlCrtErrorCheck@ATL@@YAHH@Z 10004b53 f i Totals.obj
 0001:00003b8e       ?AtlHiMetricToPixel@ATL@@YGXPBUtagSIZE@@PAU2@@Z 10004b8e f i Totals.obj
 0001:00003c03       ?AtlHresultFromLastError@ATL@@YAJXZ 10004c03 f i Totals.obj
 0001:00003c1a       ?AtlHresultFromWin32@ATL@@YAJK@Z 10004c1a f i Totals.obj
 0001:00003c2f       ?AtlIPersistStreamInit_Load@ATL@@YGJPAUIStream@@PBUATL_PROPMAP_ENTRY@1@PAXPAUIUnknown@@@Z 10004c2f f i Totals.obj
 0001:00003e0f       ?AtlIPersistStreamInit_Save@ATL@@YGJPAUIStream@@HPBUATL_PROPMAP_ENTRY@1@PAXPAUIUnknown@@@Z 10004e0f f i Totals.obj
 0001:00003fa7       ?AtlInternalOleLoadFromStream@ATL@@YAJPAUIStream@@ABU_GUID@@PAPAXTClassesAllowedInStream@1@K@Z 10004fa7 f i Totals.obj
 0001:000040cd       ?AtlInternalQueryInterface@ATL@@YGJPAXPBU_ATL_INTMAP_ENTRY@1@ABU_GUID@@PAPAX@Z 100050cd f i Totals.obj
 0001:00004170       ?AtlLoadTypeLib@ATL@@YGJPAUHINSTANCE__@@PB_WPAPA_WPAPAUITypeLib@@@Z 10005170 f i Totals.obj
 0001:0000434e       ?AtlModuleAddTermFunc@ATL@@YGJPAU_ATL_MODULE70@1@P6GXK@ZK@Z 1000534e f i Totals.obj
 0001:000043ab       ?AtlRegisterClassCategoriesHelper@ATL@@YGJABU_GUID@@PBU_ATL_CATMAP_ENTRY@1@H@Z 100053ab f i Totals.obj
 0001:0000468b       ?AtlRegisterTypeLib@ATL@@YGJPAUHINSTANCE__@@PB_W@Z 1000568b f i Totals.obj
 0001:00004813       ?AtlThrowImpl@ATL@@YGXJ@Z  10005813 f i Totals.obj
 0001:00004831       ?AtlUnRegisterTypeLib@ATL@@YGJPAUHINSTANCE__@@PB_W@Z 10005831 f i Totals.obj
 0001:000048dc       ?AtlWinModuleAddCreateWndData@ATL@@YGXPAU_ATL_WIN_MODULE70@1@PAU_AtlCreateWndData@1@PAX@Z 100058dc f i Totals.obj
 0001:00004930       ?AtlWinModuleExtractCreateWndData@ATL@@YGPAXPAU_ATL_WIN_MODULE70@1@@Z 10005930 f i Totals.obj
 0001:00004993       ?AtlWinModuleRegisterClassExW@ATL@@YGGPAU_ATL_WIN_MODULE70@1@PBUtagWNDCLASSEXW@@@Z 10005993 f i Totals.obj
 0001:000049d2       ?CanForceRemoveKey@CRegParser@ATL@@IAEHPB_W@Z 100059d2 f i Totals.obj
 0001:00004a01       ?ChToByte@CRegParser@ATL@@KAE_W@Z 10005a01 f i Totals.obj
 0001:00004a34       ?Cleanup@CComTypeInfoHolder@ATL@@SGXK@Z 10005a34 f i Totals.obj
 0001:00004a67       ?ClearReplacements@CExpansionVector@ATL@@QAEJXZ 10005a67 f i Totals.obj
 0001:00004aa4       ?Close@CRegKey@ATL@@QAEJXZ 10005aa4 f i Totals.obj
 0001:00004abe       ?CreateInstance@?$CComCreator@V?$CComAggObject@VCOPOSTotals@@@ATL@@@ATL@@SGJPAXABU_GUID@@PAPAX@Z 10005abe f i Totals.obj
 0001:00004b34       ?CreateInstance@?$CComCreator@V?$CComObject@VCOPOSTotals@@@ATL@@@ATL@@SGJPAXABU_GUID@@PAPAX@Z 10005b34 f i Totals.obj
 0001:00004bb5       ?CreateInstance@?$CComObject@V?$CComEnum@UIEnumConnectionPoints@@$1?_GUID_b196b285_bab4_101a_b69c_00aa00341d07@@3U__s_GUID@@BPAUIConnectionPoint@@V?$_CopyInterface@UIConnectionPoint@@@ATL@@VCComSingleThreadModel@6@@ATL@@@ATL@@SGJPAPAV12@@Z 10005bb5 f i Totals.obj
 0001:00004bfc       ?CreateInstance@?$CComObject@V?$CComEnum@UIEnumConnections@@$1?_GUID_b196b287_bab4_101a_b69c_00aa00341d07@@3U__s_GUID@@BUtagCONNECTDATA@@V?$_Copy@UtagCONNECTDATA@@@ATL@@VCComSingleThreadModel@6@@ATL@@@ATL@@SGJPAPAV12@@Z 10005bfc f i Totals.obj
 0001:00004c43       ?DefaultReflectionHandler@?$CWindowImplRoot@VCWindow@ATL@@@ATL@@SAHPAUHWND__@@IIJAAJ@Z 10005c43 f i Totals.obj
 0001:00004cb6       ?DeleteSubKey@CRegKey@ATL@@QAEJPB_W@Z 10005cb6 f i Totals.obj
 0001:00004d2f       ?DoEvent@COPOSTotals@@IAEXIIJ@Z 10005d2f f i Totals.obj
 0001:00004daf       ?DoVerbHide@?$IOleObjectImpl@VCOPOSTotals@@@ATL@@QAEJPBUtagRECT@@PAUHWND__@@@Z 10005daf f i Totals.obj
 0001:00004de5       ?DoVerbInPlaceActivate@?$IOleObjectImpl@VCOPOSTotals@@@ATL@@QAEJPBUtagRECT@@PAUHWND__@@@Z 10005de5 f i Totals.obj
 0001:00004e18       ?DoVerbPrimary@?$IOleObjectImpl@VCOPOSTotals@@@ATL@@QAEJPBUtagRECT@@PAUHWND__@@@Z 10005e18 f i Totals.obj
 0001:00004ea4       ?DoVerbProperties@CComControlBase@ATL@@QAEJPBUtagRECT@@PAUHWND__@@@Z 10005ea4 f i Totals.obj
 0001:00004fcb       ?DoVerbShow@?$IOleObjectImpl@VCOPOSTotals@@@ATL@@QAEJPBUtagRECT@@PAUHWND__@@@Z 10005fcb f i Totals.obj
 0001:00004ff0       ?DoVerbUIActivate@?$IOleObjectImpl@VCOPOSTotals@@@ATL@@QAEJPBUtagRECT@@PAUHWND__@@@Z 10005ff0 f i Totals.obj
 0001:0000502d       ?DoesVerbActivate@CComControlBase@ATL@@QAEHJ@Z 1000602d f i Totals.obj
 0001:0000504e       ?DoesVerbUIActivate@CComControlBase@ATL@@QAEHJ@Z 1000604e f i Totals.obj
 0001:00005083       ?EndOfVar@CRegParser@ATL@@IAEHXZ 10006083 f i Totals.obj
 0001:000050a3       ?EscapeSingleQuote@CAtlModule@ATL@@SAXPA_WIPB_W@Z 100060a3 f i Totals.obj
 0001:000050f2       ?FindKey@?$CSimpleMap@PA_WPA_WVCExpansionVectorEqualHelper@ATL@@@ATL@@QBEHABQA_W@Z 100060f2 f i Totals.obj
 0001:00005129       ?FireTheEvent@?$CProxy_IOPOSEvents@VCOPOSTotals@@@@IAEXPAVOposVariant@@IAAJPB_WJ@Z 10006129 f i Totals.obj
 0001:000051bb       ?FireViewChange@CComControlBase@ATL@@QAEJXZ 100061bb f i Totals.obj
 0001:00005204       ?Fire_DirectIOEvent@?$CProxy_IOPOSEvents@VCOPOSTotals@@@@QAEXJPAJPAPA_W@Z 10006204 f i Totals.obj
 0001:000052ea       ?Fire_StatusUpdateEvent@?$CProxy_IOPOSEvents@VCOPOSTotals@@@@QAEXJ@Z 100062ea f i Totals.obj
 0001:00005376       ?FreeHeap@?$CTempBuffer@E$0BAA@VCCRTAllocator@ATL@@@ATL@@AAEXXZ 10006376 f i Totals.obj
 0001:00005376       ?FreeHeap@?$CTempBuffer@_W$0BAA@VCCRTAllocator@ATL@@@ATL@@AAEXXZ 10006376 f i Totals.obj
 0001:00005376       ?FreeHeap@?$CTempBuffer@_W$0EAA@VCCRTAllocator@ATL@@@ATL@@AAEXXZ 10006376 f i Totals.obj
 0001:0000537f       ?GetAmbientLocaleID@CComControlBase@ATL@@QAEJAAK@Z 1000637f f i Totals.obj
 0001:000053db       ?GetAmbientUserMode@CComControlBase@ATL@@QAEJAAH@Z 100063db f i Totals.obj
 0001:0000544b       ?GetAt@CComDynamicUnkArray@ATL@@QAEPAUIUnknown@@H@Z 1000644b f i Totals.obj
 0001:00005467       ?GetClassObject@CComModule@ATL@@QAEJABU_GUID@@0PAPAX@Z 10006467 f i Totals.obj
 0001:00005509       ?GetConnMap@COPOSTotals@@SAPBU_ATL_CONNMAP_ENTRY@ATL@@PAH@Z 10006509 f i Totals.obj
 0001:00005579       ?GetCookie@CComDynamicUnkArray@ATL@@QAGKPAPAUIUnknown@@@Z 10006579 f i Totals.obj
 0001:000055b1       ?GetIDsOfNames@CComTypeInfoHolder@ATL@@QAEJABU_GUID@@PAPA_WIKPAJ@Z 100065b1 f i Totals.obj
 0001:000056bf       ?GetKeyAt@?$CSimpleMap@PA_WPA_WVCExpansionVectorEqualHelper@ATL@@@ATL@@QBEAAPA_WH@Z 100066bf f i Totals.obj
 0001:000056e4       ?GetPagesHelper@?$ISpecifyPropertyPagesImpl@VCOPOSTotals@@@ATL@@IAEJPAUtagCAUUID@@PBUATL_PROPMAP_ENTRY@2@@Z 100066e4 f i Totals.obj
 0001:0000580b       ?GetProperty@?$CComPtr@UIDispatch@@@ATL@@SAJPAUIDispatch@@JPAUtagVARIANT@@@Z 1000680b f i Totals.obj
 0001:0000585a       ?GetSizeMax@CComVariant@ATL@@QBEJPAT_ULARGE_INTEGER@@@Z 1000685a f i Totals.obj
 0001:00005a14       ?GetStreamSize@CComBSTR@ATL@@SAKPA_W@Z 10006a14 f i Totals.obj
 0001:00005a2e       ?GetTI@CComTypeInfoHolder@ATL@@QAEJK@Z 10006a2e f i Totals.obj
 0001:00005c17       ?GetTI@CComTypeInfoHolder@ATL@@QAEJKPAPAUITypeInfo@@@Z 10006c17 f i Totals.obj
 0001:00005c59       ?GetUnknown@CComDynamicUnkArray@ATL@@QAGPAUIUnknown@@K@Z 10006c59 f i Totals.obj
 0001:00005c7a       ?GetValueAt@?$CSimpleMap@PA_WPA_WVCExpansionVectorEqualHelper@ATL@@@ATL@@QBEAAPA_WH@Z 10006c7a f i Totals.obj
 0001:00005ca0       ?GetZoomInfo@CComControlBase@ATL@@QAEXAAUATL_DRAWINFO@@@Z 10006ca0 f i Totals.obj
 0001:00005d33       ?HKeyFromString@CRegParser@ATL@@KAPAUHKEY__@@PA_W@Z 10006d33 f i Totals.obj
 0001:00005d61       ?HasSubKeys@CRegParser@ATL@@IAEHPAUHKEY__@@@Z 10006d61 f i Totals.obj
 0001:00005d96       ?IDataObject_GetData@CComControlBase@ATL@@QAEJPAUtagFORMATETC@@PAUtagSTGMEDIUM@@@Z 10006d96 f i Totals.obj
 0001:00005f3c       ?IOleInPlaceObject_InPlaceDeactivate@CComControlBase@ATL@@QAEJXZ 10006f3c f i Totals.obj
 0001:00005fc3       ?IOleInPlaceObject_SetObjectRects@CComControlBase@ATL@@QAEJPBUtagRECT@@0@Z 10006fc3 f i Totals.obj
 0001:00006090       ?IOleInPlaceObject_UIDeactivate@CComControlBase@ATL@@QAEJXZ 10007090 f i Totals.obj
 0001:00006152       ?IOleObject_Advise@CComControlBase@ATL@@QAEJPAUIAdviseSink@@PAK@Z 10007152 f i Totals.obj
 0001:0000617c       ?IOleObject_Close@CComControlBase@ATL@@QAEJK@Z 1000717c f i Totals.obj
 0001:00006260       ?IOleObject_GetClientSite@CComControlBase@ATL@@QAEJPAPAUIOleClientSite@@@Z 10007260 f i Totals.obj
 0001:00006289       ?IOleObject_SetClientSite@CComControlBase@ATL@@QAEJPAUIOleClientSite@@@Z 10007289 f i Totals.obj
 0001:000062c8       ?IOleObject_SetExtent@CComControlBase@ATL@@QAEJKPAUtagSIZE@@@Z 100072c8 f i Totals.obj
 0001:0000637c       ?IPSI_GetIPersistStreamInit@?$IPersistStorageImpl@VCOPOSTotals@@@ATL@@AAEPAUIPersistStreamInit@@XZ 1000737c f i Totals.obj
 0001:000063be       ?IPersistStreamInit_Load@?$IPersistStreamInitImpl@VCOPOSTotals@@@ATL@@QAEJPAUIStream@@PBUATL_PROPMAP_ENTRY@2@@Z 100073be f i Totals.obj
 0001:000063ea       ?IPersistStreamInit_Save@?$IPersistStreamInitImpl@VCOPOSTotals@@@ATL@@QAEJPAUIStream@@HPBUATL_PROPMAP_ENTRY@2@@Z 100073ea f i Totals.obj
 0001:0000641f       ?IQuickActivate_QuickActivate@CComControlBase@ATL@@QAEJPAUtagQACONTAINER@@PAUtagQACONTROL@@@Z 1000741f f i Totals.obj
 0001:00006661       ?IViewObject_Draw@CComControlBase@ATL@@QAEJKJPAXPAUtagDVTARGETDEVICE@@PAUHDC__@@2PBU_RECTL@@3@Z 10007661 f i Totals.obj
 0001:00006709       ?InPlaceActivate@CComControlBase@ATL@@QAEJJPBUtagRECT@@@Z 10007709 f i Totals.obj
 0001:0000697a       ?Init@?$CComEnumImpl@UIEnumConnectionPoints@@$1?_GUID_b196b285_bab4_101a_b69c_00aa00341d07@@3U__s_GUID@@BPAUIConnectionPoint@@V?$_CopyInterface@UIConnectionPoint@@@ATL@@@ATL@@QAEJPAPAUIConnectionPoint@@0PAUIUnknown@@W4CComEnumFlags@2@@Z 1000797a f i Totals.obj
 0001:00006a59       ?Init@?$CComEnumImpl@UIEnumConnections@@$1?_GUID_b196b287_bab4_101a_b69c_00aa00341d07@@3U__s_GUID@@BUtagCONNECTDATA@@V?$_Copy@UtagCONNECTDATA@@@ATL@@@ATL@@QAEJPAUtagCONNECTDATA@@0PAUIUnknown@@W4CComEnumFlags@2@@Z 10007a59 f i Totals.obj
 0001:00006b38       ?Init@CComModule@ATL@@QAEJPAU_ATL_OBJMAP_ENTRY30@2@PAUHINSTANCE__@@PBU_GUID@@@Z 10007b38 f i Totals.obj
 0001:00006b97       ?Init@CDynamicStdCallThunk2@ATL@@QAEHKPAX@Z 10007b97 f i Totals.obj
 0001:00006bc2       ?InlineIsEqualUnknown@ATL@@YGHABU_GUID@@@Z 10007bc2 f i Totals.obj
 0001:00006bea       ?InternalGetSite@CComControlBase@ATL@@QAEJABU_GUID@@PAPAX@Z 10007bea f i Totals.obj
 0001:00006c18       ?InternalSetAtIndex@?$CSimpleMap@PA_WPA_WVCExpansionVectorEqualHelper@ATL@@@ATL@@QAEXHABQA_W0@Z 10007c18 f i Totals.obj
 0001:00006c42       ?Invoke@CComTypeInfoHolder@ATL@@QAEJPAUIDispatch@@JABU_GUID@@KGPAUtagDISPPARAMS@@PAUtagVARIANT@@PAUtagEXCEPINFO@@PAI@Z 10007c42 f i Totals.obj
 0001:00006c85       ?IsEqualObject@?$CComPtrBase@UITypeInfo@@@ATL@@QAE_NPAUIUnknown@@@Z 10007c85 f i Totals.obj
 0001:00006c85       ?IsEqualObject@?$CComPtrBase@UIOleClientSite@@@ATL@@QAE_NPAUIUnknown@@@Z 10007c85 f i Totals.obj
 0001:00006cf2       ?IsSpace@CRegParser@ATL@@IAEH_W@Z 10007cf2 f i Totals.obj
 0001:00006d1c       ?LoadNameCache@CComTypeInfoHolder@ATL@@QAEJPAUITypeInfo@@@Z 10007d1c f i Totals.obj
 0001:00006e6a       ?Lookup@?$CSimpleMap@PA_WPA_WVCExpansionVectorEqualHelper@ATL@@@ATL@@QBEPA_WABQA_W@Z 10007e6a f i Totals.obj
 0001:00006e90       ?NextToken@CRegParser@ATL@@IAEJPA_W@Z 10007e90 f i Totals.obj
 0001:00006fc8       ?OnKillFocus@CComControlBase@ATL@@QAEJIIJAAH@Z 10007fc8 f i Totals.obj
 0001:00007023       ?OnMouseActivate@CComControlBase@ATL@@QAEJIIJAAH@Z 10008023 f i Totals.obj
 0001:00007091       ?OnPaint@CComControlBase@ATL@@QAEJIIJAAH@Z 10008091 f i Totals.obj
 0001:00007143       ?OnSetFocus@CComControlBase@ATL@@QAEJIIJAAH@Z 10008143 f i Totals.obj
 0001:000071cc       ?Open@CRegKey@ATL@@QAEJPAUHKEY__@@PB_WK@Z 100081cc f i Totals.obj
 0001:00007221       ?PreProcessBuffer@CRegParser@ATL@@QAEJPA_WPAPA_W@Z 10008221 f i Totals.obj
 0001:0000748b       ?ProcessWindowMessage@?$CComControl@VCOPOSTotals@@V?$CWindowImpl@VCOPOSTotals@@VCWindow@ATL@@V?$CWinTraits@$0FGAAAAAA@$0A@@3@@ATL@@@ATL@@UAEHPAUHWND__@@IIJAAJK@Z 1000848b f i Totals.obj
 0001:0000752a       ?PutProperty@?$CComPtr@UIDispatch@@@ATL@@SAJPAUIDispatch@@JPAUtagVARIANT@@@Z 1000852a f i Totals.obj
 0001:000075bc       ?ReadFromStream@CComBSTR@ATL@@QAEJPAUIStream@@@Z 100085bc f i Totals.obj
 0001:000076ea       ?ReadFromStream@CComVariant@ATL@@QAEJPAUIStream@@GTClassesAllowedInStream@2@K@Z 100086ea f i Totals.obj
 0001:00007870       ?RecurseDeleteKey@CRegKey@ATL@@QAEJPB_W@Z 10008870 f i Totals.obj
 0001:00007932       ?RegCreateKeyExW@CAtlTransactionManager@ATL@@QAEJPAUHKEY__@@PB_WKPA_WKKQAU_SECURITY_ATTRIBUTES@@PAPAU3@PAK@Z 10008932 f i Totals.obj
 0001:00007995       ?RegDeleteKeyW@CAtlTransactionManager@ATL@@QAEJPAUHKEY__@@PB_W@Z 10008995 f i Totals.obj
 0001:000079e7       ?RegOpenKeyExW@CAtlTransactionManager@ATL@@QAEJPAUHKEY__@@PB_WKKPAPAU3@@Z 100089e7 f i Totals.obj
 0001:00007a3e       ?Register@_ATL_WNDCLASSINFOW@ATL@@QAEGPAP6GJPAUHWND__@@IIJ@Z@Z 10008a3e f i Totals.obj
 0001:00007a5e       ?RegisterBuffer@CRegParser@ATL@@QAEJPA_WH@Z 10008a5e f i Totals.obj
 0001:00007b97       ?RegisterFromResource@CRegObject@ATL@@IAEJPB_W00H@Z 10008b97 f i Totals.obj
 0001:00007ccd       ?RegisterServer@?$CAtlModuleT@VCComModule@ATL@@@ATL@@QAEJHPBU_GUID@@@Z 10008ccd f i Totals.obj
 0001:00007cfb       ?RegisterServer@CComModule@ATL@@QAEJHPBU_GUID@@@Z 10008cfb f i Totals.obj
 0001:00007d71       ?RegisterSubkeys@CRegParser@ATL@@IAEJPA_WPAUHKEY__@@HH@Z 10008d71 f i Totals.obj
 0001:00008340       ?Remove@CComDynamicUnkArray@ATL@@QAEHK@Z 10009340 f i Totals.obj
 0001:00008369       ?RemoveAll@?$CSimpleMap@PA_WPA_WVCExpansionVectorEqualHelper@ATL@@@ATL@@QAEXXZ 10009369 f i Totals.obj
 0001:00008395       ?ResourceRegisterSz@CRegObject@ATL@@QAGJPB_W00@Z 10009395 f i Totals.obj
 0001:000083c2       ?ResourceUnregisterSz@CRegObject@ATL@@QAGJPB_W00@Z 100093c2 f i Totals.obj
 0001:000083ef       ?SendOnDataChange@CComControlBase@ATL@@QAEJK@Z 100093ef f i Totals.obj
 0001:0000843c       ?SetControlFocus@CComControlBase@ATL@@QAEHH@Z 1000943c f i Totals.obj
 0001:000084d9       ?SetMultiStringValue@CRegKey@ATL@@QAEJPB_W0@Z 100094d9 f i Totals.obj
 0001:00008535       ?SetStringValue@CRegKey@ATL@@QAEJPB_W0K@Z 10009535 f i Totals.obj
 0001:0000857e       ?SkipAssignment@CRegParser@ATL@@IAEJPA_W@Z 1000957e f i Totals.obj
 0001:000085e3       ?SkipWhiteSpace@CRegParser@ATL@@IAEXXZ 100095e3 f i Totals.obj
 0001:00008605       ?StrChrW@CRegParser@ATL@@KAPA_WPA_W_W@Z 10009605 f i Totals.obj
 0001:00008642       ?Term@CAtlModule@ATL@@QAEXXZ 10009642 f i Totals.obj
 0001:0000867b       ?Term@CComModule@ATL@@QAEXXZ 1000967b f i Totals.obj
 0001:000086d3       ?UnregisterServer@?$CAtlModuleT@VCComModule@ATL@@@ATL@@QAEJHPBU_GUID@@@Z 100096d3 f i Totals.obj
 0001:000086f9       ?UnregisterServer@CComModule@ATL@@QAEJHPBU_GUID@@@Z 100096f9 f i Totals.obj
 0001:0000876f       ?UpdateRegistryFromResource@CAtlModule@ATL@@QAGJIHPAU_ATL_REGMAP_ENTRY@2@@Z 1000976f f i Totals.obj
 0001:0000893a       ?UpdateRegistryFromResource@CAtlModule@ATL@@QAGJPB_WHPAU_ATL_REGMAP_ENTRY@2@@Z 1000993a f i Totals.obj
 0001:00008b0b       ?VTFromRegType@CRegParser@ATL@@KAHPB_WAAG@Z 10009b0b f i Totals.obj
 0001:00008b78       ?WindowProc@?$CWindowImplBaseT@VCWindow@ATL@@V?$CWinTraits@$0FGAAAAAA@$0A@@2@@ATL@@SGJPAUHWND__@@IIJ@Z 10009b78 f i Totals.obj
 0001:00008c6a       ?WriteToStream@CComBSTR@ATL@@QAEJPAUIStream@@@Z 10009c6a f i Totals.obj
 0001:00008cc1       ?WriteToStream@CComVariant@ATL@@QAEJPAUIStream@@@Z 10009cc1 f i Totals.obj
 0001:00008e3b       ?WriteToStream@CComVariant@ATL@@QAEJPAUIStream@@G@Z 10009e3b f i Totals.obj
 0001:00008ea4       ?_AtlInitialConstruct@?$CComObjectRootEx@VCComMultiThreadModel@ATL@@@ATL@@QAEJXZ 10009ea4 f i Totals.obj
 0001:00008eb9       ?_AtlVerifyStackAvailable@_ATL_SAFE_ALLOCA_IMPL@ATL@@YA_NK@Z 10009eb9 f i Totals.obj
 0001:00008f37       ?atlCreate@?$CWindowImpl@VCOPOSTotals@@VCWindow@ATL@@V?$CWinTraits@$0FGAAAAAA@$0A@@3@@ATL@@QAEPAUHWND__@@PAU3@V_U_RECT@2@PB_WKKV_U_MENUorID@2@PAX@Z 10009f37 f i Totals.obj
 0001:00008f7b       ?atlCreate@?$CWindowImplBaseT@VCWindow@ATL@@V?$CWinTraits@$0FGAAAAAA@$0A@@2@@ATL@@QAEPAUHWND__@@PAU3@V_U_RECT@2@PB_WKKV_U_MENUorID@2@GPAX@Z 10009f7b f i Totals.obj
 0001:00009017       ?atlCreate@CRegKey@ATL@@QAEJPAUHKEY__@@PB_WPA_WKKPAU_SECURITY_ATTRIBUTES@@PAK@Z 1000a017 f i Totals.obj
 0001:00009086       ?copy@?$_Copy@UtagCONNECTDATA@@@ATL@@SAJPAUtagCONNECTDATA@@PBU3@@Z 1000a086 f i Totals.obj
 0001:000090bc       ?copy@?$_CopyInterface@UIConnectionPoint@@@ATL@@SAJPAPAUIConnectionPoint@@PBQAU3@@Z 1000a0bc f i Totals.obj
 0001:000090ea       ?memcpy_s@Checked@ATL@@YAXPAXIPBXI@Z 1000a0ea f i Totals.obj
 0001:00009109       ?ocscpy_s@@YA_NPA_WIPB_W@Z 1000a109 f i Totals.obj
 0001:00009138       ?ocslen@@YAHPB_W@Z         1000a138 f i Totals.obj
 0001:00009158       ?wcscpy_s@Checked@ATL@@YAXPA_WIPB_W@Z 1000a158 f i Totals.obj
 0001:00009174       _DllCanUnloadNow@0         1000a174 f   Totals.obj
 0001:00009180       _DllGetClassObject@12      1000a180 f   Totals.obj
 0001:0000918e       _DllMain@12                1000a18e f   Totals.obj
 0001:000091d0       _DllRegisterServer@0       1000a1d0 f   Totals.obj
 0001:000091df       _DllUnregisterServer@0     1000a1df f   Totals.obj
 0001:000091ee       _InlineIsEqualGUID         1000a1ee f i Totals.obj
 0001:0000921e       ___local_stdio_printf_options 1000a21e f i Totals.obj
 0001:00009224       __vswprintf_s_l            1000a224 f i Totals.obj
 0001:000092d1       _swprintf_s                1000a2d1 f i Totals.obj
 0001:000092ed       ??0?$CComControl@VCOPOSTotals@@V?$CWindowImpl@VCOPOSTotals@@VCWindow@ATL@@V?$CWinTraits@$0FGAAAAAA@$0A@@3@@ATL@@@ATL@@QAE@XZ 1000a2ed f i TotalsImpl.obj
 0001:00009314       ??0CComControlBase@ATL@@QAE@AAPAUHWND__@@@Z 1000a314 f i TotalsImpl.obj
 0001:0000935e       ??0COPOSTotals@@QAE@XZ     1000a35e f   TotalsImpl.obj
 0001:000093ad       ??1?$CComControl@VCOPOSTotals@@V?$CWindowImpl@VCOPOSTotals@@VCWindow@ATL@@V?$CWinTraits@$0FGAAAAAA@$0A@@3@@ATL@@@ATL@@UAE@XZ 1000a3ad f i TotalsImpl.obj
 0001:000093c6       ??1?$IConnectionPointImpl@VCOPOSTotals@@$1?IID_IPropertyNotifySink@@3U_GUID@@BVCComDynamicUnkArray@ATL@@@ATL@@QAE@XZ 1000a3c6 f i TotalsImpl.obj
 0001:000093c6       ??1?$IConnectionPointImpl@VCOPOSTotals@@$1?DIID__IOPOSTotalsEvents@@3U_GUID@@BVCComDynamicUnkArray@ATL@@@ATL@@QAE@XZ 1000a3c6 f i TotalsImpl.obj
 0001:00009403       ??1CComControlBase@ATL@@UAE@XZ 1000a403 f i TotalsImpl.obj
 0001:00009466       ??1COPOSTotals@@UAE@XZ     1000a466 f   TotalsImpl.obj
 0001:000094ae       ??1OposVariantResult@@QAE@XZ 1000a4ae f i TotalsImpl.obj
 0001:000094cf       ??1_CW@@QAE@XZ             1000a4cf f i TotalsImpl.obj
 0001:000094e8       ?BeginTrans@COPOSTotals@@UAGJPAJ@Z 1000a4e8 f   TotalsImpl.obj
 0001:00009503       ?CheckHealth@COPOSTotals@@UAGJJPAJ@Z 1000a503 f   TotalsImpl.obj
 0001:00009552       ?ClaimDevice@COPOSTotals@@UAGJJPAJ@Z 1000a552 f   TotalsImpl.obj
 0001:000095c0       ?ClaimFile@COPOSTotals@@UAGJJJPAJ@Z 1000a5c0 f   TotalsImpl.obj
 0001:00009634       ?Close@COPOSTotals@@UAGJPAJ@Z 1000a634 f   TotalsImpl.obj
 0001:000096a2       ?CommitTrans@COPOSTotals@@UAGJPAJ@Z 1000a6a2 f   TotalsImpl.obj
 0001:000096bd       ?CompareFirmwareVersion@COPOSTotals@@UAGJPA_WPAJ1@Z 1000a6bd f   TotalsImpl.obj
 0001:0000973d       ?Create@COPOSTotals@@UAGJPA_WPAJJF1@Z 1000a73d f   TotalsImpl.obj
 0001:000097f6       ?Delete@COPOSTotals@@UAGJPA_WPAJ@Z 1000a7f6 f   TotalsImpl.obj
 0001:0000984d       ?DirectIO@COPOSTotals@@UAGJJPAJPAPA_W0@Z 1000a84d f   TotalsImpl.obj
 0001:000098fb       ?DoInvoke@COPOSTotals@@IAEJJPAVOposVariant@@IHPAJ_N@Z 1000a8fb f   TotalsImpl.obj
 0001:000099bd       ?EventClose@COPOSTotals@@IAEXXZ 1000a9bd f i TotalsImpl.obj
 0001:000099f0       ?EventInit@COPOSTotals@@IAEJXZ 1000a9f0 f i TotalsImpl.obj
 0001:00009abc       ?EventUninit@COPOSTotals@@IAEXXZ 1000aabc f i TotalsImpl.obj
 0001:00009b0e       ?EventWindowProc@COPOSTotals@@IAGJIIJ@Z 1000ab0e f i TotalsImpl.obj
 0001:00009b85       ?FinalConstruct@COPOSTotals@@QAEJXZ 1000ab85 f   TotalsImpl.obj
 0001:00009bbe       ?Find@COPOSTotals@@UAGJPA_WPAJ11@Z 1000abbe f   TotalsImpl.obj
 0001:00009c76       ?FindByIndex@COPOSTotals@@UAGJJPAPA_WPAJ@Z 1000ac76 f   TotalsImpl.obj
 0001:00009cf2       ?FireEventCleanup@COPOSTotals@@IAEXXZ 1000acf2 f i TotalsImpl.obj
 0001:00009d08       ?FireEventSetup@COPOSTotals@@IAE_NXZ 1000ad08 f i TotalsImpl.obj
 0001:00009d3c       ?FreezeEvents@COPOSTotals@@MAGJH@Z 1000ad3c f   TotalsImpl.obj
 0001:00009d8d       ?GetOposProp@COPOSTotals@@IAEJJPAFJ@Z 1000ad8d f   TotalsImpl.obj
 0001:00009db0       ?GetOposProp@COPOSTotals@@IAEJJPAJJ@Z 1000adb0 f   TotalsImpl.obj
 0001:00009e6e       ?GetOposProp@COPOSTotals@@IAEJJPAPA_WJ@Z 1000ae6e f   TotalsImpl.obj
 0001:00009f39       ?OnDraw@COPOSTotals@@MAEJAAUATL_DRAWINFO@@@Z 1000af39 f   TotalsImpl.obj
 0001:00009fd9       ?Open@COPOSTotals@@UAGJPA_WPAJ@Z 1000afd9 f   TotalsImpl.obj
 0001:0000a770       ?Read@COPOSTotals@@UAGJJPAPA_WJJPAJ@Z 1000b770 f   TotalsImpl.obj
 0001:0000a81f       ?RecalculateValidationData@COPOSTotals@@UAGJJPAJ@Z 1000b81f f   TotalsImpl.obj
 0001:0000a86e       ?ReleaseDevice@COPOSTotals@@UAGJPAJ@Z 1000b86e f   TotalsImpl.obj
 0001:0000a8a5       ?ReleaseFile@COPOSTotals@@UAGJJPAJ@Z 1000b8a5 f   TotalsImpl.obj
 0001:0000a8f4       ?Rename@COPOSTotals@@UAGJJPA_WPAJ@Z 1000b8f4 f   TotalsImpl.obj
 0001:0000a970       ?ResetStatistics@COPOSTotals@@UAGJPA_WPAJ@Z 1000b970 f   TotalsImpl.obj
 0001:0000a9c7       ?RetrieveStatistics@COPOSTotals@@UAGJPAPA_WPAJ@Z 1000b9c7 f   TotalsImpl.obj
 0001:0000aa1e       ?Rollback@COPOSTotals@@UAGJPAJ@Z 1000ba1e f   TotalsImpl.obj
 0001:0000aa39       ?SOProcessID@COPOSTotals@@UAGJPAJ@Z 1000ba39 f   TotalsImpl.obj
 0001:0000aa4d       ?SetAll@COPOSTotals@@UAGJJJPAJ@Z 1000ba4d f   TotalsImpl.obj
 0001:0000aac1       ?SetCOFreezeEvents@COPOSTotals@@IAEXF@Z 1000bac1 f   TotalsImpl.obj
 0001:0000ab4c       ?SetOposProp@COPOSTotals@@IAEJJJJ@Z 1000bb4c f   TotalsImpl.obj
 0001:0000ac2a       ?UpdateFirmware@COPOSTotals@@UAGJPA_WPAJ@Z 1000bc2a f   TotalsImpl.obj
 0001:0000ac81       ?UpdateStatistics@COPOSTotals@@UAGJPA_WPAJ@Z 1000bc81 f   TotalsImpl.obj
 0001:0000acd8       ?ValidateData@COPOSTotals@@UAGJJPAJ@Z 1000bcd8 f   TotalsImpl.obj
 0001:0000ad27       ?Write@COPOSTotals@@UAGJJPA_WJJPAJ@Z 1000bd27 f   TotalsImpl.obj
 0001:0000add6       ?get_BinaryConversion@COPOSTotals@@UAGJPAJ@Z 1000bdd6 f   TotalsImpl.obj
 0001:0000adec       ?get_CapCompareFirmwareVersion@COPOSTotals@@UAGJPAF@Z 1000bdec f   TotalsImpl.obj
 0001:0000ae05       ?get_CapErrorDetection@COPOSTotals@@UAGJPAF@Z 1000be05 f   TotalsImpl.obj
 0001:0000ae1e       ?get_CapPowerReporting@COPOSTotals@@UAGJPAJ@Z 1000be1e f   TotalsImpl.obj
 0001:0000ae37       ?get_CapSingleFile@COPOSTotals@@UAGJPAF@Z 1000be37 f   TotalsImpl.obj
 0001:0000ae50       ?get_CapStatisticsReporting@COPOSTotals@@UAGJPAF@Z 1000be50 f   TotalsImpl.obj
 0001:0000ae69       ?get_CapTransactions@COPOSTotals@@UAGJPAF@Z 1000be69 f   TotalsImpl.obj
 0001:0000ae82       ?get_CapUpdateFirmware@COPOSTotals@@UAGJPAF@Z 1000be82 f   TotalsImpl.obj
 0001:0000ae9b       ?get_CapUpdateStatistics@COPOSTotals@@UAGJPAF@Z 1000be9b f   TotalsImpl.obj
 0001:0000aeb4       ?get_CheckHealthText@COPOSTotals@@UAGJPAPA_W@Z 1000beb4 f   TotalsImpl.obj
 0001:0000aecd       ?get_Claimed@COPOSTotals@@UAGJPAF@Z 1000becd f   TotalsImpl.obj
 0001:0000aee3       ?get_ControlObjectDescription@COPOSTotals@@UAGJPAPA_W@Z 1000bee3 f   TotalsImpl.obj
 0001:0000af20       ?get_ControlObjectVersion@COPOSTotals@@UAGJPAJ@Z 1000bf20 f   TotalsImpl.obj
 0001:0000af33       ?get_DeviceDescription@COPOSTotals@@UAGJPAPA_W@Z 1000bf33 f   TotalsImpl.obj
 0001:0000af4c       ?get_DeviceEnabled@COPOSTotals@@UAGJPAF@Z 1000bf4c f   TotalsImpl.obj
 0001:0000af62       ?get_DeviceName@COPOSTotals@@UAGJPAPA_W@Z 1000bf62 f   TotalsImpl.obj
 0001:0000af7b       ?get_FreeData@COPOSTotals@@UAGJPAJ@Z 1000bf7b f   TotalsImpl.obj
 0001:0000af94       ?get_FreezeEvents@COPOSTotals@@UAGJPAF@Z 1000bf94 f   TotalsImpl.obj
 0001:0000afaa       ?get_NumberOfFiles@COPOSTotals@@UAGJPAJ@Z 1000bfaa f   TotalsImpl.obj
 0001:0000afc3       ?get_OpenResult@COPOSTotals@@UAGJPAJ@Z 1000bfc3 f   TotalsImpl.obj
 0001:0000afda       ?get_PowerNotify@COPOSTotals@@UAGJPAJ@Z 1000bfda f   TotalsImpl.obj
 0001:0000aff0       ?get_PowerState@COPOSTotals@@UAGJPAJ@Z 1000bff0 f   TotalsImpl.obj
 0001:0000b006       ?get_ResultCode@COPOSTotals@@UAGJPAJ@Z 1000c006 f   TotalsImpl.obj
 0001:0000b044       ?get_ResultCodeExtended@COPOSTotals@@UAGJPAJ@Z 1000c044 f   TotalsImpl.obj
 0001:0000b05a       ?get_ServiceObjectDescription@COPOSTotals@@UAGJPAPA_W@Z 1000c05a f   TotalsImpl.obj
 0001:0000b073       ?get_ServiceObjectVersion@COPOSTotals@@UAGJPAJ@Z 1000c073 f   TotalsImpl.obj
 0001:0000b089       ?get_State@COPOSTotals@@UAGJPAJ@Z 1000c089 f   TotalsImpl.obj
 0001:0000b0b5       ?get_TotalsSize@COPOSTotals@@UAGJPAJ@Z 1000c0b5 f   TotalsImpl.obj
 0001:0000b0ce       ?get_TransactionInProgress@COPOSTotals@@UAGJPAF@Z 1000c0ce f   TotalsImpl.obj
 0001:0000b0e7       ?put_BinaryConversion@COPOSTotals@@UAGJJ@Z 1000c0e7 f   TotalsImpl.obj
 0001:0000b0fd       ?put_DeviceEnabled@COPOSTotals@@UAGJF@Z 1000c0fd f   TotalsImpl.obj
 0001:0000b11a       ?put_FreezeEvents@COPOSTotals@@UAGJF@Z 1000c11a f   TotalsImpl.obj
 0001:0000b166       ?put_PowerNotify@COPOSTotals@@UAGJJ@Z 1000c166 f   TotalsImpl.obj
 0001:0000b17c       ?s_EventWindowProc@COPOSTotals@@KGJPAUHWND__@@IIJ@Z 1000c17c f i TotalsImpl.obj
 0001:0000b1ce       ??_U@YAPAXI@Z              1000c1ce f   LIBCMT:new_array.obj
 0001:0000b1d7       ??3@YAXPAXI@Z              1000c1d7 f   LIBCMT:delete_scalar_size.obj
 0001:0000b1e5       ??_V@YAXPAX@Z              1000c1e5 f   LIBCMT:delete_array.obj
 0001:0000b1ea       ??_V@YAXPAXI@Z             1000c1ea f   LIBCMT:delete_array_size.obj
 0001:0000b1f8       ??$__crt_fast_encode_pointer@P6GHPAU_RTL_CONDITION_VARIABLE@@PAU_RTL_CRITICAL_SECTION@@K@Z@@YAP6GHPAU_RTL_CONDITION_VARIABLE@@PAU_RTL_CRITICAL_SECTION@@K@ZQ6GH01K@Z@Z 1000c1f8 f i LIBCMT:thread_safe_statics.obj
 0001:0000b1f8       ??$__crt_fast_encode_pointer@PAX@@YAPAXQAX@Z 1000c1f8 f i libvcruntime:winapi_downlevel.obj
 0001:0000b1f8       ??$__crt_fast_encode_pointer@PAP6AXXZ@@YAPAP6AXXZQAP6AXXZ@Z 1000c1f8 f i LIBCMT:utility.obj
 0001:0000b1f8       ??$__crt_fast_encode_pointer@P6GXPAU_RTL_CONDITION_VARIABLE@@@Z@@YAP6GXPAU_RTL_CONDITION_VARIABLE@@@ZQ6GX0@Z@Z 1000c1f8 f i LIBCMT:thread_safe_statics.obj
 0001:0000b259       ___scrt_acquire_startup_lock 1000c259 f   LIBCMT:utility.obj
 0001:0000b28b       ___scrt_dllmain_after_initialize_c 1000c28b f   LIBCMT:utility.obj
 0001:0000b2b6       ___scrt_dllmain_before_initialize_c 1000c2b6 f   LIBCMT:utility.obj
 0001:0000b2c4       ___scrt_dllmain_crt_thread_attach 1000c2c4 f   LIBCMT:utility.obj
 0001:0000b2e3       ___scrt_dllmain_crt_thread_detach 1000c2e3 f   LIBCMT:utility.obj
 0001:0000b2f0       ___scrt_dllmain_exception_filter 1000c2f0 f   LIBCMT:utility.obj
 0001:0000b324       ___scrt_dllmain_uninitialize_c 1000c324 f   LIBCMT:utility.obj
 0001:0000b347       ___scrt_dllmain_uninitialize_critical 1000c347 f   LIBCMT:utility.obj
 0001:0000b354       ___scrt_initialize_crt     1000c354 f   LIBCMT:utility.obj
 0001:0000b38d       ___scrt_initialize_onexit_tables 1000c38d f   LIBCMT:utility.obj
 0001:0000b432       ___scrt_is_nonwritable_in_current_image 1000c432 f   LIBCMT:utility.obj
 0001:0000b4c6       ___scrt_release_startup_lock 1000c4c6 f   LIBCMT:utility.obj
 0001:0000b4e3       ___scrt_uninitialize_crt   1000c4e3 f   LIBCMT:utility.obj
 0001:0000b50b       __onexit                   1000c50b f   LIBCMT:utility.obj
 0001:0000b546       _atexit                    1000c546 f   LIBCMT:utility.obj
 0001:0000b55b       ??3@YAXPAX@Z               1000c55b f   LIBCMT:delete_scalar.obj
 0001:0000b692       __Init_thread_footer       1000c692 f   LIBCMT:thread_safe_statics.obj
 0001:0000b6dc       __Init_thread_header       1000c6dc f   LIBCMT:thread_safe_statics.obj
 0001:0000b72e       __Init_thread_notify       1000c72e f   LIBCMT:thread_safe_statics.obj
 0001:0000b770       __Init_thread_wait         1000c770 f   LIBCMT:thread_safe_statics.obj
 0001:0000b7d0       ___raise_securityfailure   1000c7d0 f   LIBCMT:gs_report.obj
 0001:0000b7f8       ___report_gsfailure        1000c7f8 f   LIBCMT:gs_report.obj
 0001:0000b8f1       ___report_rangecheckfailure 1000c8f1 f   LIBCMT:gs_report.obj
 0001:0000b8fd       ___report_securityfailure  1000c8fd f   LIBCMT:gs_report.obj
 0001:0000b9cb       ??2@YAPAXIABUnothrow_t@std@@@Z 1000c9cb f   LIBCMT:new_scalar_nothrow.obj
 0001:0000ba1b       ??_U@YAPAXIABUnothrow_t@std@@@Z 1000ca1b f   LIBCMT:new_array_nothrow.obj
 0001:0000ba24       @__security_check_cookie@4 1000ca24 f   LIBCMT:secchk.obj
 0001:0000ba40       __SEH_prolog4_GS           1000ca40 f   LIBCMT:sehprolg4gs.obj
 0001:0000ba89       __SEH_epilog4_GS           1000ca89 f   LIBCMT:sehprolg4gs.obj
 0001:0000baa0       __alloca_probe_16          1000caa0 f   LIBCMT:alloca16.obj
 0001:0000bab6       __alloca_probe_8           1000cab6     LIBCMT:alloca16.obj
 0001:0000bad0       __chkstk                   1000cad0 f   LIBCMT:chkstk.obj
 0001:0000bad0       __alloca_probe             1000cad0 f   LIBCMT:chkstk.obj
 0001:0000be1d       __DllMainCRTStartup@12     1000ce1d f   LIBCMT:dll_dllmain.obj
 0001:0000be40       ??2@YAPAXI@Z               1000ce40 f   LIBCMT:new_scalar.obj
 0001:0000be70       ___isa_available_init      1000ce70 f   LIBCMT:cpu_disp.obj
 0001:0000c007       ___scrt_is_ucrt_dll_in_use 1000d007 f   LIBCMT:ucrt_detection.obj
 0001:0000c013       ___scrt_fastfail           1000d013 f   LIBCMT:utility_desktop.obj
 0001:0000c12d       __crt_debugger_hook        1000d12d f   LIBCMT:utility_desktop.obj
 0001:0000c140       __SEH_prolog4              1000d140 f   LIBCMT:sehprolg4.obj
 0001:0000c186       __SEH_epilog4              1000d186 f   LIBCMT:sehprolg4.obj
 0001:0000c19b       @_guard_check_icall_nop@4  1000d19b f i LIBCMT:guard_support.obj
 0001:0000c1e9       ___security_init_cookie    1000d1e9 f   LIBCMT:gs_support.obj
 0001:0000c234       ?__scrt_initialize_type_info@@YAXXZ 1000d234 f   LIBCMT:tncleanup.obj
 0001:0000c240       ?__scrt_uninitialize_type_info@@YAXXZ 1000d240 f   LIBCMT:tncleanup.obj
 0001:0000c24c       ___local_stdio_scanf_options 1000d24c f i LIBCMT:default_local_stdio_options.obj
 0001:0000c252       ___scrt_initialize_default_local_stdio_options 1000d252 f   LIBCMT:default_local_stdio_options.obj
 0001:0000c26f       ___scrt_get_dyn_tls_init_callback 1000d26f f   LIBCMT:dyn_tls_init.obj
 0001:0000c275       __RTC_Initialize           1000d275 f   LIBCMT:initsect.obj
 0001:0000c2a1       __RTC_Terminate            1000d2a1 f   LIBCMT:initsect.obj
 0001:0000c2cd       ??0bad_alloc@std@@QAE@ABV01@@Z 1000d2cd f i LIBCMT:throw_bad_alloc.obj
 0001:0000c2e8       ??0bad_alloc@std@@QAE@XZ   1000d2e8 f i LIBCMT:throw_bad_alloc.obj
 0001:0000c300       ??0bad_array_new_length@std@@QAE@ABV01@@Z 1000d300 f i LIBCMT:throw_bad_alloc.obj
 0001:0000c31b       ??0bad_array_new_length@std@@QAE@XZ 1000d31b f i LIBCMT:throw_bad_alloc.obj
 0001:0000c333       ??0exception@std@@QAE@ABV01@@Z 1000d333 f i LIBCMT:throw_bad_alloc.obj
 0001:0000c35f       ??1bad_exception@std@@UAE@XZ 1000d35f f i libvcruntime:frame.obj
 0001:0000c35f       ??1bad_array_new_length@std@@UAE@XZ 1000d35f f i LIBCMT:throw_bad_alloc.obj
 0001:0000c35f       ??1bad_alloc@std@@UAE@XZ   1000d35f f i LIBCMT:throw_bad_alloc.obj
 0001:0000c370       ??_Gbad_exception@std@@UAEPAXI@Z 1000d370 f i libvcruntime:frame.obj
 0001:0000c370       ??_Gbad_alloc@std@@UAEPAXI@Z 1000d370 f i LIBCMT:throw_bad_alloc.obj
 0001:0000c370       ??_Gbad_array_new_length@std@@UAEPAXI@Z 1000d370 f i LIBCMT:throw_bad_alloc.obj
 0001:0000c370       ??_Ebad_alloc@std@@UAEPAXI@Z 1000d370 f i LIBCMT:throw_bad_alloc.obj
 0001:0000c370       ??_Ebad_exception@std@@UAEPAXI@Z 1000d370 f i libvcruntime:frame.obj
 0001:0000c370       ??_Ebad_array_new_length@std@@UAEPAXI@Z 1000d370 f i LIBCMT:throw_bad_alloc.obj
[...]
 0002:00001b0c       ?candidate_modules@?1??try_get_FlsGetValue@@YAP6GPAXK@ZXZ@4QBW4module_id@?A0x5d2a34d3@@B 1001fb0c     libvcruntime:winapi_downlevel.obj
 0002:00001b20       ?candidate_modules@?1??try_get_FlsSetValue@@YAP6GHKPAX@ZXZ@4QBW4module_id@?A0x5d2a34d3@@B 1001fb20     libvcruntime:winapi_downlevel.obj
 0002:00001b34       ?candidate_modules@?1??try_get_InitializeCriticalSectionEx@@YAP6GHPAU_RTL_CRITICAL_SECTION@@KK@ZXZ@4QBW4module_id@?A0x5d2a34d3@@B 1001fb34     libvcruntime:winapi_downlevel.obj
 0002:00001b78       ?tokenTable@@3QBQBDB       1001fb78     libvcruntime:undname.obj
 0002:00001bb8       ?nameTable@@3QBQBDB        1001fbb8     libvcruntime:undname.obj
 0002:00001d00       ?rttiTable@@3QBQBDB        1001fd00     libvcruntime:undname.obj
 0002:00002318       _errtable                  10020318     libucrt:errno.obj
 0002:000025c0       ___acrt_initializers       100205c0     libucrt:initialization.obj
 0002:00002638       _module_names              10020638     libucrt:winapi_thunks.obj
 0002:00002b80       ?candidate_modules@?1??try_get_FlsAlloc@@YAP6GKP6GXPAX@Z@ZXZ@4QBW4module_id@?A0x352e5c4b@@B 10020b80     libucrt:winapi_thunks.obj
 0002:00002b94       ?candidate_modules@?1??try_get_FlsFree@@YAP6GHK@ZXZ@4QBW4module_id@?A0x352e5c4b@@B 10020b94     libucrt:winapi_thunks.obj
 0002:00002ba4       ?candidate_modules@?1??try_get_FlsGetValue@@YAP6GPAXK@ZXZ@4QBW4module_id@?A0x352e5c4b@@B 10020ba4     libucrt:winapi_thunks.obj
 0002:00002bb8       ?candidate_modules@?1??try_get_FlsSetValue@@YAP6GHKPAX@ZXZ@4QBW4module_id@?A0x352e5c4b@@B 10020bb8     libucrt:winapi_thunks.obj
 0002:00002bcc       ?candidate_modules@?1??try_get_GetCurrentPackageId@@YAP6GJPAIPAE@ZXZ@4QBW4module_id@?A0x352e5c4b@@B 10020bcc     libucrt:winapi_thunks.obj
 0002:00002be8       ?candidate_modules@?1??try_get_InitializeCriticalSectionEx@@YAP6GHPAU_RTL_CRITICAL_SECTION@@KK@ZXZ@4QBW4module_id@?A0x352e5c4b@@B 10020be8     libucrt:winapi_thunks.obj
 0002:00002c0c       ?candidate_modules@?1??try_get_LCMapStringEx@@YAP6GHPB_WK0HPA_WHPAU_nlsversioninfo@@PAXJ@ZXZ@4QBW4module_id@?A0x352e5c4b@@B 10020c0c     libucrt:winapi_thunks.obj
 0002:00002c24       ?candidate_modules@?1??try_get_LocaleNameToLCID@@YAP6GKPB_WK@ZXZ@4QBW4module_id@?A0x352e5c4b@@B 10020c24     libucrt:winapi_thunks.obj
 0002:00002c40       ?candidate_modules@?1??try_get_SetThreadStackGuarantee@@YAP6GHPAK@ZXZ@4QBW4module_id@?A0x352e5c4b@@B 10020c40     libucrt:winapi_thunks.obj
 0002:0000316c       __mb_locale_names          1002116c     libucrt:mbctype.obj
 0002:000039b8       _LcidToLocaleNameTable     100219b8     libucrt:lcidtoname_downlevel.obj
 0002:00004ae0       _LocaleNameToIndexTable    10022ae0     libucrt:lcidtoname_downlevel.obj
 0002:00006420       LOG_name                   10024420     libucrt:log10.obj
 0002:00006430       _One                       10024430     libucrt:ceil_pentium4.obj
 0002:00006440       _Bns                       10024440     libucrt:ceil_pentium4.obj
 0002:00006450       _Zero                      10024450     libucrt:ceil_pentium4.obj
 0002:00006460       _S                         10024460     libucrt:ceil_pentium4.obj
 0002:00006470       _NegZero                   10024470     libucrt:ceil_pentium4.obj
 0002:00006480       emask                      10024480     libucrt:log10_pentium4.obj
 0002:00006490       CC                         10024490     libucrt:log10_pentium4.obj
 0002:000064a0       Magic                      100244a0     libucrt:log10_pentium4.obj
 0002:000064b0       hi_mask                    100244b0     libucrt:log10_pentium4.obj
 0002:000064c0       LOG10_2                    100244c0     libucrt:log10_pentium4.obj
 0002:000064d0       place_L                    100244d0     libucrt:log10_pentium4.obj
 0002:000064f0       One                        100244f0     libucrt:log10_pentium4.obj
 0002:00006500       Zero                       10024500     libucrt:log10_pentium4.obj
 0002:00006510       Two52                      10024510     libucrt:log10_pentium4.obj
 0002:00006520       Infs                       10024520     libucrt:log10_pentium4.obj
 0002:00006530       NaN                        10024530     libucrt:log10_pentium4.obj
 0002:00006540       coeff                      10024540     libucrt:log10_pentium4.obj
 0002:0000659e       _log2max                   1002459e     libucrt:87tran.obj
 0002:000065a8       _smallarg                  100245a8     libucrt:87tran.obj
 0002:000065b2       _half                      100245b2     libucrt:87tran.obj
 0002:000065fe       One                        100245fe     libucrt:87disp.obj
 0002:00006606       Three                      10024606     libucrt:87disp.obj
 0002:0000660e       XAMtoTagTab                1002460e     libucrt:87disp.obj
 0002:00006620       One                        10024620     libucrt:common.obj
 0002:00006634       DblMax                     10024634     libucrt:common.obj
 0002:0000663c       DblMin                     1002463c     libucrt:common.obj
 0002:00006644       IeeeAdjO                   10024644     libucrt:common.obj
 0002:0000664c       IeeeAdjU                   1002464c     libucrt:common.obj
 0002:00006654       _infinity                  10024654     libucrt:common.obj
 0002:0000665c       _zero                      1002465c     libucrt:common.obj
 0002:00006698       _over                      10024698     libucrt:fpctrl.obj
 0002:000066a4       _under                     100246a4     libucrt:fpctrl.obj
 0002:00006f68       ?_names@?1??_get_fname@@9@9 10024f68     libucrt:fpexcept.obj
 0002:00007738       __sehtable$?_AtlVerifyStackAvailable@_ATL_SAFE_ALLOCA_IMPL@ATL@@YA_NK@Z 10025738     Totals.obj
 0002:00007758       __sehtable$___scrt_is_nonwritable_in_current_image 10025758     LIBCMT:utility.obj
 0002:00007774       __ehfuncinfo$?__scrt_initialize_thread_safe_statics_platform_specific@@YAXXZ 10025774     LIBCMT:thread_safe_statics.obj
 0002:00007798       __catchsym$??2@YAPAXIABUnothrow_t@std@@@Z$2 10025798     LIBCMT:new_scalar_nothrow.obj
 0002:000077a8       __unwindtable$??2@YAPAXIABUnothrow_t@std@@@Z 100257a8     LIBCMT:new_scalar_nothrow.obj
 0002:000077b8       __tryblocktable$??2@YAPAXIABUnothrow_t@std@@@Z 100257b8     LIBCMT:new_scalar_nothrow.obj
 0002:000077cc       __ehfuncinfo$??2@YAPAXIABUnothrow_t@std@@@Z 100257cc     LIBCMT:new_scalar_nothrow.obj
 0002:000077f0       __sehtable$?dllmain_crt_process_attach@@YAHQAUHINSTANCE__@@QAX@Z 100257f0     LIBCMT:dll_dllmain.obj
 0002:00007810       __sehtable$?dllmain_crt_process_detach@@YAH_N@Z 10025810     LIBCMT:dll_dllmain.obj
 0002:00007830       __sehtable$?dllmain_dispatch@@YAHQAUHINSTANCE__@@KQAX@Z 10025830     LIBCMT:dll_dllmain.obj
 0002:000078e0       __sehtable$?FrameUnwindToState@__FrameHandler3@@SAXPAUEHRegistrationNode@@PAXPBU_s_FuncInfo@@H@Z 100258e0     libvcruntime:frame.obj
 0002:00007908       __sehtable$?CallCatchBlock@@YAPAXPAUEHExceptionRecord@@PAUEHRegistrationNode@@PAU_CONTEXT@@PBU_s_FuncInfo@@PAXHK@Z 10025908     libvcruntime:frame.obj
 0002:00007930       __catchsym$?CallUnexpected@@YAXPBU_s_ESTypeList@@@Z$2 10025930     libvcruntime:frame.obj
 0002:00007940       __unwindtable$?CallUnexpected@@YAXPBU_s_ESTypeList@@@Z 10025940     libvcruntime:frame.obj
 0002:00007950       __tryblocktable$?CallUnexpected@@YAXPBU_s_ESTypeList@@@Z 10025950     libvcruntime:frame.obj
 0002:00007964       __ehfuncinfo$?CallUnexpected@@YAXPBU_s_ESTypeList@@@Z 10025964     libvcruntime:frame.obj
 0002:00007988       __sehtable$??$BuildCatchObjectHelperInternal@V__FrameHandler3@@@@YAHPAUEHExceptionRecord@@PAXPBU_s_HandlerType@@PBU_s_CatchableType@@@Z 10025988     libvcruntime:frame.obj
 0002:000079a8       __sehtable$??$BuildCatchObjectInternal@V__FrameHandler3@@@@YAXPAUEHExceptionRecord@@PAXPBU_s_HandlerType@@PBU_s_CatchableType@@@Z 100259a8     libvcruntime:frame.obj
 0002:00007a00       __sehtable$___DestructExceptionObject 10025a00     libvcruntime:ehhelpers.obj
 0002:00007a20       __sehtable$?common_exit@@YAXHW4_crt_exit_cleanup_mode@@W4_crt_exit_return_mode@@@Z 10025a20     libucrt:exit.obj
 0002:00007a48       __sehtable$??$?RV<lambda_800076c951b434888f4765a74a194fcc>@@AAV<lambda_4e60a939b0d047cfe11ddc22648dfba9>@@V<lambda_6dbb1268764f43b569ce7b67e331d33a>@@@?$__crt_seh_guarded_call@H@@QAEH$$QAV<lambda_800076c951b434888f4765a74a194fcc>@@AAV<lambda_4e60a939b0d047cfe11ddc22648dfba9>@@$$QAV<lambda_6dbb1268764f43b569ce7b67e331d33a>@@@Z 10025a48     libucrt:onexit.obj
 0002:00007a68       __sehtable$??$?RV<lambda_995298e7d72eb4c2aab26c0585b3abe5>@@AAV<lambda_275893d493268fdec8709772e3fcec0e>@@V<lambda_293819299cbf9a7022e18b56a874bb5c>@@@?$__crt_seh_guarded_call@H@@QAEH$$QAV<lambda_995298e7d72eb4c2aab26c0585b3abe5>@@AAV<lambda_275893d493268fdec8709772e3fcec0e>@@$$QAV<lambda_293819299cbf9a7022e18b56a874bb5c>@@@Z 10025a68     libucrt:onexit.obj
 0002:00007a88       __sehtable$__query_new_handler 10025a88     libucrt:new_handler.obj
 0002:00007aa8       __sehtable$_terminate      10025aa8     libucrt:terminate.obj
 0002:00007ac8       __sehtable$??$?RV<lambda_9df27f884b057bc3edfc946cb5b7cf47>@@AAV<lambda_e69574bed617af4e071282c136b37893>@@V<lambda_cc0d902bcbbeb830f749456577db4721>@@@?$__crt_seh_guarded_call@X@@QAEX$$QAV<lambda_9df27f884b057bc3edfc946cb5b7cf47>@@AAV<lambda_e69574bed617af4e071282c136b37893>@@$$QAV<lambda_cc0d902bcbbeb830f749456577db4721>@@@Z 10025ac8     libucrt:per_thread_data.obj
 0002:00007ae8       __sehtable$??$?RV<lambda_3518db117f0e7cdb002338c5d3c47b6c>@@AAV<lambda_b2ea41f6bbb362cd97d94c6828d90b61>@@V<lambda_abdedf541bb04549bc734292b4a045d4>@@@?$__crt_seh_guarded_call@X@@QAEX$$QAV<lambda_3518db117f0e7cdb002338c5d3c47b6c>@@AAV<lambda_b2ea41f6bbb362cd97d94c6828d90b61>@@$$QAV<lambda_abdedf541bb04549bc734292b4a045d4>@@@Z 10025ae8     libucrt:per_thread_data.obj
 0002:00007b08       __sehtable$??$?RV<lambda_51b6e8b1eb166f2a3faf91f424b38130>@@AAV<lambda_6250bd4b2a391816dd638c3bf72b0bcb>@@V<lambda_0b5a4a3e68152e1d9b943535f5f47bed>@@@?$__crt_seh_guarded_call@X@@QAEX$$QAV<lambda_51b6e8b1eb166f2a3faf91f424b38130>@@AAV<lambda_6250bd4b2a391816dd638c3bf72b0bcb>@@$$QAV<lambda_0b5a4a3e68152e1d9b943535f5f47bed>@@@Z 10025b08     libucrt:per_thread_data.obj
 0002:00007b28       __sehtable$??$?RV<lambda_5b71d36f03204c0beab531769a5b5694>@@AAV<lambda_be2b3da3f62db62e9dad5dc70221a656>@@V<lambda_8f9ce462984622f9bf76b59e2aaaf805>@@@?$__crt_seh_guarded_call@X@@QAEX$$QAV<lambda_5b71d36f03204c0beab531769a5b5694>@@AAV<lambda_be2b3da3f62db62e9dad5dc70221a656>@@$$QAV<lambda_8f9ce462984622f9bf76b59e2aaaf805>@@@Z 10025b28     libucrt:per_thread_data.obj
 0002:00007b48       __sehtable$___acrt_uninitialize_locale 10025b48     libucrt:wsetlocale.obj
 0002:00007b68       __sehtable$___acrt_initialize_lowio 10025b68     libucrt:ioinit.obj
 0002:00007b88       __sehtable$___acrt_update_thread_multibyte_data 10025b88     libucrt:mbctype.obj
 0002:00007ba8       __sehtable$??$?RV<lambda_978dc153c237d78434369da87b74ff60>@@AAV<lambda_ad1ced32f4ac17aa236e5ef05d6b3b7c>@@V<lambda_4a8533e2866a575feecb8298ce776b0d>@@@?$__crt_seh_guarded_call@X@@QAEX$$QAV<lambda_978dc153c237d78434369da87b74ff60>@@AAV<lambda_ad1ced32f4ac17aa236e5ef05d6b3b7c>@@$$QAV<lambda_4a8533e2866a575feecb8298ce776b0d>@@@Z 10025ba8     libucrt:mbctype.obj
 0002:00007bc8       __sehtable$_raise          10025bc8     libucrt:signal.obj
 0002:00007be8       __sehtable$??$?RV<lambda_a048d3beccc847880fc8490e18b82769>@@AAV<lambda_ec61778202f4f5fc7e7711acc23c3bca>@@V<lambda_f7496a158712204296dd6628a163878e>@@@?$__crt_seh_guarded_call@P6AXH@Z@@QAEP6AXH@Z$$QAV<lambda_a048d3beccc847880fc8490e18b82769>@@AAV<lambda_ec61778202f4f5fc7e7711acc23c3bca>@@$$QAV<lambda_f7496a158712204296dd6628a163878e>@@@Z 10025be8     libucrt:signal.obj
 0002:00007c08       __sehtable$___acrt_update_thread_locale_data 10025c08     libucrt:locale_refcounting.obj
 0002:00007c28       __sehtable$__fcloseall     10025c28     libucrt:closeall.obj
 0002:00007c48       __sehtable$_common_flush_all 10025c48     libucrt:fflush.obj
 0002:00007c70       __sehtable$___acrt_lowio_ensure_fh_exists 10025c70     libucrt:osfinfo.obj
 0002:00007c90       __sehtable$__write         10025c90     libucrt:write.obj
 0002:00007cb0       __sehtable$_fclose         10025cb0     libucrt:fclose.obj
 0002:00007cd0       __sehtable$??$?RV<lambda_61cee617f5178ae960314fd4d05640a0>@@AAV<lambda_6978c1fb23f02e42e1d9e99668cc68aa>@@V<lambda_9cd88cf8ad10232537feb2133f08c833>@@@?$__crt_seh_guarded_call@H@@QAEH$$QAV<lambda_61cee617f5178ae960314fd4d05640a0>@@AAV<lambda_6978c1fb23f02e42e1d9e99668cc68aa>@@$$QAV<lambda_9cd88cf8ad10232537feb2133f08c833>@@@Z 10025cd0     libucrt:commit.obj
 0002:00007cf0       __sehtable$??$?RV<lambda_123407a5e2ac06da108355a851863b7a>@@AAV<lambda_2fe9b910cf3cbf4a0ab98a02ba45b3ec>@@V<lambda_ae55bdf541ad94d75914d381c370e64d>@@@?$__crt_seh_guarded_call@H@@QAEH$$QAV<lambda_123407a5e2ac06da108355a851863b7a>@@AAV<lambda_2fe9b910cf3cbf4a0ab98a02ba45b3ec>@@$$QAV<lambda_ae55bdf541ad94d75914d381c370e64d>@@@Z 10025cf0     libucrt:close.obj
 0002:00007d10       __sehtable$__IsNonwritableInCurrentImage 10025d10     LIBCMT:pesect.obj
 0002:00007d40       .edata                     10025d40     OPOSTotals.exp
 0002:00007d68       rgpv                       10025d68     OPOSTotals.exp
 0002:00007d78       rgszName                   10025d78     OPOSTotals.exp
 0002:00007d88       rgwOrd                     10025d88     OPOSTotals.exp
 0002:00007d90       szName                     10025d90     OPOSTotals.exp
 0002:00007d9f       $N00001                    10025d9f     OPOSTotals.exp
 0002:00007daf       $N00002                    10025daf     OPOSTotals.exp
 0002:00007dc1       $N00003                    10025dc1     OPOSTotals.exp
 0002:00007dd3       $N00004                    10025dd3     OPOSTotals.exp
 0002:000083e6       .idata$6                   100263e6     kernel32:KERNEL32.dll
 0002:000085fa       .idata$6                   100265fa     user32:USER32.dll
 0002:0000872e       .idata$6                   1002672e     gdi32:GDI32.dll
 0002:000087d4       .idata$6                   100267d4     advapi32:ADVAPI32.dll
 0002:000088f0       .idata$6                   100268f0     ole32:ole32.dll
 0002:000088fa       .idata$6                   100268fa     oleaut32:OLEAUT32.dll
 0003:00000110       ?ObjectMap@@3PAU_ATL_OBJMAP_ENTRY30@ATL@@A 10027110     Totals.obj
 0003:000001b0       ?s_SOMethodNames@@3PAPADA  100271b0     TotalsImpl.obj
 0003:00000230       ?s_RequiredMethodsPerRelease@@3PAHA 10027230     TotalsImpl.obj
 0003:00000270       ?__vcrt_flsindex@@3KA      10027270     libvcruntime:per_thread_data.obj
 0003:00000290       _errno_no_memory           10027290     libucrt:errno.obj
 0003:00000294       _doserrno_no_memory        10027294     libucrt:errno.obj
 0003:000002a0       ___acrt_flsindex           100272a0     libucrt:per_thread_data.obj
 0003:00000414       ___rgctypeflag             10027414     libucrt:mbctype.obj
 0003:00000418       ___rgcode_page_info        10027418     libucrt:mbctype.obj
 0003:00000b38       ?is_initialized_as_dll@@3_NA 10027b38     LIBCMT:utility.obj
 0003:00000b39       ?module_local_atexit_table_initialized@@3_NA 10027b39     LIBCMT:utility.obj
 0003:00000b3c       ?module_local_atexit_table@@3U_onexit_table_t@@A 10027b3c     LIBCMT:utility.obj
 0003:00000b48       ?module_local_at_quick_exit_table@@3U_onexit_table_t@@A 10027b48     LIBCMT:utility.obj
 0003:00000b54       ?_Tss_mutex@@3U_RTL_CRITICAL_SECTION@@A 10027b54     LIBCMT:thread_safe_statics.obj
 0003:00000b6c       ?_Tss_cv@@3U_RTL_CONDITION_VARIABLE@@A 10027b6c     LIBCMT:thread_safe_statics.obj
 0003:00000b70       ?_Tss_event@@3PAXA         10027b70     LIBCMT:thread_safe_statics.obj
 0003:00000b74       ?encoded_sleep_condition_variable_cs@@3P6GHPAU_RTL_CONDITION_VARIABLE@@PAU_RTL_CRITICAL_SECTION@@K@ZA 10027b74     LIBCMT:thread_safe_statics.obj
 0003:00000b78       ?encoded_wake_all_condition_variable@@3P6GXPAU_RTL_CONDITION_VARIABLE@@@ZA 10027b78     LIBCMT:thread_safe_statics.obj
 0003:00000b80       _GS_ExceptionRecord        10027b80     LIBCMT:gs_report.obj
 0003:00000bd0       _GS_ContextRecord          10027bd0     LIBCMT:gs_report.obj
 0003:00000ea0       ?__proc_attached@@3HA      10027ea0     LIBCMT:dll_dllmain.obj
 0003:00000efc       ?AllocateData@@3P6GPAUAtlThunkData_t@@XZA 10027efc     atls:atlthunk.obj
 0003:00000f00       ?InitData@@3P6GXPAUAtlThunkData_t@@PAXI@ZA 10027f00     atls:atlthunk.obj
 0003:00000f04       ?DataToCode@@3P6GP6GJPAUHWND__@@IIJ@ZPAUAtlThunkData_t@@@ZA 10027f04     atls:atlthunk.obj
 0003:00000f08       ?FreeData@@3P6GXPAUAtlThunkData_t@@@ZA 10027f08     atls:atlthunk.obj
 0003:00000f0c       ?Initialized@@3_NA         10027f0c     atls:atlthunk.obj
 0003:00000f18       ?__vcrt_startup_thread_ptd@@3U__vcrt_ptd@@A 10027f18     libvcruntime:per_thread_data.obj
 0003:00000f40       ___vcrt_lock_table         10027f40     libvcruntime:locks.obj
 0003:00000f58       ___vcrt_locks_initialized  10027f58     libvcruntime:locks.obj
 0003:00000f5c       ?module_handles@@3PAPAUHINSTANCE__@@A 10027f5c     libvcruntime:winapi_downlevel.obj
 0003:00000f68       ?encoded_function_pointers@@3PAPAXA 10027f68     libvcruntime:winapi_downlevel.obj
 0003:00000fa4       ?heap@@3V_HeapManager@@A   10027fa4     libvcruntime:undname.obj
 0003:00000fbc       ___acrt_invalid_parameter_handler 10027fbc     libucrt:invalid_parameter.obj
 0003:00000fc0       _c_termination_complete    10027fc0     libucrt:exit.obj
 0003:00000fc4       _thread_local_exit_callback_func 10027fc4     libucrt:exit.obj
 0003:00000fc8       ?c_exit_complete@?5??common_exit@@YAXHW4_crt_exit_cleanup_mode@@W4_crt_exit_return_mode@@@Z@4_NA 10027fc8     libucrt:exit.obj
 0003:00000fd0       ?program_name@?5???$common_configure_argv@D@@YAHW4_crt_argv_mode@@@Z@4PADA 10027fd0     libucrt:argv_parsing.obj
 0003:00001100       ___acrt_new_handler        10028100     libucrt:new_handler.obj
 0003:00001108       _module_handles            10028108     libucrt:winapi_thunks.obj
 0003:00001158       _encoded_function_pointers 10028158     libucrt:winapi_thunks.obj
 0003:000011d8       ?state_cache@?1??__acrt_is_packaged_app@@9@4JA 100281d8     libucrt:winapi_thunks.obj
 0003:000011e4       _enable_percent_n          100281e4     libucrt:printf_count_output.obj
 0003:00001400       ___acrt_lock_table         10028400     libucrt:locks.obj
 0003:00001538       ___acrt_locks_initialized  10028538     libucrt:locks.obj
 0003:00001554       _fSystemSet                10028554     libucrt:mbctype.obj
 0003:00001558       ?initialized@?1??__acrt_initialize_multibyte@@9@4_NA 10028558     libucrt:mbctype.obj
 0003:00001578       _ctrlc_action              10028578     libucrt:signal.obj
 0003:0000157c       _ctrlbreak_action          1002857c     libucrt:signal.obj
 0003:00001580       _abort_action              10028580     libucrt:signal.obj
 0003:00001584       _term_action               10028584     libucrt:signal.obj
 0003:00001588       _user_matherr              10028588     libucrt:matherr.obj
 0003:0000158c       ___acrt_global_new_mode    1002858c     libucrt:new_mode.obj
 0003:00001598       ___acrt_app_type           10028598     libucrt:report_runtime_error.obj
 0003:000015a0       __pmatherr_set             100285a0     libucrt:libm_error.obj
 0004:00000220       $R000000                   10029220     Totals.res
 0004:00000b78       $R000958                   10029b78     Totals.res
 0004:00000c60       $R000A40                   10029c60     Totals.res
 0004:00000ec8       $R000CA8                   10029ec8     Totals.res
 0004:000013d0       $R0011B0                   1002a3d0     Totals.res
 0004:000040e8       $R003EC8                   1002d0e8     Totals.res
 0004:00004118       $R003EF8                   1002d118     Totals.res
