 OPOSCashDrawer

 Timestamp is 5b863cd1 (Wed Aug 29 15:27:29 2018)

 Preferred load address is 10000000

 Start         Length     Name                   Class
 0001:00000000 00000080H .text$di                CODE
 0001:00000080 0001cbdbH .text$mn                CODE
 0001:0001cc5b 00000051H .text$x                 CODE
 0001:0001ccac 00000042H .text$yd                CODE
 0002:00000000 000002fcH .idata$5                DATA
 0002:000002fc 00000004H .00cfg                  DATA
 0002:00000300 00000004H .CRT$XCA                DATA
 0002:00000304 00000004H .CRT$XCL                DATA
 0002:00000308 00000010H .CRT$XCU                DATA
 0002:00000318 00000004H .CRT$XCZ                DATA
 0002:0000031c 00000004H .CRT$XIA                DATA
 0002:00000320 00000010H .CRT$XIC                DATA
 0002:00000330 00000004H .CRT$XIZ                DATA
 0002:00000334 00000004H .CRT$XLA                DATA
 0002:00000338 00000004H .CRT$XLZ                DATA
 0002:0000033c 00000004H .CRT$XPA                DATA
 0002:00000340 00000008H .CRT$XPX                DATA
 0002:00000348 00000004H .CRT$XPXA               DATA
 0002:0000034c 00000004H .CRT$XPZ                DATA
 0002:00000350 00000004H .CRT$XTA                DATA
 0002:00000354 0000000cH .CRT$XTZ                DATA
 0002:00000358 00000000H .gfids$y                DATA
 0002:00000360 00006ca8H .rdata                  DATA
 0002:00007008 00000018H .rdata$T                DATA
 0002:00007020 00000180H .rdata$r                DATA
 0002:000071a0 00000020H .rdata$sxdata           DATA
 0002:000071c0 000003e0H .rdata$zzzdbg           DATA
 0002:000075a0 00000004H .rtc$IAA                DATA
 0002:000075a4 00000004H .rtc$IZZ                DATA
 0002:000075a8 00000004H .rtc$TAA                DATA
 0002:000075ac 00000004H .rtc$TZZ                DATA
 0002:000075b0 00000004H .tls                    DATA
 0002:000075b4 00000004H .tls$                   DATA
 0002:000075b8 00000008H .tls$ZZZ                DATA
 0002:000075c0 00000624H .xdata$x                DATA
 0002:00007be4 00000004H ATL$__a                 DATA
 0002:00007be8 00000008H ATL$__z                 DATA
 0002:00007bf0 000000acH .edata                  DATA
 0002:00007c9c 00000078H .idata$2                DATA
 0002:00007d14 00000014H .idata$3                DATA
 0002:00007d28 000002fcH .idata$4                DATA
 0002:00008024 00000bc0H .idata$6                DATA
 0003:00000000 000009a0H .data                   DATA
 0003:000009a0 00000098H .data$r                 DATA
 0003:00000a38 00000b68H .bss                    DATA
 0004:00000000 00000220H .rsrc$01                DATA
 0004:00000220 00003850H .rsrc$02                DATA

  Address         Publics by Value              Rva+Base       Lib:Object

 0000:00000000       ___guard_iat_count         00000000     <absolute>
 0000:00000000       ___guard_longjmp_count     00000000     <absolute>
 0000:00000000       ___guard_fids_count        00000000     <absolute>
 0000:00000000       ___guard_longjmp_table     00000000     <absolute>
 0000:00000000       ___hybrid_code_map_count   00000000     <absolute>
 0000:00000000       __except_list              00000000     <absolute>
 0000:00000000       ___hybrid_auxiliary_iat    00000000     <absolute>
 0000:00000000       ___guard_fids_table        00000000     <absolute>
 0000:00000000       ___dynamic_value_reloc_table 00000000     <absolute>
 0000:00000000       ___guard_iat_table         00000000     <absolute>
 0000:00000000       ___volatile_metadata       00000000     <absolute>
 0000:00000000       ___enclave_config          00000000     <absolute>
 0000:00000000       ___hybrid_code_map         00000000     <absolute>
 0000:00000008       ___safe_se_handler_count   00000008     <absolute>
 0000:0000002c       __tls_array                0000002c     <absolute>
 0000:00000100       ___guard_flags             00000100     <absolute>
 0000:00000000       ___ImageBase               10000000     <linker-defined>
 0001:00000080       ?DupWide@_CW@@AAEXXZ       10001080 f   CWString.obj
 0001:0000009c       ?cw_dup@@YGXPBDAAHAAPA_W1@Z 1000109c f   CWString.obj
 0001:0000010b       ?cw_memcpy@@YGHPA_WPBDH@Z  1000110b f   CWString.obj
 0001:00000137       ?cw_strcpy@@YAHPA_WPBD@Z   10001137 f   CWString.obj
 0001:0000014a       ?cw_strlen@@YAHPBD@Z       1000114a f   CWString.obj
 0001:00000163       ??0CAtlComModule@ATL@@QAE@XZ 10001163 f i OposVariant.obj
 0001:000001a8       ??0CAtlWinModule@ATL@@QAE@XZ 100011a8 f i OposVariant.obj
 0001:000001df       ??0OposDispParms@@QAE@PAVOposVariant@@H@Z 100011df f   OposVariant.obj
 0001:00000250       ??1OposDispParms@@QAE@XZ   10001250 f   OposVariant.obj
 0001:0000025e       ??A?$CSimpleArray@GV?$CSimpleArrayEqualHelper@G@ATL@@@ATL@@QAEAAGH@Z 1000125e f i OposVariant.obj
 0001:00000283       ??_Estringdispid@CComTypeInfoHolder@ATL@@QAEPAXI@Z 10001283 f i OposVariant.obj
 0001:000002ef       ?AtlWinModuleInit@ATL@@YGJPAU_ATL_WIN_MODULE70@1@@Z 100012ef f i OposVariant.obj
 0001:00000315       ?AtlWinModuleTerm@ATL@@YGJPAU_ATL_WIN_MODULE70@1@PAUHINSTANCE__@@@Z 10001315 f i OposVariant.obj
 0001:00000378       ?ChangeBSTR@OposVariant@@QAEXPAPA_WAAJ@Z 10001378 f   OposVariant.obj
 0001:000003b9       ?ChangeLONG@OposVariant@@QAEXPAJAAJ@Z 100013b9 f   OposVariant.obj
 0001:000003fa       ?GetLONG@OposVariant@@QAEJXZ 100013fa f   OposVariant.obj
 0001:00000415       ?Init@CComCriticalSection@ATL@@QAEJXZ 10001415 f i OposVariant.obj
 0001:0000043c       ?RemoveAll@?$CSimpleArray@PAUHINSTANCE__@@V?$CSimpleArrayEqualHelper@PAUHINSTANCE__@@@ATL@@@ATL@@QAEXXZ 1000143c f i atls:atlbase.obj
 0001:0000043c       ?RemoveAll@?$CSimpleArray@GV?$CSimpleArrayEqualHelper@G@ATL@@@ATL@@QAEXXZ 1000143c f i OposVariant.obj
 0001:00000459       ?SetBSTR@OposVariant@@QAEXPA_WAAJ@Z 10001459 f   OposVariant.obj
 0001:0000048d       ?SetBSTR_Copy@OposVariant@@QAEXPA_WAAJ@Z 1000148d f   OposVariant.obj
 0001:000004dd       ?SetBSTR_InOutPtr@OposVariant@@QAE_NPAPA_WAAJ@Z 100014dd f   OposVariant.obj
 0001:00000514       ?SetDispatch_Ptr@OposVariant@@QAEXPAUIDispatch@@AAJ@Z 10001514 f   OposVariant.obj
 0001:0000054f       ?SetLONG@OposVariant@@QAEXJ@Z 1000154f f   OposVariant.obj
 0001:00000571       ?SetLONG_Ptr@OposVariant@@QAEXPAJAAJ@Z 10001571 f   OposVariant.obj
 0001:000005a4       ?SetString@OposVariant@@QAEXPB_WAAJ@Z 100015a4 f   OposVariant.obj
 0001:000005ea       ?SetVARIANT_BOOL@OposVariant@@QAEXF@Z 100015ea f   OposVariant.obj
 0001:00000614       ?Term@CAtlComModule@ATL@@QAEXXZ 10001614 f i OposVariant.obj
 0001:0000065e       ?_AtlRaiseException@ATL@@YAXKK@Z 1000165e f i OposVariant.obj
 0001:00000673       ?GetWindow@?$IOleInPlaceObjectWindowlessImpl@VCOPOSCashDrawer@@@ATL@@UAGJPAPAUHWND__@@@Z 10001673 f i CashDrawer.obj
 0001:000006c0       ?QueryGetData@?$IDataObjectImpl@VCOPOSCashDrawer@@@ATL@@UAGJPAUtagFORMATETC@@@Z 100016c0 f i CashDrawer.obj
 0001:000006c0       ?ContextSensitiveHelp@?$IOleInPlaceActiveObjectImpl@VCOPOSCashDrawer@@@ATL@@UAGJH@Z 100016c0 f i CashDrawer.obj
 0001:000006c0       ?Unfreeze@?$IViewObjectExImpl@VCOPOSCashDrawer@@@ATL@@UAGJK@Z 100016c0 f i CashDrawer.obj
 0001:000006c0       ?ContextSensitiveHelp@?$IOleInPlaceObjectWindowlessImpl@VCOPOSCashDrawer@@@ATL@@UAGJH@Z 100016c0 f i CashDrawer.obj
 0001:000006c0       ?GetControlInfo@?$IOleControlImpl@VCOPOSCashDrawer@@@ATL@@UAGJPAUtagCONTROLINFO@@@Z 100016c0 f i CashDrawer.obj
 0001:000006c0       ?OnMnemonic@?$IOleControlImpl@VCOPOSCashDrawer@@@ATL@@UAGJPAUtagMSG@@@Z 100016c0 f i CashDrawer.obj
 0001:000006c0       ?SOOutputCompleteDummy@COPOSCashDrawer@@MAGJJ@Z 100016c0 f i CashDrawer.obj
 0001:000006c0       ?GetDropTarget@?$IOleInPlaceObjectWindowlessImpl@VCOPOSCashDrawer@@@ATL@@UAGJPAPAUIDropTarget@@@Z 100016c0 f i CashDrawer.obj
 0001:000006c0       ?SODataDummy@COPOSCashDrawer@@MAGJJ@Z 100016c0 f i CashDrawer.obj
 0001:000006c0       ?SetColorScheme@?$IOleObjectImpl@VCOPOSCashDrawer@@@ATL@@UAGJPAUtagLOGPALETTE@@@Z 100016c0 f i CashDrawer.obj
 0001:000006c8       ?InPlaceDeactivate@?$IOleInPlaceObjectWindowlessImpl@VCOPOSCashDrawer@@@ATL@@UAGJXZ 100016c8 f i CashDrawer.obj
 0001:000006e2       ?UIDeactivate@?$IOleInPlaceObjectWindowlessImpl@VCOPOSCashDrawer@@@ATL@@UAGJXZ 100016e2 f i CashDrawer.obj
 0001:000006fc       ?SetObjectRects@?$IOleInPlaceObjectWindowlessImpl@VCOPOSCashDrawer@@@ATL@@UAGJPBUtagRECT@@0@Z 100016fc f i CashDrawer.obj
 0001:0000071c       ?ReactivateAndUndo@?$IOleInPlaceObjectWindowlessImpl@VCOPOSCashDrawer@@@ATL@@UAGJXZ 1000171c f i CashDrawer.obj
 0001:00000724       ?OnWindowMessage@?$IOleInPlaceObjectWindowlessImpl@VCOPOSCashDrawer@@@ATL@@UAGJIIJPAJ@Z 10001724 f i CashDrawer.obj
 0001:00000794       ?EnumConnectionPoints@?$IConnectionPointContainerImpl@VCOPOSCashDrawer@@@ATL@@UAGJPAPAUIEnumConnectionPoints@@@Z 10001794 f i CashDrawer.obj
 0001:0000090e       ?FindConnectionPoint@?$IConnectionPointContainerImpl@VCOPOSCashDrawer@@@ATL@@UAGJABU_GUID@@PAPAUIConnectionPoint@@@Z 1000190e f i CashDrawer.obj
 0001:000009b1       ?GetClassID@?$IPersistStreamInitImpl@VCOPOSCashDrawer@@@ATL@@UAGJPAU_GUID@@@Z 100019b1 f i CashDrawer.obj
 0001:000009b1       ?GetUserClassID@?$IOleObjectImpl@VCOPOSCashDrawer@@@ATL@@UAGJPAU_GUID@@@Z 100019b1 f i CashDrawer.obj
 0001:000009b1       ?GetClassID@?$IPersistStorageImpl@VCOPOSCashDrawer@@@ATL@@UAGJPAU_GUID@@@Z 100019b1 f i CashDrawer.obj
 0001:000009d5       ?IsDirty@?$IPersistStorageImpl@VCOPOSCashDrawer@@@ATL@@UAGJXZ 100019d5 f i CashDrawer.obj
 0001:00000a09       ?InitNew@?$IPersistStorageImpl@VCOPOSCashDrawer@@@ATL@@UAGJPAUIStorage@@@Z 10001a09 f i CashDrawer.obj
 0001:00000a3d       ?Load@?$IPersistStorageImpl@VCOPOSCashDrawer@@@ATL@@UAGJPAUIStorage@@@Z 10001a3d f i CashDrawer.obj
 0001:00000aa9       ?Save@?$IPersistStorageImpl@VCOPOSCashDrawer@@@ATL@@UAGJPAUIStorage@@H@Z 10001aa9 f i CashDrawer.obj
 0001:00000b1c       ?EnableModeless@?$IOleInPlaceActiveObjectImpl@VCOPOSCashDrawer@@@ATL@@UAGJH@Z 10001b1c f i CashDrawer.obj
 0001:00000b1c       ?SaveCompleted@?$IPersistStorageImpl@VCOPOSCashDrawer@@@ATL@@UAGJPAUIStorage@@@Z 10001b1c f i CashDrawer.obj
 0001:00000b1c       ?OnAmbientPropertyChange@?$IOleControlImpl@VCOPOSCashDrawer@@@ATL@@UAGJJ@Z 10001b1c f i CashDrawer.obj
 0001:00000b1c       ?OnFrameWindowActivate@?$IOleInPlaceActiveObjectImpl@VCOPOSCashDrawer@@@ATL@@UAGJH@Z 10001b1c f i CashDrawer.obj
 0001:00000b21       ?IsUpToDate@?$IOleObjectImpl@VCOPOSCashDrawer@@@ATL@@UAGJXZ 10001b21 f i CashDrawer.obj
 0001:00000b21       ?Update@?$IOleObjectImpl@VCOPOSCashDrawer@@@ATL@@UAGJXZ 10001b21 f i CashDrawer.obj
 0001:00000b21       ?Release@CRegObject@ATL@@UAGKXZ 10001b21 f i CashDrawer.obj
 0001:00000b21       ?HandsOffStorage@?$IPersistStorageImpl@VCOPOSCashDrawer@@@ATL@@UAGJXZ 10001b21 f i CashDrawer.obj
 0001:00000b26       ?GetPages@?$ISpecifyPropertyPagesImpl@VCOPOSCashDrawer@@@ATL@@UAGJPAUtagCAUUID@@@Z 10001b26 f i CashDrawer.obj
 0001:00000b3d       ?QuickActivate@?$IQuickActivateImpl@VCOPOSCashDrawer@@@ATL@@UAGJPAUtagQACONTAINER@@PAUtagQACONTROL@@@Z 10001b3d f i CashDrawer.obj
 0001:00000b60       ?SetContentExtent@?$IQuickActivateImpl@VCOPOSCashDrawer@@@ATL@@UAGJPAUtagSIZE@@@Z 10001b60 f i CashDrawer.obj
 0001:00000b8c       ?GetContentExtent@?$IQuickActivateImpl@VCOPOSCashDrawer@@@ATL@@UAGJPAUtagSIZE@@@Z 10001b8c f i CashDrawer.obj
 0001:00000bac       ?GetData@?$IDataObjectImpl@VCOPOSCashDrawer@@@ATL@@UAGJPAUtagFORMATETC@@PAUtagSTGMEDIUM@@@Z 10001bac f i CashDrawer.obj
 0001:00000bcf       ?GetClipboardData@?$IOleObjectImpl@VCOPOSCashDrawer@@@ATL@@UAGJKPAPAUIDataObject@@@Z 10001bcf f i CashDrawer.obj
 0001:00000bcf       ?GetDataHere@?$IDataObjectImpl@VCOPOSCashDrawer@@@ATL@@UAGJPAUtagFORMATETC@@PAUtagSTGMEDIUM@@@Z 10001bcf f i CashDrawer.obj
 0001:00000bcf       ?EnumFormatEtc@?$IDataObjectImpl@VCOPOSCashDrawer@@@ATL@@UAGJKPAPAUIEnumFORMATETC@@@Z 10001bcf f i CashDrawer.obj
 0001:00000bcf       ?SetMoniker@?$IOleObjectImpl@VCOPOSCashDrawer@@@ATL@@UAGJKPAUIMoniker@@@Z 10001bcf f i CashDrawer.obj
 0001:00000bcf       ?GetRect@?$IViewObjectExImpl@VCOPOSCashDrawer@@@ATL@@UAGJKPAU_RECTL@@@Z 10001bcf f i CashDrawer.obj
 0001:00000bcf       ?GetCanonicalFormatEtc@?$IDataObjectImpl@VCOPOSCashDrawer@@@ATL@@UAGJPAUtagFORMATETC@@0@Z 10001bcf f i CashDrawer.obj
 0001:00000bcf       ?QueryInterface@CRegObject@ATL@@UAGJABU_GUID@@PAPAX@Z 10001bcf f i CashDrawer.obj
 0001:00000bd7       ?InitFromData@?$IOleObjectImpl@VCOPOSCashDrawer@@@ATL@@UAGJPAUIDataObject@@HK@Z 10001bd7 f i CashDrawer.obj
 0001:00000bd7       ?GetMoniker@?$IOleObjectImpl@VCOPOSCashDrawer@@@ATL@@UAGJKKPAPAUIMoniker@@@Z 10001bd7 f i CashDrawer.obj
 0001:00000bd7       ?SetData@?$IDataObjectImpl@VCOPOSCashDrawer@@@ATL@@UAGJPAUtagFORMATETC@@PAUtagSTGMEDIUM@@H@Z 10001bd7 f i CashDrawer.obj
 0001:00000bdf       ?DAdvise@?$IDataObjectImpl@VCOPOSCashDrawer@@@ATL@@UAGJPAUtagFORMATETC@@KPAUIAdviseSink@@PAK@Z 10001bdf f i CashDrawer.obj
 0001:00000c20       ?DUnadvise@?$IDataObjectImpl@VCOPOSCashDrawer@@@ATL@@UAGJK@Z 10001c20 f i CashDrawer.obj
 0001:00000c4e       ?EnumDAdvise@?$IDataObjectImpl@VCOPOSCashDrawer@@@ATL@@UAGJPAPAUIEnumSTATDATA@@@Z 10001c4e f i CashDrawer.obj
 0001:00000c8d       ?GetClassInfoW@?$IProvideClassInfo2Impl@$1?CLSID_OPOSCashDrawer@@3U_GUID@@B$1?DIID__IOPOSCashDrawerEvents@@3U2@B$1?LIBID_OposCashDrawer_CCO@@3U2@B$00$0A@VCComTypeInfoHolder@ATL@@@ATL@@UAGJPAPAUITypeInfo@@@Z 10001c8d f i CashDrawer.obj
 0001:00000ca3       ?GetGUID@?$IProvideClassInfo2Impl@$1?CLSID_OPOSCashDrawer@@3U_GUID@@B$1?DIID__IOPOSCashDrawerEvents@@3U2@B$1?LIBID_OposCashDrawer_CCO@@3U2@B$00$0A@VCComTypeInfoHolder@ATL@@@ATL@@UAGJKPAU_GUID@@@Z 10001ca3 f i CashDrawer.obj
 0001:00000ce1       __get_startup_argv_mode    10001ce1 f i LIBCMT:argv_mode.obj
 0001:00000ce1       ?FAccessAllowed@?$IObjectSafetyImpl@VCOPOSCashDrawer@@$02@ATL@@MAEHXZ 10001ce1 f i CashDrawer.obj
 0001:00000ce5       ?GetInterfaceSafetyOptions@?$IObjectSafetyImpl@VCOPOSCashDrawer@@$02@ATL@@UAGJABU_GUID@@PAK1@Z 10001ce5 f i CashDrawer.obj
 0001:00000d59       ?SetInterfaceSafetyOptions@?$IObjectSafetyImpl@VCOPOSCashDrawer@@$02@ATL@@UAGJABU_GUID@@KK@Z 10001d59 f i CashDrawer.obj
 0001:00000dd3       ?_LocCPQueryInterface@?$IConnectionPointImpl@VCOPOSCashDrawer@@$1?DIID__IOPOSCashDrawerEvents@@3U_GUID@@BVCComDynamicUnkArray@ATL@@@ATL@@UAGJABU_GUID@@PAPAX@Z 10001dd3 f i CashDrawer.obj
 0001:00000dd3       ?_LocCPQueryInterface@?$IConnectionPointImpl@VCOPOSCashDrawer@@$1?IID_IPropertyNotifySink@@3U_GUID@@BVCComDynamicUnkArray@ATL@@@ATL@@UAGJABU_GUID@@PAPAX@Z 10001dd3 f i CashDrawer.obj
 0001:00000e20       ?GetConnectionInterface@?$IConnectionPointImpl@VCOPOSCashDrawer@@$1?IID_IPropertyNotifySink@@3U_GUID@@BVCComDynamicUnkArray@ATL@@@ATL@@UAGJPAU_GUID@@@Z 10001e20 f i CashDrawer.obj
 0001:00000e44       ?GetConnectionPointContainer@?$IConnectionPointImpl@VCOPOSCashDrawer@@$1?IID_IPropertyNotifySink@@3U_GUID@@BVCComDynamicUnkArray@ATL@@@ATL@@UAGJPAPAUIConnectionPointContainer@@@Z 10001e44 f i CashDrawer.obj
 0001:00000e67       ?Advise@?$IConnectionPointImpl@VCOPOSCashDrawer@@$1?IID_IPropertyNotifySink@@3U_GUID@@BVCComDynamicUnkArray@ATL@@@ATL@@UAGJPAUIUnknown@@PAK@Z 10001e67 f i CashDrawer.obj
 0001:00000e67       ?Advise@?$IConnectionPointImpl@VCOPOSCashDrawer@@$1?DIID__IOPOSCashDrawerEvents@@3U_GUID@@BVCComDynamicUnkArray@ATL@@@ATL@@UAGJPAUIUnknown@@PAK@Z 10001e67 f i CashDrawer.obj
 0001:00000f08       ?Unadvise@?$IConnectionPointImpl@VCOPOSCashDrawer@@$1?IID_IPropertyNotifySink@@3U_GUID@@BVCComDynamicUnkArray@ATL@@@ATL@@UAGJK@Z 10001f08 f i CashDrawer.obj
 0001:00000f08       ?Unadvise@?$IConnectionPointImpl@VCOPOSCashDrawer@@$1?DIID__IOPOSCashDrawerEvents@@3U_GUID@@BVCComDynamicUnkArray@ATL@@@ATL@@UAGJK@Z 10001f08 f i CashDrawer.obj
 0001:00000f48       ?EnumConnections@?$IConnectionPointImpl@VCOPOSCashDrawer@@$1?IID_IPropertyNotifySink@@3U_GUID@@BVCComDynamicUnkArray@ATL@@@ATL@@UAGJPAPAUIEnumConnections@@@Z 10001f48 f i CashDrawer.obj
 0001:00000f48       ?EnumConnections@?$IConnectionPointImpl@VCOPOSCashDrawer@@$1?DIID__IOPOSCashDrawerEvents@@3U_GUID@@BVCComDynamicUnkArray@ATL@@@ATL@@UAGJPAPAUIEnumConnections@@@Z 10001f48 f i CashDrawer.obj
 0001:0000104e       ?GetCategoryMap@CComObjectRootBase@ATL@@SAPBU_ATL_CATMAP_ENTRY@2@XZ 1000204e f i CashDrawer.obj
 0001:0000104e       ?GetObjectDescription@?$CComCoClass@VCOPOSCashDrawer@@$1?CLSID_OPOSCashDrawer@@3U_GUID@@B@ATL@@SGPB_WXZ 1000204e f i CashDrawer.obj
 0001:00001051       ?GetConnectionInterface@?$IConnectionPointImpl@VCOPOSCashDrawer@@$1?DIID__IOPOSCashDrawerEvents@@3U_GUID@@BVCComDynamicUnkArray@ATL@@@ATL@@UAGJPAU_GUID@@@Z 10002051 f i CashDrawer.obj
 0001:00001075       ?GetConnectionPointContainer@?$IConnectionPointImpl@VCOPOSCashDrawer@@$1?DIID__IOPOSCashDrawerEvents@@3U_GUID@@BVCComDynamicUnkArray@ATL@@@ATL@@UAGJPAPAUIConnectionPointContainer@@@Z 10002075 f i CashDrawer.obj
 0001:00001098       ?UpdateRegistry@COPOSCashDrawer@@SGJH@Z 10002098 f i CashDrawer.obj
 0001:000010b0       ?ProcessWindowMessage@COPOSCashDrawer@@UAEHPAUHWND__@@IIJAAJK@Z 100020b0 f i CashDrawer.obj
 0001:000010f9       ?SODirectIO@COPOSCashDrawer@@MAGJJPAJPAPA_W@Z 100020f9 f i CashDrawer.obj
 0001:00001142       ?SOErrorDummy@COPOSCashDrawer@@MAGJJJJPAJ@Z 10002142 f i CashDrawer.obj
 0001:00001142       ?Freeze@?$IViewObjectExImpl@VCOPOSCashDrawer@@@ATL@@UAGJKJPAXPAK@Z 10002142 f i CashDrawer.obj
 0001:0000114a       ?SOStatusUpdate@COPOSCashDrawer@@MAGJJ@Z 1000214a f i CashDrawer.obj
 0001:00001183       ?CreateInstance@?$CComCreator@V?$CComObjectCached@VCComClassFactory@ATL@@@ATL@@@ATL@@SGJPAXABU_GUID@@PAPAX@Z 10002183 f i CashDrawer.obj
 0001:00001216       ?CreateInstance@?$CComCreator2@V?$CComCreator@V?$CComObject@VCOPOSCashDrawer@@@ATL@@@ATL@@V?$CComCreator@V?$CComAggObject@VCOPOSCashDrawer@@@ATL@@@2@@ATL@@SGJPAXABU_GUID@@PAPAX@Z 10002216 f i CashDrawer.obj
 0001:00001236       ?AddRef@CRegObject@ATL@@UAGKXZ 10002236 f i CashDrawer.obj
 0001:0000123c       ?AddReplacement@CRegObject@ATL@@UAGJPB_W0@Z 1000223c f i CashDrawer.obj
 0001:00001275       ?ClearReplacements@CRegObject@ATL@@UAGJXZ 10002275 f i CashDrawer.obj
 0001:00001287       ??_GCRegObject@ATL@@UAEPAXI@Z 10002287 f i CashDrawer.obj
 0001:00001287       ??_ECRegObject@ATL@@UAEPAXI@Z 10002287 f i CashDrawer.obj
 0001:000012a9       ?Next@?$CComEnumImpl@UIEnumConnectionPoints@@$1?_GUID_b196b285_bab4_101a_b69c_00aa00341d07@@3U__s_GUID@@BPAUIConnectionPoint@@V?$_CopyInterface@UIConnectionPoint@@@ATL@@@ATL@@UAGJKPAPAUIConnectionPoint@@PAK@Z 100022a9 f i CashDrawer.obj
 0001:00001380       ?Skip@?$CComEnumImpl@UIEnumConnectionPoints@@$1?_GUID_b196b285_bab4_101a_b69c_00aa00341d07@@3U__s_GUID@@BPAUIConnectionPoint@@V?$_CopyInterface@UIConnectionPoint@@@ATL@@@ATL@@UAGJK@Z 10002380 f i CashDrawer.obj
 0001:000013ad       ?Reset@?$CComEnumImpl@UIEnumConnectionPoints@@$1?_GUID_b196b285_bab4_101a_b69c_00aa00341d07@@3U__s_GUID@@BPAUIConnectionPoint@@V?$_CopyInterface@UIConnectionPoint@@@ATL@@@ATL@@UAGJXZ 100023ad f i CashDrawer.obj
 0001:000013ad       ?Reset@?$CComEnumImpl@UIEnumConnections@@$1?_GUID_b196b287_bab4_101a_b69c_00aa00341d07@@3U__s_GUID@@BUtagCONNECTDATA@@V?$_Copy@UtagCONNECTDATA@@@ATL@@@ATL@@UAGJXZ 100023ad f i CashDrawer.obj
 0001:000013bf       ?Clone@?$CComEnumImpl@UIEnumConnectionPoints@@$1?_GUID_b196b285_bab4_101a_b69c_00aa00341d07@@3U__s_GUID@@BPAUIConnectionPoint@@V?$_CopyInterface@UIConnectionPoint@@@ATL@@@ATL@@UAGJPAPAUIEnumConnectionPoints@@@Z 100023bf f i CashDrawer.obj
 0001:0000149e       ?AddRef@?$CComObject@V?$CComEnum@UIEnumConnectionPoints@@$1?_GUID_b196b285_bab4_101a_b69c_00aa00341d07@@3U__s_GUID@@BPAUIConnectionPoint@@V?$_CopyInterface@UIConnectionPoint@@@ATL@@VCComSingleThreadModel@6@@ATL@@@ATL@@UAGKXZ 1000249e f i CashDrawer.obj
 0001:0000149e       ?AddRef@?$CComObject@V?$CComEnum@UIEnumConnections@@$1?_GUID_b196b287_bab4_101a_b69c_00aa00341d07@@3U__s_GUID@@BUtagCONNECTDATA@@V?$_Copy@UtagCONNECTDATA@@@ATL@@VCComSingleThreadModel@6@@ATL@@@ATL@@UAGKXZ 1000249e f i CashDrawer.obj
 0001:000014af       ?Release@?$CComObject@V?$CComEnum@UIEnumConnectionPoints@@$1?_GUID_b196b285_bab4_101a_b69c_00aa00341d07@@3U__s_GUID@@BPAUIConnectionPoint@@V?$_CopyInterface@UIConnectionPoint@@@ATL@@VCComSingleThreadModel@6@@ATL@@@ATL@@UAGKXZ 100024af f i CashDrawer.obj
 0001:000014af       ?Release@?$CComObject@V?$CComEnum@UIEnumConnections@@$1?_GUID_b196b287_bab4_101a_b69c_00aa00341d07@@3U__s_GUID@@BUtagCONNECTDATA@@V?$_Copy@UtagCONNECTDATA@@@ATL@@VCComSingleThreadModel@6@@ATL@@@ATL@@UAGKXZ 100024af f i CashDrawer.obj
 0001:000014eb       ?QueryInterface@?$CComObject@V?$CComEnum@UIEnumConnectionPoints@@$1?_GUID_b196b285_bab4_101a_b69c_00aa00341d07@@3U__s_GUID@@BPAUIConnectionPoint@@V?$_CopyInterface@UIConnectionPoint@@@ATL@@VCComSingleThreadModel@6@@ATL@@@ATL@@UAGJABU_GUID@@PAPAX@Z 100024eb f i CashDrawer.obj
 0001:00001505       ??_E?$CComObject@V?$CComEnum@UIEnumConnectionPoints@@$1?_GUID_b196b285_bab4_101a_b69c_00aa00341d07@@3U__s_GUID@@BPAUIConnectionPoint@@V?$_CopyInterface@UIConnectionPoint@@@ATL@@VCComSingleThreadModel@6@@ATL@@@ATL@@UAEPAXI@Z 10002505 f i CashDrawer.obj
 0001:00001505       ??_G?$CComObject@V?$CComEnum@UIEnumConnectionPoints@@$1?_GUID_b196b285_bab4_101a_b69c_00aa00341d07@@3U__s_GUID@@BPAUIConnectionPoint@@V?$_CopyInterface@UIConnectionPoint@@@ATL@@VCComSingleThreadModel@6@@ATL@@@ATL@@UAEPAXI@Z 10002505 f i CashDrawer.obj
 0001:00001527       ?AddRef@?$CComObjectCached@VCComClassFactory@ATL@@@ATL@@UAGKXZ 10002527 f i CashDrawer.obj
 0001:0000154e       ?Release@?$CComObjectCached@VCComClassFactory@ATL@@@ATL@@UAGKXZ 1000254e f i CashDrawer.obj
 0001:00001584       ?QueryInterface@?$CComObjectCached@VCComClassFactory@ATL@@@ATL@@UAGJABU_GUID@@PAPAX@Z 10002584 f i CashDrawer.obj
 0001:0000159e       ??_G?$CComObjectCached@VCComClassFactory@ATL@@@ATL@@UAEPAXI@Z 1000259e f i CashDrawer.obj
 0001:0000159e       ??_E?$CComObjectCached@VCComClassFactory@ATL@@@ATL@@UAEPAXI@Z 1000259e f i CashDrawer.obj
 0001:000015c0       ?AddRef@?$CComAggObject@VCOPOSCashDrawer@@@ATL@@UAGKXZ 100025c0 f i CashDrawer.obj
 0001:000015d1       ?Release@?$CComAggObject@VCOPOSCashDrawer@@@ATL@@UAGKXZ 100025d1 f i CashDrawer.obj
 0001:0000160d       ?QueryInterface@?$CComAggObject@VCOPOSCashDrawer@@@ATL@@UAGJABU_GUID@@PAPAX@Z 1000260d f i CashDrawer.obj
 0001:0000165c       ?AddRef@?$CComContainedObject@VCOPOSCashDrawer@@@ATL@@UAGKXZ 1000265c f i CashDrawer.obj
 0001:00001672       ?Release@?$CComContainedObject@VCOPOSCashDrawer@@@ATL@@UAGKXZ 10002672 f i CashDrawer.obj
 0001:00001688       ?QueryInterface@?$CComContainedObject@VCOPOSCashDrawer@@@ATL@@UAGJABU_GUID@@PAPAX@Z 10002688 f i CashDrawer.obj
 0001:000016a3       ??_E?$CComAggObject@VCOPOSCashDrawer@@@ATL@@UAEPAXI@Z 100026a3 f i CashDrawer.obj
 0001:000016a3       ??_G?$CComAggObject@VCOPOSCashDrawer@@@ATL@@UAEPAXI@Z 100026a3 f i CashDrawer.obj
 0001:000016c8       ?AddRef@?$CComObject@VCOPOSCashDrawer@@@ATL@@UAGKXZ 100026c8 f i CashDrawer.obj
 0001:000016df       ?Release@?$CComObject@VCOPOSCashDrawer@@@ATL@@UAGKXZ 100026df f i CashDrawer.obj
 0001:00001721       ?QueryInterface@?$CComObject@VCOPOSCashDrawer@@@ATL@@UAGJABU_GUID@@PAPAX@Z 10002721 f i CashDrawer.obj
 0001:0000173b       ?ObjectMain@CComObjectRootBase@ATL@@SGX_N@Z 1000273b f i CashDrawer.obj
 0001:0000173b       ?OnFinalMessage@?$CWindowImplBaseT@VCWindow@ATL@@V?$CWinTraits@$0FGAAAAAA@$0A@@2@@ATL@@UAEXPAUHWND__@@@Z 1000273b f i CashDrawer.obj
 0001:0000173e       ?OnDrawAdvanced@CComControlBase@ATL@@UAEJAAUATL_DRAWINFO@@@Z 1000273e f i CashDrawer.obj
 0001:0000182d       ?CreateInstance@CComClassFactory@ATL@@UAGJPAUIUnknown@@ABU_GUID@@PAPAX@Z 1000282d f i CashDrawer.obj
 0001:0000186b       ?LockServer@CComClassFactory@ATL@@UAGJH@Z 1000286b f i CashDrawer.obj
 0001:0000188a       ??_GCComClassFactory@ATL@@UAEPAXI@Z 1000288a f i CashDrawer.obj
 0001:0000188a       ??_ECComClassFactory@ATL@@UAEPAXI@Z 1000288a f i CashDrawer.obj
 0001:000018b5       ?Next@?$CComEnumImpl@UIEnumConnections@@$1?_GUID_b196b287_bab4_101a_b69c_00aa00341d07@@3U__s_GUID@@BUtagCONNECTDATA@@V?$_Copy@UtagCONNECTDATA@@@ATL@@@ATL@@UAGJKPAUtagCONNECTDATA@@PAK@Z 100028b5 f i CashDrawer.obj
 0001:0000198c       ?Skip@?$CComEnumImpl@UIEnumConnections@@$1?_GUID_b196b287_bab4_101a_b69c_00aa00341d07@@3U__s_GUID@@BUtagCONNECTDATA@@V?$_Copy@UtagCONNECTDATA@@@ATL@@@ATL@@UAGJK@Z 1000298c f i CashDrawer.obj
 0001:000019b9       ?Clone@?$CComEnumImpl@UIEnumConnections@@$1?_GUID_b196b287_bab4_101a_b69c_00aa00341d07@@3U__s_GUID@@BUtagCONNECTDATA@@V?$_Copy@UtagCONNECTDATA@@@ATL@@@ATL@@UAGJPAPAUIEnumConnections@@@Z 100029b9 f i CashDrawer.obj
 0001:00001a98       ?QueryInterface@?$CComObject@V?$CComEnum@UIEnumConnections@@$1?_GUID_b196b287_bab4_101a_b69c_00aa00341d07@@3U__s_GUID@@BUtagCONNECTDATA@@V?$_Copy@UtagCONNECTDATA@@@ATL@@VCComSingleThreadModel@6@@ATL@@@ATL@@UAGJABU_GUID@@PAPAX@Z 10002a98 f i CashDrawer.obj
 0001:00001ab2       ??_G?$CComObject@V?$CComEnum@UIEnumConnections@@$1?_GUID_b196b287_bab4_101a_b69c_00aa00341d07@@3U__s_GUID@@BUtagCONNECTDATA@@V?$_Copy@UtagCONNECTDATA@@@ATL@@VCComSingleThreadModel@6@@ATL@@@ATL@@UAEPAXI@Z 10002ab2 f i CashDrawer.obj
 0001:00001ab2       ??_E?$CComObject@V?$CComEnum@UIEnumConnections@@$1?_GUID_b196b287_bab4_101a_b69c_00aa00341d07@@3U__s_GUID@@BUtagCONNECTDATA@@V?$_Copy@UtagCONNECTDATA@@@ATL@@VCComSingleThreadModel@6@@ATL@@@ATL@@UAEPAXI@Z 10002ab2 f i CashDrawer.obj
 0001:00001ad4       ??_E?$CComObject@VCOPOSCashDrawer@@@ATL@@W3AEPAXI@Z 10002ad4 f i CashDrawer.obj
 0001:00001adc       ??_E?$CComObject@VCOPOSCashDrawer@@@ATL@@WEM@AEPAXI@Z 10002adc f i CashDrawer.obj
 0001:00001ae4       ?QueryInterface@?$CComObject@VCOPOSCashDrawer@@@ATL@@WHA@AGJABU_GUID@@PAPAX@Z 10002ae4 f i CashDrawer.obj
 0001:00001aee       ?AddRef@?$CComObject@VCOPOSCashDrawer@@@ATL@@WHA@AGKXZ 10002aee f i CashDrawer.obj
 0001:00001af8       ?Release@?$CComObject@VCOPOSCashDrawer@@@ATL@@WHA@AGKXZ 10002af8 f i CashDrawer.obj
 0001:00001b02       ?QueryInterface@?$CComObject@VCOPOSCashDrawer@@@ATL@@WHE@AGJABU_GUID@@PAPAX@Z 10002b02 f i CashDrawer.obj
 0001:00001b0c       ?AddRef@?$CComObject@VCOPOSCashDrawer@@@ATL@@WHE@AGKXZ 10002b0c f i CashDrawer.obj
 0001:00001b16       ?Release@?$CComObject@VCOPOSCashDrawer@@@ATL@@WHE@AGKXZ 10002b16 f i CashDrawer.obj
 0001:00001b20       ?QueryInterface@?$CComObject@VCOPOSCashDrawer@@@ATL@@WHI@AGJABU_GUID@@PAPAX@Z 10002b20 f i CashDrawer.obj
 0001:00001b2a       ?AddRef@?$CComObject@VCOPOSCashDrawer@@@ATL@@WHI@AGKXZ 10002b2a f i CashDrawer.obj
 0001:00001b34       ?Release@?$CComObject@VCOPOSCashDrawer@@@ATL@@WHI@AGKXZ 10002b34 f i CashDrawer.obj
 0001:00001b3e       ?QueryInterface@?$CComObject@VCOPOSCashDrawer@@@ATL@@WHM@AGJABU_GUID@@PAPAX@Z 10002b3e f i CashDrawer.obj
 0001:00001b48       ?AddRef@?$CComObject@VCOPOSCashDrawer@@@ATL@@WHM@AGKXZ 10002b48 f i CashDrawer.obj
 0001:00001b52       ?Release@?$CComObject@VCOPOSCashDrawer@@@ATL@@WHM@AGKXZ 10002b52 f i CashDrawer.obj
 0001:00001b5c       ?QueryInterface@?$CComObject@VCOPOSCashDrawer@@@ATL@@WIA@AGJABU_GUID@@PAPAX@Z 10002b5c f i CashDrawer.obj
 0001:00001b69       ?AddRef@?$CComObject@VCOPOSCashDrawer@@@ATL@@WIA@AGKXZ 10002b69 f i CashDrawer.obj
 0001:00001b76       ?Release@?$CComObject@VCOPOSCashDrawer@@@ATL@@WIA@AGKXZ 10002b76 f i CashDrawer.obj
 0001:00001b83       ?QueryInterface@?$CComObject@VCOPOSCashDrawer@@@ATL@@WIE@AGJABU_GUID@@PAPAX@Z 10002b83 f i CashDrawer.obj
 0001:00001b90       ?AddRef@?$CComObject@VCOPOSCashDrawer@@@ATL@@WIE@AGKXZ 10002b90 f i CashDrawer.obj
 0001:00001b9d       ?Release@?$CComObject@VCOPOSCashDrawer@@@ATL@@WIE@AGKXZ 10002b9d f i CashDrawer.obj
 0001:00001baa       ?QueryInterface@?$CComObject@VCOPOSCashDrawer@@@ATL@@WII@AGJABU_GUID@@PAPAX@Z 10002baa f i CashDrawer.obj
 0001:00001bb7       ?AddRef@?$CComObject@VCOPOSCashDrawer@@@ATL@@WII@AGKXZ 10002bb7 f i CashDrawer.obj
 0001:00001bc4       ?Release@?$CComObject@VCOPOSCashDrawer@@@ATL@@WII@AGKXZ 10002bc4 f i CashDrawer.obj
 0001:00001bd1       ?QueryInterface@?$CComObject@VCOPOSCashDrawer@@@ATL@@WIM@AGJABU_GUID@@PAPAX@Z 10002bd1 f i CashDrawer.obj
 0001:00001bde       ?AddRef@?$CComObject@VCOPOSCashDrawer@@@ATL@@WIM@AGKXZ 10002bde f i CashDrawer.obj
 0001:00001beb       ?Release@?$CComObject@VCOPOSCashDrawer@@@ATL@@WIM@AGKXZ 10002beb f i CashDrawer.obj
 0001:00001bf8       ?QueryInterface@?$CComObject@VCOPOSCashDrawer@@@ATL@@WJA@AGJABU_GUID@@PAPAX@Z 10002bf8 f i CashDrawer.obj
 0001:00001c05       ?AddRef@?$CComObject@VCOPOSCashDrawer@@@ATL@@WJA@AGKXZ 10002c05 f i CashDrawer.obj
 0001:00001c12       ?Release@?$CComObject@VCOPOSCashDrawer@@@ATL@@WJA@AGKXZ 10002c12 f i CashDrawer.obj
 0001:00001c1f       ?QueryInterface@?$CComObject@VCOPOSCashDrawer@@@ATL@@WJE@AGJABU_GUID@@PAPAX@Z 10002c1f f i CashDrawer.obj
 0001:00001c2c       ?AddRef@?$CComObject@VCOPOSCashDrawer@@@ATL@@WJE@AGKXZ 10002c2c f i CashDrawer.obj
 0001:00001c39       ?Release@?$CComObject@VCOPOSCashDrawer@@@ATL@@WJE@AGKXZ 10002c39 f i CashDrawer.obj
 0001:00001c46       ?QueryInterface@?$CComObject@VCOPOSCashDrawer@@@ATL@@WJI@AGJABU_GUID@@PAPAX@Z 10002c46 f i CashDrawer.obj
 0001:00001c53       ?AddRef@?$CComObject@VCOPOSCashDrawer@@@ATL@@WJI@AGKXZ 10002c53 f i CashDrawer.obj
 0001:00001c60       ?Release@?$CComObject@VCOPOSCashDrawer@@@ATL@@WJI@AGKXZ 10002c60 f i CashDrawer.obj
 0001:00001c6d       ?QueryInterface@?$CComObject@VCOPOSCashDrawer@@@ATL@@WJM@AGJABU_GUID@@PAPAX@Z 10002c6d f i CashDrawer.obj
 0001:00001c7a       ?AddRef@?$CComObject@VCOPOSCashDrawer@@@ATL@@WJM@AGKXZ 10002c7a f i CashDrawer.obj
 0001:00001c87       ?Release@?$CComObject@VCOPOSCashDrawer@@@ATL@@WJM@AGKXZ 10002c87 f i CashDrawer.obj
 0001:00001c94       ?QueryInterface@?$CComObject@VCOPOSCashDrawer@@@ATL@@WKA@AGJABU_GUID@@PAPAX@Z 10002c94 f i CashDrawer.obj
 0001:00001ca1       ?AddRef@?$CComObject@VCOPOSCashDrawer@@@ATL@@WKA@AGKXZ 10002ca1 f i CashDrawer.obj
 0001:00001cae       ?Release@?$CComObject@VCOPOSCashDrawer@@@ATL@@WKA@AGKXZ 10002cae f i CashDrawer.obj
 0001:00001cbb       ?AddRef@?$CComObject@VCOPOSCashDrawer@@@ATL@@WKI@AGKXZ 10002cbb f i CashDrawer.obj
 0001:00001cc8       ?Release@?$CComObject@VCOPOSCashDrawer@@@ATL@@WKI@AGKXZ 10002cc8 f i CashDrawer.obj
 0001:00001cd5       ?AddRef@?$CComObject@VCOPOSCashDrawer@@@ATL@@WLE@AGKXZ 10002cd5 f i CashDrawer.obj
 0001:00001ce2       ?Release@?$CComObject@VCOPOSCashDrawer@@@ATL@@WLE@AGKXZ 10002ce2 f i CashDrawer.obj
 0001:00001cef       ??_E?$CComContainedObject@VCOPOSCashDrawer@@@ATL@@W3AEPAXI@Z 10002cef f i CashDrawer.obj
 0001:00001cf7       ??_E?$CComContainedObject@VCOPOSCashDrawer@@@ATL@@WEM@AEPAXI@Z 10002cf7 f i CashDrawer.obj
 0001:00001cff       ?QueryInterface@?$CComContainedObject@VCOPOSCashDrawer@@@ATL@@WHA@AGJABU_GUID@@PAPAX@Z 10002cff f i CashDrawer.obj
 0001:00001d09       ?AddRef@?$CComContainedObject@VCOPOSCashDrawer@@@ATL@@WHA@AGKXZ 10002d09 f i CashDrawer.obj
 0001:00001d13       ?Release@?$CComContainedObject@VCOPOSCashDrawer@@@ATL@@WHA@AGKXZ 10002d13 f i CashDrawer.obj
 0001:00001d1d       ?QueryInterface@?$CComContainedObject@VCOPOSCashDrawer@@@ATL@@WHE@AGJABU_GUID@@PAPAX@Z 10002d1d f i CashDrawer.obj
 0001:00001d27       ?AddRef@?$CComContainedObject@VCOPOSCashDrawer@@@ATL@@WHE@AGKXZ 10002d27 f i CashDrawer.obj
 0001:00001d31       ?Release@?$CComContainedObject@VCOPOSCashDrawer@@@ATL@@WHE@AGKXZ 10002d31 f i CashDrawer.obj
 0001:00001d3b       ?QueryInterface@?$CComContainedObject@VCOPOSCashDrawer@@@ATL@@WHI@AGJABU_GUID@@PAPAX@Z 10002d3b f i CashDrawer.obj
 0001:00001d45       ?AddRef@?$CComContainedObject@VCOPOSCashDrawer@@@ATL@@WHI@AGKXZ 10002d45 f i CashDrawer.obj
 0001:00001d4f       ?Release@?$CComContainedObject@VCOPOSCashDrawer@@@ATL@@WHI@AGKXZ 10002d4f f i CashDrawer.obj
 0001:00001d59       ?QueryInterface@?$CComContainedObject@VCOPOSCashDrawer@@@ATL@@WHM@AGJABU_GUID@@PAPAX@Z 10002d59 f i CashDrawer.obj
 0001:00001d63       ?AddRef@?$CComContainedObject@VCOPOSCashDrawer@@@ATL@@WHM@AGKXZ 10002d63 f i CashDrawer.obj
 0001:00001d6d       ?Release@?$CComContainedObject@VCOPOSCashDrawer@@@ATL@@WHM@AGKXZ 10002d6d f i CashDrawer.obj
 0001:00001d77       ?QueryInterface@?$CComContainedObject@VCOPOSCashDrawer@@@ATL@@WIA@AGJABU_GUID@@PAPAX@Z 10002d77 f i CashDrawer.obj
 0001:00001d84       ?AddRef@?$CComContainedObject@VCOPOSCashDrawer@@@ATL@@WIA@AGKXZ 10002d84 f i CashDrawer.obj
 0001:00001d91       ?Release@?$CComContainedObject@VCOPOSCashDrawer@@@ATL@@WIA@AGKXZ 10002d91 f i CashDrawer.obj
 0001:00001d9e       ?QueryInterface@?$CComContainedObject@VCOPOSCashDrawer@@@ATL@@WIE@AGJABU_GUID@@PAPAX@Z 10002d9e f i CashDrawer.obj
 0001:00001dab       ?AddRef@?$CComContainedObject@VCOPOSCashDrawer@@@ATL@@WIE@AGKXZ 10002dab f i CashDrawer.obj
 0001:00001db8       ?Release@?$CComContainedObject@VCOPOSCashDrawer@@@ATL@@WIE@AGKXZ 10002db8 f i CashDrawer.obj
 0001:00001dc5       ?QueryInterface@?$CComContainedObject@VCOPOSCashDrawer@@@ATL@@WII@AGJABU_GUID@@PAPAX@Z 10002dc5 f i CashDrawer.obj
 0001:00001dd2       ?AddRef@?$CComContainedObject@VCOPOSCashDrawer@@@ATL@@WII@AGKXZ 10002dd2 f i CashDrawer.obj
 0001:00001ddf       ?Release@?$CComContainedObject@VCOPOSCashDrawer@@@ATL@@WII@AGKXZ 10002ddf f i CashDrawer.obj
 0001:00001dec       ?QueryInterface@?$CComContainedObject@VCOPOSCashDrawer@@@ATL@@WIM@AGJABU_GUID@@PAPAX@Z 10002dec f i CashDrawer.obj
 0001:00001df9       ?AddRef@?$CComContainedObject@VCOPOSCashDrawer@@@ATL@@WIM@AGKXZ 10002df9 f i CashDrawer.obj
 0001:00001e06       ?Release@?$CComContainedObject@VCOPOSCashDrawer@@@ATL@@WIM@AGKXZ 10002e06 f i CashDrawer.obj
 0001:00001e13       ?QueryInterface@?$CComContainedObject@VCOPOSCashDrawer@@@ATL@@WJA@AGJABU_GUID@@PAPAX@Z 10002e13 f i CashDrawer.obj
 0001:00001e20       ?AddRef@?$CComContainedObject@VCOPOSCashDrawer@@@ATL@@WJA@AGKXZ 10002e20 f i CashDrawer.obj
 0001:00001e2d       ?Release@?$CComContainedObject@VCOPOSCashDrawer@@@ATL@@WJA@AGKXZ 10002e2d f i CashDrawer.obj
 0001:00001e3a       ?QueryInterface@?$CComContainedObject@VCOPOSCashDrawer@@@ATL@@WJE@AGJABU_GUID@@PAPAX@Z 10002e3a f i CashDrawer.obj
 0001:00001e47       ?AddRef@?$CComContainedObject@VCOPOSCashDrawer@@@ATL@@WJE@AGKXZ 10002e47 f i CashDrawer.obj
 0001:00001e54       ?Release@?$CComContainedObject@VCOPOSCashDrawer@@@ATL@@WJE@AGKXZ 10002e54 f i CashDrawer.obj
 0001:00001e61       ?QueryInterface@?$CComContainedObject@VCOPOSCashDrawer@@@ATL@@WJI@AGJABU_GUID@@PAPAX@Z 10002e61 f i CashDrawer.obj
 0001:00001e6e       ?AddRef@?$CComContainedObject@VCOPOSCashDrawer@@@ATL@@WJI@AGKXZ 10002e6e f i CashDrawer.obj
 0001:00001e7b       ?Release@?$CComContainedObject@VCOPOSCashDrawer@@@ATL@@WJI@AGKXZ 10002e7b f i CashDrawer.obj
 0001:00001e88       ?QueryInterface@?$CComContainedObject@VCOPOSCashDrawer@@@ATL@@WJM@AGJABU_GUID@@PAPAX@Z 10002e88 f i CashDrawer.obj
 0001:00001e95       ?AddRef@?$CComContainedObject@VCOPOSCashDrawer@@@ATL@@WJM@AGKXZ 10002e95 f i CashDrawer.obj
 0001:00001ea2       ?Release@?$CComContainedObject@VCOPOSCashDrawer@@@ATL@@WJM@AGKXZ 10002ea2 f i CashDrawer.obj
 0001:00001eaf       ?QueryInterface@?$CComContainedObject@VCOPOSCashDrawer@@@ATL@@WKA@AGJABU_GUID@@PAPAX@Z 10002eaf f i CashDrawer.obj
 0001:00001ebc       ?AddRef@?$CComContainedObject@VCOPOSCashDrawer@@@ATL@@WKA@AGKXZ 10002ebc f i CashDrawer.obj
 0001:00001ec9       ?Release@?$CComContainedObject@VCOPOSCashDrawer@@@ATL@@WKA@AGKXZ 10002ec9 f i CashDrawer.obj
 0001:00001ed6       ?AddRef@?$CComContainedObject@VCOPOSCashDrawer@@@ATL@@WKI@AGKXZ 10002ed6 f i CashDrawer.obj
 0001:00001ee3       ?Release@?$CComContainedObject@VCOPOSCashDrawer@@@ATL@@WKI@AGKXZ 10002ee3 f i CashDrawer.obj
 0001:00001ef0       ?AddRef@?$CComContainedObject@VCOPOSCashDrawer@@@ATL@@WLE@AGKXZ 10002ef0 f i CashDrawer.obj
 0001:00001efd       ?Release@?$CComContainedObject@VCOPOSCashDrawer@@@ATL@@WLE@AGKXZ 10002efd f i CashDrawer.obj
 0001:00001f0a       ?Lock@CAtlModule@ATL@@UAEJXZ 10002f0a f i CashDrawer.obj
 0001:00001f14       ?Unlock@CAtlModule@ATL@@UAEJXZ 10002f14 f i CashDrawer.obj
 0001:00001f1e       ?GetLockCount@CAtlModule@ATL@@UAEJXZ 10002f1e f i CashDrawer.obj
 0001:00001f22       ?GetGITPtr@CAtlModule@ATL@@UAEJPAPAUIGlobalInterfaceTable@@@Z 10002f22 f i CashDrawer.obj
 0001:00001f6e       ?GetWindowProc@?$CWindowImplBaseT@VCWindow@ATL@@V?$CWinTraits@$0FGAAAAAA@$0A@@2@@ATL@@UAEP6GJPAUHWND__@@IIJ@ZXZ 10002f6e f i CashDrawer.obj
 0001:00001f74       ?StartWindowProc@?$CWindowImplBaseT@VCWindow@ATL@@V?$CWinTraits@$0FGAAAAAA@$0A@@2@@ATL@@SGJPAUHWND__@@IIJ@Z 10002f74 f i CashDrawer.obj
 0001:00001fc8       ?AddCommonRGSReplacements@?$CAtlModuleT@VCComModule@ATL@@@ATL@@UAEJPAUIRegistrarBase@@@Z 10002fc8 f i CashDrawer.obj
 0001:00001fe2       ?GetTypeInfoCount@?$IDispatchImpl@UIOPOSCashDrawer@@$1?IID_IOPOSCashDrawer@@3U_GUID@@B$1?LIBID_OposCashDrawer_CCO@@3U3@B$00$0A@VCComTypeInfoHolder@ATL@@@ATL@@UAGJPAI@Z 10002fe2 f i CashDrawer.obj
 0001:00001fff       ?GetTypeInfo@?$IDispatchImpl@UIOPOSCashDrawer@@$1?IID_IOPOSCashDrawer@@3U_GUID@@B$1?LIBID_OposCashDrawer_CCO@@3U3@B$00$0A@VCComTypeInfoHolder@ATL@@@ATL@@UAGJIKPAPAUITypeInfo@@@Z 10002fff f i CashDrawer.obj
 0001:00002023       ?GetIDsOfNames@?$IDispatchImpl@UIOPOSCashDrawer@@$1?IID_IOPOSCashDrawer@@3U_GUID@@B$1?LIBID_OposCashDrawer_CCO@@3U3@B$00$0A@VCComTypeInfoHolder@ATL@@@ATL@@UAGJABU_GUID@@PAPA_WIKPAJ@Z 10003023 f i CashDrawer.obj
 0001:00002043       ?Invoke@?$IDispatchImpl@UIOPOSCashDrawer@@$1?IID_IOPOSCashDrawer@@3U_GUID@@B$1?LIBID_OposCashDrawer_CCO@@3U3@B$00$0A@VCComTypeInfoHolder@ATL@@@ATL@@UAGJJABU_GUID@@KGPAUtagDISPPARAMS@@PAUtagVARIANT@@PAUtagEXCEPINFO@@PAI@Z 10003043 f i CashDrawer.obj
 0001:00002051       ?CreateControlWindow@?$CComControl@VCOPOSCashDrawer@@V?$CWindowImpl@VCOPOSCashDrawer@@VCWindow@ATL@@V?$CWinTraits@$0FGAAAAAA@$0A@@3@@ATL@@@ATL@@UAEPAUHWND__@@PAU3@AAUtagRECT@@@Z 10003051 f i CashDrawer.obj
 0001:00002080       ?UpdateRegistryFromResourceD@CComModule@ATL@@UAGJIHPAU_ATL_REGMAP_ENTRY@2@@Z 10003080 f i CashDrawer.obj
 0001:00002080       ?UpdateRegistryFromResourceD@CComModule@ATL@@UAGJPB_WHPAU_ATL_REGMAP_ENTRY@2@@Z 10003080 f i CashDrawer.obj
 0001:00002088       ?ControlQueryInterface@?$CComControl@VCOPOSCashDrawer@@V?$CWindowImpl@VCOPOSCashDrawer@@VCWindow@ATL@@V?$CWinTraits@$0FGAAAAAA@$0A@@3@@ATL@@@ATL@@UAEJABU_GUID@@PAPAX@Z 10003088 f i CashDrawer.obj
 0001:000020a3       ?UpdateRegistryFromResource@CComModule@ATL@@UAGJPB_WHPAU_ATL_REGMAP_ENTRY@2@@Z 100030a3 f i CashDrawer.obj
 0001:000020ac       ?UpdateRegistryFromResource@CComModule@ATL@@UAGJIHPAU_ATL_REGMAP_ENTRY@2@@Z 100030ac f i CashDrawer.obj
 0001:000020b5       ?IsDirty@?$IPersistStreamInitImpl@VCOPOSCashDrawer@@@ATL@@UAGJXZ 100030b5 f i CashDrawer.obj
 0001:000020d4       ?Load@?$IPersistStreamInitImpl@VCOPOSCashDrawer@@@ATL@@UAGJPAUIStream@@@Z 100030d4 f i CashDrawer.obj
 0001:000020f3       ?Save@?$IPersistStreamInitImpl@VCOPOSCashDrawer@@@ATL@@UAGJPAUIStream@@H@Z 100030f3 f i CashDrawer.obj
 0001:00002115       ?GetSizeMax@?$IPersistStreamInitImpl@VCOPOSCashDrawer@@@ATL@@UAGJPAT_ULARGE_INTEGER@@@Z 10003115 f i CashDrawer.obj
 0001:000022ca       ?InitNew@?$IPersistStreamInitImpl@VCOPOSCashDrawer@@@ATL@@UAGJXZ 100032ca f i CashDrawer.obj
 0001:000022e7       ??_ECComModule@ATL@@UAEPAXI@Z 100032e7 f i CashDrawer.obj
 0001:000022e7       ??_GCComModule@ATL@@UAEPAXI@Z 100032e7 f i CashDrawer.obj
 0001:0000230f       ?SetClientSite@?$IOleObjectImpl@VCOPOSCashDrawer@@@ATL@@UAGJPAUIOleClientSite@@@Z 1000330f f i CashDrawer.obj
 0001:0000232c       ?GetClientSite@?$IOleObjectImpl@VCOPOSCashDrawer@@@ATL@@UAGJPAPAUIOleClientSite@@@Z 1000332c f i CashDrawer.obj
 0001:00002349       ?SetHostNames@?$IOleObjectImpl@VCOPOSCashDrawer@@@ATL@@UAGJPB_W0@Z 10003349 f i CashDrawer.obj
 0001:0000234e       ?Close@?$IOleObjectImpl@VCOPOSCashDrawer@@@ATL@@UAGJK@Z 1000334e f i CashDrawer.obj
 0001:0000236b       ?DoVerb@?$IOleObjectImpl@VCOPOSCashDrawer@@@ATL@@UAGJJPAUtagMSG@@PAUIOleClientSite@@JPAUHWND__@@PBUtagRECT@@@Z 1000336b f i CashDrawer.obj
 0001:00002483       ?EnumVerbs@?$IOleObjectImpl@VCOPOSCashDrawer@@@ATL@@UAGJPAPAUIEnumOLEVERB@@@Z 10003483 f i CashDrawer.obj
 0001:000024a5       ?GetUserType@?$IOleObjectImpl@VCOPOSCashDrawer@@@ATL@@UAGJKPAPA_W@Z 100034a5 f i CashDrawer.obj
 0001:000024bd       ?SetExtent@?$IOleObjectImpl@VCOPOSCashDrawer@@@ATL@@UAGJKPAUtagSIZE@@@Z 100034bd f i CashDrawer.obj
 0001:000024dd       ?GetExtent@?$IOleObjectImpl@VCOPOSCashDrawer@@@ATL@@UAGJKPAUtagSIZE@@@Z 100034dd f i CashDrawer.obj
 0001:0000251b       ?Advise@?$IOleObjectImpl@VCOPOSCashDrawer@@@ATL@@UAGJPAUIAdviseSink@@PAK@Z 1000351b f i CashDrawer.obj
 0001:0000253b       ?Unadvise@?$IOleObjectImpl@VCOPOSCashDrawer@@@ATL@@UAGJK@Z 1000353b f i CashDrawer.obj
 0001:0000256a       ?EnumAdvise@?$IOleObjectImpl@VCOPOSCashDrawer@@@ATL@@UAGJPAPAUIEnumSTATDATA@@@Z 1000356a f i CashDrawer.obj
 0001:000025aa       ?GetMiscStatus@?$IOleObjectImpl@VCOPOSCashDrawer@@@ATL@@UAGJKPAK@Z 100035aa f i CashDrawer.obj
 0001:000025c2       ?GetWindow@?$IOleInPlaceActiveObjectImpl@VCOPOSCashDrawer@@@ATL@@UAGJPAPAUHWND__@@@Z 100035c2 f i CashDrawer.obj
 0001:0000260f       ?TranslateAcceleratorW@?$IOleInPlaceActiveObjectImpl@VCOPOSCashDrawer@@@ATL@@UAGJPAUtagMSG@@@Z 1000360f f i CashDrawer.obj
 0001:000026ad       ?OnDocWindowActivate@?$IOleInPlaceActiveObjectImpl@VCOPOSCashDrawer@@@ATL@@UAGJH@Z 100036ad f i CashDrawer.obj
 0001:000026cf       ?ResizeBorder@?$IOleInPlaceActiveObjectImpl@VCOPOSCashDrawer@@@ATL@@UAGJPBUtagRECT@@PAUIOleInPlaceUIWindow@@H@Z 100036cf f i CashDrawer.obj
 0001:000026d4       ?Draw@?$IViewObjectExImpl@VCOPOSCashDrawer@@@ATL@@UAGJKJPAXPAUtagDVTARGETDEVICE@@PAUHDC__@@2PBU_RECTL@@3P6GHK@ZK@Z 100036d4 f i CashDrawer.obj
 0001:00002706       ?GetColorSet@?$IViewObjectExImpl@VCOPOSCashDrawer@@@ATL@@UAGJKJPAXPAUtagDVTARGETDEVICE@@PAUHDC__@@PAPAUtagLOGPALETTE@@@Z 10003706 f i CashDrawer.obj
 0001:0000270e       ?SetAdvise@?$IViewObjectExImpl@VCOPOSCashDrawer@@@ATL@@UAGJKKPAUIAdviseSink@@@Z 1000370e f i CashDrawer.obj
 0001:0000272d       ?GetAdvise@?$IViewObjectExImpl@VCOPOSCashDrawer@@@ATL@@UAGJPAK0PAPAUIAdviseSink@@@Z 1000372d f i CashDrawer.obj
 0001:00002762       ?GetExtent@?$IViewObjectExImpl@VCOPOSCashDrawer@@@ATL@@UAGJKJPAUtagDVTARGETDEVICE@@PAUtagSIZE@@@Z 10003762 f i CashDrawer.obj
 0001:00002793       ?GetViewStatus@?$IViewObjectExImpl@VCOPOSCashDrawer@@@ATL@@UAGJPAK@Z 10003793 f i CashDrawer.obj
 0001:000027b0       ?QueryHitPoint@?$IViewObjectExImpl@VCOPOSCashDrawer@@@ATL@@UAGJKPBUtagRECT@@UtagPOINT@@JPAK@Z 100037b0 f i CashDrawer.obj
 0001:000027f1       ?QueryHitRect@?$IViewObjectExImpl@VCOPOSCashDrawer@@@ATL@@UAGJKPBUtagRECT@@0JPAK@Z 100037f1 f i CashDrawer.obj
 0001:0000284c       ?GetNaturalExtent@?$IViewObjectExImpl@VCOPOSCashDrawer@@@ATL@@UAGJKJPAUtagDVTARGETDEVICE@@PAUHDC__@@PAUtagExtentInfo@@PAUtagSIZE@@@Z 1000384c f i CashDrawer.obj
 0001:00002897       ??$?4UITypeInfo2@@@?$CComPtr@UITypeInfo@@@ATL@@QAEPAUITypeInfo@@ABV?$CComPtr@UITypeInfo2@@@1@@Z 10003897 f i CashDrawer.obj
 0001:000028c4       ??$AtlAdd@K@ATL@@YAJPAKKK@Z 100038c4 f i CashDrawer.obj
 0001:000028e7       ??$AtlAdd@_K@ATL@@YAJPA_K_K1@Z 100038e7 f i CashDrawer.obj
 0001:0000291f       ??$AtlAddThrow@K@ATL@@YAKKK@Z 1000391f f i CashDrawer.obj
 0001:00002945       ??$AtlModuleRegisterWndClassInfoT@VAtlModuleRegisterWndClassInfoParamW@ATL@@@ATL@@YAGPAU_ATL_BASE_MODULE70@0@PAU_ATL_WIN_MODULE70@0@PAU_ATL_WNDCLASSINFOW@0@PAP6GJPAUHWND__@@IIJ@ZVAtlModuleRegisterWndClassInfoParamW@0@@Z 10003945 f i CashDrawer.obj
 0001:00002a93       ??$AtlMultiply@H@ATL@@YAJPAHHH@Z 10003a93 f i CashDrawer.obj
 0001:00002acb       ??$AtlMultiply@I@ATL@@YAJPAIII@Z 10003acb f i CashDrawer.obj
 0001:00002acb       ??$AtlMultiply@K@ATL@@YAJPAKKK@Z 10003acb f i CashDrawer.obj
 0001:00002aed       ??$AtlMultiplyThrow@I@ATL@@YAIII@Z 10003aed f i CashDrawer.obj
 0001:00002b13       ??0?$CComAggObject@VCOPOSCashDrawer@@@ATL@@QAE@PAX@Z 10003b13 f i CashDrawer.obj
 0001:00002b40       ??0?$CComContainedObject@VCOPOSCashDrawer@@@ATL@@QAE@PAX@Z 10003b40 f i CashDrawer.obj
 0001:00002bf9       ??0?$CComObject@V?$CComEnum@UIEnumConnectionPoints@@$1?_GUID_b196b285_bab4_101a_b69c_00aa00341d07@@3U__s_GUID@@BPAUIConnectionPoint@@V?$_CopyInterface@UIConnectionPoint@@@ATL@@VCComSingleThreadModel@6@@ATL@@@ATL@@QAE@PAX@Z 10003bf9 f i CashDrawer.obj
 0001:00002c27       ??0?$CComObject@V?$CComEnum@UIEnumConnections@@$1?_GUID_b196b287_bab4_101a_b69c_00aa00341d07@@3U__s_GUID@@BUtagCONNECTDATA@@V?$_Copy@UtagCONNECTDATA@@@ATL@@VCComSingleThreadModel@6@@ATL@@@ATL@@QAE@PAX@Z 10003c27 f i CashDrawer.obj
 0001:00002c55       ??0?$CComObject@VCOPOSCashDrawer@@@ATL@@QAE@PAX@Z 10003c55 f i CashDrawer.obj
 0001:00002d0c       ??0?$CComQIPtr@UIOleControlSite@@$1?_GUID_b196b289_bab4_101a_b69c_00aa00341d07@@3U__s_GUID@@B@ATL@@QAE@PAUIUnknown@@@Z 10003d0c f i CashDrawer.obj
 0001:00002d35       ??0CAtlModule@ATL@@QAE@XZ  10003d35 f i CashDrawer.obj
 0001:00002d76       ??0CParseBuffer@CRegParser@ATL@@QAE@H@Z 10003d76 f i CashDrawer.obj
 0001:00002dac       ??0_ATL_MSG@ATL@@QAE@PAUHWND__@@IIJH@Z 10003dac f i CashDrawer.obj
 0001:00002de4       ??1?$CComAggObject@VCOPOSCashDrawer@@@ATL@@UAE@XZ 10003de4 f i CashDrawer.obj
 0001:00002e08       ??1?$CComEnumImpl@UIEnumConnectionPoints@@$1?_GUID_b196b285_bab4_101a_b69c_00aa00341d07@@3U__s_GUID@@BPAUIConnectionPoint@@V?$_CopyInterface@UIConnectionPoint@@@ATL@@@ATL@@UAE@XZ 10003e08 f i CashDrawer.obj
 0001:00002e48       ??1?$CComEnumImpl@UIEnumConnections@@$1?_GUID_b196b287_bab4_101a_b69c_00aa00341d07@@3U__s_GUID@@BUtagCONNECTDATA@@V?$_Copy@UtagCONNECTDATA@@@ATL@@@ATL@@UAE@XZ 10003e48 f i CashDrawer.obj
 0001:00002e88       ??1?$CComObject@V?$CComEnum@UIEnumConnectionPoints@@$1?_GUID_b196b285_bab4_101a_b69c_00aa00341d07@@3U__s_GUID@@BPAUIConnectionPoint@@V?$_CopyInterface@UIConnectionPoint@@@ATL@@VCComSingleThreadModel@6@@ATL@@@ATL@@UAE@XZ 10003e88 f i CashDrawer.obj
 0001:00002eab       ??1?$CComObject@V?$CComEnum@UIEnumConnections@@$1?_GUID_b196b287_bab4_101a_b69c_00aa00341d07@@3U__s_GUID@@BUtagCONNECTDATA@@V?$_Copy@UtagCONNECTDATA@@@ATL@@VCComSingleThreadModel@6@@ATL@@@ATL@@UAE@XZ 10003eab f i CashDrawer.obj
 0001:00002ece       ??1?$CComObject@VCOPOSCashDrawer@@@ATL@@UAE@XZ 10003ece f i CashDrawer.obj
 0001:00002f8c       ??1?$CComObjectCached@VCComClassFactory@ATL@@@ATL@@UAE@XZ 10003f8c f i CashDrawer.obj
 0001:00002fa2       ??1?$CComObjectRootEx@VCComMultiThreadModel@ATL@@@ATL@@QAE@XZ 10003fa2 f i CashDrawer.obj
 0001:00002fb7       ??1CRegObject@ATL@@UAE@XZ  10003fb7 f i CashDrawer.obj
 0001:00002fd7       ??4?$CComPtr@UIOleClientSite@@@ATL@@QAEPAUIOleClientSite@@PAU2@@Z 10003fd7 f i CashDrawer.obj
 0001:00002fd7       ??4?$CComPtr@UIAdviseSink@@@ATL@@QAEPAUIAdviseSink@@PAU2@@Z 10003fd7 f i CashDrawer.obj
 0001:00002fd7       ??4?$CComPtr@UIUnknown@@@ATL@@QAEPAUIUnknown@@PAU2@@Z 10003fd7 f i CashDrawer.obj
 0001:0000300b       ??4?$CComQIPtr@UIOleObject@@$1?_GUID_00000112_0000_0000_c000_000000000046@@3U__s_GUID@@B@ATL@@QAEPAUIOleObject@@PAUIUnknown@@@Z 1000400b f i CashDrawer.obj
 0001:00003030       ??4?$CComQIPtr@UISpecifyPropertyPages@@$1?_GUID_b196b28b_bab4_101a_b69c_00aa00341d07@@3U__s_GUID@@B@ATL@@QAEPAUISpecifyPropertyPages@@PAUIUnknown@@@Z 10004030 f i CashDrawer.obj
 0001:00003055       ??_E?$CComContainedObject@VCOPOSCashDrawer@@@ATL@@UAEPAXI@Z 10004055 f i CashDrawer.obj
 0001:00003055       ??_G?$CComContainedObject@VCOPOSCashDrawer@@@ATL@@UAEPAXI@Z 10004055 f i CashDrawer.obj
 0001:0000307a       ??_G?$CComObject@VCOPOSCashDrawer@@@ATL@@UAEPAXI@Z 1000407a f i CashDrawer.obj
 0001:0000307a       ??_E?$CComObject@VCOPOSCashDrawer@@@ATL@@UAEPAXI@Z 1000407a f i CashDrawer.obj
 0001:0000309f       ?Add@?$CSimpleArray@GV?$CSimpleArrayEqualHelper@G@ATL@@@ATL@@QAEHABG@Z 1000409f f i CashDrawer.obj
 0001:00003123       ?Add@?$CSimpleMap@PA_WPA_WVCExpansionVectorEqualHelper@ATL@@@ATL@@QAEHABQA_W0@Z 10004123 f i CashDrawer.obj
 0001:00003178       ?Add@CComDynamicUnkArray@ATL@@QAEKPAUIUnknown@@@Z 10004178 f i CashDrawer.obj
 0001:00003233       ?Add@CExpansionVector@ATL@@QAEHPB_W0@Z 10004233 f i CashDrawer.obj
 0001:00003337       ?AddString@CParseBuffer@CRegParser@ATL@@QAEHPB_W@Z 10004337 f i CashDrawer.obj
 0001:0000336c       ?AddValue@CRegParser@ATL@@IAEJAAVCRegKey@2@PB_WPA_W@Z 1000436c f i CashDrawer.obj
 0001:0000368d       ?Allocate@?$CAtlSafeAllocBufferManager@VCCRTAllocator@ATL@@@_ATL_SAFE_ALLOCA_IMPL@ATL@@QAEPAXK@Z 1000468d f i CashDrawer.obj
 0001:000036ba       ?Allocate@?$CTempBuffer@E$0BAA@VCCRTAllocator@ATL@@@ATL@@QAEPAEI@Z 100046ba f i CashDrawer.obj
 0001:000036e9       ?Allocate@?$CTempBuffer@_W$0BAA@VCCRTAllocator@ATL@@@ATL@@QAEPA_WI@Z 100046e9 f i CashDrawer.obj
 0001:00003718       ?Allocate@?$CTempBuffer@_W$0EAA@VCCRTAllocator@ATL@@@ATL@@QAEPA_WI@Z 10004718 f i CashDrawer.obj
 0001:00003747       ?AllocateHeap@?$CTempBuffer@E$0BAA@VCCRTAllocator@ATL@@@ATL@@AAEXI@Z 10004747 f i CashDrawer.obj
 0001:00003747       ?AllocateHeap@?$CTempBuffer@_W$0EAA@VCCRTAllocator@ATL@@@ATL@@AAEXI@Z 10004747 f i CashDrawer.obj
 0001:00003747       ?AllocateHeap@?$CTempBuffer@_W$0BAA@VCCRTAllocator@ATL@@@ATL@@AAEXI@Z 10004747 f i CashDrawer.obj
 0001:0000376c       ?Append@CParseBuffer@CRegParser@ATL@@QAEHPB_WH@Z 1000476c f i CashDrawer.obj
 0001:000037fa       ?AtlCallTermFunc@ATL@@YGXPAU_ATL_MODULE70@1@@Z 100047fa f i CashDrawer.obj
 0001:0000383e       ?AtlCoTaskMemCAlloc@ATL@@YAPAXKK@Z 1000483e f i CashDrawer.obj
 0001:0000386b       ?AtlCoTaskMemRecalloc@ATL@@YAPAXPAXKK@Z 1000486b f i CashDrawer.obj
 0001:0000389b       ?AtlComModuleGetClassObject@ATL@@YGJPAU_ATL_COM_MODULE70@1@ABU_GUID@@1PAPAX@Z 1000489b f i CashDrawer.obj
 0001:0000398e       ?AtlComModuleRegisterServer@ATL@@YGJPAU_ATL_COM_MODULE70@1@HPBU_GUID@@@Z 1000498e f i CashDrawer.obj
 0001:00003a16       ?AtlComModuleUnregisterServer@ATL@@YGJPAU_ATL_COM_MODULE70@1@HPBU_GUID@@@Z 10004a16 f i CashDrawer.obj
 0001:00003a9e       ?AtlComQIPtrAssign2@ATL@@YAXPAPAUIUnknown@@PAU2@ABU_GUID@@@Z 10004a9e f i CashDrawer.obj
 0001:00003acd       ?AtlCreateTargetDC@ATL@@YGPAUHDC__@@PAU2@PAUtagDVTARGETDEVICE@@@Z 10004acd f i CashDrawer.obj
 0001:00003b36       ?AtlCrtErrorCheck@ATL@@YAHH@Z 10004b36 f i CashDrawer.obj
 0001:00003b71       ?AtlHiMetricToPixel@ATL@@YGXPBUtagSIZE@@PAU2@@Z 10004b71 f i CashDrawer.obj
 0001:00003be6       ?AtlHresultFromLastError@ATL@@YAJXZ 10004be6 f i CashDrawer.obj
 0001:00003bfd       ?AtlHresultFromWin32@ATL@@YAJK@Z 10004bfd f i CashDrawer.obj
 0001:00003c12       ?AtlIPersistStreamInit_Load@ATL@@YGJPAUIStream@@PBUATL_PROPMAP_ENTRY@1@PAXPAUIUnknown@@@Z 10004c12 f i CashDrawer.obj
 0001:00003df2       ?AtlIPersistStreamInit_Save@ATL@@YGJPAUIStream@@HPBUATL_PROPMAP_ENTRY@1@PAXPAUIUnknown@@@Z 10004df2 f i CashDrawer.obj
 0001:00003f8a       ?AtlInternalOleLoadFromStream@ATL@@YAJPAUIStream@@ABU_GUID@@PAPAXTClassesAllowedInStream@1@K@Z 10004f8a f i CashDrawer.obj
 0001:000040b0       ?AtlInternalQueryInterface@ATL@@YGJPAXPBU_ATL_INTMAP_ENTRY@1@ABU_GUID@@PAPAX@Z 100050b0 f i CashDrawer.obj
 0001:00004153       ?AtlLoadTypeLib@ATL@@YGJPAUHINSTANCE__@@PB_WPAPA_WPAPAUITypeLib@@@Z 10005153 f i CashDrawer.obj
 0001:00004331       ?AtlModuleAddTermFunc@ATL@@YGJPAU_ATL_MODULE70@1@P6GXK@ZK@Z 10005331 f i CashDrawer.obj
 0001:0000438e       ?AtlRegisterClassCategoriesHelper@ATL@@YGJABU_GUID@@PBU_ATL_CATMAP_ENTRY@1@H@Z 1000538e f i CashDrawer.obj
 0001:0000466e       ?AtlRegisterTypeLib@ATL@@YGJPAUHINSTANCE__@@PB_W@Z 1000566e f i CashDrawer.obj
 0001:000047f6       ?AtlThrowImpl@ATL@@YGXJ@Z  100057f6 f i CashDrawer.obj
 0001:00004814       ?AtlUnRegisterTypeLib@ATL@@YGJPAUHINSTANCE__@@PB_W@Z 10005814 f i CashDrawer.obj
 0001:000048bf       ?AtlWinModuleAddCreateWndData@ATL@@YGXPAU_ATL_WIN_MODULE70@1@PAU_AtlCreateWndData@1@PAX@Z 100058bf f i CashDrawer.obj
 0001:00004913       ?AtlWinModuleExtractCreateWndData@ATL@@YGPAXPAU_ATL_WIN_MODULE70@1@@Z 10005913 f i CashDrawer.obj
 0001:00004976       ?AtlWinModuleRegisterClassExW@ATL@@YGGPAU_ATL_WIN_MODULE70@1@PBUtagWNDCLASSEXW@@@Z 10005976 f i CashDrawer.obj
 0001:000049b5       ?CanForceRemoveKey@CRegParser@ATL@@IAEHPB_W@Z 100059b5 f i CashDrawer.obj
 0001:000049e4       ?ChToByte@CRegParser@ATL@@KAE_W@Z 100059e4 f i CashDrawer.obj
 0001:00004a17       ?Cleanup@CComTypeInfoHolder@ATL@@SGXK@Z 10005a17 f i CashDrawer.obj
 0001:00004a4a       ?ClearReplacements@CExpansionVector@ATL@@QAEJXZ 10005a4a f i CashDrawer.obj
 0001:00004a87       ?Close@CRegKey@ATL@@QAEJXZ 10005a87 f i CashDrawer.obj
 0001:00004aa1       ?Create@?$CWindowImpl@VCOPOSCashDrawer@@VCWindow@ATL@@V?$CWinTraits@$0FGAAAAAA@$0A@@3@@ATL@@QAEPAUHWND__@@PAU3@V_U_RECT@2@PB_WKKV_U_MENUorID@2@PAX@Z 10005aa1 f i CashDrawer.obj
 0001:00004ae5       ?Create@?$CWindowImplBaseT@VCWindow@ATL@@V?$CWinTraits@$0FGAAAAAA@$0A@@2@@ATL@@QAEPAUHWND__@@PAU3@V_U_RECT@2@PB_WKKV_U_MENUorID@2@GPAX@Z 10005ae5 f i CashDrawer.obj
 0001:00004b81       ?Create@CRegKey@ATL@@QAEJPAUHKEY__@@PB_WPA_WKKPAU_SECURITY_ATTRIBUTES@@PAK@Z 10005b81 f i CashDrawer.obj
 0001:00004be4       ?CreateInstance@?$CComCreator@V?$CComAggObject@VCOPOSCashDrawer@@@ATL@@@ATL@@SGJPAXABU_GUID@@PAPAX@Z 10005be4 f i CashDrawer.obj
 0001:00004c5a       ?CreateInstance@?$CComCreator@V?$CComObject@VCOPOSCashDrawer@@@ATL@@@ATL@@SGJPAXABU_GUID@@PAPAX@Z 10005c5a f i CashDrawer.obj
 0001:00004cdb       ?CreateInstance@?$CComObject@V?$CComEnum@UIEnumConnectionPoints@@$1?_GUID_b196b285_bab4_101a_b69c_00aa00341d07@@3U__s_GUID@@BPAUIConnectionPoint@@V?$_CopyInterface@UIConnectionPoint@@@ATL@@VCComSingleThreadModel@6@@ATL@@@ATL@@SGJPAPAV12@@Z 10005cdb f i CashDrawer.obj
 0001:00004d22       ?CreateInstance@?$CComObject@V?$CComEnum@UIEnumConnections@@$1?_GUID_b196b287_bab4_101a_b69c_00aa00341d07@@3U__s_GUID@@BUtagCONNECTDATA@@V?$_Copy@UtagCONNECTDATA@@@ATL@@VCComSingleThreadModel@6@@ATL@@@ATL@@SGJPAPAV12@@Z 10005d22 f i CashDrawer.obj
 0001:00004d69       ?DefaultReflectionHandler@?$CWindowImplRoot@VCWindow@ATL@@@ATL@@SAHPAUHWND__@@IIJAAJ@Z 10005d69 f i CashDrawer.obj
 0001:00004ddc       ?DeleteSubKey@CRegKey@ATL@@QAEJPB_W@Z 10005ddc f i CashDrawer.obj
 0001:00004dff       ?DoEvent@COPOSCashDrawer@@IAEXIIJ@Z 10005dff f i CashDrawer.obj
 0001:00004e7f       ?DoVerbHide@?$IOleObjectImpl@VCOPOSCashDrawer@@@ATL@@QAEJPBUtagRECT@@PAUHWND__@@@Z 10005e7f f i CashDrawer.obj
 0001:00004eb5       ?DoVerbInPlaceActivate@?$IOleObjectImpl@VCOPOSCashDrawer@@@ATL@@QAEJPBUtagRECT@@PAUHWND__@@@Z 10005eb5 f i CashDrawer.obj
 0001:00004ee8       ?DoVerbPrimary@?$IOleObjectImpl@VCOPOSCashDrawer@@@ATL@@QAEJPBUtagRECT@@PAUHWND__@@@Z 10005ee8 f i CashDrawer.obj
 0001:00004f74       ?DoVerbProperties@CComControlBase@ATL@@QAEJPBUtagRECT@@PAUHWND__@@@Z 10005f74 f i CashDrawer.obj
 0001:0000509b       ?DoVerbShow@?$IOleObjectImpl@VCOPOSCashDrawer@@@ATL@@QAEJPBUtagRECT@@PAUHWND__@@@Z 1000609b f i CashDrawer.obj
 0001:000050c0       ?DoVerbUIActivate@?$IOleObjectImpl@VCOPOSCashDrawer@@@ATL@@QAEJPBUtagRECT@@PAUHWND__@@@Z 100060c0 f i CashDrawer.obj
 0001:000050fd       ?DoesVerbActivate@CComControlBase@ATL@@QAEHJ@Z 100060fd f i CashDrawer.obj
 0001:0000511e       ?DoesVerbUIActivate@CComControlBase@ATL@@QAEHJ@Z 1000611e f i CashDrawer.obj
 0001:00005153       ?EndOfVar@CRegParser@ATL@@IAEHXZ 10006153 f i CashDrawer.obj
 0001:00005173       ?EscapeSingleQuote@CAtlModule@ATL@@SAXPA_WIPB_W@Z 10006173 f i CashDrawer.obj
 0001:000051c2       ?FindKey@?$CSimpleMap@PA_WPA_WVCExpansionVectorEqualHelper@ATL@@@ATL@@QBEHABQA_W@Z 100061c2 f i CashDrawer.obj
 0001:000051f9       ?FireTheEvent@?$CProxy_IOPOSEvents@VCOPOSCashDrawer@@@@IAEXPAVOposVariant@@IAAJPB_WJ@Z 100061f9 f i CashDrawer.obj
 0001:0000528b       ?FireViewChange@CComControlBase@ATL@@QAEJXZ 1000628b f i CashDrawer.obj
 0001:000052d4       ?Fire_DirectIOEvent@?$CProxy_IOPOSEvents@VCOPOSCashDrawer@@@@QAEXJPAJPAPA_W@Z 100062d4 f i CashDrawer.obj
 0001:000053ba       ?Fire_StatusUpdateEvent@?$CProxy_IOPOSEvents@VCOPOSCashDrawer@@@@QAEXJ@Z 100063ba f i CashDrawer.obj
 0001:00005446       ?FreeHeap@?$CTempBuffer@_W$0EAA@VCCRTAllocator@ATL@@@ATL@@AAEXXZ 10006446 f i CashDrawer.obj
 0001:00005446       ?FreeHeap@?$CTempBuffer@_W$0BAA@VCCRTAllocator@ATL@@@ATL@@AAEXXZ 10006446 f i CashDrawer.obj
 0001:00005446       ?FreeHeap@?$CTempBuffer@E$0BAA@VCCRTAllocator@ATL@@@ATL@@AAEXXZ 10006446 f i CashDrawer.obj
 0001:0000544f       ?GetAmbientLocaleID@CComControlBase@ATL@@QAEJAAK@Z 1000644f f i CashDrawer.obj
 0001:000054ab       ?GetAmbientUserMode@CComControlBase@ATL@@QAEJAAH@Z 100064ab f i CashDrawer.obj
 0001:0000551b       ?GetAt@CComDynamicUnkArray@ATL@@QAEPAUIUnknown@@H@Z 1000651b f i CashDrawer.obj
 0001:00005537       ?GetClassObject@CComModule@ATL@@QAEJABU_GUID@@0PAPAX@Z 10006537 f i CashDrawer.obj
 0001:000055d9       ?GetConnMap@COPOSCashDrawer@@SAPBU_ATL_CONNMAP_ENTRY@ATL@@PAH@Z 100065d9 f i CashDrawer.obj
 0001:00005649       ?GetCookie@CComDynamicUnkArray@ATL@@QAGKPAPAUIUnknown@@@Z 10006649 f i CashDrawer.obj
 0001:00005681       ?GetIDsOfNames@CComTypeInfoHolder@ATL@@QAEJABU_GUID@@PAPA_WIKPAJ@Z 10006681 f i CashDrawer.obj
 0001:0000578f       ?GetKeyAt@?$CSimpleMap@PA_WPA_WVCExpansionVectorEqualHelper@ATL@@@ATL@@QBEAAPA_WH@Z 1000678f f i CashDrawer.obj
 0001:000057b4       ?GetPagesHelper@?$ISpecifyPropertyPagesImpl@VCOPOSCashDrawer@@@ATL@@IAEJPAUtagCAUUID@@PBUATL_PROPMAP_ENTRY@2@@Z 100067b4 f i CashDrawer.obj
 0001:000058db       ?GetProperty@?$CComPtr@UIDispatch@@@ATL@@SAJPAUIDispatch@@JPAUtagVARIANT@@@Z 100068db f i CashDrawer.obj
 0001:0000592a       ?GetSizeMax@CComVariant@ATL@@QBEJPAT_ULARGE_INTEGER@@@Z 1000692a f i CashDrawer.obj
 0001:00005ae4       ?GetStreamSize@CComBSTR@ATL@@SAKPA_W@Z 10006ae4 f i CashDrawer.obj
 0001:00005afe       ?GetTI@CComTypeInfoHolder@ATL@@QAEJK@Z 10006afe f i CashDrawer.obj
 0001:00005ce7       ?GetTI@CComTypeInfoHolder@ATL@@QAEJKPAPAUITypeInfo@@@Z 10006ce7 f i CashDrawer.obj
 0001:00005d29       ?GetUnknown@CComDynamicUnkArray@ATL@@QAGPAUIUnknown@@K@Z 10006d29 f i CashDrawer.obj
 0001:00005d4a       ?GetValueAt@?$CSimpleMap@PA_WPA_WVCExpansionVectorEqualHelper@ATL@@@ATL@@QBEAAPA_WH@Z 10006d4a f i CashDrawer.obj
 0001:00005d70       ?GetZoomInfo@CComControlBase@ATL@@QAEXAAUATL_DRAWINFO@@@Z 10006d70 f i CashDrawer.obj
 0001:00005e03       ?HKeyFromString@CRegParser@ATL@@KAPAUHKEY__@@PA_W@Z 10006e03 f i CashDrawer.obj
 0001:00005e31       ?HasSubKeys@CRegParser@ATL@@IAEHPAUHKEY__@@@Z 10006e31 f i CashDrawer.obj
 0001:00005e66       ?IDataObject_GetData@CComControlBase@ATL@@QAEJPAUtagFORMATETC@@PAUtagSTGMEDIUM@@@Z 10006e66 f i CashDrawer.obj
 0001:0000600c       ?IOleInPlaceObject_InPlaceDeactivate@CComControlBase@ATL@@QAEJXZ 1000700c f i CashDrawer.obj
 0001:00006093       ?IOleInPlaceObject_SetObjectRects@CComControlBase@ATL@@QAEJPBUtagRECT@@0@Z 10007093 f i CashDrawer.obj
 0001:00006160       ?IOleInPlaceObject_UIDeactivate@CComControlBase@ATL@@QAEJXZ 10007160 f i CashDrawer.obj
 0001:00006222       ?IOleObject_Advise@CComControlBase@ATL@@QAEJPAUIAdviseSink@@PAK@Z 10007222 f i CashDrawer.obj
 0001:0000624c       ?IOleObject_Close@CComControlBase@ATL@@QAEJK@Z 1000724c f i CashDrawer.obj
 0001:00006330       ?IOleObject_GetClientSite@CComControlBase@ATL@@QAEJPAPAUIOleClientSite@@@Z 10007330 f i CashDrawer.obj
 0001:00006359       ?IOleObject_SetClientSite@CComControlBase@ATL@@QAEJPAUIOleClientSite@@@Z 10007359 f i CashDrawer.obj
 0001:00006398       ?IOleObject_SetExtent@CComControlBase@ATL@@QAEJKPAUtagSIZE@@@Z 10007398 f i CashDrawer.obj
 0001:0000644c       ?IPSI_GetIPersistStreamInit@?$IPersistStorageImpl@VCOPOSCashDrawer@@@ATL@@AAEPAUIPersistStreamInit@@XZ 1000744c f i CashDrawer.obj
 0001:0000648e       ?IPersistStreamInit_Load@?$IPersistStreamInitImpl@VCOPOSCashDrawer@@@ATL@@QAEJPAUIStream@@PBUATL_PROPMAP_ENTRY@2@@Z 1000748e f i CashDrawer.obj
 0001:000064ba       ?IPersistStreamInit_Save@?$IPersistStreamInitImpl@VCOPOSCashDrawer@@@ATL@@QAEJPAUIStream@@HPBUATL_PROPMAP_ENTRY@2@@Z 100074ba f i CashDrawer.obj
 0001:000064ef       ?IQuickActivate_QuickActivate@CComControlBase@ATL@@QAEJPAUtagQACONTAINER@@PAUtagQACONTROL@@@Z 100074ef f i CashDrawer.obj
 0001:00006731       ?IViewObject_Draw@CComControlBase@ATL@@QAEJKJPAXPAUtagDVTARGETDEVICE@@PAUHDC__@@2PBU_RECTL@@3@Z 10007731 f i CashDrawer.obj
 0001:000067d9       ?InPlaceActivate@CComControlBase@ATL@@QAEJJPBUtagRECT@@@Z 100077d9 f i CashDrawer.obj
 0001:00006a4a       ?Init@?$CComEnumImpl@UIEnumConnectionPoints@@$1?_GUID_b196b285_bab4_101a_b69c_00aa00341d07@@3U__s_GUID@@BPAUIConnectionPoint@@V?$_CopyInterface@UIConnectionPoint@@@ATL@@@ATL@@QAEJPAPAUIConnectionPoint@@0PAUIUnknown@@W4CComEnumFlags@2@@Z 10007a4a f i CashDrawer.obj
 0001:00006b29       ?Init@?$CComEnumImpl@UIEnumConnections@@$1?_GUID_b196b287_bab4_101a_b69c_00aa00341d07@@3U__s_GUID@@BUtagCONNECTDATA@@V?$_Copy@UtagCONNECTDATA@@@ATL@@@ATL@@QAEJPAUtagCONNECTDATA@@0PAUIUnknown@@W4CComEnumFlags@2@@Z 10007b29 f i CashDrawer.obj
 0001:00006c08       ?Init@CComModule@ATL@@QAEJPAU_ATL_OBJMAP_ENTRY30@2@PAUHINSTANCE__@@PBU_GUID@@@Z 10007c08 f i CashDrawer.obj
 0001:00006c67       ?Init@CDynamicStdCallThunk2@ATL@@QAEHKPAX@Z 10007c67 f i CashDrawer.obj
 0001:00006c92       ?InlineIsEqualUnknown@ATL@@YGHABU_GUID@@@Z 10007c92 f i CashDrawer.obj
 0001:00006cba       ?InternalGetSite@CComControlBase@ATL@@QAEJABU_GUID@@PAPAX@Z 10007cba f i CashDrawer.obj
 0001:00006ce8       ?InternalSetAtIndex@?$CSimpleMap@PA_WPA_WVCExpansionVectorEqualHelper@ATL@@@ATL@@QAEXHABQA_W0@Z 10007ce8 f i CashDrawer.obj
 0001:00006d12       ?Invoke@CComTypeInfoHolder@ATL@@QAEJPAUIDispatch@@JABU_GUID@@KGPAUtagDISPPARAMS@@PAUtagVARIANT@@PAUtagEXCEPINFO@@PAI@Z 10007d12 f i CashDrawer.obj
 0001:00006d55       ?IsEqualObject@?$CComPtrBase@UITypeInfo@@@ATL@@QAE_NPAUIUnknown@@@Z 10007d55 f i CashDrawer.obj
 0001:00006d55       ?IsEqualObject@?$CComPtrBase@UIOleClientSite@@@ATL@@QAE_NPAUIUnknown@@@Z 10007d55 f i CashDrawer.obj
 0001:00006dc2       ?IsSpace@CRegParser@ATL@@IAEH_W@Z 10007dc2 f i CashDrawer.obj
 0001:00006dec       ?LoadNameCache@CComTypeInfoHolder@ATL@@QAEJPAUITypeInfo@@@Z 10007dec f i CashDrawer.obj
 0001:00006f3a       ?Lookup@?$CSimpleMap@PA_WPA_WVCExpansionVectorEqualHelper@ATL@@@ATL@@QBEPA_WABQA_W@Z 10007f3a f i CashDrawer.obj
 0001:00006f60       ?NextToken@CRegParser@ATL@@IAEJPA_W@Z 10007f60 f i CashDrawer.obj
 0001:00007098       ?OnKillFocus@CComControlBase@ATL@@QAEJIIJAAH@Z 10008098 f i CashDrawer.obj
 0001:000070f3       ?OnMouseActivate@CComControlBase@ATL@@QAEJIIJAAH@Z 100080f3 f i CashDrawer.obj
 0001:00007161       ?OnPaint@CComControlBase@ATL@@QAEJIIJAAH@Z 10008161 f i CashDrawer.obj
 0001:00007213       ?OnSetFocus@CComControlBase@ATL@@QAEJIIJAAH@Z 10008213 f i CashDrawer.obj
 0001:0000729c       ?Open@CRegKey@ATL@@QAEJPAUHKEY__@@PB_WK@Z 1000829c f i CashDrawer.obj
 0001:000072e5       ?PreProcessBuffer@CRegParser@ATL@@QAEJPA_WPAPA_W@Z 100082e5 f i CashDrawer.obj
 0001:0000754f       ?ProcessWindowMessage@?$CComControl@VCOPOSCashDrawer@@V?$CWindowImpl@VCOPOSCashDrawer@@VCWindow@ATL@@V?$CWinTraits@$0FGAAAAAA@$0A@@3@@ATL@@@ATL@@UAEHPAUHWND__@@IIJAAJK@Z 1000854f f i CashDrawer.obj
 0001:000075ee       ?PutProperty@?$CComPtr@UIDispatch@@@ATL@@SAJPAUIDispatch@@JPAUtagVARIANT@@@Z 100085ee f i CashDrawer.obj
 0001:00007680       ?ReadFromStream@CComBSTR@ATL@@QAEJPAUIStream@@@Z 10008680 f i CashDrawer.obj
 0001:000077ae       ?ReadFromStream@CComVariant@ATL@@QAEJPAUIStream@@GTClassesAllowedInStream@2@K@Z 100087ae f i CashDrawer.obj
 0001:00007934       ?RecurseDeleteKey@CRegKey@ATL@@QAEJPB_W@Z 10008934 f i CashDrawer.obj
 0001:000079f6       ?RegCreateKeyExW@CAtlTransactionManager@ATL@@QAEJPAUHKEY__@@PB_WKPA_WKKQAU_SECURITY_ATTRIBUTES@@PAPAU3@PAK@Z 100089f6 f i CashDrawer.obj
 0001:00007a59       ?RegDeleteKeyW@CAtlTransactionManager@ATL@@QAEJPAUHKEY__@@PB_W@Z 10008a59 f i CashDrawer.obj
 0001:00007aab       ?RegOpenKeyExW@CAtlTransactionManager@ATL@@QAEJPAUHKEY__@@PB_WKKPAPAU3@@Z 10008aab f i CashDrawer.obj
 0001:00007b02       ?Register@_ATL_WNDCLASSINFOW@ATL@@QAEGPAP6GJPAUHWND__@@IIJ@Z@Z 10008b02 f i CashDrawer.obj
 0001:00007b22       ?RegisterBuffer@CRegParser@ATL@@QAEJPA_WH@Z 10008b22 f i CashDrawer.obj
 0001:00007c5b       ?RegisterFromResource@CRegObject@ATL@@IAEJPB_W00H@Z 10008c5b f i CashDrawer.obj
 0001:00007d91       ?RegisterServer@?$CAtlModuleT@VCComModule@ATL@@@ATL@@QAEJHPBU_GUID@@@Z 10008d91 f i CashDrawer.obj
 0001:00007dbf       ?RegisterServer@CComModule@ATL@@QAEJHPBU_GUID@@@Z 10008dbf f i CashDrawer.obj
 0001:00007e35       ?RegisterSubkeys@CRegParser@ATL@@IAEJPA_WPAUHKEY__@@HH@Z 10008e35 f i CashDrawer.obj
 0001:00008404       ?Remove@CComDynamicUnkArray@ATL@@QAEHK@Z 10009404 f i CashDrawer.obj
 0001:0000842d       ?RemoveAll@?$CSimpleMap@PA_WPA_WVCExpansionVectorEqualHelper@ATL@@@ATL@@QAEXXZ 1000942d f i CashDrawer.obj
 0001:00008459       ?ResourceRegisterSz@CRegObject@ATL@@QAGJPB_W00@Z 10009459 f i CashDrawer.obj
 0001:00008486       ?ResourceUnregisterSz@CRegObject@ATL@@QAGJPB_W00@Z 10009486 f i CashDrawer.obj
 0001:000084b3       ?SendOnDataChange@CComControlBase@ATL@@QAEJK@Z 100094b3 f i CashDrawer.obj
 0001:00008500       ?SetControlFocus@CComControlBase@ATL@@QAEHH@Z 10009500 f i CashDrawer.obj
 0001:0000859d       ?SetMultiStringValue@CRegKey@ATL@@QAEJPB_W0@Z 1000959d f i CashDrawer.obj
 0001:000085f9       ?SetStringValue@CRegKey@ATL@@QAEJPB_W0K@Z 100095f9 f i CashDrawer.obj
 0001:00008642       ?SkipAssignment@CRegParser@ATL@@IAEJPA_W@Z 10009642 f i CashDrawer.obj
 0001:000086a7       ?SkipWhiteSpace@CRegParser@ATL@@IAEXXZ 100096a7 f i CashDrawer.obj
 0001:000086c9       ?StrChrW@CRegParser@ATL@@KAPA_WPA_W_W@Z 100096c9 f i CashDrawer.obj
 0001:00008706       ?Term@CAtlModule@ATL@@QAEXXZ 10009706 f i CashDrawer.obj
 0001:0000873f       ?Term@CComModule@ATL@@QAEXXZ 1000973f f i CashDrawer.obj
 0001:00008797       ?UnregisterServer@?$CAtlModuleT@VCComModule@ATL@@@ATL@@QAEJHPBU_GUID@@@Z 10009797 f i CashDrawer.obj
 0001:000087bd       ?UnregisterServer@CComModule@ATL@@QAEJHPBU_GUID@@@Z 100097bd f i CashDrawer.obj
 0001:00008833       ?UpdateRegistryFromResource@CAtlModule@ATL@@QAGJIHPAU_ATL_REGMAP_ENTRY@2@@Z 10009833 f i CashDrawer.obj
 0001:000089fe       ?UpdateRegistryFromResource@CAtlModule@ATL@@QAGJPB_WHPAU_ATL_REGMAP_ENTRY@2@@Z 100099fe f i CashDrawer.obj
 0001:00008bcf       ?VTFromRegType@CRegParser@ATL@@KAHPB_WAAG@Z 10009bcf f i CashDrawer.obj
 0001:00008c3c       ?WindowProc@?$CWindowImplBaseT@VCWindow@ATL@@V?$CWinTraits@$0FGAAAAAA@$0A@@2@@ATL@@SGJPAUHWND__@@IIJ@Z 10009c3c f i CashDrawer.obj
 0001:00008d2e       ?WriteToStream@CComBSTR@ATL@@QAEJPAUIStream@@@Z 10009d2e f i CashDrawer.obj
 0001:00008d85       ?WriteToStream@CComVariant@ATL@@QAEJPAUIStream@@@Z 10009d85 f i CashDrawer.obj
 0001:00008eff       ?WriteToStream@CComVariant@ATL@@QAEJPAUIStream@@G@Z 10009eff f i CashDrawer.obj
 0001:00008f68       ?_AtlInitialConstruct@?$CComObjectRootEx@VCComMultiThreadModel@ATL@@@ATL@@QAEJXZ 10009f68 f i CashDrawer.obj
 0001:00008f7d       ?_AtlVerifyStackAvailable@_ATL_SAFE_ALLOCA_IMPL@ATL@@YA_NK@Z 10009f7d f i CashDrawer.obj
 0001:00008ffb       ?copy@?$_Copy@UtagCONNECTDATA@@@ATL@@SAJPAUtagCONNECTDATA@@PBU3@@Z 10009ffb f i CashDrawer.obj
 0001:00009031       ?copy@?$_CopyInterface@UIConnectionPoint@@@ATL@@SAJPAPAUIConnectionPoint@@PBQAU3@@Z 1000a031 f i CashDrawer.obj
 0001:0000905f       ?memcpy_s@Checked@ATL@@YAXPAXIPBXI@Z 1000a05f f i CashDrawer.obj
 0001:0000907e       ?ocscpy_s@@YA_NPA_WIPB_W@Z 1000a07e f i CashDrawer.obj
 0001:000090ad       ?ocslen@@YAHPB_W@Z         1000a0ad f i CashDrawer.obj
 0001:000090cd       ?wcscpy_s@Checked@ATL@@YAXPA_WIPB_W@Z 1000a0cd f i CashDrawer.obj
 0001:000090e9       _DllCanUnloadNow@0         1000a0e9 f   CashDrawer.obj
 0001:000090f5       _DllGetClassObject@12      1000a0f5 f   CashDrawer.obj
 0001:00009103       _DllMain@12                1000a103 f   CashDrawer.obj
 0001:00009145       _DllRegisterServer@0       1000a145 f   CashDrawer.obj
 0001:00009154       _DllUnregisterServer@0     1000a154 f   CashDrawer.obj
 0001:00009163       _InlineIsEqualGUID         1000a163 f i CashDrawer.obj
 0001:00009193       ___local_stdio_printf_options 1000a193 f i CashDrawer.obj
 0001:00009199       __vswprintf_s_l            1000a199 f i CashDrawer.obj
 0001:00009246       _swprintf_s                1000a246 f i CashDrawer.obj
 0001:00009262       ??0?$CComControl@VCOPOSCashDrawer@@V?$CWindowImpl@VCOPOSCashDrawer@@VCWindow@ATL@@V?$CWinTraits@$0FGAAAAAA@$0A@@3@@ATL@@@ATL@@QAE@XZ 1000a262 f i CashDrawerImpl.obj
 0001:00009289       ??0CComControlBase@ATL@@QAE@AAPAUHWND__@@@Z 1000a289 f i CashDrawerImpl.obj
 0001:000092d3       ??0COPOSCashDrawer@@QAE@XZ 1000a2d3 f   CashDrawerImpl.obj
 0001:00009322       ??1?$CComControl@VCOPOSCashDrawer@@V?$CWindowImpl@VCOPOSCashDrawer@@VCWindow@ATL@@V?$CWinTraits@$0FGAAAAAA@$0A@@3@@ATL@@@ATL@@UAE@XZ 1000a322 f i CashDrawerImpl.obj
 0001:0000933b       ??1?$IConnectionPointImpl@VCOPOSCashDrawer@@$1?DIID__IOPOSCashDrawerEvents@@3U_GUID@@BVCComDynamicUnkArray@ATL@@@ATL@@QAE@XZ 1000a33b f i CashDrawerImpl.obj
 0001:0000933b       ??1?$IConnectionPointImpl@VCOPOSCashDrawer@@$1?IID_IPropertyNotifySink@@3U_GUID@@BVCComDynamicUnkArray@ATL@@@ATL@@QAE@XZ 1000a33b f i CashDrawerImpl.obj
 0001:00009378       ??1CComControlBase@ATL@@UAE@XZ 1000a378 f i CashDrawerImpl.obj
 0001:000093db       ??1COPOSCashDrawer@@UAE@XZ 1000a3db f   CashDrawerImpl.obj
 0001:00009423       ??1OposVariantResult@@QAE@XZ 1000a423 f i CashDrawerImpl.obj
 0001:00009444       ??1_CW@@QAE@XZ             1000a444 f i CashDrawerImpl.obj
 0001:0000945d       ?CheckHealth@COPOSCashDrawer@@UAGJJPAJ@Z 1000a45d f   CashDrawerImpl.obj
 0001:000094ac       ?ClaimDevice@COPOSCashDrawer@@UAGJJPAJ@Z 1000a4ac f   CashDrawerImpl.obj
 0001:0000951a       ?Close@COPOSCashDrawer@@UAGJPAJ@Z 1000a51a f   CashDrawerImpl.obj
 0001:00009588       ?CompareFirmwareVersion@COPOSCashDrawer@@UAGJPA_WPAJ1@Z 1000a588 f   CashDrawerImpl.obj
 0001:00009608       ?DirectIO@COPOSCashDrawer@@UAGJJPAJPAPA_W0@Z 1000a608 f   CashDrawerImpl.obj
 0001:000096b6       ?DoInvoke@COPOSCashDrawer@@IAEJJPAVOposVariant@@IHPAJ_N@Z 1000a6b6 f   CashDrawerImpl.obj
 0001:00009778       ?EventClose@COPOSCashDrawer@@IAEXXZ 1000a778 f i CashDrawerImpl.obj
 0001:000097ab       ?EventInit@COPOSCashDrawer@@IAEJXZ 1000a7ab f i CashDrawerImpl.obj
 0001:00009877       ?EventUninit@COPOSCashDrawer@@IAEXXZ 1000a877 f i CashDrawerImpl.obj
 0001:000098c9       ?EventWindowProc@COPOSCashDrawer@@IAGJIIJ@Z 1000a8c9 f i CashDrawerImpl.obj
 0001:00009940       ?FinalConstruct@COPOSCashDrawer@@QAEJXZ 1000a940 f   CashDrawerImpl.obj
 0001:00009979       ?FireEventCleanup@COPOSCashDrawer@@IAEXXZ 1000a979 f i CashDrawerImpl.obj
 0001:0000998f       ?FireEventSetup@COPOSCashDrawer@@IAE_NXZ 1000a98f f i CashDrawerImpl.obj
 0001:000099c3       ?FreezeEvents@COPOSCashDrawer@@MAGJH@Z 1000a9c3 f   CashDrawerImpl.obj
 0001:00009a14       ?GetOposProp@COPOSCashDrawer@@IAEJJPAFJ@Z 1000aa14 f   CashDrawerImpl.obj
 0001:00009a37       ?GetOposProp@COPOSCashDrawer@@IAEJJPAJJ@Z 1000aa37 f   CashDrawerImpl.obj
 0001:00009af5       ?GetOposProp@COPOSCashDrawer@@IAEJJPAPA_WJ@Z 1000aaf5 f   CashDrawerImpl.obj
 0001:00009bc0       ?OnDraw@COPOSCashDrawer@@MAEJAAUATL_DRAWINFO@@@Z 1000abc0 f   CashDrawerImpl.obj
 0001:00009c60       ?Open@COPOSCashDrawer@@UAGJPA_WPAJ@Z 1000ac60 f   CashDrawerImpl.obj
 0001:0000a3f7       ?OpenDrawer@COPOSCashDrawer@@UAGJPAJ@Z 1000b3f7 f   CashDrawerImpl.obj
 0001:0000a412       ?ReleaseDevice@COPOSCashDrawer@@UAGJPAJ@Z 1000b412 f   CashDrawerImpl.obj
 0001:0000a449       ?ResetStatistics@COPOSCashDrawer@@UAGJPA_WPAJ@Z 1000b449 f   CashDrawerImpl.obj
 0001:0000a4a0       ?RetrieveStatistics@COPOSCashDrawer@@UAGJPAPA_WPAJ@Z 1000b4a0 f   CashDrawerImpl.obj
 0001:0000a4f7       ?SOProcessID@COPOSCashDrawer@@UAGJPAJ@Z 1000b4f7 f   CashDrawerImpl.obj
 0001:0000a50b       ?SetCOFreezeEvents@COPOSCashDrawer@@IAEXF@Z 1000b50b f   CashDrawerImpl.obj
 0001:0000a596       ?SetOposProp@COPOSCashDrawer@@IAEJJJJ@Z 1000b596 f   CashDrawerImpl.obj
 0001:0000a674       ?UpdateFirmware@COPOSCashDrawer@@UAGJPA_WPAJ@Z 1000b674 f   CashDrawerImpl.obj
 0001:0000a6cb       ?UpdateStatistics@COPOSCashDrawer@@UAGJPA_WPAJ@Z 1000b6cb f   CashDrawerImpl.obj
 0001:0000a722       ?WaitForDrawerClose@COPOSCashDrawer@@UAGJJJJJPAJ@Z 1000b722 f   CashDrawerImpl.obj
 0001:0000a7c3       ?get_BinaryConversion@COPOSCashDrawer@@UAGJPAJ@Z 1000b7c3 f   CashDrawerImpl.obj
 0001:0000a7d9       ?get_CapCompareFirmwareVersion@COPOSCashDrawer@@UAGJPAF@Z 1000b7d9 f   CashDrawerImpl.obj
 0001:0000a7f2       ?get_CapPowerReporting@COPOSCashDrawer@@UAGJPAJ@Z 1000b7f2 f   CashDrawerImpl.obj
 0001:0000a80b       ?get_CapStatisticsReporting@COPOSCashDrawer@@UAGJPAF@Z 1000b80b f   CashDrawerImpl.obj
 0001:0000a824       ?get_CapStatus@COPOSCashDrawer@@UAGJPAF@Z 1000b824 f   CashDrawerImpl.obj
 0001:0000a83d       ?get_CapStatusMultiDrawerDetect@COPOSCashDrawer@@UAGJPAF@Z 1000b83d f   CashDrawerImpl.obj
 0001:0000a856       ?get_CapUpdateFirmware@COPOSCashDrawer@@UAGJPAF@Z 1000b856 f   CashDrawerImpl.obj
 0001:0000a86f       ?get_CapUpdateStatistics@COPOSCashDrawer@@UAGJPAF@Z 1000b86f f   CashDrawerImpl.obj
 0001:0000a888       ?get_CheckHealthText@COPOSCashDrawer@@UAGJPAPA_W@Z 1000b888 f   CashDrawerImpl.obj
 0001:0000a8a1       ?get_Claimed@COPOSCashDrawer@@UAGJPAF@Z 1000b8a1 f   CashDrawerImpl.obj
 0001:0000a8b7       ?get_ControlObjectDescription@COPOSCashDrawer@@UAGJPAPA_W@Z 1000b8b7 f   CashDrawerImpl.obj
 0001:0000a8f4       ?get_ControlObjectVersion@COPOSCashDrawer@@UAGJPAJ@Z 1000b8f4 f   CashDrawerImpl.obj
 0001:0000a907       ?get_DeviceDescription@COPOSCashDrawer@@UAGJPAPA_W@Z 1000b907 f   CashDrawerImpl.obj
 0001:0000a920       ?get_DeviceEnabled@COPOSCashDrawer@@UAGJPAF@Z 1000b920 f   CashDrawerImpl.obj
 0001:0000a936       ?get_DeviceName@COPOSCashDrawer@@UAGJPAPA_W@Z 1000b936 f   CashDrawerImpl.obj
 0001:0000a94f       ?get_DrawerOpened@COPOSCashDrawer@@UAGJPAF@Z 1000b94f f   CashDrawerImpl.obj
 0001:0000a968       ?get_FreezeEvents@COPOSCashDrawer@@UAGJPAF@Z 1000b968 f   CashDrawerImpl.obj
 0001:0000a97e       ?get_OpenResult@COPOSCashDrawer@@UAGJPAJ@Z 1000b97e f   CashDrawerImpl.obj
 0001:0000a995       ?get_PowerNotify@COPOSCashDrawer@@UAGJPAJ@Z 1000b995 f   CashDrawerImpl.obj
 0001:0000a9ab       ?get_PowerState@COPOSCashDrawer@@UAGJPAJ@Z 1000b9ab f   CashDrawerImpl.obj
 0001:0000a9c1       ?get_ResultCode@COPOSCashDrawer@@UAGJPAJ@Z 1000b9c1 f   CashDrawerImpl.obj
 0001:0000a9ff       ?get_ResultCodeExtended@COPOSCashDrawer@@UAGJPAJ@Z 1000b9ff f   CashDrawerImpl.obj
 0001:0000aa15       ?get_ServiceObjectDescription@COPOSCashDrawer@@UAGJPAPA_W@Z 1000ba15 f   CashDrawerImpl.obj
 0001:0000aa2e       ?get_ServiceObjectVersion@COPOSCashDrawer@@UAGJPAJ@Z 1000ba2e f   CashDrawerImpl.obj
 0001:0000aa44       ?get_State@COPOSCashDrawer@@UAGJPAJ@Z 1000ba44 f   CashDrawerImpl.obj
 0001:0000aa70       ?put_BinaryConversion@COPOSCashDrawer@@UAGJJ@Z 1000ba70 f   CashDrawerImpl.obj
 0001:0000aa86       ?put_DeviceEnabled@COPOSCashDrawer@@UAGJF@Z 1000ba86 f   CashDrawerImpl.obj
 0001:0000aaa3       ?put_FreezeEvents@COPOSCashDrawer@@UAGJF@Z 1000baa3 f   CashDrawerImpl.obj
 0001:0000aaef       ?put_PowerNotify@COPOSCashDrawer@@UAGJJ@Z 1000baef f   CashDrawerImpl.obj
 0001:0000ab05       ?s_EventWindowProc@COPOSCashDrawer@@KGJPAUHWND__@@IIJ@Z 1000bb05 f i CashDrawerImpl.obj
 0001:0000ab57       ??_U@YAPAXI@Z              1000bb57 f   LIBCMT:new_array.obj
 0001:0000ab60       ??3@YAXPAXI@Z              1000bb60 f   LIBCMT:delete_scalar_size.obj
 0001:0000ab6e       ??_V@YAXPAX@Z              1000bb6e f   LIBCMT:delete_array.obj
 0001:0000ab73       ??_V@YAXPAXI@Z             1000bb73 f   LIBCMT:delete_array_size.obj
 0001:0000ab81       ??$__crt_fast_encode_pointer@P6GXPAU_RTL_CONDITION_VARIABLE@@@Z@@YAP6GXPAU_RTL_CONDITION_VARIABLE@@@ZQ6GX0@Z@Z 1000bb81 f i LIBCMT:thread_safe_statics.obj
 0001:0000ab81       ??$__crt_fast_encode_pointer@P6GHPAU_RTL_CONDITION_VARIABLE@@PAU_RTL_CRITICAL_SECTION@@K@Z@@YAP6GHPAU_RTL_CONDITION_VARIABLE@@PAU_RTL_CRITICAL_SECTION@@K@ZQ6GH01K@Z@Z 1000bb81 f i LIBCMT:thread_safe_statics.obj
 0001:0000ab81       ??$__crt_fast_encode_pointer@PAP6AXXZ@@YAPAP6AXXZQAP6AXXZ@Z 1000bb81 f i LIBCMT:utility.obj
 0001:0000ab81       ??$__crt_fast_encode_pointer@PAX@@YAPAXQAX@Z 1000bb81 f i libvcruntime:winapi_downlevel.obj
 0001:0000abe2       ___scrt_acquire_startup_lock 1000bbe2 f   LIBCMT:utility.obj
 0001:0000ac14       ___scrt_dllmain_after_initialize_c 1000bc14 f   LIBCMT:utility.obj
 0001:0000ac3f       ___scrt_dllmain_before_initialize_c 1000bc3f f   LIBCMT:utility.obj
 0001:0000ac4d       ___scrt_dllmain_crt_thread_attach 1000bc4d f   LIBCMT:utility.obj
 0001:0000ac6c       ___scrt_dllmain_crt_thread_detach 1000bc6c f   LIBCMT:utility.obj
 0001:0000ac79       ___scrt_dllmain_exception_filter 1000bc79 f   LIBCMT:utility.obj
 0001:0000acad       ___scrt_dllmain_uninitialize_c 1000bcad f   LIBCMT:utility.obj
 0001:0000acd0       ___scrt_dllmain_uninitialize_critical 1000bcd0 f   LIBCMT:utility.obj
 0001:0000acdd       ___scrt_initialize_crt     1000bcdd f   LIBCMT:utility.obj
 0001:0000ad16       ___scrt_initialize_onexit_tables 1000bd16 f   LIBCMT:utility.obj
 0001:0000adbb       ___scrt_is_nonwritable_in_current_image 1000bdbb f   LIBCMT:utility.obj
 0001:0000ae4f       ___scrt_release_startup_lock 1000be4f f   LIBCMT:utility.obj
 0001:0000ae6c       ___scrt_uninitialize_crt   1000be6c f   LIBCMT:utility.obj
 0001:0000ae94       __onexit                   1000be94 f   LIBCMT:utility.obj
 0001:0000aecf       _atexit                    1000becf f   LIBCMT:utility.obj
 0001:0000aee4       ??3@YAXPAX@Z               1000bee4 f   LIBCMT:delete_scalar.obj
 0001:0000b01b       __Init_thread_footer       1000c01b f   LIBCMT:thread_safe_statics.obj
 0001:0000b065       __Init_thread_header       1000c065 f   LIBCMT:thread_safe_statics.obj
 0001:0000b0b7       __Init_thread_notify       1000c0b7 f   LIBCMT:thread_safe_statics.obj
 0001:0000b0f9       __Init_thread_wait         1000c0f9 f   LIBCMT:thread_safe_statics.obj
 0001:0000b159       ___raise_securityfailure   1000c159 f   LIBCMT:gs_report.obj
 0001:0000b181       ___report_gsfailure        1000c181 f   LIBCMT:gs_report.obj
 0001:0000b27a       ___report_rangecheckfailure 1000c27a f   LIBCMT:gs_report.obj
 0001:0000b286       ___report_securityfailure  1000c286 f   LIBCMT:gs_report.obj
 0001:0000b354       ??2@YAPAXIABUnothrow_t@std@@@Z 1000c354 f   LIBCMT:new_scalar_nothrow.obj
 0001:0000b3a4       ??_U@YAPAXIABUnothrow_t@std@@@Z 1000c3a4 f   LIBCMT:new_array_nothrow.obj
 0001:0000b3ad       @__security_check_cookie@4 1000c3ad f   LIBCMT:_secchk_.obj
 0001:0000b3c0       __SEH_prolog4_GS           1000c3c0 f   LIBCMT:_sehprolg4gs_.obj
 0001:0000b409       __SEH_epilog4_GS           1000c409 f   LIBCMT:_sehprolg4gs_.obj
 0001:0000b420       __alloca_probe_16          1000c420 f   LIBCMT:alloca16.obj
 0001:0000b436       __alloca_probe_8           1000c436     LIBCMT:alloca16.obj
 0001:0000b450       __alloca_probe             1000c450 f   LIBCMT:chkstk.obj
 0001:0000b450       __chkstk                   1000c450 f   LIBCMT:chkstk.obj
 0001:0000b79d       __DllMainCRTStartup@12     1000c79d f   LIBCMT:dll_dllmain.obj
 0001:0000b7c0       ??2@YAPAXI@Z               1000c7c0 f   LIBCMT:new_scalar.obj
 0001:0000b7f0       ___isa_available_init      1000c7f0 f   LIBCMT:_cpu_disp_.obj
 0001:0000b987       ___scrt_is_ucrt_dll_in_use 1000c987 f   LIBCMT:ucrt_detection.obj
 0001:0000b993       ___scrt_fastfail           1000c993 f   LIBCMT:utility_desktop.obj
 0001:0000baad       __crt_debugger_hook        1000caad f   LIBCMT:utility_desktop.obj
 0001:0000bac0       __SEH_prolog4              1000cac0 f   LIBCMT:_sehprolg4_.obj
 0001:0000bb06       __SEH_epilog4              1000cb06 f   LIBCMT:_sehprolg4_.obj
 0001:0000bb1b       @_guard_check_icall_nop@4  1000cb1b f i LIBCMT:guard_support.obj
 0001:0000bb69       ___security_init_cookie    1000cb69 f   LIBCMT:gs_support.obj
 0001:0000bbb4       ?__scrt_initialize_type_info@@YAXXZ 1000cbb4 f   LIBCMT:tncleanup.obj
[...]
 0002:00002a78       ?candidate_modules@?1??try_get_LocaleNameToLCID@@YAP6GKPB_WK@ZXZ@4QBW4module_id@?A0x391cf84c@@B 10020a78     libucrt:winapi_thunks.obj
 0002:00002a94       ?candidate_modules@?1??try_get_AppPolicyGetProcessTerminationMethod@@YAP6GJPAXPAW4AppPolicyProcessTerminationMethod@@@ZXZ@4QBW4module_id@?A0x391cf84c@@B 10020a94     libucrt:winapi_thunks.obj
 0002:00002ac0       ?candidate_modules@?1??try_get_SetThreadStackGuarantee@@YAP6GHPAK@ZXZ@4QBW4module_id@?A0x391cf84c@@B 10020ac0     libucrt:winapi_thunks.obj
 0002:00002fec       ?_mb_locale_names@@3QBQB_WB 10020fec     libucrt:mbctype.obj
 0002:00003838       ?LcidToLocaleNameTable@?A0x881e4c05@@3QBULcidToLocaleName@1@B 10021838     libucrt:lcidtoname_downlevel.obj
 0002:00004960       ?LocaleNameToIndexTable@?A0x881e4c05@@3QBULocaleNameIndex@1@B 10022960     libucrt:lcidtoname_downlevel.obj
 0002:000062a0       LOG_name                   100242a0     libucrt:log10.obj
 0002:000062b0       _One                       100242b0     libucrt:ceil_pentium4.obj
 0002:000062c0       _Bns                       100242c0     libucrt:ceil_pentium4.obj
 0002:000062d0       _Zero                      100242d0     libucrt:ceil_pentium4.obj
 0002:000062e0       _S                         100242e0     libucrt:ceil_pentium4.obj
 0002:000062f0       _NegZero                   100242f0     libucrt:ceil_pentium4.obj
 0002:00006300       emask                      10024300     libucrt:log10_pentium4.obj
 0002:00006310       CC                         10024310     libucrt:log10_pentium4.obj
 0002:00006320       Magic                      10024320     libucrt:log10_pentium4.obj
 0002:00006330       hi_mask                    10024330     libucrt:log10_pentium4.obj
 0002:00006340       LOG10_2                    10024340     libucrt:log10_pentium4.obj
 0002:00006350       place_L                    10024350     libucrt:log10_pentium4.obj
 0002:00006370       One                        10024370     libucrt:log10_pentium4.obj
 0002:00006380       Zero                       10024380     libucrt:log10_pentium4.obj
 0002:00006390       Two52                      10024390     libucrt:log10_pentium4.obj
 0002:000063a0       Infs                       100243a0     libucrt:log10_pentium4.obj
 0002:000063b0       NaN                        100243b0     libucrt:log10_pentium4.obj
 0002:000063c0       coeff                      100243c0     libucrt:log10_pentium4.obj
 0002:0000641e       _log2max                   1002441e     libucrt:87tran.obj
 0002:00006428       _smallarg                  10024428     libucrt:87tran.obj
 0002:00006432       _half                      10024432     libucrt:87tran.obj
 0002:0000647e       One                        1002447e     libucrt:87disp.obj
 0002:00006486       Three                      10024486     libucrt:87disp.obj
 0002:0000648e       XAMtoTagTab                1002448e     libucrt:87disp.obj
 0002:000064a0       One                        100244a0     libucrt:common.obj
 0002:000064b4       DblMax                     100244b4     libucrt:common.obj
 0002:000064bc       DblMin                     100244bc     libucrt:common.obj
 0002:000064c4       IeeeAdjO                   100244c4     libucrt:common.obj
 0002:000064cc       IeeeAdjU                   100244cc     libucrt:common.obj
 0002:000064d4       _infinity                  100244d4     libucrt:common.obj
 0002:000064dc       _zero                      100244dc     libucrt:common.obj
 0002:00006518       _over                      10024518     libucrt:fpctrl.obj
 0002:00006524       _under                     10024524     libucrt:fpctrl.obj
 0002:00006d58       ?_names@?1??_get_fname@@9@9 10024d58     libucrt:fpexcept.obj
 0002:000075c0       __sehtable$?_AtlVerifyStackAvailable@_ATL_SAFE_ALLOCA_IMPL@ATL@@YA_NK@Z 100255c0     CashDrawer.obj
 0002:000075e0       __sehtable$___scrt_is_nonwritable_in_current_image 100255e0     LIBCMT:utility.obj
 0002:000075fc       __ehfuncinfo$?__scrt_initialize_thread_safe_statics_platform_specific@@YAXXZ 100255fc     LIBCMT:thread_safe_statics.obj
 0002:00007620       __catchsym$??2@YAPAXIABUnothrow_t@std@@@Z$2 10025620     LIBCMT:new_scalar_nothrow.obj
 0002:00007630       __unwindtable$??2@YAPAXIABUnothrow_t@std@@@Z 10025630     LIBCMT:new_scalar_nothrow.obj
 0002:00007640       __tryblocktable$??2@YAPAXIABUnothrow_t@std@@@Z 10025640     LIBCMT:new_scalar_nothrow.obj
 0002:00007654       __ehfuncinfo$??2@YAPAXIABUnothrow_t@std@@@Z 10025654     LIBCMT:new_scalar_nothrow.obj
 0002:00007678       __sehtable$?dllmain_crt_process_attach@@YAHQAUHINSTANCE__@@QAX@Z 10025678     LIBCMT:dll_dllmain.obj
 0002:00007698       __sehtable$?dllmain_crt_process_detach@@YAH_N@Z 10025698     LIBCMT:dll_dllmain.obj
 0002:000076b8       __sehtable$?dllmain_dispatch@@YAHQAUHINSTANCE__@@KQAX@Z 100256b8     LIBCMT:dll_dllmain.obj
 0002:00007768       __sehtable$?FrameUnwindToState@__FrameHandler3@@SAXPAUEHRegistrationNode@@PAXPBU_s_FuncInfo@@H@Z 10025768     libvcruntime:frame.obj
 0002:00007790       __sehtable$?CallCatchBlock@@YAPAXPAUEHExceptionRecord@@PAUEHRegistrationNode@@PAU_CONTEXT@@PBU_s_FuncInfo@@PAXHK@Z 10025790     libvcruntime:frame.obj
 0002:000077b8       __catchsym$?CallUnexpected@@YAXPBU_s_ESTypeList@@@Z$2 100257b8     libvcruntime:frame.obj
 0002:000077c8       __unwindtable$?CallUnexpected@@YAXPBU_s_ESTypeList@@@Z 100257c8     libvcruntime:frame.obj
 0002:000077d8       __tryblocktable$?CallUnexpected@@YAXPBU_s_ESTypeList@@@Z 100257d8     libvcruntime:frame.obj
 0002:000077ec       __ehfuncinfo$?CallUnexpected@@YAXPBU_s_ESTypeList@@@Z 100257ec     libvcruntime:frame.obj
 0002:00007810       __sehtable$??$BuildCatchObjectHelperInternal@$$CBU_s_HandlerType@@@@YAHPAUEHExceptionRecord@@PAXPBU_s_HandlerType@@PBU_s_CatchableType@@@Z 10025810     libvcruntime:frame.obj
 0002:00007830       __sehtable$??$BuildCatchObjectInternal@$$CBU_s_HandlerType@@@@YAXPAUEHExceptionRecord@@PAXPBU_s_HandlerType@@PBU_s_CatchableType@@@Z 10025830     libvcruntime:frame.obj
 0002:00007888       __sehtable$___DestructExceptionObject 10025888     libvcruntime:ehhelpers.obj
 0002:000078a8       __sehtable$??R<lambda_6e4b09c48022b2350581041d5f6b0c4c>@@QBE@XZ 100258a8     libucrt:exit.obj
 0002:000078c8       __sehtable$??$?RV<lambda_03b1d95aef87969028cfba75ccab2455>@@AAV<lambda_6e4b09c48022b2350581041d5f6b0c4c>@@V<lambda_22bdf7517842c4b3e53723af5aa32b9e>@@@?$__crt_seh_guarded_call@X@@QAEX$$QAV<lambda_03b1d95aef87969028cfba75ccab2455>@@AAV<lambda_6e4b09c48022b2350581041d5f6b0c4c>@@$$QAV<lambda_22bdf7517842c4b3e53723af5aa32b9e>@@@Z 100258c8     libucrt:exit.obj
 0002:000078e8       __sehtable$??$?RV<lambda_8e746cf0007f6ed984d6f78af1fec997>@@AAV<lambda_22ebabd17bc4fa466a2aca6d8deb888d>@@V<lambda_18ed0c0b38a6dc0daf1e7ac6d6adf05e>@@@?$__crt_seh_guarded_call@H@@QAEH$$QAV<lambda_8e746cf0007f6ed984d6f78af1fec997>@@AAV<lambda_22ebabd17bc4fa466a2aca6d8deb888d>@@$$QAV<lambda_18ed0c0b38a6dc0daf1e7ac6d6adf05e>@@@Z 100258e8     libucrt:onexit.obj
 0002:00007908       __sehtable$??$?RV<lambda_69a2805e680e0e292e8ba93315fe43a8>@@AAV<lambda_f03950bc5685219e0bcd2087efbe011e>@@V<lambda_03fcd07e894ec930e3f35da366ca99d6>@@@?$__crt_seh_guarded_call@H@@QAEH$$QAV<lambda_69a2805e680e0e292e8ba93315fe43a8>@@AAV<lambda_f03950bc5685219e0bcd2087efbe011e>@@$$QAV<lambda_03fcd07e894ec930e3f35da366ca99d6>@@@Z 10025908     libucrt:onexit.obj
 0002:00007928       __sehtable$__query_new_handler 10025928     libucrt:new_handler.obj
 0002:00007948       __sehtable$_terminate      10025948     libucrt:terminate.obj
 0002:00007968       __sehtable$??$?RV<lambda_15ade71b0218206bbe3333a0c9b79046>@@AAV<lambda_da44e0f8b0f19ba52fefafb335991732>@@V<lambda_207f2d024fc103971653565357d6cd41>@@@?$__crt_seh_guarded_call@X@@QAEX$$QAV<lambda_15ade71b0218206bbe3333a0c9b79046>@@AAV<lambda_da44e0f8b0f19ba52fefafb335991732>@@$$QAV<lambda_207f2d024fc103971653565357d6cd41>@@@Z 10025968     libucrt:per_thread_data.obj
 0002:00007988       __sehtable$??$?RV<lambda_a7e850c220f1c8d1e6efeecdedd162c6>@@AAV<lambda_46720907175c18b6c9d2717bc0d2d362>@@V<lambda_9048902d66e8d99359bc9897bbb930a8>@@@?$__crt_seh_guarded_call@X@@QAEX$$QAV<lambda_a7e850c220f1c8d1e6efeecdedd162c6>@@AAV<lambda_46720907175c18b6c9d2717bc0d2d362>@@$$QAV<lambda_9048902d66e8d99359bc9897bbb930a8>@@@Z 10025988     libucrt:per_thread_data.obj
 0002:000079a8       __sehtable$??$?RV<lambda_38edbb1296d33220d7e4dd0ed76b244a>@@AAV<lambda_5ce1d447e08cb34b2473517608e21441>@@V<lambda_fb385d3da700c9147fc39e65dd577a8c>@@@?$__crt_seh_guarded_call@X@@QAEX$$QAV<lambda_38edbb1296d33220d7e4dd0ed76b244a>@@AAV<lambda_5ce1d447e08cb34b2473517608e21441>@@$$QAV<lambda_fb385d3da700c9147fc39e65dd577a8c>@@@Z 100259a8     libucrt:per_thread_data.obj
 0002:000079c8       __sehtable$??$?RV<lambda_6affb1475c98b40b75cdec977db92e3c>@@AAV<lambda_b8d4b9c228a6ecc3f80208dbb4b4a104>@@V<lambda_608742c3c92a14382c1684fc64f96c88>@@@?$__crt_seh_guarded_call@X@@QAEX$$QAV<lambda_6affb1475c98b40b75cdec977db92e3c>@@AAV<lambda_b8d4b9c228a6ecc3f80208dbb4b4a104>@@$$QAV<lambda_608742c3c92a14382c1684fc64f96c88>@@@Z 100259c8     libucrt:per_thread_data.obj
 0002:000079e8       __sehtable$??$?RV<lambda_e5124f882df8998aaf41531e079ba474>@@AAV<lambda_3e16ef9562a7dcce91392c22ab16ea36>@@V<lambda_e25ca0880e6ef98be67edffd8c599615>@@@?$__crt_seh_guarded_call@X@@QAEX$$QAV<lambda_e5124f882df8998aaf41531e079ba474>@@AAV<lambda_3e16ef9562a7dcce91392c22ab16ea36>@@$$QAV<lambda_e25ca0880e6ef98be67edffd8c599615>@@@Z 100259e8     libucrt:wsetlocale.obj
 0002:00007a08       __sehtable$___acrt_initialize_lowio 10025a08     libucrt:ioinit.obj
 0002:00007a28       __sehtable$?update_thread_multibyte_data_internal@@YAPAU__crt_multibyte_data@@QAU__acrt_ptd@@QAU1@@Z 10025a28     libucrt:mbctype.obj
 0002:00007a48       __sehtable$??$?RV<lambda_ceb1ee4838e85a9d631eb091e2fbe199>@@AAV<lambda_ae742caa10f662c28703da3d2ea5e57e>@@V<lambda_cd08b5d6af4937fe54fc07d0c9bf6b37>@@@?$__crt_seh_guarded_call@X@@QAEX$$QAV<lambda_ceb1ee4838e85a9d631eb091e2fbe199>@@AAV<lambda_ae742caa10f662c28703da3d2ea5e57e>@@$$QAV<lambda_cd08b5d6af4937fe54fc07d0c9bf6b37>@@@Z 10025a48     libucrt:mbctype.obj
 0002:00007a68       __sehtable$_raise          10025a68     libucrt:signal.obj
 0002:00007a88       __sehtable$??$?RV<lambda_cbab9ec6f41b0180b23cc171c22676b0>@@AAV<lambda_44731a7d0e6d81c3e6aa82d741081786>@@V<lambda_4b292cb8dd18144e164572427af410ab>@@@?$__crt_seh_guarded_call@P6AXH@Z@@QAEP6AXH@Z$$QAV<lambda_cbab9ec6f41b0180b23cc171c22676b0>@@AAV<lambda_44731a7d0e6d81c3e6aa82d741081786>@@$$QAV<lambda_4b292cb8dd18144e164572427af410ab>@@@Z 10025a88     libucrt:signal.obj
 0002:00007aa8       __sehtable$___acrt_update_thread_locale_data 10025aa8     libucrt:locale_refcounting.obj
 0002:00007ac8       __sehtable$__fcloseall     10025ac8     libucrt:closeall.obj
 0002:00007ae8       __sehtable$??$?RV<lambda_2866be3712abc81a800a822484c830d8>@@AAV<lambda_39ca0ed439415581b5b15c265174cece>@@V<lambda_2b24c74d71094a6cd0cb82e44167d71b>@@@?$__crt_seh_guarded_call@X@@QAEX$$QAV<lambda_2866be3712abc81a800a822484c830d8>@@AAV<lambda_39ca0ed439415581b5b15c265174cece>@@$$QAV<lambda_2b24c74d71094a6cd0cb82e44167d71b>@@@Z 10025ae8     libucrt:fflush.obj
 0002:00007b08       __sehtable$??$?RV<lambda_2cc53f568c5a2bb6f192f930a45d44ea>@@AAV<lambda_ab61a845afdef5b7c387490eaf3616ee>@@V<lambda_c2ffc0b7726aa6be21d5f0026187e748>@@@?$__crt_seh_guarded_call@X@@QAEX$$QAV<lambda_2cc53f568c5a2bb6f192f930a45d44ea>@@AAV<lambda_ab61a845afdef5b7c387490eaf3616ee>@@$$QAV<lambda_c2ffc0b7726aa6be21d5f0026187e748>@@@Z 10025b08     libucrt:fflush.obj
 0002:00007b28       __sehtable$___acrt_lowio_ensure_fh_exists 10025b28     libucrt:osfinfo.obj
 0002:00007b48       __sehtable$__write         10025b48     libucrt:write.obj
 0002:00007b68       __sehtable$_fclose         10025b68     libucrt:fclose.obj
 0002:00007b88       __sehtable$??$?RV<lambda_9e9de3de5fa147e2223d7db92bc10aa6>@@AAV<lambda_38ce7e780aa69e748d6df282ebc68efe>@@V<lambda_8ca6da459f0f6780f1cff60fdc3d00e5>@@@?$__crt_seh_guarded_call@H@@QAEH$$QAV<lambda_9e9de3de5fa147e2223d7db92bc10aa6>@@AAV<lambda_38ce7e780aa69e748d6df282ebc68efe>@@$$QAV<lambda_8ca6da459f0f6780f1cff60fdc3d00e5>@@@Z 10025b88     libucrt:commit.obj
 0002:00007ba8       __sehtable$??$?RV<lambda_218ce3db14220d0be481dae8ef3383b6>@@AAV<lambda_628dfdc04ba53c8bfc02c9951375f3f5>@@V<lambda_57dc472bd5c9d5f3b2cbca59b8a843ae>@@@?$__crt_seh_guarded_call@H@@QAEH$$QAV<lambda_218ce3db14220d0be481dae8ef3383b6>@@AAV<lambda_628dfdc04ba53c8bfc02c9951375f3f5>@@$$QAV<lambda_57dc472bd5c9d5f3b2cbca59b8a843ae>@@@Z 10025ba8     libucrt:close.obj
 0002:00007bc8       __sehtable$__IsNonwritableInCurrentImage 10025bc8     LIBCMT:pesect.obj
 0002:00007bf0       .edata                     10025bf0     OPOSCashDrawer.exp
 0002:00007c18       rgpv                       10025c18     OPOSCashDrawer.exp
 0002:00007c28       rgszName                   10025c28     OPOSCashDrawer.exp
 0002:00007c38       rgwOrd                     10025c38     OPOSCashDrawer.exp
 0002:00007c40       szName                     10025c40     OPOSCashDrawer.exp
 0002:00007c53       $N00001                    10025c53     OPOSCashDrawer.exp
 0002:00007c63       $N00002                    10025c63     OPOSCashDrawer.exp
 0002:00007c75       $N00003                    10025c75     OPOSCashDrawer.exp
 0002:00007c87       $N00004                    10025c87     OPOSCashDrawer.exp
 0002:000082a0       .idata$6                   100262a0     kernel32:KERNEL32.dll
 0002:000084b4       .idata$6                   100264b4     user32:USER32.dll
 0002:000085e8       .idata$6                   100265e8     gdi32:GDI32.dll
 0002:0000868e       .idata$6                   1002668e     advapi32:ADVAPI32.dll
 0002:000087aa       .idata$6                   100267aa     ole32:ole32.dll
 0002:000087b4       .idata$6                   100267b4     oleaut32:OLEAUT32.dll
 0003:00000110       ?ObjectMap@@3PAU_ATL_OBJMAP_ENTRY30@ATL@@A 10027110     CashDrawer.obj
 0003:000001b8       ?s_SOMethodNames@@3PAPADA  100271b8     CashDrawerImpl.obj
 0003:00000204       ?s_RequiredMethodsPerRelease@@3PAHA 10027204     CashDrawerImpl.obj
 0003:00000250       ?__vcrt_flsindex@@3KA      10027250     libvcruntime:per_thread_data.obj
 0003:00000270       ?errno_no_memory@@3HA      10027270     libucrt:errno.obj
 0003:00000274       ?doserrno_no_memory@@3KA   10027274     libucrt:errno.obj
 0003:00000280       ?__acrt_flsindex@@3KA      10027280     libucrt:per_thread_data.obj
 0003:000003f8       __mbctypes                 100273f8     libucrt:mbctype.obj
 0003:00000500       __mbcasemaps               10027500     libucrt:mbctype.obj
 0003:00000600       ?__rgctypeflag@@3PADA      10027600     libucrt:mbctype.obj
 0003:00000608       ?__rgcode_page_info@@3PAUcode_page_info@@A 10027608     libucrt:mbctype.obj
 0003:00000b10       ?is_initialized_as_dll@@3_NA 10027b10     LIBCMT:utility.obj
 0003:00000b11       ?module_local_atexit_table_initialized@@3_NA 10027b11     LIBCMT:utility.obj
 0003:00000b14       ?module_local_atexit_table@@3U_onexit_table_t@@A 10027b14     LIBCMT:utility.obj
 0003:00000b20       ?module_local_at_quick_exit_table@@3U_onexit_table_t@@A 10027b20     LIBCMT:utility.obj
 0003:00000b2c       ?_Tss_mutex@@3U_RTL_CRITICAL_SECTION@@A 10027b2c     LIBCMT:thread_safe_statics.obj
 0003:00000b44       ?_Tss_cv@@3U_RTL_CONDITION_VARIABLE@@A 10027b44     LIBCMT:thread_safe_statics.obj
 0003:00000b48       ?_Tss_event@@3PAXA         10027b48     LIBCMT:thread_safe_statics.obj
 0003:00000b4c       ?encoded_sleep_condition_variable_cs@@3P6GHPAU_RTL_CONDITION_VARIABLE@@PAU_RTL_CRITICAL_SECTION@@K@ZA 10027b4c     LIBCMT:thread_safe_statics.obj
 0003:00000b50       ?encoded_wake_all_condition_variable@@3P6GXPAU_RTL_CONDITION_VARIABLE@@@ZA 10027b50     LIBCMT:thread_safe_statics.obj
 0003:00000b58       _GS_ExceptionRecord        10027b58     LIBCMT:gs_report.obj
 0003:00000ba8       _GS_ContextRecord          10027ba8     LIBCMT:gs_report.obj
 0003:00000e78       ?__proc_attached@@3HA      10027e78     LIBCMT:dll_dllmain.obj
 0003:00000ed4       ?AllocateData@@3P6GPAUAtlThunkData_t@@XZA 10027ed4     atls:atlthunk.obj
 0003:00000ed8       ?InitData@@3P6GXPAUAtlThunkData_t@@PAXI@ZA 10027ed8     atls:atlthunk.obj
 0003:00000edc       ?DataToCode@@3P6GP6GJPAUHWND__@@IIJ@ZPAUAtlThunkData_t@@@ZA 10027edc     atls:atlthunk.obj
 0003:00000ee0       ?FreeData@@3P6GXPAUAtlThunkData_t@@@ZA 10027ee0     atls:atlthunk.obj
 0003:00000ee4       ?Initialized@@3_NA         10027ee4     atls:atlthunk.obj
 0003:00000ef0       ?__vcrt_startup_thread_ptd@@3U__vcrt_ptd@@A 10027ef0     libvcruntime:per_thread_data.obj
 0003:00000f18       ___vcrt_lock_table         10027f18     libvcruntime:locks.obj
 0003:00000f30       ___vcrt_locks_initialized  10027f30     libvcruntime:locks.obj
 0003:00000f34       ?module_handles@@3PAPAUHINSTANCE__@@A 10027f34     libvcruntime:winapi_downlevel.obj
 0003:00000f40       ?encoded_function_pointers@@3PAPAXA 10027f40     libvcruntime:winapi_downlevel.obj
 0003:00000f7c       ?heap@@3V_HeapManager@@A   10027f7c     libvcruntime:undname.obj
 0003:00000f94       ?__acrt_invalid_parameter_handler@@3V?$dual_state_global@P6AXPB_W00II@Z@__crt_state_management@@A 10027f94     libucrt:invalid_parameter.obj
 0003:00000f98       ?c_termination_complete@@3JA 10027f98     libucrt:exit.obj
 0003:00000f9c       ?thread_local_exit_callback_func@@3P6GXPAXK0@ZA 10027f9c     libucrt:exit.obj
 0003:00000fa8       ?program_name@?1???$common_configure_argv@D@@YAHW4_crt_argv_mode@@@Z@4PADA 10027fa8     libucrt:argv_parsing.obj
 0003:000010d8       ?__acrt_new_handler@@3V?$dual_state_global@P6AHI@Z@__crt_state_management@@A 100280d8     libucrt:new_handler.obj
 0003:000010e0       ?module_handles@@3PAPAUHINSTANCE__@@A 100280e0     libucrt:winapi_thunks.obj
 0003:00001130       ?encoded_function_pointers@@3PAPAXA 10028130     libucrt:winapi_thunks.obj
 0003:000011c0       ?enable_percent_n@@3IA     100281c0     libucrt:printf_count_output.obj
 0003:000013e0       ?__acrt_lock_table@@3PAU_RTL_CRITICAL_SECTION@@A 100283e0     libucrt:locks.obj
 0003:00001530       ?__acrt_locks_initialized@@3IA 10028530     libucrt:locks.obj
 0003:00001540       ?fSystemSet@@3HA           10028540     libucrt:mbctype.obj
 0003:00001544       ?initialized@?1??__acrt_initialize_multibyte@@9@4_NA 10028544     libucrt:mbctype.obj
 0003:00001564       ?ctrlc_action@@3V?$dual_state_global@P6AXH@Z@__crt_state_management@@A 10028564     libucrt:signal.obj
 0003:00001568       ?ctrlbreak_action@@3V?$dual_state_global@P6AXH@Z@__crt_state_management@@A 10028568     libucrt:signal.obj
 0003:0000156c       ?abort_action@@3V?$dual_state_global@P6AXH@Z@__crt_state_management@@A 1002856c     libucrt:signal.obj
 0003:00001570       ?term_action@@3V?$dual_state_global@P6AXH@Z@__crt_state_management@@A 10028570     libucrt:signal.obj
 0003:00001574       ?user_matherr@@3V?$dual_state_global@P6AHPAU_exception@@@Z@__crt_state_management@@A 10028574     libucrt:matherr.obj
 0003:00001578       ?__acrt_global_new_mode@@3V?$dual_state_global@J@__crt_state_management@@A 10028578     libucrt:new_mode.obj
 0003:00001584       ?__acrt_app_type@@3W4_crt_app_type@@A 10028584     libucrt:report_runtime_error.obj
 0003:0000158c       __pmatherr_set             1002858c     libucrt:libm_error.obj
 0004:00000220       $R000000                   10029220     CashDrawer.res
 0004:00000b90       $R000970                   10029b90     CashDrawer.res
 0004:00000c78       $R000A58                   10029c78     CashDrawer.res
 0004:00000ee0       $R000CC0                   10029ee0     CashDrawer.res
 0004:00001408       $R0011E8                   1002a408     CashDrawer.res
 0004:000038b8       $R003698                   1002c8b8     CashDrawer.res
 0004:000038f0       $R0036D0                   1002c8f0     CashDrawer.res
