 OPOSSmartCardRW

 Timestamp is 5b863f39 (Wed Aug 29 15:37:45 2018)

 Preferred load address is 10000000

 Start         Length     Name                   Class
 0001:00000000 00000080H .text$di                CODE
 0001:00000080 0001d2abH .text$mn                CODE
 0001:0001d32b 00000051H .text$x                 CODE
 0001:0001d37c 00000042H .text$yd                CODE
 0002:00000000 000002fcH .idata$5                DATA
 0002:000002fc 00000004H .00cfg                  DATA
 0002:00000300 00000004H .CRT$XCA                DATA
 0002:00000304 00000004H .CRT$XCL                DATA
 0002:00000308 00000010H .CRT$XCU                DATA
 0002:00000318 00000004H .CRT$XCZ                DATA
 0002:0000031c 00000004H .CRT$XIA                DATA
 0002:00000320 00000010H .CRT$XIC                DATA
 0002:00000330 00000004H .CRT$XIZ                DATA
 0002:00000334 00000004H .CRT$XLA                DATA
 0002:00000338 00000004H .CRT$XLZ                DATA
 0002:0000033c 00000004H .CRT$XPA                DATA
 0002:00000340 00000008H .CRT$XPX                DATA
 0002:00000348 00000004H .CRT$XPXA               DATA
 0002:0000034c 00000004H .CRT$XPZ                DATA
 0002:00000350 00000004H .CRT$XTA                DATA
 0002:00000354 0000000cH .CRT$XTZ                DATA
 0002:00000358 00000000H .gfids$y                DATA
 0002:00000360 00006e18H .rdata                  DATA
 0002:00007178 00000018H .rdata$T                DATA
 0002:00007190 00000180H .rdata$r                DATA
 0002:00007310 00000020H .rdata$sxdata           DATA
 0002:00007330 000003e0H .rdata$zzzdbg           DATA
 0002:00007710 00000004H .rtc$IAA                DATA
 0002:00007714 00000004H .rtc$IZZ                DATA
 0002:00007718 00000004H .rtc$TAA                DATA
 0002:0000771c 00000004H .rtc$TZZ                DATA
 0002:00007720 00000004H .tls                    DATA
 0002:00007724 00000004H .tls$                   DATA
 0002:00007728 00000008H .tls$ZZZ                DATA
 0002:00007730 00000624H .xdata$x                DATA
 0002:00007d54 00000004H ATL$__a                 DATA
 0002:00007d58 00000008H ATL$__z                 DATA
 0002:00007d60 000000acH .edata                  DATA
 0002:00007e0c 00000078H .idata$2                DATA
 0002:00007e84 00000014H .idata$3                DATA
 0002:00007e98 000002fcH .idata$4                DATA
 0002:00008194 00000bc0H .idata$6                DATA
 0003:00000000 000009a0H .data                   DATA
 0003:000009a0 00000098H .data$r                 DATA
 0003:00000a38 00000b68H .bss                    DATA
 0004:00000000 00000220H .rsrc$01                DATA
 0004:00000220 00004380H .rsrc$02                DATA

  Address         Publics by Value              Rva+Base       Lib:Object

 0000:00000000       ___guard_iat_count         00000000     <absolute>
 0000:00000000       ___guard_fids_count        00000000     <absolute>
 0000:00000000       ___guard_longjmp_table     00000000     <absolute>
 0000:00000000       ___guard_longjmp_count     00000000     <absolute>
 0000:00000000       ___hybrid_code_map_count   00000000     <absolute>
 0000:00000000       __except_list              00000000     <absolute>
 0000:00000000       ___guard_fids_table        00000000     <absolute>
 0000:00000000       ___hybrid_auxiliary_iat    00000000     <absolute>
 0000:00000000       ___dynamic_value_reloc_table 00000000     <absolute>
 0000:00000000       ___guard_iat_table         00000000     <absolute>
 0000:00000000       ___volatile_metadata       00000000     <absolute>
 0000:00000000       ___enclave_config          00000000     <absolute>
 0000:00000000       ___hybrid_code_map         00000000     <absolute>
 0000:00000008       ___safe_se_handler_count   00000008     <absolute>
 0000:0000002c       __tls_array                0000002c     <absolute>
 0000:00000100       ___guard_flags             00000100     <absolute>
 0000:00000000       ___ImageBase               10000000     <linker-defined>
 0001:00000080       ?DupWide@_CW@@AAEXXZ       10001080 f   CWString.obj
 0001:0000009c       ?cw_dup@@YGXPBDAAHAAPA_W1@Z 1000109c f   CWString.obj
 0001:0000010b       ?cw_memcpy@@YGHPA_WPBDH@Z  1000110b f   CWString.obj
 0001:00000137       ?cw_strcpy@@YAHPA_WPBD@Z   10001137 f   CWString.obj
 0001:0000014a       ?cw_strlen@@YAHPBD@Z       1000114a f   CWString.obj
 0001:00000163       ??0CAtlComModule@ATL@@QAE@XZ 10001163 f i OposVariant.obj
 0001:000001a8       ??0CAtlWinModule@ATL@@QAE@XZ 100011a8 f i OposVariant.obj
 0001:000001df       ??0OposDispParms@@QAE@PAVOposVariant@@H@Z 100011df f   OposVariant.obj
 0001:00000250       ??1OposDispParms@@QAE@XZ   10001250 f   OposVariant.obj
 0001:0000025e       ??A?$CSimpleArray@GV?$CSimpleArrayEqualHelper@G@ATL@@@ATL@@QAEAAGH@Z 1000125e f i OposVariant.obj
 0001:00000283       ??_Estringdispid@CComTypeInfoHolder@ATL@@QAEPAXI@Z 10001283 f i OposVariant.obj
 0001:000002ef       ?AtlWinModuleInit@ATL@@YGJPAU_ATL_WIN_MODULE70@1@@Z 100012ef f i OposVariant.obj
 0001:00000315       ?AtlWinModuleTerm@ATL@@YGJPAU_ATL_WIN_MODULE70@1@PAUHINSTANCE__@@@Z 10001315 f i OposVariant.obj
 0001:00000378       ?ChangeBSTR@OposVariant@@QAEXPAPA_WAAJ@Z 10001378 f   OposVariant.obj
 0001:000003b9       ?ChangeLONG@OposVariant@@QAEXPAJAAJ@Z 100013b9 f   OposVariant.obj
 0001:000003fa       ?GetLONG@OposVariant@@QAEJXZ 100013fa f   OposVariant.obj
 0001:00000415       ?Init@CComCriticalSection@ATL@@QAEJXZ 10001415 f i OposVariant.obj
 0001:0000043c       ?RemoveAll@?$CSimpleArray@GV?$CSimpleArrayEqualHelper@G@ATL@@@ATL@@QAEXXZ 1000143c f i OposVariant.obj
 0001:0000043c       ?RemoveAll@?$CSimpleArray@PAUHINSTANCE__@@V?$CSimpleArrayEqualHelper@PAUHINSTANCE__@@@ATL@@@ATL@@QAEXXZ 1000143c f i atls:atlbase.obj
 0001:00000459       ?SetBSTR@OposVariant@@QAEXPA_WAAJ@Z 10001459 f   OposVariant.obj
 0001:0000048d       ?SetBSTR_Copy@OposVariant@@QAEXPA_WAAJ@Z 1000148d f   OposVariant.obj
 0001:000004dd       ?SetBSTR_InOutPtr@OposVariant@@QAE_NPAPA_WAAJ@Z 100014dd f   OposVariant.obj
 0001:00000514       ?SetDispatch_Ptr@OposVariant@@QAEXPAUIDispatch@@AAJ@Z 10001514 f   OposVariant.obj
 0001:0000054f       ?SetLONG@OposVariant@@QAEXJ@Z 1000154f f   OposVariant.obj
 0001:00000571       ?SetLONG_Ptr@OposVariant@@QAEXPAJAAJ@Z 10001571 f   OposVariant.obj
 0001:000005a4       ?SetString@OposVariant@@QAEXPB_WAAJ@Z 100015a4 f   OposVariant.obj
 0001:000005ea       ?SetVARIANT_BOOL@OposVariant@@QAEXF@Z 100015ea f   OposVariant.obj
 0001:00000614       ?Term@CAtlComModule@ATL@@QAEXXZ 10001614 f i OposVariant.obj
 0001:0000065e       ?_AtlRaiseException@ATL@@YAXKK@Z 1000165e f i OposVariant.obj
 0001:00000673       ?Draw@?$IViewObjectExImpl@VCOPOSSmartCardRW@@@ATL@@UAGJKJPAXPAUtagDVTARGETDEVICE@@PAUHDC__@@2PBU_RECTL@@3P6GHK@ZK@Z 10001673 f i SmartCardRW.obj
 0001:000006a5       ?GetColorSet@?$IViewObjectExImpl@VCOPOSSmartCardRW@@@ATL@@UAGJKJPAXPAUtagDVTARGETDEVICE@@PAUHDC__@@PAPAUtagLOGPALETTE@@@Z 100016a5 f i SmartCardRW.obj
 0001:000006ad       ?Freeze@?$IViewObjectExImpl@VCOPOSSmartCardRW@@@ATL@@UAGJKJPAXPAK@Z 100016ad f i SmartCardRW.obj
 0001:000006b5       ?Unfreeze@?$IViewObjectExImpl@VCOPOSSmartCardRW@@@ATL@@UAGJK@Z 100016b5 f i SmartCardRW.obj
 0001:000006b5       ?GetControlInfo@?$IOleControlImpl@VCOPOSSmartCardRW@@@ATL@@UAGJPAUtagCONTROLINFO@@@Z 100016b5 f i SmartCardRW.obj
 0001:000006b5       ?QueryGetData@?$IDataObjectImpl@VCOPOSSmartCardRW@@@ATL@@UAGJPAUtagFORMATETC@@@Z 100016b5 f i SmartCardRW.obj
 0001:000006b5       ?ContextSensitiveHelp@?$IOleInPlaceActiveObjectImpl@VCOPOSSmartCardRW@@@ATL@@UAGJH@Z 100016b5 f i SmartCardRW.obj
 0001:000006b5       ?SetColorScheme@?$IOleObjectImpl@VCOPOSSmartCardRW@@@ATL@@UAGJPAUtagLOGPALETTE@@@Z 100016b5 f i SmartCardRW.obj
 0001:000006b5       ?GetDropTarget@?$IOleInPlaceObjectWindowlessImpl@VCOPOSSmartCardRW@@@ATL@@UAGJPAPAUIDropTarget@@@Z 100016b5 f i SmartCardRW.obj
 0001:000006b5       ?ContextSensitiveHelp@?$IOleInPlaceObjectWindowlessImpl@VCOPOSSmartCardRW@@@ATL@@UAGJH@Z 100016b5 f i SmartCardRW.obj
 0001:000006b5       ?OnMnemonic@?$IOleControlImpl@VCOPOSSmartCardRW@@@ATL@@UAGJPAUtagMSG@@@Z 100016b5 f i SmartCardRW.obj
 0001:000006bd       ?SetAdvise@?$IViewObjectExImpl@VCOPOSSmartCardRW@@@ATL@@UAGJKKPAUIAdviseSink@@@Z 100016bd f i SmartCardRW.obj
 0001:000006dc       ?GetAdvise@?$IViewObjectExImpl@VCOPOSSmartCardRW@@@ATL@@UAGJPAK0PAPAUIAdviseSink@@@Z 100016dc f i SmartCardRW.obj
 0001:00000711       ?GetExtent@?$IViewObjectExImpl@VCOPOSSmartCardRW@@@ATL@@UAGJKJPAUtagDVTARGETDEVICE@@PAUtagSIZE@@@Z 10001711 f i SmartCardRW.obj
 0001:00000742       ?GetCanonicalFormatEtc@?$IDataObjectImpl@VCOPOSSmartCardRW@@@ATL@@UAGJPAUtagFORMATETC@@0@Z 10001742 f i SmartCardRW.obj
 0001:00000742       ?GetDataHere@?$IDataObjectImpl@VCOPOSSmartCardRW@@@ATL@@UAGJPAUtagFORMATETC@@PAUtagSTGMEDIUM@@@Z 10001742 f i SmartCardRW.obj
 0001:00000742       ?GetRect@?$IViewObjectExImpl@VCOPOSSmartCardRW@@@ATL@@UAGJKPAU_RECTL@@@Z 10001742 f i SmartCardRW.obj
 0001:00000742       ?EnumFormatEtc@?$IDataObjectImpl@VCOPOSSmartCardRW@@@ATL@@UAGJKPAPAUIEnumFORMATETC@@@Z 10001742 f i SmartCardRW.obj
 0001:00000742       ?QueryInterface@CRegObject@ATL@@UAGJABU_GUID@@PAPAX@Z 10001742 f i SmartCardRW.obj
 0001:00000742       ?GetClipboardData@?$IOleObjectImpl@VCOPOSSmartCardRW@@@ATL@@UAGJKPAPAUIDataObject@@@Z 10001742 f i SmartCardRW.obj
 0001:00000742       ?SetMoniker@?$IOleObjectImpl@VCOPOSSmartCardRW@@@ATL@@UAGJKPAUIMoniker@@@Z 10001742 f i SmartCardRW.obj
 0001:0000074a       ?GetViewStatus@?$IViewObjectExImpl@VCOPOSSmartCardRW@@@ATL@@UAGJPAK@Z 1000174a f i SmartCardRW.obj
 0001:00000767       ?QueryHitPoint@?$IViewObjectExImpl@VCOPOSSmartCardRW@@@ATL@@UAGJKPBUtagRECT@@UtagPOINT@@JPAK@Z 10001767 f i SmartCardRW.obj
 0001:000007a8       ?QueryHitRect@?$IViewObjectExImpl@VCOPOSSmartCardRW@@@ATL@@UAGJKPBUtagRECT@@0JPAK@Z 100017a8 f i SmartCardRW.obj
 0001:00000803       ?GetNaturalExtent@?$IViewObjectExImpl@VCOPOSSmartCardRW@@@ATL@@UAGJKJPAUtagDVTARGETDEVICE@@PAUHDC__@@PAUtagExtentInfo@@PAUtagSIZE@@@Z 10001803 f i SmartCardRW.obj
 0001:0000084e       ?GetWindow@?$IOleInPlaceObjectWindowlessImpl@VCOPOSSmartCardRW@@@ATL@@UAGJPAPAUHWND__@@@Z 1000184e f i SmartCardRW.obj
 0001:0000089b       ?InPlaceDeactivate@?$IOleInPlaceObjectWindowlessImpl@VCOPOSSmartCardRW@@@ATL@@UAGJXZ 1000189b f i SmartCardRW.obj
 0001:000008b5       ?UIDeactivate@?$IOleInPlaceObjectWindowlessImpl@VCOPOSSmartCardRW@@@ATL@@UAGJXZ 100018b5 f i SmartCardRW.obj
 0001:000008cf       ?SetObjectRects@?$IOleInPlaceObjectWindowlessImpl@VCOPOSSmartCardRW@@@ATL@@UAGJPBUtagRECT@@0@Z 100018cf f i SmartCardRW.obj
 0001:000008ef       ?ReactivateAndUndo@?$IOleInPlaceObjectWindowlessImpl@VCOPOSSmartCardRW@@@ATL@@UAGJXZ 100018ef f i SmartCardRW.obj
 0001:000008f7       ?OnWindowMessage@?$IOleInPlaceObjectWindowlessImpl@VCOPOSSmartCardRW@@@ATL@@UAGJIIJPAJ@Z 100018f7 f i SmartCardRW.obj
 0001:00000967       ?EnumConnectionPoints@?$IConnectionPointContainerImpl@VCOPOSSmartCardRW@@@ATL@@UAGJPAPAUIEnumConnectionPoints@@@Z 10001967 f i SmartCardRW.obj
 0001:00000ae1       ?FindConnectionPoint@?$IConnectionPointContainerImpl@VCOPOSSmartCardRW@@@ATL@@UAGJABU_GUID@@PAPAUIConnectionPoint@@@Z 10001ae1 f i SmartCardRW.obj
 0001:00000b84       ?GetClassID@?$IPersistStorageImpl@VCOPOSSmartCardRW@@@ATL@@UAGJPAU_GUID@@@Z 10001b84 f i SmartCardRW.obj
 0001:00000b84       ?GetClassID@?$IPersistStreamInitImpl@VCOPOSSmartCardRW@@@ATL@@UAGJPAU_GUID@@@Z 10001b84 f i SmartCardRW.obj
 0001:00000b84       ?GetUserClassID@?$IOleObjectImpl@VCOPOSSmartCardRW@@@ATL@@UAGJPAU_GUID@@@Z 10001b84 f i SmartCardRW.obj
 0001:00000ba8       ?IsDirty@?$IPersistStorageImpl@VCOPOSSmartCardRW@@@ATL@@UAGJXZ 10001ba8 f i SmartCardRW.obj
 0001:00000bdc       ?InitNew@?$IPersistStorageImpl@VCOPOSSmartCardRW@@@ATL@@UAGJPAUIStorage@@@Z 10001bdc f i SmartCardRW.obj
 0001:00000c10       ?Load@?$IPersistStorageImpl@VCOPOSSmartCardRW@@@ATL@@UAGJPAUIStorage@@@Z 10001c10 f i SmartCardRW.obj
 0001:00000c7c       ?Save@?$IPersistStorageImpl@VCOPOSSmartCardRW@@@ATL@@UAGJPAUIStorage@@H@Z 10001c7c f i SmartCardRW.obj
 0001:00000cef       ?SaveCompleted@?$IPersistStorageImpl@VCOPOSSmartCardRW@@@ATL@@UAGJPAUIStorage@@@Z 10001cef f i SmartCardRW.obj
 0001:00000cef       ?OnAmbientPropertyChange@?$IOleControlImpl@VCOPOSSmartCardRW@@@ATL@@UAGJJ@Z 10001cef f i SmartCardRW.obj
 0001:00000cef       ?EnableModeless@?$IOleInPlaceActiveObjectImpl@VCOPOSSmartCardRW@@@ATL@@UAGJH@Z 10001cef f i SmartCardRW.obj
 0001:00000cef       ?OnFrameWindowActivate@?$IOleInPlaceActiveObjectImpl@VCOPOSSmartCardRW@@@ATL@@UAGJH@Z 10001cef f i SmartCardRW.obj
 0001:00000cf4       ?Update@?$IOleObjectImpl@VCOPOSSmartCardRW@@@ATL@@UAGJXZ 10001cf4 f i SmartCardRW.obj
 0001:00000cf4       ?HandsOffStorage@?$IPersistStorageImpl@VCOPOSSmartCardRW@@@ATL@@UAGJXZ 10001cf4 f i SmartCardRW.obj
 0001:00000cf4       ?IsUpToDate@?$IOleObjectImpl@VCOPOSSmartCardRW@@@ATL@@UAGJXZ 10001cf4 f i SmartCardRW.obj
 0001:00000cf4       ?Release@CRegObject@ATL@@UAGKXZ 10001cf4 f i SmartCardRW.obj
 0001:00000cf9       ?GetPages@?$ISpecifyPropertyPagesImpl@VCOPOSSmartCardRW@@@ATL@@UAGJPAUtagCAUUID@@@Z 10001cf9 f i SmartCardRW.obj
 0001:00000d10       ?QuickActivate@?$IQuickActivateImpl@VCOPOSSmartCardRW@@@ATL@@UAGJPAUtagQACONTAINER@@PAUtagQACONTROL@@@Z 10001d10 f i SmartCardRW.obj
 0001:00000d33       ?SetContentExtent@?$IQuickActivateImpl@VCOPOSSmartCardRW@@@ATL@@UAGJPAUtagSIZE@@@Z 10001d33 f i SmartCardRW.obj
 0001:00000d5f       ?GetContentExtent@?$IQuickActivateImpl@VCOPOSSmartCardRW@@@ATL@@UAGJPAUtagSIZE@@@Z 10001d5f f i SmartCardRW.obj
 0001:00000d7f       ?GetData@?$IDataObjectImpl@VCOPOSSmartCardRW@@@ATL@@UAGJPAUtagFORMATETC@@PAUtagSTGMEDIUM@@@Z 10001d7f f i SmartCardRW.obj
 0001:00000da2       ?SetData@?$IDataObjectImpl@VCOPOSSmartCardRW@@@ATL@@UAGJPAUtagFORMATETC@@PAUtagSTGMEDIUM@@H@Z 10001da2 f i SmartCardRW.obj
 0001:00000da2       ?GetMoniker@?$IOleObjectImpl@VCOPOSSmartCardRW@@@ATL@@UAGJKKPAPAUIMoniker@@@Z 10001da2 f i SmartCardRW.obj
 0001:00000da2       ?InitFromData@?$IOleObjectImpl@VCOPOSSmartCardRW@@@ATL@@UAGJPAUIDataObject@@HK@Z 10001da2 f i SmartCardRW.obj
 0001:00000daa       ?DAdvise@?$IDataObjectImpl@VCOPOSSmartCardRW@@@ATL@@UAGJPAUtagFORMATETC@@KPAUIAdviseSink@@PAK@Z 10001daa f i SmartCardRW.obj
 0001:00000deb       ?DUnadvise@?$IDataObjectImpl@VCOPOSSmartCardRW@@@ATL@@UAGJK@Z 10001deb f i SmartCardRW.obj
 0001:00000e19       ?EnumDAdvise@?$IDataObjectImpl@VCOPOSSmartCardRW@@@ATL@@UAGJPAPAUIEnumSTATDATA@@@Z 10001e19 f i SmartCardRW.obj
 0001:00000e58       ?GetClassInfoW@?$IProvideClassInfo2Impl@$1?CLSID_OPOSSmartCardRW@@3U_GUID@@B$1?DIID__IOPOSSmartCardRWEvents@@3U2@B$1?LIBID_OposSmartCardRW_CCO@@3U2@B$00$0A@VCComTypeInfoHolder@ATL@@@ATL@@UAGJPAPAUITypeInfo@@@Z 10001e58 f i SmartCardRW.obj
 0001:00000e6e       ?GetGUID@?$IProvideClassInfo2Impl@$1?CLSID_OPOSSmartCardRW@@3U_GUID@@B$1?DIID__IOPOSSmartCardRWEvents@@3U2@B$1?LIBID_OposSmartCardRW_CCO@@3U2@B$00$0A@VCComTypeInfoHolder@ATL@@@ATL@@UAGJKPAU_GUID@@@Z 10001e6e f i SmartCardRW.obj
 0001:00000eac       __get_startup_argv_mode    10001eac f i LIBCMT:argv_mode.obj
 0001:00000eac       ?FAccessAllowed@?$IObjectSafetyImpl@VCOPOSSmartCardRW@@$02@ATL@@MAEHXZ 10001eac f i SmartCardRW.obj
 0001:00000eb0       ?GetInterfaceSafetyOptions@?$IObjectSafetyImpl@VCOPOSSmartCardRW@@$02@ATL@@UAGJABU_GUID@@PAK1@Z 10001eb0 f i SmartCardRW.obj
 0001:00000f24       ?SetInterfaceSafetyOptions@?$IObjectSafetyImpl@VCOPOSSmartCardRW@@$02@ATL@@UAGJABU_GUID@@KK@Z 10001f24 f i SmartCardRW.obj
 0001:00000f9e       ?_LocCPQueryInterface@?$IConnectionPointImpl@VCOPOSSmartCardRW@@$1?DIID__IOPOSSmartCardRWEvents@@3U_GUID@@BVCComDynamicUnkArray@ATL@@@ATL@@UAGJABU_GUID@@PAPAX@Z 10001f9e f i SmartCardRW.obj
 0001:00000f9e       ?_LocCPQueryInterface@?$IConnectionPointImpl@VCOPOSSmartCardRW@@$1?IID_IPropertyNotifySink@@3U_GUID@@BVCComDynamicUnkArray@ATL@@@ATL@@UAGJABU_GUID@@PAPAX@Z 10001f9e f i SmartCardRW.obj
 0001:00000feb       ?GetConnectionInterface@?$IConnectionPointImpl@VCOPOSSmartCardRW@@$1?IID_IPropertyNotifySink@@3U_GUID@@BVCComDynamicUnkArray@ATL@@@ATL@@UAGJPAU_GUID@@@Z 10001feb f i SmartCardRW.obj
 0001:0000100f       ?GetConnectionPointContainer@?$IConnectionPointImpl@VCOPOSSmartCardRW@@$1?IID_IPropertyNotifySink@@3U_GUID@@BVCComDynamicUnkArray@ATL@@@ATL@@UAGJPAPAUIConnectionPointContainer@@@Z 1000200f f i SmartCardRW.obj
 0001:00001032       ?Advise@?$IConnectionPointImpl@VCOPOSSmartCardRW@@$1?IID_IPropertyNotifySink@@3U_GUID@@BVCComDynamicUnkArray@ATL@@@ATL@@UAGJPAUIUnknown@@PAK@Z 10002032 f i SmartCardRW.obj
 0001:00001032       ?Advise@?$IConnectionPointImpl@VCOPOSSmartCardRW@@$1?DIID__IOPOSSmartCardRWEvents@@3U_GUID@@BVCComDynamicUnkArray@ATL@@@ATL@@UAGJPAUIUnknown@@PAK@Z 10002032 f i SmartCardRW.obj
 0001:000010d3       ?Unadvise@?$IConnectionPointImpl@VCOPOSSmartCardRW@@$1?IID_IPropertyNotifySink@@3U_GUID@@BVCComDynamicUnkArray@ATL@@@ATL@@UAGJK@Z 100020d3 f i SmartCardRW.obj
 0001:000010d3       ?Unadvise@?$IConnectionPointImpl@VCOPOSSmartCardRW@@$1?DIID__IOPOSSmartCardRWEvents@@3U_GUID@@BVCComDynamicUnkArray@ATL@@@ATL@@UAGJK@Z 100020d3 f i SmartCardRW.obj
 0001:00001113       ?EnumConnections@?$IConnectionPointImpl@VCOPOSSmartCardRW@@$1?DIID__IOPOSSmartCardRWEvents@@3U_GUID@@BVCComDynamicUnkArray@ATL@@@ATL@@UAGJPAPAUIEnumConnections@@@Z 10002113 f i SmartCardRW.obj
 0001:00001113       ?EnumConnections@?$IConnectionPointImpl@VCOPOSSmartCardRW@@$1?IID_IPropertyNotifySink@@3U_GUID@@BVCComDynamicUnkArray@ATL@@@ATL@@UAGJPAPAUIEnumConnections@@@Z 10002113 f i SmartCardRW.obj
 0001:00001219       ?GetObjectDescription@?$CComCoClass@VCOPOSSmartCardRW@@$1?CLSID_OPOSSmartCardRW@@3U_GUID@@B@ATL@@SGPB_WXZ 10002219 f i SmartCardRW.obj
 0001:00001219       ?GetCategoryMap@CComObjectRootBase@ATL@@SAPBU_ATL_CATMAP_ENTRY@2@XZ 10002219 f i SmartCardRW.obj
 0001:0000121c       ?GetConnectionInterface@?$IConnectionPointImpl@VCOPOSSmartCardRW@@$1?DIID__IOPOSSmartCardRWEvents@@3U_GUID@@BVCComDynamicUnkArray@ATL@@@ATL@@UAGJPAU_GUID@@@Z 1000221c f i SmartCardRW.obj
 0001:00001240       ?GetConnectionPointContainer@?$IConnectionPointImpl@VCOPOSSmartCardRW@@$1?DIID__IOPOSSmartCardRWEvents@@3U_GUID@@BVCComDynamicUnkArray@ATL@@@ATL@@UAGJPAPAUIConnectionPointContainer@@@Z 10002240 f i SmartCardRW.obj
 0001:00001263       ?UpdateRegistry@COPOSSmartCardRW@@SGJH@Z 10002263 f i SmartCardRW.obj
 0001:0000127b       ?ProcessWindowMessage@COPOSSmartCardRW@@UAEHPAUHWND__@@IIJAAJK@Z 1000227b f i SmartCardRW.obj
 0001:000012c4       ?SOData@COPOSSmartCardRW@@MAGJJ@Z 100022c4 f i SmartCardRW.obj
 0001:000012fd       ?SODirectIO@COPOSSmartCardRW@@MAGJJPAJPAPA_W@Z 100022fd f i SmartCardRW.obj
 0001:00001346       ?SOError@COPOSSmartCardRW@@MAGJJJJPAJ@Z 10002346 f i SmartCardRW.obj
 0001:0000139b       ?SOOutputComplete@COPOSSmartCardRW@@MAGJJ@Z 1000239b f i SmartCardRW.obj
 0001:000013d4       ?SOStatusUpdate@COPOSSmartCardRW@@MAGJJ@Z 100023d4 f i SmartCardRW.obj
 0001:0000140d       ?AddRef@CRegObject@ATL@@UAGKXZ 1000240d f i SmartCardRW.obj
 0001:00001413       ?AddReplacement@CRegObject@ATL@@UAGJPB_W0@Z 10002413 f i SmartCardRW.obj
 0001:0000144c       ?ClearReplacements@CRegObject@ATL@@UAGJXZ 1000244c f i SmartCardRW.obj
 0001:0000145e       ??_ECRegObject@ATL@@UAEPAXI@Z 1000245e f i SmartCardRW.obj
 0001:0000145e       ??_GCRegObject@ATL@@UAEPAXI@Z 1000245e f i SmartCardRW.obj
 0001:00001480       ?CreateInstance@?$CComCreator@V?$CComObjectCached@VCComClassFactory@ATL@@@ATL@@@ATL@@SGJPAXABU_GUID@@PAPAX@Z 10002480 f i SmartCardRW.obj
 0001:00001513       ?CreateInstance@?$CComCreator2@V?$CComCreator@V?$CComObject@VCOPOSSmartCardRW@@@ATL@@@ATL@@V?$CComCreator@V?$CComAggObject@VCOPOSSmartCardRW@@@ATL@@@2@@ATL@@SGJPAXABU_GUID@@PAPAX@Z 10002513 f i SmartCardRW.obj
 0001:00001533       ?Next@?$CComEnumImpl@UIEnumConnectionPoints@@$1?_GUID_b196b285_bab4_101a_b69c_00aa00341d07@@3U__s_GUID@@BPAUIConnectionPoint@@V?$_CopyInterface@UIConnectionPoint@@@ATL@@@ATL@@UAGJKPAPAUIConnectionPoint@@PAK@Z 10002533 f i SmartCardRW.obj
 0001:0000160a       ?Skip@?$CComEnumImpl@UIEnumConnectionPoints@@$1?_GUID_b196b285_bab4_101a_b69c_00aa00341d07@@3U__s_GUID@@BPAUIConnectionPoint@@V?$_CopyInterface@UIConnectionPoint@@@ATL@@@ATL@@UAGJK@Z 1000260a f i SmartCardRW.obj
 0001:00001637       ?Reset@?$CComEnumImpl@UIEnumConnectionPoints@@$1?_GUID_b196b285_bab4_101a_b69c_00aa00341d07@@3U__s_GUID@@BPAUIConnectionPoint@@V?$_CopyInterface@UIConnectionPoint@@@ATL@@@ATL@@UAGJXZ 10002637 f i SmartCardRW.obj
 0001:00001637       ?Reset@?$CComEnumImpl@UIEnumConnections@@$1?_GUID_b196b287_bab4_101a_b69c_00aa00341d07@@3U__s_GUID@@BUtagCONNECTDATA@@V?$_Copy@UtagCONNECTDATA@@@ATL@@@ATL@@UAGJXZ 10002637 f i SmartCardRW.obj
 0001:00001649       ?Clone@?$CComEnumImpl@UIEnumConnectionPoints@@$1?_GUID_b196b285_bab4_101a_b69c_00aa00341d07@@3U__s_GUID@@BPAUIConnectionPoint@@V?$_CopyInterface@UIConnectionPoint@@@ATL@@@ATL@@UAGJPAPAUIEnumConnectionPoints@@@Z 10002649 f i SmartCardRW.obj
 0001:00001728       ?AddRef@?$CComObject@V?$CComEnum@UIEnumConnections@@$1?_GUID_b196b287_bab4_101a_b69c_00aa00341d07@@3U__s_GUID@@BUtagCONNECTDATA@@V?$_Copy@UtagCONNECTDATA@@@ATL@@VCComSingleThreadModel@6@@ATL@@@ATL@@UAGKXZ 10002728 f i SmartCardRW.obj
 0001:00001728       ?AddRef@?$CComObject@V?$CComEnum@UIEnumConnectionPoints@@$1?_GUID_b196b285_bab4_101a_b69c_00aa00341d07@@3U__s_GUID@@BPAUIConnectionPoint@@V?$_CopyInterface@UIConnectionPoint@@@ATL@@VCComSingleThreadModel@6@@ATL@@@ATL@@UAGKXZ 10002728 f i SmartCardRW.obj
 0001:00001739       ?Release@?$CComObject@V?$CComEnum@UIEnumConnections@@$1?_GUID_b196b287_bab4_101a_b69c_00aa00341d07@@3U__s_GUID@@BUtagCONNECTDATA@@V?$_Copy@UtagCONNECTDATA@@@ATL@@VCComSingleThreadModel@6@@ATL@@@ATL@@UAGKXZ 10002739 f i SmartCardRW.obj
 0001:00001739       ?Release@?$CComObject@V?$CComEnum@UIEnumConnectionPoints@@$1?_GUID_b196b285_bab4_101a_b69c_00aa00341d07@@3U__s_GUID@@BPAUIConnectionPoint@@V?$_CopyInterface@UIConnectionPoint@@@ATL@@VCComSingleThreadModel@6@@ATL@@@ATL@@UAGKXZ 10002739 f i SmartCardRW.obj
 0001:00001775       ?QueryInterface@?$CComObject@V?$CComEnum@UIEnumConnectionPoints@@$1?_GUID_b196b285_bab4_101a_b69c_00aa00341d07@@3U__s_GUID@@BPAUIConnectionPoint@@V?$_CopyInterface@UIConnectionPoint@@@ATL@@VCComSingleThreadModel@6@@ATL@@@ATL@@UAGJABU_GUID@@PAPAX@Z 10002775 f i SmartCardRW.obj
 0001:0000178f       ??_G?$CComObject@V?$CComEnum@UIEnumConnectionPoints@@$1?_GUID_b196b285_bab4_101a_b69c_00aa00341d07@@3U__s_GUID@@BPAUIConnectionPoint@@V?$_CopyInterface@UIConnectionPoint@@@ATL@@VCComSingleThreadModel@6@@ATL@@@ATL@@UAEPAXI@Z 1000278f f i SmartCardRW.obj
 0001:0000178f       ??_E?$CComObject@V?$CComEnum@UIEnumConnectionPoints@@$1?_GUID_b196b285_bab4_101a_b69c_00aa00341d07@@3U__s_GUID@@BPAUIConnectionPoint@@V?$_CopyInterface@UIConnectionPoint@@@ATL@@VCComSingleThreadModel@6@@ATL@@@ATL@@UAEPAXI@Z 1000278f f i SmartCardRW.obj
 0001:000017b1       ?AddRef@?$CComObjectCached@VCComClassFactory@ATL@@@ATL@@UAGKXZ 100027b1 f i SmartCardRW.obj
 0001:000017d8       ?Release@?$CComObjectCached@VCComClassFactory@ATL@@@ATL@@UAGKXZ 100027d8 f i SmartCardRW.obj
 0001:0000180e       ?QueryInterface@?$CComObjectCached@VCComClassFactory@ATL@@@ATL@@UAGJABU_GUID@@PAPAX@Z 1000280e f i SmartCardRW.obj
 0001:00001828       ??_E?$CComObjectCached@VCComClassFactory@ATL@@@ATL@@UAEPAXI@Z 10002828 f i SmartCardRW.obj
 0001:00001828       ??_G?$CComObjectCached@VCComClassFactory@ATL@@@ATL@@UAEPAXI@Z 10002828 f i SmartCardRW.obj
 0001:0000184a       ?AddRef@?$CComAggObject@VCOPOSSmartCardRW@@@ATL@@UAGKXZ 1000284a f i SmartCardRW.obj
 0001:0000185b       ?Release@?$CComAggObject@VCOPOSSmartCardRW@@@ATL@@UAGKXZ 1000285b f i SmartCardRW.obj
 0001:00001897       ?QueryInterface@?$CComAggObject@VCOPOSSmartCardRW@@@ATL@@UAGJABU_GUID@@PAPAX@Z 10002897 f i SmartCardRW.obj
 0001:000018e6       ?AddRef@?$CComContainedObject@VCOPOSSmartCardRW@@@ATL@@UAGKXZ 100028e6 f i SmartCardRW.obj
 0001:000018fc       ?Release@?$CComContainedObject@VCOPOSSmartCardRW@@@ATL@@UAGKXZ 100028fc f i SmartCardRW.obj
 0001:00001912       ?QueryInterface@?$CComContainedObject@VCOPOSSmartCardRW@@@ATL@@UAGJABU_GUID@@PAPAX@Z 10002912 f i SmartCardRW.obj
 0001:0000192d       ??_G?$CComAggObject@VCOPOSSmartCardRW@@@ATL@@UAEPAXI@Z 1000292d f i SmartCardRW.obj
 0001:0000192d       ??_E?$CComAggObject@VCOPOSSmartCardRW@@@ATL@@UAEPAXI@Z 1000292d f i SmartCardRW.obj
 0001:00001952       ?AddRef@?$CComObject@VCOPOSSmartCardRW@@@ATL@@UAGKXZ 10002952 f i SmartCardRW.obj
 0001:00001969       ?Release@?$CComObject@VCOPOSSmartCardRW@@@ATL@@UAGKXZ 10002969 f i SmartCardRW.obj
 0001:000019ab       ?QueryInterface@?$CComObject@VCOPOSSmartCardRW@@@ATL@@UAGJABU_GUID@@PAPAX@Z 100029ab f i SmartCardRW.obj
 0001:000019c5       ?OnFinalMessage@?$CWindowImplBaseT@VCWindow@ATL@@V?$CWinTraits@$0FGAAAAAA@$0A@@2@@ATL@@UAEXPAUHWND__@@@Z 100029c5 f i SmartCardRW.obj
 0001:000019c5       ?ObjectMain@CComObjectRootBase@ATL@@SGX_N@Z 100029c5 f i SmartCardRW.obj
 0001:000019c8       ?OnDrawAdvanced@CComControlBase@ATL@@UAEJAAUATL_DRAWINFO@@@Z 100029c8 f i SmartCardRW.obj
 0001:00001ab7       ?CreateInstance@CComClassFactory@ATL@@UAGJPAUIUnknown@@ABU_GUID@@PAPAX@Z 10002ab7 f i SmartCardRW.obj
 0001:00001af5       ?LockServer@CComClassFactory@ATL@@UAGJH@Z 10002af5 f i SmartCardRW.obj
 0001:00001b14       ??_GCComClassFactory@ATL@@UAEPAXI@Z 10002b14 f i SmartCardRW.obj
 0001:00001b14       ??_ECComClassFactory@ATL@@UAEPAXI@Z 10002b14 f i SmartCardRW.obj
 0001:00001b3f       ?Next@?$CComEnumImpl@UIEnumConnections@@$1?_GUID_b196b287_bab4_101a_b69c_00aa00341d07@@3U__s_GUID@@BUtagCONNECTDATA@@V?$_Copy@UtagCONNECTDATA@@@ATL@@@ATL@@UAGJKPAUtagCONNECTDATA@@PAK@Z 10002b3f f i SmartCardRW.obj
 0001:00001c16       ?Skip@?$CComEnumImpl@UIEnumConnections@@$1?_GUID_b196b287_bab4_101a_b69c_00aa00341d07@@3U__s_GUID@@BUtagCONNECTDATA@@V?$_Copy@UtagCONNECTDATA@@@ATL@@@ATL@@UAGJK@Z 10002c16 f i SmartCardRW.obj
 0001:00001c43       ?Clone@?$CComEnumImpl@UIEnumConnections@@$1?_GUID_b196b287_bab4_101a_b69c_00aa00341d07@@3U__s_GUID@@BUtagCONNECTDATA@@V?$_Copy@UtagCONNECTDATA@@@ATL@@@ATL@@UAGJPAPAUIEnumConnections@@@Z 10002c43 f i SmartCardRW.obj
 0001:00001d22       ?QueryInterface@?$CComObject@V?$CComEnum@UIEnumConnections@@$1?_GUID_b196b287_bab4_101a_b69c_00aa00341d07@@3U__s_GUID@@BUtagCONNECTDATA@@V?$_Copy@UtagCONNECTDATA@@@ATL@@VCComSingleThreadModel@6@@ATL@@@ATL@@UAGJABU_GUID@@PAPAX@Z 10002d22 f i SmartCardRW.obj
 0001:00001d3c       ??_G?$CComObject@V?$CComEnum@UIEnumConnections@@$1?_GUID_b196b287_bab4_101a_b69c_00aa00341d07@@3U__s_GUID@@BUtagCONNECTDATA@@V?$_Copy@UtagCONNECTDATA@@@ATL@@VCComSingleThreadModel@6@@ATL@@@ATL@@UAEPAXI@Z 10002d3c f i SmartCardRW.obj
 0001:00001d3c       ??_E?$CComObject@V?$CComEnum@UIEnumConnections@@$1?_GUID_b196b287_bab4_101a_b69c_00aa00341d07@@3U__s_GUID@@BUtagCONNECTDATA@@V?$_Copy@UtagCONNECTDATA@@@ATL@@VCComSingleThreadModel@6@@ATL@@@ATL@@UAEPAXI@Z 10002d3c f i SmartCardRW.obj
 0001:00001d5e       ??_E?$CComObject@VCOPOSSmartCardRW@@@ATL@@W3AEPAXI@Z 10002d5e f i SmartCardRW.obj
 0001:00001d66       ??_E?$CComObject@VCOPOSSmartCardRW@@@ATL@@WEM@AEPAXI@Z 10002d66 f i SmartCardRW.obj
 0001:00001d6e       ?QueryInterface@?$CComObject@VCOPOSSmartCardRW@@@ATL@@WHA@AGJABU_GUID@@PAPAX@Z 10002d6e f i SmartCardRW.obj
 0001:00001d78       ?AddRef@?$CComObject@VCOPOSSmartCardRW@@@ATL@@WHA@AGKXZ 10002d78 f i SmartCardRW.obj
 0001:00001d82       ?Release@?$CComObject@VCOPOSSmartCardRW@@@ATL@@WHA@AGKXZ 10002d82 f i SmartCardRW.obj
 0001:00001d8c       ?QueryInterface@?$CComObject@VCOPOSSmartCardRW@@@ATL@@WHE@AGJABU_GUID@@PAPAX@Z 10002d8c f i SmartCardRW.obj
 0001:00001d96       ?AddRef@?$CComObject@VCOPOSSmartCardRW@@@ATL@@WHE@AGKXZ 10002d96 f i SmartCardRW.obj
 0001:00001da0       ?Release@?$CComObject@VCOPOSSmartCardRW@@@ATL@@WHE@AGKXZ 10002da0 f i SmartCardRW.obj
 0001:00001daa       ?QueryInterface@?$CComObject@VCOPOSSmartCardRW@@@ATL@@WHI@AGJABU_GUID@@PAPAX@Z 10002daa f i SmartCardRW.obj
 0001:00001db4       ?AddRef@?$CComObject@VCOPOSSmartCardRW@@@ATL@@WHI@AGKXZ 10002db4 f i SmartCardRW.obj
 0001:00001dbe       ?Release@?$CComObject@VCOPOSSmartCardRW@@@ATL@@WHI@AGKXZ 10002dbe f i SmartCardRW.obj
 0001:00001dc8       ?QueryInterface@?$CComObject@VCOPOSSmartCardRW@@@ATL@@WHM@AGJABU_GUID@@PAPAX@Z 10002dc8 f i SmartCardRW.obj
 0001:00001dd2       ?AddRef@?$CComObject@VCOPOSSmartCardRW@@@ATL@@WHM@AGKXZ 10002dd2 f i SmartCardRW.obj
 0001:00001ddc       ?Release@?$CComObject@VCOPOSSmartCardRW@@@ATL@@WHM@AGKXZ 10002ddc f i SmartCardRW.obj
 0001:00001de6       ?QueryInterface@?$CComObject@VCOPOSSmartCardRW@@@ATL@@WIA@AGJABU_GUID@@PAPAX@Z 10002de6 f i SmartCardRW.obj
 0001:00001df3       ?AddRef@?$CComObject@VCOPOSSmartCardRW@@@ATL@@WIA@AGKXZ 10002df3 f i SmartCardRW.obj
 0001:00001e00       ?Release@?$CComObject@VCOPOSSmartCardRW@@@ATL@@WIA@AGKXZ 10002e00 f i SmartCardRW.obj
 0001:00001e0d       ?QueryInterface@?$CComObject@VCOPOSSmartCardRW@@@ATL@@WIE@AGJABU_GUID@@PAPAX@Z 10002e0d f i SmartCardRW.obj
 0001:00001e1a       ?AddRef@?$CComObject@VCOPOSSmartCardRW@@@ATL@@WIE@AGKXZ 10002e1a f i SmartCardRW.obj
 0001:00001e27       ?Release@?$CComObject@VCOPOSSmartCardRW@@@ATL@@WIE@AGKXZ 10002e27 f i SmartCardRW.obj
 0001:00001e34       ?QueryInterface@?$CComObject@VCOPOSSmartCardRW@@@ATL@@WII@AGJABU_GUID@@PAPAX@Z 10002e34 f i SmartCardRW.obj
 0001:00001e41       ?AddRef@?$CComObject@VCOPOSSmartCardRW@@@ATL@@WII@AGKXZ 10002e41 f i SmartCardRW.obj
 0001:00001e4e       ?Release@?$CComObject@VCOPOSSmartCardRW@@@ATL@@WII@AGKXZ 10002e4e f i SmartCardRW.obj
 0001:00001e5b       ?QueryInterface@?$CComObject@VCOPOSSmartCardRW@@@ATL@@WIM@AGJABU_GUID@@PAPAX@Z 10002e5b f i SmartCardRW.obj
 0001:00001e68       ?AddRef@?$CComObject@VCOPOSSmartCardRW@@@ATL@@WIM@AGKXZ 10002e68 f i SmartCardRW.obj
 0001:00001e75       ?Release@?$CComObject@VCOPOSSmartCardRW@@@ATL@@WIM@AGKXZ 10002e75 f i SmartCardRW.obj
 0001:00001e82       ?QueryInterface@?$CComObject@VCOPOSSmartCardRW@@@ATL@@WJA@AGJABU_GUID@@PAPAX@Z 10002e82 f i SmartCardRW.obj
 0001:00001e8f       ?AddRef@?$CComObject@VCOPOSSmartCardRW@@@ATL@@WJA@AGKXZ 10002e8f f i SmartCardRW.obj
 0001:00001e9c       ?Release@?$CComObject@VCOPOSSmartCardRW@@@ATL@@WJA@AGKXZ 10002e9c f i SmartCardRW.obj
 0001:00001ea9       ?QueryInterface@?$CComObject@VCOPOSSmartCardRW@@@ATL@@WJE@AGJABU_GUID@@PAPAX@Z 10002ea9 f i SmartCardRW.obj
 0001:00001eb6       ?AddRef@?$CComObject@VCOPOSSmartCardRW@@@ATL@@WJE@AGKXZ 10002eb6 f i SmartCardRW.obj
 0001:00001ec3       ?Release@?$CComObject@VCOPOSSmartCardRW@@@ATL@@WJE@AGKXZ 10002ec3 f i SmartCardRW.obj
 0001:00001ed0       ?QueryInterface@?$CComObject@VCOPOSSmartCardRW@@@ATL@@WJI@AGJABU_GUID@@PAPAX@Z 10002ed0 f i SmartCardRW.obj
 0001:00001edd       ?AddRef@?$CComObject@VCOPOSSmartCardRW@@@ATL@@WJI@AGKXZ 10002edd f i SmartCardRW.obj
 0001:00001eea       ?Release@?$CComObject@VCOPOSSmartCardRW@@@ATL@@WJI@AGKXZ 10002eea f i SmartCardRW.obj
 0001:00001ef7       ?QueryInterface@?$CComObject@VCOPOSSmartCardRW@@@ATL@@WJM@AGJABU_GUID@@PAPAX@Z 10002ef7 f i SmartCardRW.obj
 0001:00001f04       ?AddRef@?$CComObject@VCOPOSSmartCardRW@@@ATL@@WJM@AGKXZ 10002f04 f i SmartCardRW.obj
 0001:00001f11       ?Release@?$CComObject@VCOPOSSmartCardRW@@@ATL@@WJM@AGKXZ 10002f11 f i SmartCardRW.obj
 0001:00001f1e       ?QueryInterface@?$CComObject@VCOPOSSmartCardRW@@@ATL@@WKA@AGJABU_GUID@@PAPAX@Z 10002f1e f i SmartCardRW.obj
 0001:00001f2b       ?AddRef@?$CComObject@VCOPOSSmartCardRW@@@ATL@@WKA@AGKXZ 10002f2b f i SmartCardRW.obj
 0001:00001f38       ?Release@?$CComObject@VCOPOSSmartCardRW@@@ATL@@WKA@AGKXZ 10002f38 f i SmartCardRW.obj
 0001:00001f45       ?AddRef@?$CComObject@VCOPOSSmartCardRW@@@ATL@@WKI@AGKXZ 10002f45 f i SmartCardRW.obj
 0001:00001f52       ?Release@?$CComObject@VCOPOSSmartCardRW@@@ATL@@WKI@AGKXZ 10002f52 f i SmartCardRW.obj
 0001:00001f5f       ?AddRef@?$CComObject@VCOPOSSmartCardRW@@@ATL@@WLE@AGKXZ 10002f5f f i SmartCardRW.obj
 0001:00001f6c       ?Release@?$CComObject@VCOPOSSmartCardRW@@@ATL@@WLE@AGKXZ 10002f6c f i SmartCardRW.obj
 0001:00001f79       ??_E?$CComContainedObject@VCOPOSSmartCardRW@@@ATL@@W3AEPAXI@Z 10002f79 f i SmartCardRW.obj
 0001:00001f81       ??_E?$CComContainedObject@VCOPOSSmartCardRW@@@ATL@@WEM@AEPAXI@Z 10002f81 f i SmartCardRW.obj
 0001:00001f89       ?QueryInterface@?$CComContainedObject@VCOPOSSmartCardRW@@@ATL@@WHA@AGJABU_GUID@@PAPAX@Z 10002f89 f i SmartCardRW.obj
 0001:00001f93       ?AddRef@?$CComContainedObject@VCOPOSSmartCardRW@@@ATL@@WHA@AGKXZ 10002f93 f i SmartCardRW.obj
 0001:00001f9d       ?Release@?$CComContainedObject@VCOPOSSmartCardRW@@@ATL@@WHA@AGKXZ 10002f9d f i SmartCardRW.obj
 0001:00001fa7       ?QueryInterface@?$CComContainedObject@VCOPOSSmartCardRW@@@ATL@@WHE@AGJABU_GUID@@PAPAX@Z 10002fa7 f i SmartCardRW.obj
 0001:00001fb1       ?AddRef@?$CComContainedObject@VCOPOSSmartCardRW@@@ATL@@WHE@AGKXZ 10002fb1 f i SmartCardRW.obj
 0001:00001fbb       ?Release@?$CComContainedObject@VCOPOSSmartCardRW@@@ATL@@WHE@AGKXZ 10002fbb f i SmartCardRW.obj
 0001:00001fc5       ?QueryInterface@?$CComContainedObject@VCOPOSSmartCardRW@@@ATL@@WHI@AGJABU_GUID@@PAPAX@Z 10002fc5 f i SmartCardRW.obj
 0001:00001fcf       ?AddRef@?$CComContainedObject@VCOPOSSmartCardRW@@@ATL@@WHI@AGKXZ 10002fcf f i SmartCardRW.obj
 0001:00001fd9       ?Release@?$CComContainedObject@VCOPOSSmartCardRW@@@ATL@@WHI@AGKXZ 10002fd9 f i SmartCardRW.obj
 0001:00001fe3       ?QueryInterface@?$CComContainedObject@VCOPOSSmartCardRW@@@ATL@@WHM@AGJABU_GUID@@PAPAX@Z 10002fe3 f i SmartCardRW.obj
 0001:00001fed       ?AddRef@?$CComContainedObject@VCOPOSSmartCardRW@@@ATL@@WHM@AGKXZ 10002fed f i SmartCardRW.obj
 0001:00001ff7       ?Release@?$CComContainedObject@VCOPOSSmartCardRW@@@ATL@@WHM@AGKXZ 10002ff7 f i SmartCardRW.obj
 0001:00002001       ?QueryInterface@?$CComContainedObject@VCOPOSSmartCardRW@@@ATL@@WIA@AGJABU_GUID@@PAPAX@Z 10003001 f i SmartCardRW.obj
 0001:0000200e       ?AddRef@?$CComContainedObject@VCOPOSSmartCardRW@@@ATL@@WIA@AGKXZ 1000300e f i SmartCardRW.obj
 0001:0000201b       ?Release@?$CComContainedObject@VCOPOSSmartCardRW@@@ATL@@WIA@AGKXZ 1000301b f i SmartCardRW.obj
 0001:00002028       ?QueryInterface@?$CComContainedObject@VCOPOSSmartCardRW@@@ATL@@WIE@AGJABU_GUID@@PAPAX@Z 10003028 f i SmartCardRW.obj
 0001:00002035       ?AddRef@?$CComContainedObject@VCOPOSSmartCardRW@@@ATL@@WIE@AGKXZ 10003035 f i SmartCardRW.obj
 0001:00002042       ?Release@?$CComContainedObject@VCOPOSSmartCardRW@@@ATL@@WIE@AGKXZ 10003042 f i SmartCardRW.obj
 0001:0000204f       ?QueryInterface@?$CComContainedObject@VCOPOSSmartCardRW@@@ATL@@WII@AGJABU_GUID@@PAPAX@Z 1000304f f i SmartCardRW.obj
 0001:0000205c       ?AddRef@?$CComContainedObject@VCOPOSSmartCardRW@@@ATL@@WII@AGKXZ 1000305c f i SmartCardRW.obj
 0001:00002069       ?Release@?$CComContainedObject@VCOPOSSmartCardRW@@@ATL@@WII@AGKXZ 10003069 f i SmartCardRW.obj
 0001:00002076       ?QueryInterface@?$CComContainedObject@VCOPOSSmartCardRW@@@ATL@@WIM@AGJABU_GUID@@PAPAX@Z 10003076 f i SmartCardRW.obj
 0001:00002083       ?AddRef@?$CComContainedObject@VCOPOSSmartCardRW@@@ATL@@WIM@AGKXZ 10003083 f i SmartCardRW.obj
 0001:00002090       ?Release@?$CComContainedObject@VCOPOSSmartCardRW@@@ATL@@WIM@AGKXZ 10003090 f i SmartCardRW.obj
 0001:0000209d       ?QueryInterface@?$CComContainedObject@VCOPOSSmartCardRW@@@ATL@@WJA@AGJABU_GUID@@PAPAX@Z 1000309d f i SmartCardRW.obj
 0001:000020aa       ?AddRef@?$CComContainedObject@VCOPOSSmartCardRW@@@ATL@@WJA@AGKXZ 100030aa f i SmartCardRW.obj
 0001:000020b7       ?Release@?$CComContainedObject@VCOPOSSmartCardRW@@@ATL@@WJA@AGKXZ 100030b7 f i SmartCardRW.obj
 0001:000020c4       ?QueryInterface@?$CComContainedObject@VCOPOSSmartCardRW@@@ATL@@WJE@AGJABU_GUID@@PAPAX@Z 100030c4 f i SmartCardRW.obj
 0001:000020d1       ?AddRef@?$CComContainedObject@VCOPOSSmartCardRW@@@ATL@@WJE@AGKXZ 100030d1 f i SmartCardRW.obj
 0001:000020de       ?Release@?$CComContainedObject@VCOPOSSmartCardRW@@@ATL@@WJE@AGKXZ 100030de f i SmartCardRW.obj
 0001:000020eb       ?QueryInterface@?$CComContainedObject@VCOPOSSmartCardRW@@@ATL@@WJI@AGJABU_GUID@@PAPAX@Z 100030eb f i SmartCardRW.obj
 0001:000020f8       ?AddRef@?$CComContainedObject@VCOPOSSmartCardRW@@@ATL@@WJI@AGKXZ 100030f8 f i SmartCardRW.obj
 0001:00002105       ?Release@?$CComContainedObject@VCOPOSSmartCardRW@@@ATL@@WJI@AGKXZ 10003105 f i SmartCardRW.obj
 0001:00002112       ?QueryInterface@?$CComContainedObject@VCOPOSSmartCardRW@@@ATL@@WJM@AGJABU_GUID@@PAPAX@Z 10003112 f i SmartCardRW.obj
 0001:0000211f       ?AddRef@?$CComContainedObject@VCOPOSSmartCardRW@@@ATL@@WJM@AGKXZ 1000311f f i SmartCardRW.obj
 0001:0000212c       ?Release@?$CComContainedObject@VCOPOSSmartCardRW@@@ATL@@WJM@AGKXZ 1000312c f i SmartCardRW.obj
 0001:00002139       ?QueryInterface@?$CComContainedObject@VCOPOSSmartCardRW@@@ATL@@WKA@AGJABU_GUID@@PAPAX@Z 10003139 f i SmartCardRW.obj
 0001:00002146       ?AddRef@?$CComContainedObject@VCOPOSSmartCardRW@@@ATL@@WKA@AGKXZ 10003146 f i SmartCardRW.obj
 0001:00002153       ?Release@?$CComContainedObject@VCOPOSSmartCardRW@@@ATL@@WKA@AGKXZ 10003153 f i SmartCardRW.obj
 0001:00002160       ?AddRef@?$CComContainedObject@VCOPOSSmartCardRW@@@ATL@@WKI@AGKXZ 10003160 f i SmartCardRW.obj
 0001:0000216d       ?Release@?$CComContainedObject@VCOPOSSmartCardRW@@@ATL@@WKI@AGKXZ 1000316d f i SmartCardRW.obj
 0001:0000217a       ?AddRef@?$CComContainedObject@VCOPOSSmartCardRW@@@ATL@@WLE@AGKXZ 1000317a f i SmartCardRW.obj
 0001:00002187       ?Release@?$CComContainedObject@VCOPOSSmartCardRW@@@ATL@@WLE@AGKXZ 10003187 f i SmartCardRW.obj
 0001:00002194       ?Lock@CAtlModule@ATL@@UAEJXZ 10003194 f i SmartCardRW.obj
 0001:0000219e       ?Unlock@CAtlModule@ATL@@UAEJXZ 1000319e f i SmartCardRW.obj
 0001:000021a8       ?GetLockCount@CAtlModule@ATL@@UAEJXZ 100031a8 f i SmartCardRW.obj
 0001:000021ac       ?GetGITPtr@CAtlModule@ATL@@UAEJPAPAUIGlobalInterfaceTable@@@Z 100031ac f i SmartCardRW.obj
 0001:000021f8       ?GetWindowProc@?$CWindowImplBaseT@VCWindow@ATL@@V?$CWinTraits@$0FGAAAAAA@$0A@@2@@ATL@@UAEP6GJPAUHWND__@@IIJ@ZXZ 100031f8 f i SmartCardRW.obj
 0001:000021fe       ?StartWindowProc@?$CWindowImplBaseT@VCWindow@ATL@@V?$CWinTraits@$0FGAAAAAA@$0A@@2@@ATL@@SGJPAUHWND__@@IIJ@Z 100031fe f i SmartCardRW.obj
 0001:00002252       ?AddCommonRGSReplacements@?$CAtlModuleT@VCComModule@ATL@@@ATL@@UAEJPAUIRegistrarBase@@@Z 10003252 f i SmartCardRW.obj
 0001:0000226c       ?GetTypeInfoCount@?$IDispatchImpl@UIOPOSSmartCardRW@@$1?IID_IOPOSSmartCardRW@@3U_GUID@@B$1?LIBID_OposSmartCardRW_CCO@@3U3@B$00$0A@VCComTypeInfoHolder@ATL@@@ATL@@UAGJPAI@Z 1000326c f i SmartCardRW.obj
 0001:00002289       ?GetTypeInfo@?$IDispatchImpl@UIOPOSSmartCardRW@@$1?IID_IOPOSSmartCardRW@@3U_GUID@@B$1?LIBID_OposSmartCardRW_CCO@@3U3@B$00$0A@VCComTypeInfoHolder@ATL@@@ATL@@UAGJIKPAPAUITypeInfo@@@Z 10003289 f i SmartCardRW.obj
 0001:000022ad       ?GetIDsOfNames@?$IDispatchImpl@UIOPOSSmartCardRW@@$1?IID_IOPOSSmartCardRW@@3U_GUID@@B$1?LIBID_OposSmartCardRW_CCO@@3U3@B$00$0A@VCComTypeInfoHolder@ATL@@@ATL@@UAGJABU_GUID@@PAPA_WIKPAJ@Z 100032ad f i SmartCardRW.obj
 0001:000022cd       ?Invoke@?$IDispatchImpl@UIOPOSSmartCardRW@@$1?IID_IOPOSSmartCardRW@@3U_GUID@@B$1?LIBID_OposSmartCardRW_CCO@@3U3@B$00$0A@VCComTypeInfoHolder@ATL@@@ATL@@UAGJJABU_GUID@@KGPAUtagDISPPARAMS@@PAUtagVARIANT@@PAUtagEXCEPINFO@@PAI@Z 100032cd f i SmartCardRW.obj
 0001:000022db       ?UpdateRegistryFromResourceD@CComModule@ATL@@UAGJPB_WHPAU_ATL_REGMAP_ENTRY@2@@Z 100032db f i SmartCardRW.obj
 0001:000022db       ?UpdateRegistryFromResourceD@CComModule@ATL@@UAGJIHPAU_ATL_REGMAP_ENTRY@2@@Z 100032db f i SmartCardRW.obj
 0001:000022e3       ?UpdateRegistryFromResource@CComModule@ATL@@UAGJPB_WHPAU_ATL_REGMAP_ENTRY@2@@Z 100032e3 f i SmartCardRW.obj
 0001:000022ec       ?UpdateRegistryFromResource@CComModule@ATL@@UAGJIHPAU_ATL_REGMAP_ENTRY@2@@Z 100032ec f i SmartCardRW.obj
 0001:000022f5       ?CreateControlWindow@?$CComControl@VCOPOSSmartCardRW@@V?$CWindowImpl@VCOPOSSmartCardRW@@VCWindow@ATL@@V?$CWinTraits@$0FGAAAAAA@$0A@@3@@ATL@@@ATL@@UAEPAUHWND__@@PAU3@AAUtagRECT@@@Z 100032f5 f i SmartCardRW.obj
 0001:00002324       ?ControlQueryInterface@?$CComControl@VCOPOSSmartCardRW@@V?$CWindowImpl@VCOPOSSmartCardRW@@VCWindow@ATL@@V?$CWinTraits@$0FGAAAAAA@$0A@@3@@ATL@@@ATL@@UAEJABU_GUID@@PAPAX@Z 10003324 f i SmartCardRW.obj
 0001:0000233f       ??_ECComModule@ATL@@UAEPAXI@Z 1000333f f i SmartCardRW.obj
 0001:0000233f       ??_GCComModule@ATL@@UAEPAXI@Z 1000333f f i SmartCardRW.obj
 0001:00002367       ?IsDirty@?$IPersistStreamInitImpl@VCOPOSSmartCardRW@@@ATL@@UAGJXZ 10003367 f i SmartCardRW.obj
 0001:00002386       ?Load@?$IPersistStreamInitImpl@VCOPOSSmartCardRW@@@ATL@@UAGJPAUIStream@@@Z 10003386 f i SmartCardRW.obj
 0001:000023a5       ?Save@?$IPersistStreamInitImpl@VCOPOSSmartCardRW@@@ATL@@UAGJPAUIStream@@H@Z 100033a5 f i SmartCardRW.obj
 0001:000023c7       ?GetSizeMax@?$IPersistStreamInitImpl@VCOPOSSmartCardRW@@@ATL@@UAGJPAT_ULARGE_INTEGER@@@Z 100033c7 f i SmartCardRW.obj
 0001:0000257c       ?InitNew@?$IPersistStreamInitImpl@VCOPOSSmartCardRW@@@ATL@@UAGJXZ 1000357c f i SmartCardRW.obj
 0001:00002599       ?SetClientSite@?$IOleObjectImpl@VCOPOSSmartCardRW@@@ATL@@UAGJPAUIOleClientSite@@@Z 10003599 f i SmartCardRW.obj
 0001:000025b6       ?GetClientSite@?$IOleObjectImpl@VCOPOSSmartCardRW@@@ATL@@UAGJPAPAUIOleClientSite@@@Z 100035b6 f i SmartCardRW.obj
 0001:000025d3       ?SetHostNames@?$IOleObjectImpl@VCOPOSSmartCardRW@@@ATL@@UAGJPB_W0@Z 100035d3 f i SmartCardRW.obj
 0001:000025d8       ?Close@?$IOleObjectImpl@VCOPOSSmartCardRW@@@ATL@@UAGJK@Z 100035d8 f i SmartCardRW.obj
 0001:000025f5       ?DoVerb@?$IOleObjectImpl@VCOPOSSmartCardRW@@@ATL@@UAGJJPAUtagMSG@@PAUIOleClientSite@@JPAUHWND__@@PBUtagRECT@@@Z 100035f5 f i SmartCardRW.obj
 0001:0000270d       ?EnumVerbs@?$IOleObjectImpl@VCOPOSSmartCardRW@@@ATL@@UAGJPAPAUIEnumOLEVERB@@@Z 1000370d f i SmartCardRW.obj
 0001:0000272f       ?GetUserType@?$IOleObjectImpl@VCOPOSSmartCardRW@@@ATL@@UAGJKPAPA_W@Z 1000372f f i SmartCardRW.obj
 0001:00002747       ?SetExtent@?$IOleObjectImpl@VCOPOSSmartCardRW@@@ATL@@UAGJKPAUtagSIZE@@@Z 10003747 f i SmartCardRW.obj
 0001:00002767       ?GetExtent@?$IOleObjectImpl@VCOPOSSmartCardRW@@@ATL@@UAGJKPAUtagSIZE@@@Z 10003767 f i SmartCardRW.obj
 0001:000027a5       ?Advise@?$IOleObjectImpl@VCOPOSSmartCardRW@@@ATL@@UAGJPAUIAdviseSink@@PAK@Z 100037a5 f i SmartCardRW.obj
 0001:000027c5       ?Unadvise@?$IOleObjectImpl@VCOPOSSmartCardRW@@@ATL@@UAGJK@Z 100037c5 f i SmartCardRW.obj
 0001:000027f4       ?EnumAdvise@?$IOleObjectImpl@VCOPOSSmartCardRW@@@ATL@@UAGJPAPAUIEnumSTATDATA@@@Z 100037f4 f i SmartCardRW.obj
 0001:00002834       ?GetMiscStatus@?$IOleObjectImpl@VCOPOSSmartCardRW@@@ATL@@UAGJKPAK@Z 10003834 f i SmartCardRW.obj
 0001:0000284c       ?GetWindow@?$IOleInPlaceActiveObjectImpl@VCOPOSSmartCardRW@@@ATL@@UAGJPAPAUHWND__@@@Z 1000384c f i SmartCardRW.obj
 0001:00002899       ?TranslateAcceleratorW@?$IOleInPlaceActiveObjectImpl@VCOPOSSmartCardRW@@@ATL@@UAGJPAUtagMSG@@@Z 10003899 f i SmartCardRW.obj
 0001:00002937       ?OnDocWindowActivate@?$IOleInPlaceActiveObjectImpl@VCOPOSSmartCardRW@@@ATL@@UAGJH@Z 10003937 f i SmartCardRW.obj
 0001:00002959       ?ResizeBorder@?$IOleInPlaceActiveObjectImpl@VCOPOSSmartCardRW@@@ATL@@UAGJPBUtagRECT@@PAUIOleInPlaceUIWindow@@H@Z 10003959 f i SmartCardRW.obj
 0001:0000295e       ??$?4UITypeInfo2@@@?$CComPtr@UITypeInfo@@@ATL@@QAEPAUITypeInfo@@ABV?$CComPtr@UITypeInfo2@@@1@@Z 1000395e f i SmartCardRW.obj
 0001:0000298b       ??$AtlAdd@K@ATL@@YAJPAKKK@Z 1000398b f i SmartCardRW.obj
 0001:000029ae       ??$AtlAdd@_K@ATL@@YAJPA_K_K1@Z 100039ae f i SmartCardRW.obj
 0001:000029e6       ??$AtlAddThrow@K@ATL@@YAKKK@Z 100039e6 f i SmartCardRW.obj
 0001:00002a0c       ??$AtlModuleRegisterWndClassInfoT@VAtlModuleRegisterWndClassInfoParamW@ATL@@@ATL@@YAGPAU_ATL_BASE_MODULE70@0@PAU_ATL_WIN_MODULE70@0@PAU_ATL_WNDCLASSINFOW@0@PAP6GJPAUHWND__@@IIJ@ZVAtlModuleRegisterWndClassInfoParamW@0@@Z 10003a0c f i SmartCardRW.obj
 0001:00002b5a       ??$AtlMultiply@H@ATL@@YAJPAHHH@Z 10003b5a f i SmartCardRW.obj
 0001:00002b92       ??$AtlMultiply@I@ATL@@YAJPAIII@Z 10003b92 f i SmartCardRW.obj
 0001:00002b92       ??$AtlMultiply@K@ATL@@YAJPAKKK@Z 10003b92 f i SmartCardRW.obj
 0001:00002bb4       ??$AtlMultiplyThrow@I@ATL@@YAIII@Z 10003bb4 f i SmartCardRW.obj
 0001:00002bda       ??0?$CComAggObject@VCOPOSSmartCardRW@@@ATL@@QAE@PAX@Z 10003bda f i SmartCardRW.obj
 0001:00002c07       ??0?$CComContainedObject@VCOPOSSmartCardRW@@@ATL@@QAE@PAX@Z 10003c07 f i SmartCardRW.obj
 0001:00002cc0       ??0?$CComObject@V?$CComEnum@UIEnumConnectionPoints@@$1?_GUID_b196b285_bab4_101a_b69c_00aa00341d07@@3U__s_GUID@@BPAUIConnectionPoint@@V?$_CopyInterface@UIConnectionPoint@@@ATL@@VCComSingleThreadModel@6@@ATL@@@ATL@@QAE@PAX@Z 10003cc0 f i SmartCardRW.obj
 0001:00002cee       ??0?$CComObject@V?$CComEnum@UIEnumConnections@@$1?_GUID_b196b287_bab4_101a_b69c_00aa00341d07@@3U__s_GUID@@BUtagCONNECTDATA@@V?$_Copy@UtagCONNECTDATA@@@ATL@@VCComSingleThreadModel@6@@ATL@@@ATL@@QAE@PAX@Z 10003cee f i SmartCardRW.obj
 0001:00002d1c       ??0?$CComObject@VCOPOSSmartCardRW@@@ATL@@QAE@PAX@Z 10003d1c f i SmartCardRW.obj
 0001:00002dd3       ??0?$CComQIPtr@UIOleControlSite@@$1?_GUID_b196b289_bab4_101a_b69c_00aa00341d07@@3U__s_GUID@@B@ATL@@QAE@PAUIUnknown@@@Z 10003dd3 f i SmartCardRW.obj
 0001:00002dfc       ??0CAtlModule@ATL@@QAE@XZ  10003dfc f i SmartCardRW.obj
 0001:00002e3d       ??0CParseBuffer@CRegParser@ATL@@QAE@H@Z 10003e3d f i SmartCardRW.obj
 0001:00002e73       ??0_ATL_MSG@ATL@@QAE@PAUHWND__@@IIJH@Z 10003e73 f i SmartCardRW.obj
 0001:00002eab       ??1?$CComAggObject@VCOPOSSmartCardRW@@@ATL@@UAE@XZ 10003eab f i SmartCardRW.obj
 0001:00002ecf       ??1?$CComEnumImpl@UIEnumConnectionPoints@@$1?_GUID_b196b285_bab4_101a_b69c_00aa00341d07@@3U__s_GUID@@BPAUIConnectionPoint@@V?$_CopyInterface@UIConnectionPoint@@@ATL@@@ATL@@UAE@XZ 10003ecf f i SmartCardRW.obj
 0001:00002f0f       ??1?$CComEnumImpl@UIEnumConnections@@$1?_GUID_b196b287_bab4_101a_b69c_00aa00341d07@@3U__s_GUID@@BUtagCONNECTDATA@@V?$_Copy@UtagCONNECTDATA@@@ATL@@@ATL@@UAE@XZ 10003f0f f i SmartCardRW.obj
 0001:00002f4f       ??1?$CComObject@V?$CComEnum@UIEnumConnectionPoints@@$1?_GUID_b196b285_bab4_101a_b69c_00aa00341d07@@3U__s_GUID@@BPAUIConnectionPoint@@V?$_CopyInterface@UIConnectionPoint@@@ATL@@VCComSingleThreadModel@6@@ATL@@@ATL@@UAE@XZ 10003f4f f i SmartCardRW.obj
 0001:00002f72       ??1?$CComObject@V?$CComEnum@UIEnumConnections@@$1?_GUID_b196b287_bab4_101a_b69c_00aa00341d07@@3U__s_GUID@@BUtagCONNECTDATA@@V?$_Copy@UtagCONNECTDATA@@@ATL@@VCComSingleThreadModel@6@@ATL@@@ATL@@UAE@XZ 10003f72 f i SmartCardRW.obj
 0001:00002f95       ??1?$CComObject@VCOPOSSmartCardRW@@@ATL@@UAE@XZ 10003f95 f i SmartCardRW.obj
 0001:00003053       ??1?$CComObjectCached@VCComClassFactory@ATL@@@ATL@@UAE@XZ 10004053 f i SmartCardRW.obj
 0001:00003069       ??1?$CComObjectRootEx@VCComMultiThreadModel@ATL@@@ATL@@QAE@XZ 10004069 f i SmartCardRW.obj
 0001:0000307e       ??1CRegObject@ATL@@UAE@XZ  1000407e f i SmartCardRW.obj
 0001:0000309e       ??4?$CComPtr@UIOleClientSite@@@ATL@@QAEPAUIOleClientSite@@PAU2@@Z 1000409e f i SmartCardRW.obj
 0001:0000309e       ??4?$CComPtr@UIUnknown@@@ATL@@QAEPAUIUnknown@@PAU2@@Z 1000409e f i SmartCardRW.obj
 0001:0000309e       ??4?$CComPtr@UIAdviseSink@@@ATL@@QAEPAUIAdviseSink@@PAU2@@Z 1000409e f i SmartCardRW.obj
 0001:000030d2       ??4?$CComQIPtr@UIOleObject@@$1?_GUID_00000112_0000_0000_c000_000000000046@@3U__s_GUID@@B@ATL@@QAEPAUIOleObject@@PAUIUnknown@@@Z 100040d2 f i SmartCardRW.obj
 0001:000030f7       ??4?$CComQIPtr@UISpecifyPropertyPages@@$1?_GUID_b196b28b_bab4_101a_b69c_00aa00341d07@@3U__s_GUID@@B@ATL@@QAEPAUISpecifyPropertyPages@@PAUIUnknown@@@Z 100040f7 f i SmartCardRW.obj
 0001:0000311c       ??_E?$CComContainedObject@VCOPOSSmartCardRW@@@ATL@@UAEPAXI@Z 1000411c f i SmartCardRW.obj
 0001:0000311c       ??_G?$CComContainedObject@VCOPOSSmartCardRW@@@ATL@@UAEPAXI@Z 1000411c f i SmartCardRW.obj
 0001:00003141       ??_E?$CComObject@VCOPOSSmartCardRW@@@ATL@@UAEPAXI@Z 10004141 f i SmartCardRW.obj
 0001:00003141       ??_G?$CComObject@VCOPOSSmartCardRW@@@ATL@@UAEPAXI@Z 10004141 f i SmartCardRW.obj
 0001:00003166       ?Add@?$CSimpleArray@GV?$CSimpleArrayEqualHelper@G@ATL@@@ATL@@QAEHABG@Z 10004166 f i SmartCardRW.obj
 0001:000031ea       ?Add@?$CSimpleMap@PA_WPA_WVCExpansionVectorEqualHelper@ATL@@@ATL@@QAEHABQA_W0@Z 100041ea f i SmartCardRW.obj
 0001:0000323f       ?Add@CComDynamicUnkArray@ATL@@QAEKPAUIUnknown@@@Z 1000423f f i SmartCardRW.obj
 0001:000032fa       ?Add@CExpansionVector@ATL@@QAEHPB_W0@Z 100042fa f i SmartCardRW.obj
 0001:000033fe       ?AddString@CParseBuffer@CRegParser@ATL@@QAEHPB_W@Z 100043fe f i SmartCardRW.obj
 0001:00003433       ?AddValue@CRegParser@ATL@@IAEJAAVCRegKey@2@PB_WPA_W@Z 10004433 f i SmartCardRW.obj
 0001:00003754       ?Allocate@?$CAtlSafeAllocBufferManager@VCCRTAllocator@ATL@@@_ATL_SAFE_ALLOCA_IMPL@ATL@@QAEPAXK@Z 10004754 f i SmartCardRW.obj
 0001:00003781       ?Allocate@?$CTempBuffer@E$0BAA@VCCRTAllocator@ATL@@@ATL@@QAEPAEI@Z 10004781 f i SmartCardRW.obj
 0001:000037b0       ?Allocate@?$CTempBuffer@_W$0BAA@VCCRTAllocator@ATL@@@ATL@@QAEPA_WI@Z 100047b0 f i SmartCardRW.obj
 0001:000037df       ?Allocate@?$CTempBuffer@_W$0EAA@VCCRTAllocator@ATL@@@ATL@@QAEPA_WI@Z 100047df f i SmartCardRW.obj
 0001:0000380e       ?AllocateHeap@?$CTempBuffer@_W$0BAA@VCCRTAllocator@ATL@@@ATL@@AAEXI@Z 1000480e f i SmartCardRW.obj
 0001:0000380e       ?AllocateHeap@?$CTempBuffer@E$0BAA@VCCRTAllocator@ATL@@@ATL@@AAEXI@Z 1000480e f i SmartCardRW.obj
 0001:0000380e       ?AllocateHeap@?$CTempBuffer@_W$0EAA@VCCRTAllocator@ATL@@@ATL@@AAEXI@Z 1000480e f i SmartCardRW.obj
 0001:00003833       ?Append@CParseBuffer@CRegParser@ATL@@QAEHPB_WH@Z 10004833 f i SmartCardRW.obj
 0001:000038c1       ?AtlCallTermFunc@ATL@@YGXPAU_ATL_MODULE70@1@@Z 100048c1 f i SmartCardRW.obj
 0001:00003905       ?AtlCoTaskMemCAlloc@ATL@@YAPAXKK@Z 10004905 f i SmartCardRW.obj
 0001:00003932       ?AtlCoTaskMemRecalloc@ATL@@YAPAXPAXKK@Z 10004932 f i SmartCardRW.obj
 0001:00003962       ?AtlComModuleGetClassObject@ATL@@YGJPAU_ATL_COM_MODULE70@1@ABU_GUID@@1PAPAX@Z 10004962 f i SmartCardRW.obj
 0001:00003a55       ?AtlComModuleRegisterServer@ATL@@YGJPAU_ATL_COM_MODULE70@1@HPBU_GUID@@@Z 10004a55 f i SmartCardRW.obj
 0001:00003add       ?AtlComModuleUnregisterServer@ATL@@YGJPAU_ATL_COM_MODULE70@1@HPBU_GUID@@@Z 10004add f i SmartCardRW.obj
 0001:00003b65       ?AtlComQIPtrAssign2@ATL@@YAXPAPAUIUnknown@@PAU2@ABU_GUID@@@Z 10004b65 f i SmartCardRW.obj
 0001:00003b94       ?AtlCreateTargetDC@ATL@@YGPAUHDC__@@PAU2@PAUtagDVTARGETDEVICE@@@Z 10004b94 f i SmartCardRW.obj
 0001:00003bfd       ?AtlCrtErrorCheck@ATL@@YAHH@Z 10004bfd f i SmartCardRW.obj
 0001:00003c38       ?AtlHiMetricToPixel@ATL@@YGXPBUtagSIZE@@PAU2@@Z 10004c38 f i SmartCardRW.obj
 0001:00003cad       ?AtlHresultFromLastError@ATL@@YAJXZ 10004cad f i SmartCardRW.obj
 0001:00003cc4       ?AtlHresultFromWin32@ATL@@YAJK@Z 10004cc4 f i SmartCardRW.obj
 0001:00003cd9       ?AtlIPersistStreamInit_Load@ATL@@YGJPAUIStream@@PBUATL_PROPMAP_ENTRY@1@PAXPAUIUnknown@@@Z 10004cd9 f i SmartCardRW.obj
 0001:00003eb9       ?AtlIPersistStreamInit_Save@ATL@@YGJPAUIStream@@HPBUATL_PROPMAP_ENTRY@1@PAXPAUIUnknown@@@Z 10004eb9 f i SmartCardRW.obj
 0001:00004051       ?AtlInternalOleLoadFromStream@ATL@@YAJPAUIStream@@ABU_GUID@@PAPAXTClassesAllowedInStream@1@K@Z 10005051 f i SmartCardRW.obj
 0001:00004177       ?AtlInternalQueryInterface@ATL@@YGJPAXPBU_ATL_INTMAP_ENTRY@1@ABU_GUID@@PAPAX@Z 10005177 f i SmartCardRW.obj
 0001:0000421a       ?AtlLoadTypeLib@ATL@@YGJPAUHINSTANCE__@@PB_WPAPA_WPAPAUITypeLib@@@Z 1000521a f i SmartCardRW.obj
 0001:000043f8       ?AtlModuleAddTermFunc@ATL@@YGJPAU_ATL_MODULE70@1@P6GXK@ZK@Z 100053f8 f i SmartCardRW.obj
 0001:00004455       ?AtlRegisterClassCategoriesHelper@ATL@@YGJABU_GUID@@PBU_ATL_CATMAP_ENTRY@1@H@Z 10005455 f i SmartCardRW.obj
 0001:00004735       ?AtlRegisterTypeLib@ATL@@YGJPAUHINSTANCE__@@PB_W@Z 10005735 f i SmartCardRW.obj
 0001:000048bd       ?AtlThrowImpl@ATL@@YGXJ@Z  100058bd f i SmartCardRW.obj
 0001:000048db       ?AtlUnRegisterTypeLib@ATL@@YGJPAUHINSTANCE__@@PB_W@Z 100058db f i SmartCardRW.obj
 0001:00004986       ?AtlWinModuleAddCreateWndData@ATL@@YGXPAU_ATL_WIN_MODULE70@1@PAU_AtlCreateWndData@1@PAX@Z 10005986 f i SmartCardRW.obj
 0001:000049da       ?AtlWinModuleExtractCreateWndData@ATL@@YGPAXPAU_ATL_WIN_MODULE70@1@@Z 100059da f i SmartCardRW.obj
 0001:00004a3d       ?AtlWinModuleRegisterClassExW@ATL@@YGGPAU_ATL_WIN_MODULE70@1@PBUtagWNDCLASSEXW@@@Z 10005a3d f i SmartCardRW.obj
 0001:00004a7c       ?CanForceRemoveKey@CRegParser@ATL@@IAEHPB_W@Z 10005a7c f i SmartCardRW.obj
 0001:00004aab       ?ChToByte@CRegParser@ATL@@KAE_W@Z 10005aab f i SmartCardRW.obj
 0001:00004ade       ?Cleanup@CComTypeInfoHolder@ATL@@SGXK@Z 10005ade f i SmartCardRW.obj
 0001:00004b11       ?ClearReplacements@CExpansionVector@ATL@@QAEJXZ 10005b11 f i SmartCardRW.obj
 0001:00004b4e       ?Close@CRegKey@ATL@@QAEJXZ 10005b4e f i SmartCardRW.obj
 0001:00004b68       ?Create@?$CWindowImpl@VCOPOSSmartCardRW@@VCWindow@ATL@@V?$CWinTraits@$0FGAAAAAA@$0A@@3@@ATL@@QAEPAUHWND__@@PAU3@V_U_RECT@2@PB_WKKV_U_MENUorID@2@PAX@Z 10005b68 f i SmartCardRW.obj
 0001:00004bac       ?Create@?$CWindowImplBaseT@VCWindow@ATL@@V?$CWinTraits@$0FGAAAAAA@$0A@@2@@ATL@@QAEPAUHWND__@@PAU3@V_U_RECT@2@PB_WKKV_U_MENUorID@2@GPAX@Z 10005bac f i SmartCardRW.obj
 0001:00004c48       ?Create@CRegKey@ATL@@QAEJPAUHKEY__@@PB_WPA_WKKPAU_SECURITY_ATTRIBUTES@@PAK@Z 10005c48 f i SmartCardRW.obj
 0001:00004cab       ?CreateInstance@?$CComCreator@V?$CComAggObject@VCOPOSSmartCardRW@@@ATL@@@ATL@@SGJPAXABU_GUID@@PAPAX@Z 10005cab f i SmartCardRW.obj
 0001:00004d21       ?CreateInstance@?$CComCreator@V?$CComObject@VCOPOSSmartCardRW@@@ATL@@@ATL@@SGJPAXABU_GUID@@PAPAX@Z 10005d21 f i SmartCardRW.obj
 0001:00004da2       ?CreateInstance@?$CComObject@V?$CComEnum@UIEnumConnectionPoints@@$1?_GUID_b196b285_bab4_101a_b69c_00aa00341d07@@3U__s_GUID@@BPAUIConnectionPoint@@V?$_CopyInterface@UIConnectionPoint@@@ATL@@VCComSingleThreadModel@6@@ATL@@@ATL@@SGJPAPAV12@@Z 10005da2 f i SmartCardRW.obj
 0001:00004de9       ?CreateInstance@?$CComObject@V?$CComEnum@UIEnumConnections@@$1?_GUID_b196b287_bab4_101a_b69c_00aa00341d07@@3U__s_GUID@@BUtagCONNECTDATA@@V?$_Copy@UtagCONNECTDATA@@@ATL@@VCComSingleThreadModel@6@@ATL@@@ATL@@SGJPAPAV12@@Z 10005de9 f i SmartCardRW.obj
 0001:00004e30       ?DefaultReflectionHandler@?$CWindowImplRoot@VCWindow@ATL@@@ATL@@SAHPAUHWND__@@IIJAAJ@Z 10005e30 f i SmartCardRW.obj
 0001:00004ea3       ?DeleteSubKey@CRegKey@ATL@@QAEJPB_W@Z 10005ea3 f i SmartCardRW.obj
 0001:00004ec6       ?DoEvent@COPOSSmartCardRW@@IAEXIIJ@Z 10005ec6 f i SmartCardRW.obj
 0001:00004f46       ?DoVerbHide@?$IOleObjectImpl@VCOPOSSmartCardRW@@@ATL@@QAEJPBUtagRECT@@PAUHWND__@@@Z 10005f46 f i SmartCardRW.obj
 0001:00004f7c       ?DoVerbInPlaceActivate@?$IOleObjectImpl@VCOPOSSmartCardRW@@@ATL@@QAEJPBUtagRECT@@PAUHWND__@@@Z 10005f7c f i SmartCardRW.obj
 0001:00004faf       ?DoVerbPrimary@?$IOleObjectImpl@VCOPOSSmartCardRW@@@ATL@@QAEJPBUtagRECT@@PAUHWND__@@@Z 10005faf f i SmartCardRW.obj
 0001:0000503b       ?DoVerbProperties@CComControlBase@ATL@@QAEJPBUtagRECT@@PAUHWND__@@@Z 1000603b f i SmartCardRW.obj
 0001:00005162       ?DoVerbShow@?$IOleObjectImpl@VCOPOSSmartCardRW@@@ATL@@QAEJPBUtagRECT@@PAUHWND__@@@Z 10006162 f i SmartCardRW.obj
 0001:00005187       ?DoVerbUIActivate@?$IOleObjectImpl@VCOPOSSmartCardRW@@@ATL@@QAEJPBUtagRECT@@PAUHWND__@@@Z 10006187 f i SmartCardRW.obj
 0001:000051c4       ?DoesVerbActivate@CComControlBase@ATL@@QAEHJ@Z 100061c4 f i SmartCardRW.obj
 0001:000051e5       ?DoesVerbUIActivate@CComControlBase@ATL@@QAEHJ@Z 100061e5 f i SmartCardRW.obj
 0001:0000521a       ?EndOfVar@CRegParser@ATL@@IAEHXZ 1000621a f i SmartCardRW.obj
 0001:0000523a       ?EscapeSingleQuote@CAtlModule@ATL@@SAXPA_WIPB_W@Z 1000623a f i SmartCardRW.obj
 0001:00005289       ?FindKey@?$CSimpleMap@PA_WPA_WVCExpansionVectorEqualHelper@ATL@@@ATL@@QBEHABQA_W@Z 10006289 f i SmartCardRW.obj
 0001:000052c0       ?FireTheEvent@?$CProxy_IOPOSEvents@VCOPOSSmartCardRW@@@@IAEXPAVOposVariant@@IAAJPB_WJ@Z 100062c0 f i SmartCardRW.obj
 0001:00005352       ?FireViewChange@CComControlBase@ATL@@QAEJXZ 10006352 f i SmartCardRW.obj
 0001:0000539b       ?Fire_DataEvent@?$CProxy_IOPOSEvents@VCOPOSSmartCardRW@@@@QAEXJ@Z 1000639b f i SmartCardRW.obj
 0001:00005427       ?Fire_DirectIOEvent@?$CProxy_IOPOSEvents@VCOPOSSmartCardRW@@@@QAEXJPAJPAPA_W@Z 10006427 f i SmartCardRW.obj
 0001:0000550d       ?Fire_ErrorEvent@?$CProxy_IOPOSEvents@VCOPOSSmartCardRW@@@@QAEXJJJPAJ@Z 1000650d f i SmartCardRW.obj
 0001:000055f4       ?Fire_OutputCompleteEvent@?$CProxy_IOPOSEvents@VCOPOSSmartCardRW@@@@QAEXJ@Z 100065f4 f i SmartCardRW.obj
 0001:00005680       ?Fire_StatusUpdateEvent@?$CProxy_IOPOSEvents@VCOPOSSmartCardRW@@@@QAEXJ@Z 10006680 f i SmartCardRW.obj
 0001:0000570c       ?FreeHeap@?$CTempBuffer@_W$0EAA@VCCRTAllocator@ATL@@@ATL@@AAEXXZ 1000670c f i SmartCardRW.obj
 0001:0000570c       ?FreeHeap@?$CTempBuffer@E$0BAA@VCCRTAllocator@ATL@@@ATL@@AAEXXZ 1000670c f i SmartCardRW.obj
 0001:0000570c       ?FreeHeap@?$CTempBuffer@_W$0BAA@VCCRTAllocator@ATL@@@ATL@@AAEXXZ 1000670c f i SmartCardRW.obj
 0001:00005715       ?GetAmbientLocaleID@CComControlBase@ATL@@QAEJAAK@Z 10006715 f i SmartCardRW.obj
 0001:00005771       ?GetAmbientUserMode@CComControlBase@ATL@@QAEJAAH@Z 10006771 f i SmartCardRW.obj
 0001:000057e1       ?GetAt@CComDynamicUnkArray@ATL@@QAEPAUIUnknown@@H@Z 100067e1 f i SmartCardRW.obj
 0001:000057fd       ?GetClassObject@CComModule@ATL@@QAEJABU_GUID@@0PAPAX@Z 100067fd f i SmartCardRW.obj
 0001:0000589f       ?GetConnMap@COPOSSmartCardRW@@SAPBU_ATL_CONNMAP_ENTRY@ATL@@PAH@Z 1000689f f i SmartCardRW.obj
 0001:0000590f       ?GetCookie@CComDynamicUnkArray@ATL@@QAGKPAPAUIUnknown@@@Z 1000690f f i SmartCardRW.obj
 0001:00005947       ?GetIDsOfNames@CComTypeInfoHolder@ATL@@QAEJABU_GUID@@PAPA_WIKPAJ@Z 10006947 f i SmartCardRW.obj
 0001:00005a55       ?GetKeyAt@?$CSimpleMap@PA_WPA_WVCExpansionVectorEqualHelper@ATL@@@ATL@@QBEAAPA_WH@Z 10006a55 f i SmartCardRW.obj
 0001:00005a7a       ?GetPagesHelper@?$ISpecifyPropertyPagesImpl@VCOPOSSmartCardRW@@@ATL@@IAEJPAUtagCAUUID@@PBUATL_PROPMAP_ENTRY@2@@Z 10006a7a f i SmartCardRW.obj
 0001:00005ba1       ?GetProperty@?$CComPtr@UIDispatch@@@ATL@@SAJPAUIDispatch@@JPAUtagVARIANT@@@Z 10006ba1 f i SmartCardRW.obj
 0001:00005bf0       ?GetSizeMax@CComVariant@ATL@@QBEJPAT_ULARGE_INTEGER@@@Z 10006bf0 f i SmartCardRW.obj
 0001:00005daa       ?GetStreamSize@CComBSTR@ATL@@SAKPA_W@Z 10006daa f i SmartCardRW.obj
 0001:00005dc4       ?GetTI@CComTypeInfoHolder@ATL@@QAEJK@Z 10006dc4 f i SmartCardRW.obj
 0001:00005fad       ?GetTI@CComTypeInfoHolder@ATL@@QAEJKPAPAUITypeInfo@@@Z 10006fad f i SmartCardRW.obj
 0001:00005fef       ?GetUnknown@CComDynamicUnkArray@ATL@@QAGPAUIUnknown@@K@Z 10006fef f i SmartCardRW.obj
 0001:00006010       ?GetValueAt@?$CSimpleMap@PA_WPA_WVCExpansionVectorEqualHelper@ATL@@@ATL@@QBEAAPA_WH@Z 10007010 f i SmartCardRW.obj
 0001:00006036       ?GetZoomInfo@CComControlBase@ATL@@QAEXAAUATL_DRAWINFO@@@Z 10007036 f i SmartCardRW.obj
 0001:000060c9       ?HKeyFromString@CRegParser@ATL@@KAPAUHKEY__@@PA_W@Z 100070c9 f i SmartCardRW.obj
 0001:000060f7       ?HasSubKeys@CRegParser@ATL@@IAEHPAUHKEY__@@@Z 100070f7 f i SmartCardRW.obj
 0001:0000612c       ?IDataObject_GetData@CComControlBase@ATL@@QAEJPAUtagFORMATETC@@PAUtagSTGMEDIUM@@@Z 1000712c f i SmartCardRW.obj
 0001:000062d2       ?IOleInPlaceObject_InPlaceDeactivate@CComControlBase@ATL@@QAEJXZ 100072d2 f i SmartCardRW.obj
 0001:00006359       ?IOleInPlaceObject_SetObjectRects@CComControlBase@ATL@@QAEJPBUtagRECT@@0@Z 10007359 f i SmartCardRW.obj
 0001:00006426       ?IOleInPlaceObject_UIDeactivate@CComControlBase@ATL@@QAEJXZ 10007426 f i SmartCardRW.obj
 0001:000064e8       ?IOleObject_Advise@CComControlBase@ATL@@QAEJPAUIAdviseSink@@PAK@Z 100074e8 f i SmartCardRW.obj
 0001:00006512       ?IOleObject_Close@CComControlBase@ATL@@QAEJK@Z 10007512 f i SmartCardRW.obj
 0001:000065f6       ?IOleObject_GetClientSite@CComControlBase@ATL@@QAEJPAPAUIOleClientSite@@@Z 100075f6 f i SmartCardRW.obj
 0001:0000661f       ?IOleObject_SetClientSite@CComControlBase@ATL@@QAEJPAUIOleClientSite@@@Z 1000761f f i SmartCardRW.obj
 0001:0000665e       ?IOleObject_SetExtent@CComControlBase@ATL@@QAEJKPAUtagSIZE@@@Z 1000765e f i SmartCardRW.obj
 0001:00006712       ?IPSI_GetIPersistStreamInit@?$IPersistStorageImpl@VCOPOSSmartCardRW@@@ATL@@AAEPAUIPersistStreamInit@@XZ 10007712 f i SmartCardRW.obj
 0001:00006754       ?IPersistStreamInit_Load@?$IPersistStreamInitImpl@VCOPOSSmartCardRW@@@ATL@@QAEJPAUIStream@@PBUATL_PROPMAP_ENTRY@2@@Z 10007754 f i SmartCardRW.obj
 0001:00006780       ?IPersistStreamInit_Save@?$IPersistStreamInitImpl@VCOPOSSmartCardRW@@@ATL@@QAEJPAUIStream@@HPBUATL_PROPMAP_ENTRY@2@@Z 10007780 f i SmartCardRW.obj
 0001:000067b5       ?IQuickActivate_QuickActivate@CComControlBase@ATL@@QAEJPAUtagQACONTAINER@@PAUtagQACONTROL@@@Z 100077b5 f i SmartCardRW.obj
 0001:000069f7       ?IViewObject_Draw@CComControlBase@ATL@@QAEJKJPAXPAUtagDVTARGETDEVICE@@PAUHDC__@@2PBU_RECTL@@3@Z 100079f7 f i SmartCardRW.obj
 0001:00006a9f       ?InPlaceActivate@CComControlBase@ATL@@QAEJJPBUtagRECT@@@Z 10007a9f f i SmartCardRW.obj
 0001:00006d10       ?Init@?$CComEnumImpl@UIEnumConnectionPoints@@$1?_GUID_b196b285_bab4_101a_b69c_00aa00341d07@@3U__s_GUID@@BPAUIConnectionPoint@@V?$_CopyInterface@UIConnectionPoint@@@ATL@@@ATL@@QAEJPAPAUIConnectionPoint@@0PAUIUnknown@@W4CComEnumFlags@2@@Z 10007d10 f i SmartCardRW.obj
 0001:00006def       ?Init@?$CComEnumImpl@UIEnumConnections@@$1?_GUID_b196b287_bab4_101a_b69c_00aa00341d07@@3U__s_GUID@@BUtagCONNECTDATA@@V?$_Copy@UtagCONNECTDATA@@@ATL@@@ATL@@QAEJPAUtagCONNECTDATA@@0PAUIUnknown@@W4CComEnumFlags@2@@Z 10007def f i SmartCardRW.obj
 0001:00006ece       ?Init@CComModule@ATL@@QAEJPAU_ATL_OBJMAP_ENTRY30@2@PAUHINSTANCE__@@PBU_GUID@@@Z 10007ece f i SmartCardRW.obj
 0001:00006f2d       ?Init@CDynamicStdCallThunk2@ATL@@QAEHKPAX@Z 10007f2d f i SmartCardRW.obj
 0001:00006f58       ?InlineIsEqualUnknown@ATL@@YGHABU_GUID@@@Z 10007f58 f i SmartCardRW.obj
 0001:00006f80       ?InternalGetSite@CComControlBase@ATL@@QAEJABU_GUID@@PAPAX@Z 10007f80 f i SmartCardRW.obj
 0001:00006fae       ?InternalSetAtIndex@?$CSimpleMap@PA_WPA_WVCExpansionVectorEqualHelper@ATL@@@ATL@@QAEXHABQA_W0@Z 10007fae f i SmartCardRW.obj
 0001:00006fd8       ?Invoke@CComTypeInfoHolder@ATL@@QAEJPAUIDispatch@@JABU_GUID@@KGPAUtagDISPPARAMS@@PAUtagVARIANT@@PAUtagEXCEPINFO@@PAI@Z 10007fd8 f i SmartCardRW.obj
 0001:0000701b       ?IsEqualObject@?$CComPtrBase@UIOleClientSite@@@ATL@@QAE_NPAUIUnknown@@@Z 1000801b f i SmartCardRW.obj
 0001:0000701b       ?IsEqualObject@?$CComPtrBase@UITypeInfo@@@ATL@@QAE_NPAUIUnknown@@@Z 1000801b f i SmartCardRW.obj
 0001:00007088       ?IsSpace@CRegParser@ATL@@IAEH_W@Z 10008088 f i SmartCardRW.obj
 0001:000070b2       ?LoadNameCache@CComTypeInfoHolder@ATL@@QAEJPAUITypeInfo@@@Z 100080b2 f i SmartCardRW.obj
 0001:00007200       ?Lookup@?$CSimpleMap@PA_WPA_WVCExpansionVectorEqualHelper@ATL@@@ATL@@QBEPA_WABQA_W@Z 10008200 f i SmartCardRW.obj
 0001:00007226       ?NextToken@CRegParser@ATL@@IAEJPA_W@Z 10008226 f i SmartCardRW.obj
 0001:0000735e       ?OnKillFocus@CComControlBase@ATL@@QAEJIIJAAH@Z 1000835e f i SmartCardRW.obj
 0001:000073b9       ?OnMouseActivate@CComControlBase@ATL@@QAEJIIJAAH@Z 100083b9 f i SmartCardRW.obj
 0001:00007427       ?OnPaint@CComControlBase@ATL@@QAEJIIJAAH@Z 10008427 f i SmartCardRW.obj
 0001:000074d9       ?OnSetFocus@CComControlBase@ATL@@QAEJIIJAAH@Z 100084d9 f i SmartCardRW.obj
 0001:00007562       ?Open@CRegKey@ATL@@QAEJPAUHKEY__@@PB_WK@Z 10008562 f i SmartCardRW.obj
 0001:000075ab       ?PreProcessBuffer@CRegParser@ATL@@QAEJPA_WPAPA_W@Z 100085ab f i SmartCardRW.obj
 0001:00007815       ?ProcessWindowMessage@?$CComControl@VCOPOSSmartCardRW@@V?$CWindowImpl@VCOPOSSmartCardRW@@VCWindow@ATL@@V?$CWinTraits@$0FGAAAAAA@$0A@@3@@ATL@@@ATL@@UAEHPAUHWND__@@IIJAAJK@Z 10008815 f i SmartCardRW.obj
 0001:000078b4       ?PutProperty@?$CComPtr@UIDispatch@@@ATL@@SAJPAUIDispatch@@JPAUtagVARIANT@@@Z 100088b4 f i SmartCardRW.obj
 0001:00007946       ?ReadFromStream@CComBSTR@ATL@@QAEJPAUIStream@@@Z 10008946 f i SmartCardRW.obj
 0001:00007a74       ?ReadFromStream@CComVariant@ATL@@QAEJPAUIStream@@GTClassesAllowedInStream@2@K@Z 10008a74 f i SmartCardRW.obj
 0001:00007bfa       ?RecurseDeleteKey@CRegKey@ATL@@QAEJPB_W@Z 10008bfa f i SmartCardRW.obj
 0001:00007cbc       ?RegCreateKeyExW@CAtlTransactionManager@ATL@@QAEJPAUHKEY__@@PB_WKPA_WKKQAU_SECURITY_ATTRIBUTES@@PAPAU3@PAK@Z 10008cbc f i SmartCardRW.obj
 0001:00007d1f       ?RegDeleteKeyW@CAtlTransactionManager@ATL@@QAEJPAUHKEY__@@PB_W@Z 10008d1f f i SmartCardRW.obj
 0001:00007d71       ?RegOpenKeyExW@CAtlTransactionManager@ATL@@QAEJPAUHKEY__@@PB_WKKPAPAU3@@Z 10008d71 f i SmartCardRW.obj
 0001:00007dc8       ?Register@_ATL_WNDCLASSINFOW@ATL@@QAEGPAP6GJPAUHWND__@@IIJ@Z@Z 10008dc8 f i SmartCardRW.obj
 0001:00007de8       ?RegisterBuffer@CRegParser@ATL@@QAEJPA_WH@Z 10008de8 f i SmartCardRW.obj
 0001:00007f21       ?RegisterFromResource@CRegObject@ATL@@IAEJPB_W00H@Z 10008f21 f i SmartCardRW.obj
 0001:00008057       ?RegisterServer@?$CAtlModuleT@VCComModule@ATL@@@ATL@@QAEJHPBU_GUID@@@Z 10009057 f i SmartCardRW.obj
 0001:00008085       ?RegisterServer@CComModule@ATL@@QAEJHPBU_GUID@@@Z 10009085 f i SmartCardRW.obj
 0001:000080fb       ?RegisterSubkeys@CRegParser@ATL@@IAEJPA_WPAUHKEY__@@HH@Z 100090fb f i SmartCardRW.obj
 0001:000086ca       ?Remove@CComDynamicUnkArray@ATL@@QAEHK@Z 100096ca f i SmartCardRW.obj
 0001:000086f3       ?RemoveAll@?$CSimpleMap@PA_WPA_WVCExpansionVectorEqualHelper@ATL@@@ATL@@QAEXXZ 100096f3 f i SmartCardRW.obj
 0001:0000871f       ?ResourceRegisterSz@CRegObject@ATL@@QAGJPB_W00@Z 1000971f f i SmartCardRW.obj
 0001:0000874c       ?ResourceUnregisterSz@CRegObject@ATL@@QAGJPB_W00@Z 1000974c f i SmartCardRW.obj
 0001:00008779       ?SendOnDataChange@CComControlBase@ATL@@QAEJK@Z 10009779 f i SmartCardRW.obj
 0001:000087c6       ?SetControlFocus@CComControlBase@ATL@@QAEHH@Z 100097c6 f i SmartCardRW.obj
 0001:00008863       ?SetMultiStringValue@CRegKey@ATL@@QAEJPB_W0@Z 10009863 f i SmartCardRW.obj
 0001:000088bf       ?SetStringValue@CRegKey@ATL@@QAEJPB_W0K@Z 100098bf f i SmartCardRW.obj
 0001:00008908       ?SkipAssignment@CRegParser@ATL@@IAEJPA_W@Z 10009908 f i SmartCardRW.obj
 0001:0000896d       ?SkipWhiteSpace@CRegParser@ATL@@IAEXXZ 1000996d f i SmartCardRW.obj
 0001:0000898f       ?StrChrW@CRegParser@ATL@@KAPA_WPA_W_W@Z 1000998f f i SmartCardRW.obj
 0001:000089cc       ?Term@CAtlModule@ATL@@QAEXXZ 100099cc f i SmartCardRW.obj
 0001:00008a05       ?Term@CComModule@ATL@@QAEXXZ 10009a05 f i SmartCardRW.obj
 0001:00008a5d       ?UnregisterServer@?$CAtlModuleT@VCComModule@ATL@@@ATL@@QAEJHPBU_GUID@@@Z 10009a5d f i SmartCardRW.obj
 0001:00008a83       ?UnregisterServer@CComModule@ATL@@QAEJHPBU_GUID@@@Z 10009a83 f i SmartCardRW.obj
 0001:00008af9       ?UpdateRegistryFromResource@CAtlModule@ATL@@QAGJIHPAU_ATL_REGMAP_ENTRY@2@@Z 10009af9 f i SmartCardRW.obj
 0001:00008cc4       ?UpdateRegistryFromResource@CAtlModule@ATL@@QAGJPB_WHPAU_ATL_REGMAP_ENTRY@2@@Z 10009cc4 f i SmartCardRW.obj
 0001:00008e95       ?VTFromRegType@CRegParser@ATL@@KAHPB_WAAG@Z 10009e95 f i SmartCardRW.obj
 0001:00008f02       ?WindowProc@?$CWindowImplBaseT@VCWindow@ATL@@V?$CWinTraits@$0FGAAAAAA@$0A@@2@@ATL@@SGJPAUHWND__@@IIJ@Z 10009f02 f i SmartCardRW.obj
 0001:00008ff4       ?WriteToStream@CComBSTR@ATL@@QAEJPAUIStream@@@Z 10009ff4 f i SmartCardRW.obj
 0001:0000904b       ?WriteToStream@CComVariant@ATL@@QAEJPAUIStream@@@Z 1000a04b f i SmartCardRW.obj
 0001:000091c5       ?WriteToStream@CComVariant@ATL@@QAEJPAUIStream@@G@Z 1000a1c5 f i SmartCardRW.obj
 0001:0000922e       ?_AtlInitialConstruct@?$CComObjectRootEx@VCComMultiThreadModel@ATL@@@ATL@@QAEJXZ 1000a22e f i SmartCardRW.obj
 0001:00009243       ?_AtlVerifyStackAvailable@_ATL_SAFE_ALLOCA_IMPL@ATL@@YA_NK@Z 1000a243 f i SmartCardRW.obj
 0001:000092c1       ?copy@?$_Copy@UtagCONNECTDATA@@@ATL@@SAJPAUtagCONNECTDATA@@PBU3@@Z 1000a2c1 f i SmartCardRW.obj
 0001:000092f7       ?copy@?$_CopyInterface@UIConnectionPoint@@@ATL@@SAJPAPAUIConnectionPoint@@PBQAU3@@Z 1000a2f7 f i SmartCardRW.obj
 0001:00009325       ?memcpy_s@Checked@ATL@@YAXPAXIPBXI@Z 1000a325 f i SmartCardRW.obj
 0001:00009344       ?ocscpy_s@@YA_NPA_WIPB_W@Z 1000a344 f i SmartCardRW.obj
 0001:00009373       ?ocslen@@YAHPB_W@Z         1000a373 f i SmartCardRW.obj
 0001:00009393       ?wcscpy_s@Checked@ATL@@YAXPA_WIPB_W@Z 1000a393 f i SmartCardRW.obj
 0001:000093af       _DllCanUnloadNow@0         1000a3af f   SmartCardRW.obj
 0001:000093bb       _DllGetClassObject@12      1000a3bb f   SmartCardRW.obj
 0001:000093c9       _DllMain@12                1000a3c9 f   SmartCardRW.obj
 0001:0000940b       _DllRegisterServer@0       1000a40b f   SmartCardRW.obj
 0001:0000941a       _DllUnregisterServer@0     1000a41a f   SmartCardRW.obj
 0001:00009429       _InlineIsEqualGUID         1000a429 f i SmartCardRW.obj
 0001:00009459       ___local_stdio_printf_options 1000a459 f i SmartCardRW.obj
 0001:0000945f       __vswprintf_s_l            1000a45f f i SmartCardRW.obj
 0001:0000950c       _swprintf_s                1000a50c f i SmartCardRW.obj
 0001:00009528       ??0?$CComControl@VCOPOSSmartCardRW@@V?$CWindowImpl@VCOPOSSmartCardRW@@VCWindow@ATL@@V?$CWinTraits@$0FGAAAAAA@$0A@@3@@ATL@@@ATL@@QAE@XZ 1000a528 f i SmartCardRWImpl.obj
 0001:0000954f       ??0?$CProxy_IOPOSEvents@VCOPOSSmartCardRW@@@@QAE@XZ 1000a54f f i SmartCardRWImpl.obj
 0001:00009572       ??0CComControlBase@ATL@@QAE@AAPAUHWND__@@@Z 1000a572 f i SmartCardRWImpl.obj
 0001:000095bc       ??0COPOSSmartCardRW@@QAE@XZ 1000a5bc f   SmartCardRWImpl.obj
 0001:000095f2       ??1?$CComControl@VCOPOSSmartCardRW@@V?$CWindowImpl@VCOPOSSmartCardRW@@VCWindow@ATL@@V?$CWinTraits@$0FGAAAAAA@$0A@@3@@ATL@@@ATL@@UAE@XZ 1000a5f2 f i SmartCardRWImpl.obj
 0001:0000960b       ??1?$IConnectionPointImpl@VCOPOSSmartCardRW@@$1?IID_IPropertyNotifySink@@3U_GUID@@BVCComDynamicUnkArray@ATL@@@ATL@@QAE@XZ 1000a60b f i SmartCardRWImpl.obj
 0001:0000960b       ??1?$IConnectionPointImpl@VCOPOSSmartCardRW@@$1?DIID__IOPOSSmartCardRWEvents@@3U_GUID@@BVCComDynamicUnkArray@ATL@@@ATL@@QAE@XZ 1000a60b f i SmartCardRWImpl.obj
 0001:00009648       ??1CComControlBase@ATL@@UAE@XZ 1000a648 f i SmartCardRWImpl.obj
 0001:000096ab       ??1COPOSSmartCardRW@@UAE@XZ 1000a6ab f   SmartCardRWImpl.obj
 0001:000096f3       ??1OposVariantResult@@QAE@XZ 1000a6f3 f i SmartCardRWImpl.obj
 0001:00009714       ??1_CW@@QAE@XZ             1000a714 f i SmartCardRWImpl.obj
 0001:0000972d       ?BeginInsertion@COPOSSmartCardRW@@UAGJJPAJ@Z 1000a72d f   SmartCardRWImpl.obj
 0001:0000977c       ?BeginRemoval@COPOSSmartCardRW@@UAGJJPAJ@Z 1000a77c f   SmartCardRWImpl.obj
 0001:000097cb       ?CheckHealth@COPOSSmartCardRW@@UAGJJPAJ@Z 1000a7cb f   SmartCardRWImpl.obj
 0001:0000981a       ?ClaimDevice@COPOSSmartCardRW@@UAGJJPAJ@Z 1000a81a f   SmartCardRWImpl.obj
 0001:0000988f       ?ClearInput@COPOSSmartCardRW@@UAGJPAJ@Z 1000a88f f   SmartCardRWImpl.obj
 0001:000098aa       ?ClearInputProperties@COPOSSmartCardRW@@UAGJPAJ@Z 1000a8aa f   SmartCardRWImpl.obj
 0001:000098c5       ?ClearOutput@COPOSSmartCardRW@@UAGJPAJ@Z 1000a8c5 f   SmartCardRWImpl.obj
 0001:000098e0       ?Close@COPOSSmartCardRW@@UAGJPAJ@Z 1000a8e0 f   SmartCardRWImpl.obj
 0001:0000994e       ?CompareFirmwareVersion@COPOSSmartCardRW@@UAGJPA_WPAJ1@Z 1000a94e f   SmartCardRWImpl.obj
 0001:000099ce       ?DirectIO@COPOSSmartCardRW@@UAGJJPAJPAPA_W0@Z 1000a9ce f   SmartCardRWImpl.obj
 0001:00009a7c       ?DoInvoke@COPOSSmartCardRW@@IAEJJPAVOposVariant@@IHPAJ_N@Z 1000aa7c f   SmartCardRWImpl.obj
 0001:00009b3e       ?EndInsertion@COPOSSmartCardRW@@UAGJPAJ@Z 1000ab3e f   SmartCardRWImpl.obj
 0001:00009b59       ?EndRemoval@COPOSSmartCardRW@@UAGJPAJ@Z 1000ab59 f   SmartCardRWImpl.obj
 0001:00009b74       ?EventClose@COPOSSmartCardRW@@IAEXXZ 1000ab74 f i SmartCardRWImpl.obj
 0001:00009ba7       ?EventInit@COPOSSmartCardRW@@IAEJXZ 1000aba7 f i SmartCardRWImpl.obj
 0001:00009c73       ?EventUninit@COPOSSmartCardRW@@IAEXXZ 1000ac73 f i SmartCardRWImpl.obj
 0001:00009cc5       ?EventWindowProc@COPOSSmartCardRW@@IAGJIIJ@Z 1000acc5 f i SmartCardRWImpl.obj
 0001:00009dc3       ?FinalConstruct@COPOSSmartCardRW@@QAEJXZ 1000adc3 f   SmartCardRWImpl.obj
 0001:00009dfc       ?FireEventCleanup@COPOSSmartCardRW@@IAEXXZ 1000adfc f i SmartCardRWImpl.obj
 0001:00009e12       ?FireEventSetup@COPOSSmartCardRW@@IAE_NXZ 1000ae12 f i SmartCardRWImpl.obj
 0001:00009e46       ?FreezeEvents@COPOSSmartCardRW@@MAGJH@Z 1000ae46 f   SmartCardRWImpl.obj
 0001:00009ea6       ?GetOposProp@COPOSSmartCardRW@@IAEJJPAFJ@Z 1000aea6 f   SmartCardRWImpl.obj
 0001:00009ec9       ?GetOposProp@COPOSSmartCardRW@@IAEJJPAJJ@Z 1000aec9 f   SmartCardRWImpl.obj
 0001:00009f87       ?GetOposProp@COPOSSmartCardRW@@IAEJJPAPA_WJ@Z 1000af87 f   SmartCardRWImpl.obj
 0001:0000a052       ?OnDraw@COPOSSmartCardRW@@MAEJAAUATL_DRAWINFO@@@Z 1000b052 f   SmartCardRWImpl.obj
 0001:0000a0f2       ?Open@COPOSSmartCardRW@@UAGJPA_WPAJ@Z 1000b0f2 f   SmartCardRWImpl.obj
 0001:0000a890       ?ReadData@COPOSSmartCardRW@@UAGJJPAJPAPA_W0@Z 1000b890 f   SmartCardRWImpl.obj
 0001:0000a93e       ?ReleaseDevice@COPOSSmartCardRW@@UAGJPAJ@Z 1000b93e f   SmartCardRWImpl.obj
 0001:0000a98d       ?ResetStatistics@COPOSSmartCardRW@@UAGJPA_WPAJ@Z 1000b98d f   SmartCardRWImpl.obj
 0001:0000a9e4       ?RetrieveStatistics@COPOSSmartCardRW@@UAGJPAPA_WPAJ@Z 1000b9e4 f   SmartCardRWImpl.obj
 0001:0000aa3b       ?SOProcessID@COPOSSmartCardRW@@UAGJPAJ@Z 1000ba3b f   SmartCardRWImpl.obj
 0001:0000aa4f       ?SetCOFreezeEvents@COPOSSmartCardRW@@IAEXF@Z 1000ba4f f   SmartCardRWImpl.obj
 0001:0000aada       ?SetOposProp@COPOSSmartCardRW@@IAEJJJJ@Z 1000bada f   SmartCardRWImpl.obj
 0001:0000abb8       ?UpdateFirmware@COPOSSmartCardRW@@UAGJPA_WPAJ@Z 1000bbb8 f   SmartCardRWImpl.obj
 0001:0000ac0f       ?UpdateStatistics@COPOSSmartCardRW@@UAGJPA_WPAJ@Z 1000bc0f f   SmartCardRWImpl.obj
 0001:0000ac66       ?WriteData@COPOSSmartCardRW@@UAGJJJPA_WPAJ@Z 1000bc66 f   SmartCardRWImpl.obj
 0001:0000ad0a       ?get_BinaryConversion@COPOSSmartCardRW@@UAGJPAJ@Z 1000bd0a f   SmartCardRWImpl.obj
 0001:0000ad20       ?get_CapCardErrorDetection@COPOSSmartCardRW@@UAGJPAF@Z 1000bd20 f   SmartCardRWImpl.obj
 0001:0000ad39       ?get_CapCompareFirmwareVersion@COPOSSmartCardRW@@UAGJPAF@Z 1000bd39 f   SmartCardRWImpl.obj
 0001:0000ad52       ?get_CapInterfaceMode@COPOSSmartCardRW@@UAGJPAJ@Z 1000bd52 f   SmartCardRWImpl.obj
 0001:0000ad6b       ?get_CapIsoEmvMode@COPOSSmartCardRW@@UAGJPAJ@Z 1000bd6b f   SmartCardRWImpl.obj
 0001:0000ad84       ?get_CapPowerReporting@COPOSSmartCardRW@@UAGJPAJ@Z 1000bd84 f   SmartCardRWImpl.obj
 0001:0000ad9d       ?get_CapSCPresentSensor@COPOSSmartCardRW@@UAGJPAJ@Z 1000bd9d f   SmartCardRWImpl.obj
 0001:0000adb6       ?get_CapSCSlots@COPOSSmartCardRW@@UAGJPAJ@Z 1000bdb6 f   SmartCardRWImpl.obj
 0001:0000adcf       ?get_CapStatisticsReporting@COPOSSmartCardRW@@UAGJPAF@Z 1000bdcf f   SmartCardRWImpl.obj
 0001:0000ade8       ?get_CapTransmissionProtocol@COPOSSmartCardRW@@UAGJPAJ@Z 1000bde8 f   SmartCardRWImpl.obj
 0001:0000ae01       ?get_CapUpdateFirmware@COPOSSmartCardRW@@UAGJPAF@Z 1000be01 f   SmartCardRWImpl.obj
 0001:0000ae1a       ?get_CapUpdateStatistics@COPOSSmartCardRW@@UAGJPAF@Z 1000be1a f   SmartCardRWImpl.obj
 0001:0000ae33       ?get_CheckHealthText@COPOSSmartCardRW@@UAGJPAPA_W@Z 1000be33 f   SmartCardRWImpl.obj
 0001:0000ae4c       ?get_Claimed@COPOSSmartCardRW@@UAGJPAF@Z 1000be4c f   SmartCardRWImpl.obj
 0001:0000ae62       ?get_ControlObjectDescription@COPOSSmartCardRW@@UAGJPAPA_W@Z 1000be62 f   SmartCardRWImpl.obj
 0001:0000ae9f       ?get_ControlObjectVersion@COPOSSmartCardRW@@UAGJPAJ@Z 1000be9f f   SmartCardRWImpl.obj
 0001:0000aeb2       ?get_DataCount@COPOSSmartCardRW@@UAGJPAJ@Z 1000beb2 f   SmartCardRWImpl.obj
 0001:0000aec8       ?get_DataEventEnabled@COPOSSmartCardRW@@UAGJPAF@Z 1000bec8 f   SmartCardRWImpl.obj
 0001:0000aede       ?get_DeviceDescription@COPOSSmartCardRW@@UAGJPAPA_W@Z 1000bede f   SmartCardRWImpl.obj
 0001:0000aef7       ?get_DeviceEnabled@COPOSSmartCardRW@@UAGJPAF@Z 1000bef7 f   SmartCardRWImpl.obj
 0001:0000af0d       ?get_DeviceName@COPOSSmartCardRW@@UAGJPAPA_W@Z 1000bf0d f   SmartCardRWImpl.obj
 0001:0000af26       ?get_FreezeEvents@COPOSSmartCardRW@@UAGJPAF@Z 1000bf26 f   SmartCardRWImpl.obj
 0001:0000af3c       ?get_InterfaceMode@COPOSSmartCardRW@@UAGJPAJ@Z 1000bf3c f   SmartCardRWImpl.obj
 0001:0000af55       ?get_IsoEmvMode@COPOSSmartCardRW@@UAGJPAJ@Z 1000bf55 f   SmartCardRWImpl.obj
 0001:0000af6e       ?get_OpenResult@COPOSSmartCardRW@@UAGJPAJ@Z 1000bf6e f   SmartCardRWImpl.obj
 0001:0000af85       ?get_OutputID@COPOSSmartCardRW@@UAGJPAJ@Z 1000bf85 f   SmartCardRWImpl.obj
 0001:0000af9b       ?get_PowerNotify@COPOSSmartCardRW@@UAGJPAJ@Z 1000bf9b f   SmartCardRWImpl.obj
 0001:0000afb1       ?get_PowerState@COPOSSmartCardRW@@UAGJPAJ@Z 1000bfb1 f   SmartCardRWImpl.obj
 0001:0000afc7       ?get_ResultCode@COPOSSmartCardRW@@UAGJPAJ@Z 1000bfc7 f   SmartCardRWImpl.obj
 0001:0000b005       ?get_ResultCodeExtended@COPOSSmartCardRW@@UAGJPAJ@Z 1000c005 f   SmartCardRWImpl.obj
 0001:0000b01b       ?get_SCPresentSensor@COPOSSmartCardRW@@UAGJPAJ@Z 1000c01b f   SmartCardRWImpl.obj
 0001:0000b034       ?get_SCSlot@COPOSSmartCardRW@@UAGJPAJ@Z 1000c034 f   SmartCardRWImpl.obj
 0001:0000b04d       ?get_ServiceObjectDescription@COPOSSmartCardRW@@UAGJPAPA_W@Z 1000c04d f   SmartCardRWImpl.obj
 0001:0000b066       ?get_ServiceObjectVersion@COPOSSmartCardRW@@UAGJPAJ@Z 1000c066 f   SmartCardRWImpl.obj
 0001:0000b07c       ?get_State@COPOSSmartCardRW@@UAGJPAJ@Z 1000c07c f   SmartCardRWImpl.obj
 0001:0000b0a8       ?get_TransactionInProgress@COPOSSmartCardRW@@UAGJPAF@Z 1000c0a8 f   SmartCardRWImpl.obj
 0001:0000b0c1       ?get_TransmissionProtocol@COPOSSmartCardRW@@UAGJPAJ@Z 1000c0c1 f   SmartCardRWImpl.obj
 0001:0000b0da       ?put_BinaryConversion@COPOSSmartCardRW@@UAGJJ@Z 1000c0da f   SmartCardRWImpl.obj
 0001:0000b0f0       ?put_DataEventEnabled@COPOSSmartCardRW@@UAGJF@Z 1000c0f0 f   SmartCardRWImpl.obj
 0001:0000b10d       ?put_DeviceEnabled@COPOSSmartCardRW@@UAGJF@Z 1000c10d f   SmartCardRWImpl.obj
 0001:0000b12a       ?put_FreezeEvents@COPOSSmartCardRW@@UAGJF@Z 1000c12a f   SmartCardRWImpl.obj
 0001:0000b176       ?put_InterfaceMode@COPOSSmartCardRW@@UAGJJ@Z 1000c176 f   SmartCardRWImpl.obj
 0001:0000b18f       ?put_IsoEmvMode@COPOSSmartCardRW@@UAGJJ@Z 1000c18f f   SmartCardRWImpl.obj
 0001:0000b1a8       ?put_PowerNotify@COPOSSmartCardRW@@UAGJJ@Z 1000c1a8 f   SmartCardRWImpl.obj
 0001:0000b1be       ?put_SCSlot@COPOSSmartCardRW@@UAGJJ@Z 1000c1be f   SmartCardRWImpl.obj
 0001:0000b1d7       ?s_EventWindowProc@COPOSSmartCardRW@@KGJPAUHWND__@@IIJ@Z 1000c1d7 f i SmartCardRWImpl.obj
 0001:0000b229       ??_U@YAPAXI@Z              1000c229 f   LIBCMT:new_array.obj
 0001:0000b232       ??3@YAXPAXI@Z              1000c232 f   LIBCMT:delete_scalar_size.obj
 0001:0000b240       ??_V@YAXPAX@Z              1000c240 f   LIBCMT:delete_array.obj
 0001:0000b245       ??_V@YAXPAXI@Z             1000c245 f   LIBCMT:delete_array_size.obj
 0001:0000b253       ??$__crt_fast_encode_pointer@P6GHPAU_RTL_CONDITION_VARIABLE@@PAU_RTL_CRITICAL_SECTION@@K@Z@@YAP6GHPAU_RTL_CONDITION_VARIABLE@@PAU_RTL_CRITICAL_SECTION@@K@ZQ6GH01K@Z@Z 1000c253 f i LIBCMT:thread_safe_statics.obj
 0001:0000b253       ??$__crt_fast_encode_pointer@PAP6AXXZ@@YAPAP6AXXZQAP6AXXZ@Z 1000c253 f i LIBCMT:utility.obj
 0001:0000b253       ??$__crt_fast_encode_pointer@P6GXPAU_RTL_CONDITION_VARIABLE@@@Z@@YAP6GXPAU_RTL_CONDITION_VARIABLE@@@ZQ6GX0@Z@Z 1000c253 f i LIBCMT:thread_safe_statics.obj
 0001:0000b253       ??$__crt_fast_encode_pointer@PAX@@YAPAXQAX@Z 1000c253 f i libvcruntime:winapi_downlevel.obj
 0001:0000b2b4       ___scrt_acquire_startup_lock 1000c2b4 f   LIBCMT:utility.obj
 0001:0000b2e6       ___scrt_dllmain_after_initialize_c 1000c2e6 f   LIBCMT:utility.obj
[...]
 0002:00002be8       ?candidate_modules@?1??try_get_LocaleNameToLCID@@YAP6GKPB_WK@ZXZ@4QBW4module_id@?A0x391cf84c@@B 10021be8     libucrt:winapi_thunks.obj
 0002:00002c04       ?candidate_modules@?1??try_get_AppPolicyGetProcessTerminationMethod@@YAP6GJPAXPAW4AppPolicyProcessTerminationMethod@@@ZXZ@4QBW4module_id@?A0x391cf84c@@B 10021c04     libucrt:winapi_thunks.obj
 0002:00002c30       ?candidate_modules@?1??try_get_SetThreadStackGuarantee@@YAP6GHPAK@ZXZ@4QBW4module_id@?A0x391cf84c@@B 10021c30     libucrt:winapi_thunks.obj
 0002:0000315c       ?_mb_locale_names@@3QBQB_WB 1002215c     libucrt:mbctype.obj
 0002:000039a8       ?LcidToLocaleNameTable@?A0x881e4c05@@3QBULcidToLocaleName@1@B 100229a8     libucrt:lcidtoname_downlevel.obj
 0002:00004ad0       ?LocaleNameToIndexTable@?A0x881e4c05@@3QBULocaleNameIndex@1@B 10023ad0     libucrt:lcidtoname_downlevel.obj
 0002:00006410       LOG_name                   10025410     libucrt:log10.obj
 0002:00006420       _One                       10025420     libucrt:ceil_pentium4.obj
 0002:00006430       _Bns                       10025430     libucrt:ceil_pentium4.obj
 0002:00006440       _Zero                      10025440     libucrt:ceil_pentium4.obj
 0002:00006450       _S                         10025450     libucrt:ceil_pentium4.obj
 0002:00006460       _NegZero                   10025460     libucrt:ceil_pentium4.obj
 0002:00006470       emask                      10025470     libucrt:log10_pentium4.obj
 0002:00006480       CC                         10025480     libucrt:log10_pentium4.obj
 0002:00006490       Magic                      10025490     libucrt:log10_pentium4.obj
 0002:000064a0       hi_mask                    100254a0     libucrt:log10_pentium4.obj
 0002:000064b0       LOG10_2                    100254b0     libucrt:log10_pentium4.obj
 0002:000064c0       place_L                    100254c0     libucrt:log10_pentium4.obj
 0002:000064e0       One                        100254e0     libucrt:log10_pentium4.obj
 0002:000064f0       Zero                       100254f0     libucrt:log10_pentium4.obj
 0002:00006500       Two52                      10025500     libucrt:log10_pentium4.obj
 0002:00006510       Infs                       10025510     libucrt:log10_pentium4.obj
 0002:00006520       NaN                        10025520     libucrt:log10_pentium4.obj
 0002:00006530       coeff                      10025530     libucrt:log10_pentium4.obj
 0002:0000658e       _log2max                   1002558e     libucrt:87tran.obj
 0002:00006598       _smallarg                  10025598     libucrt:87tran.obj
 0002:000065a2       _half                      100255a2     libucrt:87tran.obj
 0002:000065ee       One                        100255ee     libucrt:87disp.obj
 0002:000065f6       Three                      100255f6     libucrt:87disp.obj
 0002:000065fe       XAMtoTagTab                100255fe     libucrt:87disp.obj
 0002:00006610       One                        10025610     libucrt:common.obj
 0002:00006624       DblMax                     10025624     libucrt:common.obj
 0002:0000662c       DblMin                     1002562c     libucrt:common.obj
 0002:00006634       IeeeAdjO                   10025634     libucrt:common.obj
 0002:0000663c       IeeeAdjU                   1002563c     libucrt:common.obj
 0002:00006644       _infinity                  10025644     libucrt:common.obj
 0002:0000664c       _zero                      1002564c     libucrt:common.obj
 0002:00006688       _over                      10025688     libucrt:fpctrl.obj
 0002:00006694       _under                     10025694     libucrt:fpctrl.obj
 0002:00006ec8       ?_names@?1??_get_fname@@9@9 10025ec8     libucrt:fpexcept.obj
 0002:00007730       __sehtable$?_AtlVerifyStackAvailable@_ATL_SAFE_ALLOCA_IMPL@ATL@@YA_NK@Z 10026730     SmartCardRW.obj
 0002:00007750       __sehtable$___scrt_is_nonwritable_in_current_image 10026750     LIBCMT:utility.obj
 0002:0000776c       __ehfuncinfo$?__scrt_initialize_thread_safe_statics_platform_specific@@YAXXZ 1002676c     LIBCMT:thread_safe_statics.obj
 0002:00007790       __catchsym$??2@YAPAXIABUnothrow_t@std@@@Z$2 10026790     LIBCMT:new_scalar_nothrow.obj
 0002:000077a0       __unwindtable$??2@YAPAXIABUnothrow_t@std@@@Z 100267a0     LIBCMT:new_scalar_nothrow.obj
 0002:000077b0       __tryblocktable$??2@YAPAXIABUnothrow_t@std@@@Z 100267b0     LIBCMT:new_scalar_nothrow.obj
 0002:000077c4       __ehfuncinfo$??2@YAPAXIABUnothrow_t@std@@@Z 100267c4     LIBCMT:new_scalar_nothrow.obj
 0002:000077e8       __sehtable$?dllmain_crt_process_attach@@YAHQAUHINSTANCE__@@QAX@Z 100267e8     LIBCMT:dll_dllmain.obj
 0002:00007808       __sehtable$?dllmain_crt_process_detach@@YAH_N@Z 10026808     LIBCMT:dll_dllmain.obj
 0002:00007828       __sehtable$?dllmain_dispatch@@YAHQAUHINSTANCE__@@KQAX@Z 10026828     LIBCMT:dll_dllmain.obj
 0002:000078d8       __sehtable$?FrameUnwindToState@__FrameHandler3@@SAXPAUEHRegistrationNode@@PAXPBU_s_FuncInfo@@H@Z 100268d8     libvcruntime:frame.obj
 0002:00007900       __sehtable$?CallCatchBlock@@YAPAXPAUEHExceptionRecord@@PAUEHRegistrationNode@@PAU_CONTEXT@@PBU_s_FuncInfo@@PAXHK@Z 10026900     libvcruntime:frame.obj
 0002:00007928       __catchsym$?CallUnexpected@@YAXPBU_s_ESTypeList@@@Z$2 10026928     libvcruntime:frame.obj
 0002:00007938       __unwindtable$?CallUnexpected@@YAXPBU_s_ESTypeList@@@Z 10026938     libvcruntime:frame.obj
 0002:00007948       __tryblocktable$?CallUnexpected@@YAXPBU_s_ESTypeList@@@Z 10026948     libvcruntime:frame.obj
 0002:0000795c       __ehfuncinfo$?CallUnexpected@@YAXPBU_s_ESTypeList@@@Z 1002695c     libvcruntime:frame.obj
 0002:00007980       __sehtable$??$BuildCatchObjectHelperInternal@$$CBU_s_HandlerType@@@@YAHPAUEHExceptionRecord@@PAXPBU_s_HandlerType@@PBU_s_CatchableType@@@Z 10026980     libvcruntime:frame.obj
 0002:000079a0       __sehtable$??$BuildCatchObjectInternal@$$CBU_s_HandlerType@@@@YAXPAUEHExceptionRecord@@PAXPBU_s_HandlerType@@PBU_s_CatchableType@@@Z 100269a0     libvcruntime:frame.obj
 0002:000079f8       __sehtable$___DestructExceptionObject 100269f8     libvcruntime:ehhelpers.obj
 0002:00007a18       __sehtable$??R<lambda_6e4b09c48022b2350581041d5f6b0c4c>@@QBE@XZ 10026a18     libucrt:exit.obj
 0002:00007a38       __sehtable$??$?RV<lambda_03b1d95aef87969028cfba75ccab2455>@@AAV<lambda_6e4b09c48022b2350581041d5f6b0c4c>@@V<lambda_22bdf7517842c4b3e53723af5aa32b9e>@@@?$__crt_seh_guarded_call@X@@QAEX$$QAV<lambda_03b1d95aef87969028cfba75ccab2455>@@AAV<lambda_6e4b09c48022b2350581041d5f6b0c4c>@@$$QAV<lambda_22bdf7517842c4b3e53723af5aa32b9e>@@@Z 10026a38     libucrt:exit.obj
 0002:00007a58       __sehtable$??$?RV<lambda_8e746cf0007f6ed984d6f78af1fec997>@@AAV<lambda_22ebabd17bc4fa466a2aca6d8deb888d>@@V<lambda_18ed0c0b38a6dc0daf1e7ac6d6adf05e>@@@?$__crt_seh_guarded_call@H@@QAEH$$QAV<lambda_8e746cf0007f6ed984d6f78af1fec997>@@AAV<lambda_22ebabd17bc4fa466a2aca6d8deb888d>@@$$QAV<lambda_18ed0c0b38a6dc0daf1e7ac6d6adf05e>@@@Z 10026a58     libucrt:onexit.obj
 0002:00007a78       __sehtable$??$?RV<lambda_69a2805e680e0e292e8ba93315fe43a8>@@AAV<lambda_f03950bc5685219e0bcd2087efbe011e>@@V<lambda_03fcd07e894ec930e3f35da366ca99d6>@@@?$__crt_seh_guarded_call@H@@QAEH$$QAV<lambda_69a2805e680e0e292e8ba93315fe43a8>@@AAV<lambda_f03950bc5685219e0bcd2087efbe011e>@@$$QAV<lambda_03fcd07e894ec930e3f35da366ca99d6>@@@Z 10026a78     libucrt:onexit.obj
 0002:00007a98       __sehtable$__query_new_handler 10026a98     libucrt:new_handler.obj
 0002:00007ab8       __sehtable$_terminate      10026ab8     libucrt:terminate.obj
 0002:00007ad8       __sehtable$??$?RV<lambda_15ade71b0218206bbe3333a0c9b79046>@@AAV<lambda_da44e0f8b0f19ba52fefafb335991732>@@V<lambda_207f2d024fc103971653565357d6cd41>@@@?$__crt_seh_guarded_call@X@@QAEX$$QAV<lambda_15ade71b0218206bbe3333a0c9b79046>@@AAV<lambda_da44e0f8b0f19ba52fefafb335991732>@@$$QAV<lambda_207f2d024fc103971653565357d6cd41>@@@Z 10026ad8     libucrt:per_thread_data.obj
 0002:00007af8       __sehtable$??$?RV<lambda_a7e850c220f1c8d1e6efeecdedd162c6>@@AAV<lambda_46720907175c18b6c9d2717bc0d2d362>@@V<lambda_9048902d66e8d99359bc9897bbb930a8>@@@?$__crt_seh_guarded_call@X@@QAEX$$QAV<lambda_a7e850c220f1c8d1e6efeecdedd162c6>@@AAV<lambda_46720907175c18b6c9d2717bc0d2d362>@@$$QAV<lambda_9048902d66e8d99359bc9897bbb930a8>@@@Z 10026af8     libucrt:per_thread_data.obj
 0002:00007b18       __sehtable$??$?RV<lambda_38edbb1296d33220d7e4dd0ed76b244a>@@AAV<lambda_5ce1d447e08cb34b2473517608e21441>@@V<lambda_fb385d3da700c9147fc39e65dd577a8c>@@@?$__crt_seh_guarded_call@X@@QAEX$$QAV<lambda_38edbb1296d33220d7e4dd0ed76b244a>@@AAV<lambda_5ce1d447e08cb34b2473517608e21441>@@$$QAV<lambda_fb385d3da700c9147fc39e65dd577a8c>@@@Z 10026b18     libucrt:per_thread_data.obj
 0002:00007b38       __sehtable$??$?RV<lambda_6affb1475c98b40b75cdec977db92e3c>@@AAV<lambda_b8d4b9c228a6ecc3f80208dbb4b4a104>@@V<lambda_608742c3c92a14382c1684fc64f96c88>@@@?$__crt_seh_guarded_call@X@@QAEX$$QAV<lambda_6affb1475c98b40b75cdec977db92e3c>@@AAV<lambda_b8d4b9c228a6ecc3f80208dbb4b4a104>@@$$QAV<lambda_608742c3c92a14382c1684fc64f96c88>@@@Z 10026b38     libucrt:per_thread_data.obj
 0002:00007b58       __sehtable$??$?RV<lambda_e5124f882df8998aaf41531e079ba474>@@AAV<lambda_3e16ef9562a7dcce91392c22ab16ea36>@@V<lambda_e25ca0880e6ef98be67edffd8c599615>@@@?$__crt_seh_guarded_call@X@@QAEX$$QAV<lambda_e5124f882df8998aaf41531e079ba474>@@AAV<lambda_3e16ef9562a7dcce91392c22ab16ea36>@@$$QAV<lambda_e25ca0880e6ef98be67edffd8c599615>@@@Z 10026b58     libucrt:wsetlocale.obj
 0002:00007b78       __sehtable$___acrt_initialize_lowio 10026b78     libucrt:ioinit.obj
 0002:00007b98       __sehtable$?update_thread_multibyte_data_internal@@YAPAU__crt_multibyte_data@@QAU__acrt_ptd@@QAU1@@Z 10026b98     libucrt:mbctype.obj
 0002:00007bb8       __sehtable$??$?RV<lambda_ceb1ee4838e85a9d631eb091e2fbe199>@@AAV<lambda_ae742caa10f662c28703da3d2ea5e57e>@@V<lambda_cd08b5d6af4937fe54fc07d0c9bf6b37>@@@?$__crt_seh_guarded_call@X@@QAEX$$QAV<lambda_ceb1ee4838e85a9d631eb091e2fbe199>@@AAV<lambda_ae742caa10f662c28703da3d2ea5e57e>@@$$QAV<lambda_cd08b5d6af4937fe54fc07d0c9bf6b37>@@@Z 10026bb8     libucrt:mbctype.obj
 0002:00007bd8       __sehtable$_raise          10026bd8     libucrt:signal.obj
 0002:00007bf8       __sehtable$??$?RV<lambda_cbab9ec6f41b0180b23cc171c22676b0>@@AAV<lambda_44731a7d0e6d81c3e6aa82d741081786>@@V<lambda_4b292cb8dd18144e164572427af410ab>@@@?$__crt_seh_guarded_call@P6AXH@Z@@QAEP6AXH@Z$$QAV<lambda_cbab9ec6f41b0180b23cc171c22676b0>@@AAV<lambda_44731a7d0e6d81c3e6aa82d741081786>@@$$QAV<lambda_4b292cb8dd18144e164572427af410ab>@@@Z 10026bf8     libucrt:signal.obj
 0002:00007c18       __sehtable$___acrt_update_thread_locale_data 10026c18     libucrt:locale_refcounting.obj
 0002:00007c38       __sehtable$__fcloseall     10026c38     libucrt:closeall.obj
 0002:00007c58       __sehtable$??$?RV<lambda_2866be3712abc81a800a822484c830d8>@@AAV<lambda_39ca0ed439415581b5b15c265174cece>@@V<lambda_2b24c74d71094a6cd0cb82e44167d71b>@@@?$__crt_seh_guarded_call@X@@QAEX$$QAV<lambda_2866be3712abc81a800a822484c830d8>@@AAV<lambda_39ca0ed439415581b5b15c265174cece>@@$$QAV<lambda_2b24c74d71094a6cd0cb82e44167d71b>@@@Z 10026c58     libucrt:fflush.obj
 0002:00007c78       __sehtable$??$?RV<lambda_2cc53f568c5a2bb6f192f930a45d44ea>@@AAV<lambda_ab61a845afdef5b7c387490eaf3616ee>@@V<lambda_c2ffc0b7726aa6be21d5f0026187e748>@@@?$__crt_seh_guarded_call@X@@QAEX$$QAV<lambda_2cc53f568c5a2bb6f192f930a45d44ea>@@AAV<lambda_ab61a845afdef5b7c387490eaf3616ee>@@$$QAV<lambda_c2ffc0b7726aa6be21d5f0026187e748>@@@Z 10026c78     libucrt:fflush.obj
 0002:00007c98       __sehtable$___acrt_lowio_ensure_fh_exists 10026c98     libucrt:osfinfo.obj
 0002:00007cb8       __sehtable$__write         10026cb8     libucrt:write.obj
 0002:00007cd8       __sehtable$_fclose         10026cd8     libucrt:fclose.obj
 0002:00007cf8       __sehtable$??$?RV<lambda_9e9de3de5fa147e2223d7db92bc10aa6>@@AAV<lambda_38ce7e780aa69e748d6df282ebc68efe>@@V<lambda_8ca6da459f0f6780f1cff60fdc3d00e5>@@@?$__crt_seh_guarded_call@H@@QAEH$$QAV<lambda_9e9de3de5fa147e2223d7db92bc10aa6>@@AAV<lambda_38ce7e780aa69e748d6df282ebc68efe>@@$$QAV<lambda_8ca6da459f0f6780f1cff60fdc3d00e5>@@@Z 10026cf8     libucrt:commit.obj
 0002:00007d18       __sehtable$??$?RV<lambda_218ce3db14220d0be481dae8ef3383b6>@@AAV<lambda_628dfdc04ba53c8bfc02c9951375f3f5>@@V<lambda_57dc472bd5c9d5f3b2cbca59b8a843ae>@@@?$__crt_seh_guarded_call@H@@QAEH$$QAV<lambda_218ce3db14220d0be481dae8ef3383b6>@@AAV<lambda_628dfdc04ba53c8bfc02c9951375f3f5>@@$$QAV<lambda_57dc472bd5c9d5f3b2cbca59b8a843ae>@@@Z 10026d18     libucrt:close.obj
 0002:00007d38       __sehtable$__IsNonwritableInCurrentImage 10026d38     LIBCMT:pesect.obj
 0002:00007d60       .edata                     10026d60     OPOSSmartCardRW.exp
 0002:00007d88       rgpv                       10026d88     OPOSSmartCardRW.exp
 0002:00007d98       rgszName                   10026d98     OPOSSmartCardRW.exp
 0002:00007da8       rgwOrd                     10026da8     OPOSSmartCardRW.exp
 0002:00007db0       szName                     10026db0     OPOSSmartCardRW.exp
 0002:00007dc4       $N00001                    10026dc4     OPOSSmartCardRW.exp
 0002:00007dd4       $N00002                    10026dd4     OPOSSmartCardRW.exp
 0002:00007de6       $N00003                    10026de6     OPOSSmartCardRW.exp
 0002:00007df8       $N00004                    10026df8     OPOSSmartCardRW.exp
 0002:00008410       .idata$6                   10027410     kernel32:KERNEL32.dll
 0002:00008624       .idata$6                   10027624     user32:USER32.dll
 0002:00008758       .idata$6                   10027758     gdi32:GDI32.dll
 0002:000087fe       .idata$6                   100277fe     advapi32:ADVAPI32.dll
 0002:0000891a       .idata$6                   1002791a     ole32:ole32.dll
 0002:00008924       .idata$6                   10027924     oleaut32:OLEAUT32.dll
 0003:00000110       ?ObjectMap@@3PAU_ATL_OBJMAP_ENTRY30@ATL@@A 10028110     SmartCardRW.obj
 0003:000001c0       ?s_SOMethodNames@@3PAPADA  100281c0     SmartCardRWImpl.obj
 0003:00000228       ?s_RequiredMethodsPerRelease@@3PAHA 10028228     SmartCardRWImpl.obj
 0003:00000250       ?__vcrt_flsindex@@3KA      10028250     libvcruntime:per_thread_data.obj
 0003:00000270       ?errno_no_memory@@3HA      10028270     libucrt:errno.obj
 0003:00000274       ?doserrno_no_memory@@3KA   10028274     libucrt:errno.obj
 0003:00000280       ?__acrt_flsindex@@3KA      10028280     libucrt:per_thread_data.obj
 0003:000003f8       __mbctypes                 100283f8     libucrt:mbctype.obj
 0003:00000500       __mbcasemaps               10028500     libucrt:mbctype.obj
 0003:00000600       ?__rgctypeflag@@3PADA      10028600     libucrt:mbctype.obj
 0003:00000608       ?__rgcode_page_info@@3PAUcode_page_info@@A 10028608     libucrt:mbctype.obj
 0003:00000b10       ?is_initialized_as_dll@@3_NA 10028b10     LIBCMT:utility.obj
 0003:00000b11       ?module_local_atexit_table_initialized@@3_NA 10028b11     LIBCMT:utility.obj
 0003:00000b14       ?module_local_atexit_table@@3U_onexit_table_t@@A 10028b14     LIBCMT:utility.obj
 0003:00000b20       ?module_local_at_quick_exit_table@@3U_onexit_table_t@@A 10028b20     LIBCMT:utility.obj
 0003:00000b2c       ?_Tss_mutex@@3U_RTL_CRITICAL_SECTION@@A 10028b2c     LIBCMT:thread_safe_statics.obj
 0003:00000b44       ?_Tss_cv@@3U_RTL_CONDITION_VARIABLE@@A 10028b44     LIBCMT:thread_safe_statics.obj
 0003:00000b48       ?_Tss_event@@3PAXA         10028b48     LIBCMT:thread_safe_statics.obj
 0003:00000b4c       ?encoded_sleep_condition_variable_cs@@3P6GHPAU_RTL_CONDITION_VARIABLE@@PAU_RTL_CRITICAL_SECTION@@K@ZA 10028b4c     LIBCMT:thread_safe_statics.obj
 0003:00000b50       ?encoded_wake_all_condition_variable@@3P6GXPAU_RTL_CONDITION_VARIABLE@@@ZA 10028b50     LIBCMT:thread_safe_statics.obj
 0003:00000b58       _GS_ExceptionRecord        10028b58     LIBCMT:gs_report.obj
 0003:00000ba8       _GS_ContextRecord          10028ba8     LIBCMT:gs_report.obj
 0003:00000e78       ?__proc_attached@@3HA      10028e78     LIBCMT:dll_dllmain.obj
 0003:00000ed4       ?AllocateData@@3P6GPAUAtlThunkData_t@@XZA 10028ed4     atls:atlthunk.obj
 0003:00000ed8       ?InitData@@3P6GXPAUAtlThunkData_t@@PAXI@ZA 10028ed8     atls:atlthunk.obj
 0003:00000edc       ?DataToCode@@3P6GP6GJPAUHWND__@@IIJ@ZPAUAtlThunkData_t@@@ZA 10028edc     atls:atlthunk.obj
 0003:00000ee0       ?FreeData@@3P6GXPAUAtlThunkData_t@@@ZA 10028ee0     atls:atlthunk.obj
 0003:00000ee4       ?Initialized@@3_NA         10028ee4     atls:atlthunk.obj
 0003:00000ef0       ?__vcrt_startup_thread_ptd@@3U__vcrt_ptd@@A 10028ef0     libvcruntime:per_thread_data.obj
 0003:00000f18       ___vcrt_lock_table         10028f18     libvcruntime:locks.obj
 0003:00000f30       ___vcrt_locks_initialized  10028f30     libvcruntime:locks.obj
 0003:00000f34       ?module_handles@@3PAPAUHINSTANCE__@@A 10028f34     libvcruntime:winapi_downlevel.obj
 0003:00000f40       ?encoded_function_pointers@@3PAPAXA 10028f40     libvcruntime:winapi_downlevel.obj
 0003:00000f7c       ?heap@@3V_HeapManager@@A   10028f7c     libvcruntime:undname.obj
 0003:00000f94       ?__acrt_invalid_parameter_handler@@3V?$dual_state_global@P6AXPB_W00II@Z@__crt_state_management@@A 10028f94     libucrt:invalid_parameter.obj
 0003:00000f98       ?c_termination_complete@@3JA 10028f98     libucrt:exit.obj
 0003:00000f9c       ?thread_local_exit_callback_func@@3P6GXPAXK0@ZA 10028f9c     libucrt:exit.obj
 0003:00000fa8       ?program_name@?1???$common_configure_argv@D@@YAHW4_crt_argv_mode@@@Z@4PADA 10028fa8     libucrt:argv_parsing.obj
 0003:000010d8       ?__acrt_new_handler@@3V?$dual_state_global@P6AHI@Z@__crt_state_management@@A 100290d8     libucrt:new_handler.obj
 0003:000010e0       ?module_handles@@3PAPAUHINSTANCE__@@A 100290e0     libucrt:winapi_thunks.obj
 0003:00001130       ?encoded_function_pointers@@3PAPAXA 10029130     libucrt:winapi_thunks.obj
 0003:000011c0       ?enable_percent_n@@3IA     100291c0     libucrt:printf_count_output.obj
 0003:000013e0       ?__acrt_lock_table@@3PAU_RTL_CRITICAL_SECTION@@A 100293e0     libucrt:locks.obj
 0003:00001530       ?__acrt_locks_initialized@@3IA 10029530     libucrt:locks.obj
 0003:00001540       ?fSystemSet@@3HA           10029540     libucrt:mbctype.obj
 0003:00001544       ?initialized@?1??__acrt_initialize_multibyte@@9@4_NA 10029544     libucrt:mbctype.obj
 0003:00001564       ?ctrlc_action@@3V?$dual_state_global@P6AXH@Z@__crt_state_management@@A 10029564     libucrt:signal.obj
 0003:00001568       ?ctrlbreak_action@@3V?$dual_state_global@P6AXH@Z@__crt_state_management@@A 10029568     libucrt:signal.obj
 0003:0000156c       ?abort_action@@3V?$dual_state_global@P6AXH@Z@__crt_state_management@@A 1002956c     libucrt:signal.obj
 0003:00001570       ?term_action@@3V?$dual_state_global@P6AXH@Z@__crt_state_management@@A 10029570     libucrt:signal.obj
 0003:00001574       ?user_matherr@@3V?$dual_state_global@P6AHPAU_exception@@@Z@__crt_state_management@@A 10029574     libucrt:matherr.obj
 0003:00001578       ?__acrt_global_new_mode@@3V?$dual_state_global@J@__crt_state_management@@A 10029578     libucrt:new_mode.obj
 0003:00001584       ?__acrt_app_type@@3W4_crt_app_type@@A 10029584     libucrt:report_runtime_error.obj
 0003:0000158c       __pmatherr_set             1002958c     libucrt:libm_error.obj
 0004:00000220       $R000000                   1002a220     SmartCardRW.res
 0004:00000b98       $R000978                   1002ab98     SmartCardRW.res
 0004:00000c80       $R000A60                   1002ac80     SmartCardRW.res
 0004:00000ee8       $R000CC8                   1002aee8     SmartCardRW.res
 0004:000013c0       $R0011A0                   1002b3c0     SmartCardRW.res
 0004:000043e8       $R0041C8                   1002e3e8     SmartCardRW.res
 0004:00004420       $R004200                   1002e420     SmartCardRW.res
