 OPOSFiscalPrinter

 Timestamp is 5defa932 (Tue Dec 10 23:18:26 2019)

 Preferred load address is 10000000

 Start         Length     Name                   Class
 0001:00000000 00000080H .text$di                CODE
 0001:00000080 0001fe73H .text$mn                CODE
 0001:0001fef3 00000036H .text$x                 CODE
 0001:0001ff29 00000042H .text$yd                CODE
 0002:00000000 000002fcH .idata$5                DATA
 0002:000002fc 00000004H .00cfg                  DATA
 0002:00000300 00000004H .CRT$XCA                DATA
 0002:00000304 00000004H .CRT$XCL                DATA
 0002:00000308 00000010H .CRT$XCU                DATA
 0002:00000318 00000004H .CRT$XCZ                DATA
 0002:0000031c 00000004H .CRT$XIA                DATA
 0002:00000320 00000010H .CRT$XIC                DATA
 0002:00000330 00000004H .CRT$XIZ                DATA
 0002:00000334 00000004H .CRT$XLA                DATA
 0002:00000338 00000004H .CRT$XLZ                DATA
 0002:0000033c 00000004H .CRT$XPA                DATA
 0002:00000340 00000008H .CRT$XPX                DATA
 0002:00000348 00000004H .CRT$XPXA               DATA
 0002:0000034c 00000004H .CRT$XPZ                DATA
 0002:00000350 00000004H .CRT$XTA                DATA
 0002:00000354 0000000cH .CRT$XTZ                DATA
 0002:00000358 00000000H .gfids$y                DATA
 0002:00000360 0000784cH .rdata                  DATA
 0002:00007bac 00000018H .rdata$T                DATA
 0002:00007bc4 0000017cH .rdata$r                DATA
 0002:00007d40 0000001cH .rdata$sxdata           DATA
 0002:00007d5c 000003e0H .rdata$zzzdbg           DATA
 0002:0000813c 00000004H .rtc$IAA                DATA
 0002:00008140 00000004H .rtc$IZZ                DATA
 0002:00008144 00000004H .rtc$TAA                DATA
 0002:00008148 00000004H .rtc$TZZ                DATA
 0002:0000814c 00000004H .tls                    DATA
 0002:00008150 00000004H .tls$                   DATA
 0002:00008154 00000004H .tls$ZZZ                DATA
 0002:00008158 0000060cH .xdata$x                DATA
 0002:00008764 00000004H ATL$__a                 DATA
 0002:00008768 00000008H ATL$__z                 DATA
 0002:00008770 000000b0H .edata                  DATA
 0002:00008820 00000078H .idata$2                DATA
 0002:00008898 00000014H .idata$3                DATA
 0002:000088ac 000002fcH .idata$4                DATA
 0002:00008ba8 00000bc8H .idata$6                DATA
 0003:00000000 00000bb0H .data                   DATA
 0003:00000bb0 00000098H .data$r                 DATA
 0003:00000c48 00000b80H .bss                    DATA
 0004:00000000 00000220H .rsrc$01                DATA
 0004:00000220 00009878H .rsrc$02                DATA

  Address         Publics by Value              Rva+Base       Lib:Object

 0000:00000000       ___guard_fids_count        00000000     <absolute>
 0000:00000000       ___hybrid_code_map_count   00000000     <absolute>
 0000:00000000       ___guard_longjmp_count     00000000     <absolute>
 0000:00000000       __except_list              00000000     <absolute>
 0000:00000000       ___volatile_metadata       00000000     <absolute>
 0000:00000000       ___guard_fids_table        00000000     <absolute>
 0000:00000000       ___guard_longjmp_table     00000000     <absolute>
 0000:00000000       ___AbsoluteZero            00000000     <absolute>
 0000:00000000       ___dynamic_value_reloc_table 00000000     <absolute>
 0000:00000000       ___guard_iat_table         00000000     <absolute>
 0000:00000000       ___hybrid_auxiliary_iat    00000000     <absolute>
 0000:00000000       ___guard_iat_count         00000000     <absolute>
 0000:00000000       ___enclave_config          00000000     <absolute>
 0000:00000000       ___hybrid_code_map         00000000     <absolute>
 0000:00000007       ___safe_se_handler_count   00000007     <absolute>
 0000:0000002c       __tls_array                0000002c     <absolute>
 0000:00000100       ___guard_flags             00000100     <absolute>
 0000:00000000       ___ImageBase               10000000     <linker-defined>
 0001:00000080       ?DupWide@_CW@@AAEXXZ       10001080 f   CWString.obj
 0001:0000009c       ?cw_dup@@YGXPBDAAHAAPA_W1@Z 1000109c f   CWString.obj
 0001:00000124       ?cw_memcpy@@YGHPA_WPBDH@Z  10001124 f   CWString.obj
 0001:00000150       ?cw_strcpy@@YAHPA_WPBD@Z   10001150 f   CWString.obj
 0001:00000163       ?cw_strlen@@YAHPBD@Z       10001163 f   CWString.obj
 0001:0000017c       ??0CAtlComModule@ATL@@QAE@XZ 1000117c f i OposVariant.obj
 0001:000001c1       ??0CAtlWinModule@ATL@@QAE@XZ 100011c1 f i OposVariant.obj
 0001:000001f8       ??0OposDispParms@@QAE@PAVOposVariant@@H@Z 100011f8 f   OposVariant.obj
 0001:00000269       ??1OposDispParms@@QAE@XZ   10001269 f   OposVariant.obj
 0001:00000277       ??A?$CSimpleArray@GV?$CSimpleArrayEqualHelper@G@ATL@@@ATL@@QAEAAGH@Z 10001277 f i OposVariant.obj
 0001:0000029c       ??_Estringdispid@CComTypeInfoHolder@ATL@@QAEPAXI@Z 1000129c f i OposVariant.obj
 0001:00000308       ?AtlWinModuleInit@ATL@@YGJPAU_ATL_WIN_MODULE70@1@@Z 10001308 f i OposVariant.obj
 0001:0000032e       ?AtlWinModuleTerm@ATL@@YGJPAU_ATL_WIN_MODULE70@1@PAUHINSTANCE__@@@Z 1000132e f i OposVariant.obj
 0001:00000391       ?ChangeBSTR@OposVariant@@QAEXPAPA_WAAJ@Z 10001391 f   OposVariant.obj
 0001:000003d2       ?ChangeLONG@OposVariant@@QAEXPAJAAJ@Z 100013d2 f   OposVariant.obj
 0001:00000413       ?GetLONG@OposVariant@@QAEJXZ 10001413 f   OposVariant.obj
 0001:0000042e       ?Init@CComCriticalSection@ATL@@QAEJXZ 1000142e f i OposVariant.obj
 0001:00000456       ?RemoveAll@?$CSimpleArray@GV?$CSimpleArrayEqualHelper@G@ATL@@@ATL@@QAEXXZ 10001456 f i OposVariant.obj
 0001:00000456       ?RemoveAll@?$CSimpleArray@PAUHINSTANCE__@@V?$CSimpleArrayEqualHelper@PAUHINSTANCE__@@@ATL@@@ATL@@QAEXXZ 10001456 f i atls:atlbase.obj
 0001:00000473       ?SetBSTR@OposVariant@@QAEXPA_WAAJ@Z 10001473 f   OposVariant.obj
 0001:000004a7       ?SetBSTR_Copy@OposVariant@@QAEXPA_WAAJ@Z 100014a7 f   OposVariant.obj
 0001:000004f7       ?SetBSTR_InOutPtr@OposVariant@@QAE_NPAPA_WAAJ@Z 100014f7 f   OposVariant.obj
 0001:0000052e       ?SetBSTR_OutPtr@OposVariant@@QAE_NPAPA_WAAJ@Z 1000152e f   OposVariant.obj
 0001:0000054a       ?SetCURRENCY@OposVariant@@QAEXTtagCY@@@Z 1000154a f   OposVariant.obj
 0001:00000572       ?SetDispatch_Ptr@OposVariant@@QAEXPAUIDispatch@@AAJ@Z 10001572 f   OposVariant.obj
 0001:000005ad       ?SetLONG@OposVariant@@QAEXJ@Z 100015ad f   OposVariant.obj
 0001:000005cf       ?SetLONG_Ptr@OposVariant@@QAEXPAJAAJ@Z 100015cf f   OposVariant.obj
 0001:00000602       ?SetString@OposVariant@@QAEXPB_WAAJ@Z 10001602 f   OposVariant.obj
 0001:00000648       ?SetVARIANT_BOOL@OposVariant@@QAEXF@Z 10001648 f   OposVariant.obj
 0001:00000672       ?Term@CAtlComModule@ATL@@QAEXXZ 10001672 f i OposVariant.obj
 0001:000006bc       ?_AtlRaiseException@ATL@@YAXKK@Z 100016bc f i OposVariant.obj
 0001:000006d1       ?CreateInstance@CComClassFactory@ATL@@UAGJPAUIUnknown@@ABU_GUID@@PAPAX@Z 100016d1 f i FiscalPrinter.obj
 0001:0000070f       ?LockServer@CComClassFactory@ATL@@UAGJH@Z 1000170f f i FiscalPrinter.obj
 0001:0000072e       ??_GCComClassFactory@ATL@@UAEPAXI@Z 1000172e f i FiscalPrinter.obj
 0001:0000072e       ??_ECComClassFactory@ATL@@UAEPAXI@Z 1000172e f i FiscalPrinter.obj
 0001:00000759       ?Next@?$CComEnumImpl@UIEnumConnections@@$1?_GUID_b196b287_bab4_101a_b69c_00aa00341d07@@3U__s_GUID@@BUtagCONNECTDATA@@V?$_Copy@UtagCONNECTDATA@@@ATL@@@ATL@@UAGJKPAUtagCONNECTDATA@@PAK@Z 10001759 f i FiscalPrinter.obj
 0001:00000830       ?Skip@?$CComEnumImpl@UIEnumConnections@@$1?_GUID_b196b287_bab4_101a_b69c_00aa00341d07@@3U__s_GUID@@BUtagCONNECTDATA@@V?$_Copy@UtagCONNECTDATA@@@ATL@@@ATL@@UAGJK@Z 10001830 f i FiscalPrinter.obj
 0001:0000085d       ?Reset@?$CComEnumImpl@UIEnumConnectionPoints@@$1?_GUID_b196b285_bab4_101a_b69c_00aa00341d07@@3U__s_GUID@@BPAUIConnectionPoint@@V?$_CopyInterface@UIConnectionPoint@@@ATL@@@ATL@@UAGJXZ 1000185d f i FiscalPrinter.obj
 0001:0000085d       ?Reset@?$CComEnumImpl@UIEnumConnections@@$1?_GUID_b196b287_bab4_101a_b69c_00aa00341d07@@3U__s_GUID@@BUtagCONNECTDATA@@V?$_Copy@UtagCONNECTDATA@@@ATL@@@ATL@@UAGJXZ 1000185d f i FiscalPrinter.obj
 0001:0000086f       ?Clone@?$CComEnumImpl@UIEnumConnections@@$1?_GUID_b196b287_bab4_101a_b69c_00aa00341d07@@3U__s_GUID@@BUtagCONNECTDATA@@V?$_Copy@UtagCONNECTDATA@@@ATL@@@ATL@@UAGJPAPAUIEnumConnections@@@Z 1000186f f i FiscalPrinter.obj
 0001:00000950       ?AddRef@?$CComObject@V?$CComEnum@UIEnumConnections@@$1?_GUID_b196b287_bab4_101a_b69c_00aa00341d07@@3U__s_GUID@@BUtagCONNECTDATA@@V?$_Copy@UtagCONNECTDATA@@@ATL@@VCComSingleThreadModel@6@@ATL@@@ATL@@UAGKXZ 10001950 f i FiscalPrinter.obj
 0001:00000950       ?AddRef@?$CComObject@V?$CComEnum@UIEnumConnectionPoints@@$1?_GUID_b196b285_bab4_101a_b69c_00aa00341d07@@3U__s_GUID@@BPAUIConnectionPoint@@V?$_CopyInterface@UIConnectionPoint@@@ATL@@VCComSingleThreadModel@6@@ATL@@@ATL@@UAGKXZ 10001950 f i FiscalPrinter.obj
 0001:00000961       ?Release@?$CComObject@V?$CComEnum@UIEnumConnectionPoints@@$1?_GUID_b196b285_bab4_101a_b69c_00aa00341d07@@3U__s_GUID@@BPAUIConnectionPoint@@V?$_CopyInterface@UIConnectionPoint@@@ATL@@VCComSingleThreadModel@6@@ATL@@@ATL@@UAGKXZ 10001961 f i FiscalPrinter.obj
 0001:00000961       ?Release@?$CComObject@V?$CComEnum@UIEnumConnections@@$1?_GUID_b196b287_bab4_101a_b69c_00aa00341d07@@3U__s_GUID@@BUtagCONNECTDATA@@V?$_Copy@UtagCONNECTDATA@@@ATL@@VCComSingleThreadModel@6@@ATL@@@ATL@@UAGKXZ 10001961 f i FiscalPrinter.obj
 0001:0000099d       ?QueryInterface@?$CComObject@V?$CComEnum@UIEnumConnections@@$1?_GUID_b196b287_bab4_101a_b69c_00aa00341d07@@3U__s_GUID@@BUtagCONNECTDATA@@V?$_Copy@UtagCONNECTDATA@@@ATL@@VCComSingleThreadModel@6@@ATL@@@ATL@@UAGJABU_GUID@@PAPAX@Z 1000199d f i FiscalPrinter.obj
 0001:000009b7       ??_G?$CComObject@V?$CComEnum@UIEnumConnections@@$1?_GUID_b196b287_bab4_101a_b69c_00aa00341d07@@3U__s_GUID@@BUtagCONNECTDATA@@V?$_Copy@UtagCONNECTDATA@@@ATL@@VCComSingleThreadModel@6@@ATL@@@ATL@@UAEPAXI@Z 100019b7 f i FiscalPrinter.obj
 0001:000009b7       ??_E?$CComObject@V?$CComEnum@UIEnumConnections@@$1?_GUID_b196b287_bab4_101a_b69c_00aa00341d07@@3U__s_GUID@@BUtagCONNECTDATA@@V?$_Copy@UtagCONNECTDATA@@@ATL@@VCComSingleThreadModel@6@@ATL@@@ATL@@UAEPAXI@Z 100019b7 f i FiscalPrinter.obj
 0001:000009d9       ?GetWindowProc@?$CWindowImplBaseT@VCWindow@ATL@@V?$CWinTraits@$0FGAAAAAA@$0A@@2@@ATL@@UAEP6GJPAUHWND__@@IIJ@ZXZ 100019d9 f i FiscalPrinter.obj
 0001:000009df       ?StartWindowProc@?$CWindowImplBaseT@VCWindow@ATL@@V?$CWinTraits@$0FGAAAAAA@$0A@@2@@ATL@@SGJPAUHWND__@@IIJ@Z 100019df f i FiscalPrinter.obj
 0001:00000a33       ?ObjectMain@CComObjectRootBase@ATL@@SGX_N@Z 10001a33 f i FiscalPrinter.obj
 0001:00000a33       ?OnFinalMessage@?$CWindowImplBaseT@VCWindow@ATL@@V?$CWinTraits@$0FGAAAAAA@$0A@@2@@ATL@@UAEXPAUHWND__@@@Z 10001a33 f i FiscalPrinter.obj
 0001:00000a36       ??_E?$CComObject@VCOPOSFiscalPrinter@@@ATL@@W3AEPAXI@Z 10001a36 f i FiscalPrinter.obj
 0001:00000a3e       ??_E?$CComObject@VCOPOSFiscalPrinter@@@ATL@@WEM@AEPAXI@Z 10001a3e f i FiscalPrinter.obj
 0001:00000a46       ?QueryInterface@?$CComObject@VCOPOSFiscalPrinter@@@ATL@@WHA@AGJABU_GUID@@PAPAX@Z 10001a46 f i FiscalPrinter.obj
 0001:00000a50       ?AddRef@?$CComObject@VCOPOSFiscalPrinter@@@ATL@@WHA@AGKXZ 10001a50 f i FiscalPrinter.obj
 0001:00000a5a       ?Release@?$CComObject@VCOPOSFiscalPrinter@@@ATL@@WHA@AGKXZ 10001a5a f i FiscalPrinter.obj
 0001:00000a64       ?QueryInterface@?$CComObject@VCOPOSFiscalPrinter@@@ATL@@WHE@AGJABU_GUID@@PAPAX@Z 10001a64 f i FiscalPrinter.obj
 0001:00000a6e       ?AddRef@?$CComObject@VCOPOSFiscalPrinter@@@ATL@@WHE@AGKXZ 10001a6e f i FiscalPrinter.obj
 0001:00000a78       ?Release@?$CComObject@VCOPOSFiscalPrinter@@@ATL@@WHE@AGKXZ 10001a78 f i FiscalPrinter.obj
 0001:00000a82       ?QueryInterface@?$CComObject@VCOPOSFiscalPrinter@@@ATL@@WHI@AGJABU_GUID@@PAPAX@Z 10001a82 f i FiscalPrinter.obj
 0001:00000a8c       ?AddRef@?$CComObject@VCOPOSFiscalPrinter@@@ATL@@WHI@AGKXZ 10001a8c f i FiscalPrinter.obj
 0001:00000a96       ?Release@?$CComObject@VCOPOSFiscalPrinter@@@ATL@@WHI@AGKXZ 10001a96 f i FiscalPrinter.obj
 0001:00000aa0       ?QueryInterface@?$CComObject@VCOPOSFiscalPrinter@@@ATL@@WHM@AGJABU_GUID@@PAPAX@Z 10001aa0 f i FiscalPrinter.obj
 0001:00000aaa       ?AddRef@?$CComObject@VCOPOSFiscalPrinter@@@ATL@@WHM@AGKXZ 10001aaa f i FiscalPrinter.obj
 0001:00000ab4       ?Release@?$CComObject@VCOPOSFiscalPrinter@@@ATL@@WHM@AGKXZ 10001ab4 f i FiscalPrinter.obj
 0001:00000abe       ?QueryInterface@?$CComObject@VCOPOSFiscalPrinter@@@ATL@@WIA@AGJABU_GUID@@PAPAX@Z 10001abe f i FiscalPrinter.obj
 0001:00000acb       ?AddRef@?$CComObject@VCOPOSFiscalPrinter@@@ATL@@WIA@AGKXZ 10001acb f i FiscalPrinter.obj
 0001:00000ad8       ?Release@?$CComObject@VCOPOSFiscalPrinter@@@ATL@@WIA@AGKXZ 10001ad8 f i FiscalPrinter.obj
 0001:00000ae5       ?QueryInterface@?$CComObject@VCOPOSFiscalPrinter@@@ATL@@WIE@AGJABU_GUID@@PAPAX@Z 10001ae5 f i FiscalPrinter.obj
 0001:00000af2       ?AddRef@?$CComObject@VCOPOSFiscalPrinter@@@ATL@@WIE@AGKXZ 10001af2 f i FiscalPrinter.obj
 0001:00000aff       ?Release@?$CComObject@VCOPOSFiscalPrinter@@@ATL@@WIE@AGKXZ 10001aff f i FiscalPrinter.obj
 0001:00000b0c       ?QueryInterface@?$CComObject@VCOPOSFiscalPrinter@@@ATL@@WII@AGJABU_GUID@@PAPAX@Z 10001b0c f i FiscalPrinter.obj
 0001:00000b19       ?AddRef@?$CComObject@VCOPOSFiscalPrinter@@@ATL@@WII@AGKXZ 10001b19 f i FiscalPrinter.obj
 0001:00000b26       ?Release@?$CComObject@VCOPOSFiscalPrinter@@@ATL@@WII@AGKXZ 10001b26 f i FiscalPrinter.obj
 0001:00000b33       ?QueryInterface@?$CComObject@VCOPOSFiscalPrinter@@@ATL@@WIM@AGJABU_GUID@@PAPAX@Z 10001b33 f i FiscalPrinter.obj
 0001:00000b40       ?AddRef@?$CComObject@VCOPOSFiscalPrinter@@@ATL@@WIM@AGKXZ 10001b40 f i FiscalPrinter.obj
 0001:00000b4d       ?Release@?$CComObject@VCOPOSFiscalPrinter@@@ATL@@WIM@AGKXZ 10001b4d f i FiscalPrinter.obj
 0001:00000b5a       ?QueryInterface@?$CComObject@VCOPOSFiscalPrinter@@@ATL@@WJA@AGJABU_GUID@@PAPAX@Z 10001b5a f i FiscalPrinter.obj
 0001:00000b67       ?AddRef@?$CComObject@VCOPOSFiscalPrinter@@@ATL@@WJA@AGKXZ 10001b67 f i FiscalPrinter.obj
 0001:00000b74       ?Release@?$CComObject@VCOPOSFiscalPrinter@@@ATL@@WJA@AGKXZ 10001b74 f i FiscalPrinter.obj
 0001:00000b81       ?QueryInterface@?$CComObject@VCOPOSFiscalPrinter@@@ATL@@WJE@AGJABU_GUID@@PAPAX@Z 10001b81 f i FiscalPrinter.obj
 0001:00000b8e       ?AddRef@?$CComObject@VCOPOSFiscalPrinter@@@ATL@@WJE@AGKXZ 10001b8e f i FiscalPrinter.obj
 0001:00000b9b       ?Release@?$CComObject@VCOPOSFiscalPrinter@@@ATL@@WJE@AGKXZ 10001b9b f i FiscalPrinter.obj
 0001:00000ba8       ?QueryInterface@?$CComObject@VCOPOSFiscalPrinter@@@ATL@@WJI@AGJABU_GUID@@PAPAX@Z 10001ba8 f i FiscalPrinter.obj
 0001:00000bb5       ?AddRef@?$CComObject@VCOPOSFiscalPrinter@@@ATL@@WJI@AGKXZ 10001bb5 f i FiscalPrinter.obj
 0001:00000bc2       ?Release@?$CComObject@VCOPOSFiscalPrinter@@@ATL@@WJI@AGKXZ 10001bc2 f i FiscalPrinter.obj
 0001:00000bcf       ?QueryInterface@?$CComObject@VCOPOSFiscalPrinter@@@ATL@@WJM@AGJABU_GUID@@PAPAX@Z 10001bcf f i FiscalPrinter.obj
 0001:00000bdc       ?AddRef@?$CComObject@VCOPOSFiscalPrinter@@@ATL@@WJM@AGKXZ 10001bdc f i FiscalPrinter.obj
 0001:00000be9       ?Release@?$CComObject@VCOPOSFiscalPrinter@@@ATL@@WJM@AGKXZ 10001be9 f i FiscalPrinter.obj
 0001:00000bf6       ?QueryInterface@?$CComObject@VCOPOSFiscalPrinter@@@ATL@@WKA@AGJABU_GUID@@PAPAX@Z 10001bf6 f i FiscalPrinter.obj
 0001:00000c03       ?AddRef@?$CComObject@VCOPOSFiscalPrinter@@@ATL@@WKA@AGKXZ 10001c03 f i FiscalPrinter.obj
 0001:00000c10       ?Release@?$CComObject@VCOPOSFiscalPrinter@@@ATL@@WKA@AGKXZ 10001c10 f i FiscalPrinter.obj
 0001:00000c1d       ?AddRef@?$CComObject@VCOPOSFiscalPrinter@@@ATL@@WKI@AGKXZ 10001c1d f i FiscalPrinter.obj
 0001:00000c2a       ?Release@?$CComObject@VCOPOSFiscalPrinter@@@ATL@@WKI@AGKXZ 10001c2a f i FiscalPrinter.obj
 0001:00000c37       ?AddRef@?$CComObject@VCOPOSFiscalPrinter@@@ATL@@WLE@AGKXZ 10001c37 f i FiscalPrinter.obj
 0001:00000c44       ?Release@?$CComObject@VCOPOSFiscalPrinter@@@ATL@@WLE@AGKXZ 10001c44 f i FiscalPrinter.obj
 0001:00000c51       ??_E?$CComContainedObject@VCOPOSFiscalPrinter@@@ATL@@W3AEPAXI@Z 10001c51 f i FiscalPrinter.obj
 0001:00000c59       ??_E?$CComContainedObject@VCOPOSFiscalPrinter@@@ATL@@WEM@AEPAXI@Z 10001c59 f i FiscalPrinter.obj
 0001:00000c61       ?QueryInterface@?$CComContainedObject@VCOPOSFiscalPrinter@@@ATL@@WHA@AGJABU_GUID@@PAPAX@Z 10001c61 f i FiscalPrinter.obj
 0001:00000c6b       ?AddRef@?$CComContainedObject@VCOPOSFiscalPrinter@@@ATL@@WHA@AGKXZ 10001c6b f i FiscalPrinter.obj
 0001:00000c75       ?Release@?$CComContainedObject@VCOPOSFiscalPrinter@@@ATL@@WHA@AGKXZ 10001c75 f i FiscalPrinter.obj
 0001:00000c7f       ?QueryInterface@?$CComContainedObject@VCOPOSFiscalPrinter@@@ATL@@WHE@AGJABU_GUID@@PAPAX@Z 10001c7f f i FiscalPrinter.obj
 0001:00000c89       ?AddRef@?$CComContainedObject@VCOPOSFiscalPrinter@@@ATL@@WHE@AGKXZ 10001c89 f i FiscalPrinter.obj
 0001:00000c93       ?Release@?$CComContainedObject@VCOPOSFiscalPrinter@@@ATL@@WHE@AGKXZ 10001c93 f i FiscalPrinter.obj
 0001:00000c9d       ?QueryInterface@?$CComContainedObject@VCOPOSFiscalPrinter@@@ATL@@WHI@AGJABU_GUID@@PAPAX@Z 10001c9d f i FiscalPrinter.obj
 0001:00000ca7       ?AddRef@?$CComContainedObject@VCOPOSFiscalPrinter@@@ATL@@WHI@AGKXZ 10001ca7 f i FiscalPrinter.obj
 0001:00000cb1       ?Release@?$CComContainedObject@VCOPOSFiscalPrinter@@@ATL@@WHI@AGKXZ 10001cb1 f i FiscalPrinter.obj
 0001:00000cbb       ?QueryInterface@?$CComContainedObject@VCOPOSFiscalPrinter@@@ATL@@WHM@AGJABU_GUID@@PAPAX@Z 10001cbb f i FiscalPrinter.obj
 0001:00000cc5       ?AddRef@?$CComContainedObject@VCOPOSFiscalPrinter@@@ATL@@WHM@AGKXZ 10001cc5 f i FiscalPrinter.obj
 0001:00000ccf       ?Release@?$CComContainedObject@VCOPOSFiscalPrinter@@@ATL@@WHM@AGKXZ 10001ccf f i FiscalPrinter.obj
 0001:00000cd9       ?QueryInterface@?$CComContainedObject@VCOPOSFiscalPrinter@@@ATL@@WIA@AGJABU_GUID@@PAPAX@Z 10001cd9 f i FiscalPrinter.obj
 0001:00000ce6       ?AddRef@?$CComContainedObject@VCOPOSFiscalPrinter@@@ATL@@WIA@AGKXZ 10001ce6 f i FiscalPrinter.obj
 0001:00000cf3       ?Release@?$CComContainedObject@VCOPOSFiscalPrinter@@@ATL@@WIA@AGKXZ 10001cf3 f i FiscalPrinter.obj
 0001:00000d00       ?QueryInterface@?$CComContainedObject@VCOPOSFiscalPrinter@@@ATL@@WIE@AGJABU_GUID@@PAPAX@Z 10001d00 f i FiscalPrinter.obj
 0001:00000d0d       ?AddRef@?$CComContainedObject@VCOPOSFiscalPrinter@@@ATL@@WIE@AGKXZ 10001d0d f i FiscalPrinter.obj
 0001:00000d1a       ?Release@?$CComContainedObject@VCOPOSFiscalPrinter@@@ATL@@WIE@AGKXZ 10001d1a f i FiscalPrinter.obj
 0001:00000d27       ?QueryInterface@?$CComContainedObject@VCOPOSFiscalPrinter@@@ATL@@WII@AGJABU_GUID@@PAPAX@Z 10001d27 f i FiscalPrinter.obj
 0001:00000d34       ?AddRef@?$CComContainedObject@VCOPOSFiscalPrinter@@@ATL@@WII@AGKXZ 10001d34 f i FiscalPrinter.obj
 0001:00000d41       ?Release@?$CComContainedObject@VCOPOSFiscalPrinter@@@ATL@@WII@AGKXZ 10001d41 f i FiscalPrinter.obj
 0001:00000d4e       ?QueryInterface@?$CComContainedObject@VCOPOSFiscalPrinter@@@ATL@@WIM@AGJABU_GUID@@PAPAX@Z 10001d4e f i FiscalPrinter.obj
 0001:00000d5b       ?AddRef@?$CComContainedObject@VCOPOSFiscalPrinter@@@ATL@@WIM@AGKXZ 10001d5b f i FiscalPrinter.obj
 0001:00000d68       ?Release@?$CComContainedObject@VCOPOSFiscalPrinter@@@ATL@@WIM@AGKXZ 10001d68 f i FiscalPrinter.obj
 0001:00000d75       ?QueryInterface@?$CComContainedObject@VCOPOSFiscalPrinter@@@ATL@@WJA@AGJABU_GUID@@PAPAX@Z 10001d75 f i FiscalPrinter.obj
 0001:00000d82       ?AddRef@?$CComContainedObject@VCOPOSFiscalPrinter@@@ATL@@WJA@AGKXZ 10001d82 f i FiscalPrinter.obj
 0001:00000d8f       ?Release@?$CComContainedObject@VCOPOSFiscalPrinter@@@ATL@@WJA@AGKXZ 10001d8f f i FiscalPrinter.obj
 0001:00000d9c       ?QueryInterface@?$CComContainedObject@VCOPOSFiscalPrinter@@@ATL@@WJE@AGJABU_GUID@@PAPAX@Z 10001d9c f i FiscalPrinter.obj
 0001:00000da9       ?AddRef@?$CComContainedObject@VCOPOSFiscalPrinter@@@ATL@@WJE@AGKXZ 10001da9 f i FiscalPrinter.obj
 0001:00000db6       ?Release@?$CComContainedObject@VCOPOSFiscalPrinter@@@ATL@@WJE@AGKXZ 10001db6 f i FiscalPrinter.obj
 0001:00000dc3       ?QueryInterface@?$CComContainedObject@VCOPOSFiscalPrinter@@@ATL@@WJI@AGJABU_GUID@@PAPAX@Z 10001dc3 f i FiscalPrinter.obj
 0001:00000dd0       ?AddRef@?$CComContainedObject@VCOPOSFiscalPrinter@@@ATL@@WJI@AGKXZ 10001dd0 f i FiscalPrinter.obj
 0001:00000ddd       ?Release@?$CComContainedObject@VCOPOSFiscalPrinter@@@ATL@@WJI@AGKXZ 10001ddd f i FiscalPrinter.obj
 0001:00000dea       ?QueryInterface@?$CComContainedObject@VCOPOSFiscalPrinter@@@ATL@@WJM@AGJABU_GUID@@PAPAX@Z 10001dea f i FiscalPrinter.obj
 0001:00000df7       ?AddRef@?$CComContainedObject@VCOPOSFiscalPrinter@@@ATL@@WJM@AGKXZ 10001df7 f i FiscalPrinter.obj
 0001:00000e04       ?Release@?$CComContainedObject@VCOPOSFiscalPrinter@@@ATL@@WJM@AGKXZ 10001e04 f i FiscalPrinter.obj
 0001:00000e11       ?QueryInterface@?$CComContainedObject@VCOPOSFiscalPrinter@@@ATL@@WKA@AGJABU_GUID@@PAPAX@Z 10001e11 f i FiscalPrinter.obj
 0001:00000e1e       ?AddRef@?$CComContainedObject@VCOPOSFiscalPrinter@@@ATL@@WKA@AGKXZ 10001e1e f i FiscalPrinter.obj
 0001:00000e2b       ?Release@?$CComContainedObject@VCOPOSFiscalPrinter@@@ATL@@WKA@AGKXZ 10001e2b f i FiscalPrinter.obj
 0001:00000e38       ?AddRef@?$CComContainedObject@VCOPOSFiscalPrinter@@@ATL@@WKI@AGKXZ 10001e38 f i FiscalPrinter.obj
 0001:00000e45       ?Release@?$CComContainedObject@VCOPOSFiscalPrinter@@@ATL@@WKI@AGKXZ 10001e45 f i FiscalPrinter.obj
 0001:00000e52       ?AddRef@?$CComContainedObject@VCOPOSFiscalPrinter@@@ATL@@WLE@AGKXZ 10001e52 f i FiscalPrinter.obj
 0001:00000e5f       ?Release@?$CComContainedObject@VCOPOSFiscalPrinter@@@ATL@@WLE@AGKXZ 10001e5f f i FiscalPrinter.obj
 0001:00000e6c       ?Lock@CAtlModule@ATL@@UAEJXZ 10001e6c f i FiscalPrinter.obj
 0001:00000e76       ?Unlock@CAtlModule@ATL@@UAEJXZ 10001e76 f i FiscalPrinter.obj
 0001:00000e80       ?GetLockCount@CAtlModule@ATL@@UAEJXZ 10001e80 f i FiscalPrinter.obj
 0001:00000e84       ?GetGITPtr@CAtlModule@ATL@@UAEJPAPAUIGlobalInterfaceTable@@@Z 10001e84 f i FiscalPrinter.obj
 0001:00000ed0       ?AddCommonRGSReplacements@?$CAtlModuleT@VCComModule@ATL@@@ATL@@UAEJPAUIRegistrarBase@@@Z 10001ed0 f i FiscalPrinter.obj
 0001:00000eea       ?GetTypeInfoCount@?$IDispatchImpl@UIOPOSFiscalPrinter@@$1?IID_IOPOSFiscalPrinter@@3U_GUID@@B$1?LIBID_OposFiscalPrinter_CCO@@3U3@B$00$0A@VCComTypeInfoHolder@ATL@@@ATL@@UAGJPAI@Z 10001eea f i FiscalPrinter.obj
 0001:00000f07       ?GetTypeInfo@?$IDispatchImpl@UIOPOSFiscalPrinter@@$1?IID_IOPOSFiscalPrinter@@3U_GUID@@B$1?LIBID_OposFiscalPrinter_CCO@@3U3@B$00$0A@VCComTypeInfoHolder@ATL@@@ATL@@UAGJIKPAPAUITypeInfo@@@Z 10001f07 f i FiscalPrinter.obj
 0001:00000f2b       ?GetIDsOfNames@?$IDispatchImpl@UIOPOSFiscalPrinter@@$1?IID_IOPOSFiscalPrinter@@3U_GUID@@B$1?LIBID_OposFiscalPrinter_CCO@@3U3@B$00$0A@VCComTypeInfoHolder@ATL@@@ATL@@UAGJABU_GUID@@PAPA_WIKPAJ@Z 10001f2b f i FiscalPrinter.obj
 0001:00000f4b       ?Invoke@?$IDispatchImpl@UIOPOSFiscalPrinter@@$1?IID_IOPOSFiscalPrinter@@3U_GUID@@B$1?LIBID_OposFiscalPrinter_CCO@@3U3@B$00$0A@VCComTypeInfoHolder@ATL@@@ATL@@UAGJJABU_GUID@@KGPAUtagDISPPARAMS@@PAUtagVARIANT@@PAUtagEXCEPINFO@@PAI@Z 10001f4b f i FiscalPrinter.obj
 0001:00000f59       ?UpdateRegistryFromResourceD@CComModule@ATL@@UAGJPB_WHPAU_ATL_REGMAP_ENTRY@2@@Z 10001f59 f i FiscalPrinter.obj
 0001:00000f59       ?UpdateRegistryFromResourceD@CComModule@ATL@@UAGJIHPAU_ATL_REGMAP_ENTRY@2@@Z 10001f59 f i FiscalPrinter.obj
 0001:00000f61       ?UpdateRegistryFromResource@CComModule@ATL@@UAGJPB_WHPAU_ATL_REGMAP_ENTRY@2@@Z 10001f61 f i FiscalPrinter.obj
 0001:00000f6a       ?UpdateRegistryFromResource@CComModule@ATL@@UAGJIHPAU_ATL_REGMAP_ENTRY@2@@Z 10001f6a f i FiscalPrinter.obj
 0001:00000f73       ?CreateControlWindow@?$CComControl@VCOPOSFiscalPrinter@@V?$CWindowImpl@VCOPOSFiscalPrinter@@VCWindow@ATL@@V?$CWinTraits@$0FGAAAAAA@$0A@@3@@ATL@@@ATL@@UAEPAUHWND__@@PAU3@AAUtagRECT@@@Z 10001f73 f i FiscalPrinter.obj
 0001:00000fa2       ?ControlQueryInterface@?$CComControl@VCOPOSFiscalPrinter@@V?$CWindowImpl@VCOPOSFiscalPrinter@@VCWindow@ATL@@V?$CWinTraits@$0FGAAAAAA@$0A@@3@@ATL@@@ATL@@UAEJABU_GUID@@PAPAX@Z 10001fa2 f i FiscalPrinter.obj
 0001:00000fbd       ??_GCComModule@ATL@@UAEPAXI@Z 10001fbd f i FiscalPrinter.obj
 0001:00000fbd       ??_ECComModule@ATL@@UAEPAXI@Z 10001fbd f i FiscalPrinter.obj
 0001:00000fe5       ?GetClassID@?$IPersistStorageImpl@VCOPOSFiscalPrinter@@@ATL@@UAGJPAU_GUID@@@Z 10001fe5 f i FiscalPrinter.obj
 0001:00000fe5       ?GetClassID@?$IPersistStreamInitImpl@VCOPOSFiscalPrinter@@@ATL@@UAGJPAU_GUID@@@Z 10001fe5 f i FiscalPrinter.obj
 0001:00000fe5       ?GetUserClassID@?$IOleObjectImpl@VCOPOSFiscalPrinter@@@ATL@@UAGJPAU_GUID@@@Z 10001fe5 f i FiscalPrinter.obj
 0001:00001009       ?IsDirty@?$IPersistStreamInitImpl@VCOPOSFiscalPrinter@@@ATL@@UAGJXZ 10002009 f i FiscalPrinter.obj
 0001:00001028       ?Load@?$IPersistStreamInitImpl@VCOPOSFiscalPrinter@@@ATL@@UAGJPAUIStream@@@Z 10002028 f i FiscalPrinter.obj
 0001:00001047       ?Save@?$IPersistStreamInitImpl@VCOPOSFiscalPrinter@@@ATL@@UAGJPAUIStream@@H@Z 10002047 f i FiscalPrinter.obj
 0001:00001069       ?GetSizeMax@?$IPersistStreamInitImpl@VCOPOSFiscalPrinter@@@ATL@@UAGJPAT_ULARGE_INTEGER@@@Z 10002069 f i FiscalPrinter.obj
 0001:00001248       ?InitNew@?$IPersistStreamInitImpl@VCOPOSFiscalPrinter@@@ATL@@UAGJXZ 10002248 f i FiscalPrinter.obj
 0001:00001265       ?SetColorScheme@?$IOleObjectImpl@VCOPOSFiscalPrinter@@@ATL@@UAGJPAUtagLOGPALETTE@@@Z 10002265 f i FiscalPrinter.obj
 0001:00001265       ?GetDropTarget@?$IOleInPlaceObjectWindowlessImpl@VCOPOSFiscalPrinter@@@ATL@@UAGJPAPAUIDropTarget@@@Z 10002265 f i FiscalPrinter.obj
 0001:00001265       ?OnMnemonic@?$IOleControlImpl@VCOPOSFiscalPrinter@@@ATL@@UAGJPAUtagMSG@@@Z 10002265 f i FiscalPrinter.obj
 0001:00001265       ?ContextSensitiveHelp@?$IOleInPlaceActiveObjectImpl@VCOPOSFiscalPrinter@@@ATL@@UAGJH@Z 10002265 f i FiscalPrinter.obj
 0001:00001265       ?Unfreeze@?$IViewObjectExImpl@VCOPOSFiscalPrinter@@@ATL@@UAGJK@Z 10002265 f i FiscalPrinter.obj
 0001:00001265       ?QueryGetData@?$IDataObjectImpl@VCOPOSFiscalPrinter@@@ATL@@UAGJPAUtagFORMATETC@@@Z 10002265 f i FiscalPrinter.obj
 0001:00001265       ?GetControlInfo@?$IOleControlImpl@VCOPOSFiscalPrinter@@@ATL@@UAGJPAUtagCONTROLINFO@@@Z 10002265 f i FiscalPrinter.obj
 0001:00001265       ?SODataDummy@COPOSFiscalPrinter@@MAGJJ@Z 10002265 f i FiscalPrinter.obj
 0001:00001265       ?ContextSensitiveHelp@?$IOleInPlaceObjectWindowlessImpl@VCOPOSFiscalPrinter@@@ATL@@UAGJH@Z 10002265 f i FiscalPrinter.obj
 0001:0000126d       ?OnAmbientPropertyChange@?$IOleControlImpl@VCOPOSFiscalPrinter@@@ATL@@UAGJJ@Z 1000226d f i FiscalPrinter.obj
 0001:0000126d       ?EnableModeless@?$IOleInPlaceActiveObjectImpl@VCOPOSFiscalPrinter@@@ATL@@UAGJH@Z 1000226d f i FiscalPrinter.obj
 0001:0000126d       ?OnFrameWindowActivate@?$IOleInPlaceActiveObjectImpl@VCOPOSFiscalPrinter@@@ATL@@UAGJH@Z 1000226d f i FiscalPrinter.obj
 0001:0000126d       ?SaveCompleted@?$IPersistStorageImpl@VCOPOSFiscalPrinter@@@ATL@@UAGJPAUIStorage@@@Z 1000226d f i FiscalPrinter.obj
 0001:00001272       ?SetClientSite@?$IOleObjectImpl@VCOPOSFiscalPrinter@@@ATL@@UAGJPAUIOleClientSite@@@Z 10002272 f i FiscalPrinter.obj
 0001:0000128f       ?GetClientSite@?$IOleObjectImpl@VCOPOSFiscalPrinter@@@ATL@@UAGJPAPAUIOleClientSite@@@Z 1000228f f i FiscalPrinter.obj
 0001:000012ac       ?SetHostNames@?$IOleObjectImpl@VCOPOSFiscalPrinter@@@ATL@@UAGJPB_W0@Z 100022ac f i FiscalPrinter.obj
 0001:000012b1       ?Close@?$IOleObjectImpl@VCOPOSFiscalPrinter@@@ATL@@UAGJK@Z 100022b1 f i FiscalPrinter.obj
 0001:000012ce       ?EnumFormatEtc@?$IDataObjectImpl@VCOPOSFiscalPrinter@@@ATL@@UAGJKPAPAUIEnumFORMATETC@@@Z 100022ce f i FiscalPrinter.obj
 0001:000012ce       ?GetClipboardData@?$IOleObjectImpl@VCOPOSFiscalPrinter@@@ATL@@UAGJKPAPAUIDataObject@@@Z 100022ce f i FiscalPrinter.obj
 0001:000012ce       ?SetMoniker@?$IOleObjectImpl@VCOPOSFiscalPrinter@@@ATL@@UAGJKPAUIMoniker@@@Z 100022ce f i FiscalPrinter.obj
 0001:000012ce       ?GetDataHere@?$IDataObjectImpl@VCOPOSFiscalPrinter@@@ATL@@UAGJPAUtagFORMATETC@@PAUtagSTGMEDIUM@@@Z 100022ce f i FiscalPrinter.obj
 0001:000012ce       ?GetRect@?$IViewObjectExImpl@VCOPOSFiscalPrinter@@@ATL@@UAGJKPAU_RECTL@@@Z 100022ce f i FiscalPrinter.obj
 0001:000012ce       ?GetCanonicalFormatEtc@?$IDataObjectImpl@VCOPOSFiscalPrinter@@@ATL@@UAGJPAUtagFORMATETC@@0@Z 100022ce f i FiscalPrinter.obj
 0001:000012ce       ?QueryInterface@CRegObject@ATL@@UAGJABU_GUID@@PAPAX@Z 100022ce f i FiscalPrinter.obj
 0001:000012d6       ?InitFromData@?$IOleObjectImpl@VCOPOSFiscalPrinter@@@ATL@@UAGJPAUIDataObject@@HK@Z 100022d6 f i FiscalPrinter.obj
 0001:000012d6       ?SetData@?$IDataObjectImpl@VCOPOSFiscalPrinter@@@ATL@@UAGJPAUtagFORMATETC@@PAUtagSTGMEDIUM@@H@Z 100022d6 f i FiscalPrinter.obj
 0001:000012d6       ?GetMoniker@?$IOleObjectImpl@VCOPOSFiscalPrinter@@@ATL@@UAGJKKPAPAUIMoniker@@@Z 100022d6 f i FiscalPrinter.obj
 0001:000012de       ?DoVerb@?$IOleObjectImpl@VCOPOSFiscalPrinter@@@ATL@@UAGJJPAUtagMSG@@PAUIOleClientSite@@JPAUHWND__@@PBUtagRECT@@@Z 100022de f i FiscalPrinter.obj
 0001:000013d2       ?EnumVerbs@?$IOleObjectImpl@VCOPOSFiscalPrinter@@@ATL@@UAGJPAPAUIEnumOLEVERB@@@Z 100023d2 f i FiscalPrinter.obj
 0001:000013f4       ?HandsOffStorage@?$IPersistStorageImpl@VCOPOSFiscalPrinter@@@ATL@@UAGJXZ 100023f4 f i FiscalPrinter.obj
 0001:000013f4       ?Release@CRegObject@ATL@@UAGKXZ 100023f4 f i FiscalPrinter.obj
 0001:000013f4       ?IsUpToDate@?$IOleObjectImpl@VCOPOSFiscalPrinter@@@ATL@@UAGJXZ 100023f4 f i FiscalPrinter.obj
 0001:000013f4       ?Update@?$IOleObjectImpl@VCOPOSFiscalPrinter@@@ATL@@UAGJXZ 100023f4 f i FiscalPrinter.obj
 0001:000013f9       ?GetUserType@?$IOleObjectImpl@VCOPOSFiscalPrinter@@@ATL@@UAGJKPAPA_W@Z 100023f9 f i FiscalPrinter.obj
 0001:00001411       ?SetExtent@?$IOleObjectImpl@VCOPOSFiscalPrinter@@@ATL@@UAGJKPAUtagSIZE@@@Z 10002411 f i FiscalPrinter.obj
 0001:00001431       ?GetExtent@?$IOleObjectImpl@VCOPOSFiscalPrinter@@@ATL@@UAGJKPAUtagSIZE@@@Z 10002431 f i FiscalPrinter.obj
 0001:0000146f       ?Advise@?$IOleObjectImpl@VCOPOSFiscalPrinter@@@ATL@@UAGJPAUIAdviseSink@@PAK@Z 1000246f f i FiscalPrinter.obj
 0001:0000148f       ?Unadvise@?$IOleObjectImpl@VCOPOSFiscalPrinter@@@ATL@@UAGJK@Z 1000248f f i FiscalPrinter.obj
 0001:000014be       ?EnumAdvise@?$IOleObjectImpl@VCOPOSFiscalPrinter@@@ATL@@UAGJPAPAUIEnumSTATDATA@@@Z 100024be f i FiscalPrinter.obj
 0001:000014fe       ?GetMiscStatus@?$IOleObjectImpl@VCOPOSFiscalPrinter@@@ATL@@UAGJKPAK@Z 100024fe f i FiscalPrinter.obj
 0001:00001516       ?GetWindow@?$IOleInPlaceActiveObjectImpl@VCOPOSFiscalPrinter@@@ATL@@UAGJPAPAUHWND__@@@Z 10002516 f i FiscalPrinter.obj
 0001:00001563       ?TranslateAcceleratorW@?$IOleInPlaceActiveObjectImpl@VCOPOSFiscalPrinter@@@ATL@@UAGJPAUtagMSG@@@Z 10002563 f i FiscalPrinter.obj
 0001:00001611       ?OnDocWindowActivate@?$IOleInPlaceActiveObjectImpl@VCOPOSFiscalPrinter@@@ATL@@UAGJH@Z 10002611 f i FiscalPrinter.obj
 0001:00001633       ?ResizeBorder@?$IOleInPlaceActiveObjectImpl@VCOPOSFiscalPrinter@@@ATL@@UAGJPBUtagRECT@@PAUIOleInPlaceUIWindow@@H@Z 10002633 f i FiscalPrinter.obj
 0001:00001638       ?Draw@?$IViewObjectExImpl@VCOPOSFiscalPrinter@@@ATL@@UAGJKJPAXPAUtagDVTARGETDEVICE@@PAUHDC__@@2PBU_RECTL@@3P6GHK@ZK@Z 10002638 f i FiscalPrinter.obj
 0001:0000166a       ?GetColorSet@?$IViewObjectExImpl@VCOPOSFiscalPrinter@@@ATL@@UAGJKJPAXPAUtagDVTARGETDEVICE@@PAUHDC__@@PAPAUtagLOGPALETTE@@@Z 1000266a f i FiscalPrinter.obj
 0001:00001672       ?Freeze@?$IViewObjectExImpl@VCOPOSFiscalPrinter@@@ATL@@UAGJKJPAXPAK@Z 10002672 f i FiscalPrinter.obj
 0001:0000167a       ?SetAdvise@?$IViewObjectExImpl@VCOPOSFiscalPrinter@@@ATL@@UAGJKKPAUIAdviseSink@@@Z 1000267a f i FiscalPrinter.obj
 0001:00001699       ?GetAdvise@?$IViewObjectExImpl@VCOPOSFiscalPrinter@@@ATL@@UAGJPAK0PAPAUIAdviseSink@@@Z 10002699 f i FiscalPrinter.obj
 0001:000016ce       ?GetExtent@?$IViewObjectExImpl@VCOPOSFiscalPrinter@@@ATL@@UAGJKJPAUtagDVTARGETDEVICE@@PAUtagSIZE@@@Z 100026ce f i FiscalPrinter.obj
 0001:000016ff       ?GetViewStatus@?$IViewObjectExImpl@VCOPOSFiscalPrinter@@@ATL@@UAGJPAK@Z 100026ff f i FiscalPrinter.obj
 0001:0000171c       ?QueryHitPoint@?$IViewObjectExImpl@VCOPOSFiscalPrinter@@@ATL@@UAGJKPBUtagRECT@@UtagPOINT@@JPAK@Z 1000271c f i FiscalPrinter.obj
 0001:0000175d       ?QueryHitRect@?$IViewObjectExImpl@VCOPOSFiscalPrinter@@@ATL@@UAGJKPBUtagRECT@@0JPAK@Z 1000275d f i FiscalPrinter.obj
 0001:000017b8       ?GetNaturalExtent@?$IViewObjectExImpl@VCOPOSFiscalPrinter@@@ATL@@UAGJKJPAUtagDVTARGETDEVICE@@PAUHDC__@@PAUtagExtentInfo@@PAUtagSIZE@@@Z 100027b8 f i FiscalPrinter.obj
 0001:00001803       ?GetWindow@?$IOleInPlaceObjectWindowlessImpl@VCOPOSFiscalPrinter@@@ATL@@UAGJPAPAUHWND__@@@Z 10002803 f i FiscalPrinter.obj
 0001:00001850       ?InPlaceDeactivate@?$IOleInPlaceObjectWindowlessImpl@VCOPOSFiscalPrinter@@@ATL@@UAGJXZ 10002850 f i FiscalPrinter.obj
 0001:0000186a       ?UIDeactivate@?$IOleInPlaceObjectWindowlessImpl@VCOPOSFiscalPrinter@@@ATL@@UAGJXZ 1000286a f i FiscalPrinter.obj
 0001:00001884       ?SetObjectRects@?$IOleInPlaceObjectWindowlessImpl@VCOPOSFiscalPrinter@@@ATL@@UAGJPBUtagRECT@@0@Z 10002884 f i FiscalPrinter.obj
 0001:000018a4       ?ReactivateAndUndo@?$IOleInPlaceObjectWindowlessImpl@VCOPOSFiscalPrinter@@@ATL@@UAGJXZ 100028a4 f i FiscalPrinter.obj
 0001:000018ac       ?OnWindowMessage@?$IOleInPlaceObjectWindowlessImpl@VCOPOSFiscalPrinter@@@ATL@@UAGJIIJPAJ@Z 100028ac f i FiscalPrinter.obj
 0001:0000191c       ?EnumConnectionPoints@?$IConnectionPointContainerImpl@VCOPOSFiscalPrinter@@@ATL@@UAGJPAPAUIEnumConnectionPoints@@@Z 1000291c f i FiscalPrinter.obj
 0001:00001a96       ?FindConnectionPoint@?$IConnectionPointContainerImpl@VCOPOSFiscalPrinter@@@ATL@@UAGJABU_GUID@@PAPAUIConnectionPoint@@@Z 10002a96 f i FiscalPrinter.obj
 0001:00001b39       ?IsDirty@?$IPersistStorageImpl@VCOPOSFiscalPrinter@@@ATL@@UAGJXZ 10002b39 f i FiscalPrinter.obj
 0001:00001b6d       ?InitNew@?$IPersistStorageImpl@VCOPOSFiscalPrinter@@@ATL@@UAGJPAUIStorage@@@Z 10002b6d f i FiscalPrinter.obj
 0001:00001ba1       ?Load@?$IPersistStorageImpl@VCOPOSFiscalPrinter@@@ATL@@UAGJPAUIStorage@@@Z 10002ba1 f i FiscalPrinter.obj
 0001:00001c0d       ?Save@?$IPersistStorageImpl@VCOPOSFiscalPrinter@@@ATL@@UAGJPAUIStorage@@H@Z 10002c0d f i FiscalPrinter.obj
 0001:00001c80       ?GetPages@?$ISpecifyPropertyPagesImpl@VCOPOSFiscalPrinter@@@ATL@@UAGJPAUtagCAUUID@@@Z 10002c80 f i FiscalPrinter.obj
 0001:00001c97       ?QuickActivate@?$IQuickActivateImpl@VCOPOSFiscalPrinter@@@ATL@@UAGJPAUtagQACONTAINER@@PAUtagQACONTROL@@@Z 10002c97 f i FiscalPrinter.obj
 0001:00001cba       ?SetContentExtent@?$IQuickActivateImpl@VCOPOSFiscalPrinter@@@ATL@@UAGJPAUtagSIZE@@@Z 10002cba f i FiscalPrinter.obj
 0001:00001ce6       ?GetContentExtent@?$IQuickActivateImpl@VCOPOSFiscalPrinter@@@ATL@@UAGJPAUtagSIZE@@@Z 10002ce6 f i FiscalPrinter.obj
 0001:00001d20       ?GetData@?$IDataObjectImpl@VCOPOSFiscalPrinter@@@ATL@@UAGJPAUtagFORMATETC@@PAUtagSTGMEDIUM@@@Z 10002d20 f i FiscalPrinter.obj
 0001:00001d43       ?DAdvise@?$IDataObjectImpl@VCOPOSFiscalPrinter@@@ATL@@UAGJPAUtagFORMATETC@@KPAUIAdviseSink@@PAK@Z 10002d43 f i FiscalPrinter.obj
 0001:00001d84       ?DUnadvise@?$IDataObjectImpl@VCOPOSFiscalPrinter@@@ATL@@UAGJK@Z 10002d84 f i FiscalPrinter.obj
 0001:00001db2       ?EnumDAdvise@?$IDataObjectImpl@VCOPOSFiscalPrinter@@@ATL@@UAGJPAPAUIEnumSTATDATA@@@Z 10002db2 f i FiscalPrinter.obj
 0001:00001df1       ?GetClassInfoW@?$IProvideClassInfo2Impl@$1?CLSID_OPOSFiscalPrinter@@3U_GUID@@B$1?DIID__IOPOSFiscalPrinterEvents@@3U2@B$1?LIBID_OposFiscalPrinter_CCO@@3U2@B$00$0A@VCComTypeInfoHolder@ATL@@@ATL@@UAGJPAPAUITypeInfo@@@Z 10002df1 f i FiscalPrinter.obj
 0001:00001e07       ?GetGUID@?$IProvideClassInfo2Impl@$1?CLSID_OPOSFiscalPrinter@@3U_GUID@@B$1?DIID__IOPOSFiscalPrinterEvents@@3U2@B$1?LIBID_OposFiscalPrinter_CCO@@3U2@B$00$0A@VCComTypeInfoHolder@ATL@@@ATL@@UAGJKPAU_GUID@@@Z 10002e07 f i FiscalPrinter.obj
 0001:00001e45       __get_startup_argv_mode    10002e45 f i LIBCMT:argv_mode.obj
 0001:00001e45       ?FAccessAllowed@?$IObjectSafetyImpl@VCOPOSFiscalPrinter@@$02@ATL@@MAEHXZ 10002e45 f i FiscalPrinter.obj
 0001:00001e49       ?GetInterfaceSafetyOptions@?$IObjectSafetyImpl@VCOPOSFiscalPrinter@@$02@ATL@@UAGJABU_GUID@@PAK1@Z 10002e49 f i FiscalPrinter.obj
 0001:00001ebd       ?SetInterfaceSafetyOptions@?$IObjectSafetyImpl@VCOPOSFiscalPrinter@@$02@ATL@@UAGJABU_GUID@@KK@Z 10002ebd f i FiscalPrinter.obj
 0001:00001f37       ?_LocCPQueryInterface@?$IConnectionPointImpl@VCOPOSFiscalPrinter@@$1?DIID__IOPOSFiscalPrinterEvents@@3U_GUID@@BVCComDynamicUnkArray@ATL@@@ATL@@UAGJABU_GUID@@PAPAX@Z 10002f37 f i FiscalPrinter.obj
 0001:00001f37       ?_LocCPQueryInterface@?$IConnectionPointImpl@VCOPOSFiscalPrinter@@$1?IID_IPropertyNotifySink@@3U_GUID@@BVCComDynamicUnkArray@ATL@@@ATL@@UAGJABU_GUID@@PAPAX@Z 10002f37 f i FiscalPrinter.obj
 0001:00001f84       ?GetConnectionInterface@?$IConnectionPointImpl@VCOPOSFiscalPrinter@@$1?IID_IPropertyNotifySink@@3U_GUID@@BVCComDynamicUnkArray@ATL@@@ATL@@UAGJPAU_GUID@@@Z 10002f84 f i FiscalPrinter.obj
 0001:00001fa8       ?GetConnectionPointContainer@?$IConnectionPointImpl@VCOPOSFiscalPrinter@@$1?IID_IPropertyNotifySink@@3U_GUID@@BVCComDynamicUnkArray@ATL@@@ATL@@UAGJPAPAUIConnectionPointContainer@@@Z 10002fa8 f i FiscalPrinter.obj
 0001:00001fcb       ?Advise@?$IConnectionPointImpl@VCOPOSFiscalPrinter@@$1?DIID__IOPOSFiscalPrinterEvents@@3U_GUID@@BVCComDynamicUnkArray@ATL@@@ATL@@UAGJPAUIUnknown@@PAK@Z 10002fcb f i FiscalPrinter.obj
 0001:00001fcb       ?Advise@?$IConnectionPointImpl@VCOPOSFiscalPrinter@@$1?IID_IPropertyNotifySink@@3U_GUID@@BVCComDynamicUnkArray@ATL@@@ATL@@UAGJPAUIUnknown@@PAK@Z 10002fcb f i FiscalPrinter.obj
 0001:0000206c       ?Unadvise@?$IConnectionPointImpl@VCOPOSFiscalPrinter@@$1?DIID__IOPOSFiscalPrinterEvents@@3U_GUID@@BVCComDynamicUnkArray@ATL@@@ATL@@UAGJK@Z 1000306c f i FiscalPrinter.obj
 0001:0000206c       ?Unadvise@?$IConnectionPointImpl@VCOPOSFiscalPrinter@@$1?IID_IPropertyNotifySink@@3U_GUID@@BVCComDynamicUnkArray@ATL@@@ATL@@UAGJK@Z 1000306c f i FiscalPrinter.obj
 0001:000020ac       ?EnumConnections@?$IConnectionPointImpl@VCOPOSFiscalPrinter@@$1?DIID__IOPOSFiscalPrinterEvents@@3U_GUID@@BVCComDynamicUnkArray@ATL@@@ATL@@UAGJPAPAUIEnumConnections@@@Z 100030ac f i FiscalPrinter.obj
 0001:000020ac       ?EnumConnections@?$IConnectionPointImpl@VCOPOSFiscalPrinter@@$1?IID_IPropertyNotifySink@@3U_GUID@@BVCComDynamicUnkArray@ATL@@@ATL@@UAGJPAPAUIEnumConnections@@@Z 100030ac f i FiscalPrinter.obj
 0001:000021b2       ?GetCategoryMap@CComObjectRootBase@ATL@@SAPBU_ATL_CATMAP_ENTRY@2@XZ 100031b2 f i FiscalPrinter.obj
 0001:000021b2       ?GetObjectDescription@?$CComCoClass@VCOPOSFiscalPrinter@@$1?CLSID_OPOSFiscalPrinter@@3U_GUID@@B@ATL@@SGPB_WXZ 100031b2 f i FiscalPrinter.obj
 0001:000021b5       ?GetConnectionInterface@?$IConnectionPointImpl@VCOPOSFiscalPrinter@@$1?DIID__IOPOSFiscalPrinterEvents@@3U_GUID@@BVCComDynamicUnkArray@ATL@@@ATL@@UAGJPAU_GUID@@@Z 100031b5 f i FiscalPrinter.obj
 0001:000021d9       ?GetConnectionPointContainer@?$IConnectionPointImpl@VCOPOSFiscalPrinter@@$1?DIID__IOPOSFiscalPrinterEvents@@3U_GUID@@BVCComDynamicUnkArray@ATL@@@ATL@@UAGJPAPAUIConnectionPointContainer@@@Z 100031d9 f i FiscalPrinter.obj
 0001:000021fc       ?UpdateRegistry@COPOSFiscalPrinter@@SGJH@Z 100031fc f i FiscalPrinter.obj
 0001:00002214       ?ProcessWindowMessage@COPOSFiscalPrinter@@UAEHPAUHWND__@@IIJAAJK@Z 10003214 f i FiscalPrinter.obj
 0001:0000225d       ?SODirectIO@COPOSFiscalPrinter@@MAGJJPAJPAPA_W@Z 1000325d f i FiscalPrinter.obj
 0001:000022a6       ?SOError@COPOSFiscalPrinter@@MAGJJJJPAJ@Z 100032a6 f i FiscalPrinter.obj
 0001:000022fb       ?SOOutputComplete@COPOSFiscalPrinter@@MAGJJ@Z 100032fb f i FiscalPrinter.obj
 0001:00002334       ?SOStatusUpdate@COPOSFiscalPrinter@@MAGJJ@Z 10003334 f i FiscalPrinter.obj
 0001:0000236d       ?AddRef@CRegObject@ATL@@UAGKXZ 1000336d f i FiscalPrinter.obj
 0001:00002373       ?AddReplacement@CRegObject@ATL@@UAGJPB_W0@Z 10003373 f i FiscalPrinter.obj
 0001:000023ac       ?ClearReplacements@CRegObject@ATL@@UAGJXZ 100033ac f i FiscalPrinter.obj
 0001:000023be       ??_ECRegObject@ATL@@UAEPAXI@Z 100033be f i FiscalPrinter.obj
 0001:000023be       ??_GCRegObject@ATL@@UAEPAXI@Z 100033be f i FiscalPrinter.obj
 0001:000023e0       ?CreateInstance@?$CComCreator@V?$CComObjectCached@VCComClassFactory@ATL@@@ATL@@@ATL@@SGJPAXABU_GUID@@PAPAX@Z 100033e0 f i FiscalPrinter.obj
 0001:0000248c       ?CreateInstance@?$CComCreator2@V?$CComCreator@V?$CComObject@VCOPOSFiscalPrinter@@@ATL@@@ATL@@V?$CComCreator@V?$CComAggObject@VCOPOSFiscalPrinter@@@ATL@@@2@@ATL@@SGJPAXABU_GUID@@PAPAX@Z 1000348c f i FiscalPrinter.obj
 0001:000024ac       ?AddRef@?$CComObjectCached@VCComClassFactory@ATL@@@ATL@@UAGKXZ 100034ac f i FiscalPrinter.obj
 0001:000024d3       ?Release@?$CComObjectCached@VCComClassFactory@ATL@@@ATL@@UAGKXZ 100034d3 f i FiscalPrinter.obj
 0001:00002509       ?QueryInterface@?$CComObjectCached@VCComClassFactory@ATL@@@ATL@@UAGJABU_GUID@@PAPAX@Z 10003509 f i FiscalPrinter.obj
 0001:00002523       ??_E?$CComObjectCached@VCComClassFactory@ATL@@@ATL@@UAEPAXI@Z 10003523 f i FiscalPrinter.obj
 0001:00002523       ??_G?$CComObjectCached@VCComClassFactory@ATL@@@ATL@@UAEPAXI@Z 10003523 f i FiscalPrinter.obj
 0001:00002545       ?Next@?$CComEnumImpl@UIEnumConnectionPoints@@$1?_GUID_b196b285_bab4_101a_b69c_00aa00341d07@@3U__s_GUID@@BPAUIConnectionPoint@@V?$_CopyInterface@UIConnectionPoint@@@ATL@@@ATL@@UAGJKPAPAUIConnectionPoint@@PAK@Z 10003545 f i FiscalPrinter.obj
 0001:0000261c       ?Skip@?$CComEnumImpl@UIEnumConnectionPoints@@$1?_GUID_b196b285_bab4_101a_b69c_00aa00341d07@@3U__s_GUID@@BPAUIConnectionPoint@@V?$_CopyInterface@UIConnectionPoint@@@ATL@@@ATL@@UAGJK@Z 1000361c f i FiscalPrinter.obj
 0001:00002649       ?Clone@?$CComEnumImpl@UIEnumConnectionPoints@@$1?_GUID_b196b285_bab4_101a_b69c_00aa00341d07@@3U__s_GUID@@BPAUIConnectionPoint@@V?$_CopyInterface@UIConnectionPoint@@@ATL@@@ATL@@UAGJPAPAUIEnumConnectionPoints@@@Z 10003649 f i FiscalPrinter.obj
 0001:0000272a       ?QueryInterface@?$CComObject@V?$CComEnum@UIEnumConnectionPoints@@$1?_GUID_b196b285_bab4_101a_b69c_00aa00341d07@@3U__s_GUID@@BPAUIConnectionPoint@@V?$_CopyInterface@UIConnectionPoint@@@ATL@@VCComSingleThreadModel@6@@ATL@@@ATL@@UAGJABU_GUID@@PAPAX@Z 1000372a f i FiscalPrinter.obj
 0001:00002744       ??_G?$CComObject@V?$CComEnum@UIEnumConnectionPoints@@$1?_GUID_b196b285_bab4_101a_b69c_00aa00341d07@@3U__s_GUID@@BPAUIConnectionPoint@@V?$_CopyInterface@UIConnectionPoint@@@ATL@@VCComSingleThreadModel@6@@ATL@@@ATL@@UAEPAXI@Z 10003744 f i FiscalPrinter.obj
 0001:00002744       ??_E?$CComObject@V?$CComEnum@UIEnumConnectionPoints@@$1?_GUID_b196b285_bab4_101a_b69c_00aa00341d07@@3U__s_GUID@@BPAUIConnectionPoint@@V?$_CopyInterface@UIConnectionPoint@@@ATL@@VCComSingleThreadModel@6@@ATL@@@ATL@@UAEPAXI@Z 10003744 f i FiscalPrinter.obj
 0001:00002766       ?OnDrawAdvanced@CComControlBase@ATL@@UAEJAAUATL_DRAWINFO@@@Z 10003766 f i FiscalPrinter.obj
 0001:00002859       ?AddRef@?$CComAggObject@VCOPOSFiscalPrinter@@@ATL@@UAGKXZ 10003859 f i FiscalPrinter.obj
 0001:0000286a       ?Release@?$CComAggObject@VCOPOSFiscalPrinter@@@ATL@@UAGKXZ 1000386a f i FiscalPrinter.obj
 0001:000028a6       ?QueryInterface@?$CComAggObject@VCOPOSFiscalPrinter@@@ATL@@UAGJABU_GUID@@PAPAX@Z 100038a6 f i FiscalPrinter.obj
 0001:000028f5       ?AddRef@?$CComContainedObject@VCOPOSFiscalPrinter@@@ATL@@UAGKXZ 100038f5 f i FiscalPrinter.obj
 0001:0000290b       ?Release@?$CComContainedObject@VCOPOSFiscalPrinter@@@ATL@@UAGKXZ 1000390b f i FiscalPrinter.obj
 0001:00002921       ?QueryInterface@?$CComContainedObject@VCOPOSFiscalPrinter@@@ATL@@UAGJABU_GUID@@PAPAX@Z 10003921 f i FiscalPrinter.obj
 0001:0000293c       ??_E?$CComAggObject@VCOPOSFiscalPrinter@@@ATL@@UAEPAXI@Z 1000393c f i FiscalPrinter.obj
 0001:0000293c       ??_G?$CComAggObject@VCOPOSFiscalPrinter@@@ATL@@UAEPAXI@Z 1000393c f i FiscalPrinter.obj
 0001:00002961       ?AddRef@?$CComObject@VCOPOSFiscalPrinter@@@ATL@@UAGKXZ 10003961 f i FiscalPrinter.obj
 0001:00002978       ?Release@?$CComObject@VCOPOSFiscalPrinter@@@ATL@@UAGKXZ 10003978 f i FiscalPrinter.obj
 0001:000029ba       ?QueryInterface@?$CComObject@VCOPOSFiscalPrinter@@@ATL@@UAGJABU_GUID@@PAPAX@Z 100039ba f i FiscalPrinter.obj
 0001:000029d4       ??$?4UITypeInfo2@@@?$CComPtr@UITypeInfo@@@ATL@@QAEPAUITypeInfo@@ABV?$CComPtr@UITypeInfo2@@@1@@Z 100039d4 f i FiscalPrinter.obj
 0001:00002a01       ??$AtlAdd@K@ATL@@YAJPAKKK@Z 10003a01 f i FiscalPrinter.obj
 0001:00002a24       ??$AtlAdd@_K@ATL@@YAJPA_K_K1@Z 10003a24 f i FiscalPrinter.obj
 0001:00002a5c       ??$AtlAddThrow@K@ATL@@YAKKK@Z 10003a5c f i FiscalPrinter.obj
 0001:00002a82       ??$AtlModuleRegisterWndClassInfoT@VAtlModuleRegisterWndClassInfoParamW@ATL@@@ATL@@YAGPAU_ATL_BASE_MODULE70@0@PAU_ATL_WIN_MODULE70@0@PAU_ATL_WNDCLASSINFOW@0@PAP6GJPAUHWND__@@IIJ@ZVAtlModuleRegisterWndClassInfoParamW@0@@Z 10003a82 f i FiscalPrinter.obj
 0001:00002bd0       ??$AtlMultiply@H@ATL@@YAJPAHHH@Z 10003bd0 f i FiscalPrinter.obj
 0001:00002c08       ??$AtlMultiply@I@ATL@@YAJPAIII@Z 10003c08 f i FiscalPrinter.obj
 0001:00002c08       ??$AtlMultiply@K@ATL@@YAJPAKKK@Z 10003c08 f i FiscalPrinter.obj
 0001:00002c2a       ??$AtlMultiplyThrow@I@ATL@@YAIII@Z 10003c2a f i FiscalPrinter.obj
 0001:00002c50       ??0?$CComAggObject@VCOPOSFiscalPrinter@@@ATL@@QAE@PAX@Z 10003c50 f i FiscalPrinter.obj
 0001:00002c7d       ??0?$CComContainedObject@VCOPOSFiscalPrinter@@@ATL@@QAE@PAX@Z 10003c7d f i FiscalPrinter.obj
 0001:00002d36       ??0?$CComObject@V?$CComEnum@UIEnumConnectionPoints@@$1?_GUID_b196b285_bab4_101a_b69c_00aa00341d07@@3U__s_GUID@@BPAUIConnectionPoint@@V?$_CopyInterface@UIConnectionPoint@@@ATL@@VCComSingleThreadModel@6@@ATL@@@ATL@@QAE@PAX@Z 10003d36 f i FiscalPrinter.obj
 0001:00002d64       ??0?$CComObject@V?$CComEnum@UIEnumConnections@@$1?_GUID_b196b287_bab4_101a_b69c_00aa00341d07@@3U__s_GUID@@BUtagCONNECTDATA@@V?$_Copy@UtagCONNECTDATA@@@ATL@@VCComSingleThreadModel@6@@ATL@@@ATL@@QAE@PAX@Z 10003d64 f i FiscalPrinter.obj
 0001:00002d92       ??0?$CComObject@VCOPOSFiscalPrinter@@@ATL@@QAE@PAX@Z 10003d92 f i FiscalPrinter.obj
 0001:00002e49       ??0?$CComQIPtr@UIOleControlSite@@$1?_GUID_b196b289_bab4_101a_b69c_00aa00341d07@@3U__s_GUID@@B@ATL@@QAE@PAUIUnknown@@@Z 10003e49 f i FiscalPrinter.obj
 0001:00002e72       ??0CAtlModule@ATL@@QAE@XZ  10003e72 f i FiscalPrinter.obj
 0001:00002eb3       ??0CParseBuffer@CRegParser@ATL@@QAE@H@Z 10003eb3 f i FiscalPrinter.obj
 0001:00002ee9       ??0_ATL_MSG@ATL@@QAE@PAUHWND__@@IIJH@Z 10003ee9 f i FiscalPrinter.obj
 0001:00002f21       ??1?$CComAggObject@VCOPOSFiscalPrinter@@@ATL@@UAE@XZ 10003f21 f i FiscalPrinter.obj
 0001:00002f45       ??1?$CComEnumImpl@UIEnumConnectionPoints@@$1?_GUID_b196b285_bab4_101a_b69c_00aa00341d07@@3U__s_GUID@@BPAUIConnectionPoint@@V?$_CopyInterface@UIConnectionPoint@@@ATL@@@ATL@@UAE@XZ 10003f45 f i FiscalPrinter.obj
 0001:00002f85       ??1?$CComEnumImpl@UIEnumConnections@@$1?_GUID_b196b287_bab4_101a_b69c_00aa00341d07@@3U__s_GUID@@BUtagCONNECTDATA@@V?$_Copy@UtagCONNECTDATA@@@ATL@@@ATL@@UAE@XZ 10003f85 f i FiscalPrinter.obj
 0001:00002fc5       ??1?$CComObject@V?$CComEnum@UIEnumConnectionPoints@@$1?_GUID_b196b285_bab4_101a_b69c_00aa00341d07@@3U__s_GUID@@BPAUIConnectionPoint@@V?$_CopyInterface@UIConnectionPoint@@@ATL@@VCComSingleThreadModel@6@@ATL@@@ATL@@UAE@XZ 10003fc5 f i FiscalPrinter.obj
 0001:00002fe8       ??1?$CComObject@V?$CComEnum@UIEnumConnections@@$1?_GUID_b196b287_bab4_101a_b69c_00aa00341d07@@3U__s_GUID@@BUtagCONNECTDATA@@V?$_Copy@UtagCONNECTDATA@@@ATL@@VCComSingleThreadModel@6@@ATL@@@ATL@@UAE@XZ 10003fe8 f i FiscalPrinter.obj
 0001:0000300b       ??1?$CComObject@VCOPOSFiscalPrinter@@@ATL@@UAE@XZ 1000400b f i FiscalPrinter.obj
 0001:000030c9       ??1?$CComObjectCached@VCComClassFactory@ATL@@@ATL@@UAE@XZ 100040c9 f i FiscalPrinter.obj
 0001:000030df       ??1?$CComObjectRootEx@VCComMultiThreadModel@ATL@@@ATL@@QAE@XZ 100040df f i FiscalPrinter.obj
 0001:000030f4       ??1CRegObject@ATL@@UAE@XZ  100040f4 f i FiscalPrinter.obj
 0001:00003114       ??4?$CComPtr@UIOleClientSite@@@ATL@@QAEPAUIOleClientSite@@PAU2@@Z 10004114 f i FiscalPrinter.obj
 0001:00003114       ??4?$CComPtr@UIUnknown@@@ATL@@QAEPAUIUnknown@@PAU2@@Z 10004114 f i FiscalPrinter.obj
 0001:00003114       ??4?$CComPtr@UIAdviseSink@@@ATL@@QAEPAUIAdviseSink@@PAU2@@Z 10004114 f i FiscalPrinter.obj
 0001:00003148       ??_G?$CComContainedObject@VCOPOSFiscalPrinter@@@ATL@@UAEPAXI@Z 10004148 f i FiscalPrinter.obj
 0001:00003148       ??_E?$CComContainedObject@VCOPOSFiscalPrinter@@@ATL@@UAEPAXI@Z 10004148 f i FiscalPrinter.obj
 0001:0000316d       ??_G?$CComObject@VCOPOSFiscalPrinter@@@ATL@@UAEPAXI@Z 1000416d f i FiscalPrinter.obj
 0001:0000316d       ??_E?$CComObject@VCOPOSFiscalPrinter@@@ATL@@UAEPAXI@Z 1000416d f i FiscalPrinter.obj
 0001:00003192       ?Add@?$CSimpleArray@GV?$CSimpleArrayEqualHelper@G@ATL@@@ATL@@QAEHABG@Z 10004192 f i FiscalPrinter.obj
 0001:00003216       ?Add@?$CSimpleMap@PA_WPA_WVCExpansionVectorEqualHelper@ATL@@@ATL@@QAEHABQA_W0@Z 10004216 f i FiscalPrinter.obj
 0001:0000326b       ?Add@CComDynamicUnkArray@ATL@@QAEKPAUIUnknown@@@Z 1000426b f i FiscalPrinter.obj
 0001:00003321       ?Add@CExpansionVector@ATL@@QAEHPB_W0@Z 10004321 f i FiscalPrinter.obj
 0001:0000342a       ?AddString@CParseBuffer@CRegParser@ATL@@QAEHPB_W@Z 1000442a f i FiscalPrinter.obj
 0001:0000345f       ?AddTermFunc@CAtlModule@ATL@@QAEJP6GXK@ZK@Z 1000445f f i FiscalPrinter.obj
 0001:000034c2       ?AddValue@CRegParser@ATL@@IAEJAAVCRegKey@2@PB_WPA_W@Z 100044c2 f i FiscalPrinter.obj
 0001:000037dc       ?Allocate@?$CAtlSafeAllocBufferManager@VCCRTAllocator@ATL@@@_ATL_SAFE_ALLOCA_IMPL@ATL@@QAEPAXK@Z 100047dc f i FiscalPrinter.obj
 0001:00003809       ?Allocate@?$CTempBuffer@E$0BAA@VCCRTAllocator@ATL@@@ATL@@QAEPAEI@Z 10004809 f i FiscalPrinter.obj
 0001:00003838       ?Allocate@?$CTempBuffer@_W$0BAA@VCCRTAllocator@ATL@@@ATL@@QAEPA_WI@Z 10004838 f i FiscalPrinter.obj
 0001:00003867       ?Allocate@?$CTempBuffer@_W$0EAA@VCCRTAllocator@ATL@@@ATL@@QAEPA_WI@Z 10004867 f i FiscalPrinter.obj
 0001:00003896       ?AllocateHeap@?$CTempBuffer@E$0BAA@VCCRTAllocator@ATL@@@ATL@@AAEXI@Z 10004896 f i FiscalPrinter.obj
 0001:00003896       ?AllocateHeap@?$CTempBuffer@_W$0BAA@VCCRTAllocator@ATL@@@ATL@@AAEXI@Z 10004896 f i FiscalPrinter.obj
 0001:00003896       ?AllocateHeap@?$CTempBuffer@_W$0EAA@VCCRTAllocator@ATL@@@ATL@@AAEXI@Z 10004896 f i FiscalPrinter.obj
 0001:000038bb       ?Append@CParseBuffer@CRegParser@ATL@@QAEHPB_WH@Z 100048bb f i FiscalPrinter.obj
 0001:00003949       ?AtlCoTaskMemCAlloc@ATL@@YAPAXKK@Z 10004949 f i FiscalPrinter.obj
 0001:00003976       ?AtlCoTaskMemRecalloc@ATL@@YAPAXPAXKK@Z 10004976 f i FiscalPrinter.obj
 0001:000039a6       ?AtlComModuleGetClassObject@ATL@@YGJPAU_ATL_COM_MODULE70@1@ABU_GUID@@1PAPAX@Z 100049a6 f i FiscalPrinter.obj
 0001:00003a99       ?AtlComModuleRegisterServer@ATL@@YGJPAU_ATL_COM_MODULE70@1@HPBU_GUID@@@Z 10004a99 f i FiscalPrinter.obj
 0001:00003b21       ?AtlComModuleUnregisterServer@ATL@@YGJPAU_ATL_COM_MODULE70@1@HPBU_GUID@@@Z 10004b21 f i FiscalPrinter.obj
 0001:00003ba9       ?AtlComQIPtrAssign2@ATL@@YAXPAPAUIUnknown@@PAU2@ABU_GUID@@@Z 10004ba9 f i FiscalPrinter.obj
 0001:00003bd8       ?AtlCreateTargetDC@ATL@@YGPAUHDC__@@PAU2@PAUtagDVTARGETDEVICE@@@Z 10004bd8 f i FiscalPrinter.obj
 0001:00003c41       ?AtlCrtErrorCheck@ATL@@YAHH@Z 10004c41 f i FiscalPrinter.obj
 0001:00003c7c       ?AtlHiMetricToPixel@ATL@@YGXPBUtagSIZE@@PAU2@@Z 10004c7c f i FiscalPrinter.obj
 0001:00003cf1       ?AtlHresultFromLastError@ATL@@YAJXZ 10004cf1 f i FiscalPrinter.obj
 0001:00003d08       ?AtlHresultFromWin32@ATL@@YAJK@Z 10004d08 f i FiscalPrinter.obj
 0001:00003d1d       ?AtlInternalOleLoadFromStream@ATL@@YAJPAUIStream@@ABU_GUID@@PAPAXTClassesAllowedInStream@1@K@Z 10004d1d f i FiscalPrinter.obj
 0001:00003e43       ?AtlInternalQueryInterface@ATL@@YGJPAXPBU_ATL_INTMAP_ENTRY@1@ABU_GUID@@PAPAX@Z 10004e43 f i FiscalPrinter.obj
 0001:00003ee6       ?AtlLoadTypeLib@ATL@@YGJPAUHINSTANCE__@@PB_WPAPA_WPAPAUITypeLib@@@Z 10004ee6 f i FiscalPrinter.obj
 0001:000040c4       ?AtlRegisterClassCategoriesHelper@ATL@@YGJABU_GUID@@PBU_ATL_CATMAP_ENTRY@1@H@Z 100050c4 f i FiscalPrinter.obj
 0001:000043c0       ?AtlRegisterTypeLib@ATL@@YGJPAUHINSTANCE__@@PB_W@Z 100053c0 f i FiscalPrinter.obj
 0001:00004548       ?AtlThrowImpl@ATL@@YGXJ@Z  10005548 f i FiscalPrinter.obj
 0001:00004566       ?AtlUnRegisterTypeLib@ATL@@YGJPAUHINSTANCE__@@PB_W@Z 10005566 f i FiscalPrinter.obj
 0001:00004611       ?AtlWinModuleAddCreateWndData@ATL@@YGXPAU_ATL_WIN_MODULE70@1@PAU_AtlCreateWndData@1@PAX@Z 10005611 f i FiscalPrinter.obj
 0001:00004665       ?AtlWinModuleExtractCreateWndData@ATL@@YGPAXPAU_ATL_WIN_MODULE70@1@@Z 10005665 f i FiscalPrinter.obj
 0001:000046c8       ?AtlWinModuleRegisterClassExW@ATL@@YGGPAU_ATL_WIN_MODULE70@1@PBUtagWNDCLASSEXW@@@Z 100056c8 f i FiscalPrinter.obj
 0001:00004707       ?CanForceRemoveKey@CRegParser@ATL@@IAEHPB_W@Z 10005707 f i FiscalPrinter.obj
 0001:00004736       ?ChToByte@CRegParser@ATL@@KAE_W@Z 10005736 f i FiscalPrinter.obj
 0001:00004769       ?Cleanup@CComTypeInfoHolder@ATL@@SGXK@Z 10005769 f i FiscalPrinter.obj
 0001:0000479c       ?ClearReplacements@CExpansionVector@ATL@@QAEJXZ 1000579c f i FiscalPrinter.obj
 0001:000047d9       ?Close@CRegKey@ATL@@QAEJXZ 100057d9 f i FiscalPrinter.obj
 0001:000047f3       ?CreateInstance@?$CComCreator@V?$CComAggObject@VCOPOSFiscalPrinter@@@ATL@@@ATL@@SGJPAXABU_GUID@@PAPAX@Z 100057f3 f i FiscalPrinter.obj
 0001:00004869       ?CreateInstance@?$CComCreator@V?$CComObject@VCOPOSFiscalPrinter@@@ATL@@@ATL@@SGJPAXABU_GUID@@PAPAX@Z 10005869 f i FiscalPrinter.obj
 0001:000048ea       ?CreateInstance@?$CComObject@V?$CComEnum@UIEnumConnectionPoints@@$1?_GUID_b196b285_bab4_101a_b69c_00aa00341d07@@3U__s_GUID@@BPAUIConnectionPoint@@V?$_CopyInterface@UIConnectionPoint@@@ATL@@VCComSingleThreadModel@6@@ATL@@@ATL@@SGJPAPAV12@@Z 100058ea f i FiscalPrinter.obj
 0001:00004931       ?CreateInstance@?$CComObject@V?$CComEnum@UIEnumConnections@@$1?_GUID_b196b287_bab4_101a_b69c_00aa00341d07@@3U__s_GUID@@BUtagCONNECTDATA@@V?$_Copy@UtagCONNECTDATA@@@ATL@@VCComSingleThreadModel@6@@ATL@@@ATL@@SGJPAPAV12@@Z 10005931 f i FiscalPrinter.obj
 0001:00004978       ?DefaultReflectionHandler@?$CWindowImplRoot@VCWindow@ATL@@@ATL@@SAHPAUHWND__@@IIJAAJ@Z 10005978 f i FiscalPrinter.obj
 0001:000049eb       ?DeleteSubKey@CRegKey@ATL@@QAEJPB_W@Z 100059eb f i FiscalPrinter.obj
 0001:00004a64       ?DoEvent@COPOSFiscalPrinter@@IAEXIIJ@Z 10005a64 f i FiscalPrinter.obj
 0001:00004ae4       ?DoVerbHide@?$IOleObjectImpl@VCOPOSFiscalPrinter@@@ATL@@QAEJPBUtagRECT@@PAUHWND__@@@Z 10005ae4 f i FiscalPrinter.obj
 0001:00004b1a       ?DoVerbInPlaceActivate@?$IOleObjectImpl@VCOPOSFiscalPrinter@@@ATL@@QAEJPBUtagRECT@@PAUHWND__@@@Z 10005b1a f i FiscalPrinter.obj
 0001:00004b4d       ?DoVerbPrimary@?$IOleObjectImpl@VCOPOSFiscalPrinter@@@ATL@@QAEJPBUtagRECT@@PAUHWND__@@@Z 10005b4d f i FiscalPrinter.obj
 0001:00004bd9       ?DoVerbProperties@CComControlBase@ATL@@QAEJPBUtagRECT@@PAUHWND__@@@Z 10005bd9 f i FiscalPrinter.obj
 0001:00004d58       ?DoVerbUIActivate@?$IOleObjectImpl@VCOPOSFiscalPrinter@@@ATL@@QAEJPBUtagRECT@@PAUHWND__@@@Z 10005d58 f i FiscalPrinter.obj
 0001:00004d95       ?DoesVerbActivate@CComControlBase@ATL@@QAEHJ@Z 10005d95 f i FiscalPrinter.obj
 0001:00004db6       ?DoesVerbUIActivate@CComControlBase@ATL@@QAEHJ@Z 10005db6 f i FiscalPrinter.obj
 0001:00004deb       ?EndOfVar@CRegParser@ATL@@IAEHXZ 10005deb f i FiscalPrinter.obj
 0001:00004e0b       ?EscapeSingleQuote@CAtlModule@ATL@@SAXPA_WIPB_W@Z 10005e0b f i FiscalPrinter.obj
 0001:00004e5a       ?FindKey@?$CSimpleMap@PA_WPA_WVCExpansionVectorEqualHelper@ATL@@@ATL@@QBEHABQA_W@Z 10005e5a f i FiscalPrinter.obj
 0001:00004e91       ?FireTheEvent@?$CProxy_IOPOSEvents@VCOPOSFiscalPrinter@@@@IAEXPAVOposVariant@@IAAJPB_WJ@Z 10005e91 f i FiscalPrinter.obj
 0001:00004f23       ?FireViewChange@CComControlBase@ATL@@QAEJXZ 10005f23 f i FiscalPrinter.obj
 0001:00004f6c       ?Fire_DirectIOEvent@?$CProxy_IOPOSEvents@VCOPOSFiscalPrinter@@@@QAEXJPAJPAPA_W@Z 10005f6c f i FiscalPrinter.obj
 0001:00005055       ?Fire_ErrorEvent@?$CProxy_IOPOSEvents@VCOPOSFiscalPrinter@@@@QAEXJJJPAJ@Z 10006055 f i FiscalPrinter.obj
 0001:0000513f       ?Fire_OutputCompleteEvent@?$CProxy_IOPOSEvents@VCOPOSFiscalPrinter@@@@QAEXJ@Z 1000613f f i FiscalPrinter.obj
 0001:000051d2       ?Fire_StatusUpdateEvent@?$CProxy_IOPOSEvents@VCOPOSFiscalPrinter@@@@QAEXJ@Z 100061d2 f i FiscalPrinter.obj
 0001:00005265       ?FreeHeap@?$CTempBuffer@_W$0BAA@VCCRTAllocator@ATL@@@ATL@@AAEXXZ 10006265 f i FiscalPrinter.obj
 0001:00005265       ?FreeHeap@?$CTempBuffer@E$0BAA@VCCRTAllocator@ATL@@@ATL@@AAEXXZ 10006265 f i FiscalPrinter.obj
 0001:00005265       ?FreeHeap@?$CTempBuffer@_W$0EAA@VCCRTAllocator@ATL@@@ATL@@AAEXXZ 10006265 f i FiscalPrinter.obj
 0001:0000526e       ?GetAmbientLocaleID@CComControlBase@ATL@@QAEJAAK@Z 1000626e f i FiscalPrinter.obj
 0001:000052ca       ?GetAmbientUserMode@CComControlBase@ATL@@QAEJAAH@Z 100062ca f i FiscalPrinter.obj
 0001:0000533a       ?GetAt@CComDynamicUnkArray@ATL@@QAEPAUIUnknown@@H@Z 1000633a f i FiscalPrinter.obj
 0001:00005356       ?GetClassObject@CComModule@ATL@@QAEJABU_GUID@@0PAPAX@Z 10006356 f i FiscalPrinter.obj
 0001:000053f8       ?GetConnMap@COPOSFiscalPrinter@@SAPBU_ATL_CONNMAP_ENTRY@ATL@@PAH@Z 100063f8 f i FiscalPrinter.obj
 0001:00005468       ?GetCookie@CComDynamicUnkArray@ATL@@QAGKPAPAUIUnknown@@@Z 10006468 f i FiscalPrinter.obj
 0001:000054a0       ?GetIDsOfNames@CComTypeInfoHolder@ATL@@QAEJABU_GUID@@PAPA_WIKPAJ@Z 100064a0 f i FiscalPrinter.obj
 0001:000055c7       ?GetKeyAt@?$CSimpleMap@PA_WPA_WVCExpansionVectorEqualHelper@ATL@@@ATL@@QBEAAPA_WH@Z 100065c7 f i FiscalPrinter.obj
 0001:000055ec       ?GetPagesHelper@?$ISpecifyPropertyPagesImpl@VCOPOSFiscalPrinter@@@ATL@@IAEJPAUtagCAUUID@@PBUATL_PROPMAP_ENTRY@2@@Z 100065ec f i FiscalPrinter.obj
 0001:00005713       ?GetProperty@?$CComPtr@UIDispatch@@@ATL@@SAJPAUIDispatch@@JPAUtagVARIANT@@@Z 10006713 f i FiscalPrinter.obj
 0001:00005762       ?GetSizeMax@CComVariant@ATL@@QBEJPAT_ULARGE_INTEGER@@@Z 10006762 f i FiscalPrinter.obj
 0001:00005928       ?GetTI@CComTypeInfoHolder@ATL@@QAEJK@Z 10006928 f i FiscalPrinter.obj
 0001:00005b07       ?GetTI@CComTypeInfoHolder@ATL@@QAEJKPAPAUITypeInfo@@@Z 10006b07 f i FiscalPrinter.obj
 0001:00005b49       ?GetUnknown@CComDynamicUnkArray@ATL@@QAGPAUIUnknown@@K@Z 10006b49 f i FiscalPrinter.obj
 0001:00005b6a       ?GetValueAt@?$CSimpleMap@PA_WPA_WVCExpansionVectorEqualHelper@ATL@@@ATL@@QBEAAPA_WH@Z 10006b6a f i FiscalPrinter.obj
 0001:00005b90       ?GetZoomInfo@CComControlBase@ATL@@QAEXAAUATL_DRAWINFO@@@Z 10006b90 f i FiscalPrinter.obj
 0001:00005c23       ?HKeyFromString@CRegParser@ATL@@KAPAUHKEY__@@PA_W@Z 10006c23 f i FiscalPrinter.obj
 0001:00005c51       ?HasSubKeys@CRegParser@ATL@@IAEHPAUHKEY__@@@Z 10006c51 f i FiscalPrinter.obj
 0001:00005c86       ?IDataObject_GetData@CComControlBase@ATL@@QAEJPAUtagFORMATETC@@PAUtagSTGMEDIUM@@@Z 10006c86 f i FiscalPrinter.obj
 0001:00005e2c       ?IOleInPlaceObject_InPlaceDeactivate@CComControlBase@ATL@@QAEJXZ 10006e2c f i FiscalPrinter.obj
 0001:00005eb3       ?IOleInPlaceObject_SetObjectRects@CComControlBase@ATL@@QAEJPBUtagRECT@@0@Z 10006eb3 f i FiscalPrinter.obj
 0001:00005f80       ?IOleInPlaceObject_UIDeactivate@CComControlBase@ATL@@QAEJXZ 10006f80 f i FiscalPrinter.obj
 0001:00006042       ?IOleObject_Advise@CComControlBase@ATL@@QAEJPAUIAdviseSink@@PAK@Z 10007042 f i FiscalPrinter.obj
 0001:0000606c       ?IOleObject_Close@CComControlBase@ATL@@QAEJK@Z 1000706c f i FiscalPrinter.obj
 0001:00006150       ?IOleObject_GetClientSite@CComControlBase@ATL@@QAEJPAPAUIOleClientSite@@@Z 10007150 f i FiscalPrinter.obj
 0001:00006179       ?IOleObject_SetClientSite@CComControlBase@ATL@@QAEJPAUIOleClientSite@@@Z 10007179 f i FiscalPrinter.obj
 0001:000061b8       ?IOleObject_SetExtent@CComControlBase@ATL@@QAEJKPAUtagSIZE@@@Z 100071b8 f i FiscalPrinter.obj
 0001:0000626c       ?IPSI_GetIPersistStreamInit@?$IPersistStorageImpl@VCOPOSFiscalPrinter@@@ATL@@AAEPAUIPersistStreamInit@@XZ 1000726c f i FiscalPrinter.obj
 0001:00006314       ?IPersistStreamInit_Load@?$IPersistStreamInitImpl@VCOPOSFiscalPrinter@@@ATL@@QAEJPAUIStream@@PBUATL_PROPMAP_ENTRY@2@@Z 10007314 f i FiscalPrinter.obj
 0001:00006590       ?IPersistStreamInit_Save@?$IPersistStreamInitImpl@VCOPOSFiscalPrinter@@@ATL@@QAEJPAUIStream@@HPBUATL_PROPMAP_ENTRY@2@@Z 10007590 f i FiscalPrinter.obj
 0001:0000677e       ?IQuickActivate_QuickActivate@CComControlBase@ATL@@QAEJPAUtagQACONTAINER@@PAUtagQACONTROL@@@Z 1000777e f i FiscalPrinter.obj
 0001:000069c0       ?IViewObject_Draw@CComControlBase@ATL@@QAEJKJPAXPAUtagDVTARGETDEVICE@@PAUHDC__@@2PBU_RECTL@@3@Z 100079c0 f i FiscalPrinter.obj
 0001:00006a68       ?InPlaceActivate@CComControlBase@ATL@@QAEJJPBUtagRECT@@@Z 10007a68 f i FiscalPrinter.obj
 0001:00006cd9       ?Init@?$CComEnumImpl@UIEnumConnectionPoints@@$1?_GUID_b196b285_bab4_101a_b69c_00aa00341d07@@3U__s_GUID@@BPAUIConnectionPoint@@V?$_CopyInterface@UIConnectionPoint@@@ATL@@@ATL@@QAEJPAPAUIConnectionPoint@@0PAUIUnknown@@W4CComEnumFlags@2@@Z 10007cd9 f i FiscalPrinter.obj
 0001:00006db8       ?Init@?$CComEnumImpl@UIEnumConnections@@$1?_GUID_b196b287_bab4_101a_b69c_00aa00341d07@@3U__s_GUID@@BUtagCONNECTDATA@@V?$_Copy@UtagCONNECTDATA@@@ATL@@@ATL@@QAEJPAUtagCONNECTDATA@@0PAUIUnknown@@W4CComEnumFlags@2@@Z 10007db8 f i FiscalPrinter.obj
 0001:00006e97       ?Init@CComModule@ATL@@QAEJPAU_ATL_OBJMAP_ENTRY30@2@PAUHINSTANCE__@@PBU_GUID@@@Z 10007e97 f i FiscalPrinter.obj
 0001:00006ef6       ?Init@CDynamicStdCallThunk2@ATL@@QAEHKPAX@Z 10007ef6 f i FiscalPrinter.obj
 0001:00006f21       ?InlineIsEqualUnknown@ATL@@YGHABU_GUID@@@Z 10007f21 f i FiscalPrinter.obj
 0001:00006f49       ?InternalSetAtIndex@?$CSimpleMap@PA_WPA_WVCExpansionVectorEqualHelper@ATL@@@ATL@@QAEXHABQA_W0@Z 10007f49 f i FiscalPrinter.obj
 0001:00006f73       ?Invoke@CComTypeInfoHolder@ATL@@QAEJPAUIDispatch@@JABU_GUID@@KGPAUtagDISPPARAMS@@PAUtagVARIANT@@PAUtagEXCEPINFO@@PAI@Z 10007f73 f i FiscalPrinter.obj
 0001:00006fb6       ?IsEqualObject@?$CComPtrBase@UITypeInfo@@@ATL@@QAE_NPAUIUnknown@@@Z 10007fb6 f i FiscalPrinter.obj
 0001:00006fb6       ?IsEqualObject@?$CComPtrBase@UIOleClientSite@@@ATL@@QAE_NPAUIUnknown@@@Z 10007fb6 f i FiscalPrinter.obj
 0001:00007023       ?IsSpace@CRegParser@ATL@@IAEH_W@Z 10008023 f i FiscalPrinter.obj
 0001:0000704d       ?LoadNameCache@CComTypeInfoHolder@ATL@@QAEJPAUITypeInfo@@@Z 1000804d f i FiscalPrinter.obj
 0001:00007199       ?Lookup@?$CSimpleMap@PA_WPA_WVCExpansionVectorEqualHelper@ATL@@@ATL@@QBEPA_WABQA_W@Z 10008199 f i FiscalPrinter.obj
 0001:000071bf       ?NextToken@CRegParser@ATL@@IAEJPA_W@Z 100081bf f i FiscalPrinter.obj
 0001:000072f7       ?OnKillFocus@CComControlBase@ATL@@QAEJIIJAAH@Z 100082f7 f i FiscalPrinter.obj
 0001:00007352       ?OnMouseActivate@CComControlBase@ATL@@QAEJIIJAAH@Z 10008352 f i FiscalPrinter.obj
 0001:000073c0       ?OnPaint@CComControlBase@ATL@@QAEJIIJAAH@Z 100083c0 f i FiscalPrinter.obj
 0001:00007472       ?OnSetFocus@CComControlBase@ATL@@QAEJIIJAAH@Z 10008472 f i FiscalPrinter.obj
 0001:000074fb       ?Open@CRegKey@ATL@@QAEJPAUHKEY__@@PB_WK@Z 100084fb f i FiscalPrinter.obj
 0001:00007550       ?PreProcessBuffer@CRegParser@ATL@@QAEJPA_WPAPA_W@Z 10008550 f i FiscalPrinter.obj
 0001:000077ba       ?ProcessWindowMessage@?$CComControl@VCOPOSFiscalPrinter@@V?$CWindowImpl@VCOPOSFiscalPrinter@@VCWindow@ATL@@V?$CWinTraits@$0FGAAAAAA@$0A@@3@@ATL@@@ATL@@UAEHPAUHWND__@@IIJAAJK@Z 100087ba f i FiscalPrinter.obj
 0001:00007859       ?ReadFromStream@CComBSTR@ATL@@QAEJPAUIStream@@@Z 10008859 f i FiscalPrinter.obj
 0001:00007987       ?ReadFromStream@CComVariant@ATL@@QAEJPAUIStream@@GTClassesAllowedInStream@2@K@Z 10008987 f i FiscalPrinter.obj
 0001:00007b0d       ?RecurseDeleteKey@CRegKey@ATL@@QAEJPB_W@Z 10008b0d f i FiscalPrinter.obj
 0001:00007bfb       ?RegCreateKeyExW@CAtlTransactionManager@ATL@@QAEJPAUHKEY__@@PB_WKPA_WKKQAU_SECURITY_ATTRIBUTES@@PAPAU3@PAK@Z 10008bfb f i FiscalPrinter.obj
 0001:00007c5e       ?RegDeleteKeyW@CAtlTransactionManager@ATL@@QAEJPAUHKEY__@@PB_W@Z 10008c5e f i FiscalPrinter.obj
 0001:00007cb0       ?RegOpenKeyExW@CAtlTransactionManager@ATL@@QAEJPAUHKEY__@@PB_WKKPAPAU3@@Z 10008cb0 f i FiscalPrinter.obj
 0001:00007d07       ?Register@_ATL_WNDCLASSINFOW@ATL@@QAEGPAP6GJPAUHWND__@@IIJ@Z@Z 10008d07 f i FiscalPrinter.obj
 0001:00007d27       ?RegisterBuffer@CRegParser@ATL@@QAEJPA_WH@Z 10008d27 f i FiscalPrinter.obj
 0001:00007e60       ?RegisterFromResource@CRegObject@ATL@@IAEJPB_W00H@Z 10008e60 f i FiscalPrinter.obj
 0001:00007f96       ?RegisterServer@?$CAtlModuleT@VCComModule@ATL@@@ATL@@QAEJHPBU_GUID@@@Z 10008f96 f i FiscalPrinter.obj
 0001:00007fc4       ?RegisterServer@CComModule@ATL@@QAEJHPBU_GUID@@@Z 10008fc4 f i FiscalPrinter.obj
 0001:0000803a       ?RegisterSubkeys@CRegParser@ATL@@IAEJPA_WPAUHKEY__@@HH@Z 1000903a f i FiscalPrinter.obj
 0001:000086e1       ?Remove@CComDynamicUnkArray@ATL@@QAEHK@Z 100096e1 f i FiscalPrinter.obj
 0001:0000870a       ?RemoveAll@?$CSimpleMap@PA_WPA_WVCExpansionVectorEqualHelper@ATL@@@ATL@@QAEXXZ 1000970a f i FiscalPrinter.obj
 0001:00008736       ?ResourceRegisterSz@CRegObject@ATL@@QAGJPB_W00@Z 10009736 f i FiscalPrinter.obj
 0001:00008763       ?ResourceUnregisterSz@CRegObject@ATL@@QAGJPB_W00@Z 10009763 f i FiscalPrinter.obj
 0001:00008790       ?SendOnDataChange@CComControlBase@ATL@@QAEJK@Z 10009790 f i FiscalPrinter.obj
 0001:000087dd       ?SetControlFocus@CComControlBase@ATL@@QAEHH@Z 100097dd f i FiscalPrinter.obj
 0001:0000887a       ?SetMultiStringValue@CRegKey@ATL@@QAEJPB_W0@Z 1000987a f i FiscalPrinter.obj
 0001:000088d6       ?SetStringValue@CRegKey@ATL@@QAEJPB_W0K@Z 100098d6 f i FiscalPrinter.obj
 0001:0000891f       ?SkipAssignment@CRegParser@ATL@@IAEJPA_W@Z 1000991f f i FiscalPrinter.obj
 0001:00008984       ?SkipWhiteSpace@CRegParser@ATL@@IAEXXZ 10009984 f i FiscalPrinter.obj
 0001:000089a6       ?StrChrW@CRegParser@ATL@@KAPA_WPA_W_W@Z 100099a6 f i FiscalPrinter.obj
 0001:000089e3       ?Term@CAtlModule@ATL@@QAEXXZ 100099e3 f i FiscalPrinter.obj
 0001:00008a36       ?Term@CComModule@ATL@@QAEXXZ 10009a36 f i FiscalPrinter.obj
 0001:00008a8e       ?UnregisterServer@?$CAtlModuleT@VCComModule@ATL@@@ATL@@QAEJHPBU_GUID@@@Z 10009a8e f i FiscalPrinter.obj
 0001:00008ab4       ?UnregisterServer@CComModule@ATL@@QAEJHPBU_GUID@@@Z 10009ab4 f i FiscalPrinter.obj
 0001:00008b2a       ?UpdateRegistryFromResource@CAtlModule@ATL@@QAGJIHPAU_ATL_REGMAP_ENTRY@2@@Z 10009b2a f i FiscalPrinter.obj
 0001:00008cf5       ?UpdateRegistryFromResource@CAtlModule@ATL@@QAGJPB_WHPAU_ATL_REGMAP_ENTRY@2@@Z 10009cf5 f i FiscalPrinter.obj
 0001:00008ec6       ?VTFromRegType@CRegParser@ATL@@KAHPB_WAAG@Z 10009ec6 f i FiscalPrinter.obj
 0001:00008f33       ?WindowProc@?$CWindowImplBaseT@VCWindow@ATL@@V?$CWinTraits@$0FGAAAAAA@$0A@@2@@ATL@@SGJPAUHWND__@@IIJ@Z 10009f33 f i FiscalPrinter.obj
 0001:00009025       ?WriteToStream@CComBSTR@ATL@@QAEJPAUIStream@@@Z 1000a025 f i FiscalPrinter.obj
 0001:00009087       ?WriteToStream@CComVariant@ATL@@QAEJPAUIStream@@@Z 1000a087 f i FiscalPrinter.obj
 0001:00009201       ?WriteToStream@CComVariant@ATL@@QAEJPAUIStream@@G@Z 1000a201 f i FiscalPrinter.obj
 0001:0000926a       ?_AtlInitialConstruct@?$CComObjectRootEx@VCComMultiThreadModel@ATL@@@ATL@@QAEJXZ 1000a26a f i FiscalPrinter.obj
 0001:0000927f       ?_AtlVerifyStackAvailable@_ATL_SAFE_ALLOCA_IMPL@ATL@@YA_NK@Z 1000a27f f i FiscalPrinter.obj
 0001:000092fd       ?atlCreate@?$CWindowImpl@VCOPOSFiscalPrinter@@VCWindow@ATL@@V?$CWinTraits@$0FGAAAAAA@$0A@@3@@ATL@@QAEPAUHWND__@@PAU3@V_U_RECT@2@PB_WKKV_U_MENUorID@2@PAX@Z 1000a2fd f i FiscalPrinter.obj
 0001:00009341       ?atlCreate@?$CWindowImplBaseT@VCWindow@ATL@@V?$CWinTraits@$0FGAAAAAA@$0A@@2@@ATL@@QAEPAUHWND__@@PAU3@V_U_RECT@2@PB_WKKV_U_MENUorID@2@GPAX@Z 1000a341 f i FiscalPrinter.obj
 0001:000093dd       ?copy@?$_Copy@UtagCONNECTDATA@@@ATL@@SAJPAUtagCONNECTDATA@@PBU3@@Z 1000a3dd f i FiscalPrinter.obj
 0001:00009413       ?copy@?$_CopyInterface@UIConnectionPoint@@@ATL@@SAJPAPAUIConnectionPoint@@PBQAU3@@Z 1000a413 f i FiscalPrinter.obj
 0001:00009441       ?memcpy_s@Checked@ATL@@YAXPAXIPBXI@Z 1000a441 f i FiscalPrinter.obj
 0001:00009460       ?ocscpy_s@@YA_NPA_WIPB_W@Z 1000a460 f i FiscalPrinter.obj
 0001:000094aa       ?wcscpy_s@Checked@ATL@@YAXPA_WIPB_W@Z 1000a4aa f i FiscalPrinter.obj
 0001:000094c6       _DllCanUnloadNow@0         1000a4c6 f   FiscalPrinter.obj
 0001:000094d2       _DllGetClassObject@12      1000a4d2 f   FiscalPrinter.obj
 0001:000094e0       _DllMain@12                1000a4e0 f   FiscalPrinter.obj
 0001:00009522       _DllRegisterServer@0       1000a522 f   FiscalPrinter.obj
 0001:00009531       _DllUnregisterServer@0     1000a531 f   FiscalPrinter.obj
 0001:00009540       _InlineIsEqualGUID         1000a540 f i FiscalPrinter.obj
 0001:00009570       ___local_stdio_printf_options 1000a570 f i FiscalPrinter.obj
 0001:00009576       __vswprintf_s_l            1000a576 f i FiscalPrinter.obj
 0001:00009623       _swprintf_s                1000a623 f i FiscalPrinter.obj
 0001:0000963f       ??0?$CComControl@VCOPOSFiscalPrinter@@V?$CWindowImpl@VCOPOSFiscalPrinter@@VCWindow@ATL@@V?$CWinTraits@$0FGAAAAAA@$0A@@3@@ATL@@@ATL@@QAE@XZ 1000a63f f i FiscalPrinterImpl.obj
 0001:00009666       ??0?$CProxy_IOPOSEvents@VCOPOSFiscalPrinter@@@@QAE@XZ 1000a666 f i FiscalPrinterImpl.obj
 0001:00009686       ??0CComControlBase@ATL@@QAE@AAPAUHWND__@@@Z 1000a686 f i FiscalPrinterImpl.obj
 0001:000096d0       ??0COPOSFiscalPrinter@@QAE@XZ 1000a6d0 f   FiscalPrinterImpl.obj
 0001:00009706       ??1?$CComControl@VCOPOSFiscalPrinter@@V?$CWindowImpl@VCOPOSFiscalPrinter@@VCWindow@ATL@@V?$CWinTraits@$0FGAAAAAA@$0A@@3@@ATL@@@ATL@@UAE@XZ 1000a706 f i FiscalPrinterImpl.obj
 0001:0000971f       ??1?$IConnectionPointImpl@VCOPOSFiscalPrinter@@$1?IID_IPropertyNotifySink@@3U_GUID@@BVCComDynamicUnkArray@ATL@@@ATL@@QAE@XZ 1000a71f f i FiscalPrinterImpl.obj
 0001:0000971f       ??1?$IConnectionPointImpl@VCOPOSFiscalPrinter@@$1?DIID__IOPOSFiscalPrinterEvents@@3U_GUID@@BVCComDynamicUnkArray@ATL@@@ATL@@QAE@XZ 1000a71f f i FiscalPrinterImpl.obj
 0001:0000975c       ??1CComControlBase@ATL@@UAE@XZ 1000a75c f i FiscalPrinterImpl.obj
 0001:000097bf       ??1COPOSFiscalPrinter@@UAE@XZ 1000a7bf f   FiscalPrinterImpl.obj
 0001:00009807       ?BeginFiscalDocument@COPOSFiscalPrinter@@UAGJJPAJ@Z 1000a807 f   FiscalPrinterImpl.obj
 0001:00009856       ?BeginFiscalReceipt@COPOSFiscalPrinter@@UAGJFPAJ@Z 1000a856 f   FiscalPrinterImpl.obj
 0001:000098a5       ?BeginFixedOutput@COPOSFiscalPrinter@@UAGJJJPAJ@Z 1000a8a5 f   FiscalPrinterImpl.obj
 0001:00009919       ?BeginInsertion@COPOSFiscalPrinter@@UAGJJPAJ@Z 1000a919 f   FiscalPrinterImpl.obj
 0001:00009968       ?BeginItemList@COPOSFiscalPrinter@@UAGJJPAJ@Z 1000a968 f   FiscalPrinterImpl.obj
 0001:000099b7       ?BeginNonFiscal@COPOSFiscalPrinter@@UAGJPAJ@Z 1000a9b7 f   FiscalPrinterImpl.obj
 0001:000099d2       ?BeginRemoval@COPOSFiscalPrinter@@UAGJJPAJ@Z 1000a9d2 f   FiscalPrinterImpl.obj
 0001:00009a21       ?BeginTraining@COPOSFiscalPrinter@@UAGJPAJ@Z 1000aa21 f   FiscalPrinterImpl.obj
 0001:00009a3c       ?CheckHealth@COPOSFiscalPrinter@@UAGJJPAJ@Z 1000aa3c f   FiscalPrinterImpl.obj
 0001:00009a8b       ?ClaimDevice@COPOSFiscalPrinter@@UAGJJPAJ@Z 1000aa8b f   FiscalPrinterImpl.obj
 0001:00009b00       ?ClearError@COPOSFiscalPrinter@@UAGJPAJ@Z 1000ab00 f   FiscalPrinterImpl.obj
 0001:00009b1b       ?ClearOutput@COPOSFiscalPrinter@@UAGJPAJ@Z 1000ab1b f   FiscalPrinterImpl.obj
 0001:00009b36       ?Close@COPOSFiscalPrinter@@UAGJPAJ@Z 1000ab36 f   FiscalPrinterImpl.obj
 0001:00009ba4       ?CompareFirmwareVersion@COPOSFiscalPrinter@@UAGJPA_WPAJ1@Z 1000aba4 f   FiscalPrinterImpl.obj
 0001:00009c24       ?DirectIO@COPOSFiscalPrinter@@UAGJJPAJPAPA_W0@Z 1000ac24 f   FiscalPrinterImpl.obj
 0001:00009cd2       ?DoInvoke@COPOSFiscalPrinter@@IAEJJPAVOposVariant@@IHPAJ_N@Z 1000acd2 f   FiscalPrinterImpl.obj
 0001:00009dae       ?EndFiscalDocument@COPOSFiscalPrinter@@UAGJPAJ@Z 1000adae f   FiscalPrinterImpl.obj
 0001:00009dc9       ?EndFiscalReceipt@COPOSFiscalPrinter@@UAGJFPAJ@Z 1000adc9 f   FiscalPrinterImpl.obj
 0001:00009e18       ?EndFixedOutput@COPOSFiscalPrinter@@UAGJPAJ@Z 1000ae18 f   FiscalPrinterImpl.obj
 0001:00009e33       ?EndInsertion@COPOSFiscalPrinter@@UAGJPAJ@Z 1000ae33 f   FiscalPrinterImpl.obj
 0001:00009e4e       ?EndItemList@COPOSFiscalPrinter@@UAGJPAJ@Z 1000ae4e f   FiscalPrinterImpl.obj
 0001:00009e69       ?EndNonFiscal@COPOSFiscalPrinter@@UAGJPAJ@Z 1000ae69 f   FiscalPrinterImpl.obj
 0001:00009e84       ?EndRemoval@COPOSFiscalPrinter@@UAGJPAJ@Z 1000ae84 f   FiscalPrinterImpl.obj
 0001:00009e9f       ?EndTraining@COPOSFiscalPrinter@@UAGJPAJ@Z 1000ae9f f   FiscalPrinterImpl.obj
 0001:00009eba       ?EventClose@COPOSFiscalPrinter@@IAEXXZ 1000aeba f i FiscalPrinterImpl.obj
 0001:00009eed       ?EventInit@COPOSFiscalPrinter@@IAEJXZ 1000aeed f i FiscalPrinterImpl.obj
 0001:00009fb9       ?EventUninit@COPOSFiscalPrinter@@IAEXXZ 1000afb9 f i FiscalPrinterImpl.obj
 0001:0000a00b       ?EventWindowProc@COPOSFiscalPrinter@@IAGJIIJ@Z 1000b00b f i FiscalPrinterImpl.obj
 0001:0000a0de       ?FinalConstruct@COPOSFiscalPrinter@@QAEJXZ 1000b0de f   FiscalPrinterImpl.obj
 0001:0000a117       ?FireEventCleanup@COPOSFiscalPrinter@@IAEXXZ 1000b117 f i FiscalPrinterImpl.obj
 0001:0000a12d       ?FireEventSetup@COPOSFiscalPrinter@@IAE_NXZ 1000b12d f i FiscalPrinterImpl.obj
 0001:0000a161       ?FreezeEvents@COPOSFiscalPrinter@@MAGJH@Z 1000b161 f   FiscalPrinterImpl.obj
 0001:0000a1c1       ?GetData@COPOSFiscalPrinter@@UAGJJPAJPAPA_W0@Z 1000b1c1 f   FiscalPrinterImpl.obj
 0001:0000a26f       ?GetDate@COPOSFiscalPrinter@@UAGJPAPA_WPAJ@Z 1000b26f f   FiscalPrinterImpl.obj
 0001:0000a2c6       ?GetOposProp@COPOSFiscalPrinter@@IAEJJPAFJ@Z 1000b2c6 f   FiscalPrinterImpl.obj
 0001:0000a2e9       ?GetOposProp@COPOSFiscalPrinter@@IAEJJPAJJ@Z 1000b2e9 f   FiscalPrinterImpl.obj
 0001:0000a3b8       ?GetOposProp@COPOSFiscalPrinter@@IAEJJPAPA_WJ@Z 1000b3b8 f   FiscalPrinterImpl.obj
 0001:0000a494       ?GetTotalizer@COPOSFiscalPrinter@@UAGJJJPAPA_WPAJ@Z 1000b494 f   FiscalPrinterImpl.obj
 0001:0000a538       ?GetVatEntry@COPOSFiscalPrinter@@UAGJJJPAJ0@Z 1000b538 f   FiscalPrinterImpl.obj
 0001:0000a5dc       ?OnDraw@COPOSFiscalPrinter@@MAEJAAUATL_DRAWINFO@@@Z 1000b5dc f   FiscalPrinterImpl.obj
 0001:0000a67c       ?Open@COPOSFiscalPrinter@@UAGJPA_WPAJ@Z 1000b67c f   FiscalPrinterImpl.obj
 0001:0000aec2       ?PrintDuplicateReceipt@COPOSFiscalPrinter@@UAGJPAJ@Z 1000bec2 f   FiscalPrinterImpl.obj
 0001:0000aedd       ?PrintFiscalDocumentLine@COPOSFiscalPrinter@@UAGJPA_WPAJ@Z 1000bedd f   FiscalPrinterImpl.obj
 0001:0000af34       ?PrintFixedOutput@COPOSFiscalPrinter@@UAGJJJPA_WPAJ@Z 1000bf34 f   FiscalPrinterImpl.obj
 0001:0000afd8       ?PrintNormal@COPOSFiscalPrinter@@UAGJJPA_WPAJ@Z 1000bfd8 f   FiscalPrinterImpl.obj
 0001:0000b054       ?PrintPeriodicTotalsReport@COPOSFiscalPrinter@@UAGJPA_W0PAJ@Z 1000c054 f   FiscalPrinterImpl.obj
 0001:0000b0d4       ?PrintPowerLossReport@COPOSFiscalPrinter@@UAGJPAJ@Z 1000c0d4 f   FiscalPrinterImpl.obj
 0001:0000b0ef       ?PrintRecCash@COPOSFiscalPrinter@@UAGJTtagCY@@PAJ@Z 1000c0ef f   FiscalPrinterImpl.obj
 0001:0000b141       ?PrintRecItem@COPOSFiscalPrinter@@UAGJPA_WTtagCY@@JJ10PAJ@Z 1000c141 f   FiscalPrinterImpl.obj
 0001:0000b23a       ?PrintRecItemAdjustment@COPOSFiscalPrinter@@UAGJJPA_WTtagCY@@JPAJ@Z 1000c23a f   FiscalPrinterImpl.obj
 0001:0000b2ec       ?PrintRecItemAdjustmentVoid@COPOSFiscalPrinter@@UAGJJPA_WTtagCY@@JPAJ@Z 1000c2ec f   FiscalPrinterImpl.obj
 0001:0000b39e       ?PrintRecItemFuel@COPOSFiscalPrinter@@UAGJPA_WTtagCY@@JJ1010PAJ@Z 1000c39e f   FiscalPrinterImpl.obj
 0001:0000b4c9       ?PrintRecItemFuelVoid@COPOSFiscalPrinter@@UAGJPA_WTtagCY@@J1PAJ@Z 1000c4c9 f   FiscalPrinterImpl.obj
 0001:0000b57e       ?PrintRecItemRefund@COPOSFiscalPrinter@@UAGJPA_WTtagCY@@JJ10PAJ@Z 1000c57e f   FiscalPrinterImpl.obj
 0001:0000b677       ?PrintRecItemRefundVoid@COPOSFiscalPrinter@@UAGJPA_WTtagCY@@JJ10PAJ@Z 1000c677 f   FiscalPrinterImpl.obj
 0001:0000b770       ?PrintRecItemVoid@COPOSFiscalPrinter@@UAGJPA_WTtagCY@@JJ10PAJ@Z 1000c770 f   FiscalPrinterImpl.obj
 0001:0000b869       ?PrintRecMessage@COPOSFiscalPrinter@@UAGJPA_WPAJ@Z 1000c869 f   FiscalPrinterImpl.obj
 0001:0000b8c0       ?PrintRecNotPaid@COPOSFiscalPrinter@@UAGJPA_WTtagCY@@PAJ@Z 1000c8c0 f   FiscalPrinterImpl.obj
 0001:0000b93f       ?PrintRecPackageAdjustVoid@COPOSFiscalPrinter@@UAGJJPA_WPAJ@Z 1000c93f f   FiscalPrinterImpl.obj
 0001:0000b9bb       ?PrintRecPackageAdjustment@COPOSFiscalPrinter@@UAGJJPA_W0PAJ@Z 1000c9bb f   FiscalPrinterImpl.obj
 0001:0000ba69       ?PrintRecRefund@COPOSFiscalPrinter@@UAGJPA_WTtagCY@@JPAJ@Z 1000ca69 f   FiscalPrinterImpl.obj
 0001:0000bb10       ?PrintRecRefundVoid@COPOSFiscalPrinter@@UAGJPA_WTtagCY@@JPAJ@Z 1000cb10 f   FiscalPrinterImpl.obj
 0001:0000bbb7       ?PrintRecSubtotal@COPOSFiscalPrinter@@UAGJTtagCY@@PAJ@Z 1000cbb7 f   FiscalPrinterImpl.obj
 0001:0000bc09       ?PrintRecSubtotalAdjustVoid@COPOSFiscalPrinter@@UAGJJTtagCY@@PAJ@Z 1000cc09 f   FiscalPrinterImpl.obj
 0001:0000bc80       ?PrintRecSubtotalAdjustment@COPOSFiscalPrinter@@UAGJJPA_WTtagCY@@PAJ@Z 1000cc80 f   FiscalPrinterImpl.obj
 0001:0000bd27       ?PrintRecTaxID@COPOSFiscalPrinter@@UAGJPA_WPAJ@Z 1000cd27 f   FiscalPrinterImpl.obj
 0001:0000bd7e       ?PrintRecTotal@COPOSFiscalPrinter@@UAGJTtagCY@@0PA_WPAJ@Z 1000cd7e f   FiscalPrinterImpl.obj
 0001:0000be28       ?PrintRecVoid@COPOSFiscalPrinter@@UAGJPA_WPAJ@Z 1000ce28 f   FiscalPrinterImpl.obj
 0001:0000be7f       ?PrintRecVoidItem@COPOSFiscalPrinter@@UAGJPA_WTtagCY@@JJ1JPAJ@Z 1000ce7f f   FiscalPrinterImpl.obj
 0001:0000bf65       ?PrintReport@COPOSFiscalPrinter@@UAGJJPA_W0PAJ@Z 1000cf65 f   FiscalPrinterImpl.obj
 0001:0000c013       ?PrintXReport@COPOSFiscalPrinter@@UAGJPAJ@Z 1000d013 f   FiscalPrinterImpl.obj
 0001:0000c02e       ?PrintZReport@COPOSFiscalPrinter@@UAGJPAJ@Z 1000d02e f   FiscalPrinterImpl.obj
 0001:0000c049       ?ReleaseDevice@COPOSFiscalPrinter@@UAGJPAJ@Z 1000d049 f   FiscalPrinterImpl.obj
 0001:0000c098       ?ResetPrinterW@COPOSFiscalPrinter@@UAGJPAJ@Z 1000d098 f   FiscalPrinterImpl.obj
 0001:0000c0b3       ?ResetStatistics@COPOSFiscalPrinter@@UAGJPA_WPAJ@Z 1000d0b3 f   FiscalPrinterImpl.obj
 0001:0000c10a       ?RetrieveStatistics@COPOSFiscalPrinter@@UAGJPAPA_WPAJ@Z 1000d10a f   FiscalPrinterImpl.obj
 0001:0000c161       ?SOProcessID@COPOSFiscalPrinter@@UAGJPAJ@Z 1000d161 f   FiscalPrinterImpl.obj
 0001:0000c175       ?SetCOFreezeEvents@COPOSFiscalPrinter@@IAEXF@Z 1000d175 f   FiscalPrinterImpl.obj
 0001:0000c215       ?SetCurrency@COPOSFiscalPrinter@@UAGJJPAJ@Z 1000d215 f   FiscalPrinterImpl.obj
 0001:0000c264       ?SetDate@COPOSFiscalPrinter@@UAGJPA_WPAJ@Z 1000d264 f   FiscalPrinterImpl.obj
 0001:0000c2bb       ?SetHeaderLine@COPOSFiscalPrinter@@UAGJJPA_WFPAJ@Z 1000d2bb f   FiscalPrinterImpl.obj
 0001:0000c35f       ?SetOposProp@COPOSFiscalPrinter@@IAEJJJJ@Z 1000d35f f   FiscalPrinterImpl.obj
 0001:0000c456       ?SetOposProp@COPOSFiscalPrinter@@IAEJJPA_WJ@Z 1000d456 f   FiscalPrinterImpl.obj
 0001:0000c557       ?SetPOSID@COPOSFiscalPrinter@@UAGJPA_W0PAJ@Z 1000d557 f   FiscalPrinterImpl.obj
 0001:0000c5d7       ?SetStoreFiscalID@COPOSFiscalPrinter@@UAGJPA_WPAJ@Z 1000d5d7 f   FiscalPrinterImpl.obj
 0001:0000c62e       ?SetTrailerLine@COPOSFiscalPrinter@@UAGJJPA_WFPAJ@Z 1000d62e f   FiscalPrinterImpl.obj
 0001:0000c6d2       ?SetVatTable@COPOSFiscalPrinter@@UAGJPAJ@Z 1000d6d2 f   FiscalPrinterImpl.obj
 0001:0000c6ed       ?SetVatValue@COPOSFiscalPrinter@@UAGJJPA_WPAJ@Z 1000d6ed f   FiscalPrinterImpl.obj
[...]
 0002:00003b88       ?_mb_locale_names@@3QBQB_WB 10024b88     libucrt:mbctype.obj
 0002:000043d0       ?LcidToLocaleNameTable@?A0x881e4c05@@3QBULcidToLocaleName@1@B 100253d0     libucrt:lcidtoname_downlevel.obj
 0002:000054f8       ?LocaleNameToIndexTable@?A0x881e4c05@@3QBULocaleNameIndex@1@B 100264f8     libucrt:lcidtoname_downlevel.obj
 0002:00006d50       ?large_power_indices@?1??multiply_by_power_of_ten@__crt_strtox@@YA_NAAUbig_integer@2@I@Z@4QBUunpack_index@?1??12@YA_N0I@Z@B 10027d50     libucrt:cfout.obj
 0002:00006e30       LOG_name                   10027e30     libucrt:log10_impl.obj
 0002:00006e40       _One                       10027e40     libucrt:ceil_pentium4.obj
 0002:00006e50       _Bns                       10027e50     libucrt:ceil_pentium4.obj
 0002:00006e60       _Zero                      10027e60     libucrt:ceil_pentium4.obj
 0002:00006e70       _S                         10027e70     libucrt:ceil_pentium4.obj
 0002:00006e80       _NegZero                   10027e80     libucrt:ceil_pentium4.obj
 0002:00006e90       emask                      10027e90     libucrt:log10_pentium4.obj
 0002:00006ea0       CC                         10027ea0     libucrt:log10_pentium4.obj
 0002:00006eb0       Magic                      10027eb0     libucrt:log10_pentium4.obj
 0002:00006ec0       hi_mask                    10027ec0     libucrt:log10_pentium4.obj
 0002:00006ed0       LOG10_2                    10027ed0     libucrt:log10_pentium4.obj
 0002:00006ee0       place_L                    10027ee0     libucrt:log10_pentium4.obj
 0002:00006f00       One                        10027f00     libucrt:log10_pentium4.obj
 0002:00006f10       Zero                       10027f10     libucrt:log10_pentium4.obj
 0002:00006f20       Two52                      10027f20     libucrt:log10_pentium4.obj
 0002:00006f30       Infs                       10027f30     libucrt:log10_pentium4.obj
 0002:00006f40       NaN                        10027f40     libucrt:log10_pentium4.obj
 0002:00006f50       coeff                      10027f50     libucrt:log10_pentium4.obj
 0002:00006fae       _log2max                   10027fae     libucrt:87tran.obj
 0002:00006fb8       _smallarg                  10027fb8     libucrt:87tran.obj
 0002:00006fc2       _half                      10027fc2     libucrt:87tran.obj
 0002:0000700e       One                        1002800e     libucrt:87disp.obj
 0002:00007016       Three                      10028016     libucrt:87disp.obj
 0002:0000701e       XAMtoTagTab                1002801e     libucrt:87disp.obj
 0002:00007030       One                        10028030     libucrt:common.obj
 0002:00007044       DblMax                     10028044     libucrt:common.obj
 0002:0000704c       DblMin                     1002804c     libucrt:common.obj
 0002:00007054       IeeeAdjO                   10028054     libucrt:common.obj
 0002:0000705c       IeeeAdjU                   1002805c     libucrt:common.obj
 0002:00007064       _infinity                  10028064     libucrt:common.obj
 0002:0000706c       _zero                      1002806c     libucrt:common.obj
 0002:000070b8       _over                      100280b8     libucrt:fpctrl.obj
 0002:000070c4       _under                     100280c4     libucrt:fpctrl.obj
 0002:000078f8       ?_names@?1??_get_fname@@9@9 100288f8     libucrt:fpexcept.obj
 0002:00007aa0       two32                      10028aa0     LIBCMT:ftol2.obj
 0002:00007aa4       two63                      10028aa4     LIBCMT:ftol2.obj
 0002:00007aa8       _NaN                       10028aa8     LIBCMT:ftol2.obj
 0002:00008158       __sehtable$?_AtlVerifyStackAvailable@_ATL_SAFE_ALLOCA_IMPL@ATL@@YA_NK@Z 10029158     FiscalPrinter.obj
 0002:00008178       __sehtable$___scrt_is_nonwritable_in_current_image 10029178     LIBCMT:utility.obj
 0002:00008194       __catchsym$??2@YAPAXIABUnothrow_t@std@@@Z$2 10029194     LIBCMT:new_scalar_nothrow.obj
 0002:000081a4       __unwindtable$??2@YAPAXIABUnothrow_t@std@@@Z 100291a4     LIBCMT:new_scalar_nothrow.obj
 0002:000081b4       __tryblocktable$??2@YAPAXIABUnothrow_t@std@@@Z 100291b4     LIBCMT:new_scalar_nothrow.obj
 0002:000081c8       __ehfuncinfo$??2@YAPAXIABUnothrow_t@std@@@Z 100291c8     LIBCMT:new_scalar_nothrow.obj
 0002:000081f0       __sehtable$?dllmain_crt_process_attach@@YAHQAUHINSTANCE__@@QAX@Z 100291f0     LIBCMT:dll_dllmain.obj
 0002:00008210       __sehtable$?dllmain_crt_process_detach@@YAH_N@Z 10029210     LIBCMT:dll_dllmain.obj
 0002:00008238       __sehtable$?dllmain_dispatch@@YAHQAUHINSTANCE__@@KQAX@Z 10029238     LIBCMT:dll_dllmain.obj
 0002:000082e8       __sehtable$___DestructExceptionObject 100292e8     libvcruntime:ehhelpers.obj
 0002:00008308       __sehtable$?FrameUnwindToState@__FrameHandler3@@SAXPAUEHRegistrationNode@@PAXPBU_s_FuncInfo@@H@Z 10029308     libvcruntime:frame.obj
 0002:00008330       __sehtable$?CallCatchBlock@@YAPAXPAUEHExceptionRecord@@PAUEHRegistrationNode@@PAU_CONTEXT@@PBU_s_FuncInfo@@PAXHK@Z 10029330     libvcruntime:frame.obj
 0002:00008358       __catchsym$?CallUnexpected@@YAXPBU_s_ESTypeList@@@Z$2 10029358     libvcruntime:frame.obj
 0002:00008368       __unwindtable$?CallUnexpected@@YAXPBU_s_ESTypeList@@@Z 10029368     libvcruntime:frame.obj
 0002:00008378       __tryblocktable$?CallUnexpected@@YAXPBU_s_ESTypeList@@@Z 10029378     libvcruntime:frame.obj
 0002:0000838c       __ehfuncinfo$?CallUnexpected@@YAXPBU_s_ESTypeList@@@Z 1002938c     libvcruntime:frame.obj
 0002:000083b0       __sehtable$??$BuildCatchObjectHelperInternal@V__FrameHandler3@@@@YAHPAUEHExceptionRecord@@PAXPBU_s_HandlerType@@PBU_s_CatchableType@@@Z 100293b0     libvcruntime:frame.obj
 0002:000083d0       __sehtable$??$BuildCatchObjectInternal@V__FrameHandler3@@@@YAXPAUEHExceptionRecord@@PAXPBU_s_HandlerType@@PBU_s_CatchableType@@@Z 100293d0     libvcruntime:frame.obj
 0002:00008428       __sehtable$??R<lambda_6e4b09c48022b2350581041d5f6b0c4c>@@QBE@XZ 10029428     libucrt:exit.obj
 0002:00008448       __sehtable$??$?RV<lambda_03b1d95aef87969028cfba75ccab2455>@@AAV<lambda_6e4b09c48022b2350581041d5f6b0c4c>@@V<lambda_22bdf7517842c4b3e53723af5aa32b9e>@@@?$__crt_seh_guarded_call@X@@QAEX$$QAV<lambda_03b1d95aef87969028cfba75ccab2455>@@AAV<lambda_6e4b09c48022b2350581041d5f6b0c4c>@@$$QAV<lambda_22bdf7517842c4b3e53723af5aa32b9e>@@@Z 10029448     libucrt:exit.obj
 0002:00008468       __sehtable$??$?RV<lambda_8e746cf0007f6ed984d6f78af1fec997>@@AAV<lambda_22ebabd17bc4fa466a2aca6d8deb888d>@@V<lambda_18ed0c0b38a6dc0daf1e7ac6d6adf05e>@@@?$__crt_seh_guarded_call@H@@QAEH$$QAV<lambda_8e746cf0007f6ed984d6f78af1fec997>@@AAV<lambda_22ebabd17bc4fa466a2aca6d8deb888d>@@$$QAV<lambda_18ed0c0b38a6dc0daf1e7ac6d6adf05e>@@@Z 10029468     libucrt:onexit.obj
 0002:00008488       __sehtable$??$?RV<lambda_69a2805e680e0e292e8ba93315fe43a8>@@AAV<lambda_f03950bc5685219e0bcd2087efbe011e>@@V<lambda_03fcd07e894ec930e3f35da366ca99d6>@@@?$__crt_seh_guarded_call@H@@QAEH$$QAV<lambda_69a2805e680e0e292e8ba93315fe43a8>@@AAV<lambda_f03950bc5685219e0bcd2087efbe011e>@@$$QAV<lambda_03fcd07e894ec930e3f35da366ca99d6>@@@Z 10029488     libucrt:onexit.obj
 0002:000084a8       __sehtable$__query_new_handler 100294a8     libucrt:new_handler.obj
 0002:000084c8       __sehtable$_terminate      100294c8     libucrt:terminate.obj
 0002:000084e8       __sehtable$??$?RV<lambda_15ade71b0218206bbe3333a0c9b79046>@@AAV<lambda_da44e0f8b0f19ba52fefafb335991732>@@V<lambda_207f2d024fc103971653565357d6cd41>@@@?$__crt_seh_guarded_call@X@@QAEX$$QAV<lambda_15ade71b0218206bbe3333a0c9b79046>@@AAV<lambda_da44e0f8b0f19ba52fefafb335991732>@@$$QAV<lambda_207f2d024fc103971653565357d6cd41>@@@Z 100294e8     libucrt:per_thread_data.obj
 0002:00008508       __sehtable$??$?RV<lambda_a7e850c220f1c8d1e6efeecdedd162c6>@@AAV<lambda_46720907175c18b6c9d2717bc0d2d362>@@V<lambda_9048902d66e8d99359bc9897bbb930a8>@@@?$__crt_seh_guarded_call@X@@QAEX$$QAV<lambda_a7e850c220f1c8d1e6efeecdedd162c6>@@AAV<lambda_46720907175c18b6c9d2717bc0d2d362>@@$$QAV<lambda_9048902d66e8d99359bc9897bbb930a8>@@@Z 10029508     libucrt:per_thread_data.obj
 0002:00008528       __sehtable$??$?RV<lambda_38edbb1296d33220d7e4dd0ed76b244a>@@AAV<lambda_5ce1d447e08cb34b2473517608e21441>@@V<lambda_fb385d3da700c9147fc39e65dd577a8c>@@@?$__crt_seh_guarded_call@X@@QAEX$$QAV<lambda_38edbb1296d33220d7e4dd0ed76b244a>@@AAV<lambda_5ce1d447e08cb34b2473517608e21441>@@$$QAV<lambda_fb385d3da700c9147fc39e65dd577a8c>@@@Z 10029528     libucrt:per_thread_data.obj
 0002:00008548       __sehtable$??$?RV<lambda_6affb1475c98b40b75cdec977db92e3c>@@AAV<lambda_b8d4b9c228a6ecc3f80208dbb4b4a104>@@V<lambda_608742c3c92a14382c1684fc64f96c88>@@@?$__crt_seh_guarded_call@X@@QAEX$$QAV<lambda_6affb1475c98b40b75cdec977db92e3c>@@AAV<lambda_b8d4b9c228a6ecc3f80208dbb4b4a104>@@$$QAV<lambda_608742c3c92a14382c1684fc64f96c88>@@@Z 10029548     libucrt:per_thread_data.obj
 0002:00008568       __sehtable$??$?RV<lambda_e5124f882df8998aaf41531e079ba474>@@AAV<lambda_3e16ef9562a7dcce91392c22ab16ea36>@@V<lambda_e25ca0880e6ef98be67edffd8c599615>@@@?$__crt_seh_guarded_call@X@@QAEX$$QAV<lambda_e5124f882df8998aaf41531e079ba474>@@AAV<lambda_3e16ef9562a7dcce91392c22ab16ea36>@@$$QAV<lambda_e25ca0880e6ef98be67edffd8c599615>@@@Z 10029568     libucrt:wsetlocale.obj
 0002:00008588       __sehtable$___acrt_initialize_lowio 10029588     libucrt:ioinit.obj
 0002:000085a8       __sehtable$?update_thread_multibyte_data_internal@@YAPAU__crt_multibyte_data@@QAU__acrt_ptd@@QAPAU1@@Z 100295a8     libucrt:mbctype.obj
 0002:000085c8       __sehtable$??$?RV<lambda_ceb1ee4838e85a9d631eb091e2fbe199>@@AAV<lambda_ae742caa10f662c28703da3d2ea5e57e>@@V<lambda_cd08b5d6af4937fe54fc07d0c9bf6b37>@@@?$__crt_seh_guarded_call@X@@QAEX$$QAV<lambda_ceb1ee4838e85a9d631eb091e2fbe199>@@AAV<lambda_ae742caa10f662c28703da3d2ea5e57e>@@$$QAV<lambda_cd08b5d6af4937fe54fc07d0c9bf6b37>@@@Z 100295c8     libucrt:mbctype.obj
 0002:000085e8       __sehtable$_raise          100295e8     libucrt:signal.obj
 0002:00008608       __sehtable$??$?RV<lambda_cbab9ec6f41b0180b23cc171c22676b0>@@AAV<lambda_44731a7d0e6d81c3e6aa82d741081786>@@V<lambda_4b292cb8dd18144e164572427af410ab>@@@?$__crt_seh_guarded_call@P6AXH@Z@@QAEP6AXH@Z$$QAV<lambda_cbab9ec6f41b0180b23cc171c22676b0>@@AAV<lambda_44731a7d0e6d81c3e6aa82d741081786>@@$$QAV<lambda_4b292cb8dd18144e164572427af410ab>@@@Z 10029608     libucrt:signal.obj
 0002:00008628       __sehtable$??$?RV<lambda_2866be3712abc81a800a822484c830d8>@@AAV<lambda_39ca0ed439415581b5b15c265174cece>@@V<lambda_2b24c74d71094a6cd0cb82e44167d71b>@@@?$__crt_seh_guarded_call@X@@QAEX$$QAV<lambda_2866be3712abc81a800a822484c830d8>@@AAV<lambda_39ca0ed439415581b5b15c265174cece>@@$$QAV<lambda_2b24c74d71094a6cd0cb82e44167d71b>@@@Z 10029628     libucrt:fflush.obj
 0002:00008648       __sehtable$??$?RV<lambda_2cc53f568c5a2bb6f192f930a45d44ea>@@AAV<lambda_ab61a845afdef5b7c387490eaf3616ee>@@V<lambda_c2ffc0b7726aa6be21d5f0026187e748>@@@?$__crt_seh_guarded_call@X@@QAEX$$QAV<lambda_2cc53f568c5a2bb6f192f930a45d44ea>@@AAV<lambda_ab61a845afdef5b7c387490eaf3616ee>@@$$QAV<lambda_c2ffc0b7726aa6be21d5f0026187e748>@@@Z 10029648     libucrt:fflush.obj
 0002:00008668       __sehtable$___acrt_update_thread_locale_data 10029668     libucrt:locale_refcounting.obj
 0002:00008688       __sehtable$__fcloseall     10029688     libucrt:closeall.obj
 0002:000086a8       __sehtable$___acrt_lowio_ensure_fh_exists 100296a8     libucrt:osfinfo.obj
 0002:000086c8       __sehtable$??$?RV<lambda_9e9de3de5fa147e2223d7db92bc10aa6>@@AAV<lambda_38ce7e780aa69e748d6df282ebc68efe>@@V<lambda_8ca6da459f0f6780f1cff60fdc3d00e5>@@@?$__crt_seh_guarded_call@H@@QAEH$$QAV<lambda_9e9de3de5fa147e2223d7db92bc10aa6>@@AAV<lambda_38ce7e780aa69e748d6df282ebc68efe>@@$$QAV<lambda_8ca6da459f0f6780f1cff60fdc3d00e5>@@@Z 100296c8     libucrt:commit.obj
 0002:000086e8       __sehtable$__write         100296e8     libucrt:write.obj
 0002:00008708       __sehtable$_fclose         10029708     libucrt:fclose.obj
 0002:00008728       __sehtable$??$?RV<lambda_218ce3db14220d0be481dae8ef3383b6>@@AAV<lambda_628dfdc04ba53c8bfc02c9951375f3f5>@@V<lambda_57dc472bd5c9d5f3b2cbca59b8a843ae>@@@?$__crt_seh_guarded_call@H@@QAEH$$QAV<lambda_218ce3db14220d0be481dae8ef3383b6>@@AAV<lambda_628dfdc04ba53c8bfc02c9951375f3f5>@@$$QAV<lambda_57dc472bd5c9d5f3b2cbca59b8a843ae>@@@Z 10029728     libucrt:close.obj
 0002:00008748       __sehtable$__IsNonwritableInCurrentImage 10029748     LIBCMT:pesect.obj
 0002:00008770       .edata                     10029770     OPOSFiscalPrinter.exp
 0002:00008798       rgpv                       10029798     OPOSFiscalPrinter.exp
 0002:000087a8       rgszName                   100297a8     OPOSFiscalPrinter.exp
 0002:000087b8       rgwOrd                     100297b8     OPOSFiscalPrinter.exp
 0002:000087c0       szName                     100297c0     OPOSFiscalPrinter.exp
 0002:000087d6       $N00001                    100297d6     OPOSFiscalPrinter.exp
 0002:000087e6       $N00002                    100297e6     OPOSFiscalPrinter.exp
 0002:000087f8       $N00003                    100297f8     OPOSFiscalPrinter.exp
 0002:0000880a       $N00004                    1002980a     OPOSFiscalPrinter.exp
 0002:00008e1a       .idata$6                   10029e1a     kernel32:KERNEL32.dll
 0002:0000902e       .idata$6                   1002a02e     user32:USER32.dll
 0002:00009162       .idata$6                   1002a162     gdi32:GDI32.dll
 0002:00009208       .idata$6                   1002a208     advapi32:ADVAPI32.dll
 0002:00009324       .idata$6                   1002a324     ole32:ole32.dll
 0002:0000932e       .idata$6                   1002a32e     oleaut32:OLEAUT32.dll
 0003:00000110       ?ObjectMap@@3PAU_ATL_OBJMAP_ENTRY30@ATL@@A 1002b110     FiscalPrinter.obj
 0003:000001e0       ?s_SOMethodNames@@3PAPADA  1002b1e0     FiscalPrinterImpl.obj
 0003:00000320       ?s_RequiredMethodsPerRelease@@3PAHA 1002b320     FiscalPrinterImpl.obj
 0003:00000360       ?__vcrt_flsindex@@3KA      1002b360     libvcruntime:per_thread_data.obj
 0003:00000380       ?errno_no_memory@@3HA      1002b380     libucrt:errno.obj
 0003:00000384       ?doserrno_no_memory@@3KA   1002b384     libucrt:errno.obj
 0003:00000390       ?__acrt_flsindex@@3KA      1002b390     libucrt:per_thread_data.obj
 0003:00000728       __mbctypes                 1002b728     libucrt:mbctype.obj
 0003:00000830       __mbcasemaps               1002b830     libucrt:mbctype.obj
 0003:00000930       ?__rgctypeflag@@3PADA      1002b930     libucrt:mbctype.obj
 0003:00000938       ?__rgcode_page_info@@3PAUcode_page_info@@A 1002b938     libucrt:mbctype.obj
 0003:00000b90       ?__dcrt_lowio_console_output_handle@@3PAXA 1002bb90     libucrt:initcon.obj
 0003:00000d28       ?is_initialized_as_dll@@3_NA 1002bd28     LIBCMT:utility.obj
 0003:00000d29       ?module_local_atexit_table_initialized@@3_NA 1002bd29     LIBCMT:utility.obj
 0003:00000d2c       ?module_local_atexit_table@@3U_onexit_table_t@@A 1002bd2c     LIBCMT:utility.obj
 0003:00000d38       ?module_local_at_quick_exit_table@@3U_onexit_table_t@@A 1002bd38     LIBCMT:utility.obj
 0003:00000d44       ?g_tss_cv@@3U_RTL_CONDITION_VARIABLE@@A 1002bd44     LIBCMT:thread_safe_statics.obj
 0003:00000d48       ?g_tss_event@@3PAXA        1002bd48     LIBCMT:thread_safe_statics.obj
 0003:00000d4c       ?g_tss_mutex@@3U_RTL_CRITICAL_SECTION@@A 1002bd4c     LIBCMT:thread_safe_statics.obj
 0003:00000d64       ?g_sleep_condition_variable_cs@@3P6GHPAU_RTL_CONDITION_VARIABLE@@PAU_RTL_CRITICAL_SECTION@@K@ZA 1002bd64     LIBCMT:thread_safe_statics.obj
 0003:00000d68       ?g_wake_all_condition_variable@@3P6GXPAU_RTL_CONDITION_VARIABLE@@@ZA 1002bd68     LIBCMT:thread_safe_statics.obj
 0003:00000d70       _GS_ExceptionRecord        1002bd70     LIBCMT:gs_report.obj
 0003:00000dc0       _GS_ContextRecord          1002bdc0     LIBCMT:gs_report.obj
 0003:00001090       ?__proc_attached@@3HA      1002c090     LIBCMT:dll_dllmain.obj
 0003:000010ec       ?AllocateData@@3P6GPAUAtlThunkData_t@@XZA 1002c0ec     atls:atlthunk.obj
 0003:000010f0       ?InitData@@3P6GXPAUAtlThunkData_t@@PAXI@ZA 1002c0f0     atls:atlthunk.obj
 0003:000010f4       ?DataToCode@@3P6GP6GJPAUHWND__@@IIJ@ZPAUAtlThunkData_t@@@ZA 1002c0f4     atls:atlthunk.obj
 0003:000010f8       ?FreeData@@3P6GXPAUAtlThunkData_t@@@ZA 1002c0f8     atls:atlthunk.obj
 0003:000010fc       ?Initialized@@3_NA         1002c0fc     atls:atlthunk.obj
 0003:0000110c       ?__vcrt_startup_thread_ptd@@3U__vcrt_ptd@@A 1002c10c     libvcruntime:per_thread_data.obj
 0003:00001134       ___vcrt_lock_table         1002c134     libvcruntime:locks.obj
 0003:0000114c       ___vcrt_locks_initialized  1002c14c     libvcruntime:locks.obj
 0003:00001178       ?heap@@3V_HeapManager@@A   1002c178     libvcruntime:undname.obj
 0003:0000118c       ?module_handles@@3PAPAUHINSTANCE__@@A 1002c18c     libvcruntime:winapi_downlevel.obj
 0003:00001198       ?function_pointers@@3PAPAXA 1002c198     libvcruntime:winapi_downlevel.obj
 0003:000011ac       ?__acrt_invalid_parameter_handler@@3V?$dual_state_global@P6AXPB_W00II@Z@__crt_state_management@@A 1002c1ac     libucrt:invalid_parameter.obj
 0003:000011b0       ?c_termination_complete@@3JA 1002c1b0     libucrt:exit.obj
 0003:000011b4       ?thread_local_exit_callback_func@@3P6GXPAXK0@ZA 1002c1b4     libucrt:exit.obj
 0003:000011c0       ?program_name@?1???$common_configure_argv@D@@YAHW4_crt_argv_mode@@@Z@4PADA 1002c1c0     libucrt:argv_parsing.obj
 0003:000012f0       ?__acrt_new_handler@@3V?$dual_state_global@P6AHI@Z@__crt_state_management@@A 1002c2f0     libucrt:new_handler.obj
 0003:000012f8       ?module_handles@@3PAPAUHINSTANCE__@@A 1002c2f8     libucrt:winapi_thunks.obj
 0003:00001348       ?encoded_function_pointers@@3PAPAXA 1002c348     libucrt:winapi_thunks.obj
 0003:000013d0       ?internal_state@?1??_mbtowc_l@@9@4U_Mbstatet@@A 1002c3d0     libucrt:mbtowc.obj
 0003:000013e0       ?enable_percent_n@@3IA     1002c3e0     libucrt:printf_count_output.obj
 0003:00001600       ?__acrt_lock_table@@3PAU_RTL_CRITICAL_SECTION@@A 1002c600     libucrt:locks.obj
 0003:00001750       ?__acrt_locks_initialized@@3IA 1002c750     libucrt:locks.obj
 0003:00001760       ?fSystemSet@@3HA           1002c760     libucrt:mbctype.obj
 0003:00001764       ?initialized@?1??__acrt_initialize_multibyte@@9@4_NA 1002c764     libucrt:mbctype.obj
 0003:00001784       ?ctrlc_action@@3V?$dual_state_global@P6AXH@Z@__crt_state_management@@A 1002c784     libucrt:signal.obj
 0003:00001788       ?ctrlbreak_action@@3V?$dual_state_global@P6AXH@Z@__crt_state_management@@A 1002c788     libucrt:signal.obj
 0003:0000178c       ?abort_action@@3V?$dual_state_global@P6AXH@Z@__crt_state_management@@A 1002c78c     libucrt:signal.obj
 0003:00001790       ?term_action@@3V?$dual_state_global@P6AXH@Z@__crt_state_management@@A 1002c790     libucrt:signal.obj
 0003:00001794       ?user_matherr@@3V?$dual_state_global@P6AHPAU_exception@@@Z@__crt_state_management@@A 1002c794     libucrt:matherr.obj
 0003:00001798       ?__acrt_global_new_mode@@3V?$dual_state_global@J@__crt_state_management@@A 1002c798     libucrt:new_mode.obj
 0003:000017a4       ?internal_pst@?1??__mbrtoc32_utf8@__crt_mbstring@@YAIPA_UPBDIPAU_Mbstatet@@@Z@4U3@A 1002c7a4     libucrt:mbrtoc32.obj
 0003:000017ac       ?__acrt_app_type@@3W4_crt_app_type@@A 1002c7ac     libucrt:report_runtime_error.obj
 0003:000017b4       __pmatherr_set             1002c7b4     libucrt:libm_error.obj
 0004:00000220       $R000000                   1002d220     FiscalPrinter.res
 0004:00000bc8       $R0009A8                   1002dbc8     FiscalPrinter.res
 0004:00000cb0       $R000A90                   1002dcb0     FiscalPrinter.res
 0004:00000f18       $R000CF8                   1002df18     FiscalPrinter.res
 0004:000014d0       $R0012B0                   1002e4d0     FiscalPrinter.res
 0004:000098d8       $R0096B8                   100368d8     FiscalPrinter.res
 0004:00009918       $R0096F8                   10036918     FiscalPrinter.res
